<?xml version="1.0" encoding="UTF-8"?>
<testsuites>
	<testsuite errors="0" failures="0" file="tests/tests/cmis_client/test_base.py" name="tests.tests.cmis_client.test_base.CMISClientTests-20190424095502" skipped="0" tests="13" time="0.014" timestamp="2019-04-24T09:55:02">
		<testcase classname="tests.tests.cmis_client.test_base.CMISClientTests" file="tests/tests/cmis_client/test_base.py" line="44" name="test_cancel_checkout" time="0.008" timestamp="2019-04-24T09:55:02">
			<system-out>
<![CDATA[]]>			</system-out>
			<system-err>
<![CDATA[]]>			</system-err>
		</testcase>
		<testcase classname="tests.tests.cmis_client.test_base.CMISClientTests" file="tests/tests/cmis_client/test_base.py" line="40" name="test_checkout" time="0.000" timestamp="2019-04-24T09:55:02">
			<system-out>
<![CDATA[]]>			</system-out>
			<system-err>
<![CDATA[]]>			</system-err>
		</testcase>
		<testcase classname="tests.tests.cmis_client.test_base.CMISClientTests" file="tests/tests/cmis_client/test_base.py" line="12" name="test_creeer_zaakfolder" time="0.000" timestamp="2019-04-24T09:55:02">
			<system-out>
<![CDATA[]]>			</system-out>
			<system-err>
<![CDATA[]]>			</system-err>
		</testcase>
		<testcase classname="tests.tests.cmis_client.test_base.CMISClientTests" file="tests/tests/cmis_client/test_base.py" line="24" name="test_geef_inhoud" time="0.000" timestamp="2019-04-24T09:55:02">
			<system-out>
<![CDATA[]]>			</system-out>
			<system-err>
<![CDATA[]]>			</system-err>
		</testcase>
		<testcase classname="tests.tests.cmis_client.test_base.CMISClientTests" file="tests/tests/cmis_client/test_base.py" line="52" name="test_is_locked" time="0.000" timestamp="2019-04-24T09:55:02">
			<system-out>
<![CDATA[]]>			</system-out>
			<system-err>
<![CDATA[]]>			</system-err>
		</testcase>
		<testcase classname="tests.tests.cmis_client.test_base.CMISClientTests" file="tests/tests/cmis_client/test_base.py" line="16" name="test_maak_zaakdocument" time="0.001" timestamp="2019-04-24T09:55:02">
			<system-out>
<![CDATA[]]>			</system-out>
			<system-err>
<![CDATA[]]>			</system-err>
		</testcase>
		<testcase classname="tests.tests.cmis_client.test_base.CMISClientTests" file="tests/tests/cmis_client/test_base.py" line="20" name="test_maak_zaakdocument_met_inhoud" time="0.001" timestamp="2019-04-24T09:55:02">
			<system-out>
<![CDATA[]]>			</system-out>
			<system-err>
<![CDATA[]]>			</system-err>
		</testcase>
		<testcase classname="tests.tests.cmis_client.test_base.CMISClientTests" file="tests/tests/cmis_client/test_base.py" line="48" name="test_ontkoppel_zaakdocument" time="0.001" timestamp="2019-04-24T09:55:02">
			<system-out>
<![CDATA[]]>			</system-out>
			<system-err>
<![CDATA[]]>			</system-err>
		</testcase>
		<testcase classname="tests.tests.cmis_client.test_base.CMISClientTests" file="tests/tests/cmis_client/test_base.py" line="32" name="test_relateer_aan_zaak" time="0.001" timestamp="2019-04-24T09:55:02">
			<system-out>
<![CDATA[]]>			</system-out>
			<system-err>
<![CDATA[]]>			</system-err>
		</testcase>
		<testcase classname="tests.tests.cmis_client.test_base.CMISClientTests" file="tests/tests/cmis_client/test_base.py" line="60" name="test_sync" time="0.000" timestamp="2019-04-24T09:55:02">
			<system-out>
<![CDATA[]]>			</system-out>
			<system-err>
<![CDATA[]]>			</system-err>
		</testcase>
		<testcase classname="tests.tests.cmis_client.test_base.CMISClientTests" file="tests/tests/cmis_client/test_base.py" line="36" name="test_update_zaakdocument" time="0.000" timestamp="2019-04-24T09:55:02">
			<system-out>
<![CDATA[]]>			</system-out>
			<system-err>
<![CDATA[]]>			</system-err>
		</testcase>
		<testcase classname="tests.tests.cmis_client.test_base.CMISClientTests" file="tests/tests/cmis_client/test_base.py" line="56" name="test_verwijder_document" time="0.000" timestamp="2019-04-24T09:55:02">
			<system-out>
<![CDATA[]]>			</system-out>
			<system-err>
<![CDATA[]]>			</system-err>
		</testcase>
		<testcase classname="tests.tests.cmis_client.test_base.CMISClientTests" file="tests/tests/cmis_client/test_base.py" line="28" name="test_zet_inhoud" time="0.000" timestamp="2019-04-24T09:55:02">
			<system-out>
<![CDATA[]]>			</system-out>
			<system-err>
<![CDATA[]]>			</system-err>
		</testcase>
	</testsuite>
	<testsuite errors="0" failures="0" file="tests/tests/cmis_client/test_boomstructuur.py" name="tests.tests.cmis_client.test_boomstructuur.CMISClientTests-20190424095502" skipped="0" tests="2" time="0.620" timestamp="2019-04-24T09:55:02">
		<testcase classname="tests.tests.cmis_client.test_boomstructuur.CMISClientTests" file="tests/tests/cmis_client/test_boomstructuur.py" line="12" name="test_boomstructuur" time="0.306" timestamp="2019-04-24T09:55:02">
			<system-out>
<![CDATA[]]>			</system-out>
			<system-err>
<![CDATA[]]>			</system-err>
		</testcase>
		<testcase classname="tests.tests.cmis_client.test_boomstructuur.CMISClientTests" file="tests/tests/cmis_client/test_boomstructuur.py" line="43" name="test_boomstructuur_unique_name" time="0.314" timestamp="2019-04-24T09:55:02">
			<system-out>
<![CDATA[]]>			</system-out>
			<system-err>
<![CDATA[]]>			</system-err>
		</testcase>
	</testsuite>
	<testsuite errors="0" failures="0" file="tests/tests/cmis_client/test_check_lock.py" name="tests.tests.cmis_client.test_check_lock.CMISClientTests-20190424095502" skipped="0" tests="3" time="3.898" timestamp="2019-04-24T09:55:06">
		<testcase classname="tests.tests.cmis_client.test_check_lock.CMISClientTests" file="tests/tests/cmis_client/test_check_lock.py" line="29" name="test_check_lock_status_locked" time="1.055" timestamp="2019-04-24T09:55:03">
			<system-out>
<![CDATA[]]>			</system-out>
			<system-err>
<![CDATA[]]>			</system-err>
		</testcase>
		<testcase classname="tests.tests.cmis_client.test_check_lock.CMISClientTests" file="tests/tests/cmis_client/test_check_lock.py" line="20" name="test_check_lock_status_unlocked" time="0.924" timestamp="2019-04-24T09:55:04">
			<system-out>
<![CDATA[]]>			</system-out>
			<system-err>
<![CDATA[]]>			</system-err>
		</testcase>
		<testcase classname="tests.tests.cmis_client.test_check_lock.CMISClientTests" file="tests/tests/cmis_client/test_check_lock.py" line="39" name="test_create_lock_update_flow" time="1.920" timestamp="2019-04-24T09:55:06">
			<system-out>
<![CDATA[]]>			</system-out>
			<system-err>
<![CDATA[]]>			</system-err>
		</testcase>
	</testsuite>
	<testsuite errors="0" failures="0" file="tests/tests/cmis_client/test_checkout.py" name="tests.tests.cmis_client.test_checkout.CMISClientTests-20190424095502" skipped="0" tests="4" time="3.605" timestamp="2019-04-24T09:55:10">
		<testcase classname="tests.tests.cmis_client.test_checkout.CMISClientTests" file="tests/tests/cmis_client/test_checkout.py" line="46" name="test_cancel_checkout" time="1.131" timestamp="2019-04-24T09:55:07">
			<system-out>
<![CDATA[]]>			</system-out>
			<system-err>
<![CDATA[]]>			</system-err>
		</testcase>
		<testcase classname="tests.tests.cmis_client.test_checkout.CMISClientTests" file="tests/tests/cmis_client/test_checkout.py" line="64" name="test_cancel_checkout_invalid_checkout_id" time="0.757" timestamp="2019-04-24T09:55:08">
			<system-out>
<![CDATA[]]>			</system-out>
			<system-err>
<![CDATA[]]>			</system-err>
		</testcase>
		<testcase classname="tests.tests.cmis_client.test_checkout.CMISClientTests" file="tests/tests/cmis_client/test_checkout.py" line="18" name="test_checkout" time="0.879" timestamp="2019-04-24T09:55:09">
			<system-out>
<![CDATA[]]>			</system-out>
			<system-err>
<![CDATA[]]>			</system-err>
		</testcase>
		<testcase classname="tests.tests.cmis_client.test_checkout.CMISClientTests" file="tests/tests/cmis_client/test_checkout.py" line="36" name="test_checkout_checked_out_doc" time="0.837" timestamp="2019-04-24T09:55:10">
			<system-out>
<![CDATA[]]>			</system-out>
			<system-err>
<![CDATA[Error content: b'<html><head><title>Apache Chemistry OpenCMIS - versioning error</title><style><!--H1 {font-size:24px;line-height:normal;font-weight:bold;background-color:#f0f0f0;color:#003366;border-bottom:1px solid #3c78b5;padding:2px;} BODY {font-family:Verdana,arial,sans-serif;color:black;font-size:14px;} HR {color:#3c78b5;height:1px;}--></style></head><body><h1>HTTP Status 409 - <!--exception-->versioning<!--/exception--></h1><p><!--message-->Check out failed: 03240120 This node is already checked out.<!--/message--></p></body></html>'
]]>			</system-err>
		</testcase>
	</testsuite>
	<testsuite errors="0" failures="0" file="tests/tests/cmis_client/test_client_init.py" name="tests.tests.cmis_client.test_client_init.TestClientTests-20190424095502" skipped="0" tests="1" time="0.602" timestamp="2019-04-24T09:55:11">
		<testcase classname="tests.tests.cmis_client.test_client_init.TestClientTests" file="tests/tests/cmis_client/test_client_init.py" line="18" name="test_init_test_client" time="0.602" timestamp="2019-04-24T09:55:11">
			<system-out>
<![CDATA[]]>			</system-out>
			<system-err>
<![CDATA[]]>			</system-err>
		</testcase>
	</testsuite>
	<testsuite errors="0" failures="0" file="tests/tests/cmis_client/test_folders.py" name="tests.tests.cmis_client.test_folders.CMISClientTests-20190424095502" skipped="0" tests="4" time="1.392" timestamp="2019-04-24T09:55:12">
		<testcase classname="tests.tests.cmis_client.test_folders.CMISClientTests" file="tests/tests/cmis_client/test_folders.py" line="58" name="test_get_folder_name_no_name" time="0.336" timestamp="2019-04-24T09:55:11">
			<system-out>
<![CDATA[]]>			</system-out>
			<system-err>
<![CDATA[]]>			</system-err>
		</testcase>
		<testcase classname="tests.tests.cmis_client.test_folders.CMISClientTests" file="tests/tests/cmis_client/test_folders.py" line="38" name="test_get_folder_name_with_name" time="0.249" timestamp="2019-04-24T09:55:11">
			<system-out>
<![CDATA[]]>			</system-out>
			<system-err>
<![CDATA[]]>			</system-err>
		</testcase>
		<testcase classname="tests.tests.cmis_client.test_folders.CMISClientTests" file="tests/tests/cmis_client/test_folders.py" line="48" name="test_get_folder_name_zaak_folder" time="0.265" timestamp="2019-04-24T09:55:11">
			<system-out>
<![CDATA[]]>			</system-out>
			<system-err>
<![CDATA[]]>			</system-err>
		</testcase>
		<testcase classname="tests.tests.cmis_client.test_folders.CMISClientTests" file="tests/tests/cmis_client/test_folders.py" line="15" name="test_get_or_create_folder" time="0.542" timestamp="2019-04-24T09:55:12">
			<system-out>
<![CDATA[]]>			</system-out>
			<system-err>
<![CDATA[]]>			</system-err>
		</testcase>
	</testsuite>
	<testsuite errors="0" failures="0" file="tests/tests/cmis_client/test_sync.py" name="tests.tests.cmis_client.test_sync.CMISClientTests-20190424095502" skipped="0" tests="4" time="79.897" timestamp="2019-04-24T09:56:32">
		<testcase classname="tests.tests.cmis_client.test_sync.CMISClientTests" file="tests/tests/cmis_client/test_sync.py" line="22" name="test_run_sync" time="43.042" timestamp="2019-04-24T09:55:55">
			<system-out>
<![CDATA[]]>			</system-out>
			<system-err>
<![CDATA[[http://chemistry.apache.org/YmZmMGRiZWQtMzlkZC00NDAzLWE5ZGUtNjliODdlNzQ5NjM3-bff0dbed-39dd-4403-a9de-69b87e749637] Object was created but could not be found in the DRC.
[http://chemistry.apache.org/NGNjOTgzOTYtNzYwMi00YWI2LWFlYzMtZGZhMWE5YzRlMGJh-4cc98396-7602-4ab6-aec3-dfa1a9c4e0ba] Object was created but could not be found in the DRC.
[http://chemistry.apache.org/NjhmN2U4YTYtODBkYy00N2UzLWJhYjQtNjVhOGU5ZmY2MDdh-68f7e8a6-80dc-47e3-bab4-65a8e9ff607a] Object was created but could not be found in the DRC.
[http://chemistry.apache.org/NjhmN2U4YTYtODBkYy00N2UzLWJhYjQtNjVhOGU5ZmY2MDdh-68f7e8a6-80dc-47e3-bab4-65a8e9ff607a] Object was deleted but could not be found in the ZRC.
[http://chemistry.apache.org/NGNjOTgzOTYtNzYwMi00YWI2LWFlYzMtZGZhMWE5YzRlMGJh-4cc98396-7602-4ab6-aec3-dfa1a9c4e0ba] Object was deleted but could not be found in the ZRC.
[http://chemistry.apache.org/OGFhYmUxYTktMjAxYy00ZTA4LTllNGMtNjk0YmNiZTMyYTg5-8aabe1a9-201c-4e08-9e4c-694bcbe32a89] Object was created but could not be found in the DRC.
[http://chemistry.apache.org/MGU0MWRmY2MtZDA0YS00ZTljLTk4OTQtYjZjMDNkZGE5NWMy-0e41dfcc-d04a-4e9c-9894-b6c03dda95c2] Object was created but could not be found in the DRC.
[http://chemistry.apache.org/MGU0MWRmY2MtZDA0YS00ZTljLTk4OTQtYjZjMDNkZGE5NWMy-0e41dfcc-d04a-4e9c-9894-b6c03dda95c2] Object was deleted but could not be found in the ZRC.
[http://chemistry.apache.org/OGFhYmUxYTktMjAxYy00ZTA4LTllNGMtNjk0YmNiZTMyYTg5-8aabe1a9-201c-4e08-9e4c-694bcbe32a89] Object was deleted but could not be found in the ZRC.
[http://chemistry.apache.org/NmMyOTgzZmYtMzc1OS00NTVlLWI0YzUtODRjZTIwZGRjMWU3-6c2983ff-3759-455e-b4c5-84ce20ddc1e7] Object was created but could not be found in the DRC.
[http://chemistry.apache.org/NjVkNzhlMTMtZTgwOC00M2RmLTliZmUtYTAyYTI4OTU5Zjgx-65d78e13-e808-43df-9bfe-a02a28959f81] Object was created but could not be found in the DRC.
[http://chemistry.apache.org/NjVkNzhlMTMtZTgwOC00M2RmLTliZmUtYTAyYTI4OTU5Zjgx-65d78e13-e808-43df-9bfe-a02a28959f81] Object was deleted but could not be found in the ZRC.
[http://chemistry.apache.org/NmMyOTgzZmYtMzc1OS00NTVlLWI0YzUtODRjZTIwZGRjMWU3-6c2983ff-3759-455e-b4c5-84ce20ddc1e7] Object was deleted but could not be found in the ZRC.
[http://chemistry.apache.org/M2E1MDdhMzItMWQyMy00YTRjLWE3ZWYtNzA3MzkxYzAxNzI1-3a507a32-1d23-4a4c-a7ef-707391c01725] Object was created but could not be found in the DRC.
[http://chemistry.apache.org/NGEyN2JlNmMtNzIwOS00NjIxLTlhMzMtNzJhNzVkYmIxMGQ1-4a27be6c-7209-4621-9a33-72a75dbb10d5] Object was created but could not be found in the DRC.
[http://chemistry.apache.org/NGEyN2JlNmMtNzIwOS00NjIxLTlhMzMtNzJhNzVkYmIxMGQ1-4a27be6c-7209-4621-9a33-72a75dbb10d5] Object was deleted but could not be found in the ZRC.
[http://chemistry.apache.org/M2E1MDdhMzItMWQyMy00YTRjLWE3ZWYtNzA3MzkxYzAxNzI1-3a507a32-1d23-4a4c-a7ef-707391c01725] Object was deleted but could not be found in the ZRC.
[http://chemistry.apache.org/MjdhNWZiNWQtMjRiZS00ZTA2LWEyZDUtNzkzMGIyMDZhNTcz-27a5fb5d-24be-4e06-a2d5-7930b206a573] Object was created but could not be found in the DRC.
[http://chemistry.apache.org/MWViOGNiOTItMWE2Zi00Y2Q3LThkMDMtNDEyYWU3MGIzNTI0-1eb8cb92-1a6f-4cd7-8d03-412ae70b3524] Object was created but could not be found in the DRC.
[http://chemistry.apache.org/MWZiMGQyMTgtZGY0OC00MzliLTg5NTMtY2I1YmZhMTU5OGRiOzEuMA==-1fb0d218-df48-439b-8953-cb5bfa1598db] Object was created but could not be found in the DRC.
[http://chemistry.apache.org/MWZiMGQyMTgtZGY0OC00MzliLTg5NTMtY2I1YmZhMTU5OGRiOzEuMA==-1fb0d218-df48-439b-8953-cb5bfa1598db] Object was updated but could not be found in the DRC.
[http://chemistry.apache.org/N2MyYjVmYzQtNDcyOS00NmZlLWJkM2ItZDdkY2JkYzkzYzA0OzEuMA==-7c2b5fc4-4729-46fe-bd3b-d7dcbdc93c04] Object was created but could not be found in the DRC.
[http://chemistry.apache.org/N2MyYjVmYzQtNDcyOS00NmZlLWJkM2ItZDdkY2JkYzkzYzA0OzEuMA==-7c2b5fc4-4729-46fe-bd3b-d7dcbdc93c04] Object was updated but could not be found in the DRC.
[http://chemistry.apache.org/N2MyYjVmYzQtNDcyOS00NmZlLWJkM2ItZDdkY2JkYzkzYzA0OzEuMA==-7c2b5fc4-4729-46fe-bd3b-d7dcbdc93c04] Object was deleted but could not be found in the ZRC.
[http://chemistry.apache.org/MTA2NzU1M2QtYWM0My00MTk0LWI1MTQtNjNjODk0NGIxNWFkOzEuMA==-1067553d-ac43-4194-b514-63c8944b15ad] Object was created but could not be found in the DRC.
[http://chemistry.apache.org/MTA2NzU1M2QtYWM0My00MTk0LWI1MTQtNjNjODk0NGIxNWFkOzEuMA==-1067553d-ac43-4194-b514-63c8944b15ad] Object was updated but could not be found in the DRC.
[http://chemistry.apache.org/MWZiMGQyMTgtZGY0OC00MzliLTg5NTMtY2I1YmZhMTU5OGRiOzEuMA==-1fb0d218-df48-439b-8953-cb5bfa1598db] Object was deleted but could not be found in the ZRC.
[http://chemistry.apache.org/MTA2NzU1M2QtYWM0My00MTk0LWI1MTQtNjNjODk0NGIxNWFkOzEuMA==-1067553d-ac43-4194-b514-63c8944b15ad] Object was deleted but could not be found in the ZRC.
[http://chemistry.apache.org/MWViOGNiOTItMWE2Zi00Y2Q3LThkMDMtNDEyYWU3MGIzNTI0-1eb8cb92-1a6f-4cd7-8d03-412ae70b3524] Object was deleted but could not be found in the ZRC.
[http://chemistry.apache.org/MjdhNWZiNWQtMjRiZS00ZTA2LWEyZDUtNzkzMGIyMDZhNTcz-27a5fb5d-24be-4e06-a2d5-7930b206a573] Object was deleted but could not be found in the ZRC.
[http://chemistry.apache.org/MTI4NTZiOWUtYWJlNC00ODc1LWFlM2YtOTNiMjA4YjUzMTQy-12856b9e-abe4-4875-ae3f-93b208b53142] Object was created but could not be found in the DRC.
[http://chemistry.apache.org/MmQyNmJiNjMtMGQyZC00NGE3LThhN2YtMWU4NDQ5NTgxMTFi-2d26bb63-0d2d-44a7-8a7f-1e844958111b] Object was created but could not be found in the DRC.
[http://chemistry.apache.org/NjIwMWU0YjYtNTQ5ZS00ZTI1LWE5OWMtNWE4YjI3MTM5ZWMxOzEuMA==-6201e4b6-549e-4e25-a99c-5a8b27139ec1] Object was created but could not be found in the DRC.
[http://chemistry.apache.org/NjIwMWU0YjYtNTQ5ZS00ZTI1LWE5OWMtNWE4YjI3MTM5ZWMxOzEuMA==-6201e4b6-549e-4e25-a99c-5a8b27139ec1] Object was updated but could not be found in the DRC.
[http://chemistry.apache.org/OGQ0MmEzMjktOWE1My00MjY5LWJhM2UtNDNhMmIyNDE1MDUxOzEuMA==-8d42a329-9a53-4269-ba3e-43a2b2415051] Object was created but could not be found in the DRC.
[http://chemistry.apache.org/OGQ0MmEzMjktOWE1My00MjY5LWJhM2UtNDNhMmIyNDE1MDUxOzEuMA==-8d42a329-9a53-4269-ba3e-43a2b2415051] Object was updated but could not be found in the DRC.
[http://chemistry.apache.org/NjIwMWU0YjYtNTQ5ZS00ZTI1LWE5OWMtNWE4YjI3MTM5ZWMxOzEuMA==-6201e4b6-549e-4e25-a99c-5a8b27139ec1] Object was deleted but could not be found in the ZRC.
[http://chemistry.apache.org/OGQ0MmEzMjktOWE1My00MjY5LWJhM2UtNDNhMmIyNDE1MDUxOzEuMA==-8d42a329-9a53-4269-ba3e-43a2b2415051] Object was deleted but could not be found in the ZRC.
[http://chemistry.apache.org/MmQyNmJiNjMtMGQyZC00NGE3LThhN2YtMWU4NDQ5NTgxMTFi-2d26bb63-0d2d-44a7-8a7f-1e844958111b] Object was deleted but could not be found in the ZRC.
[http://chemistry.apache.org/MTI4NTZiOWUtYWJlNC00ODc1LWFlM2YtOTNiMjA4YjUzMTQy-12856b9e-abe4-4875-ae3f-93b208b53142] Object was deleted but could not be found in the ZRC.
[http://chemistry.apache.org/NjQwYzI4ZDctYzk3MS00OGE4LTk5NjUtODI4MjIzZDdmMDA2-640c28d7-c971-48a8-9965-828223d7f006] Object was created but could not be found in the DRC.
[http://chemistry.apache.org/NzViM2JjZGQtOGY2Ni00NjUzLThlMDAtYTNhZGNhNThlMTI0-75b3bcdd-8f66-4653-8e00-a3adca58e124] Object was created but could not be found in the DRC.
[http://chemistry.apache.org/MDcyNTcxNzQtZjljMi00MDQ0LTkwNmYtZGI5ZGY3YzNkZDBhOzEuMA==-07257174-f9c2-4044-906f-db9df7c3dd0a] Object was created but could not be found in the DRC.
[http://chemistry.apache.org/MDcyNTcxNzQtZjljMi00MDQ0LTkwNmYtZGI5ZGY3YzNkZDBhOzEuMA==-07257174-f9c2-4044-906f-db9df7c3dd0a] Object was updated but could not be found in the DRC.
[http://chemistry.apache.org/N2Y5OTMyOGUtOTU3ZS00OTg2LTk4NTYtOTc3ZmJhOGJhYTliOzEuMA==-7f99328e-957e-4986-9856-977fba8baa9b] Object was created but could not be found in the DRC.
[http://chemistry.apache.org/N2Y5OTMyOGUtOTU3ZS00OTg2LTk4NTYtOTc3ZmJhOGJhYTliOzEuMA==-7f99328e-957e-4986-9856-977fba8baa9b] Object was updated but could not be found in the DRC.
[http://chemistry.apache.org/MDcyNTcxNzQtZjljMi00MDQ0LTkwNmYtZGI5ZGY3YzNkZDBhOzEuMA==-07257174-f9c2-4044-906f-db9df7c3dd0a] Object was deleted but could not be found in the ZRC.
[http://chemistry.apache.org/N2Y5OTMyOGUtOTU3ZS00OTg2LTk4NTYtOTc3ZmJhOGJhYTliOzEuMA==-7f99328e-957e-4986-9856-977fba8baa9b] Object was deleted but could not be found in the ZRC.
[http://chemistry.apache.org/NzViM2JjZGQtOGY2Ni00NjUzLThlMDAtYTNhZGNhNThlMTI0-75b3bcdd-8f66-4653-8e00-a3adca58e124] Object was deleted but could not be found in the ZRC.
[http://chemistry.apache.org/NjQwYzI4ZDctYzk3MS00OGE4LTk5NjUtODI4MjIzZDdmMDA2-640c28d7-c971-48a8-9965-828223d7f006] Object was deleted but could not be found in the ZRC.
[http://chemistry.apache.org/ZTMwMjU5MDUtNzU4NS00YThjLWJkYTgtODA4YTczZjY3ZDZk-e3025905-7585-4a8c-bda8-808a73f67d6d] Object was created but could not be found in the DRC.
[http://chemistry.apache.org/NTBiNmFjMTQtZTc2Yy00ODg1LTg3NjAtODA0ODM3OWU4YjQz-50b6ac14-e76c-4885-8760-8048379e8b43] Object was created but could not be found in the DRC.
[http://chemistry.apache.org/OWViZWVhMDMtOGI4ZC00N2I3LWFiYWUtNDc5MWFiMzhmODkxOzEuMA==-9ebeea03-8b8d-47b7-abae-4791ab38f891] Object was created but could not be found in the DRC.
[http://chemistry.apache.org/OWViZWVhMDMtOGI4ZC00N2I3LWFiYWUtNDc5MWFiMzhmODkxOzEuMA==-9ebeea03-8b8d-47b7-abae-4791ab38f891] Object was updated but could not be found in the DRC.
[http://chemistry.apache.org/OGIwZGNiNWQtYmEzZC00YzRiLTgyMzYtMDJjZmEzYTA2ZTAyOzEuMA==-8b0dcb5d-ba3d-4c4b-8236-02cfa3a06e02] Object was created but could not be found in the DRC.
[http://chemistry.apache.org/OGIwZGNiNWQtYmEzZC00YzRiLTgyMzYtMDJjZmEzYTA2ZTAyOzEuMA==-8b0dcb5d-ba3d-4c4b-8236-02cfa3a06e02] Object was updated but could not be found in the DRC.
[http://chemistry.apache.org/OWViZWVhMDMtOGI4ZC00N2I3LWFiYWUtNDc5MWFiMzhmODkxOzEuMA==-9ebeea03-8b8d-47b7-abae-4791ab38f891] Object was deleted but could not be found in the ZRC.
[http://chemistry.apache.org/OGIwZGNiNWQtYmEzZC00YzRiLTgyMzYtMDJjZmEzYTA2ZTAyOzEuMA==-8b0dcb5d-ba3d-4c4b-8236-02cfa3a06e02] Object was deleted but could not be found in the ZRC.
[http://chemistry.apache.org/NTBiNmFjMTQtZTc2Yy00ODg1LTg3NjAtODA0ODM3OWU4YjQz-50b6ac14-e76c-4885-8760-8048379e8b43] Object was deleted but could not be found in the ZRC.
[http://chemistry.apache.org/ZTMwMjU5MDUtNzU4NS00YThjLWJkYTgtODA4YTczZjY3ZDZk-e3025905-7585-4a8c-bda8-808a73f67d6d] Object was deleted but could not be found in the ZRC.
[http://chemistry.apache.org/MzZmOWJlY2UtNGU5MS00ZjkwLWFjYTktNGY5OWUxYjFjZTU4-36f9bece-4e91-4f90-aca9-4f99e1b1ce58] Object was created but could not be found in the DRC.
[http://chemistry.apache.org/NTkyZTRmNjYtNTJhMy00NjZmLWJjN2YtMzg1ZDBhNmI5ZThj-592e4f66-52a3-466f-bc7f-385d0a6b9e8c] Object was created but could not be found in the DRC.
[http://chemistry.apache.org/NTkyZTRmNjYtNTJhMy00NjZmLWJjN2YtMzg1ZDBhNmI5ZThj-592e4f66-52a3-466f-bc7f-385d0a6b9e8c] Object was deleted but could not be found in the ZRC.
[http://chemistry.apache.org/MzZmOWJlY2UtNGU5MS00ZjkwLWFjYTktNGY5OWUxYjFjZTU4-36f9bece-4e91-4f90-aca9-4f99e1b1ce58] Object was deleted but could not be found in the ZRC.
[http://chemistry.apache.org/NjU2NjkzMTEtOGJlMy00MjEzLThlOTgtMzg2ODEzMGE4ODQ2-65669311-8be3-4213-8e98-3868130a8846] Object was created but could not be found in the DRC.
[http://chemistry.apache.org/N2I1NWU2N2EtNTdkNy00MWYwLWEzODAtNmQ3MDEwMzcyZDA3-7b55e67a-57d7-41f0-a380-6d7010372d07] Object was created but could not be found in the DRC.
[http://chemistry.apache.org/N2I1NWU2N2EtNTdkNy00MWYwLWEzODAtNmQ3MDEwMzcyZDA3-7b55e67a-57d7-41f0-a380-6d7010372d07] Object was deleted but could not be found in the ZRC.
[http://chemistry.apache.org/NjU2NjkzMTEtOGJlMy00MjEzLThlOTgtMzg2ODEzMGE4ODQ2-65669311-8be3-4213-8e98-3868130a8846] Object was deleted but could not be found in the ZRC.
[http://chemistry.apache.org/YzBkNTRlNTctZDI2YS00ZmM1LWI1OTAtNzhiNzE4MWUzYTM3-c0d54e57-d26a-4fc5-b590-78b7181e3a37] Object was created but could not be found in the DRC.
[http://chemistry.apache.org/NWFjYWRmNjgtOWZjZi00ZTJkLWIwZjItNmEzYjM1MjkyZWUx-5acadf68-9fcf-4e2d-b0f2-6a3b35292ee1] Object was created but could not be found in the DRC.
[http://chemistry.apache.org/Mjk1NTVjMmYtY2JmMC00NWE4LWJhY2EtMWU5NjM3ZWI2Zjhj-29555c2f-cbf0-45a8-baca-1e9637eb6f8c] Object was created but could not be found in the DRC.
[http://chemistry.apache.org/OWI0YmY2YTMtZmNiMy00NWRmLWI1ZWEtZjZlYWFlMmYwMGJiOzEuMA==-9b4bf6a3-fcb3-45df-b5ea-f6eaae2f00bb] Object was created but could not be found in the DRC.
[http://chemistry.apache.org/OWI0YmY2YTMtZmNiMy00NWRmLWI1ZWEtZjZlYWFlMmYwMGJiOzEuMA==-9b4bf6a3-fcb3-45df-b5ea-f6eaae2f00bb] Object was updated but could not be found in the DRC.
[http://chemistry.apache.org/MWJlYWM5MjgtYzNhOS00MzE5LWJkZGYtOGIxNDg0NzMyZjA3OzEuMA==-1beac928-c3a9-4319-bddf-8b1484732f07] Object was created but could not be found in the DRC.
[http://chemistry.apache.org/MWJlYWM5MjgtYzNhOS00MzE5LWJkZGYtOGIxNDg0NzMyZjA3OzEuMA==-1beac928-c3a9-4319-bddf-8b1484732f07] Object was updated but could not be found in the DRC.
[http://chemistry.apache.org/NWFjYWRmNjgtOWZjZi00ZTJkLWIwZjItNmEzYjM1MjkyZWUx-5acadf68-9fcf-4e2d-b0f2-6a3b35292ee1] Object was deleted but could not be found in the ZRC.
[http://chemistry.apache.org/YzBkNTRlNTctZDI2YS00ZmM1LWI1OTAtNzhiNzE4MWUzYTM3-c0d54e57-d26a-4fc5-b590-78b7181e3a37] Object was deleted but could not be found in the ZRC.
[http://chemistry.apache.org/NzNiYzIyYWUtM2VkMC00OGNkLThmZWEtNTQ2NzliOGNkYjk4-73bc22ae-3ed0-48cd-8fea-54679b8cdb98] Object was created but could not be found in the DRC.
[http://chemistry.apache.org/MmM0YzExMTQtYjg5Yi00ZDE5LTgwY2YtYWU1YmZkZGI4YzZm-2c4c1114-b89b-4d19-80cf-ae5bfddb8c6f] Object was created but could not be found in the DRC.
[http://chemistry.apache.org/MmM0YzExMTQtYjg5Yi00ZDE5LTgwY2YtYWU1YmZkZGI4YzZm-2c4c1114-b89b-4d19-80cf-ae5bfddb8c6f] Object was deleted but could not be found in the ZRC.
[http://chemistry.apache.org/NzNiYzIyYWUtM2VkMC00OGNkLThmZWEtNTQ2NzliOGNkYjk4-73bc22ae-3ed0-48cd-8fea-54679b8cdb98] Object was deleted but could not be found in the ZRC.
[http://chemistry.apache.org/Mjc3ZDlhNTMtYTk1NS00N2Y4LTk4Y2EtYTE0Nzk1YjljOGI1-277d9a53-a955-47f8-98ca-a14795b9c8b5] Object was created but could not be found in the DRC.
[http://chemistry.apache.org/NjM4OTBiODEtNjFmMi00MDM4LWI4OWMtY2NmMWRmMmViMGJh-63890b81-61f2-4038-b89c-ccf1df2eb0ba] Object was created but could not be found in the DRC.
[http://chemistry.apache.org/NjM4OTBiODEtNjFmMi00MDM4LWI4OWMtY2NmMWRmMmViMGJh-63890b81-61f2-4038-b89c-ccf1df2eb0ba] Object was deleted but could not be found in the ZRC.
[http://chemistry.apache.org/Mjc3ZDlhNTMtYTk1NS00N2Y4LTk4Y2EtYTE0Nzk1YjljOGI1-277d9a53-a955-47f8-98ca-a14795b9c8b5] Object was deleted but could not be found in the ZRC.
[http://chemistry.apache.org/YjJmNmVkMDYtNTIwZS00NzQ2LWEzYzQtNzkxNTY2Yjk2ZjA0-b2f6ed06-520e-4746-a3c4-791566b96f04] Object was created but could not be found in the DRC.
[http://chemistry.apache.org/MDQwMTI2YTEtOWM0ZC00OTZiLWE4NjctZDU3NDc2ZjExOGU1-040126a1-9c4d-496b-a867-d57476f118e5] Object was created but could not be found in the DRC.
[http://chemistry.apache.org/MDQwMTI2YTEtOWM0ZC00OTZiLWE4NjctZDU3NDc2ZjExOGU1-040126a1-9c4d-496b-a867-d57476f118e5] Object was deleted but could not be found in the ZRC.
[http://chemistry.apache.org/YjJmNmVkMDYtNTIwZS00NzQ2LWEzYzQtNzkxNTY2Yjk2ZjA0-b2f6ed06-520e-4746-a3c4-791566b96f04] Object was deleted but could not be found in the ZRC.
[http://chemistry.apache.org/N2Y2NDI2OTQtMThjNC00Y2VmLWIwMTgtNjMwMjUyNmMxOTA4-7f642694-18c4-4cef-b018-6302526c1908] Object was created but could not be found in the DRC.
[http://chemistry.apache.org/YjBlODAyMzMtY2E0ZC00ZjRjLWI4YTgtNGY3ODU2NTU1ZGU3-b0e80233-ca4d-4f4c-b8a8-4f7856555de7] Object was created but could not be found in the DRC.
[http://chemistry.apache.org/YjBlODAyMzMtY2E0ZC00ZjRjLWI4YTgtNGY3ODU2NTU1ZGU3-b0e80233-ca4d-4f4c-b8a8-4f7856555de7] Object was deleted but could not be found in the ZRC.
[http://chemistry.apache.org/N2Y2NDI2OTQtMThjNC00Y2VmLWIwMTgtNjMwMjUyNmMxOTA4-7f642694-18c4-4cef-b018-6302526c1908] Object was deleted but could not be found in the ZRC.
[http://chemistry.apache.org/ODUxNmQzMWItNjJmZi00MmMxLTg5MGQtZGFkMmFkMDcxMzQx-8516d31b-62ff-42c1-890d-dad2ad071341] Object was created but could not be found in the DRC.
[http://chemistry.apache.org/MDEyYjlmZTctN2RhYS00NTA5LTgzMTctNDI4ZWQ3M2JmZmNm-012b9fe7-7daa-4509-8317-428ed73bffcf] Object was created but could not be found in the DRC.
[http://chemistry.apache.org/MDEyYjlmZTctN2RhYS00NTA5LTgzMTctNDI4ZWQ3M2JmZmNm-012b9fe7-7daa-4509-8317-428ed73bffcf] Object was deleted but could not be found in the ZRC.
[http://chemistry.apache.org/ODUxNmQzMWItNjJmZi00MmMxLTg5MGQtZGFkMmFkMDcxMzQx-8516d31b-62ff-42c1-890d-dad2ad071341] Object was deleted but could not be found in the ZRC.
[http://chemistry.apache.org/ZDQ5M2MwNTgtNDEyMS00Y2E2LWI4ZjAtMTgxMzk5ZWM0NGJl-d493c058-4121-4ca6-b8f0-181399ec44be] Object was created but could not be found in the DRC.
[http://chemistry.apache.org/NjdjY2M3NjYtNmVjMi00OWFjLThjYWEtZTY3ZWNjZTk0YzQ3-67ccc766-6ec2-49ac-8caa-e67ecce94c47] Object was created but could not be found in the DRC.
[http://chemistry.apache.org/NjdjY2M3NjYtNmVjMi00OWFjLThjYWEtZTY3ZWNjZTk0YzQ3-67ccc766-6ec2-49ac-8caa-e67ecce94c47] Object was deleted but could not be found in the ZRC.
[http://chemistry.apache.org/ZDQ5M2MwNTgtNDEyMS00Y2E2LWI4ZjAtMTgxMzk5ZWM0NGJl-d493c058-4121-4ca6-b8f0-181399ec44be] Object was deleted but could not be found in the ZRC.
[http://chemistry.apache.org/MGQ2YmYxNjYtYjczNi00MDg3LWFiMzEtZjZlNjMwMGRjMDk0-0d6bf166-b736-4087-ab31-f6e6300dc094] Object was created but could not be found in the DRC.
[http://chemistry.apache.org/MjBlZjhkOTYtNWY3Ni00ZjdkLTg5M2YtYjQzOWRjMDU1ZmVh-20ef8d96-5f76-4f7d-893f-b439dc055fea] Object was created but could not be found in the DRC.
[http://chemistry.apache.org/MjBlZjhkOTYtNWY3Ni00ZjdkLTg5M2YtYjQzOWRjMDU1ZmVh-20ef8d96-5f76-4f7d-893f-b439dc055fea] Object was deleted but could not be found in the ZRC.
[http://chemistry.apache.org/MGQ2YmYxNjYtYjczNi00MDg3LWFiMzEtZjZlNjMwMGRjMDk0-0d6bf166-b736-4087-ab31-f6e6300dc094] Object was deleted but could not be found in the ZRC.
[http://chemistry.apache.org/NWZjZWY4ZDItMjRhYy00N2VkLWI5NjktZmZlZjZjN2RjMzhi-5fcef8d2-24ac-47ed-b969-ffef6c7dc38b] Object was created but could not be found in the DRC.
[http://chemistry.apache.org/OTRhNTQ4ODctNWI3MC00ZGJjLWJkNWEtZGYzYTdjMThjOWQx-94a54887-5b70-4dbc-bd5a-df3a7c18c9d1] Object was created but could not be found in the DRC.
[http://chemistry.apache.org/OTRhNTQ4ODctNWI3MC00ZGJjLWJkNWEtZGYzYTdjMThjOWQx-94a54887-5b70-4dbc-bd5a-df3a7c18c9d1] Object was deleted but could not be found in the ZRC.
[http://chemistry.apache.org/NWZjZWY4ZDItMjRhYy00N2VkLWI5NjktZmZlZjZjN2RjMzhi-5fcef8d2-24ac-47ed-b969-ffef6c7dc38b] Object was deleted but could not be found in the ZRC.
[http://chemistry.apache.org/ZWY2NjU1NDktYmQ2MC00MDU4LWJjZmMtZDI1YmFkZTJiYjM3-ef665549-bd60-4058-bcfc-d25bade2bb37] Object was created but could not be found in the DRC.
[http://chemistry.apache.org/YjM2OGU3ZjctN2MyNS00Y2M1LTlhNzctYzlhMWMzMTQ1NjVi-b368e7f7-7c25-4cc5-9a77-c9a1c314565b] Object was created but could not be found in the DRC.
[http://chemistry.apache.org/YjM2OGU3ZjctN2MyNS00Y2M1LTlhNzctYzlhMWMzMTQ1NjVi-b368e7f7-7c25-4cc5-9a77-c9a1c314565b] Object was deleted but could not be found in the ZRC.
[http://chemistry.apache.org/ZWY2NjU1NDktYmQ2MC00MDU4LWJjZmMtZDI1YmFkZTJiYjM3-ef665549-bd60-4058-bcfc-d25bade2bb37] Object was deleted but could not be found in the ZRC.
[http://chemistry.apache.org/MjgyNjYxNjEtMDJkYy00ZWQyLTgzZGItNzE2ZmYyZDNkZGVl-28266161-02dc-4ed2-83db-716ff2d3ddee] Object was created but could not be found in the DRC.
[http://chemistry.apache.org/M2NmNGQ1MmItY2ViOC00OTFjLThjMDAtMGMyODJhOTJhODIw-3cf4d52b-ceb8-491c-8c00-0c282a92a820] Object was created but could not be found in the DRC.
[http://chemistry.apache.org/NjhjODliY2QtMzViNi00MTM3LTkwNDktNzNmNzUxNWQ2MmJl-68c89bcd-35b6-4137-9049-73f7515d62be] Object was created but could not be found in the DRC.
[http://chemistry.apache.org/M2NmNGQ1MmItY2ViOC00OTFjLThjMDAtMGMyODJhOTJhODIw-3cf4d52b-ceb8-491c-8c00-0c282a92a820] Object was deleted but could not be found in the ZRC.
[http://chemistry.apache.org/NjhjODliY2QtMzViNi00MTM3LTkwNDktNzNmNzUxNWQ2MmJl-68c89bcd-35b6-4137-9049-73f7515d62be] Object was deleted but could not be found in the ZRC.
[http://chemistry.apache.org/MjgyNjYxNjEtMDJkYy00ZWQyLTgzZGItNzE2ZmYyZDNkZGVl-28266161-02dc-4ed2-83db-716ff2d3ddee] Object was deleted but could not be found in the ZRC.
[http://chemistry.apache.org/ZWMzMTI4MzItNTkwMS00NjA1LThhY2QtODViMThkYmRhZGIx-ec312832-5901-4605-8acd-85b18dbdadb1] Object was created but could not be found in the DRC.
[http://chemistry.apache.org/ZWI2MWIyMTctZmJiNS00NTNmLTg0YTYtNWNlNjBiZDdmMTUw-eb61b217-fbb5-453f-84a6-5ce60bd7f150] Object was created but could not be found in the DRC.
[http://chemistry.apache.org/ZWI2MWIyMTctZmJiNS00NTNmLTg0YTYtNWNlNjBiZDdmMTUw-eb61b217-fbb5-453f-84a6-5ce60bd7f150] Object was deleted but could not be found in the ZRC.
[http://chemistry.apache.org/ZWMzMTI4MzItNTkwMS00NjA1LThhY2QtODViMThkYmRhZGIx-ec312832-5901-4605-8acd-85b18dbdadb1] Object was deleted but could not be found in the ZRC.
[http://chemistry.apache.org/MTY3MzRhODYtODg4Yi00ZTdhLTg2NjUtMWJjNDMyZmQwMTdi-16734a86-888b-4e7a-8665-1bc432fd017b] Object was created but could not be found in the DRC.
[http://chemistry.apache.org/ZTdmOWFiM2YtNGUxMS00ZmRmLWI0NzEtMmQwMzVkZTY1YTVm-e7f9ab3f-4e11-4fdf-b471-2d035de65a5f] Object was created but could not be found in the DRC.
[http://chemistry.apache.org/ZTdmOWFiM2YtNGUxMS00ZmRmLWI0NzEtMmQwMzVkZTY1YTVm-e7f9ab3f-4e11-4fdf-b471-2d035de65a5f] Object was deleted but could not be found in the ZRC.
[http://chemistry.apache.org/MTY3MzRhODYtODg4Yi00ZTdhLTg2NjUtMWJjNDMyZmQwMTdi-16734a86-888b-4e7a-8665-1bc432fd017b] Object was deleted but could not be found in the ZRC.
[http://chemistry.apache.org/MTE4ZjE1ZTYtYWY2YS00OTg1LTlmOTktNTNmZTRmOTYxODU1-118f15e6-af6a-4985-9f99-53fe4f961855] Object was created but could not be found in the DRC.
[http://chemistry.apache.org/ZWZhMTVlNzAtZjNlMy00YTQ0LWI4MDgtYTcxYTFkNmI1MDdh-efa15e70-f3e3-4a44-b808-a71a1d6b507a] Object was created but could not be found in the DRC.
[http://chemistry.apache.org/ZWZhMTVlNzAtZjNlMy00YTQ0LWI4MDgtYTcxYTFkNmI1MDdh-efa15e70-f3e3-4a44-b808-a71a1d6b507a] Object was deleted but could not be found in the ZRC.
[http://chemistry.apache.org/MTE4ZjE1ZTYtYWY2YS00OTg1LTlmOTktNTNmZTRmOTYxODU1-118f15e6-af6a-4985-9f99-53fe4f961855] Object was deleted but could not be found in the ZRC.
[http://chemistry.apache.org/NTljYjUwYjItNzhjYS00NDEwLWEwZGMtMGVkNmE5MGIwYThl-59cb50b2-78ca-4410-a0dc-0ed6a90b0a8e] Object was created but could not be found in the DRC.
[http://chemistry.apache.org/NzUxMjZiN2YtNTNmMi00ZWFlLWJhYjUtNGJjNjcxMTBhOTg1-75126b7f-53f2-4eae-bab5-4bc67110a985] Object was created but could not be found in the DRC.
[http://chemistry.apache.org/NzUxMjZiN2YtNTNmMi00ZWFlLWJhYjUtNGJjNjcxMTBhOTg1-75126b7f-53f2-4eae-bab5-4bc67110a985] Object was deleted but could not be found in the ZRC.
[http://chemistry.apache.org/NTljYjUwYjItNzhjYS00NDEwLWEwZGMtMGVkNmE5MGIwYThl-59cb50b2-78ca-4410-a0dc-0ed6a90b0a8e] Object was deleted but could not be found in the ZRC.
[http://chemistry.apache.org/NDE3YmU3MjgtNzUxNi00MTk5LWEzMjktYTg5YzEwNmQyM2Y4-417be728-7516-4199-a329-a89c106d23f8] Object was created but could not be found in the DRC.
[http://chemistry.apache.org/NzU4Y2M5OGItMjQ2Yi00ZDM5LWFmMmItZWE0OGNkNDhkNWNk-758cc98b-246b-4d39-af2b-ea48cd48d5cd] Object was created but could not be found in the DRC.
[http://chemistry.apache.org/NzU4Y2M5OGItMjQ2Yi00ZDM5LWFmMmItZWE0OGNkNDhkNWNk-758cc98b-246b-4d39-af2b-ea48cd48d5cd] Object was deleted but could not be found in the ZRC.
[http://chemistry.apache.org/NDE3YmU3MjgtNzUxNi00MTk5LWEzMjktYTg5YzEwNmQyM2Y4-417be728-7516-4199-a329-a89c106d23f8] Object was deleted but could not be found in the ZRC.
[http://chemistry.apache.org/YTIxNGQ4YWQtMDg1My00ZGNhLWI3ZDUtZDA0NzljZWVhMzhj-a214d8ad-0853-4dca-b7d5-d0479ceea38c] Object was created but could not be found in the DRC.
[http://chemistry.apache.org/ZTI5NTVjMzgtOTc0YS00MmFhLWI1ZjItZjgzNDEzYTMzNGI1-e2955c38-974a-42aa-b5f2-f83413a334b5] Object was created but could not be found in the DRC.
[http://chemistry.apache.org/NzQzYTA1NDEtYmFkZC00ZGRiLWIxNjAtNzZlZTQxYzc2YjI0OzEuMA==-743a0541-badd-4ddb-b160-76ee41c76b24] Object was created but could not be found in the DRC.
[http://chemistry.apache.org/NzQzYTA1NDEtYmFkZC00ZGRiLWIxNjAtNzZlZTQxYzc2YjI0OzEuMA==-743a0541-badd-4ddb-b160-76ee41c76b24] Object was updated but could not be found in the DRC.
[http://chemistry.apache.org/NzQzYTA1NDEtYmFkZC00ZGRiLWIxNjAtNzZlZTQxYzc2YjI0OzEuMA==-743a0541-badd-4ddb-b160-76ee41c76b24] Object was deleted but could not be found in the ZRC.
[http://chemistry.apache.org/ZTI5NTVjMzgtOTc0YS00MmFhLWI1ZjItZjgzNDEzYTMzNGI1-e2955c38-974a-42aa-b5f2-f83413a334b5] Object was deleted but could not be found in the ZRC.
[http://chemistry.apache.org/YTIxNGQ4YWQtMDg1My00ZGNhLWI3ZDUtZDA0NzljZWVhMzhj-a214d8ad-0853-4dca-b7d5-d0479ceea38c] Object was deleted but could not be found in the ZRC.
[http://chemistry.apache.org/ZTRjZDEwOTYtYjFmYi00YjZjLTlhYzAtNTRiMTAzNDc2NzVk-e4cd1096-b1fb-4b6c-9ac0-54b10347675d] Object was created but could not be found in the DRC.
[http://chemistry.apache.org/ZGRjNDg3M2ItMmU0ZS00MTI5LTliOGMtZDk3ZThmZDc2ZmI1-ddc4873b-2e4e-4129-9b8c-d97e8fd76fb5] Object was created but could not be found in the DRC.
[http://chemistry.apache.org/ZGRjNDg3M2ItMmU0ZS00MTI5LTliOGMtZDk3ZThmZDc2ZmI1-ddc4873b-2e4e-4129-9b8c-d97e8fd76fb5] Object was deleted but could not be found in the ZRC.
[http://chemistry.apache.org/ZTRjZDEwOTYtYjFmYi00YjZjLTlhYzAtNTRiMTAzNDc2NzVk-e4cd1096-b1fb-4b6c-9ac0-54b10347675d] Object was deleted but could not be found in the ZRC.
[http://chemistry.apache.org/MDNmMDg2MjQtNGFiMC00NDk4LTlmNmYtNjRiOGI4OTZhNTQ4-03f08624-4ab0-4498-9f6f-64b8b896a548] Object was created but could not be found in the DRC.
[http://chemistry.apache.org/MzFhNWM1ZWEtM2I4Yi00YzQ5LTg1MzctNTJjOWIyZDM2ZDZm-31a5c5ea-3b8b-4c49-8537-52c9b2d36d6f] Object was created but could not be found in the DRC.
[http://chemistry.apache.org/MTFjNTJjODItZTk2OS00ZjcyLTkzYTktOGU1ZjhiNWY0YzM1OzEuMA==-11c52c82-e969-4f72-93a9-8e5f8b5f4c35] Object was created but could not be found in the DRC.
[http://chemistry.apache.org/MTFjNTJjODItZTk2OS00ZjcyLTkzYTktOGU1ZjhiNWY0YzM1OzEuMA==-11c52c82-e969-4f72-93a9-8e5f8b5f4c35] Object was updated but could not be found in the DRC.
[http://chemistry.apache.org/MTFjNTJjODItZTk2OS00ZjcyLTkzYTktOGU1ZjhiNWY0YzM1OzEuMA==-11c52c82-e969-4f72-93a9-8e5f8b5f4c35] Object was deleted but could not be found in the ZRC.
[http://chemistry.apache.org/MzFhNWM1ZWEtM2I4Yi00YzQ5LTg1MzctNTJjOWIyZDM2ZDZm-31a5c5ea-3b8b-4c49-8537-52c9b2d36d6f] Object was deleted but could not be found in the ZRC.
[http://chemistry.apache.org/MDNmMDg2MjQtNGFiMC00NDk4LTlmNmYtNjRiOGI4OTZhNTQ4-03f08624-4ab0-4498-9f6f-64b8b896a548] Object was deleted but could not be found in the ZRC.
[http://chemistry.apache.org/MWU1ZDQ2YjAtMjUzZS00NzE5LTgyM2ItY2FmY2I3NTQ4NDgx-1e5d46b0-253e-4719-823b-cafcb7548481] Object was created but could not be found in the DRC.
[http://chemistry.apache.org/Y2QzMGVhMzAtNzBhMy00ZDQyLWE0NDUtZmY4ZDcyM2IxYThm-cd30ea30-70a3-4d42-a445-ff8d723b1a8f] Object was created but could not be found in the DRC.
[http://chemistry.apache.org/NDg5MTljNjUtNzhlNC00NTNiLTgyYWEtMGJlZmJiYzgyMjRhOzEuMA==-48919c65-78e4-453b-82aa-0befbbc8224a] Object was created but could not be found in the DRC.
[http://chemistry.apache.org/NDg5MTljNjUtNzhlNC00NTNiLTgyYWEtMGJlZmJiYzgyMjRhOzEuMA==-48919c65-78e4-453b-82aa-0befbbc8224a] Object was updated but could not be found in the DRC.
[http://chemistry.apache.org/NDg5MTljNjUtNzhlNC00NTNiLTgyYWEtMGJlZmJiYzgyMjRhOzEuMA==-48919c65-78e4-453b-82aa-0befbbc8224a] Object was deleted but could not be found in the ZRC.
[http://chemistry.apache.org/Y2QzMGVhMzAtNzBhMy00ZDQyLWE0NDUtZmY4ZDcyM2IxYThm-cd30ea30-70a3-4d42-a445-ff8d723b1a8f] Object was deleted but could not be found in the ZRC.
[http://chemistry.apache.org/MWU1ZDQ2YjAtMjUzZS00NzE5LTgyM2ItY2FmY2I3NTQ4NDgx-1e5d46b0-253e-4719-823b-cafcb7548481] Object was deleted but could not be found in the ZRC.
[http://chemistry.apache.org/ODllMWE2MTYtMjkwOC00N2E2LWFiOGQtNGM2MmI1MDYwOTUw-89e1a616-2908-47a6-ab8d-4c62b5060950] Object was created but could not be found in the DRC.
[http://chemistry.apache.org/OWVlNDUyMTItYTlkMi00MmY3LWI3ZDItYWZlZGY5NTAyYWZj-9ee45212-a9d2-42f7-b7d2-afedf9502afc] Object was created but could not be found in the DRC.
[http://chemistry.apache.org/MDE5NmJkNjItYmNmMS00MmMwLTljZWUtNzBjNTZkYTMzMDYzOzEuMA==-0196bd62-bcf1-42c0-9cee-70c56da33063] Object was created but could not be found in the DRC.
[http://chemistry.apache.org/MDE5NmJkNjItYmNmMS00MmMwLTljZWUtNzBjNTZkYTMzMDYzOzEuMA==-0196bd62-bcf1-42c0-9cee-70c56da33063] Object was updated but could not be found in the DRC.
[http://chemistry.apache.org/MDE5NmJkNjItYmNmMS00MmMwLTljZWUtNzBjNTZkYTMzMDYzOzEuMA==-0196bd62-bcf1-42c0-9cee-70c56da33063] Object was deleted but could not be found in the ZRC.
[http://chemistry.apache.org/OWVlNDUyMTItYTlkMi00MmY3LWI3ZDItYWZlZGY5NTAyYWZj-9ee45212-a9d2-42f7-b7d2-afedf9502afc] Object was deleted but could not be found in the ZRC.
[http://chemistry.apache.org/ODllMWE2MTYtMjkwOC00N2E2LWFiOGQtNGM2MmI1MDYwOTUw-89e1a616-2908-47a6-ab8d-4c62b5060950] Object was deleted but could not be found in the ZRC.
[http://chemistry.apache.org/OWI5NTAyODItNGM5MC00ZDBkLThjNTMtYjRlYmVlOGMwMmIy-9b950282-4c90-4d0d-8c53-b4ebee8c02b2] Object was created but could not be found in the DRC.
[http://chemistry.apache.org/MzdhNmQ2YTUtY2NjOS00MWNjLWIxMTktOWUzMTg4YTM3MjVk-37a6d6a5-ccc9-41cc-b119-9e3188a3725d] Object was created but could not be found in the DRC.
[http://chemistry.apache.org/NGJhYzNlNDMtYjA4YS00YzlkLThjMjMtZWMwZjk4NDhkYTc0OzEuMA==-4bac3e43-b08a-4c9d-8c23-ec0f9848da74] Object was created but could not be found in the DRC.
[http://chemistry.apache.org/NGJhYzNlNDMtYjA4YS00YzlkLThjMjMtZWMwZjk4NDhkYTc0OzEuMA==-4bac3e43-b08a-4c9d-8c23-ec0f9848da74] Object was updated but could not be found in the DRC.
[http://chemistry.apache.org/YTEzMTBiNjctMDllNi00N2M2LTkzYmMtYmZkOGFmNGNlMmVi-a1310b67-09e6-47c6-93bc-bfd8af4ce2eb] Object was created but could not be found in the DRC.
[http://chemistry.apache.org/NGJhYzNlNDMtYjA4YS00YzlkLThjMjMtZWMwZjk4NDhkYTc0OzEuMA==-4bac3e43-b08a-4c9d-8c23-ec0f9848da74] Object was deleted but could not be found in the ZRC.
[http://chemistry.apache.org/YTEzMTBiNjctMDllNi00N2M2LTkzYmMtYmZkOGFmNGNlMmVi-a1310b67-09e6-47c6-93bc-bfd8af4ce2eb] Object was deleted but could not be found in the ZRC.
[http://chemistry.apache.org/MzdhNmQ2YTUtY2NjOS00MWNjLWIxMTktOWUzMTg4YTM3MjVk-37a6d6a5-ccc9-41cc-b119-9e3188a3725d] Object was deleted but could not be found in the ZRC.
[http://chemistry.apache.org/OWI5NTAyODItNGM5MC00ZDBkLThjNTMtYjRlYmVlOGMwMmIy-9b950282-4c90-4d0d-8c53-b4ebee8c02b2] Object was deleted but could not be found in the ZRC.
[http://chemistry.apache.org/MjE1ZDg4NjItN2Q0Yi00NGE5LTkxZWQtMDY5MGQwNDY5NjM5-215d8862-7d4b-44a9-91ed-0690d0469639] Object was created but could not be found in the DRC.
[http://chemistry.apache.org/OTFhZGI4OWQtN2RhOS00ZjIzLTkwNDctMGZlNzc2N2RjMjBm-91adb89d-7da9-4f23-9047-0fe7767dc20f] Object was created but could not be found in the DRC.
[http://chemistry.apache.org/OGUxOTRjYmUtNjI3My00NTljLThjMWQtYmZhNzE4OWFhNzUyOzEuMA==-8e194cbe-6273-459c-8c1d-bfa7189aa752] Object was created but could not be found in the DRC.
[http://chemistry.apache.org/OGUxOTRjYmUtNjI3My00NTljLThjMWQtYmZhNzE4OWFhNzUyOzEuMA==-8e194cbe-6273-459c-8c1d-bfa7189aa752] Object was updated but could not be found in the DRC.
[http://chemistry.apache.org/OGUxOTRjYmUtNjI3My00NTljLThjMWQtYmZhNzE4OWFhNzUyOzEuMA==-8e194cbe-6273-459c-8c1d-bfa7189aa752] Object was deleted but could not be found in the ZRC.
[http://chemistry.apache.org/OTFhZGI4OWQtN2RhOS00ZjIzLTkwNDctMGZlNzc2N2RjMjBm-91adb89d-7da9-4f23-9047-0fe7767dc20f] Object was deleted but could not be found in the ZRC.
[http://chemistry.apache.org/MjE1ZDg4NjItN2Q0Yi00NGE5LTkxZWQtMDY5MGQwNDY5NjM5-215d8862-7d4b-44a9-91ed-0690d0469639] Object was deleted but could not be found in the ZRC.
[http://chemistry.apache.org/NjQ3YjAwNzktOWM4YS00MmY2LWFhNzctNjYzNGJhNDM5NTQ1-647b0079-9c8a-42f6-aa77-6634ba439545] Object was created but could not be found in the DRC.
[http://chemistry.apache.org/ZGNjODE2NjYtMzVlMy00YTM5LWJhMGMtMGQ1OTY3MzAwZDQ2-dcc81666-35e3-4a39-ba0c-0d5967300d46] Object was created but could not be found in the DRC.
[http://chemistry.apache.org/ZmI4YjU3MWYtOTAyYy00MTIzLTg0MzctMGEzMzQzZDQxZWNmOzEuMA==-fb8b571f-902c-4123-8437-0a3343d41ecf] Object was created but could not be found in the DRC.
[http://chemistry.apache.org/ZmI4YjU3MWYtOTAyYy00MTIzLTg0MzctMGEzMzQzZDQxZWNmOzEuMA==-fb8b571f-902c-4123-8437-0a3343d41ecf] Object was updated but could not be found in the DRC.
[http://chemistry.apache.org/ZmI4YjU3MWYtOTAyYy00MTIzLTg0MzctMGEzMzQzZDQxZWNmOzEuMA==-fb8b571f-902c-4123-8437-0a3343d41ecf] Object was deleted but could not be found in the ZRC.
[http://chemistry.apache.org/OGM3OWM5NGItMzJjZC00YzNmLTg3MTgtYWI2MjgwMDU4MWEz-8c79c94b-32cd-4c3f-8718-ab62800581a3] Object was created but could not be found in the DRC.
[http://chemistry.apache.org/OGM3OWM5NGItMzJjZC00YzNmLTg3MTgtYWI2MjgwMDU4MWEz-8c79c94b-32cd-4c3f-8718-ab62800581a3] Object was deleted but could not be found in the ZRC.
[http://chemistry.apache.org/ZGNjODE2NjYtMzVlMy00YTM5LWJhMGMtMGQ1OTY3MzAwZDQ2-dcc81666-35e3-4a39-ba0c-0d5967300d46] Object was deleted but could not be found in the ZRC.
[http://chemistry.apache.org/NjQ3YjAwNzktOWM4YS00MmY2LWFhNzctNjYzNGJhNDM5NTQ1-647b0079-9c8a-42f6-aa77-6634ba439545] Object was deleted but could not be found in the ZRC.
[http://chemistry.apache.org/ODkwYjZiNmItNDM4MS00YTg3LTk0NDMtOTI1OWIwYTIyZmI1OzEuMA==-890b6b6b-4381-4a87-9443-9259b0a22fb5] Object was created but could not be found in the DRC.
[http://chemistry.apache.org/ODkwYjZiNmItNDM4MS00YTg3LTk0NDMtOTI1OWIwYTIyZmI1OzEuMA==-890b6b6b-4381-4a87-9443-9259b0a22fb5] Object was updated but could not be found in the DRC.
[http://chemistry.apache.org/NzNkZTNjMTgtZGU0OS00YTk1LTk0ZjgtOTUxNWE0M2UwNzU1-73de3c18-de49-4a95-94f8-9515a43e0755] Object was created but could not be found in the DRC.
[http://chemistry.apache.org/ZWIzNTZmMjgtYzViZS00MjNmLWIwY2MtMzFmNDJhMmNlMDRl-eb356f28-c5be-423f-b0cc-31f42a2ce04e] Object was created but could not be found in the DRC.
[http://chemistry.apache.org/ZWIzNTZmMjgtYzViZS00MjNmLWIwY2MtMzFmNDJhMmNlMDRl-eb356f28-c5be-423f-b0cc-31f42a2ce04e] Object was deleted but could not be found in the ZRC.
[http://chemistry.apache.org/NzNkZTNjMTgtZGU0OS00YTk1LTk0ZjgtOTUxNWE0M2UwNzU1-73de3c18-de49-4a95-94f8-9515a43e0755] Object was deleted but could not be found in the ZRC.
[http://chemistry.apache.org/YzcyYjNmYTQtYTU5ZC00YmM5LTliMDMtNDQ5YTM2NDdhYjg5-c72b3fa4-a59d-4bc9-9b03-449a3647ab89] Object was created but could not be found in the DRC.
[http://chemistry.apache.org/Mjk1ODYwYTUtODMyYS00YTA0LWI3ZDQtZWFlNTk0ZDgyYTMy-295860a5-832a-4a04-b7d4-eae594d82a32] Object was created but could not be found in the DRC.
[http://chemistry.apache.org/Mjk1ODYwYTUtODMyYS00YTA0LWI3ZDQtZWFlNTk0ZDgyYTMy-295860a5-832a-4a04-b7d4-eae594d82a32] Object was deleted but could not be found in the ZRC.
[http://chemistry.apache.org/YzcyYjNmYTQtYTU5ZC00YmM5LTliMDMtNDQ5YTM2NDdhYjg5-c72b3fa4-a59d-4bc9-9b03-449a3647ab89] Object was deleted but could not be found in the ZRC.
[http://chemistry.apache.org/OTViMGEwMDktZjI5OC00ZmE2LWFjMGYtOTZkZWRlNmU2ZGFi-95b0a009-f298-4fa6-ac0f-96dede6e6dab] Object was created but could not be found in the DRC.
[http://chemistry.apache.org/NzdlMjRjMTMtNWZhOC00NzBlLTlmNzItMjZhOGM2ZjI2NzAw-77e24c13-5fa8-470e-9f72-26a8c6f26700] Object was created but could not be found in the DRC.
[http://chemistry.apache.org/NzdlMjRjMTMtNWZhOC00NzBlLTlmNzItMjZhOGM2ZjI2NzAw-77e24c13-5fa8-470e-9f72-26a8c6f26700] Object was deleted but could not be found in the ZRC.
[http://chemistry.apache.org/OTViMGEwMDktZjI5OC00ZmE2LWFjMGYtOTZkZWRlNmU2ZGFi-95b0a009-f298-4fa6-ac0f-96dede6e6dab] Object was deleted but could not be found in the ZRC.
[http://chemistry.apache.org/OWE1MDQyZjAtODA5ZC00OWYzLWJlOWEtYjM2ZTNhMzAwMDFm-9a5042f0-809d-49f3-be9a-b36e3a30001f] Object was created but could not be found in the DRC.
[http://chemistry.apache.org/MTJkZTljY2UtY2FlNi00YWVmLWIxYjItOTA0YzU1NzA2ZDIy-12de9cce-cae6-4aef-b1b2-904c55706d22] Object was created but could not be found in the DRC.
[http://chemistry.apache.org/MTJkZTljY2UtY2FlNi00YWVmLWIxYjItOTA0YzU1NzA2ZDIy-12de9cce-cae6-4aef-b1b2-904c55706d22] Object was deleted but could not be found in the ZRC.
[http://chemistry.apache.org/OWE1MDQyZjAtODA5ZC00OWYzLWJlOWEtYjM2ZTNhMzAwMDFm-9a5042f0-809d-49f3-be9a-b36e3a30001f] Object was deleted but could not be found in the ZRC.
[http://chemistry.apache.org/MzI2NjFjN2QtMjIwZi00YjJmLTkzMWQtNDgwYmEzYzRiZGZh-32661c7d-220f-4b2f-931d-480ba3c4bdfa] Object was created but could not be found in the DRC.
[http://chemistry.apache.org/YmQzZmJiODgtOGRjYy00MDljLWE0NWQtMDJmZGY3ZmY0YjY3-bd3fbb88-8dcc-409c-a45d-02fdf7ff4b67] Object was created but could not be found in the DRC.
[http://chemistry.apache.org/YmQzZmJiODgtOGRjYy00MDljLWE0NWQtMDJmZGY3ZmY0YjY3-bd3fbb88-8dcc-409c-a45d-02fdf7ff4b67] Object was deleted but could not be found in the ZRC.
[http://chemistry.apache.org/MzI2NjFjN2QtMjIwZi00YjJmLTkzMWQtNDgwYmEzYzRiZGZh-32661c7d-220f-4b2f-931d-480ba3c4bdfa] Object was deleted but could not be found in the ZRC.
[http://chemistry.apache.org/ZGUxMGMzZjItOTU2ZC00NmQ1LThkODEtODdkMWNlNGIwYTRl-de10c3f2-956d-46d5-8d81-87d1ce4b0a4e] Object was created but could not be found in the DRC.
[http://chemistry.apache.org/MGYwMGZlNTYtODdlOS00MWZjLWJhMGUtYThjMzU2NTM2ZWMw-0f00fe56-87e9-41fc-ba0e-a8c356536ec0] Object was created but could not be found in the DRC.
[http://chemistry.apache.org/MGYwMGZlNTYtODdlOS00MWZjLWJhMGUtYThjMzU2NTM2ZWMw-0f00fe56-87e9-41fc-ba0e-a8c356536ec0] Object was deleted but could not be found in the ZRC.
[http://chemistry.apache.org/ZGUxMGMzZjItOTU2ZC00NmQ1LThkODEtODdkMWNlNGIwYTRl-de10c3f2-956d-46d5-8d81-87d1ce4b0a4e] Object was deleted but could not be found in the ZRC.
[http://chemistry.apache.org/MzA0OWUwMDItNDNiNC00NTg4LTk0MjUtNTBiYmYyNTE1OTRh-3049e002-43b4-4588-9425-50bbf251594a] Object was created but could not be found in the DRC.
[http://chemistry.apache.org/ZGVkMDYxYzAtM2FjMS00NjE2LWI2YWEtNjVjZWVlMzJhMGM5-ded061c0-3ac1-4616-b6aa-65ceee32a0c9] Object was created but could not be found in the DRC.
[http://chemistry.apache.org/ZGVkMDYxYzAtM2FjMS00NjE2LWI2YWEtNjVjZWVlMzJhMGM5-ded061c0-3ac1-4616-b6aa-65ceee32a0c9] Object was deleted but could not be found in the ZRC.
[http://chemistry.apache.org/MzA0OWUwMDItNDNiNC00NTg4LTk0MjUtNTBiYmYyNTE1OTRh-3049e002-43b4-4588-9425-50bbf251594a] Object was deleted but could not be found in the ZRC.
[http://chemistry.apache.org/ZDZkMWFkZWQtMTNmNS00N2Y1LTlkZTAtMzllNjE0MGFlZjll-d6d1aded-13f5-47f5-9de0-39e6140aef9e] Object was created but could not be found in the DRC.
[http://chemistry.apache.org/M2JjNzI2NzItZGVkYy00N2Y5LTgxODAtNTRhN2VkYWExMGNi-3bc72672-dedc-47f9-8180-54a7edaa10cb] Object was created but could not be found in the DRC.
[http://chemistry.apache.org/M2JjNzI2NzItZGVkYy00N2Y5LTgxODAtNTRhN2VkYWExMGNi-3bc72672-dedc-47f9-8180-54a7edaa10cb] Object was deleted but could not be found in the ZRC.
[http://chemistry.apache.org/ZDZkMWFkZWQtMTNmNS00N2Y1LTlkZTAtMzllNjE0MGFlZjll-d6d1aded-13f5-47f5-9de0-39e6140aef9e] Object was deleted but could not be found in the ZRC.
[http://chemistry.apache.org/ZTFjNDljY2UtMWVhYi00YWU2LTk3MmItOTE2MTlkMjFmNTA1-e1c49cce-1eab-4ae6-972b-91619d21f505] Object was created but could not be found in the DRC.
[http://chemistry.apache.org/YzU4MDk4NWQtNGNmZC00Mzc1LWEyMDctYjViNTkzNmY3MDYx-c580985d-4cfd-4375-a207-b5b5936f7061] Object was created but could not be found in the DRC.
[http://chemistry.apache.org/YzU4MDk4NWQtNGNmZC00Mzc1LWEyMDctYjViNTkzNmY3MDYx-c580985d-4cfd-4375-a207-b5b5936f7061] Object was deleted but could not be found in the ZRC.
[http://chemistry.apache.org/ZTFjNDljY2UtMWVhYi00YWU2LTk3MmItOTE2MTlkMjFmNTA1-e1c49cce-1eab-4ae6-972b-91619d21f505] Object was deleted but could not be found in the ZRC.
[http://chemistry.apache.org/MjNlNGU3YWItOTk4NC00NTY2LWI1NjgtMDg3YzNmOTJlYzY4-23e4e7ab-9984-4566-b568-087c3f92ec68] Object was created but could not be found in the DRC.
[http://chemistry.apache.org/NjgwYTFlNDktYmQ4MS00NmYzLTlkOWQtODVkY2EwMmU3NDgz-680a1e49-bd81-46f3-9d9d-85dca02e7483] Object was created but could not be found in the DRC.
[http://chemistry.apache.org/NjgwYTFlNDktYmQ4MS00NmYzLTlkOWQtODVkY2EwMmU3NDgz-680a1e49-bd81-46f3-9d9d-85dca02e7483] Object was deleted but could not be found in the ZRC.
[http://chemistry.apache.org/MjNlNGU3YWItOTk4NC00NTY2LWI1NjgtMDg3YzNmOTJlYzY4-23e4e7ab-9984-4566-b568-087c3f92ec68] Object was deleted but could not be found in the ZRC.
[http://chemistry.apache.org/NTg5NDU3YzctZGJiOS00MjY4LWFhZTQtYmUzYWMxNDA2NTBl-589457c7-dbb9-4268-aae4-be3ac140650e] Object was created but could not be found in the DRC.
[http://chemistry.apache.org/NWZmYjgzN2ItMmI2YS00M2M1LWEyMzItZGU1MWM0Zjk1NDIy-5ffb837b-2b6a-43c5-a232-de51c4f95422] Object was created but could not be found in the DRC.
[http://chemistry.apache.org/NWZmYjgzN2ItMmI2YS00M2M1LWEyMzItZGU1MWM0Zjk1NDIy-5ffb837b-2b6a-43c5-a232-de51c4f95422] Object was deleted but could not be found in the ZRC.
[http://chemistry.apache.org/NTg5NDU3YzctZGJiOS00MjY4LWFhZTQtYmUzYWMxNDA2NTBl-589457c7-dbb9-4268-aae4-be3ac140650e] Object was deleted but could not be found in the ZRC.
[http://chemistry.apache.org/MDVhZmRlOTQtMmE0OC00ZTRlLWE2YzEtMGJhNzY3YWQ2NDgx-05afde94-2a48-4e4e-a6c1-0ba767ad6481] Object was created but could not be found in the DRC.
[http://chemistry.apache.org/YmY2ZGQ0OWMtZGZkOS00OGRmLWI1OTMtZjNmY2Q1ZjI3MDM5-bf6dd49c-dfd9-48df-b593-f3fcd5f27039] Object was created but could not be found in the DRC.
[http://chemistry.apache.org/YmY2ZGQ0OWMtZGZkOS00OGRmLWI1OTMtZjNmY2Q1ZjI3MDM5-bf6dd49c-dfd9-48df-b593-f3fcd5f27039] Object was deleted but could not be found in the ZRC.
[http://chemistry.apache.org/MDVhZmRlOTQtMmE0OC00ZTRlLWE2YzEtMGJhNzY3YWQ2NDgx-05afde94-2a48-4e4e-a6c1-0ba767ad6481] Object was deleted but could not be found in the ZRC.
[http://chemistry.apache.org/NmU2ZWM0ZmEtODgzYy00NzM2LTkyMDQtNTJkOTUzOTVhMWJj-6e6ec4fa-883c-4736-9204-52d95395a1bc] Object was created but could not be found in the DRC.
[http://chemistry.apache.org/OGZmN2ZkZDYtNTlmYi00MzM2LWFjZTItY2EyZDZmYjc5MjVk-8ff7fdd6-59fb-4336-ace2-ca2d6fb7925d] Object was created but could not be found in the DRC.
[http://chemistry.apache.org/YjhjNTZjZWItMGNiNS00MDExLThiZDgtNzc0YTQwM2NmMTZm-b8c56ceb-0cb5-4011-8bd8-774a403cf16f] Object was created but could not be found in the DRC.
[http://chemistry.apache.org/OGZmN2ZkZDYtNTlmYi00MzM2LWFjZTItY2EyZDZmYjc5MjVk-8ff7fdd6-59fb-4336-ace2-ca2d6fb7925d] Object was deleted but could not be found in the ZRC.
[http://chemistry.apache.org/YjhjNTZjZWItMGNiNS00MDExLThiZDgtNzc0YTQwM2NmMTZm-b8c56ceb-0cb5-4011-8bd8-774a403cf16f] Object was deleted but could not be found in the ZRC.
[http://chemistry.apache.org/NmU2ZWM0ZmEtODgzYy00NzM2LTkyMDQtNTJkOTUzOTVhMWJj-6e6ec4fa-883c-4736-9204-52d95395a1bc] Object was deleted but could not be found in the ZRC.
[http://chemistry.apache.org/NWQyOTc4ODUtMzc2ZC00MTljLTkyNTEtYzBkNTJjNzFhYjJm-5d297885-376d-419c-9251-c0d52c71ab2f] Object was created but could not be found in the DRC.
[http://chemistry.apache.org/ZjIyMDAzOGItYjVlZC00NmM5LTlhNjEtNDE5ZTIzOWUwZmQ1-f220038b-b5ed-46c9-9a61-419e239e0fd5] Object was created but could not be found in the DRC.
[http://chemistry.apache.org/ZjIyMDAzOGItYjVlZC00NmM5LTlhNjEtNDE5ZTIzOWUwZmQ1-f220038b-b5ed-46c9-9a61-419e239e0fd5] Object was deleted but could not be found in the ZRC.
[http://chemistry.apache.org/NWQyOTc4ODUtMzc2ZC00MTljLTkyNTEtYzBkNTJjNzFhYjJm-5d297885-376d-419c-9251-c0d52c71ab2f] Object was deleted but could not be found in the ZRC.
[http://chemistry.apache.org/ZWE5NGY3MTYtZWQ2ZS00Y2QxLWJlMmMtNjUwOGFjMjNhNDc0-ea94f716-ed6e-4cd1-be2c-6508ac23a474] Object was created but could not be found in the DRC.
[http://chemistry.apache.org/ZjI2MjM3ZWUtMmE0My00YjgyLTk3ZTItNzNlODBjMjkyYmM4-f26237ee-2a43-4b82-97e2-73e80c292bc8] Object was created but could not be found in the DRC.
[http://chemistry.apache.org/ZjI2MjM3ZWUtMmE0My00YjgyLTk3ZTItNzNlODBjMjkyYmM4-f26237ee-2a43-4b82-97e2-73e80c292bc8] Object was deleted but could not be found in the ZRC.
[http://chemistry.apache.org/ZWE5NGY3MTYtZWQ2ZS00Y2QxLWJlMmMtNjUwOGFjMjNhNDc0-ea94f716-ed6e-4cd1-be2c-6508ac23a474] Object was deleted but could not be found in the ZRC.
[http://chemistry.apache.org/YjA5NDA2MjctYTc2ZS00MWU4LWI1NGUtYjczY2FjZjc5ODVm-b0940627-a76e-41e8-b54e-b73cacf7985f] Object was created but could not be found in the DRC.
[http://chemistry.apache.org/MGY0MjAzNTMtYjQ1Yy00OTU4LWJhYTYtYzM0NjczODJlZDQ4-0f420353-b45c-4958-baa6-c3467382ed48] Object was created but could not be found in the DRC.
[http://chemistry.apache.org/MGY0MjAzNTMtYjQ1Yy00OTU4LWJhYTYtYzM0NjczODJlZDQ4-0f420353-b45c-4958-baa6-c3467382ed48] Object was deleted but could not be found in the ZRC.
[http://chemistry.apache.org/YjA5NDA2MjctYTc2ZS00MWU4LWI1NGUtYjczY2FjZjc5ODVm-b0940627-a76e-41e8-b54e-b73cacf7985f] Object was deleted but could not be found in the ZRC.
[http://chemistry.apache.org/YmY5YTQ1MmUtYWEyMS00NWFmLTg1M2ItYTkzNWUzZDJiNjNk-bf9a452e-aa21-45af-853b-a935e3d2b63d] Object was created but could not be found in the DRC.
[http://chemistry.apache.org/YTVkODUyMGQtZTQ2ZS00YTRhLThmMTYtODVkN2Q2ZGUxYmI5-a5d8520d-e46e-4a4a-8f16-85d7d6de1bb9] Object was created but could not be found in the DRC.
[http://chemistry.apache.org/YTVkODUyMGQtZTQ2ZS00YTRhLThmMTYtODVkN2Q2ZGUxYmI5-a5d8520d-e46e-4a4a-8f16-85d7d6de1bb9] Object was deleted but could not be found in the ZRC.
[http://chemistry.apache.org/YmY5YTQ1MmUtYWEyMS00NWFmLTg1M2ItYTkzNWUzZDJiNjNk-bf9a452e-aa21-45af-853b-a935e3d2b63d] Object was deleted but could not be found in the ZRC.
[http://chemistry.apache.org/YTAxMzM2ODAtODlhZC00Yjk4LWJmYzUtYzI2N2Y4MmU2ZDYw-a0133680-89ad-4b98-bfc5-c267f82e6d60] Object was created but could not be found in the DRC.
[http://chemistry.apache.org/NTk2NjAxN2QtN2ZmNS00ZWViLWIxZjktZjUwY2EwZjc1ZjRk-5966017d-7ff5-4eeb-b1f9-f50ca0f75f4d] Object was created but could not be found in the DRC.
[http://chemistry.apache.org/NTk2NjAxN2QtN2ZmNS00ZWViLWIxZjktZjUwY2EwZjc1ZjRk-5966017d-7ff5-4eeb-b1f9-f50ca0f75f4d] Object was deleted but could not be found in the ZRC.
[http://chemistry.apache.org/YTAxMzM2ODAtODlhZC00Yjk4LWJmYzUtYzI2N2Y4MmU2ZDYw-a0133680-89ad-4b98-bfc5-c267f82e6d60] Object was deleted but could not be found in the ZRC.
[http://chemistry.apache.org/ODJjNzMyYjctNGIxYS00YjAxLTk0YzUtNTQ3MjYxYTA2NGRk-82c732b7-4b1a-4b01-94c5-547261a064dd] Object was created but could not be found in the DRC.
[http://chemistry.apache.org/ZDA2M2YxYjgtMDllMy00Njk4LWJhY2YtNmUxZWQ5NDdiZGU1-d063f1b8-09e3-4698-bacf-6e1ed947bde5] Object was created but could not be found in the DRC.
[http://chemistry.apache.org/Y2YzNTgwNmQtZWRjMC00ZGQ1LWE5NzAtNTFmYjEzMzJjY2I0OzEuMA==-cf35806d-edc0-4dd5-a970-51fb1332ccb4] Object was created but could not be found in the DRC.
[http://chemistry.apache.org/Y2YzNTgwNmQtZWRjMC00ZGQ1LWE5NzAtNTFmYjEzMzJjY2I0OzEuMA==-cf35806d-edc0-4dd5-a970-51fb1332ccb4] Object was updated but could not be found in the DRC.
[http://chemistry.apache.org/Y2YzNTgwNmQtZWRjMC00ZGQ1LWE5NzAtNTFmYjEzMzJjY2I0OzEuMA==-cf35806d-edc0-4dd5-a970-51fb1332ccb4] Object was deleted but could not be found in the ZRC.
[http://chemistry.apache.org/ZDA2M2YxYjgtMDllMy00Njk4LWJhY2YtNmUxZWQ5NDdiZGU1-d063f1b8-09e3-4698-bacf-6e1ed947bde5] Object was deleted but could not be found in the ZRC.
[http://chemistry.apache.org/ODJjNzMyYjctNGIxYS00YjAxLTk0YzUtNTQ3MjYxYTA2NGRk-82c732b7-4b1a-4b01-94c5-547261a064dd] Object was deleted but could not be found in the ZRC.
[http://chemistry.apache.org/NDgwNzcyZTktOWM0Yi00MDU3LWJjZDctMjdjZGMwNDNlNjZj-480772e9-9c4b-4057-bcd7-27cdc043e66c] Object was created but could not be found in the DRC.
[http://chemistry.apache.org/ZTIzYzFhMmUtOTBhZC00YmI4LWJhNjEtYTFkZTE1MWJmM2E5-e23c1a2e-90ad-4bb8-ba61-a1de151bf3a9] Object was created but could not be found in the DRC.
[http://chemistry.apache.org/ZTIzYzFhMmUtOTBhZC00YmI4LWJhNjEtYTFkZTE1MWJmM2E5-e23c1a2e-90ad-4bb8-ba61-a1de151bf3a9] Object was deleted but could not be found in the ZRC.
[http://chemistry.apache.org/NDgwNzcyZTktOWM0Yi00MDU3LWJjZDctMjdjZGMwNDNlNjZj-480772e9-9c4b-4057-bcd7-27cdc043e66c] Object was deleted but could not be found in the ZRC.
[http://chemistry.apache.org/OTYwNmFmNTAtZmY1ZC00MGZjLWFlMTUtODgyNGZiMDFlNDk3-9606af50-ff5d-40fc-ae15-8824fb01e497] Object was created but could not be found in the DRC.
[http://chemistry.apache.org/ZWI3MDgwY2UtYzY3My00OWY0LWI4N2ItNmZjMDhkZTVjNmU3-eb7080ce-c673-49f4-b87b-6fc08de5c6e7] Object was created but could not be found in the DRC.
[http://chemistry.apache.org/Zjc3ZWYxYjEtZDE2NS00NGE2LTk2YzQtMDNjNWViY2Y5MDVjOzEuMA==-f77ef1b1-d165-44a6-96c4-03c5ebcf905c] Object was created but could not be found in the DRC.
[http://chemistry.apache.org/Zjc3ZWYxYjEtZDE2NS00NGE2LTk2YzQtMDNjNWViY2Y5MDVjOzEuMA==-f77ef1b1-d165-44a6-96c4-03c5ebcf905c] Object was updated but could not be found in the DRC.
[http://chemistry.apache.org/Zjc3ZWYxYjEtZDE2NS00NGE2LTk2YzQtMDNjNWViY2Y5MDVjOzEuMA==-f77ef1b1-d165-44a6-96c4-03c5ebcf905c] Object was deleted but could not be found in the ZRC.
[http://chemistry.apache.org/ZWI3MDgwY2UtYzY3My00OWY0LWI4N2ItNmZjMDhkZTVjNmU3-eb7080ce-c673-49f4-b87b-6fc08de5c6e7] Object was deleted but could not be found in the ZRC.
[http://chemistry.apache.org/OTYwNmFmNTAtZmY1ZC00MGZjLWFlMTUtODgyNGZiMDFlNDk3-9606af50-ff5d-40fc-ae15-8824fb01e497] Object was deleted but could not be found in the ZRC.
[http://chemistry.apache.org/YWRiZGI0OTQtMzJhNC00Nzc5LTg3YzYtNmI0ZjcxZTA3NDVk-adbdb494-32a4-4779-87c6-6b4f71e0745d] Object was created but could not be found in the DRC.
[http://chemistry.apache.org/OTRjYjUzODUtN2YxNy00NTkzLWE0MzYtMDEyZDFmMzZjMmM1-94cb5385-7f17-4593-a436-012d1f36c2c5] Object was created but could not be found in the DRC.
[http://chemistry.apache.org/YTM5MGE4MzgtZTJlMS00NDUwLTlhMmMtMzI4ZDE4NjkzZWQzOzEuMA==-a390a838-e2e1-4450-9a2c-328d18693ed3] Object was created but could not be found in the DRC.
[http://chemistry.apache.org/YTM5MGE4MzgtZTJlMS00NDUwLTlhMmMtMzI4ZDE4NjkzZWQzOzEuMA==-a390a838-e2e1-4450-9a2c-328d18693ed3] Object was updated but could not be found in the DRC.
[http://chemistry.apache.org/YTM5MGE4MzgtZTJlMS00NDUwLTlhMmMtMzI4ZDE4NjkzZWQzOzEuMA==-a390a838-e2e1-4450-9a2c-328d18693ed3] Object was deleted but could not be found in the ZRC.
[http://chemistry.apache.org/OTRjYjUzODUtN2YxNy00NTkzLWE0MzYtMDEyZDFmMzZjMmM1-94cb5385-7f17-4593-a436-012d1f36c2c5] Object was deleted but could not be found in the ZRC.
[http://chemistry.apache.org/YWRiZGI0OTQtMzJhNC00Nzc5LTg3YzYtNmI0ZjcxZTA3NDVk-adbdb494-32a4-4779-87c6-6b4f71e0745d] Object was deleted but could not be found in the ZRC.
[http://chemistry.apache.org/MmI2MDIxMjYtOTlkYi00NTAzLWE3YTEtZjg5YTU3ZTZmYmI5-2b602126-99db-4503-a7a1-f89a57e6fbb9] Object was created but could not be found in the DRC.
[http://chemistry.apache.org/ZjhmNGYwMmMtMjNhYS00YzVmLWE5YzAtMTUxYzM1ZmVkNWQ0-f8f4f02c-23aa-4c5f-a9c0-151c35fed5d4] Object was created but could not be found in the DRC.
[http://chemistry.apache.org/ZWI0MmExMTUtY2Q5MC00MzYzLWE5NDItYWU4MGI2OGEwMTU0OzEuMA==-eb42a115-cd90-4363-a942-ae80b68a0154] Object was created but could not be found in the DRC.
[http://chemistry.apache.org/ZWI0MmExMTUtY2Q5MC00MzYzLWE5NDItYWU4MGI2OGEwMTU0OzEuMA==-eb42a115-cd90-4363-a942-ae80b68a0154] Object was updated but could not be found in the DRC.
[http://chemistry.apache.org/ZWI0MmExMTUtY2Q5MC00MzYzLWE5NDItYWU4MGI2OGEwMTU0OzEuMA==-eb42a115-cd90-4363-a942-ae80b68a0154] Object was deleted but could not be found in the ZRC.
[http://chemistry.apache.org/ZjhmNGYwMmMtMjNhYS00YzVmLWE5YzAtMTUxYzM1ZmVkNWQ0-f8f4f02c-23aa-4c5f-a9c0-151c35fed5d4] Object was deleted but could not be found in the ZRC.
[http://chemistry.apache.org/MmI2MDIxMjYtOTlkYi00NTAzLWE3YTEtZjg5YTU3ZTZmYmI5-2b602126-99db-4503-a7a1-f89a57e6fbb9] Object was deleted but could not be found in the ZRC.
[http://chemistry.apache.org/MTUxMjFjOTEtODQyNy00MGIyLThlYWYtZThkMDY2ZDZmYjM3-15121c91-8427-40b2-8eaf-e8d066d6fb37] Object was created but could not be found in the DRC.
[http://chemistry.apache.org/ZDRlODBiZGQtZWIxZi00OTQxLWIwMTEtYjMyMDAwMGJjYjFm-d4e80bdd-eb1f-4941-b011-b320000bcb1f] Object was created but could not be found in the DRC.
[http://chemistry.apache.org/MzFlMTEzOGEtZWU3OS00YmRhLWI2ZWUtNjRkY2IyODUwZThiOzEuMA==-31e1138a-ee79-4bda-b6ee-64dcb2850e8b] Object was created but could not be found in the DRC.
[http://chemistry.apache.org/MzFlMTEzOGEtZWU3OS00YmRhLWI2ZWUtNjRkY2IyODUwZThiOzEuMA==-31e1138a-ee79-4bda-b6ee-64dcb2850e8b] Object was updated but could not be found in the DRC.
[http://chemistry.apache.org/ZGExYzU4NjQtNjJiMC00NTcwLTlkZGUtOGIyM2MwNDc5NTQ2-da1c5864-62b0-4570-9dde-8b23c0479546] Object was created but could not be found in the DRC.
[http://chemistry.apache.org/MzFlMTEzOGEtZWU3OS00YmRhLWI2ZWUtNjRkY2IyODUwZThiOzEuMA==-31e1138a-ee79-4bda-b6ee-64dcb2850e8b] Object was deleted but could not be found in the ZRC.
[http://chemistry.apache.org/ZGExYzU4NjQtNjJiMC00NTcwLTlkZGUtOGIyM2MwNDc5NTQ2-da1c5864-62b0-4570-9dde-8b23c0479546] Object was deleted but could not be found in the ZRC.
[http://chemistry.apache.org/ZDRlODBiZGQtZWIxZi00OTQxLWIwMTEtYjMyMDAwMGJjYjFm-d4e80bdd-eb1f-4941-b011-b320000bcb1f] Object was deleted but could not be found in the ZRC.
[http://chemistry.apache.org/MTUxMjFjOTEtODQyNy00MGIyLThlYWYtZThkMDY2ZDZmYjM3-15121c91-8427-40b2-8eaf-e8d066d6fb37] Object was deleted but could not be found in the ZRC.
[http://chemistry.apache.org/OTZlYzJhYTYtYjc2OS00ZDliLTk3ZmItZmQyNmFiOGI2MWEz-96ec2aa6-b769-4d9b-97fb-fd26ab8b61a3] Object was created but could not be found in the DRC.
[http://chemistry.apache.org/NGQ5ZmJmYmItZGQ4ZC00YmRlLTg2MTEtNDExMjZjY2Y1YjE0-4d9fbfbb-dd8d-4bde-8611-41126ccf5b14] Object was created but could not be found in the DRC.
[http://chemistry.apache.org/ZmRjZDdjNWYtMTQ0Zi00ZTY5LWFhOTYtYjhhNDVhODhjMWM5OzEuMA==-fdcd7c5f-144f-4e69-aa96-b8a45a88c1c9] Object was created but could not be found in the DRC.
[http://chemistry.apache.org/ZmRjZDdjNWYtMTQ0Zi00ZTY5LWFhOTYtYjhhNDVhODhjMWM5OzEuMA==-fdcd7c5f-144f-4e69-aa96-b8a45a88c1c9] Object was updated but could not be found in the DRC.
[http://chemistry.apache.org/ZmRjZDdjNWYtMTQ0Zi00ZTY5LWFhOTYtYjhhNDVhODhjMWM5OzEuMA==-fdcd7c5f-144f-4e69-aa96-b8a45a88c1c9] Object was deleted but could not be found in the ZRC.
[http://chemistry.apache.org/NGQ5ZmJmYmItZGQ4ZC00YmRlLTg2MTEtNDExMjZjY2Y1YjE0-4d9fbfbb-dd8d-4bde-8611-41126ccf5b14] Object was deleted but could not be found in the ZRC.
[http://chemistry.apache.org/OTZlYzJhYTYtYjc2OS00ZDliLTk3ZmItZmQyNmFiOGI2MWEz-96ec2aa6-b769-4d9b-97fb-fd26ab8b61a3] Object was deleted but could not be found in the ZRC.
[http://chemistry.apache.org/YzEwM2Q5OGYtZjVjMi00YzU2LThmYjMtNGQ0MmJlZDUyODRh-c103d98f-f5c2-4c56-8fb3-4d42bed5284a] Object was created but could not be found in the DRC.
[http://chemistry.apache.org/NDIwZTgzNWYtNWNlYS00YWE2LTg0MDgtMTE3NDljMGZjMTdl-420e835f-5cea-4aa6-8408-11749c0fc17e] Object was created but could not be found in the DRC.
[http://chemistry.apache.org/MjJjYjYwZWMtM2M2Mi00M2ZhLWJhY2UtYWI1ZTQ3NjUyOTViOzEuMA==-22cb60ec-3c62-43fa-bace-ab5e4765295b] Object was created but could not be found in the DRC.
[http://chemistry.apache.org/MjJjYjYwZWMtM2M2Mi00M2ZhLWJhY2UtYWI1ZTQ3NjUyOTViOzEuMA==-22cb60ec-3c62-43fa-bace-ab5e4765295b] Object was updated but could not be found in the DRC.
[http://chemistry.apache.org/MjJjYjYwZWMtM2M2Mi00M2ZhLWJhY2UtYWI1ZTQ3NjUyOTViOzEuMA==-22cb60ec-3c62-43fa-bace-ab5e4765295b] Object was deleted but could not be found in the ZRC.
[http://chemistry.apache.org/NjljM2JlNTQtNTk0Yy00ZjMzLTg2MzQtYzUyNDJiYmY0NmIw-69c3be54-594c-4f33-8634-c5242bbf46b0] Object was created but could not be found in the DRC.
[http://chemistry.apache.org/NjljM2JlNTQtNTk0Yy00ZjMzLTg2MzQtYzUyNDJiYmY0NmIw-69c3be54-594c-4f33-8634-c5242bbf46b0] Object was deleted but could not be found in the ZRC.
[http://chemistry.apache.org/NDIwZTgzNWYtNWNlYS00YWE2LTg0MDgtMTE3NDljMGZjMTdl-420e835f-5cea-4aa6-8408-11749c0fc17e] Object was deleted but could not be found in the ZRC.
[http://chemistry.apache.org/YzEwM2Q5OGYtZjVjMi00YzU2LThmYjMtNGQ0MmJlZDUyODRh-c103d98f-f5c2-4c56-8fb3-4d42bed5284a] Object was deleted but could not be found in the ZRC.
[http://chemistry.apache.org/MjNhNDVkMmQtZDVjMy00YjhiLWE5YWQtZTVlNjc4YzI4YjUxOzEuMA==-23a45d2d-d5c3-4b8b-a9ad-e5e678c28b51] Object was created but could not be found in the DRC.
[http://chemistry.apache.org/MjNhNDVkMmQtZDVjMy00YjhiLWE5YWQtZTVlNjc4YzI4YjUxOzEuMA==-23a45d2d-d5c3-4b8b-a9ad-e5e678c28b51] Object was updated but could not be found in the DRC.
[http://chemistry.apache.org/ZWJmZWM3MjYtNzBlZi00OWJiLTliY2MtMDFmYzQ3YTA4ZjEx-ebfec726-70ef-49bb-9bcc-01fc47a08f11] Object was created but could not be found in the DRC.
[http://chemistry.apache.org/OGI4N2EwYjYtZmYzOC00MDg3LTlkNTUtMDk2MjY1ZjU1Y2I2-8b87a0b6-ff38-4087-9d55-096265f55cb6] Object was created but could not be found in the DRC.
[http://chemistry.apache.org/OWZkYmRiNGYtMTUyMi00Yjg4LWIzNTktNmRmNDQ3MTkwOTFkOzEuMA==-9fdbdb4f-1522-4b88-b359-6df44719091d] Object was created but could not be found in the DRC.
[http://chemistry.apache.org/OWZkYmRiNGYtMTUyMi00Yjg4LWIzNTktNmRmNDQ3MTkwOTFkOzEuMA==-9fdbdb4f-1522-4b88-b359-6df44719091d] Object was updated but could not be found in the DRC.
[http://chemistry.apache.org/OWZkYmRiNGYtMTUyMi00Yjg4LWIzNTktNmRmNDQ3MTkwOTFkOzEuMA==-9fdbdb4f-1522-4b88-b359-6df44719091d] Object was deleted but could not be found in the ZRC.
[http://chemistry.apache.org/OGI4N2EwYjYtZmYzOC00MDg3LTlkNTUtMDk2MjY1ZjU1Y2I2-8b87a0b6-ff38-4087-9d55-096265f55cb6] Object was deleted but could not be found in the ZRC.
[http://chemistry.apache.org/ZWJmZWM3MjYtNzBlZi00OWJiLTliY2MtMDFmYzQ3YTA4ZjEx-ebfec726-70ef-49bb-9bcc-01fc47a08f11] Object was deleted but could not be found in the ZRC.
[http://chemistry.apache.org/NWI4NTc1YmQtYmI4Yy00NmZhLWE5OWItNTQyMzJiZThlM2Vh-5b8575bd-bb8c-46fa-a99b-54232be8e3ea] Object was created but could not be found in the DRC.
[http://chemistry.apache.org/ZmU1ZWE2YTUtMDQ5Mi00MDQyLThlMGEtZDYyYjY0NjVhZDRj-fe5ea6a5-0492-4042-8e0a-d62b6465ad4c] Object was created but could not be found in the DRC.
[http://chemistry.apache.org/ZmU1ZWE2YTUtMDQ5Mi00MDQyLThlMGEtZDYyYjY0NjVhZDRj-fe5ea6a5-0492-4042-8e0a-d62b6465ad4c] Object was deleted but could not be found in the ZRC.
[http://chemistry.apache.org/NWI4NTc1YmQtYmI4Yy00NmZhLWE5OWItNTQyMzJiZThlM2Vh-5b8575bd-bb8c-46fa-a99b-54232be8e3ea] Object was deleted but could not be found in the ZRC.
[http://chemistry.apache.org/ZTBmMzQ3MjYtZTRmYy00MTc2LWI1NWQtNjIwNDk4ODc4MWNi-e0f34726-e4fc-4176-b55d-6204988781cb] Object was created but could not be found in the DRC.
[http://chemistry.apache.org/ZTE3MzVkNzItMzdjMS00M2JmLTk2NzUtYjRjNjc5NzMxZDlk-e1735d72-37c1-43bf-9675-b4c679731d9d] Object was created but could not be found in the DRC.
[http://chemistry.apache.org/NjNjNDgwNjktYjczMS00MWQxLTg5OGYtYmZmZTcxZjYxZWQ5OzEuMA==-63c48069-b731-41d1-898f-bffe71f61ed9] Object was created but could not be found in the DRC.
[http://chemistry.apache.org/NjNjNDgwNjktYjczMS00MWQxLTg5OGYtYmZmZTcxZjYxZWQ5OzEuMA==-63c48069-b731-41d1-898f-bffe71f61ed9] Object was updated but could not be found in the DRC.
[http://chemistry.apache.org/NjNjNDgwNjktYjczMS00MWQxLTg5OGYtYmZmZTcxZjYxZWQ5OzEuMA==-63c48069-b731-41d1-898f-bffe71f61ed9] Object was deleted but could not be found in the ZRC.
[http://chemistry.apache.org/ZTE3MzVkNzItMzdjMS00M2JmLTk2NzUtYjRjNjc5NzMxZDlk-e1735d72-37c1-43bf-9675-b4c679731d9d] Object was deleted but could not be found in the ZRC.
[http://chemistry.apache.org/ZTBmMzQ3MjYtZTRmYy00MTc2LWI1NWQtNjIwNDk4ODc4MWNi-e0f34726-e4fc-4176-b55d-6204988781cb] Object was deleted but could not be found in the ZRC.
[http://chemistry.apache.org/ZmMxYWNjZjQtNTlhYy00NTUwLWI0MWQtMmQwYThjYjY5MmNk-fc1accf4-59ac-4550-b41d-2d0a8cb692cd] Object was created but could not be found in the DRC.
[http://chemistry.apache.org/ZjA4MzRkMjktMGVlMS00MmNmLTg0YmMtMGZmODhhOGNlYzI2-f0834d29-0ee1-42cf-84bc-0ff88a8cec26] Object was created but could not be found in the DRC.
[http://chemistry.apache.org/YWFmZjRkZGEtOGEwMS00YmE0LWIwZDQtMzlmMWI4YTM1MDNkOzEuMA==-aaff4dda-8a01-4ba4-b0d4-39f1b8a3503d] Object was created but could not be found in the DRC.
[http://chemistry.apache.org/YWFmZjRkZGEtOGEwMS00YmE0LWIwZDQtMzlmMWI4YTM1MDNkOzEuMA==-aaff4dda-8a01-4ba4-b0d4-39f1b8a3503d] Object was updated but could not be found in the DRC.
[http://chemistry.apache.org/YWFmZjRkZGEtOGEwMS00YmE0LWIwZDQtMzlmMWI4YTM1MDNkOzEuMA==-aaff4dda-8a01-4ba4-b0d4-39f1b8a3503d] Object was deleted but could not be found in the ZRC.
[http://chemistry.apache.org/ZjA4MzRkMjktMGVlMS00MmNmLTg0YmMtMGZmODhhOGNlYzI2-f0834d29-0ee1-42cf-84bc-0ff88a8cec26] Object was deleted but could not be found in the ZRC.
[http://chemistry.apache.org/ZmMxYWNjZjQtNTlhYy00NTUwLWI0MWQtMmQwYThjYjY5MmNk-fc1accf4-59ac-4550-b41d-2d0a8cb692cd] Object was deleted but could not be found in the ZRC.
[http://chemistry.apache.org/MzBkNGQwMmUtZjU3YS00NzZiLWI3NGYtMGRiOTliOGFhYzM3-30d4d02e-f57a-476b-b74f-0db99b8aac37] Object was created but could not be found in the DRC.
[http://chemistry.apache.org/YTIxYjE5ODAtMTM4Yi00MTA2LWFhYmQtYTIwZmU1MTdiN2E1-a21b1980-138b-4106-aabd-a20fe517b7a5] Object was created but could not be found in the DRC.
[http://chemistry.apache.org/YWU5ZTk3OTItZDAxMy00MjQ2LThlOTQtYjg2ODAyODc4MzVjOzEuMA==-ae9e9792-d013-4246-8e94-b8680287835c] Object was created but could not be found in the DRC.
[http://chemistry.apache.org/YWU5ZTk3OTItZDAxMy00MjQ2LThlOTQtYjg2ODAyODc4MzVjOzEuMA==-ae9e9792-d013-4246-8e94-b8680287835c] Object was updated but could not be found in the DRC.
[http://chemistry.apache.org/YWU5ZTk3OTItZDAxMy00MjQ2LThlOTQtYjg2ODAyODc4MzVjOzEuMA==-ae9e9792-d013-4246-8e94-b8680287835c] Object was deleted but could not be found in the ZRC.
[http://chemistry.apache.org/YTIxYjE5ODAtMTM4Yi00MTA2LWFhYmQtYTIwZmU1MTdiN2E1-a21b1980-138b-4106-aabd-a20fe517b7a5] Object was deleted but could not be found in the ZRC.
[http://chemistry.apache.org/MzBkNGQwMmUtZjU3YS00NzZiLWI3NGYtMGRiOTliOGFhYzM3-30d4d02e-f57a-476b-b74f-0db99b8aac37] Object was deleted but could not be found in the ZRC.
[http://chemistry.apache.org/ZjYxMThkMDItODU1MC00ZTUzLTk5NzItZGNhMWRiYmM2MTgx-f6118d02-8550-4e53-9972-dca1dbbc6181] Object was created but could not be found in the DRC.
[http://chemistry.apache.org/Yjg3ZmQ0MjEtNGM4Yi00OWY5LTlmNzctYTAwZjBmYmE0OWIy-b87fd421-4c8b-49f9-9f77-a00f0fba49b2] Object was created but could not be found in the DRC.
[http://chemistry.apache.org/MGNmYTJiYmEtM2Y5NS00YzI4LWFmNWYtYTQ4MDUyNTAxZDJhOzEuMA==-0cfa2bba-3f95-4c28-af5f-a48052501d2a] Object was created but could not be found in the DRC.
[http://chemistry.apache.org/MGNmYTJiYmEtM2Y5NS00YzI4LWFmNWYtYTQ4MDUyNTAxZDJhOzEuMA==-0cfa2bba-3f95-4c28-af5f-a48052501d2a] Object was updated but could not be found in the DRC.
[http://chemistry.apache.org/MmVlZTUxM2UtNWIwZC00MjYwLWJiODMtMDQ5NTcwOTgzMWNi-2eee513e-5b0d-4260-bb83-0495709831cb] Object was created but could not be found in the DRC.
[http://chemistry.apache.org/MGNmYTJiYmEtM2Y5NS00YzI4LWFmNWYtYTQ4MDUyNTAxZDJhOzEuMA==-0cfa2bba-3f95-4c28-af5f-a48052501d2a] Object was deleted but could not be found in the ZRC.
[http://chemistry.apache.org/MmVlZTUxM2UtNWIwZC00MjYwLWJiODMtMDQ5NTcwOTgzMWNi-2eee513e-5b0d-4260-bb83-0495709831cb] Object was deleted but could not be found in the ZRC.
[http://chemistry.apache.org/Yjg3ZmQ0MjEtNGM4Yi00OWY5LTlmNzctYTAwZjBmYmE0OWIy-b87fd421-4c8b-49f9-9f77-a00f0fba49b2] Object was deleted but could not be found in the ZRC.
[http://chemistry.apache.org/ZjYxMThkMDItODU1MC00ZTUzLTk5NzItZGNhMWRiYmM2MTgx-f6118d02-8550-4e53-9972-dca1dbbc6181] Object was deleted but could not be found in the ZRC.
[http://chemistry.apache.org/YTFiMDI3NjItOWUwNi00NGEzLTlmOTEtMTE5YTllYjc4ZDJi-a1b02762-9e06-44a3-9f91-119a9eb78d2b] Object was created but could not be found in the DRC.
[http://chemistry.apache.org/NDJkNDIyN2MtYzdlYS00MGMwLWFiZjAtZWUyMzFkODg2MGVh-42d4227c-c7ea-40c0-abf0-ee231d8860ea] Object was created but could not be found in the DRC.
[http://chemistry.apache.org/ZGY3MDg2ZWYtNTg3Yy00MmFkLWI1ZjktNzRlNGViZDY1NWY4OzEuMA==-df7086ef-587c-42ad-b5f9-74e4ebd655f8] Object was created but could not be found in the DRC.
[http://chemistry.apache.org/ZGY3MDg2ZWYtNTg3Yy00MmFkLWI1ZjktNzRlNGViZDY1NWY4OzEuMA==-df7086ef-587c-42ad-b5f9-74e4ebd655f8] Object was updated but could not be found in the DRC.
[http://chemistry.apache.org/ZGY3MDg2ZWYtNTg3Yy00MmFkLWI1ZjktNzRlNGViZDY1NWY4OzEuMA==-df7086ef-587c-42ad-b5f9-74e4ebd655f8] Object was deleted but could not be found in the ZRC.
[http://chemistry.apache.org/NDJkNDIyN2MtYzdlYS00MGMwLWFiZjAtZWUyMzFkODg2MGVh-42d4227c-c7ea-40c0-abf0-ee231d8860ea] Object was deleted but could not be found in the ZRC.
[http://chemistry.apache.org/YTFiMDI3NjItOWUwNi00NGEzLTlmOTEtMTE5YTllYjc4ZDJi-a1b02762-9e06-44a3-9f91-119a9eb78d2b] Object was deleted but could not be found in the ZRC.
[http://chemistry.apache.org/MmQ3NGE3NDgtOTkzYS00NDljLWI2MDUtNGI0NDBiYThjZWJh-2d74a748-993a-449c-b605-4b440ba8ceba] Object was created but could not be found in the DRC.
[http://chemistry.apache.org/YmE5ZmZmMmQtMDk3NS00OWYzLWFiNTMtZDQxMjZmZTBkNWUz-ba9fff2d-0975-49f3-ab53-d4126fe0d5e3] Object was created but could not be found in the DRC.
[http://chemistry.apache.org/ZmMyZDRiYzgtMWY1MS00ZTQ0LTk1YmQtMzFkNzE2MmJhNjA3OzEuMA==-fc2d4bc8-1f51-4e44-95bd-31d7162ba607] Object was created but could not be found in the DRC.
[http://chemistry.apache.org/ZmMyZDRiYzgtMWY1MS00ZTQ0LTk1YmQtMzFkNzE2MmJhNjA3OzEuMA==-fc2d4bc8-1f51-4e44-95bd-31d7162ba607] Object was updated but could not be found in the DRC.
[http://chemistry.apache.org/ZmMyZDRiYzgtMWY1MS00ZTQ0LTk1YmQtMzFkNzE2MmJhNjA3OzEuMA==-fc2d4bc8-1f51-4e44-95bd-31d7162ba607] Object was deleted but could not be found in the ZRC.
[http://chemistry.apache.org/NzgzNjQ0ZWMtNTU4Yy00ZDE0LThmZmUtMjIxZGNhMWY3MTg0-783644ec-558c-4d14-8ffe-221dca1f7184] Object was created but could not be found in the DRC.
[http://chemistry.apache.org/NzgzNjQ0ZWMtNTU4Yy00ZDE0LThmZmUtMjIxZGNhMWY3MTg0-783644ec-558c-4d14-8ffe-221dca1f7184] Object was deleted but could not be found in the ZRC.
[http://chemistry.apache.org/YmE5ZmZmMmQtMDk3NS00OWYzLWFiNTMtZDQxMjZmZTBkNWUz-ba9fff2d-0975-49f3-ab53-d4126fe0d5e3] Object was deleted but could not be found in the ZRC.
[http://chemistry.apache.org/MmQ3NGE3NDgtOTkzYS00NDljLWI2MDUtNGI0NDBiYThjZWJh-2d74a748-993a-449c-b605-4b440ba8ceba] Object was deleted but could not be found in the ZRC.
[http://chemistry.apache.org/ODBiY2JhOTUtNDczMC00Y2E4LTkxZTQtN2Q1YjI4MjJlMzVmOzEuMA==-80bcba95-4730-4ca8-91e4-7d5b2822e35f] Object was created but could not be found in the DRC.
[http://chemistry.apache.org/ODBiY2JhOTUtNDczMC00Y2E4LTkxZTQtN2Q1YjI4MjJlMzVmOzEuMA==-80bcba95-4730-4ca8-91e4-7d5b2822e35f] Object was updated but could not be found in the DRC.
[http://chemistry.apache.org/MDE3NjkwZTgtMGJkNi00NmRiLTg5NmYtZGU4NTYxMDRhZjMz-017690e8-0bd6-46db-896f-de856104af33] Object was created but could not be found in the DRC.
[http://chemistry.apache.org/NTVjODEyYTMtYjVjZi00YTJkLWI1MzItMDhmZDQyN2Q3ODdi-55c812a3-b5cf-4a2d-b532-08fd427d787b] Object was created but could not be found in the DRC.
[http://chemistry.apache.org/MDY5ODBjN2UtYzk3MS00ZjZiLTgyNDctZTUwMTE0MGNlN2I2OzEuMA==-06980c7e-c971-4f6b-8247-e501140ce7b6] Object was created but could not be found in the DRC.
[http://chemistry.apache.org/MDY5ODBjN2UtYzk3MS00ZjZiLTgyNDctZTUwMTE0MGNlN2I2OzEuMA==-06980c7e-c971-4f6b-8247-e501140ce7b6] Object was updated but could not be found in the DRC.
[http://chemistry.apache.org/MDY5ODBjN2UtYzk3MS00ZjZiLTgyNDctZTUwMTE0MGNlN2I2OzEuMQ==-06980c7e-c971-4f6b-8247-e501140ce7b6] Object was deleted but could not be found in the ZRC.
[http://chemistry.apache.org/NTVjODEyYTMtYjVjZi00YTJkLWI1MzItMDhmZDQyN2Q3ODdi-55c812a3-b5cf-4a2d-b532-08fd427d787b] Object was deleted but could not be found in the ZRC.
[http://chemistry.apache.org/MDE3NjkwZTgtMGJkNi00NmRiLTg5NmYtZGU4NTYxMDRhZjMz-017690e8-0bd6-46db-896f-de856104af33] Object was deleted but could not be found in the ZRC.
[http://chemistry.apache.org/OGQ1YWQxZWYtZmE3ZC00MGZlLThjZjgtZjg3NmJiNTVhN2I3-8d5ad1ef-fa7d-40fe-8cf8-f876bb55a7b7] Object was created but could not be found in the DRC.
[http://chemistry.apache.org/NzZiNjkzOWUtOGM1YS00ZGI5LWIzNjEtM2VlNTRkNjVkNDcz-76b6939e-8c5a-4db9-b361-3ee54d65d473] Object was created but could not be found in the DRC.
[http://chemistry.apache.org/NzZiNjkzOWUtOGM1YS00ZGI5LWIzNjEtM2VlNTRkNjVkNDcz-76b6939e-8c5a-4db9-b361-3ee54d65d473] Object was deleted but could not be found in the ZRC.
[http://chemistry.apache.org/OGQ1YWQxZWYtZmE3ZC00MGZlLThjZjgtZjg3NmJiNTVhN2I3-8d5ad1ef-fa7d-40fe-8cf8-f876bb55a7b7] Object was deleted but could not be found in the ZRC.
[http://chemistry.apache.org/ZTlkZWIxMjQtNzQ3Zi00ZjdmLTg4NWYtOTY1Mjg2MDQxNGMy-e9deb124-747f-4f7f-885f-9652860414c2] Object was created but could not be found in the DRC.
[http://chemistry.apache.org/NjY5MDVmMjQtZmIyZC00ZTJiLWFmNDAtMzUxMTA0MTI3NTg4-66905f24-fb2d-4e2b-af40-351104127588] Object was created but could not be found in the DRC.
[http://chemistry.apache.org/NTUyMzRjMmQtMmI5NC00YjAxLTljMjUtY2VjOTg1MGEzZmY5OzEuMA==-55234c2d-2b94-4b01-9c25-cec9850a3ff9] Object was created but could not be found in the DRC.
[http://chemistry.apache.org/NTUyMzRjMmQtMmI5NC00YjAxLTljMjUtY2VjOTg1MGEzZmY5OzEuMA==-55234c2d-2b94-4b01-9c25-cec9850a3ff9] Object was updated but could not be found in the DRC.
[http://chemistry.apache.org/NTUyMzRjMmQtMmI5NC00YjAxLTljMjUtY2VjOTg1MGEzZmY5OzEuMA==-55234c2d-2b94-4b01-9c25-cec9850a3ff9] Object was deleted but could not be found in the ZRC.
[http://chemistry.apache.org/NjY5MDVmMjQtZmIyZC00ZTJiLWFmNDAtMzUxMTA0MTI3NTg4-66905f24-fb2d-4e2b-af40-351104127588] Object was deleted but could not be found in the ZRC.
[http://chemistry.apache.org/ZTlkZWIxMjQtNzQ3Zi00ZjdmLTg4NWYtOTY1Mjg2MDQxNGMy-e9deb124-747f-4f7f-885f-9652860414c2] Object was deleted but could not be found in the ZRC.
[http://chemistry.apache.org/NTE2NTVlN2YtZWNkMC00NzZlLWIxNGQtOWQ5NTEwYmE1M2I1-51655e7f-ecd0-476e-b14d-9d9510ba53b5] Object was created but could not be found in the DRC.
[http://chemistry.apache.org/ZjU3M2U1NzAtNzZlMS00ZjI5LTg3ZGEtNDEyZDhiYTk0YzJj-f573e570-76e1-4f29-87da-412d8ba94c2c] Object was created but could not be found in the DRC.
[http://chemistry.apache.org/N2MyZGE5MzItZDlkNS00OWIxLWJjMDQtODgxZjljMjVkYTUxOzEuMA==-7c2da932-d9d5-49b1-bc04-881f9c25da51] Object was created but could not be found in the DRC.
[http://chemistry.apache.org/N2MyZGE5MzItZDlkNS00OWIxLWJjMDQtODgxZjljMjVkYTUxOzEuMA==-7c2da932-d9d5-49b1-bc04-881f9c25da51] Object was updated but could not be found in the DRC.
[http://chemistry.apache.org/N2MyZGE5MzItZDlkNS00OWIxLWJjMDQtODgxZjljMjVkYTUxOzEuMA==-7c2da932-d9d5-49b1-bc04-881f9c25da51] Object was deleted but could not be found in the ZRC.
[http://chemistry.apache.org/ZjU3M2U1NzAtNzZlMS00ZjI5LTg3ZGEtNDEyZDhiYTk0YzJj-f573e570-76e1-4f29-87da-412d8ba94c2c] Object was deleted but could not be found in the ZRC.
[http://chemistry.apache.org/NTE2NTVlN2YtZWNkMC00NzZlLWIxNGQtOWQ5NTEwYmE1M2I1-51655e7f-ecd0-476e-b14d-9d9510ba53b5] Object was deleted but could not be found in the ZRC.
[http://chemistry.apache.org/NjRiM2NkZTItMGY4ZS00MzYxLTkyOWEtZGU0YWYyODRjODY0-64b3cde2-0f8e-4361-929a-de4af284c864] Object was created but could not be found in the DRC.
[http://chemistry.apache.org/ZjkxNTgyNDItZDMxMC00MWYxLWI1MDgtZGQ5YjM2NDRlZjBi-f9158242-d310-41f1-b508-dd9b3644ef0b] Object was created but could not be found in the DRC.
[http://chemistry.apache.org/NmVjMDEyN2UtMzRiYy00MGE0LTk5ZGEtNGI5YzQyOTQxOWUwOzEuMA==-6ec0127e-34bc-40a4-99da-4b9c429419e0] Object was created but could not be found in the DRC.
[http://chemistry.apache.org/NmVjMDEyN2UtMzRiYy00MGE0LTk5ZGEtNGI5YzQyOTQxOWUwOzEuMA==-6ec0127e-34bc-40a4-99da-4b9c429419e0] Object was updated but could not be found in the DRC.
[http://chemistry.apache.org/NmVjMDEyN2UtMzRiYy00MGE0LTk5ZGEtNGI5YzQyOTQxOWUwOzEuMA==-6ec0127e-34bc-40a4-99da-4b9c429419e0] Object was deleted but could not be found in the ZRC.
[http://chemistry.apache.org/ZjkxNTgyNDItZDMxMC00MWYxLWI1MDgtZGQ5YjM2NDRlZjBi-f9158242-d310-41f1-b508-dd9b3644ef0b] Object was deleted but could not be found in the ZRC.
[http://chemistry.apache.org/NjRiM2NkZTItMGY4ZS00MzYxLTkyOWEtZGU0YWYyODRjODY0-64b3cde2-0f8e-4361-929a-de4af284c864] Object was deleted but could not be found in the ZRC.
[http://chemistry.apache.org/Mzg4ZTI2NjEtOTliNS00ZDMwLWIzZTctNzljMTA3OGM3ZjZi-388e2661-99b5-4d30-b3e7-79c1078c7f6b] Object was created but could not be found in the DRC.
[http://chemistry.apache.org/ZWU2MDU0NDktNGMzZi00ODI3LWIyNTYtNzhiYWMxNmYwYmI0-ee605449-4c3f-4827-b256-78bac16f0bb4] Object was created but could not be found in the DRC.
[http://chemistry.apache.org/Y2IzMWUxNGYtZDMzNC00NDUxLTlkNjUtZWNkNTBhMTg2YmM2OzEuMA==-cb31e14f-d334-4451-9d65-ecd50a186bc6] Object was created but could not be found in the DRC.
[http://chemistry.apache.org/Y2IzMWUxNGYtZDMzNC00NDUxLTlkNjUtZWNkNTBhMTg2YmM2OzEuMA==-cb31e14f-d334-4451-9d65-ecd50a186bc6] Object was updated but could not be found in the DRC.
[http://chemistry.apache.org/YTRkODUxYTItYjdmYy00NWE2LWE5M2EtMDU0ZDVlZDYwYWU4-a4d851a2-b7fc-45a6-a93a-054d5ed60ae8] Object was created but could not be found in the DRC.
[http://chemistry.apache.org/Y2IzMWUxNGYtZDMzNC00NDUxLTlkNjUtZWNkNTBhMTg2YmM2OzEuMA==-cb31e14f-d334-4451-9d65-ecd50a186bc6] Object was deleted but could not be found in the ZRC.
[http://chemistry.apache.org/YTRkODUxYTItYjdmYy00NWE2LWE5M2EtMDU0ZDVlZDYwYWU4-a4d851a2-b7fc-45a6-a93a-054d5ed60ae8] Object was deleted but could not be found in the ZRC.
[http://chemistry.apache.org/ZWU2MDU0NDktNGMzZi00ODI3LWIyNTYtNzhiYWMxNmYwYmI0-ee605449-4c3f-4827-b256-78bac16f0bb4] Object was deleted but could not be found in the ZRC.
[http://chemistry.apache.org/Mzg4ZTI2NjEtOTliNS00ZDMwLWIzZTctNzljMTA3OGM3ZjZi-388e2661-99b5-4d30-b3e7-79c1078c7f6b] Object was deleted but could not be found in the ZRC.
[http://chemistry.apache.org/ZTI4NDgwYWYtYTBlNy00ODEyLTg5NWYtYmU2NDI2ZmQwNTdi-e28480af-a0e7-4812-895f-be6426fd057b] Object was created but could not be found in the DRC.
[http://chemistry.apache.org/ZGVlOTdiODUtNGIzNC00NTNiLWFmYzUtOTM0MTdmNzgwYjc0-dee97b85-4b34-453b-afc5-93417f780b74] Object was created but could not be found in the DRC.
[http://chemistry.apache.org/MDg1NmYxNWItNzY2Yi00MzlhLWEwZDktN2FiY2E3YTdmZGRhOzEuMA==-0856f15b-766b-439a-a0d9-7abca7a7fdda] Object was created but could not be found in the DRC.
[http://chemistry.apache.org/MDg1NmYxNWItNzY2Yi00MzlhLWEwZDktN2FiY2E3YTdmZGRhOzEuMA==-0856f15b-766b-439a-a0d9-7abca7a7fdda] Object was updated but could not be found in the DRC.
[http://chemistry.apache.org/MDg1NmYxNWItNzY2Yi00MzlhLWEwZDktN2FiY2E3YTdmZGRhOzEuMA==-0856f15b-766b-439a-a0d9-7abca7a7fdda] Object was deleted but could not be found in the ZRC.
[http://chemistry.apache.org/ZGVlOTdiODUtNGIzNC00NTNiLWFmYzUtOTM0MTdmNzgwYjc0-dee97b85-4b34-453b-afc5-93417f780b74] Object was deleted but could not be found in the ZRC.
[http://chemistry.apache.org/ZTI4NDgwYWYtYTBlNy00ODEyLTg5NWYtYmU2NDI2ZmQwNTdi-e28480af-a0e7-4812-895f-be6426fd057b] Object was deleted but could not be found in the ZRC.
[http://chemistry.apache.org/Y2JkM2U4NzctOWNkNC00MTAxLWJiMmUtYjU3YzA4MmRjZmJm-cbd3e877-9cd4-4101-bb2e-b57c082dcfbf] Object was created but could not be found in the DRC.
[http://chemistry.apache.org/MzViNDQ2MDAtM2QyYS00ODUxLTg1OGUtMDZmNDYxN2FlNmFl-35b44600-3d2a-4851-858e-06f4617ae6ae] Object was created but could not be found in the DRC.
[http://chemistry.apache.org/OTI3OTRhNjAtZGRlMy00ODc0LTk3ZjYtZDkxMGFlMzFjZjVjOzEuMA==-92794a60-dde3-4874-97f6-d910ae31cf5c] Object was created but could not be found in the DRC.
[http://chemistry.apache.org/OTI3OTRhNjAtZGRlMy00ODc0LTk3ZjYtZDkxMGFlMzFjZjVjOzEuMA==-92794a60-dde3-4874-97f6-d910ae31cf5c] Object was updated but could not be found in the DRC.
[http://chemistry.apache.org/OTI3OTRhNjAtZGRlMy00ODc0LTk3ZjYtZDkxMGFlMzFjZjVjOzEuMA==-92794a60-dde3-4874-97f6-d910ae31cf5c] Object was deleted but could not be found in the ZRC.
[http://chemistry.apache.org/MDUzMTBmNmYtYmEwOS00NGZlLTlkNWYtZTk0ZGQyMzM2MWNk-05310f6f-ba09-44fe-9d5f-e94dd23361cd] Object was created but could not be found in the DRC.
[http://chemistry.apache.org/MDUzMTBmNmYtYmEwOS00NGZlLTlkNWYtZTk0ZGQyMzM2MWNk-05310f6f-ba09-44fe-9d5f-e94dd23361cd] Object was deleted but could not be found in the ZRC.
[http://chemistry.apache.org/MzViNDQ2MDAtM2QyYS00ODUxLTg1OGUtMDZmNDYxN2FlNmFl-35b44600-3d2a-4851-858e-06f4617ae6ae] Object was deleted but could not be found in the ZRC.
[http://chemistry.apache.org/Y2JkM2U4NzctOWNkNC00MTAxLWJiMmUtYjU3YzA4MmRjZmJm-cbd3e877-9cd4-4101-bb2e-b57c082dcfbf] Object was deleted but could not be found in the ZRC.
[http://chemistry.apache.org/ZDkwOTAzYTktMGE4ZS00OGZhLWEyZDAtZTQwMzg2MjYxMTcyOzEuMA==-d90903a9-0a8e-48fa-a2d0-e40386261172] Object was created but could not be found in the DRC.
[http://chemistry.apache.org/ZDkwOTAzYTktMGE4ZS00OGZhLWEyZDAtZTQwMzg2MjYxMTcyOzEuMA==-d90903a9-0a8e-48fa-a2d0-e40386261172] Object was updated but could not be found in the DRC.
[http://chemistry.apache.org/NjVhZDE5MmYtMTg4YS00MzllLThiMzAtMzc4MDEyZWEyNGMx-65ad192f-188a-439e-8b30-378012ea24c1] Object was created but could not be found in the DRC.
[http://chemistry.apache.org/ODJhMmFkNzItNmIyMC00NjI4LTk1NGItZTFiMTZmNGNlMDFk-82a2ad72-6b20-4628-954b-e1b16f4ce01d] Object was created but could not be found in the DRC.
[http://chemistry.apache.org/ZmM5ZmRkZTgtYTEwYS00NzNjLWFkMDgtNzkxYzg3ODYzNTA0OzEuMA==-fc9fdde8-a10a-473c-ad08-791c87863504] Object was created but could not be found in the DRC.
[http://chemistry.apache.org/ZmM5ZmRkZTgtYTEwYS00NzNjLWFkMDgtNzkxYzg3ODYzNTA0OzEuMA==-fc9fdde8-a10a-473c-ad08-791c87863504] Object was updated but could not be found in the DRC.
[http://chemistry.apache.org/ZmM5ZmRkZTgtYTEwYS00NzNjLWFkMDgtNzkxYzg3ODYzNTA0OzEuMQ==-fc9fdde8-a10a-473c-ad08-791c87863504] Object was deleted but could not be found in the ZRC.
[http://chemistry.apache.org/ODJhMmFkNzItNmIyMC00NjI4LTk1NGItZTFiMTZmNGNlMDFk-82a2ad72-6b20-4628-954b-e1b16f4ce01d] Object was deleted but could not be found in the ZRC.
[http://chemistry.apache.org/NjVhZDE5MmYtMTg4YS00MzllLThiMzAtMzc4MDEyZWEyNGMx-65ad192f-188a-439e-8b30-378012ea24c1] Object was deleted but could not be found in the ZRC.
[http://chemistry.apache.org/YjcyM2U1MzQtMTY1MS00MDIyLThjZTgtNWZlN2M3NGE5YjYw-b723e534-1651-4022-8ce8-5fe7c74a9b60] Object was created but could not be found in the DRC.
[http://chemistry.apache.org/ODI0NTA3NDEtYWY3OS00MzNkLWFkZmItM2E2ZGMyMmJjYjEz-82450741-af79-433d-adfb-3a6dc22bcb13] Object was created but could not be found in the DRC.
[http://chemistry.apache.org/ODI0NTA3NDEtYWY3OS00MzNkLWFkZmItM2E2ZGMyMmJjYjEz-82450741-af79-433d-adfb-3a6dc22bcb13] Object was deleted but could not be found in the ZRC.
[http://chemistry.apache.org/YjcyM2U1MzQtMTY1MS00MDIyLThjZTgtNWZlN2M3NGE5YjYw-b723e534-1651-4022-8ce8-5fe7c74a9b60] Object was deleted but could not be found in the ZRC.
[http://chemistry.apache.org/NjZlZGM0NjYtYTY2My00ODNkLWFkZDktMWFkNWYzZmQ1OGUy-66edc466-a663-483d-add9-1ad5f3fd58e2] Object was created but could not be found in the DRC.
[http://chemistry.apache.org/MDFkNmZlNDYtODFjYS00MjhiLTgwN2UtY2FjZjU3ZmU3OTEx-01d6fe46-81ca-428b-807e-cacf57fe7911] Object was created but could not be found in the DRC.
[http://chemistry.apache.org/ZmZlZDI5YTMtY2E1OS00NTlmLWJmYjMtNTc5Y2U1ZTg0ZThlOzEuMA==-ffed29a3-ca59-459f-bfb3-579ce5e84e8e] Object was created but could not be found in the DRC.
[http://chemistry.apache.org/ZmZlZDI5YTMtY2E1OS00NTlmLWJmYjMtNTc5Y2U1ZTg0ZThlOzEuMA==-ffed29a3-ca59-459f-bfb3-579ce5e84e8e] Object was updated but could not be found in the DRC.
[http://chemistry.apache.org/ZmZlZDI5YTMtY2E1OS00NTlmLWJmYjMtNTc5Y2U1ZTg0ZThlOzEuMA==-ffed29a3-ca59-459f-bfb3-579ce5e84e8e] Object was deleted but could not be found in the ZRC.
[http://chemistry.apache.org/MDFkNmZlNDYtODFjYS00MjhiLTgwN2UtY2FjZjU3ZmU3OTEx-01d6fe46-81ca-428b-807e-cacf57fe7911] Object was deleted but could not be found in the ZRC.
[http://chemistry.apache.org/NjZlZGM0NjYtYTY2My00ODNkLWFkZDktMWFkNWYzZmQ1OGUy-66edc466-a663-483d-add9-1ad5f3fd58e2] Object was deleted but could not be found in the ZRC.
[http://chemistry.apache.org/NzRmYmE2YjQtMWU5MS00YjNhLTg4ZWMtOGVlZjY1M2MyNTYy-74fba6b4-1e91-4b3a-88ec-8eef653c2562] Object was created but could not be found in the DRC.
[http://chemistry.apache.org/NDVhZDk2NjMtMWJjOS00YzhiLWFiNTUtN2UwNmFhYWYwNjlm-45ad9663-1bc9-4c8b-ab55-7e06aaaf069f] Object was created but could not be found in the DRC.
[http://chemistry.apache.org/NDVkOTA4MmUtNGYyYS00ZWIzLTlkN2QtNGJkNmQ0NDk0N2M2OzEuMA==-45d9082e-4f2a-4eb3-9d7d-4bd6d44947c6] Object was created but could not be found in the DRC.
[http://chemistry.apache.org/NDVkOTA4MmUtNGYyYS00ZWIzLTlkN2QtNGJkNmQ0NDk0N2M2OzEuMA==-45d9082e-4f2a-4eb3-9d7d-4bd6d44947c6] Object was updated but could not be found in the DRC.
[http://chemistry.apache.org/NDVkOTA4MmUtNGYyYS00ZWIzLTlkN2QtNGJkNmQ0NDk0N2M2OzEuMA==-45d9082e-4f2a-4eb3-9d7d-4bd6d44947c6] Object was deleted but could not be found in the ZRC.
[http://chemistry.apache.org/NDVhZDk2NjMtMWJjOS00YzhiLWFiNTUtN2UwNmFhYWYwNjlm-45ad9663-1bc9-4c8b-ab55-7e06aaaf069f] Object was deleted but could not be found in the ZRC.
[http://chemistry.apache.org/NzRmYmE2YjQtMWU5MS00YjNhLTg4ZWMtOGVlZjY1M2MyNTYy-74fba6b4-1e91-4b3a-88ec-8eef653c2562] Object was deleted but could not be found in the ZRC.
[http://chemistry.apache.org/MmRkNTU0ZDUtNjg1YS00OTVhLWJiNDAtOWYyZWEzNTdkZTcw-2dd554d5-685a-495a-bb40-9f2ea357de70] Object was created but could not be found in the DRC.
[http://chemistry.apache.org/Yjg0MGZhYTktNzIzNy00NmRmLTk3NjQtMzZkYTYxYTk0YzFk-b840faa9-7237-46df-9764-36da61a94c1d] Object was created but could not be found in the DRC.
[http://chemistry.apache.org/NGEwNWQyYmEtYTljZC00YjA2LWIyNGUtMWFiMTM4MzgyMGZmOzEuMA==-4a05d2ba-a9cd-4b06-b24e-1ab1383820ff] Object was created but could not be found in the DRC.
[http://chemistry.apache.org/NGEwNWQyYmEtYTljZC00YjA2LWIyNGUtMWFiMTM4MzgyMGZmOzEuMA==-4a05d2ba-a9cd-4b06-b24e-1ab1383820ff] Object was updated but could not be found in the DRC.
[http://chemistry.apache.org/NGEwNWQyYmEtYTljZC00YjA2LWIyNGUtMWFiMTM4MzgyMGZmOzEuMA==-4a05d2ba-a9cd-4b06-b24e-1ab1383820ff] Object was deleted but could not be found in the ZRC.
[http://chemistry.apache.org/Yjg0MGZhYTktNzIzNy00NmRmLTk3NjQtMzZkYTYxYTk0YzFk-b840faa9-7237-46df-9764-36da61a94c1d] Object was deleted but could not be found in the ZRC.
[http://chemistry.apache.org/MmRkNTU0ZDUtNjg1YS00OTVhLWJiNDAtOWYyZWEzNTdkZTcw-2dd554d5-685a-495a-bb40-9f2ea357de70] Object was deleted but could not be found in the ZRC.
[http://chemistry.apache.org/YWNjZWFhMDMtYzI5OS00MzkwLTg1NjEtMzA5NzQ2OGFiNmNm-acceaa03-c299-4390-8561-3097468ab6cf] Object was created but could not be found in the DRC.
[http://chemistry.apache.org/MDg3MTNhZjctNThhMC00NWIxLTkxMWEtODYwY2UyZDk5MTZj-08713af7-58a0-45b1-911a-860ce2d9916c] Object was created but could not be found in the DRC.
[http://chemistry.apache.org/NThjNDA0MDQtN2Q5YS00OWEzLTlhNmEtMzFiN2U1OGZhNzZmOzEuMA==-58c40404-7d9a-49a3-9a6a-31b7e58fa76f] Object was created but could not be found in the DRC.
[http://chemistry.apache.org/NThjNDA0MDQtN2Q5YS00OWEzLTlhNmEtMzFiN2U1OGZhNzZmOzEuMA==-58c40404-7d9a-49a3-9a6a-31b7e58fa76f] Object was updated but could not be found in the DRC.
[http://chemistry.apache.org/ZWJiNzRiYWEtMDg2OC00MGY4LWEwODgtZTY0YjRhODkyMjYy-ebb74baa-0868-40f8-a088-e64b4a892262] Object was created but could not be found in the DRC.
[http://chemistry.apache.org/NThjNDA0MDQtN2Q5YS00OWEzLTlhNmEtMzFiN2U1OGZhNzZmOzEuMA==-58c40404-7d9a-49a3-9a6a-31b7e58fa76f] Object was deleted but could not be found in the ZRC.
[http://chemistry.apache.org/ZWJiNzRiYWEtMDg2OC00MGY4LWEwODgtZTY0YjRhODkyMjYy-ebb74baa-0868-40f8-a088-e64b4a892262] Object was deleted but could not be found in the ZRC.
[http://chemistry.apache.org/MDg3MTNhZjctNThhMC00NWIxLTkxMWEtODYwY2UyZDk5MTZj-08713af7-58a0-45b1-911a-860ce2d9916c] Object was deleted but could not be found in the ZRC.
[http://chemistry.apache.org/YWNjZWFhMDMtYzI5OS00MzkwLTg1NjEtMzA5NzQ2OGFiNmNm-acceaa03-c299-4390-8561-3097468ab6cf] Object was deleted but could not be found in the ZRC.
[http://chemistry.apache.org/NWE2Zjc1MWYtNDhkZS00OTM4LWE0NmItZDM4YTRjYmM2NTVh-5a6f751f-48de-4938-a46b-d38a4cbc655a] Object was created but could not be found in the DRC.
[http://chemistry.apache.org/MWYxZWFkYzAtZDE5Ny00ZTY2LWJlZTAtNjA1ZTJmYzUzMmQ5-1f1eadc0-d197-4e66-bee0-605e2fc532d9] Object was created but could not be found in the DRC.
[http://chemistry.apache.org/NDA3MDZiNTAtZDhkYy00ZWI1LTgyMjAtODNmM2M1ZjViMjJjOzEuMA==-40706b50-d8dc-4eb5-8220-83f3c5f5b22c] Object was created but could not be found in the DRC.
[http://chemistry.apache.org/NDA3MDZiNTAtZDhkYy00ZWI1LTgyMjAtODNmM2M1ZjViMjJjOzEuMA==-40706b50-d8dc-4eb5-8220-83f3c5f5b22c] Object was updated but could not be found in the DRC.
[http://chemistry.apache.org/NDA3MDZiNTAtZDhkYy00ZWI1LTgyMjAtODNmM2M1ZjViMjJjOzEuMA==-40706b50-d8dc-4eb5-8220-83f3c5f5b22c] Object was deleted but could not be found in the ZRC.
[http://chemistry.apache.org/MWYxZWFkYzAtZDE5Ny00ZTY2LWJlZTAtNjA1ZTJmYzUzMmQ5-1f1eadc0-d197-4e66-bee0-605e2fc532d9] Object was deleted but could not be found in the ZRC.
[http://chemistry.apache.org/NWE2Zjc1MWYtNDhkZS00OTM4LWE0NmItZDM4YTRjYmM2NTVh-5a6f751f-48de-4938-a46b-d38a4cbc655a] Object was deleted but could not be found in the ZRC.
[http://chemistry.apache.org/MjNhOTE4MWEtNGIxMi00ZmM1LWExNGMtY2RjYTFlMDVmNDBm-23a9181a-4b12-4fc5-a14c-cdca1e05f40f] Object was created but could not be found in the DRC.
[http://chemistry.apache.org/YWQyZjg3NWQtODRiZC00ODQxLTliODktZmJhMjI5YmIzZWUy-ad2f875d-84bd-4841-9b89-fba229bb3ee2] Object was created but could not be found in the DRC.
[http://chemistry.apache.org/YjllM2ViYjYtOWFmNC00MTFjLTg2ZWItY2M2Yjk1NzU1MmEzOzEuMA==-b9e3ebb6-9af4-411c-86eb-cc6b957552a3] Object was created but could not be found in the DRC.
[http://chemistry.apache.org/YjllM2ViYjYtOWFmNC00MTFjLTg2ZWItY2M2Yjk1NzU1MmEzOzEuMA==-b9e3ebb6-9af4-411c-86eb-cc6b957552a3] Object was updated but could not be found in the DRC.
[http://chemistry.apache.org/YjllM2ViYjYtOWFmNC00MTFjLTg2ZWItY2M2Yjk1NzU1MmEzOzEuMA==-b9e3ebb6-9af4-411c-86eb-cc6b957552a3] Object was deleted but could not be found in the ZRC.
[http://chemistry.apache.org/YTQxZGU2OWQtNmZlMi00OTA2LWI0NjEtNWQ0MzUwN2M0YjM1-a41de69d-6fe2-4906-b461-5d43507c4b35] Object was created but could not be found in the DRC.
[http://chemistry.apache.org/YTQxZGU2OWQtNmZlMi00OTA2LWI0NjEtNWQ0MzUwN2M0YjM1-a41de69d-6fe2-4906-b461-5d43507c4b35] Object was deleted but could not be found in the ZRC.
[http://chemistry.apache.org/YWQyZjg3NWQtODRiZC00ODQxLTliODktZmJhMjI5YmIzZWUy-ad2f875d-84bd-4841-9b89-fba229bb3ee2] Object was deleted but could not be found in the ZRC.
[http://chemistry.apache.org/MjNhOTE4MWEtNGIxMi00ZmM1LWExNGMtY2RjYTFlMDVmNDBm-23a9181a-4b12-4fc5-a14c-cdca1e05f40f] Object was deleted but could not be found in the ZRC.
[http://chemistry.apache.org/MDdlMjAxYTgtN2E3ZS00NTFlLTlmZWUtODA3ZGMwNmZkMDc3OzEuMA==-07e201a8-7a7e-451e-9fee-807dc06fd077] Object was created but could not be found in the DRC.
[http://chemistry.apache.org/MDdlMjAxYTgtN2E3ZS00NTFlLTlmZWUtODA3ZGMwNmZkMDc3OzEuMA==-07e201a8-7a7e-451e-9fee-807dc06fd077] Object was updated but could not be found in the DRC.
[http://chemistry.apache.org/NjVhNWRmY2EtZDkzMC00MzliLWE1NGUtNWE0ZjE3ODQyZjI0-65a5dfca-d930-439b-a54e-5a4f17842f24] Object was created but could not be found in the DRC.
[http://chemistry.apache.org/NDcwNzViYWUtZDJkNy00ZGRkLWE4MjMtMDRlOGNjYzJmNzM1-47075bae-d2d7-4ddd-a823-04e8ccc2f735] Object was created but could not be found in the DRC.
[http://chemistry.apache.org/MTk0N2FiZGQtYWI0Zi00NDM3LWE3YjctN2MwODE1YTRjMjVjOzEuMA==-1947abdd-ab4f-4437-a7b7-7c0815a4c25c] Object was created but could not be found in the DRC.
[http://chemistry.apache.org/MTk0N2FiZGQtYWI0Zi00NDM3LWE3YjctN2MwODE1YTRjMjVjOzEuMA==-1947abdd-ab4f-4437-a7b7-7c0815a4c25c] Object was updated but could not be found in the DRC.
[http://chemistry.apache.org/MTk0N2FiZGQtYWI0Zi00NDM3LWE3YjctN2MwODE1YTRjMjVjOzEuMQ==-1947abdd-ab4f-4437-a7b7-7c0815a4c25c] Object was deleted but could not be found in the ZRC.
[http://chemistry.apache.org/NDcwNzViYWUtZDJkNy00ZGRkLWE4MjMtMDRlOGNjYzJmNzM1-47075bae-d2d7-4ddd-a823-04e8ccc2f735] Object was deleted but could not be found in the ZRC.
[http://chemistry.apache.org/NjVhNWRmY2EtZDkzMC00MzliLWE1NGUtNWE0ZjE3ODQyZjI0-65a5dfca-d930-439b-a54e-5a4f17842f24] Object was deleted but could not be found in the ZRC.
[http://chemistry.apache.org/OTVhMWU3MGItZDA5Ny00MjcyLTk1ODMtNWQ3MjllM2IwMDQz-95a1e70b-d097-4272-9583-5d729e3b0043] Object was created but could not be found in the DRC.
[http://chemistry.apache.org/NWIyZGI5YmYtZGY0NS00M2Y5LWI3NDYtMGIyOGIzZDdjZWE2-5b2db9bf-df45-43f9-b746-0b28b3d7cea6] Object was created but could not be found in the DRC.
[http://chemistry.apache.org/NWIyZGI5YmYtZGY0NS00M2Y5LWI3NDYtMGIyOGIzZDdjZWE2-5b2db9bf-df45-43f9-b746-0b28b3d7cea6] Object was deleted but could not be found in the ZRC.
[http://chemistry.apache.org/OTVhMWU3MGItZDA5Ny00MjcyLTk1ODMtNWQ3MjllM2IwMDQz-95a1e70b-d097-4272-9583-5d729e3b0043] Object was deleted but could not be found in the ZRC.
[http://chemistry.apache.org/ZGUzYWNiZTItMWQzZS00MWJhLWExNjQtYmJlZmRkOGM4YmFm-de3acbe2-1d3e-41ba-a164-bbefdd8c8baf] Object was created but could not be found in the DRC.
[http://chemistry.apache.org/OGE4M2I0NzYtZGEzNy00ZjJhLWJiNDUtMjhmMTdhMTJlMWM5-8a83b476-da37-4f2a-bb45-28f17a12e1c9] Object was created but could not be found in the DRC.
[http://chemistry.apache.org/ZTFhOTVmODEtMzgyZS00NjEwLTlmOTctNTk5Y2Y0NTcwNTgxOzEuMA==-e1a95f81-382e-4610-9f97-599cf4570581] Object was created but could not be found in the DRC.
[http://chemistry.apache.org/ZTFhOTVmODEtMzgyZS00NjEwLTlmOTctNTk5Y2Y0NTcwNTgxOzEuMA==-e1a95f81-382e-4610-9f97-599cf4570581] Object was updated but could not be found in the DRC.
[http://chemistry.apache.org/ZTFhOTVmODEtMzgyZS00NjEwLTlmOTctNTk5Y2Y0NTcwNTgxOzEuMA==-e1a95f81-382e-4610-9f97-599cf4570581] Object was deleted but could not be found in the ZRC.
[http://chemistry.apache.org/OGE4M2I0NzYtZGEzNy00ZjJhLWJiNDUtMjhmMTdhMTJlMWM5-8a83b476-da37-4f2a-bb45-28f17a12e1c9] Object was deleted but could not be found in the ZRC.
[http://chemistry.apache.org/ZGUzYWNiZTItMWQzZS00MWJhLWExNjQtYmJlZmRkOGM4YmFm-de3acbe2-1d3e-41ba-a164-bbefdd8c8baf] Object was deleted but could not be found in the ZRC.
[http://chemistry.apache.org/MjE5MTI0NTYtZWI2Ny00ODI3LThkMWUtZTNiMDM4ZjU4NWRh-21912456-eb67-4827-8d1e-e3b038f585da] Object was created but could not be found in the DRC.
[http://chemistry.apache.org/MzNhOGFlNTUtOGYxNy00MTY2LWI1M2EtZTNmNDNjYTZjYWI3-33a8ae55-8f17-4166-b53a-e3f43ca6cab7] Object was created but could not be found in the DRC.
[http://chemistry.apache.org/MGZiOTRiZGQtMjE4YS00M2VlLTg3NzItNGYzOTU3OTQ2ZWM4OzEuMA==-0fb94bdd-218a-43ee-8772-4f3957946ec8] Object was created but could not be found in the DRC.
[http://chemistry.apache.org/MGZiOTRiZGQtMjE4YS00M2VlLTg3NzItNGYzOTU3OTQ2ZWM4OzEuMA==-0fb94bdd-218a-43ee-8772-4f3957946ec8] Object was updated but could not be found in the DRC.
[http://chemistry.apache.org/MGZiOTRiZGQtMjE4YS00M2VlLTg3NzItNGYzOTU3OTQ2ZWM4OzEuMA==-0fb94bdd-218a-43ee-8772-4f3957946ec8] Object was deleted but could not be found in the ZRC.
[http://chemistry.apache.org/MzNhOGFlNTUtOGYxNy00MTY2LWI1M2EtZTNmNDNjYTZjYWI3-33a8ae55-8f17-4166-b53a-e3f43ca6cab7] Object was deleted but could not be found in the ZRC.
[http://chemistry.apache.org/MjE5MTI0NTYtZWI2Ny00ODI3LThkMWUtZTNiMDM4ZjU4NWRh-21912456-eb67-4827-8d1e-e3b038f585da] Object was deleted but could not be found in the ZRC.
[http://chemistry.apache.org/ZTNiMGVlYzItYzlmZi00NjE5LTk1ZGUtYWEwNzRlMWQ2ZTEw-e3b0eec2-c9ff-4619-95de-aa074e1d6e10] Object was created but could not be found in the DRC.
[http://chemistry.apache.org/NzVkMTJhNTctZWRkNC00YTBhLThiNDEtZTk0ZjM2NmViYjU4-75d12a57-edd4-4a0a-8b41-e94f366ebb58] Object was created but could not be found in the DRC.
[http://chemistry.apache.org/Njc3NTY3NTgtNjI5OC00MzRhLWI1MDAtNzQzZDY1ZWU2ZGU4OzEuMA==-67756758-6298-434a-b500-743d65ee6de8] Object was created but could not be found in the DRC.
[http://chemistry.apache.org/Njc3NTY3NTgtNjI5OC00MzRhLWI1MDAtNzQzZDY1ZWU2ZGU4OzEuMA==-67756758-6298-434a-b500-743d65ee6de8] Object was updated but could not be found in the DRC.
[http://chemistry.apache.org/Njc3NTY3NTgtNjI5OC00MzRhLWI1MDAtNzQzZDY1ZWU2ZGU4OzEuMA==-67756758-6298-434a-b500-743d65ee6de8] Object was deleted but could not be found in the ZRC.
[http://chemistry.apache.org/NzVkMTJhNTctZWRkNC00YTBhLThiNDEtZTk0ZjM2NmViYjU4-75d12a57-edd4-4a0a-8b41-e94f366ebb58] Object was deleted but could not be found in the ZRC.
[http://chemistry.apache.org/ZTNiMGVlYzItYzlmZi00NjE5LTk1ZGUtYWEwNzRlMWQ2ZTEw-e3b0eec2-c9ff-4619-95de-aa074e1d6e10] Object was deleted but could not be found in the ZRC.
[http://chemistry.apache.org/ODA3OTE3OGYtNjkyNy00NjRjLTkxMjAtYzZlYTU5Mjk5YmE5-8079178f-6927-464c-9120-c6ea59299ba9] Object was created but could not be found in the DRC.
[http://chemistry.apache.org/MDZiMDNjMTItOGM4NC00NjllLTkyZDAtYWYyNDQ4NjdhYmYx-06b03c12-8c84-469e-92d0-af244867abf1] Object was created but could not be found in the DRC.
[http://chemistry.apache.org/ODM3NzQwYzgtYmE5Ny00OTFlLThmMGItZDU1ZDRhZmQ0MDE1OzEuMA==-837740c8-ba97-491e-8f0b-d55d4afd4015] Object was created but could not be found in the DRC.
[http://chemistry.apache.org/ODM3NzQwYzgtYmE5Ny00OTFlLThmMGItZDU1ZDRhZmQ0MDE1OzEuMA==-837740c8-ba97-491e-8f0b-d55d4afd4015] Object was updated but could not be found in the DRC.
[http://chemistry.apache.org/ZTVmZmExYzEtZTU3ZS00Y2UyLWJlNjgtM2JiNDBlMWJiNTg2-e5ffa1c1-e57e-4ce2-be68-3bb40e1bb586] Object was created but could not be found in the DRC.
[http://chemistry.apache.org/ODM3NzQwYzgtYmE5Ny00OTFlLThmMGItZDU1ZDRhZmQ0MDE1OzEuMA==-837740c8-ba97-491e-8f0b-d55d4afd4015] Object was deleted but could not be found in the ZRC.
[http://chemistry.apache.org/ZTVmZmExYzEtZTU3ZS00Y2UyLWJlNjgtM2JiNDBlMWJiNTg2-e5ffa1c1-e57e-4ce2-be68-3bb40e1bb586] Object was deleted but could not be found in the ZRC.
[http://chemistry.apache.org/MDZiMDNjMTItOGM4NC00NjllLTkyZDAtYWYyNDQ4NjdhYmYx-06b03c12-8c84-469e-92d0-af244867abf1] Object was deleted but could not be found in the ZRC.
[http://chemistry.apache.org/ODA3OTE3OGYtNjkyNy00NjRjLTkxMjAtYzZlYTU5Mjk5YmE5-8079178f-6927-464c-9120-c6ea59299ba9] Object was deleted but could not be found in the ZRC.
[http://chemistry.apache.org/NjQ5ZDYxNWItMjc4YS00NWFhLWFiMWUtNWRhODBkODFkOTQ5-649d615b-278a-45aa-ab1e-5da80d81d949] Object was created but could not be found in the DRC.
[http://chemistry.apache.org/N2U1NDllODUtZjU5YS00OGMyLThkOGYtM2UyYmM1N2ZkZTM0-7e549e85-f59a-48c2-8d8f-3e2bc57fde34] Object was created but could not be found in the DRC.
[http://chemistry.apache.org/YmE3YjQwODUtNmU5NC00M2MwLTg0ZjktMmQ3NDBkZjc0NTNmOzEuMA==-ba7b4085-6e94-43c0-84f9-2d740df7453f] Object was created but could not be found in the DRC.
[http://chemistry.apache.org/YmE3YjQwODUtNmU5NC00M2MwLTg0ZjktMmQ3NDBkZjc0NTNmOzEuMA==-ba7b4085-6e94-43c0-84f9-2d740df7453f] Object was updated but could not be found in the DRC.
[http://chemistry.apache.org/YmE3YjQwODUtNmU5NC00M2MwLTg0ZjktMmQ3NDBkZjc0NTNmOzEuMA==-ba7b4085-6e94-43c0-84f9-2d740df7453f] Object was deleted but could not be found in the ZRC.
[http://chemistry.apache.org/N2U1NDllODUtZjU5YS00OGMyLThkOGYtM2UyYmM1N2ZkZTM0-7e549e85-f59a-48c2-8d8f-3e2bc57fde34] Object was deleted but could not be found in the ZRC.
[http://chemistry.apache.org/NjQ5ZDYxNWItMjc4YS00NWFhLWFiMWUtNWRhODBkODFkOTQ5-649d615b-278a-45aa-ab1e-5da80d81d949] Object was deleted but could not be found in the ZRC.
[http://chemistry.apache.org/NDNkNjRkZjQtZjBhZS00N2YxLWI2OWItNWQ0ZTlmYTkzMGQx-43d64df4-f0ae-47f1-b69b-5d4e9fa930d1] Object was created but could not be found in the DRC.
[http://chemistry.apache.org/MzM4ODU3ODQtM2MyNy00MzZkLTliZmItMDdjY2E1N2JjNzU3-33885784-3c27-436d-9bfb-07cca57bc757] Object was created but could not be found in the DRC.
[http://chemistry.apache.org/MGZmZDFjZDYtYTc4ZC00ZWNjLTg3N2UtYjFjMjY4OGE0YWY4OzEuMA==-0ffd1cd6-a78d-4ecc-877e-b1c2688a4af8] Object was created but could not be found in the DRC.
[http://chemistry.apache.org/MGZmZDFjZDYtYTc4ZC00ZWNjLTg3N2UtYjFjMjY4OGE0YWY4OzEuMA==-0ffd1cd6-a78d-4ecc-877e-b1c2688a4af8] Object was updated but could not be found in the DRC.
[http://chemistry.apache.org/MGZmZDFjZDYtYTc4ZC00ZWNjLTg3N2UtYjFjMjY4OGE0YWY4OzEuMA==-0ffd1cd6-a78d-4ecc-877e-b1c2688a4af8] Object was deleted but could not be found in the ZRC.
[http://chemistry.apache.org/YjcyODYzZmEtZTNmMS00N2E3LWFhNDQtNzEyYWRlZTBkMDJm-b72863fa-e3f1-47a7-aa44-712adee0d02f] Object was created but could not be found in the DRC.
[http://chemistry.apache.org/YjcyODYzZmEtZTNmMS00N2E3LWFhNDQtNzEyYWRlZTBkMDJm-b72863fa-e3f1-47a7-aa44-712adee0d02f] Object was deleted but could not be found in the ZRC.
[http://chemistry.apache.org/MzM4ODU3ODQtM2MyNy00MzZkLTliZmItMDdjY2E1N2JjNzU3-33885784-3c27-436d-9bfb-07cca57bc757] Object was deleted but could not be found in the ZRC.
[http://chemistry.apache.org/NDNkNjRkZjQtZjBhZS00N2YxLWI2OWItNWQ0ZTlmYTkzMGQx-43d64df4-f0ae-47f1-b69b-5d4e9fa930d1] Object was deleted but could not be found in the ZRC.
[http://chemistry.apache.org/YjYzMjc3MGQtZDVhMy00ZTEzLTk4NTAtYTMyMDhkNDkwNmJhOzEuMA==-b632770d-d5a3-4e13-9850-a3208d4906ba] Object was created but could not be found in the DRC.
[http://chemistry.apache.org/YjYzMjc3MGQtZDVhMy00ZTEzLTk4NTAtYTMyMDhkNDkwNmJhOzEuMA==-b632770d-d5a3-4e13-9850-a3208d4906ba] Object was updated but could not be found in the DRC.
[http://chemistry.apache.org/MTVmNjcyZWQtMWFjNy00Y2EyLWE4N2ItOWQ2ODNiZDQwNzNm-15f672ed-1ac7-4ca2-a87b-9d683bd4073f] Object was created but could not be found in the DRC.
[http://chemistry.apache.org/ZjdhNTdkYWMtZjg3NC00MTcwLTk1NjEtNjVhM2UwMzcyM2Fl-f7a57dac-f874-4170-9561-65a3e03723ae] Object was created but could not be found in the DRC.
[http://chemistry.apache.org/YzY1YTVkNGQtZGMyNS00ZDAzLTgwMmEtYTc5MDA5NzlhMGY2OzEuMA==-c65a5d4d-dc25-4d03-802a-a7900979a0f6] Object was created but could not be found in the DRC.
[http://chemistry.apache.org/YzY1YTVkNGQtZGMyNS00ZDAzLTgwMmEtYTc5MDA5NzlhMGY2OzEuMA==-c65a5d4d-dc25-4d03-802a-a7900979a0f6] Object was updated but could not be found in the DRC.
[http://chemistry.apache.org/YzY1YTVkNGQtZGMyNS00ZDAzLTgwMmEtYTc5MDA5NzlhMGY2OzEuMQ==-c65a5d4d-dc25-4d03-802a-a7900979a0f6] Object was deleted but could not be found in the ZRC.
[http://chemistry.apache.org/ZjdhNTdkYWMtZjg3NC00MTcwLTk1NjEtNjVhM2UwMzcyM2Fl-f7a57dac-f874-4170-9561-65a3e03723ae] Object was deleted but could not be found in the ZRC.
[http://chemistry.apache.org/MTVmNjcyZWQtMWFjNy00Y2EyLWE4N2ItOWQ2ODNiZDQwNzNm-15f672ed-1ac7-4ca2-a87b-9d683bd4073f] Object was deleted but could not be found in the ZRC.
[http://chemistry.apache.org/ZjNkM2I5MjAtMDNhMi00MWU1LWFhZGUtNWM4NWFkZTQyOTRk-f3d3b920-03a2-41e5-aade-5c85ade4294d] Object was created but could not be found in the DRC.
[http://chemistry.apache.org/MTNhZTliNTgtOTE1Ni00NDdmLThjN2ItZTJjNTcyZjBkZjI0-13ae9b58-9156-447f-8c7b-e2c572f0df24] Object was created but could not be found in the DRC.
[http://chemistry.apache.org/MTNhZTliNTgtOTE1Ni00NDdmLThjN2ItZTJjNTcyZjBkZjI0-13ae9b58-9156-447f-8c7b-e2c572f0df24] Object was deleted but could not be found in the ZRC.
[http://chemistry.apache.org/ZjNkM2I5MjAtMDNhMi00MWU1LWFhZGUtNWM4NWFkZTQyOTRk-f3d3b920-03a2-41e5-aade-5c85ade4294d] Object was deleted but could not be found in the ZRC.
[http://chemistry.apache.org/Nzk1M2M3YmQtM2IxYi00NzNmLTgxYzctYTQ5NWQ3ZjJkZGEy-7953c7bd-3b1b-473f-81c7-a495d7f2dda2] Object was created but could not be found in the DRC.
[http://chemistry.apache.org/MDA0OWNmYTItNTNlMy00YWQxLTk3MGQtM2ZmNmRhODQ4MmM2-0049cfa2-53e3-4ad1-970d-3ff6da8482c6] Object was created but could not be found in the DRC.
[http://chemistry.apache.org/NGJjMzExZjEtYTJiOS00MTU3LWE0NjEtOTVjMzIxNTE2Zjc1OzEuMA==-4bc311f1-a2b9-4157-a461-95c321516f75] Object was created but could not be found in the DRC.
[http://chemistry.apache.org/NGJjMzExZjEtYTJiOS00MTU3LWE0NjEtOTVjMzIxNTE2Zjc1OzEuMA==-4bc311f1-a2b9-4157-a461-95c321516f75] Object was updated but could not be found in the DRC.
[http://chemistry.apache.org/NGJjMzExZjEtYTJiOS00MTU3LWE0NjEtOTVjMzIxNTE2Zjc1OzEuMA==-4bc311f1-a2b9-4157-a461-95c321516f75] Object was deleted but could not be found in the ZRC.
[http://chemistry.apache.org/MDA0OWNmYTItNTNlMy00YWQxLTk3MGQtM2ZmNmRhODQ4MmM2-0049cfa2-53e3-4ad1-970d-3ff6da8482c6] Object was deleted but could not be found in the ZRC.
[http://chemistry.apache.org/Nzk1M2M3YmQtM2IxYi00NzNmLTgxYzctYTQ5NWQ3ZjJkZGEy-7953c7bd-3b1b-473f-81c7-a495d7f2dda2] Object was deleted but could not be found in the ZRC.
[http://chemistry.apache.org/NzZkMTg4MzItZDgzMi00YmYwLThmYzctYzY5YmYyNmM3YzZl-76d18832-d832-4bf0-8fc7-c69bf26c7c6e] Object was created but could not be found in the DRC.
[http://chemistry.apache.org/NTkyMjgzMmMtNzQ1ZC00ZTJhLTljNGItMmM2MWQzMzhlN2My-5922832c-745d-4e2a-9c4b-2c61d338e7c2] Object was created but could not be found in the DRC.
[http://chemistry.apache.org/OTQ2YzJjNTEtZWFlMy00YzU3LWJhNTctY2ZlYWRlNWNhZTBjOzEuMA==-946c2c51-eae3-4c57-ba57-cfeade5cae0c] Object was created but could not be found in the DRC.
[http://chemistry.apache.org/OTQ2YzJjNTEtZWFlMy00YzU3LWJhNTctY2ZlYWRlNWNhZTBjOzEuMA==-946c2c51-eae3-4c57-ba57-cfeade5cae0c] Object was updated but could not be found in the DRC.
[http://chemistry.apache.org/OTQ2YzJjNTEtZWFlMy00YzU3LWJhNTctY2ZlYWRlNWNhZTBjOzEuMA==-946c2c51-eae3-4c57-ba57-cfeade5cae0c] Object was deleted but could not be found in the ZRC.
[http://chemistry.apache.org/NTkyMjgzMmMtNzQ1ZC00ZTJhLTljNGItMmM2MWQzMzhlN2My-5922832c-745d-4e2a-9c4b-2c61d338e7c2] Object was deleted but could not be found in the ZRC.
[http://chemistry.apache.org/NzZkMTg4MzItZDgzMi00YmYwLThmYzctYzY5YmYyNmM3YzZl-76d18832-d832-4bf0-8fc7-c69bf26c7c6e] Object was deleted but could not be found in the ZRC.
[http://chemistry.apache.org/ZDQ3YmZiNjYtZDMyYS00Yzk1LTkxZjUtOWViMDQ3N2RlNTVl-d47bfb66-d32a-4c95-91f5-9eb0477de55e] Object was created but could not be found in the DRC.
[http://chemistry.apache.org/NWExYzc5YTAtYTI1ZC00NDRhLThlNjUtNDg0ZjdkMjEwNmVh-5a1c79a0-a25d-444a-8e65-484f7d2106ea] Object was created but could not be found in the DRC.
[http://chemistry.apache.org/Y2U4OWM0ZmYtZTM1YS00NzMzLThjNjEtM2EwNDQzODgxZWZjOzEuMA==-ce89c4ff-e35a-4733-8c61-3a0443881efc] Object was created but could not be found in the DRC.
[http://chemistry.apache.org/Y2U4OWM0ZmYtZTM1YS00NzMzLThjNjEtM2EwNDQzODgxZWZjOzEuMA==-ce89c4ff-e35a-4733-8c61-3a0443881efc] Object was updated but could not be found in the DRC.
[http://chemistry.apache.org/Y2U4OWM0ZmYtZTM1YS00NzMzLThjNjEtM2EwNDQzODgxZWZjOzEuMA==-ce89c4ff-e35a-4733-8c61-3a0443881efc] Object was deleted but could not be found in the ZRC.
[http://chemistry.apache.org/NWExYzc5YTAtYTI1ZC00NDRhLThlNjUtNDg0ZjdkMjEwNmVh-5a1c79a0-a25d-444a-8e65-484f7d2106ea] Object was deleted but could not be found in the ZRC.
[http://chemistry.apache.org/ZDQ3YmZiNjYtZDMyYS00Yzk1LTkxZjUtOWViMDQ3N2RlNTVl-d47bfb66-d32a-4c95-91f5-9eb0477de55e] Object was deleted but could not be found in the ZRC.
[http://chemistry.apache.org/Y2FlMzg0ZDUtZGRiYS00NDA4LWFhZTEtZTQxNDYxNjM2NmQ2-cae384d5-ddba-4408-aae1-e414616366d6] Object was created but could not be found in the DRC.
[http://chemistry.apache.org/OWQ5YWY2ZmItNTc0Mi00MjU0LWE0MzAtMWZhOTNiMDU3NWI0-9d9af6fb-5742-4254-a430-1fa93b0575b4] Object was created but could not be found in the DRC.
[http://chemistry.apache.org/ZjJhZjE4NTEtMDQxMy00OGUxLTlmODktNWM5NDIzODRkYzU0OzEuMA==-f2af1851-0413-48e1-9f89-5c942384dc54] Object was created but could not be found in the DRC.
[http://chemistry.apache.org/ZjJhZjE4NTEtMDQxMy00OGUxLTlmODktNWM5NDIzODRkYzU0OzEuMA==-f2af1851-0413-48e1-9f89-5c942384dc54] Object was updated but could not be found in the DRC.
[http://chemistry.apache.org/ZWE1OWY1MWEtOTZmYS00YjcyLTk0NTAtN2Y2MjAzNTlkZjMw-ea59f51a-96fa-4b72-9450-7f620359df30] Object was created but could not be found in the DRC.
[http://chemistry.apache.org/ZjJhZjE4NTEtMDQxMy00OGUxLTlmODktNWM5NDIzODRkYzU0OzEuMA==-f2af1851-0413-48e1-9f89-5c942384dc54] Object was deleted but could not be found in the ZRC.
[http://chemistry.apache.org/ZWE1OWY1MWEtOTZmYS00YjcyLTk0NTAtN2Y2MjAzNTlkZjMw-ea59f51a-96fa-4b72-9450-7f620359df30] Object was deleted but could not be found in the ZRC.
[http://chemistry.apache.org/OWQ5YWY2ZmItNTc0Mi00MjU0LWE0MzAtMWZhOTNiMDU3NWI0-9d9af6fb-5742-4254-a430-1fa93b0575b4] Object was deleted but could not be found in the ZRC.
[http://chemistry.apache.org/Y2FlMzg0ZDUtZGRiYS00NDA4LWFhZTEtZTQxNDYxNjM2NmQ2-cae384d5-ddba-4408-aae1-e414616366d6] Object was deleted but could not be found in the ZRC.
[http://chemistry.apache.org/NWZjZGUyMWMtNWVjNS00NmNiLThhNjMtMDg4ZmEwOTFiMDYz-5fcde21c-5ec5-46cb-8a63-088fa091b063] Object was created but could not be found in the DRC.
[http://chemistry.apache.org/MGQ3YjYyMGYtMzA4YS00M2FlLTg5ODItYjkwYmExODNlZjIw-0d7b620f-308a-43ae-8982-b90ba183ef20] Object was created but could not be found in the DRC.
[http://chemistry.apache.org/M2MwODUwNTItN2Y1Zi00ZjEzLThlNzktOWVkOWY0ZmIzMTc5OzEuMA==-3c085052-7f5f-4f13-8e79-9ed9f4fb3179] Object was created but could not be found in the DRC.
[http://chemistry.apache.org/M2MwODUwNTItN2Y1Zi00ZjEzLThlNzktOWVkOWY0ZmIzMTc5OzEuMA==-3c085052-7f5f-4f13-8e79-9ed9f4fb3179] Object was updated but could not be found in the DRC.
[http://chemistry.apache.org/M2MwODUwNTItN2Y1Zi00ZjEzLThlNzktOWVkOWY0ZmIzMTc5OzEuMA==-3c085052-7f5f-4f13-8e79-9ed9f4fb3179] Object was deleted but could not be found in the ZRC.
[http://chemistry.apache.org/MGQ3YjYyMGYtMzA4YS00M2FlLTg5ODItYjkwYmExODNlZjIw-0d7b620f-308a-43ae-8982-b90ba183ef20] Object was deleted but could not be found in the ZRC.
[http://chemistry.apache.org/NWZjZGUyMWMtNWVjNS00NmNiLThhNjMtMDg4ZmEwOTFiMDYz-5fcde21c-5ec5-46cb-8a63-088fa091b063] Object was deleted but could not be found in the ZRC.
[http://chemistry.apache.org/NDU1MjJhY2YtNWM1MS00YTY2LTk0ODctZGEwODNiMjQwYjEz-45522acf-5c51-4a66-9487-da083b240b13] Object was created but could not be found in the DRC.
[http://chemistry.apache.org/YjgzOTI5M2QtNzVjOC00ZWEyLWI3MzgtZmFhMmU2MjZmN2I1-b839293d-75c8-4ea2-b738-faa2e626f7b5] Object was created but could not be found in the DRC.
[http://chemistry.apache.org/Y2U0OGVjZGMtMTMxMC00NTI2LTllOTgtZjc1ZjRhOWU5YjEyOzEuMA==-ce48ecdc-1310-4526-9e98-f75f4a9e9b12] Object was created but could not be found in the DRC.
[http://chemistry.apache.org/Y2U0OGVjZGMtMTMxMC00NTI2LTllOTgtZjc1ZjRhOWU5YjEyOzEuMA==-ce48ecdc-1310-4526-9e98-f75f4a9e9b12] Object was updated but could not be found in the DRC.
[http://chemistry.apache.org/Y2U0OGVjZGMtMTMxMC00NTI2LTllOTgtZjc1ZjRhOWU5YjEyOzEuMA==-ce48ecdc-1310-4526-9e98-f75f4a9e9b12] Object was deleted but could not be found in the ZRC.
[http://chemistry.apache.org/MzRhMzQ3ZjAtMTMxOC00NWQyLTg2ZDItOGE4Njk0OGU1N2Nm-34a347f0-1318-45d2-86d2-8a86948e57cf] Object was created but could not be found in the DRC.
[http://chemistry.apache.org/MzRhMzQ3ZjAtMTMxOC00NWQyLTg2ZDItOGE4Njk0OGU1N2Nm-34a347f0-1318-45d2-86d2-8a86948e57cf] Object was deleted but could not be found in the ZRC.
[http://chemistry.apache.org/YjgzOTI5M2QtNzVjOC00ZWEyLWI3MzgtZmFhMmU2MjZmN2I1-b839293d-75c8-4ea2-b738-faa2e626f7b5] Object was deleted but could not be found in the ZRC.
[http://chemistry.apache.org/NDU1MjJhY2YtNWM1MS00YTY2LTk0ODctZGEwODNiMjQwYjEz-45522acf-5c51-4a66-9487-da083b240b13] Object was deleted but could not be found in the ZRC.
[http://chemistry.apache.org/MDI1YmI0MDMtMzBmNi00YzZmLTk0MDEtOWQzODBhNDMyYThmOzEuMA==-025bb403-30f6-4c6f-9401-9d380a432a8f] Object was created but could not be found in the DRC.
[http://chemistry.apache.org/MDI1YmI0MDMtMzBmNi00YzZmLTk0MDEtOWQzODBhNDMyYThmOzEuMA==-025bb403-30f6-4c6f-9401-9d380a432a8f] Object was updated but could not be found in the DRC.
[http://chemistry.apache.org/MTA3YTdmMTItNjgxZi00MTQ1LWIzODEtOTAzMDExZGIyNDU5-107a7f12-681f-4145-b381-903011db2459] Object was created but could not be found in the DRC.
[http://chemistry.apache.org/NWJiYjk3MTQtMDU4ZC00MTA0LThmMzctNDE1OTEwYTE1YjA0-5bbb9714-058d-4104-8f37-415910a15b04] Object was created but could not be found in the DRC.
[http://chemistry.apache.org/OGFmN2ZhMjctY2IyYS00YzYyLWE2NjgtMTA1MjE5N2Q5NjZiOzEuMA==-8af7fa27-cb2a-4c62-a668-1052197d966b] Object was created but could not be found in the DRC.
[http://chemistry.apache.org/OGFmN2ZhMjctY2IyYS00YzYyLWE2NjgtMTA1MjE5N2Q5NjZiOzEuMA==-8af7fa27-cb2a-4c62-a668-1052197d966b] Object was updated but could not be found in the DRC.
[http://chemistry.apache.org/OGFmN2ZhMjctY2IyYS00YzYyLWE2NjgtMTA1MjE5N2Q5NjZiOzEuMQ==-8af7fa27-cb2a-4c62-a668-1052197d966b] Object was deleted but could not be found in the ZRC.
[http://chemistry.apache.org/NWJiYjk3MTQtMDU4ZC00MTA0LThmMzctNDE1OTEwYTE1YjA0-5bbb9714-058d-4104-8f37-415910a15b04] Object was deleted but could not be found in the ZRC.
[http://chemistry.apache.org/MTA3YTdmMTItNjgxZi00MTQ1LWIzODEtOTAzMDExZGIyNDU5-107a7f12-681f-4145-b381-903011db2459] Object was deleted but could not be found in the ZRC.
[http://chemistry.apache.org/YTQxMDIzNzYtN2FiMC00Njk5LTk1NDktNzVhZTUxNDRkY2Mz-a4102376-7ab0-4699-9549-75ae5144dcc3] Object was created but could not be found in the DRC.
[http://chemistry.apache.org/OTcxZGQ3MjYtZTFiNS00YzQzLTgxNTgtODE4Yzg4MzA5NjQ4-971dd726-e1b5-4c43-8158-818c88309648] Object was created but could not be found in the DRC.
[http://chemistry.apache.org/OTcxZGQ3MjYtZTFiNS00YzQzLTgxNTgtODE4Yzg4MzA5NjQ4-971dd726-e1b5-4c43-8158-818c88309648] Object was deleted but could not be found in the ZRC.
[http://chemistry.apache.org/YTQxMDIzNzYtN2FiMC00Njk5LTk1NDktNzVhZTUxNDRkY2Mz-a4102376-7ab0-4699-9549-75ae5144dcc3] Object was deleted but could not be found in the ZRC.
[http://chemistry.apache.org/MzZhMWNhMTctMWY1Yy00MzgzLThhYzAtMzM0OGEzNjUyM2Vk-36a1ca17-1f5c-4383-8ac0-3348a36523ed] Object was created but could not be found in the DRC.
[http://chemistry.apache.org/MTcxMGJkM2YtY2Q2My00NDNkLWJlMzEtODRhYWIxOTBiMzNk-1710bd3f-cd63-443d-be31-84aab190b33d] Object was created but could not be found in the DRC.
[http://chemistry.apache.org/ZGRiM2UwODQtMTc1ZC00ZTM2LTljZTUtOGZjM2U3NWI5M2E2OzEuMA==-ddb3e084-175d-4e36-9ce5-8fc3e75b93a6] Object was created but could not be found in the DRC.
[http://chemistry.apache.org/ZGRiM2UwODQtMTc1ZC00ZTM2LTljZTUtOGZjM2U3NWI5M2E2OzEuMA==-ddb3e084-175d-4e36-9ce5-8fc3e75b93a6] Object was updated but could not be found in the DRC.
[http://chemistry.apache.org/ZGRiM2UwODQtMTc1ZC00ZTM2LTljZTUtOGZjM2U3NWI5M2E2OzEuMA==-ddb3e084-175d-4e36-9ce5-8fc3e75b93a6] Object was deleted but could not be found in the ZRC.
[http://chemistry.apache.org/MTcxMGJkM2YtY2Q2My00NDNkLWJlMzEtODRhYWIxOTBiMzNk-1710bd3f-cd63-443d-be31-84aab190b33d] Object was deleted but could not be found in the ZRC.
[http://chemistry.apache.org/MzZhMWNhMTctMWY1Yy00MzgzLThhYzAtMzM0OGEzNjUyM2Vk-36a1ca17-1f5c-4383-8ac0-3348a36523ed] Object was deleted but could not be found in the ZRC.
[http://chemistry.apache.org/YzMwYTA4MGUtNzczYy00Njk0LWJkMzItZjMwNTJiNzIxY2Vi-c30a080e-773c-4694-bd32-f3052b721ceb] Object was created but could not be found in the DRC.
[http://chemistry.apache.org/ZjI3OTFiMDMtZjIxNy00ZDUxLTliNjgtZmQzZDZjODlhMWQ3-f2791b03-f217-4d51-9b68-fd3d6c89a1d7] Object was created but could not be found in the DRC.
[http://chemistry.apache.org/YzNjYWZjMWEtOWEyNC00OGY3LThmMDItYjZiZTVjYzZkYzY2OzEuMA==-c3cafc1a-9a24-48f7-8f02-b6be5cc6dc66] Object was created but could not be found in the DRC.
[http://chemistry.apache.org/YzNjYWZjMWEtOWEyNC00OGY3LThmMDItYjZiZTVjYzZkYzY2OzEuMA==-c3cafc1a-9a24-48f7-8f02-b6be5cc6dc66] Object was updated but could not be found in the DRC.
[http://chemistry.apache.org/YzNjYWZjMWEtOWEyNC00OGY3LThmMDItYjZiZTVjYzZkYzY2OzEuMA==-c3cafc1a-9a24-48f7-8f02-b6be5cc6dc66] Object was deleted but could not be found in the ZRC.
[http://chemistry.apache.org/ZjI3OTFiMDMtZjIxNy00ZDUxLTliNjgtZmQzZDZjODlhMWQ3-f2791b03-f217-4d51-9b68-fd3d6c89a1d7] Object was deleted but could not be found in the ZRC.
[http://chemistry.apache.org/YzMwYTA4MGUtNzczYy00Njk0LWJkMzItZjMwNTJiNzIxY2Vi-c30a080e-773c-4694-bd32-f3052b721ceb] Object was deleted but could not be found in the ZRC.
[http://chemistry.apache.org/NWJmYTMxMGEtZjgwMS00YWE1LTkxZjktMzkxYWRhNjY3MGRj-5bfa310a-f801-4aa5-91f9-391ada6670dc] Object was created but could not be found in the DRC.
[http://chemistry.apache.org/NWU2ZDg1M2EtZDVhMC00YjkzLThkNDktNTI1ZjY1YTVkMmY5-5e6d853a-d5a0-4b93-8d49-525f65a5d2f9] Object was created but could not be found in the DRC.
[http://chemistry.apache.org/MWZhMDczMDEtZDcyZC00OTNhLTg5MzktODZmMjI5NmQyZmQ1OzEuMA==-1fa07301-d72d-493a-8939-86f2296d2fd5] Object was created but could not be found in the DRC.
[http://chemistry.apache.org/MWZhMDczMDEtZDcyZC00OTNhLTg5MzktODZmMjI5NmQyZmQ1OzEuMA==-1fa07301-d72d-493a-8939-86f2296d2fd5] Object was updated but could not be found in the DRC.
[http://chemistry.apache.org/MWZhMDczMDEtZDcyZC00OTNhLTg5MzktODZmMjI5NmQyZmQ1OzEuMA==-1fa07301-d72d-493a-8939-86f2296d2fd5] Object was deleted but could not be found in the ZRC.
[http://chemistry.apache.org/NWU2ZDg1M2EtZDVhMC00YjkzLThkNDktNTI1ZjY1YTVkMmY5-5e6d853a-d5a0-4b93-8d49-525f65a5d2f9] Object was deleted but could not be found in the ZRC.
[http://chemistry.apache.org/NWJmYTMxMGEtZjgwMS00YWE1LTkxZjktMzkxYWRhNjY3MGRj-5bfa310a-f801-4aa5-91f9-391ada6670dc] Object was deleted but could not be found in the ZRC.
[http://chemistry.apache.org/MmIzYmRmYWUtZDQ0OC00YThiLWEzODktMTRhOTgwYzYyOWI0-2b3bdfae-d448-4a8b-a389-14a980c629b4] Object was created but could not be found in the DRC.
[http://chemistry.apache.org/YjFlN2VjMDYtNTBhNy00NWYxLWJlYjMtNTk4MzQyZTZlYjE2-b1e7ec06-50a7-45f1-beb3-598342e6eb16] Object was created but could not be found in the DRC.
[http://chemistry.apache.org/Y2U3YzVjMWItMDQ1Yy00NmM5LTk4YTItMTY4OWNmZjg2ZDBiOzEuMA==-ce7c5c1b-045c-46c9-98a2-1689cff86d0b] Object was created but could not be found in the DRC.
[http://chemistry.apache.org/Y2U3YzVjMWItMDQ1Yy00NmM5LTk4YTItMTY4OWNmZjg2ZDBiOzEuMA==-ce7c5c1b-045c-46c9-98a2-1689cff86d0b] Object was updated but could not be found in the DRC.
[http://chemistry.apache.org/MDdiMTA3YzctMmRmOC00MWRhLWJkMjUtMDA5NDdmNmZlZjYx-07b107c7-2df8-41da-bd25-00947f6fef61] Object was created but could not be found in the DRC.
[http://chemistry.apache.org/Y2U3YzVjMWItMDQ1Yy00NmM5LTk4YTItMTY4OWNmZjg2ZDBiOzEuMA==-ce7c5c1b-045c-46c9-98a2-1689cff86d0b] Object was deleted but could not be found in the ZRC.
[http://chemistry.apache.org/MDdiMTA3YzctMmRmOC00MWRhLWJkMjUtMDA5NDdmNmZlZjYx-07b107c7-2df8-41da-bd25-00947f6fef61] Object was deleted but could not be found in the ZRC.
[http://chemistry.apache.org/YjFlN2VjMDYtNTBhNy00NWYxLWJlYjMtNTk4MzQyZTZlYjE2-b1e7ec06-50a7-45f1-beb3-598342e6eb16] Object was deleted but could not be found in the ZRC.
[http://chemistry.apache.org/MmIzYmRmYWUtZDQ0OC00YThiLWEzODktMTRhOTgwYzYyOWI0-2b3bdfae-d448-4a8b-a389-14a980c629b4] Object was deleted but could not be found in the ZRC.
[http://chemistry.apache.org/YWRkZTY4NGQtYjU5OS00NGIzLWFmZmQtZjg1Y2ZlMGNhNWYy-adde684d-b599-44b3-affd-f85cfe0ca5f2] Object was created but could not be found in the DRC.
[http://chemistry.apache.org/ZGQ0MDE3MjMtZWYwNy00YzQxLWE5NDgtYzc1MTBhMTE5ODNl-dd401723-ef07-4c41-a948-c7510a11983e] Object was created but could not be found in the DRC.
[http://chemistry.apache.org/OGVjNGJlMDctZTdlNC00NzYwLWE1YzQtNWVkZmM2NDYxOTFhOzEuMA==-8ec4be07-e7e4-4760-a5c4-5edfc646191a] Object was created but could not be found in the DRC.
[http://chemistry.apache.org/OGVjNGJlMDctZTdlNC00NzYwLWE1YzQtNWVkZmM2NDYxOTFhOzEuMA==-8ec4be07-e7e4-4760-a5c4-5edfc646191a] Object was updated but could not be found in the DRC.
[http://chemistry.apache.org/OGVjNGJlMDctZTdlNC00NzYwLWE1YzQtNWVkZmM2NDYxOTFhOzEuMA==-8ec4be07-e7e4-4760-a5c4-5edfc646191a] Object was deleted but could not be found in the ZRC.
[http://chemistry.apache.org/ZGQ0MDE3MjMtZWYwNy00YzQxLWE5NDgtYzc1MTBhMTE5ODNl-dd401723-ef07-4c41-a948-c7510a11983e] Object was deleted but could not be found in the ZRC.
[http://chemistry.apache.org/YWRkZTY4NGQtYjU5OS00NGIzLWFmZmQtZjg1Y2ZlMGNhNWYy-adde684d-b599-44b3-affd-f85cfe0ca5f2] Object was deleted but could not be found in the ZRC.
[http://chemistry.apache.org/MmNhMjY5MjMtMDRiNy00OTI2LWIxMjYtNTEwYTk0MDE3NDBl-2ca26923-04b7-4926-b126-510a9401740e] Object was created but could not be found in the DRC.
[http://chemistry.apache.org/NWFhNTI4NGUtY2FkZi00YTEwLWFlOTYtOWQzMDVlOGQyMDg3-5aa5284e-cadf-4a10-ae96-9d305e8d2087] Object was created but could not be found in the DRC.
[http://chemistry.apache.org/ZWMxYzBiN2ItOTY1NS00YTRlLTkyOTQtODBlOThiZWUzY2FkOzEuMA==-ec1c0b7b-9655-4a4e-9294-80e98bee3cad] Object was created but could not be found in the DRC.
[http://chemistry.apache.org/ZWMxYzBiN2ItOTY1NS00YTRlLTkyOTQtODBlOThiZWUzY2FkOzEuMA==-ec1c0b7b-9655-4a4e-9294-80e98bee3cad] Object was updated but could not be found in the DRC.
[http://chemistry.apache.org/ZWMxYzBiN2ItOTY1NS00YTRlLTkyOTQtODBlOThiZWUzY2FkOzEuMA==-ec1c0b7b-9655-4a4e-9294-80e98bee3cad] Object was deleted but could not be found in the ZRC.
[http://chemistry.apache.org/NGFiYmMxYWYtNjQyNy00ZmVhLWE0NWItNzhiOTRiYTNjMTNh-4abbc1af-6427-4fea-a45b-78b94ba3c13a] Object was created but could not be found in the DRC.
[http://chemistry.apache.org/NGFiYmMxYWYtNjQyNy00ZmVhLWE0NWItNzhiOTRiYTNjMTNh-4abbc1af-6427-4fea-a45b-78b94ba3c13a] Object was deleted but could not be found in the ZRC.
[http://chemistry.apache.org/NWFhNTI4NGUtY2FkZi00YTEwLWFlOTYtOWQzMDVlOGQyMDg3-5aa5284e-cadf-4a10-ae96-9d305e8d2087] Object was deleted but could not be found in the ZRC.
[http://chemistry.apache.org/MmNhMjY5MjMtMDRiNy00OTI2LWIxMjYtNTEwYTk0MDE3NDBl-2ca26923-04b7-4926-b126-510a9401740e] Object was deleted but could not be found in the ZRC.
[http://chemistry.apache.org/MThkN2M2MjctYTBhMC00MDc5LTg0NDctZTI0OTRlZDNlNThkOzEuMA==-18d7c627-a0a0-4079-8447-e2494ed3e58d] Object was created but could not be found in the DRC.
[http://chemistry.apache.org/MThkN2M2MjctYTBhMC00MDc5LTg0NDctZTI0OTRlZDNlNThkOzEuMA==-18d7c627-a0a0-4079-8447-e2494ed3e58d] Object was updated but could not be found in the DRC.
[http://chemistry.apache.org/MmJkMmE0NTItNTk4YS00MzNiLTg1NGItZDliNTU1MGRhODQw-2bd2a452-598a-433b-854b-d9b5550da840] Object was created but could not be found in the DRC.
[http://chemistry.apache.org/NjNmN2JjNWMtMGMyYS00MDQyLWFkZDMtYWZkNjYzNWQwNjlk-63f7bc5c-0c2a-4042-add3-afd6635d069d] Object was created but could not be found in the DRC.
[http://chemistry.apache.org/MWZkMmMxODItYTlmMi00ZmY2LTg0MWMtYjRmMWEzMzhlMzRhOzEuMA==-1fd2c182-a9f2-4ff6-841c-b4f1a338e34a] Object was created but could not be found in the DRC.
[http://chemistry.apache.org/MWZkMmMxODItYTlmMi00ZmY2LTg0MWMtYjRmMWEzMzhlMzRhOzEuMA==-1fd2c182-a9f2-4ff6-841c-b4f1a338e34a] Object was updated but could not be found in the DRC.
[http://chemistry.apache.org/MWZkMmMxODItYTlmMi00ZmY2LTg0MWMtYjRmMWEzMzhlMzRhOzEuMQ==-1fd2c182-a9f2-4ff6-841c-b4f1a338e34a] Object was deleted but could not be found in the ZRC.
[http://chemistry.apache.org/NjNmN2JjNWMtMGMyYS00MDQyLWFkZDMtYWZkNjYzNWQwNjlk-63f7bc5c-0c2a-4042-add3-afd6635d069d] Object was deleted but could not be found in the ZRC.
[http://chemistry.apache.org/MmJkMmE0NTItNTk4YS00MzNiLTg1NGItZDliNTU1MGRhODQw-2bd2a452-598a-433b-854b-d9b5550da840] Object was deleted but could not be found in the ZRC.
[http://chemistry.apache.org/YzZkODNlODMtMjg5NS00NGM1LTg3NGMtMWM0ZWVmN2NhNjkz-c6d83e83-2895-44c5-874c-1c4eef7ca693] Object was created but could not be found in the DRC.
[http://chemistry.apache.org/MTcwMDk0MDQtNWIyNC00MTI1LWE4OWYtMWNjNjZmMWQ0NGY1-17009404-5b24-4125-a89f-1cc66f1d44f5] Object was created but could not be found in the DRC.
[http://chemistry.apache.org/MTcwMDk0MDQtNWIyNC00MTI1LWE4OWYtMWNjNjZmMWQ0NGY1-17009404-5b24-4125-a89f-1cc66f1d44f5] Object was deleted but could not be found in the ZRC.
[http://chemistry.apache.org/YzZkODNlODMtMjg5NS00NGM1LTg3NGMtMWM0ZWVmN2NhNjkz-c6d83e83-2895-44c5-874c-1c4eef7ca693] Object was deleted but could not be found in the ZRC.
[http://chemistry.apache.org/YTc0ZDUzNjYtODE3Yi00ODdiLThkZTAtMDM1MmJiY2RlMzkz-a74d5366-817b-487b-8de0-0352bbcde393] Object was created but could not be found in the DRC.
[http://chemistry.apache.org/MjE2MmRjYzEtOWJmNS00MzE3LTgxNmYtZGNhMmFjYjA0OTQx-2162dcc1-9bf5-4317-816f-dca2acb04941] Object was created but could not be found in the DRC.
[http://chemistry.apache.org/YzBkNDU4NGUtNTIzYS00Y2IxLWFhOTgtNzRjODRlNDlkNmI4OzEuMA==-c0d4584e-523a-4cb1-aa98-74c84e49d6b8] Object was created but could not be found in the DRC.
[http://chemistry.apache.org/YzBkNDU4NGUtNTIzYS00Y2IxLWFhOTgtNzRjODRlNDlkNmI4OzEuMA==-c0d4584e-523a-4cb1-aa98-74c84e49d6b8] Object was updated but could not be found in the DRC.
[http://chemistry.apache.org/YzBkNDU4NGUtNTIzYS00Y2IxLWFhOTgtNzRjODRlNDlkNmI4OzEuMA==-c0d4584e-523a-4cb1-aa98-74c84e49d6b8] Object was deleted but could not be found in the ZRC.
[http://chemistry.apache.org/MjE2MmRjYzEtOWJmNS00MzE3LTgxNmYtZGNhMmFjYjA0OTQx-2162dcc1-9bf5-4317-816f-dca2acb04941] Object was deleted but could not be found in the ZRC.
[http://chemistry.apache.org/YTc0ZDUzNjYtODE3Yi00ODdiLThkZTAtMDM1MmJiY2RlMzkz-a74d5366-817b-487b-8de0-0352bbcde393] Object was deleted but could not be found in the ZRC.
[http://chemistry.apache.org/M2FmNDhiYWUtZTUwYi00MTA0LTlmZmQtNDM5ZjQ2MTRiYTVk-3af48bae-e50b-4104-9ffd-439f4614ba5d] Object was created but could not be found in the DRC.
[http://chemistry.apache.org/MWYwOGE1MzgtYzMyZC00YzYxLTgzNmUtZDc1M2MxZDY0NGVm-1f08a538-c32d-4c61-836e-d753c1d644ef] Object was created but could not be found in the DRC.
[http://chemistry.apache.org/ZTFkODcwYTctOTlhYS00MGZjLTgxYjMtZDA0NTM2ZTFiZjY4OzEuMA==-e1d870a7-99aa-40fc-81b3-d04536e1bf68] Object was created but could not be found in the DRC.
[http://chemistry.apache.org/ZTFkODcwYTctOTlhYS00MGZjLTgxYjMtZDA0NTM2ZTFiZjY4OzEuMA==-e1d870a7-99aa-40fc-81b3-d04536e1bf68] Object was updated but could not be found in the DRC.
[http://chemistry.apache.org/ZTFkODcwYTctOTlhYS00MGZjLTgxYjMtZDA0NTM2ZTFiZjY4OzEuMA==-e1d870a7-99aa-40fc-81b3-d04536e1bf68] Object was deleted but could not be found in the ZRC.
[http://chemistry.apache.org/MWYwOGE1MzgtYzMyZC00YzYxLTgzNmUtZDc1M2MxZDY0NGVm-1f08a538-c32d-4c61-836e-d753c1d644ef] Object was deleted but could not be found in the ZRC.
[http://chemistry.apache.org/M2FmNDhiYWUtZTUwYi00MTA0LTlmZmQtNDM5ZjQ2MTRiYTVk-3af48bae-e50b-4104-9ffd-439f4614ba5d] Object was deleted but could not be found in the ZRC.
[http://chemistry.apache.org/NzQ1YzIwZjktY2MzYi00MjdkLWI0ZDYtYzQ4MjljNjViYjAx-745c20f9-cc3b-427d-b4d6-c4829c65bb01] Object was created but could not be found in the DRC.
[http://chemistry.apache.org/NDUwOTkwMTYtMzI1NS00NDJjLThjMzktODhkMjg0MGY2ZTJl-45099016-3255-442c-8c39-88d2840f6e2e] Object was created but could not be found in the DRC.
[http://chemistry.apache.org/ODFkMGVhNDUtMmY2Ni00ZGFiLWE5Y2QtNWVmNDU1OGM2ZDQ5OzEuMA==-81d0ea45-2f66-4dab-a9cd-5ef4558c6d49] Object was created but could not be found in the DRC.
[http://chemistry.apache.org/ODFkMGVhNDUtMmY2Ni00ZGFiLWE5Y2QtNWVmNDU1OGM2ZDQ5OzEuMA==-81d0ea45-2f66-4dab-a9cd-5ef4558c6d49] Object was updated but could not be found in the DRC.
[http://chemistry.apache.org/ODFkMGVhNDUtMmY2Ni00ZGFiLWE5Y2QtNWVmNDU1OGM2ZDQ5OzEuMA==-81d0ea45-2f66-4dab-a9cd-5ef4558c6d49] Object was deleted but could not be found in the ZRC.
[http://chemistry.apache.org/NDUwOTkwMTYtMzI1NS00NDJjLThjMzktODhkMjg0MGY2ZTJl-45099016-3255-442c-8c39-88d2840f6e2e] Object was deleted but could not be found in the ZRC.
[http://chemistry.apache.org/NzQ1YzIwZjktY2MzYi00MjdkLWI0ZDYtYzQ4MjljNjViYjAx-745c20f9-cc3b-427d-b4d6-c4829c65bb01] Object was deleted but could not be found in the ZRC.
[http://chemistry.apache.org/MDAwOGM3MDctOTM0Mi00ODE5LWE4YjgtZjYxMmQ4Mzc2NmQ0-0008c707-9342-4819-a8b8-f612d83766d4] Object was created but could not be found in the DRC.
[http://chemistry.apache.org/YzllM2QwMmEtYzllYy00ODcyLThkMDgtYzZhODAxOGRmYWFk-c9e3d02a-c9ec-4872-8d08-c6a8018dfaad] Object was created but could not be found in the DRC.
[http://chemistry.apache.org/YWZiNDllYzEtNWE5Ni00NWZjLTg3MTMtY2Q2NjMxZmI0Y2NiOzEuMA==-afb49ec1-5a96-45fc-8713-cd6631fb4ccb] Object was created but could not be found in the DRC.
[http://chemistry.apache.org/YWZiNDllYzEtNWE5Ni00NWZjLTg3MTMtY2Q2NjMxZmI0Y2NiOzEuMA==-afb49ec1-5a96-45fc-8713-cd6631fb4ccb] Object was updated but could not be found in the DRC.
[http://chemistry.apache.org/MWM2ZDk0NTUtMjAwOS00MmIzLThlYjUtMjJjZDQ4M2FmYmQz-1c6d9455-2009-42b3-8eb5-22cd483afbd3] Object was created but could not be found in the DRC.
[http://chemistry.apache.org/YWZiNDllYzEtNWE5Ni00NWZjLTg3MTMtY2Q2NjMxZmI0Y2NiOzEuMA==-afb49ec1-5a96-45fc-8713-cd6631fb4ccb] Object was deleted but could not be found in the ZRC.
[http://chemistry.apache.org/MWM2ZDk0NTUtMjAwOS00MmIzLThlYjUtMjJjZDQ4M2FmYmQz-1c6d9455-2009-42b3-8eb5-22cd483afbd3] Object was deleted but could not be found in the ZRC.
[http://chemistry.apache.org/YzllM2QwMmEtYzllYy00ODcyLThkMDgtYzZhODAxOGRmYWFk-c9e3d02a-c9ec-4872-8d08-c6a8018dfaad] Object was deleted but could not be found in the ZRC.
[http://chemistry.apache.org/MDAwOGM3MDctOTM0Mi00ODE5LWE4YjgtZjYxMmQ4Mzc2NmQ0-0008c707-9342-4819-a8b8-f612d83766d4] Object was deleted but could not be found in the ZRC.
[http://chemistry.apache.org/ZjQxZGU2MDYtNzBhZi00NTU4LWJhZmMtOGJjN2YwMmQ2Zjll-f41de606-70af-4558-bafc-8bc7f02d6f9e] Object was created but could not be found in the DRC.
[http://chemistry.apache.org/NTA5OTZjNDctNGY2Ny00ZDE1LTg2YTItNzcyZTZmMDIwMWQ1-50996c47-4f67-4d15-86a2-772e6f0201d5] Object was created but could not be found in the DRC.
[http://chemistry.apache.org/MDRlMjExZWUtNzNkMS00NjA0LTg2ZmMtNzQ1M2U1NDExYzM0OzEuMA==-04e211ee-73d1-4604-86fc-7453e5411c34] Object was created but could not be found in the DRC.
[http://chemistry.apache.org/MDRlMjExZWUtNzNkMS00NjA0LTg2ZmMtNzQ1M2U1NDExYzM0OzEuMA==-04e211ee-73d1-4604-86fc-7453e5411c34] Object was updated but could not be found in the DRC.
[http://chemistry.apache.org/MDRlMjExZWUtNzNkMS00NjA0LTg2ZmMtNzQ1M2U1NDExYzM0OzEuMA==-04e211ee-73d1-4604-86fc-7453e5411c34] Object was deleted but could not be found in the ZRC.
[http://chemistry.apache.org/NTA5OTZjNDctNGY2Ny00ZDE1LTg2YTItNzcyZTZmMDIwMWQ1-50996c47-4f67-4d15-86a2-772e6f0201d5] Object was deleted but could not be found in the ZRC.
[http://chemistry.apache.org/ZjQxZGU2MDYtNzBhZi00NTU4LWJhZmMtOGJjN2YwMmQ2Zjll-f41de606-70af-4558-bafc-8bc7f02d6f9e] Object was deleted but could not be found in the ZRC.
[http://chemistry.apache.org/ZmRlNTI2ZGYtMDgzNi00NGU4LWJkODktMDM1MDkyNDUxM2Y1-fde526df-0836-44e8-bd89-0350924513f5] Object was created but could not be found in the DRC.
[http://chemistry.apache.org/NTA1N2IxZDktODI3ZC00MjhmLTgzZjktMjYyNmRhODE5ZThi-5057b1d9-827d-428f-83f9-2626da819e8b] Object was created but could not be found in the DRC.
[http://chemistry.apache.org/ZWVkYjhiMzMtZDIzZS00NmUxLWI1NmQtZmRmOWM5MzJhNGM0OzEuMA==-eedb8b33-d23e-46e1-b56d-fdf9c932a4c4] Object was created but could not be found in the DRC.
[http://chemistry.apache.org/ZWVkYjhiMzMtZDIzZS00NmUxLWI1NmQtZmRmOWM5MzJhNGM0OzEuMA==-eedb8b33-d23e-46e1-b56d-fdf9c932a4c4] Object was updated but could not be found in the DRC.
[http://chemistry.apache.org/ZWVkYjhiMzMtZDIzZS00NmUxLWI1NmQtZmRmOWM5MzJhNGM0OzEuMA==-eedb8b33-d23e-46e1-b56d-fdf9c932a4c4] Object was deleted but could not be found in the ZRC.
[http://chemistry.apache.org/YWI2YjgzNmYtZjY0Mi00NGI1LWE0YmMtNDFjZjAwOTJkZWM5-ab6b836f-f642-44b5-a4bc-41cf0092dec9] Object was created but could not be found in the DRC.
[http://chemistry.apache.org/YWI2YjgzNmYtZjY0Mi00NGI1LWE0YmMtNDFjZjAwOTJkZWM5-ab6b836f-f642-44b5-a4bc-41cf0092dec9] Object was deleted but could not be found in the ZRC.
[http://chemistry.apache.org/NTA1N2IxZDktODI3ZC00MjhmLTgzZjktMjYyNmRhODE5ZThi-5057b1d9-827d-428f-83f9-2626da819e8b] Object was deleted but could not be found in the ZRC.
[http://chemistry.apache.org/ZmRlNTI2ZGYtMDgzNi00NGU4LWJkODktMDM1MDkyNDUxM2Y1-fde526df-0836-44e8-bd89-0350924513f5] Object was deleted but could not be found in the ZRC.
[http://chemistry.apache.org/NWViZDkxNjMtYWY5Ny00OTg2LWJjZmMtMzdmMDkwZWU2NTFhOzEuMA==-5ebd9163-af97-4986-bcfc-37f090ee651a] Object was created but could not be found in the DRC.
[http://chemistry.apache.org/NWViZDkxNjMtYWY5Ny00OTg2LWJjZmMtMzdmMDkwZWU2NTFhOzEuMA==-5ebd9163-af97-4986-bcfc-37f090ee651a] Object was updated but could not be found in the DRC.
[http://chemistry.apache.org/YzdiMzRkZDEtZGUxYi00OGEyLWE3MGQtMzU1OTZjZTVkOGM5-c7b34dd1-de1b-48a2-a70d-35596ce5d8c9] Object was created but could not be found in the DRC.
[http://chemistry.apache.org/OGNmZDU3ODYtMWY4OC00NjFlLWE3YTktYTAwMjgwZTNjYmU2-8cfd5786-1f88-461e-a7a9-a00280e3cbe6] Object was created but could not be found in the DRC.
[http://chemistry.apache.org/OGNmZDU3ODYtMWY4OC00NjFlLWE3YTktYTAwMjgwZTNjYmU2-8cfd5786-1f88-461e-a7a9-a00280e3cbe6] Object was deleted but could not be found in the ZRC.
[http://chemistry.apache.org/YzdiMzRkZDEtZGUxYi00OGEyLWE3MGQtMzU1OTZjZTVkOGM5-c7b34dd1-de1b-48a2-a70d-35596ce5d8c9] Object was deleted but could not be found in the ZRC.
[http://chemistry.apache.org/NjBmNWViM2YtNDUwNC00N2I2LWFmNDYtZmJkYTI5MDgxZTE2-60f5eb3f-4504-47b6-af46-fbda29081e16] Object was created but could not be found in the DRC.
[http://chemistry.apache.org/MDhmYmRmZmUtN2YzMS00N2YzLTg1OWEtZTMyNzhmMzA4M2Q2-08fbdffe-7f31-47f3-859a-e3278f3083d6] Object was created but could not be found in the DRC.
[http://chemistry.apache.org/MDhmYmRmZmUtN2YzMS00N2YzLTg1OWEtZTMyNzhmMzA4M2Q2-08fbdffe-7f31-47f3-859a-e3278f3083d6] Object was deleted but could not be found in the ZRC.
[http://chemistry.apache.org/NjBmNWViM2YtNDUwNC00N2I2LWFmNDYtZmJkYTI5MDgxZTE2-60f5eb3f-4504-47b6-af46-fbda29081e16] Object was deleted but could not be found in the ZRC.
[http://chemistry.apache.org/MWY0MDgxNTYtZmUxYS00YjEwLWI2M2ItNDkwMzYxNGUyNmM1-1f408156-fe1a-4b10-b63b-4903614e26c5] Object was created but could not be found in the DRC.
[http://chemistry.apache.org/Y2EyMGNhNmMtYmQyNy00YjRjLTg0MDEtZjRhYTM3YzJhNWM1-ca20ca6c-bd27-4b4c-8401-f4aa37c2a5c5] Object was created but could not be found in the DRC.
[http://chemistry.apache.org/Y2EyMGNhNmMtYmQyNy00YjRjLTg0MDEtZjRhYTM3YzJhNWM1-ca20ca6c-bd27-4b4c-8401-f4aa37c2a5c5] Object was deleted but could not be found in the ZRC.
[http://chemistry.apache.org/MWY0MDgxNTYtZmUxYS00YjEwLWI2M2ItNDkwMzYxNGUyNmM1-1f408156-fe1a-4b10-b63b-4903614e26c5] Object was deleted but could not be found in the ZRC.
[http://chemistry.apache.org/ZjIxZDJlZTAtNWJjZC00YmRhLTlhM2EtNzFmOWJmYzE5YWNl-f21d2ee0-5bcd-4bda-9a3a-71f9bfc19ace] Object was created but could not be found in the DRC.
[http://chemistry.apache.org/YjFhOWY0OWQtNzlkZS00YWY5LTk4NTctYzlkNGI5MDJlODIw-b1a9f49d-79de-4af9-9857-c9d4b902e820] Object was created but could not be found in the DRC.
[http://chemistry.apache.org/YjFhOWY0OWQtNzlkZS00YWY5LTk4NTctYzlkNGI5MDJlODIw-b1a9f49d-79de-4af9-9857-c9d4b902e820] Object was deleted but could not be found in the ZRC.
[http://chemistry.apache.org/ZjIxZDJlZTAtNWJjZC00YmRhLTlhM2EtNzFmOWJmYzE5YWNl-f21d2ee0-5bcd-4bda-9a3a-71f9bfc19ace] Object was deleted but could not be found in the ZRC.
[http://chemistry.apache.org/ZmEzZTAyZTYtYWUyNS00Zjg4LWIyY2QtYmFhNDgwZmJiMWQ5-fa3e02e6-ae25-4f88-b2cd-baa480fbb1d9] Object was created but could not be found in the DRC.
[http://chemistry.apache.org/NmVmZWZmMjYtNGYyNi00OTA5LWFjZDYtYTkxM2Q1Mzk4MGFj-6efeff26-4f26-4909-acd6-a913d53980ac] Object was created but could not be found in the DRC.
[http://chemistry.apache.org/NmVmZWZmMjYtNGYyNi00OTA5LWFjZDYtYTkxM2Q1Mzk4MGFj-6efeff26-4f26-4909-acd6-a913d53980ac] Object was deleted but could not be found in the ZRC.
[http://chemistry.apache.org/ZmEzZTAyZTYtYWUyNS00Zjg4LWIyY2QtYmFhNDgwZmJiMWQ5-fa3e02e6-ae25-4f88-b2cd-baa480fbb1d9] Object was deleted but could not be found in the ZRC.
[http://chemistry.apache.org/NTcyMzg1NmEtM2YwNS00OTdkLTk4NDItOTdhYWQyMDZjN2Q0-5723856a-3f05-497d-9842-97aad206c7d4] Object was created but could not be found in the DRC.
[http://chemistry.apache.org/ZmNiNGRhMGEtZDZmNi00ZWY0LTg4NDQtOTY1Y2MzNDhkZjgx-fcb4da0a-d6f6-4ef4-8844-965cc348df81] Object was created but could not be found in the DRC.
[http://chemistry.apache.org/ZmNiNGRhMGEtZDZmNi00ZWY0LTg4NDQtOTY1Y2MzNDhkZjgx-fcb4da0a-d6f6-4ef4-8844-965cc348df81] Object was deleted but could not be found in the ZRC.
[http://chemistry.apache.org/NTcyMzg1NmEtM2YwNS00OTdkLTk4NDItOTdhYWQyMDZjN2Q0-5723856a-3f05-497d-9842-97aad206c7d4] Object was deleted but could not be found in the ZRC.
[http://chemistry.apache.org/OTRmOTNlMTYtZGJmNi00OGFkLTkyN2UtZmJkZDA0NTU5MmEw-94f93e16-dbf6-48ad-927e-fbdd045592a0] Object was created but could not be found in the DRC.
[http://chemistry.apache.org/NmQ1Yjk2YTgtMDJiMi00Y2MxLWJkYjktMTk0Mjg3ZTdmNDEy-6d5b96a8-02b2-4cc1-bdb9-194287e7f412] Object was created but could not be found in the DRC.
[http://chemistry.apache.org/NmQ1Yjk2YTgtMDJiMi00Y2MxLWJkYjktMTk0Mjg3ZTdmNDEy-6d5b96a8-02b2-4cc1-bdb9-194287e7f412] Object was deleted but could not be found in the ZRC.
[http://chemistry.apache.org/OTRmOTNlMTYtZGJmNi00OGFkLTkyN2UtZmJkZDA0NTU5MmEw-94f93e16-dbf6-48ad-927e-fbdd045592a0] Object was deleted but could not be found in the ZRC.
[http://chemistry.apache.org/NzY0NDkyZGMtZjdjMS00Y2RjLTkxODgtMzA0NTEyNzFiMWIy-764492dc-f7c1-4cdc-9188-30451271b1b2] Object was created but could not be found in the DRC.
[http://chemistry.apache.org/ZTFmNTczZmQtMDAyNC00ZjZlLTk4NmMtM2Y2Zjc1ZTc1ZTZm-e1f573fd-0024-4f6e-986c-3f6f75e75e6f] Object was created but could not be found in the DRC.
[http://chemistry.apache.org/ZTFmNTczZmQtMDAyNC00ZjZlLTk4NmMtM2Y2Zjc1ZTc1ZTZm-e1f573fd-0024-4f6e-986c-3f6f75e75e6f] Object was deleted but could not be found in the ZRC.
[http://chemistry.apache.org/NzY0NDkyZGMtZjdjMS00Y2RjLTkxODgtMzA0NTEyNzFiMWIy-764492dc-f7c1-4cdc-9188-30451271b1b2] Object was deleted but could not be found in the ZRC.
[http://chemistry.apache.org/ZGM0YjYwOGItMWUzMC00ZDc0LWJjMjgtMzMzMTE0OWE1OTk4-dc4b608b-1e30-4d74-bc28-3331149a5998] Object was created but could not be found in the DRC.
[http://chemistry.apache.org/M2I0MGY1Y2ItNmEyYS00NmZlLTg2MTYtNDQxNGMxNmE0ZTNl-3b40f5cb-6a2a-46fe-8616-4414c16a4e3e] Object was created but could not be found in the DRC.
[http://chemistry.apache.org/M2I0MGY1Y2ItNmEyYS00NmZlLTg2MTYtNDQxNGMxNmE0ZTNl-3b40f5cb-6a2a-46fe-8616-4414c16a4e3e] Object was deleted but could not be found in the ZRC.
[http://chemistry.apache.org/ZGM0YjYwOGItMWUzMC00ZDc0LWJjMjgtMzMzMTE0OWE1OTk4-dc4b608b-1e30-4d74-bc28-3331149a5998] Object was deleted but could not be found in the ZRC.
[http://chemistry.apache.org/OTE1YTY2ZmEtYmFjZC00ZjczLWIzMzgtMGIwZjdlNzgwZWNk-915a66fa-bacd-4f73-b338-0b0f7e780ecd] Object was created but could not be found in the DRC.
[http://chemistry.apache.org/MzVlMGYxM2UtYmYwMC00MzVhLWI5YmEtZGJjNzg2YzIzMmQx-35e0f13e-bf00-435a-b9ba-dbc786c232d1] Object was created but could not be found in the DRC.
[http://chemistry.apache.org/MzVlMGYxM2UtYmYwMC00MzVhLWI5YmEtZGJjNzg2YzIzMmQx-35e0f13e-bf00-435a-b9ba-dbc786c232d1] Object was deleted but could not be found in the ZRC.
[http://chemistry.apache.org/OTE1YTY2ZmEtYmFjZC00ZjczLWIzMzgtMGIwZjdlNzgwZWNk-915a66fa-bacd-4f73-b338-0b0f7e780ecd] Object was deleted but could not be found in the ZRC.
[http://chemistry.apache.org/NDNjYjc2NTgtMmQ0Ny00MjA5LTk4NTctOTcxMjMyZTNjMDUx-43cb7658-2d47-4209-9857-971232e3c051] Object was created but could not be found in the DRC.
[http://chemistry.apache.org/NjM2NWFhNmItYmI5ZS00Y2U3LWFlYjAtN2NmMjI0ODg0N2Jj-6365aa6b-bb9e-4ce7-aeb0-7cf2248847bc] Object was created but could not be found in the DRC.
[http://chemistry.apache.org/NjM2NWFhNmItYmI5ZS00Y2U3LWFlYjAtN2NmMjI0ODg0N2Jj-6365aa6b-bb9e-4ce7-aeb0-7cf2248847bc] Object was deleted but could not be found in the ZRC.
[http://chemistry.apache.org/NDNjYjc2NTgtMmQ0Ny00MjA5LTk4NTctOTcxMjMyZTNjMDUx-43cb7658-2d47-4209-9857-971232e3c051] Object was deleted but could not be found in the ZRC.
[http://chemistry.apache.org/ZTkwYmQ4MGQtMWE4Ni00ZjE1LTkwNWQtYzhkOGVkOGJlNGI0-e90bd80d-1a86-4f15-905d-c8d8ed8be4b4] Object was created but could not be found in the DRC.
[http://chemistry.apache.org/ZmYzOGIzYWUtNWQ0My00NGY3LWE4Y2QtNDEzYmYxM2U2Mzc2-ff38b3ae-5d43-44f7-a8cd-413bf13e6376] Object was created but could not be found in the DRC.
[http://chemistry.apache.org/ZmYzOGIzYWUtNWQ0My00NGY3LWE4Y2QtNDEzYmYxM2U2Mzc2-ff38b3ae-5d43-44f7-a8cd-413bf13e6376] Object was deleted but could not be found in the ZRC.
[http://chemistry.apache.org/ZTkwYmQ4MGQtMWE4Ni00ZjE1LTkwNWQtYzhkOGVkOGJlNGI0-e90bd80d-1a86-4f15-905d-c8d8ed8be4b4] Object was deleted but could not be found in the ZRC.
[http://chemistry.apache.org/ZTJiOWMwNDMtNzg2YS00ODYwLWIwMzgtYzhkODIzYmFkNmMx-e2b9c043-786a-4860-b038-c8d823bad6c1] Object was created but could not be found in the DRC.
[http://chemistry.apache.org/Njg0NTRmOTItZTE4Ny00OTU3LTg0ODUtMDc1ZmY5MWZhOGNk-68454f92-e187-4957-8485-075ff91fa8cd] Object was created but could not be found in the DRC.
[http://chemistry.apache.org/MjU0NmE3MjAtZGU1OS00Y2NlLTgzOTEtOWVjNTM3N2Y1ZTc3-2546a720-de59-4cce-8391-9ec5377f5e77] Object was created but could not be found in the DRC.
[http://chemistry.apache.org/Njg0NTRmOTItZTE4Ny00OTU3LTg0ODUtMDc1ZmY5MWZhOGNk-68454f92-e187-4957-8485-075ff91fa8cd] Object was deleted but could not be found in the ZRC.
[http://chemistry.apache.org/MjU0NmE3MjAtZGU1OS00Y2NlLTgzOTEtOWVjNTM3N2Y1ZTc3-2546a720-de59-4cce-8391-9ec5377f5e77] Object was deleted but could not be found in the ZRC.
[http://chemistry.apache.org/ZTJiOWMwNDMtNzg2YS00ODYwLWIwMzgtYzhkODIzYmFkNmMx-e2b9c043-786a-4860-b038-c8d823bad6c1] Object was deleted but could not be found in the ZRC.
[http://chemistry.apache.org/ZTlmNGUyZjktNDgwZS00YTczLTg1YjktZjcwZGU0OTZlY2My-e9f4e2f9-480e-4a73-85b9-f70de496ecc2] Object was created but could not be found in the DRC.
[http://chemistry.apache.org/M2I5ZWJkZDktYmQ4ZC00ODU5LWFjZDItZjEwMjMxNGI0ZWE5-3b9ebdd9-bd8d-4859-acd2-f102314b4ea9] Object was created but could not be found in the DRC.
[http://chemistry.apache.org/M2I5ZWJkZDktYmQ4ZC00ODU5LWFjZDItZjEwMjMxNGI0ZWE5-3b9ebdd9-bd8d-4859-acd2-f102314b4ea9] Object was deleted but could not be found in the ZRC.
[http://chemistry.apache.org/ZTlmNGUyZjktNDgwZS00YTczLTg1YjktZjcwZGU0OTZlY2My-e9f4e2f9-480e-4a73-85b9-f70de496ecc2] Object was deleted but could not be found in the ZRC.
[http://chemistry.apache.org/NWMwZTBiYmMtN2ZiYS00MmM2LWExYTYtZThhNmVmNGM3NmQ1-5c0e0bbc-7fba-42c6-a1a6-e8a6ef4c76d5] Object was created but could not be found in the DRC.
[http://chemistry.apache.org/ZWY5NzRhMTctZjVlYi00M2I1LTkwZDUtMTEzY2EwYWVkYzUw-ef974a17-f5eb-43b5-90d5-113ca0aedc50] Object was created but could not be found in the DRC.
[http://chemistry.apache.org/ZWY5NzRhMTctZjVlYi00M2I1LTkwZDUtMTEzY2EwYWVkYzUw-ef974a17-f5eb-43b5-90d5-113ca0aedc50] Object was deleted but could not be found in the ZRC.
[http://chemistry.apache.org/NWMwZTBiYmMtN2ZiYS00MmM2LWExYTYtZThhNmVmNGM3NmQ1-5c0e0bbc-7fba-42c6-a1a6-e8a6ef4c76d5] Object was deleted but could not be found in the ZRC.
[http://chemistry.apache.org/ZWE4NTAyNWItNDdiOC00NzUzLWIzZDEtNjhkZmE3NmI2ZDMx-ea85025b-47b8-4753-b3d1-68dfa76b6d31] Object was created but could not be found in the DRC.
[http://chemistry.apache.org/NzhiMjhiYWUtZjhhZi00YTgxLTk4Y2UtNGI5NTE2NDc4MjBi-78b28bae-f8af-4a81-98ce-4b951647820b] Object was created but could not be found in the DRC.
[http://chemistry.apache.org/NzhiMjhiYWUtZjhhZi00YTgxLTk4Y2UtNGI5NTE2NDc4MjBi-78b28bae-f8af-4a81-98ce-4b951647820b] Object was deleted but could not be found in the ZRC.
[http://chemistry.apache.org/ZWE4NTAyNWItNDdiOC00NzUzLWIzZDEtNjhkZmE3NmI2ZDMx-ea85025b-47b8-4753-b3d1-68dfa76b6d31] Object was deleted but could not be found in the ZRC.
[http://chemistry.apache.org/ODlmMmUwZWEtMTJiMi00MzhkLTk1MGUtMmRiODZkNDMxOWNl-89f2e0ea-12b2-438d-950e-2db86d4319ce] Object was created but could not be found in the DRC.
[http://chemistry.apache.org/MWVjODRlYmEtOTA1Mi00MzUxLTk4YWQtOGMxYTMyYWM5MGM2-1ec84eba-9052-4351-98ad-8c1a32ac90c6] Object was created but could not be found in the DRC.
[http://chemistry.apache.org/MWVjODRlYmEtOTA1Mi00MzUxLTk4YWQtOGMxYTMyYWM5MGM2-1ec84eba-9052-4351-98ad-8c1a32ac90c6] Object was deleted but could not be found in the ZRC.
[http://chemistry.apache.org/ODlmMmUwZWEtMTJiMi00MzhkLTk1MGUtMmRiODZkNDMxOWNl-89f2e0ea-12b2-438d-950e-2db86d4319ce] Object was deleted but could not be found in the ZRC.
[http://chemistry.apache.org/M2Q1ZGQ2ZjctZTk5Mi00NTc2LTgyOWUtYzdmZGNjOWJiNjdj-3d5dd6f7-e992-4576-829e-c7fdcc9bb67c] Object was created but could not be found in the DRC.
[http://chemistry.apache.org/Zjc0ZjY2MGYtNzZlYS00YzQ3LTgxYTktZjQ5ODFkMWZiNTAx-f74f660f-76ea-4c47-81a9-f4981d1fb501] Object was created but could not be found in the DRC.
[http://chemistry.apache.org/Zjc0ZjY2MGYtNzZlYS00YzQ3LTgxYTktZjQ5ODFkMWZiNTAx-f74f660f-76ea-4c47-81a9-f4981d1fb501] Object was deleted but could not be found in the ZRC.
[http://chemistry.apache.org/M2Q1ZGQ2ZjctZTk5Mi00NTc2LTgyOWUtYzdmZGNjOWJiNjdj-3d5dd6f7-e992-4576-829e-c7fdcc9bb67c] Object was deleted but could not be found in the ZRC.
[http://chemistry.apache.org/YjFkZjlmZDAtYWE0Yy00MWVmLWJkMzgtNjEyZmNiNGI5NjIy-b1df9fd0-aa4c-41ef-bd38-612fcb4b9622] Object was created but could not be found in the DRC.
[http://chemistry.apache.org/NmMyMDljMWQtYWE2Yi00ZTE1LTkxOTgtMzJiMzU4NDI4ZWRk-6c209c1d-aa6b-4e15-9198-32b358428edd] Object was created but could not be found in the DRC.
[http://chemistry.apache.org/NWE0OTRlZTgtOTIyMi00YzAwLWFhNDAtMDE1MzBlMGE5NjAzOzEuMA==-5a494ee8-9222-4c00-aa40-01530e0a9603] Object was created but could not be found in the DRC.
[http://chemistry.apache.org/NWE0OTRlZTgtOTIyMi00YzAwLWFhNDAtMDE1MzBlMGE5NjAzOzEuMA==-5a494ee8-9222-4c00-aa40-01530e0a9603] Object was updated but could not be found in the DRC.
[http://chemistry.apache.org/NWE0OTRlZTgtOTIyMi00YzAwLWFhNDAtMDE1MzBlMGE5NjAzOzEuMQ==-5a494ee8-9222-4c00-aa40-01530e0a9603] Object was deleted but could not be found in the ZRC.
[http://chemistry.apache.org/NmMyMDljMWQtYWE2Yi00ZTE1LTkxOTgtMzJiMzU4NDI4ZWRk-6c209c1d-aa6b-4e15-9198-32b358428edd] Object was deleted but could not be found in the ZRC.
[http://chemistry.apache.org/YjFkZjlmZDAtYWE0Yy00MWVmLWJkMzgtNjEyZmNiNGI5NjIy-b1df9fd0-aa4c-41ef-bd38-612fcb4b9622] Object was deleted but could not be found in the ZRC.
[http://chemistry.apache.org/YjQxZTU4ODEtZjdjMi00ZGRjLThlMWMtZGQyZjJmMTIxOThh-b41e5881-f7c2-4ddc-8e1c-dd2f2f12198a] Object was created but could not be found in the DRC.
[http://chemistry.apache.org/MjhiMGY0NzQtZjRiNS00MTRhLTk3NTQtMDdkYzcyOGE3MDE0-28b0f474-f4b5-414a-9754-07dc728a7014] Object was created but could not be found in the DRC.
[http://chemistry.apache.org/MjhiMGY0NzQtZjRiNS00MTRhLTk3NTQtMDdkYzcyOGE3MDE0-28b0f474-f4b5-414a-9754-07dc728a7014] Object was deleted but could not be found in the ZRC.
[http://chemistry.apache.org/YjQxZTU4ODEtZjdjMi00ZGRjLThlMWMtZGQyZjJmMTIxOThh-b41e5881-f7c2-4ddc-8e1c-dd2f2f12198a] Object was deleted but could not be found in the ZRC.
[http://chemistry.apache.org/MGMyMTI3NDAtZGFkMy00OTY1LWI0OGQtM2EyMTIxMzM5ZDRj-0c212740-dad3-4965-b48d-3a2121339d4c] Object was created but could not be found in the DRC.
[http://chemistry.apache.org/NTA4Njc5NzUtYTNlYy00N2I5LWFlNzktOTQzN2FhM2E1MDFk-50867975-a3ec-47b9-ae79-9437aa3a501d] Object was created but could not be found in the DRC.
[http://chemistry.apache.org/MjUyY2I3ZjAtZDE4ZC00NzYwLWJmMzQtNzVmMWY2MzBmOTQ3OzEuMA==-252cb7f0-d18d-4760-bf34-75f1f630f947] Object was created but could not be found in the DRC.
[http://chemistry.apache.org/MjUyY2I3ZjAtZDE4ZC00NzYwLWJmMzQtNzVmMWY2MzBmOTQ3OzEuMA==-252cb7f0-d18d-4760-bf34-75f1f630f947] Object was updated but could not be found in the DRC.
[http://chemistry.apache.org/MjUyY2I3ZjAtZDE4ZC00NzYwLWJmMzQtNzVmMWY2MzBmOTQ3OzEuMA==-252cb7f0-d18d-4760-bf34-75f1f630f947] Object was deleted but could not be found in the ZRC.
[http://chemistry.apache.org/NTA4Njc5NzUtYTNlYy00N2I5LWFlNzktOTQzN2FhM2E1MDFk-50867975-a3ec-47b9-ae79-9437aa3a501d] Object was deleted but could not be found in the ZRC.
[http://chemistry.apache.org/MGMyMTI3NDAtZGFkMy00OTY1LWI0OGQtM2EyMTIxMzM5ZDRj-0c212740-dad3-4965-b48d-3a2121339d4c] Object was deleted but could not be found in the ZRC.
[http://chemistry.apache.org/MWJiMDAyOTMtNzBhZi00ZGQxLWE0MzUtYjA2ZjZhNTQ2ZTNj-1bb00293-70af-4dd1-a435-b06f6a546e3c] Object was created but could not be found in the DRC.
[http://chemistry.apache.org/NjAzMzJhYmItYWU3Mi00MTUxLWIwYjQtMjI2Yjc3MzljMTY1-60332abb-ae72-4151-b0b4-226b7739c165] Object was created but could not be found in the DRC.
[http://chemistry.apache.org/OTMzYWI5MGMtZjYyNy00YThkLTg2OTAtNmMxYzUwNWVhZTcwOzEuMA==-933ab90c-f627-4a8d-8690-6c1c505eae70] Object was created but could not be found in the DRC.
[http://chemistry.apache.org/OTMzYWI5MGMtZjYyNy00YThkLTg2OTAtNmMxYzUwNWVhZTcwOzEuMA==-933ab90c-f627-4a8d-8690-6c1c505eae70] Object was updated but could not be found in the DRC.
[http://chemistry.apache.org/OTMzYWI5MGMtZjYyNy00YThkLTg2OTAtNmMxYzUwNWVhZTcwOzEuMA==-933ab90c-f627-4a8d-8690-6c1c505eae70] Object was deleted but could not be found in the ZRC.
[http://chemistry.apache.org/NjAzMzJhYmItYWU3Mi00MTUxLWIwYjQtMjI2Yjc3MzljMTY1-60332abb-ae72-4151-b0b4-226b7739c165] Object was deleted but could not be found in the ZRC.
[http://chemistry.apache.org/MWJiMDAyOTMtNzBhZi00ZGQxLWE0MzUtYjA2ZjZhNTQ2ZTNj-1bb00293-70af-4dd1-a435-b06f6a546e3c] Object was deleted but could not be found in the ZRC.
[http://chemistry.apache.org/MTNmMzdhMWUtNzdhYy00M2ZhLTk3OTktODI2OTI2NzQ3YjM5-13f37a1e-77ac-43fa-9799-826926747b39] Object was created but could not be found in the DRC.
[http://chemistry.apache.org/ZTNjYzgwMTYtMWJiYS00NTIxLWJiY2ItMzM3MzhmNjJiMDE0-e3cc8016-1bba-4521-bbcb-33738f62b014] Object was created but could not be found in the DRC.
[http://chemistry.apache.org/ZDVkOTUyMjQtYjRkNS00ZWFjLTkzNDMtYTJlOTY4YWFhYjdlOzEuMA==-d5d95224-b4d5-4eac-9343-a2e968aaab7e] Object was created but could not be found in the DRC.
[http://chemistry.apache.org/ZDVkOTUyMjQtYjRkNS00ZWFjLTkzNDMtYTJlOTY4YWFhYjdlOzEuMA==-d5d95224-b4d5-4eac-9343-a2e968aaab7e] Object was updated but could not be found in the DRC.
[http://chemistry.apache.org/ZDVkOTUyMjQtYjRkNS00ZWFjLTkzNDMtYTJlOTY4YWFhYjdlOzEuMA==-d5d95224-b4d5-4eac-9343-a2e968aaab7e] Object was deleted but could not be found in the ZRC.
[http://chemistry.apache.org/ZTNjYzgwMTYtMWJiYS00NTIxLWJiY2ItMzM3MzhmNjJiMDE0-e3cc8016-1bba-4521-bbcb-33738f62b014] Object was deleted but could not be found in the ZRC.
[http://chemistry.apache.org/MTNmMzdhMWUtNzdhYy00M2ZhLTk3OTktODI2OTI2NzQ3YjM5-13f37a1e-77ac-43fa-9799-826926747b39] Object was deleted but could not be found in the ZRC.
[http://chemistry.apache.org/Yjk4ZDYxZjMtY2RlOS00MGY4LWE0NGUtOTM4OWVkNWEyZDQy-b98d61f3-cde9-40f8-a44e-9389ed5a2d42] Object was created but could not be found in the DRC.
[http://chemistry.apache.org/MDYyNjI1ODgtM2EwOS00N2VkLTkxYzMtYWY3YjNjODU1ZDdi-06262588-3a09-47ed-91c3-af7b3c855d7b] Object was created but could not be found in the DRC.
[http://chemistry.apache.org/YjZjZjg0OTMtMWExNy00OGU1LTkxMWQtNmIzNGEyYTE5M2VjOzEuMA==-b6cf8493-1a17-48e5-911d-6b34a2a193ec] Object was created but could not be found in the DRC.
[http://chemistry.apache.org/YjZjZjg0OTMtMWExNy00OGU1LTkxMWQtNmIzNGEyYTE5M2VjOzEuMA==-b6cf8493-1a17-48e5-911d-6b34a2a193ec] Object was updated but could not be found in the DRC.
[http://chemistry.apache.org/NGYzNGIyNWEtYmE3NC00ZmY0LTk3NGQtOTliMDdiYWI5ZWYy-4f34b25a-ba74-4ff4-974d-99b07bab9ef2] Object was created but could not be found in the DRC.
[http://chemistry.apache.org/YjZjZjg0OTMtMWExNy00OGU1LTkxMWQtNmIzNGEyYTE5M2VjOzEuMA==-b6cf8493-1a17-48e5-911d-6b34a2a193ec] Object was deleted but could not be found in the ZRC.
[http://chemistry.apache.org/NGYzNGIyNWEtYmE3NC00ZmY0LTk3NGQtOTliMDdiYWI5ZWYy-4f34b25a-ba74-4ff4-974d-99b07bab9ef2] Object was deleted but could not be found in the ZRC.
[http://chemistry.apache.org/MDYyNjI1ODgtM2EwOS00N2VkLTkxYzMtYWY3YjNjODU1ZDdi-06262588-3a09-47ed-91c3-af7b3c855d7b] Object was deleted but could not be found in the ZRC.
[http://chemistry.apache.org/Yjk4ZDYxZjMtY2RlOS00MGY4LWE0NGUtOTM4OWVkNWEyZDQy-b98d61f3-cde9-40f8-a44e-9389ed5a2d42] Object was deleted but could not be found in the ZRC.
[http://chemistry.apache.org/NjA1YmMxZGYtMTVjNS00NzRkLWE2M2MtMGE5NzE1YTIzMWRl-605bc1df-15c5-474d-a63c-0a9715a231de] Object was created but could not be found in the DRC.
[http://chemistry.apache.org/NDdkZDI5ZWUtZjk4Ni00OWE3LTgxOGQtNGQxZjAxNzgzMjFk-47dd29ee-f986-49a7-818d-4d1f0178321d] Object was created but could not be found in the DRC.
[http://chemistry.apache.org/ZjcxMjcxYmYtMmNjMy00ZjdhLWIxMWQtZmYwOWVkY2FiZTIyOzEuMA==-f71271bf-2cc3-4f7a-b11d-ff09edcabe22] Object was created but could not be found in the DRC.
[http://chemistry.apache.org/ZjcxMjcxYmYtMmNjMy00ZjdhLWIxMWQtZmYwOWVkY2FiZTIyOzEuMA==-f71271bf-2cc3-4f7a-b11d-ff09edcabe22] Object was updated but could not be found in the DRC.
[http://chemistry.apache.org/ZjcxMjcxYmYtMmNjMy00ZjdhLWIxMWQtZmYwOWVkY2FiZTIyOzEuMA==-f71271bf-2cc3-4f7a-b11d-ff09edcabe22] Object was deleted but could not be found in the ZRC.
[http://chemistry.apache.org/NDdkZDI5ZWUtZjk4Ni00OWE3LTgxOGQtNGQxZjAxNzgzMjFk-47dd29ee-f986-49a7-818d-4d1f0178321d] Object was deleted but could not be found in the ZRC.
[http://chemistry.apache.org/NjA1YmMxZGYtMTVjNS00NzRkLWE2M2MtMGE5NzE1YTIzMWRl-605bc1df-15c5-474d-a63c-0a9715a231de] Object was deleted but could not be found in the ZRC.
[http://chemistry.apache.org/NTY2YmMxZWQtZjc0Yy00NjliLThhOTItZjY5ZjgwZjA0OWFk-566bc1ed-f74c-469b-8a92-f69f80f049ad] Object was created but could not be found in the DRC.
[http://chemistry.apache.org/MDhkOTU5ZWYtMTkzMC00NjJlLTkzNzktNjE2NTc4MzVkNjll-08d959ef-1930-462e-9379-61657835d69e] Object was created but could not be found in the DRC.
[http://chemistry.apache.org/YWQyOTY0N2EtMGYzMy00NzkxLWI5OGItYzQzZjdkNDIwM2ZhOzEuMA==-ad29647a-0f33-4791-b98b-c43f7d4203fa] Object was created but could not be found in the DRC.
[http://chemistry.apache.org/YWQyOTY0N2EtMGYzMy00NzkxLWI5OGItYzQzZjdkNDIwM2ZhOzEuMA==-ad29647a-0f33-4791-b98b-c43f7d4203fa] Object was updated but could not be found in the DRC.
[http://chemistry.apache.org/YWQyOTY0N2EtMGYzMy00NzkxLWI5OGItYzQzZjdkNDIwM2ZhOzEuMA==-ad29647a-0f33-4791-b98b-c43f7d4203fa] Object was deleted but could not be found in the ZRC.
[http://chemistry.apache.org/MGU0ZjhiZWUtY2ZiZi00YjZkLThjYjQtZDBiMzg1ZDUzY2Vk-0e4f8bee-cfbf-4b6d-8cb4-d0b385d53ced] Object was created but could not be found in the DRC.
[http://chemistry.apache.org/MGU0ZjhiZWUtY2ZiZi00YjZkLThjYjQtZDBiMzg1ZDUzY2Vk-0e4f8bee-cfbf-4b6d-8cb4-d0b385d53ced] Object was deleted but could not be found in the ZRC.
[http://chemistry.apache.org/MDhkOTU5ZWYtMTkzMC00NjJlLTkzNzktNjE2NTc4MzVkNjll-08d959ef-1930-462e-9379-61657835d69e] Object was deleted but could not be found in the ZRC.
[http://chemistry.apache.org/NTY2YmMxZWQtZjc0Yy00NjliLThhOTItZjY5ZjgwZjA0OWFk-566bc1ed-f74c-469b-8a92-f69f80f049ad] Object was deleted but could not be found in the ZRC.
[http://chemistry.apache.org/ZmExOTM3YjMtOTA4Ni00N2IxLWE2NjYtMmZlNjczZTk5MGE1OzEuMA==-fa1937b3-9086-47b1-a666-2fe673e990a5] Object was created but could not be found in the DRC.
[http://chemistry.apache.org/ZmExOTM3YjMtOTA4Ni00N2IxLWE2NjYtMmZlNjczZTk5MGE1OzEuMA==-fa1937b3-9086-47b1-a666-2fe673e990a5] Object was updated but could not be found in the DRC.
[http://chemistry.apache.org/OWVlMmU5OTMtNzBjZS00OWY0LWJlOGQtOWMxZmQ5NmE0ODlh-9ee2e993-70ce-49f4-be8d-9c1fd96a489a] Object was created but could not be found in the DRC.
[http://chemistry.apache.org/MjNjZDVkOWItZmY2Ny00MTcwLWJjYmMtNmYxZTRlNTc4MzE4-23cd5d9b-ff67-4170-bcbc-6f1e4e578318] Object was created but could not be found in the DRC.
[http://chemistry.apache.org/MjNjZDVkOWItZmY2Ny00MTcwLWJjYmMtNmYxZTRlNTc4MzE4-23cd5d9b-ff67-4170-bcbc-6f1e4e578318] Object was deleted but could not be found in the ZRC.
[http://chemistry.apache.org/OWVlMmU5OTMtNzBjZS00OWY0LWJlOGQtOWMxZmQ5NmE0ODlh-9ee2e993-70ce-49f4-be8d-9c1fd96a489a] Object was deleted but could not be found in the ZRC.
[http://chemistry.apache.org/OGVjMmU3YWUtYzY5Yy00MmVkLTk3Y2YtNjE5OTMwNjAyN2Q1-8ec2e7ae-c69c-42ed-97cf-6199306027d5] Object was created but could not be found in the DRC.
[http://chemistry.apache.org/NDcyYjM2ZDktZjI5Mi00ZDFlLWEyYTktMGQyMjIzMTJlYjBi-472b36d9-f292-4d1e-a2a9-0d222312eb0b] Object was created but could not be found in the DRC.
[http://chemistry.apache.org/NDcyYjM2ZDktZjI5Mi00ZDFlLWEyYTktMGQyMjIzMTJlYjBi-472b36d9-f292-4d1e-a2a9-0d222312eb0b] Object was deleted but could not be found in the ZRC.
[http://chemistry.apache.org/OGVjMmU3YWUtYzY5Yy00MmVkLTk3Y2YtNjE5OTMwNjAyN2Q1-8ec2e7ae-c69c-42ed-97cf-6199306027d5] Object was deleted but could not be found in the ZRC.
[http://chemistry.apache.org/Yzc3YzFjNjUtMGZlMS00OTNmLWJjZTQtMjMzNzAzNmU5ZDVh-c77c1c65-0fe1-493f-bce4-2337036e9d5a] Object was created but could not be found in the DRC.
[http://chemistry.apache.org/ZGM2MDBlMGQtNWMxZi00NTgzLWEwMjUtNmE4M2U5ZWRlNTRk-dc600e0d-5c1f-4583-a025-6a83e9ede54d] Object was created but could not be found in the DRC.
[http://chemistry.apache.org/ZGM2MDBlMGQtNWMxZi00NTgzLWEwMjUtNmE4M2U5ZWRlNTRk-dc600e0d-5c1f-4583-a025-6a83e9ede54d] Object was deleted but could not be found in the ZRC.
[http://chemistry.apache.org/Yzc3YzFjNjUtMGZlMS00OTNmLWJjZTQtMjMzNzAzNmU5ZDVh-c77c1c65-0fe1-493f-bce4-2337036e9d5a] Object was deleted but could not be found in the ZRC.
[http://chemistry.apache.org/MmYyNmIwMDQtYjhkMy00Y2FhLWFkMmYtODEzYzVmNWI3Yjg4-2f26b004-b8d3-4caa-ad2f-813c5f5b7b88] Object was created but could not be found in the DRC.
[http://chemistry.apache.org/Nzc5ZTg5ODQtYjQzZC00NWI3LWFjMzUtZDljZGQ3MTEyMmM4-779e8984-b43d-45b7-ac35-d9cdd71122c8] Object was created but could not be found in the DRC.
[http://chemistry.apache.org/Nzc5ZTg5ODQtYjQzZC00NWI3LWFjMzUtZDljZGQ3MTEyMmM4-779e8984-b43d-45b7-ac35-d9cdd71122c8] Object was deleted but could not be found in the ZRC.
[http://chemistry.apache.org/MmYyNmIwMDQtYjhkMy00Y2FhLWFkMmYtODEzYzVmNWI3Yjg4-2f26b004-b8d3-4caa-ad2f-813c5f5b7b88] Object was deleted but could not be found in the ZRC.
[http://chemistry.apache.org/ZjU1YzIzNDUtOTk0My00YjEwLWFlYjUtODdiZTMzMmQ0Mzdm-f55c2345-9943-4b10-aeb5-87be332d437f] Object was created but could not be found in the DRC.
[http://chemistry.apache.org/Mjc0NGExODYtY2E5OS00YzA2LTk3YjctNThkYTg1NmRkY2Jm-2744a186-ca99-4c06-97b7-58da856ddcbf] Object was created but could not be found in the DRC.
[http://chemistry.apache.org/Mjc0NGExODYtY2E5OS00YzA2LTk3YjctNThkYTg1NmRkY2Jm-2744a186-ca99-4c06-97b7-58da856ddcbf] Object was deleted but could not be found in the ZRC.
[http://chemistry.apache.org/ZjU1YzIzNDUtOTk0My00YjEwLWFlYjUtODdiZTMzMmQ0Mzdm-f55c2345-9943-4b10-aeb5-87be332d437f] Object was deleted but could not be found in the ZRC.
[http://chemistry.apache.org/ZjUxYWVlNTAtMzY1NC00ZjUzLWEzNjItODIyZjEzZGRkZmMx-f51aee50-3654-4f53-a362-822f13dddfc1] Object was created but could not be found in the DRC.
[http://chemistry.apache.org/OThmMjhiZDktYjE2MS00Y2EzLTgxMmQtYTAyMWU0N2JiMmIz-98f28bd9-b161-4ca3-812d-a021e47bb2b3] Object was created but could not be found in the DRC.
[http://chemistry.apache.org/OThmMjhiZDktYjE2MS00Y2EzLTgxMmQtYTAyMWU0N2JiMmIz-98f28bd9-b161-4ca3-812d-a021e47bb2b3] Object was deleted but could not be found in the ZRC.
[http://chemistry.apache.org/ZjUxYWVlNTAtMzY1NC00ZjUzLWEzNjItODIyZjEzZGRkZmMx-f51aee50-3654-4f53-a362-822f13dddfc1] Object was deleted but could not be found in the ZRC.
[http://chemistry.apache.org/NDNmMjExZDUtNGM4Mi00NWU5LTliMDktNWUzMWVlYjkzNzYy-43f211d5-4c82-45e9-9b09-5e31eeb93762] Object was created but could not be found in the DRC.
[http://chemistry.apache.org/ODZmNzc0NDktNGU2ZS00OTc0LWE2YWItNGI3MGJhMWIyNmY3-86f77449-4e6e-4974-a6ab-4b70ba1b26f7] Object was created but could not be found in the DRC.
[http://chemistry.apache.org/ODZmNzc0NDktNGU2ZS00OTc0LWE2YWItNGI3MGJhMWIyNmY3-86f77449-4e6e-4974-a6ab-4b70ba1b26f7] Object was deleted but could not be found in the ZRC.
[http://chemistry.apache.org/NDNmMjExZDUtNGM4Mi00NWU5LTliMDktNWUzMWVlYjkzNzYy-43f211d5-4c82-45e9-9b09-5e31eeb93762] Object was deleted but could not be found in the ZRC.
[http://chemistry.apache.org/ZTJjMTFjNDktYzM1ZS00NDE2LWJlN2UtMmY4OTYyMmE5NDNi-e2c11c49-c35e-4416-be7e-2f89622a943b] Object was created but could not be found in the DRC.
[http://chemistry.apache.org/M2RlZTA2YzYtMjM0OS00MTI5LTk1MmMtZTA2YmVjMzk3Nzgw-3dee06c6-2349-4129-952c-e06bec397780] Object was created but could not be found in the DRC.
[http://chemistry.apache.org/M2RlZTA2YzYtMjM0OS00MTI5LTk1MmMtZTA2YmVjMzk3Nzgw-3dee06c6-2349-4129-952c-e06bec397780] Object was deleted but could not be found in the ZRC.
[http://chemistry.apache.org/ZTJjMTFjNDktYzM1ZS00NDE2LWJlN2UtMmY4OTYyMmE5NDNi-e2c11c49-c35e-4416-be7e-2f89622a943b] Object was deleted but could not be found in the ZRC.
[http://chemistry.apache.org/M2I0NGQyZWItNDAwNC00YzEwLWIzMDItOTYzYmM2YjJjNjMy-3b44d2eb-4004-4c10-b302-963bc6b2c632] Object was created but could not be found in the DRC.
[http://chemistry.apache.org/NTU5NmQyN2UtYjA1Ny00MGI3LTlhYWItOTQ3ZDI0ZGIxZDQ2-5596d27e-b057-40b7-9aab-947d24db1d46] Object was created but could not be found in the DRC.
[http://chemistry.apache.org/NTU5NmQyN2UtYjA1Ny00MGI3LTlhYWItOTQ3ZDI0ZGIxZDQ2-5596d27e-b057-40b7-9aab-947d24db1d46] Object was deleted but could not be found in the ZRC.
[http://chemistry.apache.org/M2I0NGQyZWItNDAwNC00YzEwLWIzMDItOTYzYmM2YjJjNjMy-3b44d2eb-4004-4c10-b302-963bc6b2c632] Object was deleted but could not be found in the ZRC.
[http://chemistry.apache.org/ZDRiNThhYWYtMTAwMy00ZGYzLTkwMGEtYmIwMjVkZDNiZGEw-d4b58aaf-1003-4df3-900a-bb025dd3bda0] Object was created but could not be found in the DRC.
[http://chemistry.apache.org/M2EyMmQ4ZWUtOGM1Mi00NjJkLThjMTAtNTY0MDgzOWYxY2Uw-3a22d8ee-8c52-462d-8c10-5640839f1ce0] Object was created but could not be found in the DRC.
[http://chemistry.apache.org/M2EyMmQ4ZWUtOGM1Mi00NjJkLThjMTAtNTY0MDgzOWYxY2Uw-3a22d8ee-8c52-462d-8c10-5640839f1ce0] Object was deleted but could not be found in the ZRC.
[http://chemistry.apache.org/ZDRiNThhYWYtMTAwMy00ZGYzLTkwMGEtYmIwMjVkZDNiZGEw-d4b58aaf-1003-4df3-900a-bb025dd3bda0] Object was deleted but could not be found in the ZRC.
[http://chemistry.apache.org/OGVjYTQzMDItMWVlMC00MDVmLTk2ZTEtMzI2MTA5Y2ZjOGJj-8eca4302-1ee0-405f-96e1-326109cfc8bc] Object was created but could not be found in the DRC.
[http://chemistry.apache.org/NDgyZjU0NDgtOGQ1Ni00NDU2LWEzNDAtYzMwZDg3YmVkM2Nh-482f5448-8d56-4456-a340-c30d87bed3ca] Object was created but could not be found in the DRC.
[http://chemistry.apache.org/NDgyZjU0NDgtOGQ1Ni00NDU2LWEzNDAtYzMwZDg3YmVkM2Nh-482f5448-8d56-4456-a340-c30d87bed3ca] Object was deleted but could not be found in the ZRC.
[http://chemistry.apache.org/OGVjYTQzMDItMWVlMC00MDVmLTk2ZTEtMzI2MTA5Y2ZjOGJj-8eca4302-1ee0-405f-96e1-326109cfc8bc] Object was deleted but could not be found in the ZRC.
[http://chemistry.apache.org/OTUwMjQyM2UtMjljMy00MDZiLWExODQtM2IwZjMyOTM3NTZi-9502423e-29c3-406b-a184-3b0f3293756b] Object was created but could not be found in the DRC.
[http://chemistry.apache.org/MjQ2MWYyMWQtYTgyYy00ZGQ1LThlYmItYjY5MGUxYjlkODU4-2461f21d-a82c-4dd5-8ebb-b690e1b9d858] Object was created but could not be found in the DRC.
[http://chemistry.apache.org/MjQ2MWYyMWQtYTgyYy00ZGQ1LThlYmItYjY5MGUxYjlkODU4-2461f21d-a82c-4dd5-8ebb-b690e1b9d858] Object was deleted but could not be found in the ZRC.
[http://chemistry.apache.org/OTUwMjQyM2UtMjljMy00MDZiLWExODQtM2IwZjMyOTM3NTZi-9502423e-29c3-406b-a184-3b0f3293756b] Object was deleted but could not be found in the ZRC.
[http://chemistry.apache.org/NWZiMzM2NDctODgxOS00MzBkLWJlMzgtM2YyZDVkM2MyMDBi-5fb33647-8819-430d-be38-3f2d5d3c200b] Object was created but could not be found in the DRC.
[http://chemistry.apache.org/ZDNjYTE0MDUtNzQ0Zi00Y2UwLWI1OGItN2Y4MjE5OTQzY2E4-d3ca1405-744f-4ce0-b58b-7f8219943ca8] Object was created but could not be found in the DRC.
[http://chemistry.apache.org/ZDNjYTE0MDUtNzQ0Zi00Y2UwLWI1OGItN2Y4MjE5OTQzY2E4-d3ca1405-744f-4ce0-b58b-7f8219943ca8] Object was deleted but could not be found in the ZRC.
[http://chemistry.apache.org/NWZiMzM2NDctODgxOS00MzBkLWJlMzgtM2YyZDVkM2MyMDBi-5fb33647-8819-430d-be38-3f2d5d3c200b] Object was deleted but could not be found in the ZRC.
[http://chemistry.apache.org/ZGVjYmRlMWYtNjU4ZS00NjFmLWE0YmEtN2Q4YjRkYjhhNjFh-decbde1f-658e-461f-a4ba-7d8b4db8a61a] Object was created but could not be found in the DRC.
[http://chemistry.apache.org/NDFmYWEyY2MtMTY5NC00Yzc5LWEzZWYtYTNhZWI5OGM0OTBi-41faa2cc-1694-4c79-a3ef-a3aeb98c490b] Object was created but could not be found in the DRC.
[http://chemistry.apache.org/NDFmYWEyY2MtMTY5NC00Yzc5LWEzZWYtYTNhZWI5OGM0OTBi-41faa2cc-1694-4c79-a3ef-a3aeb98c490b] Object was deleted but could not be found in the ZRC.
[http://chemistry.apache.org/ZGVjYmRlMWYtNjU4ZS00NjFmLWE0YmEtN2Q4YjRkYjhhNjFh-decbde1f-658e-461f-a4ba-7d8b4db8a61a] Object was deleted but could not be found in the ZRC.
[http://chemistry.apache.org/NzM2N2M1MzQtMWMyOS00NmJlLWJmZDctNDBiMTFhZjAxZTI3-7367c534-1c29-46be-bfd7-40b11af01e27] Object was created but could not be found in the DRC.
[http://chemistry.apache.org/NmZjN2VlNmEtYmE5NS00MmRiLWI3ZTItNjA2MThlYzJkOGJi-6fc7ee6a-ba95-42db-b7e2-60618ec2d8bb] Object was created but could not be found in the DRC.
[http://chemistry.apache.org/NmZjN2VlNmEtYmE5NS00MmRiLWI3ZTItNjA2MThlYzJkOGJi-6fc7ee6a-ba95-42db-b7e2-60618ec2d8bb] Object was deleted but could not be found in the ZRC.
[http://chemistry.apache.org/NzM2N2M1MzQtMWMyOS00NmJlLWJmZDctNDBiMTFhZjAxZTI3-7367c534-1c29-46be-bfd7-40b11af01e27] Object was deleted but could not be found in the ZRC.
[http://chemistry.apache.org/ZDVmOGI5NWUtZjBjOS00YWI3LThmN2UtODY1ZTYzODk2MTU4-d5f8b95e-f0c9-4ab7-8f7e-865e63896158] Object was created but could not be found in the DRC.
[http://chemistry.apache.org/MzUzNGMwOWQtZjA2Ni00ZWQ2LWIyNTMtNTQ0NzY3ODZiMjlm-3534c09d-f066-4ed6-b253-54476786b29f] Object was created but could not be found in the DRC.
[http://chemistry.apache.org/MzUzNGMwOWQtZjA2Ni00ZWQ2LWIyNTMtNTQ0NzY3ODZiMjlm-3534c09d-f066-4ed6-b253-54476786b29f] Object was deleted but could not be found in the ZRC.
[http://chemistry.apache.org/ZDVmOGI5NWUtZjBjOS00YWI3LThmN2UtODY1ZTYzODk2MTU4-d5f8b95e-f0c9-4ab7-8f7e-865e63896158] Object was deleted but could not be found in the ZRC.
[http://chemistry.apache.org/MGYzYmYwY2EtMjYzMy00YjRlLTg1YmItYWE2NTAxNzYwYmEy-0f3bf0ca-2633-4b4e-85bb-aa6501760ba2] Object was created but could not be found in the DRC.
[http://chemistry.apache.org/ZTFmOWJjNjQtMTIyNC00ODcwLWE1NjUtMjFmMWRlYjljZWQ5-e1f9bc64-1224-4870-a565-21f1deb9ced9] Object was created but could not be found in the DRC.
[http://chemistry.apache.org/ZTFmOWJjNjQtMTIyNC00ODcwLWE1NjUtMjFmMWRlYjljZWQ5-e1f9bc64-1224-4870-a565-21f1deb9ced9] Object was deleted but could not be found in the ZRC.
[http://chemistry.apache.org/MGYzYmYwY2EtMjYzMy00YjRlLTg1YmItYWE2NTAxNzYwYmEy-0f3bf0ca-2633-4b4e-85bb-aa6501760ba2] Object was deleted but could not be found in the ZRC.
[http://chemistry.apache.org/NWNjMjE1Y2MtY2RlMC00M2ZjLWE2ZTUtYTA3MmQ5NDMwOGM4-5cc215cc-cde0-43fc-a6e5-a072d94308c8] Object was created but could not be found in the DRC.
[http://chemistry.apache.org/ZTRmYmEwN2QtNGRmYS00ODZjLWE0ZDItMjQ3OGQ0ZGU3OWMz-e4fba07d-4dfa-486c-a4d2-2478d4de79c3] Object was created but could not be found in the DRC.
[http://chemistry.apache.org/ZTRmYmEwN2QtNGRmYS00ODZjLWE0ZDItMjQ3OGQ0ZGU3OWMz-e4fba07d-4dfa-486c-a4d2-2478d4de79c3] Object was deleted but could not be found in the ZRC.
[http://chemistry.apache.org/NWNjMjE1Y2MtY2RlMC00M2ZjLWE2ZTUtYTA3MmQ5NDMwOGM4-5cc215cc-cde0-43fc-a6e5-a072d94308c8] Object was deleted but could not be found in the ZRC.
[http://chemistry.apache.org/ODIwYjY0MmItMmNlNS00MTQ2LTliZDEtMmFmN2E3M2EwOWVi-820b642b-2ce5-4146-9bd1-2af7a73a09eb] Object was created but could not be found in the DRC.
[http://chemistry.apache.org/OTVlZjU5ODItZjc1Ni00ZTU2LWI0YzktYTA1OGI0ZjM0YmJm-95ef5982-f756-4e56-b4c9-a058b4f34bbf] Object was created but could not be found in the DRC.
[http://chemistry.apache.org/OTVlZjU5ODItZjc1Ni00ZTU2LWI0YzktYTA1OGI0ZjM0YmJm-95ef5982-f756-4e56-b4c9-a058b4f34bbf] Object was deleted but could not be found in the ZRC.
[http://chemistry.apache.org/ODIwYjY0MmItMmNlNS00MTQ2LTliZDEtMmFmN2E3M2EwOWVi-820b642b-2ce5-4146-9bd1-2af7a73a09eb] Object was deleted but could not be found in the ZRC.
[http://chemistry.apache.org/YWIwNzg1NjctODcxYi00MGQzLWJhZmMtNTI4YmI3YTI3ZDIw-ab078567-871b-40d3-bafc-528bb7a27d20] Object was created but could not be found in the DRC.
[http://chemistry.apache.org/YjQ0NGUwNGMtNjU3My00ZjkxLWI2ZTEtNDEwNzlkMTViYjAy-b444e04c-6573-4f91-b6e1-41079d15bb02] Object was created but could not be found in the DRC.
[http://chemistry.apache.org/YjQ0NGUwNGMtNjU3My00ZjkxLWI2ZTEtNDEwNzlkMTViYjAy-b444e04c-6573-4f91-b6e1-41079d15bb02] Object was deleted but could not be found in the ZRC.
[http://chemistry.apache.org/YWIwNzg1NjctODcxYi00MGQzLWJhZmMtNTI4YmI3YTI3ZDIw-ab078567-871b-40d3-bafc-528bb7a27d20] Object was deleted but could not be found in the ZRC.
[http://chemistry.apache.org/YjQ2MzE4NTItMDUzNC00NjkzLTlkYmMtOWJkYzMyYzNlYjFk-b4631852-0534-4693-9dbc-9bdc32c3eb1d] Object was created but could not be found in the DRC.
[http://chemistry.apache.org/YTUwODVlYTMtZjUzMC00MTk4LWI1ZGItZTVkOWQxYzUzMTY3-a5085ea3-f530-4198-b5db-e5d9d1c53167] Object was created but could not be found in the DRC.
[http://chemistry.apache.org/YTUwODVlYTMtZjUzMC00MTk4LWI1ZGItZTVkOWQxYzUzMTY3-a5085ea3-f530-4198-b5db-e5d9d1c53167] Object was deleted but could not be found in the ZRC.
[http://chemistry.apache.org/YjQ2MzE4NTItMDUzNC00NjkzLTlkYmMtOWJkYzMyYzNlYjFk-b4631852-0534-4693-9dbc-9bdc32c3eb1d] Object was deleted but could not be found in the ZRC.
[http://chemistry.apache.org/ZjJlMTZmNWMtMmZjMS00ZjlkLWI2ZDctZDA1YjkwYTI3YTYy-f2e16f5c-2fc1-4f9d-b6d7-d05b90a27a62] Object was created but could not be found in the DRC.
[http://chemistry.apache.org/NzUzYmJmYTEtMmU5Zi00NjA0LWE4YTEtOGUxNDhlNmI1NmNh-753bbfa1-2e9f-4604-a8a1-8e148e6b56ca] Object was created but could not be found in the DRC.
[http://chemistry.apache.org/NzUzYmJmYTEtMmU5Zi00NjA0LWE4YTEtOGUxNDhlNmI1NmNh-753bbfa1-2e9f-4604-a8a1-8e148e6b56ca] Object was deleted but could not be found in the ZRC.
[http://chemistry.apache.org/ZjJlMTZmNWMtMmZjMS00ZjlkLWI2ZDctZDA1YjkwYTI3YTYy-f2e16f5c-2fc1-4f9d-b6d7-d05b90a27a62] Object was deleted but could not be found in the ZRC.
[http://chemistry.apache.org/MTE2MTFjY2ItMDI1Ny00YTAyLTg1NzQtZWQ5OTVlNzNhMDQ2-11611ccb-0257-4a02-8574-ed995e73a046] Object was created but could not be found in the DRC.
[http://chemistry.apache.org/M2VkNjdkZWEtZjg2My00ODQ1LWE0YTItYjZkZmE2OTNlYThj-3ed67dea-f863-4845-a4a2-b6dfa693ea8c] Object was created but could not be found in the DRC.
[http://chemistry.apache.org/M2VkNjdkZWEtZjg2My00ODQ1LWE0YTItYjZkZmE2OTNlYThj-3ed67dea-f863-4845-a4a2-b6dfa693ea8c] Object was deleted but could not be found in the ZRC.
[http://chemistry.apache.org/MTE2MTFjY2ItMDI1Ny00YTAyLTg1NzQtZWQ5OTVlNzNhMDQ2-11611ccb-0257-4a02-8574-ed995e73a046] Object was deleted but could not be found in the ZRC.
[http://chemistry.apache.org/NTBhM2I0YjctNGZiNS00ZjE0LTgyMGQtMmRjMzRhOThlOGE1-50a3b4b7-4fb5-4f14-820d-2dc34a98e8a5] Object was created but could not be found in the DRC.
[http://chemistry.apache.org/MzcwYmM1MzAtZDgzMS00ZGVhLTg1MzQtNjUzOTc5YTY3MjU4-370bc530-d831-4dea-8534-653979a67258] Object was created but could not be found in the DRC.
[http://chemistry.apache.org/MzcwYmM1MzAtZDgzMS00ZGVhLTg1MzQtNjUzOTc5YTY3MjU4-370bc530-d831-4dea-8534-653979a67258] Object was deleted but could not be found in the ZRC.
[http://chemistry.apache.org/NTBhM2I0YjctNGZiNS00ZjE0LTgyMGQtMmRjMzRhOThlOGE1-50a3b4b7-4fb5-4f14-820d-2dc34a98e8a5] Object was deleted but could not be found in the ZRC.
[http://chemistry.apache.org/ZGE1MTU5MWQtZWQ5ZC00OWY2LTg0OGQtMzNhY2UxZWJiYjE1-da51591d-ed9d-49f6-848d-33ace1ebbb15] Object was created but could not be found in the DRC.
[http://chemistry.apache.org/YjA5OGQ5MmQtMzlkOS00MzkyLWE1OWYtNTUzZGI4MWIwNDdi-b098d92d-39d9-4392-a59f-553db81b047b] Object was created but could not be found in the DRC.
[http://chemistry.apache.org/YjA5OGQ5MmQtMzlkOS00MzkyLWE1OWYtNTUzZGI4MWIwNDdi-b098d92d-39d9-4392-a59f-553db81b047b] Object was deleted but could not be found in the ZRC.
[http://chemistry.apache.org/ZGE1MTU5MWQtZWQ5ZC00OWY2LTg0OGQtMzNhY2UxZWJiYjE1-da51591d-ed9d-49f6-848d-33ace1ebbb15] Object was deleted but could not be found in the ZRC.
[http://chemistry.apache.org/ODA2ZDFkNDgtYzQyNS00NGJmLTlmNTYtZjA5ZDBkYTQyODNi-806d1d48-c425-44bf-9f56-f09d0da4283b] Object was created but could not be found in the DRC.
[http://chemistry.apache.org/NTFjMTAwYjMtOGRjZS00OTU4LWIyYjItNTI5ODkzNzRkOTk1-51c100b3-8dce-4958-b2b2-52989374d995] Object was created but could not be found in the DRC.
[http://chemistry.apache.org/NTFjMTAwYjMtOGRjZS00OTU4LWIyYjItNTI5ODkzNzRkOTk1-51c100b3-8dce-4958-b2b2-52989374d995] Object was deleted but could not be found in the ZRC.
[http://chemistry.apache.org/ODA2ZDFkNDgtYzQyNS00NGJmLTlmNTYtZjA5ZDBkYTQyODNi-806d1d48-c425-44bf-9f56-f09d0da4283b] Object was deleted but could not be found in the ZRC.
[http://chemistry.apache.org/ZDNjZWRmMTItZDNjZC00ZGZhLWJlNmItOTRkNjRmZjhkZGE3-d3cedf12-d3cd-4dfa-be6b-94d64ff8dda7] Object was created but could not be found in the DRC.
[http://chemistry.apache.org/YzRmYmY5ODctZjU2Ni00MWUwLTljNTktMjFlODA2OGUzYmJi-c4fbf987-f566-41e0-9c59-21e8068e3bbb] Object was created but could not be found in the DRC.
[http://chemistry.apache.org/YzRmYmY5ODctZjU2Ni00MWUwLTljNTktMjFlODA2OGUzYmJi-c4fbf987-f566-41e0-9c59-21e8068e3bbb] Object was deleted but could not be found in the ZRC.
[http://chemistry.apache.org/ZDNjZWRmMTItZDNjZC00ZGZhLWJlNmItOTRkNjRmZjhkZGE3-d3cedf12-d3cd-4dfa-be6b-94d64ff8dda7] Object was deleted but could not be found in the ZRC.
[http://chemistry.apache.org/ZDEyNWQyYmItZTBjMi00NDQ5LWFmYTEtZjU1ODU1NzM3ZDYy-d125d2bb-e0c2-4449-afa1-f55855737d62] Object was created but could not be found in the DRC.
[http://chemistry.apache.org/MjM4MTE5NWYtNjhkMS00OWY5LWI4YWItOWM0N2Q4YTA4NGFi-2381195f-68d1-49f9-b8ab-9c47d8a084ab] Object was created but could not be found in the DRC.
[http://chemistry.apache.org/OWI5NjQ4MmYtMzc1Zi00YzIxLWEwOTUtODc2YzE4ZTc4ZDA0-9b96482f-375f-4c21-a095-876c18e78d04] Object was created but could not be found in the DRC.
[http://chemistry.apache.org/MjM4MTE5NWYtNjhkMS00OWY5LWI4YWItOWM0N2Q4YTA4NGFi-2381195f-68d1-49f9-b8ab-9c47d8a084ab] Object was deleted but could not be found in the ZRC.
[http://chemistry.apache.org/OWI5NjQ4MmYtMzc1Zi00YzIxLWEwOTUtODc2YzE4ZTc4ZDA0-9b96482f-375f-4c21-a095-876c18e78d04] Object was deleted but could not be found in the ZRC.
[http://chemistry.apache.org/ZDEyNWQyYmItZTBjMi00NDQ5LWFmYTEtZjU1ODU1NzM3ZDYy-d125d2bb-e0c2-4449-afa1-f55855737d62] Object was deleted but could not be found in the ZRC.
[http://chemistry.apache.org/Nzc2MjhjM2QtYjlkYy00NDQwLWE0NzItODBhZjI4ODY5ZjE2-77628c3d-b9dc-4440-a472-80af28869f16] Object was created but could not be found in the DRC.
[http://chemistry.apache.org/ZTcyNTMwNTUtYjc2ZS00YTU0LThlYzEtMWRiZDk4NDMzNzI2-e7253055-b76e-4a54-8ec1-1dbd98433726] Object was created but could not be found in the DRC.
[http://chemistry.apache.org/ZTcyNTMwNTUtYjc2ZS00YTU0LThlYzEtMWRiZDk4NDMzNzI2-e7253055-b76e-4a54-8ec1-1dbd98433726] Object was deleted but could not be found in the ZRC.
[http://chemistry.apache.org/Nzc2MjhjM2QtYjlkYy00NDQwLWE0NzItODBhZjI4ODY5ZjE2-77628c3d-b9dc-4440-a472-80af28869f16] Object was deleted but could not be found in the ZRC.
[http://chemistry.apache.org/MTJmNDQwMzQtY2IyYS00MmJlLThiY2UtMjU1NzdhYTRhMGQ5-12f44034-cb2a-42be-8bce-25577aa4a0d9] Object was created but could not be found in the DRC.
[http://chemistry.apache.org/MWY5YmY3NzUtNzlkMy00MGNiLWFmYjMtNDEzNGU1ZTZlNGE2-1f9bf775-79d3-40cb-afb3-4134e5e6e4a6] Object was created but could not be found in the DRC.
[http://chemistry.apache.org/MWY5YmY3NzUtNzlkMy00MGNiLWFmYjMtNDEzNGU1ZTZlNGE2-1f9bf775-79d3-40cb-afb3-4134e5e6e4a6] Object was deleted but could not be found in the ZRC.
[http://chemistry.apache.org/MTJmNDQwMzQtY2IyYS00MmJlLThiY2UtMjU1NzdhYTRhMGQ5-12f44034-cb2a-42be-8bce-25577aa4a0d9] Object was deleted but could not be found in the ZRC.
[http://chemistry.apache.org/MGYyYjFhYmYtMDc5ZS00N2MwLTliNGItNWIzNGRjZGFmYWJm-0f2b1abf-079e-47c0-9b4b-5b34dcdafabf] Object was created but could not be found in the DRC.
[http://chemistry.apache.org/M2ViMzFlODAtMWE0OC00ZTg3LTgyOWItYjMxZDQxZGNkNDVi-3eb31e80-1a48-4e87-829b-b31d41dcd45b] Object was created but could not be found in the DRC.
[http://chemistry.apache.org/M2ViMzFlODAtMWE0OC00ZTg3LTgyOWItYjMxZDQxZGNkNDVi-3eb31e80-1a48-4e87-829b-b31d41dcd45b] Object was deleted but could not be found in the ZRC.
[http://chemistry.apache.org/MGYyYjFhYmYtMDc5ZS00N2MwLTliNGItNWIzNGRjZGFmYWJm-0f2b1abf-079e-47c0-9b4b-5b34dcdafabf] Object was deleted but could not be found in the ZRC.
[http://chemistry.apache.org/NjgyYTAyOGEtNzBjZS00MTM2LWI0OWUtMmVmMGEwNGZjMjE3-682a028a-70ce-4136-b49e-2ef0a04fc217] Object was created but could not be found in the DRC.
[http://chemistry.apache.org/MWRlZjUwNzktZDY3ZS00YWFiLWEzMzAtNzg4NTU5MTJjMzNk-1def5079-d67e-4aab-a330-78855912c33d] Object was created but could not be found in the DRC.
[http://chemistry.apache.org/MWRlZjUwNzktZDY3ZS00YWFiLWEzMzAtNzg4NTU5MTJjMzNk-1def5079-d67e-4aab-a330-78855912c33d] Object was deleted but could not be found in the ZRC.
[http://chemistry.apache.org/NjgyYTAyOGEtNzBjZS00MTM2LWI0OWUtMmVmMGEwNGZjMjE3-682a028a-70ce-4136-b49e-2ef0a04fc217] Object was deleted but could not be found in the ZRC.
[http://chemistry.apache.org/MjNmMWEyMzQtOGFjNC00ZDVmLTgzYTMtYTMzNzVlZTg4Yjdh-23f1a234-8ac4-4d5f-83a3-a3375ee88b7a] Object was created but could not be found in the DRC.
[http://chemistry.apache.org/NjBjYWRkOWMtOTE0MC00ZGE5LWJlODktZjY2NjZkYTU2N2Zi-60cadd9c-9140-4da9-be89-f6666da567fb] Object was created but could not be found in the DRC.
[http://chemistry.apache.org/NjBjYWRkOWMtOTE0MC00ZGE5LWJlODktZjY2NjZkYTU2N2Zi-60cadd9c-9140-4da9-be89-f6666da567fb] Object was deleted but could not be found in the ZRC.
[http://chemistry.apache.org/MjNmMWEyMzQtOGFjNC00ZDVmLTgzYTMtYTMzNzVlZTg4Yjdh-23f1a234-8ac4-4d5f-83a3-a3375ee88b7a] Object was deleted but could not be found in the ZRC.
[http://chemistry.apache.org/OWVjMzAyMmMtYTE1Zi00MzNkLWI2MTEtNTQzMDM3MTZhMGM0-9ec3022c-a15f-433d-b611-54303716a0c4] Object was created but could not be found in the DRC.
[http://chemistry.apache.org/MzEzMDVlMGYtMTZlMy00YWZkLTk2NDUtOTU0NWEyYzdlNmQ2-31305e0f-16e3-4afd-9645-9545a2c7e6d6] Object was created but could not be found in the DRC.
[http://chemistry.apache.org/ZmVmZDlmNzgtMzZjMC00YjQ3LWI1MDUtMzA2ZjNmZTA2ZDU2OzEuMA==-fefd9f78-36c0-4b47-b505-306f3fe06d56] Object was created but could not be found in the DRC.
[http://chemistry.apache.org/ZmVmZDlmNzgtMzZjMC00YjQ3LWI1MDUtMzA2ZjNmZTA2ZDU2OzEuMA==-fefd9f78-36c0-4b47-b505-306f3fe06d56] Object was updated but could not be found in the DRC.
[http://chemistry.apache.org/ZmVmZDlmNzgtMzZjMC00YjQ3LWI1MDUtMzA2ZjNmZTA2ZDU2OzEuMQ==-fefd9f78-36c0-4b47-b505-306f3fe06d56] Object was deleted but could not be found in the ZRC.
[http://chemistry.apache.org/MzEzMDVlMGYtMTZlMy00YWZkLTk2NDUtOTU0NWEyYzdlNmQ2-31305e0f-16e3-4afd-9645-9545a2c7e6d6] Object was deleted but could not be found in the ZRC.
[http://chemistry.apache.org/OWVjMzAyMmMtYTE1Zi00MzNkLWI2MTEtNTQzMDM3MTZhMGM0-9ec3022c-a15f-433d-b611-54303716a0c4] Object was deleted but could not be found in the ZRC.
[http://chemistry.apache.org/OGNiNjhmMWEtMmIxMC00MTY2LTljNmEtMTIwNmU0OGM5MGNl-8cb68f1a-2b10-4166-9c6a-1206e48c90ce] Object was created but could not be found in the DRC.
[http://chemistry.apache.org/NDhkZDdjOTItNDE4My00NWM4LWFiMjMtOGE4MGUxMTk0ZjBm-48dd7c92-4183-45c8-ab23-8a80e1194f0f] Object was created but could not be found in the DRC.
[http://chemistry.apache.org/NDhkZDdjOTItNDE4My00NWM4LWFiMjMtOGE4MGUxMTk0ZjBm-48dd7c92-4183-45c8-ab23-8a80e1194f0f] Object was deleted but could not be found in the ZRC.
[http://chemistry.apache.org/OGNiNjhmMWEtMmIxMC00MTY2LTljNmEtMTIwNmU0OGM5MGNl-8cb68f1a-2b10-4166-9c6a-1206e48c90ce] Object was deleted but could not be found in the ZRC.
[http://chemistry.apache.org/OGZhNzZhODAtOTkwNi00YzJkLTk0N2UtMTczNzM4NmVjMGVi-8fa76a80-9906-4c2d-947e-1737386ec0eb] Object was created but could not be found in the DRC.
[http://chemistry.apache.org/YjdjNjllNjQtODM4OS00YmNkLTg2NzctMDlhMDhlZTE0MDkw-b7c69e64-8389-4bcd-8677-09a08ee14090] Object was created but could not be found in the DRC.
[http://chemistry.apache.org/YjkyYTZjYjAtMTA3ZS00YmJlLWFkNzAtYTE2YjMwMTg0ZmY1OzEuMA==-b92a6cb0-107e-4bbe-ad70-a16b30184ff5] Object was created but could not be found in the DRC.
[http://chemistry.apache.org/YjkyYTZjYjAtMTA3ZS00YmJlLWFkNzAtYTE2YjMwMTg0ZmY1OzEuMA==-b92a6cb0-107e-4bbe-ad70-a16b30184ff5] Object was updated but could not be found in the DRC.
[http://chemistry.apache.org/YjkyYTZjYjAtMTA3ZS00YmJlLWFkNzAtYTE2YjMwMTg0ZmY1OzEuMA==-b92a6cb0-107e-4bbe-ad70-a16b30184ff5] Object was deleted but could not be found in the ZRC.
[http://chemistry.apache.org/YjdjNjllNjQtODM4OS00YmNkLTg2NzctMDlhMDhlZTE0MDkw-b7c69e64-8389-4bcd-8677-09a08ee14090] Object was deleted but could not be found in the ZRC.
[http://chemistry.apache.org/OGZhNzZhODAtOTkwNi00YzJkLTk0N2UtMTczNzM4NmVjMGVi-8fa76a80-9906-4c2d-947e-1737386ec0eb] Object was deleted but could not be found in the ZRC.
[http://chemistry.apache.org/NmYxYTMxNDEtNzc1ZC00NjI3LWI3YjgtMDE3ZDlkMjUyOGUy-6f1a3141-775d-4627-b7b8-017d9d2528e2] Object was created but could not be found in the DRC.
[http://chemistry.apache.org/NjU2NDA0YjItMTA2Yy00OTVhLWJiZjktNDRlZWIxMDFkZDk3-656404b2-106c-495a-bbf9-44eeb101dd97] Object was created but could not be found in the DRC.
[http://chemistry.apache.org/YzYxMjdkYjUtMTk3MS00ZWUxLThkNzctYjM2YjZjZWUyN2NmOzEuMA==-c6127db5-1971-4ee1-8d77-b36b6cee27cf] Object was created but could not be found in the DRC.
[http://chemistry.apache.org/YzYxMjdkYjUtMTk3MS00ZWUxLThkNzctYjM2YjZjZWUyN2NmOzEuMA==-c6127db5-1971-4ee1-8d77-b36b6cee27cf] Object was updated but could not be found in the DRC.
[http://chemistry.apache.org/YzYxMjdkYjUtMTk3MS00ZWUxLThkNzctYjM2YjZjZWUyN2NmOzEuMA==-c6127db5-1971-4ee1-8d77-b36b6cee27cf] Object was deleted but could not be found in the ZRC.
[http://chemistry.apache.org/NjU2NDA0YjItMTA2Yy00OTVhLWJiZjktNDRlZWIxMDFkZDk3-656404b2-106c-495a-bbf9-44eeb101dd97] Object was deleted but could not be found in the ZRC.
[http://chemistry.apache.org/NmYxYTMxNDEtNzc1ZC00NjI3LWI3YjgtMDE3ZDlkMjUyOGUy-6f1a3141-775d-4627-b7b8-017d9d2528e2] Object was deleted but could not be found in the ZRC.
[http://chemistry.apache.org/MDBlYzQ1ZjYtNGU1Yi00ZDY2LTg3ZjMtYTVlMTQzYTY5MWU1-00ec45f6-4e5b-4d66-87f3-a5e143a691e5] Object was created but could not be found in the DRC.
[http://chemistry.apache.org/ZWMwNTQ3Y2ItZmRiYS00MmRlLTllYTktZGRiNzVmN2I5NjA1-ec0547cb-fdba-42de-9ea9-ddb75f7b9605] Object was created but could not be found in the DRC.
[http://chemistry.apache.org/NjliNGNjZGQtYzhiZi00NDY5LTg2NWMtMjRkYzQ1ZjhhNzVkOzEuMA==-69b4ccdd-c8bf-4469-865c-24dc45f8a75d] Object was created but could not be found in the DRC.
[http://chemistry.apache.org/NjliNGNjZGQtYzhiZi00NDY5LTg2NWMtMjRkYzQ1ZjhhNzVkOzEuMA==-69b4ccdd-c8bf-4469-865c-24dc45f8a75d] Object was updated but could not be found in the DRC.
[http://chemistry.apache.org/NjliNGNjZGQtYzhiZi00NDY5LTg2NWMtMjRkYzQ1ZjhhNzVkOzEuMA==-69b4ccdd-c8bf-4469-865c-24dc45f8a75d] Object was deleted but could not be found in the ZRC.
[http://chemistry.apache.org/ZWMwNTQ3Y2ItZmRiYS00MmRlLTllYTktZGRiNzVmN2I5NjA1-ec0547cb-fdba-42de-9ea9-ddb75f7b9605] Object was deleted but could not be found in the ZRC.
[http://chemistry.apache.org/MDBlYzQ1ZjYtNGU1Yi00ZDY2LTg3ZjMtYTVlMTQzYTY5MWU1-00ec45f6-4e5b-4d66-87f3-a5e143a691e5] Object was deleted but could not be found in the ZRC.
[http://chemistry.apache.org/OThmYTg1NGItOGFmYS00Y2Y3LWE2NmYtOWMyMmM4NDhjZThi-98fa854b-8afa-4cf7-a66f-9c22c848ce8b] Object was created but could not be found in the DRC.
[http://chemistry.apache.org/MjY1N2E0MjctNzkwZi00N2MyLWJhZjYtNGIyMGQ5YzM0Yzg3-2657a427-790f-47c2-baf6-4b20d9c34c87] Object was created but could not be found in the DRC.
[http://chemistry.apache.org/NTZjOTg1NTktYTNkZi00MzM3LTg2MmEtNGMxMWEyZjlmMzU0OzEuMA==-56c98559-a3df-4337-862a-4c11a2f9f354] Object was created but could not be found in the DRC.
[http://chemistry.apache.org/NTZjOTg1NTktYTNkZi00MzM3LTg2MmEtNGMxMWEyZjlmMzU0OzEuMA==-56c98559-a3df-4337-862a-4c11a2f9f354] Object was updated but could not be found in the DRC.
[http://chemistry.apache.org/MDhlNDg0MWItYTAyMi00ZWQ5LThlNTEtY2I3ODVmZWM4YjBk-08e4841b-a022-4ed9-8e51-cb785fec8b0d] Object was created but could not be found in the DRC.
[http://chemistry.apache.org/NTZjOTg1NTktYTNkZi00MzM3LTg2MmEtNGMxMWEyZjlmMzU0OzEuMA==-56c98559-a3df-4337-862a-4c11a2f9f354] Object was deleted but could not be found in the ZRC.
[http://chemistry.apache.org/MDhlNDg0MWItYTAyMi00ZWQ5LThlNTEtY2I3ODVmZWM4YjBk-08e4841b-a022-4ed9-8e51-cb785fec8b0d] Object was deleted but could not be found in the ZRC.
[http://chemistry.apache.org/MjY1N2E0MjctNzkwZi00N2MyLWJhZjYtNGIyMGQ5YzM0Yzg3-2657a427-790f-47c2-baf6-4b20d9c34c87] Object was deleted but could not be found in the ZRC.
[http://chemistry.apache.org/OThmYTg1NGItOGFmYS00Y2Y3LWE2NmYtOWMyMmM4NDhjZThi-98fa854b-8afa-4cf7-a66f-9c22c848ce8b] Object was deleted but could not be found in the ZRC.
[http://chemistry.apache.org/M2IxM2UzOWEtMjRiNi00ZDM0LTkxNTEtM2RiYmM1MjEzZGI4-3b13e39a-24b6-4d34-9151-3dbbc5213db8] Object was created but could not be found in the DRC.
[http://chemistry.apache.org/ZWE1MGY0MTMtODE3Yi00YWI2LTgzYTEtYjExZmVlOWE3MmU5-ea50f413-817b-4ab6-83a1-b11fee9a72e9] Object was created but could not be found in the DRC.
[http://chemistry.apache.org/MGUyNDA2NzctOTI4ZS00ZGM4LWFhMGUtMTJjZjQzOTAyZGEwOzEuMA==-0e240677-928e-4dc8-aa0e-12cf43902da0] Object was created but could not be found in the DRC.
[http://chemistry.apache.org/MGUyNDA2NzctOTI4ZS00ZGM4LWFhMGUtMTJjZjQzOTAyZGEwOzEuMA==-0e240677-928e-4dc8-aa0e-12cf43902da0] Object was updated but could not be found in the DRC.
[http://chemistry.apache.org/MGUyNDA2NzctOTI4ZS00ZGM4LWFhMGUtMTJjZjQzOTAyZGEwOzEuMA==-0e240677-928e-4dc8-aa0e-12cf43902da0] Object was deleted but could not be found in the ZRC.
[http://chemistry.apache.org/ZWE1MGY0MTMtODE3Yi00YWI2LTgzYTEtYjExZmVlOWE3MmU5-ea50f413-817b-4ab6-83a1-b11fee9a72e9] Object was deleted but could not be found in the ZRC.
[http://chemistry.apache.org/M2IxM2UzOWEtMjRiNi00ZDM0LTkxNTEtM2RiYmM1MjEzZGI4-3b13e39a-24b6-4d34-9151-3dbbc5213db8] Object was deleted but could not be found in the ZRC.
[http://chemistry.apache.org/OGI2YTVjYWUtOTkwYi00YjJhLWEzZDEtYmMyOWI1NGE2MjYy-8b6a5cae-990b-4b2a-a3d1-bc29b54a6262] Object was created but could not be found in the DRC.
[http://chemistry.apache.org/NWU2N2UwYTItZTIxZS00MGE2LWIwZWQtMWY4ZWQ4OTNlZTZl-5e67e0a2-e21e-40a6-b0ed-1f8ed893ee6e] Object was created but could not be found in the DRC.
[http://chemistry.apache.org/ZjUwMTdjOTUtMjMxZi00MmRjLWJkYmUtYTEwNDczZDk3MjA4OzEuMA==-f5017c95-231f-42dc-bdbe-a10473d97208] Object was created but could not be found in the DRC.
[http://chemistry.apache.org/ZjUwMTdjOTUtMjMxZi00MmRjLWJkYmUtYTEwNDczZDk3MjA4OzEuMA==-f5017c95-231f-42dc-bdbe-a10473d97208] Object was updated but could not be found in the DRC.
[http://chemistry.apache.org/ZjUwMTdjOTUtMjMxZi00MmRjLWJkYmUtYTEwNDczZDk3MjA4OzEuMA==-f5017c95-231f-42dc-bdbe-a10473d97208] Object was deleted but could not be found in the ZRC.
[http://chemistry.apache.org/YWY2MDUyOTItMDZkOC00ODc0LTg5ZGEtODFmMjBmMWVhNWM5-af605292-06d8-4874-89da-81f20f1ea5c9] Object was created but could not be found in the DRC.
[http://chemistry.apache.org/YWY2MDUyOTItMDZkOC00ODc0LTg5ZGEtODFmMjBmMWVhNWM5-af605292-06d8-4874-89da-81f20f1ea5c9] Object was deleted but could not be found in the ZRC.
[http://chemistry.apache.org/NWU2N2UwYTItZTIxZS00MGE2LWIwZWQtMWY4ZWQ4OTNlZTZl-5e67e0a2-e21e-40a6-b0ed-1f8ed893ee6e] Object was deleted but could not be found in the ZRC.
[http://chemistry.apache.org/OGI2YTVjYWUtOTkwYi00YjJhLWEzZDEtYmMyOWI1NGE2MjYy-8b6a5cae-990b-4b2a-a3d1-bc29b54a6262] Object was deleted but could not be found in the ZRC.
[http://chemistry.apache.org/MjhkZWQ1OTgtNmI5Ny00MGIyLWI3ZDktZTNhNDZhMDIwZTRlOzEuMA==-28ded598-6b97-40b2-b7d9-e3a46a020e4e] Object was created but could not be found in the DRC.
[http://chemistry.apache.org/MjhkZWQ1OTgtNmI5Ny00MGIyLWI3ZDktZTNhNDZhMDIwZTRlOzEuMA==-28ded598-6b97-40b2-b7d9-e3a46a020e4e] Object was updated but could not be found in the DRC.
[http://chemistry.apache.org/MTJhM2YwODktMzc3Zi00M2I4LTk0MmItYjY0NGVhZDllZjMx-12a3f089-377f-43b8-942b-b644ead9ef31] Object was created but could not be found in the DRC.
[http://chemistry.apache.org/NWVhODEwMDItMmRjMS00MmYzLWE4MWEtMDg4MzI4Y2RiMDAx-5ea81002-2dc1-42f3-a81a-088328cdb001] Object was created but could not be found in the DRC.
[http://chemistry.apache.org/NWVhODEwMDItMmRjMS00MmYzLWE4MWEtMDg4MzI4Y2RiMDAx-5ea81002-2dc1-42f3-a81a-088328cdb001] Object was deleted but could not be found in the ZRC.
[http://chemistry.apache.org/MTJhM2YwODktMzc3Zi00M2I4LTk0MmItYjY0NGVhZDllZjMx-12a3f089-377f-43b8-942b-b644ead9ef31] Object was deleted but could not be found in the ZRC.
[http://chemistry.apache.org/MmYzNTI3ZGMtNTQ5My00ODJjLWE0ZjMtZjI1MTJhZmNmOTgy-2f3527dc-5493-482c-a4f3-f2512afcf982] Object was created but could not be found in the DRC.
[http://chemistry.apache.org/NjFkMmM3MGUtNjk1Yi00MTBlLTkzMmUtNDViMjE1YmNjY2Jm-61d2c70e-695b-410e-932e-45b215bcccbf] Object was created but could not be found in the DRC.
[http://chemistry.apache.org/NjFkMmM3MGUtNjk1Yi00MTBlLTkzMmUtNDViMjE1YmNjY2Jm-61d2c70e-695b-410e-932e-45b215bcccbf] Object was deleted but could not be found in the ZRC.
[http://chemistry.apache.org/MmYzNTI3ZGMtNTQ5My00ODJjLWE0ZjMtZjI1MTJhZmNmOTgy-2f3527dc-5493-482c-a4f3-f2512afcf982] Object was deleted but could not be found in the ZRC.
[http://chemistry.apache.org/Nzc5MWRlMDItZjI5Mi00ODM5LWI0NWQtZjliYzRhNjg2ZDU3-7791de02-f292-4839-b45d-f9bc4a686d57] Object was created but could not be found in the DRC.
[http://chemistry.apache.org/ODU1NGIyOTEtZjNkZS00NmI1LWJmNmEtNjRiYmI5M2E1ZTBl-8554b291-f3de-46b5-bf6a-64bbb93a5e0e] Object was created but could not be found in the DRC.
[http://chemistry.apache.org/ODU1NGIyOTEtZjNkZS00NmI1LWJmNmEtNjRiYmI5M2E1ZTBl-8554b291-f3de-46b5-bf6a-64bbb93a5e0e] Object was deleted but could not be found in the ZRC.
[http://chemistry.apache.org/Nzc5MWRlMDItZjI5Mi00ODM5LWI0NWQtZjliYzRhNjg2ZDU3-7791de02-f292-4839-b45d-f9bc4a686d57] Object was deleted but could not be found in the ZRC.
[http://chemistry.apache.org/ZDQwYjZjZTItMTk3Mi00ZjZhLTg1ZjItMWU3OWUzZTI4NTE5-d40b6ce2-1972-4f6a-85f2-1e79e3e28519] Object was created but could not be found in the DRC.
[http://chemistry.apache.org/MjhiMTg3NTMtOWQ5Ni00MzZmLWEwZTktNGIxNjhlYmFjNDlj-28b18753-9d96-436f-a0e9-4b168ebac49c] Object was created but could not be found in the DRC.
[http://chemistry.apache.org/MjhiMTg3NTMtOWQ5Ni00MzZmLWEwZTktNGIxNjhlYmFjNDlj-28b18753-9d96-436f-a0e9-4b168ebac49c] Object was deleted but could not be found in the ZRC.
[http://chemistry.apache.org/ZDQwYjZjZTItMTk3Mi00ZjZhLTg1ZjItMWU3OWUzZTI4NTE5-d40b6ce2-1972-4f6a-85f2-1e79e3e28519] Object was deleted but could not be found in the ZRC.
[http://chemistry.apache.org/Yzg3NmMzOTEtMDZiMC00ODc3LTg1YmYtMjFhYWQyNjIzZTNj-c876c391-06b0-4877-85bf-21aad2623e3c] Object was created but could not be found in the DRC.
[http://chemistry.apache.org/YWRhYjQ5MzgtNDlmOC00ZjcyLTgxNDItNmY1Mzk3YzE5NzBm-adab4938-49f8-4f72-8142-6f5397c1970f] Object was created but could not be found in the DRC.
[http://chemistry.apache.org/YWRhYjQ5MzgtNDlmOC00ZjcyLTgxNDItNmY1Mzk3YzE5NzBm-adab4938-49f8-4f72-8142-6f5397c1970f] Object was deleted but could not be found in the ZRC.
[http://chemistry.apache.org/Yzg3NmMzOTEtMDZiMC00ODc3LTg1YmYtMjFhYWQyNjIzZTNj-c876c391-06b0-4877-85bf-21aad2623e3c] Object was deleted but could not be found in the ZRC.
[http://chemistry.apache.org/YjgyM2ExYzAtYjJiNy00NzVkLWI3OTktMmY0ODE4ZDM0OGVj-b823a1c0-b2b7-475d-b799-2f4818d348ec] Object was created but could not be found in the DRC.
[http://chemistry.apache.org/NTBlYmFkN2EtZGRhOC00YzdhLWI4MTAtMTg5NzQ3ZGFjMmQ0-50ebad7a-dda8-4c7a-b810-189747dac2d4] Object was created but could not be found in the DRC.
[http://chemistry.apache.org/ZTVjM2JmMTEtMjZkNi00NWMzLWE3YmUtZmQwMzY1OGU1MTIxOzEuMA==-e5c3bf11-26d6-45c3-a7be-fd03658e5121] Object was created but could not be found in the DRC.
[http://chemistry.apache.org/ZTVjM2JmMTEtMjZkNi00NWMzLWE3YmUtZmQwMzY1OGU1MTIxOzEuMA==-e5c3bf11-26d6-45c3-a7be-fd03658e5121] Object was updated but could not be found in the DRC.
[http://chemistry.apache.org/YTkwNzQzZmQtZDg1Mi00OWIwLWJjOTUtZGRlZGE1ODljZTg2OzEuMA==-a90743fd-d852-49b0-bc95-ddeda589ce86] Object was created but could not be found in the DRC.
[http://chemistry.apache.org/YTkwNzQzZmQtZDg1Mi00OWIwLWJjOTUtZGRlZGE1ODljZTg2OzEuMA==-a90743fd-d852-49b0-bc95-ddeda589ce86] Object was updated but could not be found in the DRC.
[http://chemistry.apache.org/YTkwNzQzZmQtZDg1Mi00OWIwLWJjOTUtZGRlZGE1ODljZTg2OzEuMA==-a90743fd-d852-49b0-bc95-ddeda589ce86] Object was deleted but could not be found in the ZRC.
[http://chemistry.apache.org/ZDI1OTRmNTgtOWM2OC00N2I5LWJmNTUtYjk1YTJmYTJhNzJkOzEuMA==-d2594f58-9c68-47b9-bf55-b95a2fa2a72d] Object was created but could not be found in the DRC.
[http://chemistry.apache.org/ZDI1OTRmNTgtOWM2OC00N2I5LWJmNTUtYjk1YTJmYTJhNzJkOzEuMA==-d2594f58-9c68-47b9-bf55-b95a2fa2a72d] Object was updated but could not be found in the DRC.
[http://chemistry.apache.org/ZTVjM2JmMTEtMjZkNi00NWMzLWE3YmUtZmQwMzY1OGU1MTIxOzEuMA==-e5c3bf11-26d6-45c3-a7be-fd03658e5121] Object was deleted but could not be found in the ZRC.
[http://chemistry.apache.org/ZDI1OTRmNTgtOWM2OC00N2I5LWJmNTUtYjk1YTJmYTJhNzJkOzEuMA==-d2594f58-9c68-47b9-bf55-b95a2fa2a72d] Object was deleted but could not be found in the ZRC.
[http://chemistry.apache.org/NTBlYmFkN2EtZGRhOC00YzdhLWI4MTAtMTg5NzQ3ZGFjMmQ0-50ebad7a-dda8-4c7a-b810-189747dac2d4] Object was deleted but could not be found in the ZRC.
[http://chemistry.apache.org/YjgyM2ExYzAtYjJiNy00NzVkLWI3OTktMmY0ODE4ZDM0OGVj-b823a1c0-b2b7-475d-b799-2f4818d348ec] Object was deleted but could not be found in the ZRC.
[http://chemistry.apache.org/NzdkYTZhMjItZjE1MS00OGMxLTk4YjQtNDZmYjE2YzFmZGY5-77da6a22-f151-48c1-98b4-46fb16c1fdf9] Object was created but could not be found in the DRC.
[http://chemistry.apache.org/NGU0NjAxNTUtN2FkNC00YzlhLTgzNmMtYzIwNjQ2ZTI0N2Rk-4e460155-7ad4-4c9a-836c-c20646e247dd] Object was created but could not be found in the DRC.
[http://chemistry.apache.org/OTQ1MzY4NjctNmUxYi00NzgyLWI0Y2UtNzFhOTIyYzJiZWYwOzEuMA==-94536867-6e1b-4782-b4ce-71a922c2bef0] Object was created but could not be found in the DRC.
[http://chemistry.apache.org/OTQ1MzY4NjctNmUxYi00NzgyLWI0Y2UtNzFhOTIyYzJiZWYwOzEuMA==-94536867-6e1b-4782-b4ce-71a922c2bef0] Object was updated but could not be found in the DRC.
[http://chemistry.apache.org/ZDAwMGRmY2YtZDRjNS00NzcxLWJhYjktNjVkMTZmYTJiOGEyOzEuMA==-d000dfcf-d4c5-4771-bab9-65d16fa2b8a2] Object was created but could not be found in the DRC.
[http://chemistry.apache.org/ZDAwMGRmY2YtZDRjNS00NzcxLWJhYjktNjVkMTZmYTJiOGEyOzEuMA==-d000dfcf-d4c5-4771-bab9-65d16fa2b8a2] Object was updated but could not be found in the DRC.
[http://chemistry.apache.org/OTQ1MzY4NjctNmUxYi00NzgyLWI0Y2UtNzFhOTIyYzJiZWYwOzEuMA==-94536867-6e1b-4782-b4ce-71a922c2bef0] Object was deleted but could not be found in the ZRC.
[http://chemistry.apache.org/ZDAwMGRmY2YtZDRjNS00NzcxLWJhYjktNjVkMTZmYTJiOGEyOzEuMA==-d000dfcf-d4c5-4771-bab9-65d16fa2b8a2] Object was deleted but could not be found in the ZRC.
[http://chemistry.apache.org/NGU0NjAxNTUtN2FkNC00YzlhLTgzNmMtYzIwNjQ2ZTI0N2Rk-4e460155-7ad4-4c9a-836c-c20646e247dd] Object was deleted but could not be found in the ZRC.
[http://chemistry.apache.org/NzdkYTZhMjItZjE1MS00OGMxLTk4YjQtNDZmYjE2YzFmZGY5-77da6a22-f151-48c1-98b4-46fb16c1fdf9] Object was deleted but could not be found in the ZRC.
[http://chemistry.apache.org/N2I5ZGU0NDYtM2FjOC00ZmI4LTg5MGQtY2Q2MjM1MDhiNzlj-7b9de446-3ac8-4fb8-890d-cd623508b79c] Object was created but could not be found in the DRC.
[http://chemistry.apache.org/MmJiN2MxM2ItYWVhYy00ZTZmLWIwMTUtMjU0ODQ1ODU2NmNk-2bb7c13b-aeac-4e6f-b015-2548458566cd] Object was created but could not be found in the DRC.
[http://chemistry.apache.org/NGE0ZmRiNjgtOGUyZC00NmZlLWJhYzktMWQ1NGRkNDU1YjY4OzEuMA==-4a4fdb68-8e2d-46fe-bac9-1d54dd455b68] Object was created but could not be found in the DRC.
[http://chemistry.apache.org/NGE0ZmRiNjgtOGUyZC00NmZlLWJhYzktMWQ1NGRkNDU1YjY4OzEuMA==-4a4fdb68-8e2d-46fe-bac9-1d54dd455b68] Object was updated but could not be found in the DRC.
[http://chemistry.apache.org/ZjgzMjQzN2YtM2M1OC00MTQyLWFlZmUtNTU2M2NiYTgyMDU1OzEuMA==-f832437f-3c58-4142-aefe-5563cba82055] Object was created but could not be found in the DRC.
[http://chemistry.apache.org/ZjgzMjQzN2YtM2M1OC00MTQyLWFlZmUtNTU2M2NiYTgyMDU1OzEuMA==-f832437f-3c58-4142-aefe-5563cba82055] Object was updated but could not be found in the DRC.
[http://chemistry.apache.org/NGE0ZmRiNjgtOGUyZC00NmZlLWJhYzktMWQ1NGRkNDU1YjY4OzEuMA==-4a4fdb68-8e2d-46fe-bac9-1d54dd455b68] Object was deleted but could not be found in the ZRC.
[http://chemistry.apache.org/ZjgzMjQzN2YtM2M1OC00MTQyLWFlZmUtNTU2M2NiYTgyMDU1OzEuMA==-f832437f-3c58-4142-aefe-5563cba82055] Object was deleted but could not be found in the ZRC.
[http://chemistry.apache.org/MmJiN2MxM2ItYWVhYy00ZTZmLWIwMTUtMjU0ODQ1ODU2NmNk-2bb7c13b-aeac-4e6f-b015-2548458566cd] Object was deleted but could not be found in the ZRC.
[http://chemistry.apache.org/N2I5ZGU0NDYtM2FjOC00ZmI4LTg5MGQtY2Q2MjM1MDhiNzlj-7b9de446-3ac8-4fb8-890d-cd623508b79c] Object was deleted but could not be found in the ZRC.
[http://chemistry.apache.org/ZTQ3M2EzZjktNjZkYS00YjQ2LTg5OTgtYTllZTA1Nzk5ZDNh-e473a3f9-66da-4b46-8998-a9ee05799d3a] Object was created but could not be found in the DRC.
[http://chemistry.apache.org/M2U3ZWM4NzUtMzA0OC00NTA5LTg0NzYtMDkxOGJkYjNmNzU1-3e7ec875-3048-4509-8476-0918bdb3f755] Object was created but could not be found in the DRC.
[http://chemistry.apache.org/NjhlNDE5MGEtZmFiOC00OWE3LTg4NTItYzVjNTA4ZWE5ZGVhOzEuMA==-68e4190a-fab8-49a7-8852-c5c508ea9dea] Object was created but could not be found in the DRC.
[http://chemistry.apache.org/NjhlNDE5MGEtZmFiOC00OWE3LTg4NTItYzVjNTA4ZWE5ZGVhOzEuMA==-68e4190a-fab8-49a7-8852-c5c508ea9dea] Object was updated but could not be found in the DRC.
[http://chemistry.apache.org/MGZmZDJlMDUtYjRhMC00NjBmLTk3N2QtOWYyNzRkMWY4MjM0OzEuMA==-0ffd2e05-b4a0-460f-977d-9f274d1f8234] Object was created but could not be found in the DRC.
[http://chemistry.apache.org/MGZmZDJlMDUtYjRhMC00NjBmLTk3N2QtOWYyNzRkMWY4MjM0OzEuMA==-0ffd2e05-b4a0-460f-977d-9f274d1f8234] Object was updated but could not be found in the DRC.
[http://chemistry.apache.org/MGZmZDJlMDUtYjRhMC00NjBmLTk3N2QtOWYyNzRkMWY4MjM0OzEuMA==-0ffd2e05-b4a0-460f-977d-9f274d1f8234] Object was deleted but could not be found in the ZRC.
[http://chemistry.apache.org/NjhlNDE5MGEtZmFiOC00OWE3LTg4NTItYzVjNTA4ZWE5ZGVhOzEuMA==-68e4190a-fab8-49a7-8852-c5c508ea9dea] Object was deleted but could not be found in the ZRC.
[http://chemistry.apache.org/M2U3ZWM4NzUtMzA0OC00NTA5LTg0NzYtMDkxOGJkYjNmNzU1-3e7ec875-3048-4509-8476-0918bdb3f755] Object was deleted but could not be found in the ZRC.
[http://chemistry.apache.org/ZTQ3M2EzZjktNjZkYS00YjQ2LTg5OTgtYTllZTA1Nzk5ZDNh-e473a3f9-66da-4b46-8998-a9ee05799d3a] Object was deleted but could not be found in the ZRC.
[http://chemistry.apache.org/ZGZiYzJmNGUtYWQwZi00YmZkLThkM2QtOTA0NmYzMmU3MzEx-dfbc2f4e-ad0f-4bfd-8d3d-9046f32e7311] Object was created but could not be found in the DRC.
[http://chemistry.apache.org/MTg0MmYzYjktNjc3My00ZjRlLTgzZDUtZDFjZDdlNzlmYmRl-1842f3b9-6773-4f4e-83d5-d1cd7e79fbde] Object was created but could not be found in the DRC.
[http://chemistry.apache.org/MTg0MmYzYjktNjc3My00ZjRlLTgzZDUtZDFjZDdlNzlmYmRl-1842f3b9-6773-4f4e-83d5-d1cd7e79fbde] Object was deleted but could not be found in the ZRC.
[http://chemistry.apache.org/ZGZiYzJmNGUtYWQwZi00YmZkLThkM2QtOTA0NmYzMmU3MzEx-dfbc2f4e-ad0f-4bfd-8d3d-9046f32e7311] Object was deleted but could not be found in the ZRC.
[http://chemistry.apache.org/YWRhYjEwZjYtMWE1Yy00MjUzLTlkMzAtNTZmMzk3YWU5ZTZl-adab10f6-1a5c-4253-9d30-56f397ae9e6e] Object was created but could not be found in the DRC.
[http://chemistry.apache.org/YzQ4M2QxMDktYWI5Ny00NzU4LWFiNzgtYTE4ZjBmNTA1Y2Zj-c483d109-ab97-4758-ab78-a18f0f505cfc] Object was created but could not be found in the DRC.
[http://chemistry.apache.org/YzQ4M2QxMDktYWI5Ny00NzU4LWFiNzgtYTE4ZjBmNTA1Y2Zj-c483d109-ab97-4758-ab78-a18f0f505cfc] Object was deleted but could not be found in the ZRC.
[http://chemistry.apache.org/YWRhYjEwZjYtMWE1Yy00MjUzLTlkMzAtNTZmMzk3YWU5ZTZl-adab10f6-1a5c-4253-9d30-56f397ae9e6e] Object was deleted but could not be found in the ZRC.
[http://chemistry.apache.org/Njg3ZDc2NDctMGZjYi00YzhkLWJkNzMtMTViZGIwZGQyYzNh-687d7647-0fcb-4c8d-bd73-15bdb0dd2c3a] Object was created but could not be found in the DRC.
[http://chemistry.apache.org/ZThhNWE4OTUtZTAyMC00OTExLTgwMTAtOTY4ZGY5MzI2MWY5-e8a5a895-e020-4911-8010-968df93261f9] Object was created but could not be found in the DRC.
[http://chemistry.apache.org/ZThhNWE4OTUtZTAyMC00OTExLTgwMTAtOTY4ZGY5MzI2MWY5-e8a5a895-e020-4911-8010-968df93261f9] Object was deleted but could not be found in the ZRC.
[http://chemistry.apache.org/Njg3ZDc2NDctMGZjYi00YzhkLWJkNzMtMTViZGIwZGQyYzNh-687d7647-0fcb-4c8d-bd73-15bdb0dd2c3a] Object was deleted but could not be found in the ZRC.
[http://chemistry.apache.org/NTUyOGViZGQtYTdkNC00N2Q3LThkYzItOTM0NzQwNGRhY2Ix-5528ebdd-a7d4-47d7-8dc2-9347404dacb1] Object was created but could not be found in the DRC.
[http://chemistry.apache.org/ZjE1YmQ4MzMtMTJkYi00Yzc0LWI4M2UtNzllYWQ3OTY4YTAz-f15bd833-12db-4c74-b83e-79ead7968a03] Object was created but could not be found in the DRC.
[http://chemistry.apache.org/NzgyMTM4OTgtOWVjZC00NDlkLThmMGYtOGQ4ZGQwNTY4OWVi-78213898-9ecd-449d-8f0f-8d8dd05689eb] Object was created but could not be found in the DRC.
[http://chemistry.apache.org/ZjE1YmQ4MzMtMTJkYi00Yzc0LWI4M2UtNzllYWQ3OTY4YTAz-f15bd833-12db-4c74-b83e-79ead7968a03] Object was deleted but could not be found in the ZRC.
[http://chemistry.apache.org/NzgyMTM4OTgtOWVjZC00NDlkLThmMGYtOGQ4ZGQwNTY4OWVi-78213898-9ecd-449d-8f0f-8d8dd05689eb] Object was deleted but could not be found in the ZRC.
[http://chemistry.apache.org/NTUyOGViZGQtYTdkNC00N2Q3LThkYzItOTM0NzQwNGRhY2Ix-5528ebdd-a7d4-47d7-8dc2-9347404dacb1] Object was deleted but could not be found in the ZRC.
[http://chemistry.apache.org/ZmQ1MzQwMzctZTM4My00ZGQ1LWJjY2EtMjI2MGIxNGI1NWE4-fd534037-e383-4dd5-bcca-2260b14b55a8] Object was created but could not be found in the DRC.
[http://chemistry.apache.org/NDJjYzQxYTMtNzJmYy00ZjhkLWFiNWItYTc4NjlhMjg1MjUx-42cc41a3-72fc-4f8d-ab5b-a7869a285251] Object was created but could not be found in the DRC.
[http://chemistry.apache.org/NDJjYzQxYTMtNzJmYy00ZjhkLWFiNWItYTc4NjlhMjg1MjUx-42cc41a3-72fc-4f8d-ab5b-a7869a285251] Object was deleted but could not be found in the ZRC.
[http://chemistry.apache.org/ZmQ1MzQwMzctZTM4My00ZGQ1LWJjY2EtMjI2MGIxNGI1NWE4-fd534037-e383-4dd5-bcca-2260b14b55a8] Object was deleted but could not be found in the ZRC.
[http://chemistry.apache.org/ODg3NGEwOTItZDkyYi00YWEwLTkxZDctMjIxOGU0NDI0NDlj-8874a092-d92b-4aa0-91d7-2218e442449c] Object was created but could not be found in the DRC.
[http://chemistry.apache.org/N2QzNmExYmEtYmY4Zi00ZDE2LWJhYzUtYTg3ZTE3NmVmMGUw-7d36a1ba-bf8f-4d16-bac5-a87e176ef0e0] Object was created but could not be found in the DRC.
[http://chemistry.apache.org/N2QzNmExYmEtYmY4Zi00ZDE2LWJhYzUtYTg3ZTE3NmVmMGUw-7d36a1ba-bf8f-4d16-bac5-a87e176ef0e0] Object was deleted but could not be found in the ZRC.
[http://chemistry.apache.org/ODg3NGEwOTItZDkyYi00YWEwLTkxZDctMjIxOGU0NDI0NDlj-8874a092-d92b-4aa0-91d7-2218e442449c] Object was deleted but could not be found in the ZRC.
[http://chemistry.apache.org/NmQwZWRlM2UtNGNlNi00OWQyLTk5MzItNTAxYWZjODBhZWY0-6d0ede3e-4ce6-49d2-9932-501afc80aef4] Object was created but could not be found in the DRC.
[http://chemistry.apache.org/ZWNiNzc5NTAtYzFmOS00YTFhLWE3YjgtY2Y4NTY4NWYyMGI4-ecb77950-c1f9-4a1a-a7b8-cf85685f20b8] Object was created but could not be found in the DRC.
[http://chemistry.apache.org/ZWNiNzc5NTAtYzFmOS00YTFhLWE3YjgtY2Y4NTY4NWYyMGI4-ecb77950-c1f9-4a1a-a7b8-cf85685f20b8] Object was deleted but could not be found in the ZRC.
[http://chemistry.apache.org/NmQwZWRlM2UtNGNlNi00OWQyLTk5MzItNTAxYWZjODBhZWY0-6d0ede3e-4ce6-49d2-9932-501afc80aef4] Object was deleted but could not be found in the ZRC.
[http://chemistry.apache.org/YWY0YTQ1N2ItMDM4NC00ZjVmLWE0OTItZTJlMDEwZDdjZWM5-af4a457b-0384-4f5f-a492-e2e010d7cec9] Object was created but could not be found in the DRC.
[http://chemistry.apache.org/ZGNmODI3ODMtNjhmOS00MDg4LWI3MDgtNjRkMGZhZWI2ZGYz-dcf82783-68f9-4088-b708-64d0faeb6df3] Object was created but could not be found in the DRC.
[http://chemistry.apache.org/ZGNmODI3ODMtNjhmOS00MDg4LWI3MDgtNjRkMGZhZWI2ZGYz-dcf82783-68f9-4088-b708-64d0faeb6df3] Object was deleted but could not be found in the ZRC.
[http://chemistry.apache.org/YWY0YTQ1N2ItMDM4NC00ZjVmLWE0OTItZTJlMDEwZDdjZWM5-af4a457b-0384-4f5f-a492-e2e010d7cec9] Object was deleted but could not be found in the ZRC.
[http://chemistry.apache.org/MzlmYjExMjUtNWZmOS00MjNjLTk5MmYtZTI4MDViOTAxNTU0-39fb1125-5ff9-423c-992f-e2805b901554] Object was created but could not be found in the DRC.
[http://chemistry.apache.org/NmQ1MDU0ZGItNDlhOS00MTZmLThjOGItMTMxMjM4YjBjNmYx-6d5054db-49a9-416f-8c8b-131238b0c6f1] Object was created but could not be found in the DRC.
[http://chemistry.apache.org/NmQ1MDU0ZGItNDlhOS00MTZmLThjOGItMTMxMjM4YjBjNmYx-6d5054db-49a9-416f-8c8b-131238b0c6f1] Object was deleted but could not be found in the ZRC.
[http://chemistry.apache.org/MzlmYjExMjUtNWZmOS00MjNjLTk5MmYtZTI4MDViOTAxNTU0-39fb1125-5ff9-423c-992f-e2805b901554] Object was deleted but could not be found in the ZRC.
[http://chemistry.apache.org/OGYxNDg2ZTEtZDkyOC00NzM4LWIyMGUtNDJmZGU1YzAxOTRk-8f1486e1-d928-4738-b20e-42fde5c0194d] Object was created but could not be found in the DRC.
[http://chemistry.apache.org/Mzc3ZjgyYzMtMjVkZS00ZmZmLThmZDEtNDFlNjhhNzNlMGJl-377f82c3-25de-4fff-8fd1-41e68a73e0be] Object was created but could not be found in the DRC.
[http://chemistry.apache.org/MGMyODYzMmYtMGE1Mi00NDJhLWI1ZjctYzFhNTU0ZmY3M2I0OzEuMA==-0c28632f-0a52-442a-b5f7-c1a554ff73b4] Object was created but could not be found in the DRC.
[http://chemistry.apache.org/MGMyODYzMmYtMGE1Mi00NDJhLWI1ZjctYzFhNTU0ZmY3M2I0OzEuMA==-0c28632f-0a52-442a-b5f7-c1a554ff73b4] Object was updated but could not be found in the DRC.
[http://chemistry.apache.org/MGMyODYzMmYtMGE1Mi00NDJhLWI1ZjctYzFhNTU0ZmY3M2I0OzEuMQ==-0c28632f-0a52-442a-b5f7-c1a554ff73b4] Object was deleted but could not be found in the ZRC.
[http://chemistry.apache.org/Mzc3ZjgyYzMtMjVkZS00ZmZmLThmZDEtNDFlNjhhNzNlMGJl-377f82c3-25de-4fff-8fd1-41e68a73e0be] Object was deleted but could not be found in the ZRC.
[http://chemistry.apache.org/OGYxNDg2ZTEtZDkyOC00NzM4LWIyMGUtNDJmZGU1YzAxOTRk-8f1486e1-d928-4738-b20e-42fde5c0194d] Object was deleted but could not be found in the ZRC.
[http://chemistry.apache.org/ZWU5MTkzNDAtMjlhOC00MzhlLTkyMjAtYTYzYTJiY2RkMzdm-ee919340-29a8-438e-9220-a63a2bcdd37f] Object was created but could not be found in the DRC.
[http://chemistry.apache.org/ZmU0NGU1ZjktY2MyYy00NDlkLThlZmEtMDRiYmRiM2NkZjE2-fe44e5f9-cc2c-449d-8efa-04bbdb3cdf16] Object was created but could not be found in the DRC.
[http://chemistry.apache.org/ZmU0NGU1ZjktY2MyYy00NDlkLThlZmEtMDRiYmRiM2NkZjE2-fe44e5f9-cc2c-449d-8efa-04bbdb3cdf16] Object was deleted but could not be found in the ZRC.
[http://chemistry.apache.org/ZWU5MTkzNDAtMjlhOC00MzhlLTkyMjAtYTYzYTJiY2RkMzdm-ee919340-29a8-438e-9220-a63a2bcdd37f] Object was deleted but could not be found in the ZRC.
[http://chemistry.apache.org/Mjc1MmVlMDQtYTMyMS00ZTRlLThhMTctNzI4MjY2OGRmZDQ1-2752ee04-a321-4e4e-8a17-7282668dfd45] Object was created but could not be found in the DRC.
[http://chemistry.apache.org/MzExMGQ0MjktYmQ4ZC00NmYyLWIyNWQtYTAyZTg5ZGMxOWE4-3110d429-bd8d-46f2-b25d-a02e89dc19a8] Object was created but could not be found in the DRC.
[http://chemistry.apache.org/MGY1NjkwYTItMDBmZC00YzczLWFiZDEtNzQ4MGYxMDc2ZTEwOzEuMA==-0f5690a2-00fd-4c73-abd1-7480f1076e10] Object was created but could not be found in the DRC.
[http://chemistry.apache.org/MGY1NjkwYTItMDBmZC00YzczLWFiZDEtNzQ4MGYxMDc2ZTEwOzEuMA==-0f5690a2-00fd-4c73-abd1-7480f1076e10] Object was updated but could not be found in the DRC.
[http://chemistry.apache.org/MGY1NjkwYTItMDBmZC00YzczLWFiZDEtNzQ4MGYxMDc2ZTEwOzEuMA==-0f5690a2-00fd-4c73-abd1-7480f1076e10] Object was deleted but could not be found in the ZRC.
[http://chemistry.apache.org/MzExMGQ0MjktYmQ4ZC00NmYyLWIyNWQtYTAyZTg5ZGMxOWE4-3110d429-bd8d-46f2-b25d-a02e89dc19a8] Object was deleted but could not be found in the ZRC.
[http://chemistry.apache.org/Mjc1MmVlMDQtYTMyMS00ZTRlLThhMTctNzI4MjY2OGRmZDQ1-2752ee04-a321-4e4e-8a17-7282668dfd45] Object was deleted but could not be found in the ZRC.
[http://chemistry.apache.org/YjQ2ZmU4YjYtMGIwNi00Y2U0LWI5NzgtOWVhYmE5OTRkNmE5-b46fe8b6-0b06-4ce4-b978-9eaba994d6a9] Object was created but could not be found in the DRC.
[http://chemistry.apache.org/ZmI2YTQxNzUtMjM1ZS00N2M0LWFlZGYtNTBkM2Q1NmJiYzgw-fb6a4175-235e-47c4-aedf-50d3d56bbc80] Object was created but could not be found in the DRC.
[http://chemistry.apache.org/Y2EzMDIwOTYtYzhmYS00MDMxLTg0OWUtNjcyZmE4M2U5MWI0OzEuMA==-ca302096-c8fa-4031-849e-672fa83e91b4] Object was created but could not be found in the DRC.
[http://chemistry.apache.org/Y2EzMDIwOTYtYzhmYS00MDMxLTg0OWUtNjcyZmE4M2U5MWI0OzEuMA==-ca302096-c8fa-4031-849e-672fa83e91b4] Object was updated but could not be found in the DRC.
[http://chemistry.apache.org/Y2EzMDIwOTYtYzhmYS00MDMxLTg0OWUtNjcyZmE4M2U5MWI0OzEuMA==-ca302096-c8fa-4031-849e-672fa83e91b4] Object was deleted but could not be found in the ZRC.
[http://chemistry.apache.org/ZmI2YTQxNzUtMjM1ZS00N2M0LWFlZGYtNTBkM2Q1NmJiYzgw-fb6a4175-235e-47c4-aedf-50d3d56bbc80] Object was deleted but could not be found in the ZRC.
[http://chemistry.apache.org/YjQ2ZmU4YjYtMGIwNi00Y2U0LWI5NzgtOWVhYmE5OTRkNmE5-b46fe8b6-0b06-4ce4-b978-9eaba994d6a9] Object was deleted but could not be found in the ZRC.
[http://chemistry.apache.org/MTk4YTg2N2YtODU1Yi00Yjk5LWJiYTQtMWFkNzQwYmUzM2Fl-198a867f-855b-4b99-bba4-1ad740be33ae] Object was created but could not be found in the DRC.
[http://chemistry.apache.org/OGY1MDY5ZWUtMzRmNy00NTNhLTkxODQtMDNhNGQyNjQxODk1-8f5069ee-34f7-453a-9184-03a4d2641895] Object was created but could not be found in the DRC.
[http://chemistry.apache.org/Y2FjZGMyNTAtMjk0Yy00ZjFmLWJkOTEtZmNjOWRlMDc0YWI5OzEuMA==-cacdc250-294c-4f1f-bd91-fcc9de074ab9] Object was created but could not be found in the DRC.
[http://chemistry.apache.org/Y2FjZGMyNTAtMjk0Yy00ZjFmLWJkOTEtZmNjOWRlMDc0YWI5OzEuMA==-cacdc250-294c-4f1f-bd91-fcc9de074ab9] Object was updated but could not be found in the DRC.
[http://chemistry.apache.org/Y2FjZGMyNTAtMjk0Yy00ZjFmLWJkOTEtZmNjOWRlMDc0YWI5OzEuMA==-cacdc250-294c-4f1f-bd91-fcc9de074ab9] Object was deleted but could not be found in the ZRC.
[http://chemistry.apache.org/OGY1MDY5ZWUtMzRmNy00NTNhLTkxODQtMDNhNGQyNjQxODk1-8f5069ee-34f7-453a-9184-03a4d2641895] Object was deleted but could not be found in the ZRC.
[http://chemistry.apache.org/MTk4YTg2N2YtODU1Yi00Yjk5LWJiYTQtMWFkNzQwYmUzM2Fl-198a867f-855b-4b99-bba4-1ad740be33ae] Object was deleted but could not be found in the ZRC.
[http://chemistry.apache.org/MDIxNjQ2MmMtZTBjMy00MGMzLTkwNmYtMmE1ZGJiZmQ2YWQ5-0216462c-e0c3-40c3-906f-2a5dbbfd6ad9] Object was created but could not be found in the DRC.
[http://chemistry.apache.org/ZDFjMjRiM2YtNWUxZC00ZWQ0LWIzZjEtNTMxYjczOGViYzJm-d1c24b3f-5e1d-4ed4-b3f1-531b738ebc2f] Object was created but could not be found in the DRC.
[http://chemistry.apache.org/MGUxN2JlM2QtZjUyYy00ZDQwLThhZDItZjhiOTNhYmFhYTgyOzEuMA==-0e17be3d-f52c-4d40-8ad2-f8b93abaaa82] Object was created but could not be found in the DRC.
[http://chemistry.apache.org/MGUxN2JlM2QtZjUyYy00ZDQwLThhZDItZjhiOTNhYmFhYTgyOzEuMA==-0e17be3d-f52c-4d40-8ad2-f8b93abaaa82] Object was updated but could not be found in the DRC.
[http://chemistry.apache.org/MzJkZTJjMGUtNjRhNy00N2VkLWI5NTYtZWRkN2MyM2JhYTM1-32de2c0e-64a7-47ed-b956-edd7c23baa35] Object was created but could not be found in the DRC.
[http://chemistry.apache.org/MGUxN2JlM2QtZjUyYy00ZDQwLThhZDItZjhiOTNhYmFhYTgyOzEuMA==-0e17be3d-f52c-4d40-8ad2-f8b93abaaa82] Object was deleted but could not be found in the ZRC.
[http://chemistry.apache.org/MzJkZTJjMGUtNjRhNy00N2VkLWI5NTYtZWRkN2MyM2JhYTM1-32de2c0e-64a7-47ed-b956-edd7c23baa35] Object was deleted but could not be found in the ZRC.
[http://chemistry.apache.org/ZDFjMjRiM2YtNWUxZC00ZWQ0LWIzZjEtNTMxYjczOGViYzJm-d1c24b3f-5e1d-4ed4-b3f1-531b738ebc2f] Object was deleted but could not be found in the ZRC.
[http://chemistry.apache.org/MDIxNjQ2MmMtZTBjMy00MGMzLTkwNmYtMmE1ZGJiZmQ2YWQ5-0216462c-e0c3-40c3-906f-2a5dbbfd6ad9] Object was deleted but could not be found in the ZRC.
[http://chemistry.apache.org/YTg1NjUzNDQtYjdiNy00MjA0LWExZTAtOTlmYmU4MTYwN2U4-a8565344-b7b7-4204-a1e0-99fbe81607e8] Object was created but could not be found in the DRC.
[http://chemistry.apache.org/NDE0MjgzNDEtNmI0ZS00ZmMwLThhM2MtOTM1ZTM1NzcxY2Vh-41428341-6b4e-4fc0-8a3c-935e35771cea] Object was created but could not be found in the DRC.
[http://chemistry.apache.org/ZjA0MGE4NWMtM2M4My00NjE0LWIzM2QtNGVjMjc3MjJiNjBkOzEuMA==-f040a85c-3c83-4614-b33d-4ec27722b60d] Object was created but could not be found in the DRC.
[http://chemistry.apache.org/ZjA0MGE4NWMtM2M4My00NjE0LWIzM2QtNGVjMjc3MjJiNjBkOzEuMA==-f040a85c-3c83-4614-b33d-4ec27722b60d] Object was updated but could not be found in the DRC.
[http://chemistry.apache.org/ZjA0MGE4NWMtM2M4My00NjE0LWIzM2QtNGVjMjc3MjJiNjBkOzEuMA==-f040a85c-3c83-4614-b33d-4ec27722b60d] Object was deleted but could not be found in the ZRC.
[http://chemistry.apache.org/NDE0MjgzNDEtNmI0ZS00ZmMwLThhM2MtOTM1ZTM1NzcxY2Vh-41428341-6b4e-4fc0-8a3c-935e35771cea] Object was deleted but could not be found in the ZRC.
[http://chemistry.apache.org/YTg1NjUzNDQtYjdiNy00MjA0LWExZTAtOTlmYmU4MTYwN2U4-a8565344-b7b7-4204-a1e0-99fbe81607e8] Object was deleted but could not be found in the ZRC.
[http://chemistry.apache.org/MmFjYTAxNTctZDE1MC00MDBlLWIwMDktNzU2NTljZDhmZTcw-2aca0157-d150-400e-b009-75659cd8fe70] Object was created but could not be found in the DRC.
[http://chemistry.apache.org/ZTQwYjY5MWYtNGY5ZC00Y2NjLTk3MjktMjE2MGUwYWQ1ZjYy-e40b691f-4f9d-4ccc-9729-2160e0ad5f62] Object was created but could not be found in the DRC.
[http://chemistry.apache.org/MWI4MDdiY2MtZWQyYy00M2Q4LTg2ZmUtYWRiNTNhZjM4YTA1OzEuMA==-1b807bcc-ed2c-43d8-86fe-adb53af38a05] Object was created but could not be found in the DRC.
[http://chemistry.apache.org/MWI4MDdiY2MtZWQyYy00M2Q4LTg2ZmUtYWRiNTNhZjM4YTA1OzEuMA==-1b807bcc-ed2c-43d8-86fe-adb53af38a05] Object was updated but could not be found in the DRC.
[http://chemistry.apache.org/MWI4MDdiY2MtZWQyYy00M2Q4LTg2ZmUtYWRiNTNhZjM4YTA1OzEuMA==-1b807bcc-ed2c-43d8-86fe-adb53af38a05] Object was deleted but could not be found in the ZRC.
[http://chemistry.apache.org/YzJjYjJkNmEtOTIzZC00ZjAwLTk5YWUtZDU4Yjk1ZDRhYWFh-c2cb2d6a-923d-4f00-99ae-d58b95d4aaaa] Object was created but could not be found in the DRC.
[http://chemistry.apache.org/YzJjYjJkNmEtOTIzZC00ZjAwLTk5YWUtZDU4Yjk1ZDRhYWFh-c2cb2d6a-923d-4f00-99ae-d58b95d4aaaa] Object was deleted but could not be found in the ZRC.
[http://chemistry.apache.org/ZTQwYjY5MWYtNGY5ZC00Y2NjLTk3MjktMjE2MGUwYWQ1ZjYy-e40b691f-4f9d-4ccc-9729-2160e0ad5f62] Object was deleted but could not be found in the ZRC.
[http://chemistry.apache.org/MmFjYTAxNTctZDE1MC00MDBlLWIwMDktNzU2NTljZDhmZTcw-2aca0157-d150-400e-b009-75659cd8fe70] Object was deleted but could not be found in the ZRC.
[http://chemistry.apache.org/ZTcyMDJiMTktOWI4ZS00ZTViLWFhNTAtOTcwYjQzZjJiODg4OzEuMA==-e7202b19-9b8e-4e5b-aa50-970b43f2b888] Object was created but could not be found in the DRC.
[http://chemistry.apache.org/ZTcyMDJiMTktOWI4ZS00ZTViLWFhNTAtOTcwYjQzZjJiODg4OzEuMA==-e7202b19-9b8e-4e5b-aa50-970b43f2b888] Object was updated but could not be found in the DRC.
[http://chemistry.apache.org/NTZmZTBiYTktMTYyOS00OTY3LTg4NTktZTc1YzJjNDYwZjBi-56fe0ba9-1629-4967-8859-e75c2c460f0b] Object was created but could not be found in the DRC.
[http://chemistry.apache.org/YTQ2NDU5Y2EtODNhNy00MTkzLWE0MjEtMzY1ZmVjNjU2YmU1-a46459ca-83a7-4193-a421-365fec656be5] Object was created but could not be found in the DRC.
[http://chemistry.apache.org/YTQ2NDU5Y2EtODNhNy00MTkzLWE0MjEtMzY1ZmVjNjU2YmU1-a46459ca-83a7-4193-a421-365fec656be5] Object was deleted but could not be found in the ZRC.
[http://chemistry.apache.org/NTZmZTBiYTktMTYyOS00OTY3LTg4NTktZTc1YzJjNDYwZjBi-56fe0ba9-1629-4967-8859-e75c2c460f0b] Object was deleted but could not be found in the ZRC.
[http://chemistry.apache.org/ZDEzMjdjNTEtMDMxOS00YzdhLWI4ZmEtZWQxZGY5OTQ1Njg3-d1327c51-0319-4c7a-b8fa-ed1df9945687] Object was created but could not be found in the DRC.
[http://chemistry.apache.org/YmY5M2ZiYzktNjA1NC00OTkyLWJmNTAtNDdiNjNjMDc4ODY1-bf93fbc9-6054-4992-bf50-47b63c078865] Object was created but could not be found in the DRC.
[http://chemistry.apache.org/YmY5M2ZiYzktNjA1NC00OTkyLWJmNTAtNDdiNjNjMDc4ODY1-bf93fbc9-6054-4992-bf50-47b63c078865] Object was deleted but could not be found in the ZRC.
[http://chemistry.apache.org/ZDEzMjdjNTEtMDMxOS00YzdhLWI4ZmEtZWQxZGY5OTQ1Njg3-d1327c51-0319-4c7a-b8fa-ed1df9945687] Object was deleted but could not be found in the ZRC.
[http://chemistry.apache.org/YzJmNDJlYTAtODE1MS00N2YxLTk2ODctMWYzMzBhMTFhNDNi-c2f42ea0-8151-47f1-9687-1f330a11a43b] Object was created but could not be found in the DRC.
[http://chemistry.apache.org/MDNiMTljYjItZTM1OC00NTE2LWIyMTYtNzc3NTNkMjA4ZGUx-03b19cb2-e358-4516-b216-77753d208de1] Object was created but could not be found in the DRC.
[http://chemistry.apache.org/MDNiMTljYjItZTM1OC00NTE2LWIyMTYtNzc3NTNkMjA4ZGUx-03b19cb2-e358-4516-b216-77753d208de1] Object was deleted but could not be found in the ZRC.
[http://chemistry.apache.org/YzJmNDJlYTAtODE1MS00N2YxLTk2ODctMWYzMzBhMTFhNDNi-c2f42ea0-8151-47f1-9687-1f330a11a43b] Object was deleted but could not be found in the ZRC.
[http://chemistry.apache.org/YjA5N2JmNDItMmIyZC00N2IwLWEzY2QtMzljNjBjZWVkZDRm-b097bf42-2b2d-47b0-a3cd-39c60ceedd4f] Object was created but could not be found in the DRC.
[http://chemistry.apache.org/Y2RhZDA1NGYtYTNjYi00MGFjLWIzMTItNWVhOTQ4MDVjNzBh-cdad054f-a3cb-40ac-b312-5ea94805c70a] Object was created but could not be found in the DRC.
[http://chemistry.apache.org/Y2RhZDA1NGYtYTNjYi00MGFjLWIzMTItNWVhOTQ4MDVjNzBh-cdad054f-a3cb-40ac-b312-5ea94805c70a] Object was deleted but could not be found in the ZRC.
[http://chemistry.apache.org/YjA5N2JmNDItMmIyZC00N2IwLWEzY2QtMzljNjBjZWVkZDRm-b097bf42-2b2d-47b0-a3cd-39c60ceedd4f] Object was deleted but could not be found in the ZRC.
[http://chemistry.apache.org/NmEzNWI0MzQtNzJkYi00ZGJlLWE3ZjAtYmU0MmQyMmM0Nzg3-6a35b434-72db-4dbe-a7f0-be42d22c4787] Object was created but could not be found in the DRC.
[http://chemistry.apache.org/ODI2ZDM2NmMtNmE3Yy00MmVhLTgzMzctYTcwOTMyNTYzMjc5-826d366c-6a7c-42ea-8337-a70932563279] Object was created but could not be found in the DRC.
[http://chemistry.apache.org/ODI2ZDM2NmMtNmE3Yy00MmVhLTgzMzctYTcwOTMyNTYzMjc5-826d366c-6a7c-42ea-8337-a70932563279] Object was deleted but could not be found in the ZRC.
[http://chemistry.apache.org/NmEzNWI0MzQtNzJkYi00ZGJlLWE3ZjAtYmU0MmQyMmM0Nzg3-6a35b434-72db-4dbe-a7f0-be42d22c4787] Object was deleted but could not be found in the ZRC.
[http://chemistry.apache.org/OTM3MGY4NDEtZWNkOS00NTE1LWE0YmYtYjZjNDQxZjZmMjU1-9370f841-ecd9-4515-a4bf-b6c441f6f255] Object was created but could not be found in the DRC.
[http://chemistry.apache.org/MTU5NjA2MzUtYmNhNC00ZjQ0LThiZDQtMDUyZDA4MDAzYzkz-15960635-bca4-4f44-8bd4-052d08003c93] Object was created but could not be found in the DRC.
[http://chemistry.apache.org/NzgxYmVjMGYtNzIzZS00MDcyLWJkYWMtMzdhNGVlMWI3OGZkOzEuMA==-781bec0f-723e-4072-bdac-37a4ee1b78fd] Object was created but could not be found in the DRC.
[http://chemistry.apache.org/NzgxYmVjMGYtNzIzZS00MDcyLWJkYWMtMzdhNGVlMWI3OGZkOzEuMA==-781bec0f-723e-4072-bdac-37a4ee1b78fd] Object was updated but could not be found in the DRC.
[http://chemistry.apache.org/YjRjZTU4MmYtM2Y5MS00YWY3LWIwN2QtMzM3NThiNTdmM2VkOzEuMA==-b4ce582f-3f91-4af7-b07d-33758b57f3ed] Object was created but could not be found in the DRC.
[http://chemistry.apache.org/YjRjZTU4MmYtM2Y5MS00YWY3LWIwN2QtMzM3NThiNTdmM2VkOzEuMA==-b4ce582f-3f91-4af7-b07d-33758b57f3ed] Object was updated but could not be found in the DRC.
[http://chemistry.apache.org/YjRjZTU4MmYtM2Y5MS00YWY3LWIwN2QtMzM3NThiNTdmM2VkOzEuMA==-b4ce582f-3f91-4af7-b07d-33758b57f3ed] Object was deleted but could not be found in the ZRC.
[http://chemistry.apache.org/MWE1ZjI4NDAtZGI5ZS00ZjEwLThkYmItNDM3MmRhZTYwMmE0OzEuMA==-1a5f2840-db9e-4f10-8dbb-4372dae602a4] Object was created but could not be found in the DRC.
[http://chemistry.apache.org/MWE1ZjI4NDAtZGI5ZS00ZjEwLThkYmItNDM3MmRhZTYwMmE0OzEuMA==-1a5f2840-db9e-4f10-8dbb-4372dae602a4] Object was updated but could not be found in the DRC.
[http://chemistry.apache.org/NzgxYmVjMGYtNzIzZS00MDcyLWJkYWMtMzdhNGVlMWI3OGZkOzEuMA==-781bec0f-723e-4072-bdac-37a4ee1b78fd] Object was deleted but could not be found in the ZRC.
[http://chemistry.apache.org/MWE1ZjI4NDAtZGI5ZS00ZjEwLThkYmItNDM3MmRhZTYwMmE0OzEuMA==-1a5f2840-db9e-4f10-8dbb-4372dae602a4] Object was deleted but could not be found in the ZRC.
[http://chemistry.apache.org/MTU5NjA2MzUtYmNhNC00ZjQ0LThiZDQtMDUyZDA4MDAzYzkz-15960635-bca4-4f44-8bd4-052d08003c93] Object was deleted but could not be found in the ZRC.
[http://chemistry.apache.org/OTM3MGY4NDEtZWNkOS00NTE1LWE0YmYtYjZjNDQxZjZmMjU1-9370f841-ecd9-4515-a4bf-b6c441f6f255] Object was deleted but could not be found in the ZRC.
[http://chemistry.apache.org/MTMzNWY2MzEtOTg5My00NTI0LWExZmEtMGQxNGI2MzRlNTA0-1335f631-9893-4524-a1fa-0d14b634e504] Object was created but could not be found in the DRC.
[http://chemistry.apache.org/ZmEwMTVmZjQtM2RjZi00MzdhLTk3OTYtMWQ0Yzc2YTU0ZTA5-fa015ff4-3dcf-437a-9796-1d4c76a54e09] Object was created but could not be found in the DRC.
[http://chemistry.apache.org/YmVhYjc0ZmItYWE5MS00Mzk3LThmYTctYzc5NTk5ZDA2N2E4OzEuMA==-beab74fb-aa91-4397-8fa7-c79599d067a8] Object was created but could not be found in the DRC.
[http://chemistry.apache.org/YmVhYjc0ZmItYWE5MS00Mzk3LThmYTctYzc5NTk5ZDA2N2E4OzEuMA==-beab74fb-aa91-4397-8fa7-c79599d067a8] Object was updated but could not be found in the DRC.
[http://chemistry.apache.org/NGZmODc0OTEtMWFjOS00OTZmLTk1NDctN2M1OTBlMDEyOTU3OzEuMA==-4ff87491-1ac9-496f-9547-7c590e012957] Object was created but could not be found in the DRC.
[http://chemistry.apache.org/NGZmODc0OTEtMWFjOS00OTZmLTk1NDctN2M1OTBlMDEyOTU3OzEuMA==-4ff87491-1ac9-496f-9547-7c590e012957] Object was updated but could not be found in the DRC.
[http://chemistry.apache.org/YmVhYjc0ZmItYWE5MS00Mzk3LThmYTctYzc5NTk5ZDA2N2E4OzEuMA==-beab74fb-aa91-4397-8fa7-c79599d067a8] Object was deleted but could not be found in the ZRC.
[http://chemistry.apache.org/NGZmODc0OTEtMWFjOS00OTZmLTk1NDctN2M1OTBlMDEyOTU3OzEuMA==-4ff87491-1ac9-496f-9547-7c590e012957] Object was deleted but could not be found in the ZRC.
[http://chemistry.apache.org/ZmEwMTVmZjQtM2RjZi00MzdhLTk3OTYtMWQ0Yzc2YTU0ZTA5-fa015ff4-3dcf-437a-9796-1d4c76a54e09] Object was deleted but could not be found in the ZRC.
[http://chemistry.apache.org/MTMzNWY2MzEtOTg5My00NTI0LWExZmEtMGQxNGI2MzRlNTA0-1335f631-9893-4524-a1fa-0d14b634e504] Object was deleted but could not be found in the ZRC.
[http://chemistry.apache.org/MWY1MzVlYTUtMGMwMC00MmVlLWI1OWYtMjcwYzMzOWMzZTJl-1f535ea5-0c00-42ee-b59f-270c339c3e2e] Object was created but could not be found in the DRC.
[http://chemistry.apache.org/OWI4NTIwNWQtMDEzMS00YWZlLWI4YzAtYzE2N2I1Nzg0ZjA3-9b85205d-0131-4afe-b8c0-c167b5784f07] Object was created but could not be found in the DRC.
[http://chemistry.apache.org/YTdjMzk2NDItNDZiZC00ZDk1LThkMWUtMTE1NjNmNjVhMjVlOzEuMA==-a7c39642-46bd-4d95-8d1e-11563f65a25e] Object was created but could not be found in the DRC.
[http://chemistry.apache.org/YTdjMzk2NDItNDZiZC00ZDk1LThkMWUtMTE1NjNmNjVhMjVlOzEuMA==-a7c39642-46bd-4d95-8d1e-11563f65a25e] Object was updated but could not be found in the DRC.
[http://chemistry.apache.org/NzFjZWI1MDEtNzBjYi00MWMyLThiYTEtYmVmOTg0ZTQ2NWM5OzEuMA==-71ceb501-70cb-41c2-8ba1-bef984e465c9] Object was created but could not be found in the DRC.
[http://chemistry.apache.org/NzFjZWI1MDEtNzBjYi00MWMyLThiYTEtYmVmOTg0ZTQ2NWM5OzEuMA==-71ceb501-70cb-41c2-8ba1-bef984e465c9] Object was updated but could not be found in the DRC.
[http://chemistry.apache.org/YTdjMzk2NDItNDZiZC00ZDk1LThkMWUtMTE1NjNmNjVhMjVlOzEuMA==-a7c39642-46bd-4d95-8d1e-11563f65a25e] Object was deleted but could not be found in the ZRC.
[http://chemistry.apache.org/NzFjZWI1MDEtNzBjYi00MWMyLThiYTEtYmVmOTg0ZTQ2NWM5OzEuMA==-71ceb501-70cb-41c2-8ba1-bef984e465c9] Object was deleted but could not be found in the ZRC.
[http://chemistry.apache.org/OWI4NTIwNWQtMDEzMS00YWZlLWI4YzAtYzE2N2I1Nzg0ZjA3-9b85205d-0131-4afe-b8c0-c167b5784f07] Object was deleted but could not be found in the ZRC.
[http://chemistry.apache.org/MWY1MzVlYTUtMGMwMC00MmVlLWI1OWYtMjcwYzMzOWMzZTJl-1f535ea5-0c00-42ee-b59f-270c339c3e2e] Object was deleted but could not be found in the ZRC.
[http://chemistry.apache.org/NzdjOTEzNmYtZmZhZS00ZmRhLTkzNGMtNmRjOWM1NjZkMjU5-77c9136f-ffae-4fda-934c-6dc9c566d259] Object was created but could not be found in the DRC.
[http://chemistry.apache.org/NzY2ZGRjZTEtNGI1My00OTQ4LThiMTctZGYzMWQ5OWIyZjAx-766ddce1-4b53-4948-8b17-df31d99b2f01] Object was created but could not be found in the DRC.
[http://chemistry.apache.org/YWU3OWU2YmItZjJiMC00YTkxLWE3YmYtMDVkZjdjNTIyYmM1OzEuMA==-ae79e6bb-f2b0-4a91-a7bf-05df7c522bc5] Object was created but could not be found in the DRC.
[http://chemistry.apache.org/YWU3OWU2YmItZjJiMC00YTkxLWE3YmYtMDVkZjdjNTIyYmM1OzEuMA==-ae79e6bb-f2b0-4a91-a7bf-05df7c522bc5] Object was updated but could not be found in the DRC.
[http://chemistry.apache.org/MGU2OWM4YjAtYThmYS00NjVhLTlkYzQtMmZjOTNjMGVlMzA0OzEuMA==-0e69c8b0-a8fa-465a-9dc4-2fc93c0ee304] Object was created but could not be found in the DRC.
[http://chemistry.apache.org/MGU2OWM4YjAtYThmYS00NjVhLTlkYzQtMmZjOTNjMGVlMzA0OzEuMA==-0e69c8b0-a8fa-465a-9dc4-2fc93c0ee304] Object was updated but could not be found in the DRC.
[http://chemistry.apache.org/YWU3OWU2YmItZjJiMC00YTkxLWE3YmYtMDVkZjdjNTIyYmM1OzEuMA==-ae79e6bb-f2b0-4a91-a7bf-05df7c522bc5] Object was deleted but could not be found in the ZRC.
[http://chemistry.apache.org/MGU2OWM4YjAtYThmYS00NjVhLTlkYzQtMmZjOTNjMGVlMzA0OzEuMA==-0e69c8b0-a8fa-465a-9dc4-2fc93c0ee304] Object was deleted but could not be found in the ZRC.
[http://chemistry.apache.org/NzY2ZGRjZTEtNGI1My00OTQ4LThiMTctZGYzMWQ5OWIyZjAx-766ddce1-4b53-4948-8b17-df31d99b2f01] Object was deleted but could not be found in the ZRC.
[http://chemistry.apache.org/NzdjOTEzNmYtZmZhZS00ZmRhLTkzNGMtNmRjOWM1NjZkMjU5-77c9136f-ffae-4fda-934c-6dc9c566d259] Object was deleted but could not be found in the ZRC.
[http://chemistry.apache.org/MGE2NTk2MjAtYTg3OC00ZGY3LWI3ZmMtN2QxZGYyZGY2ZTll-0a659620-a878-4df7-b7fc-7d1df2df6e9e] Object was created but could not be found in the DRC.
[http://chemistry.apache.org/ZTUxNzFmYjItYzQ1OC00MWJlLWExOGYtMTRlZWQ2NWY1Y2Uy-e5171fb2-c458-41be-a18f-14eed65f5ce2] Object was created but could not be found in the DRC.
[http://chemistry.apache.org/ZTUxNzFmYjItYzQ1OC00MWJlLWExOGYtMTRlZWQ2NWY1Y2Uy-e5171fb2-c458-41be-a18f-14eed65f5ce2] Object was deleted but could not be found in the ZRC.
[http://chemistry.apache.org/MGE2NTk2MjAtYTg3OC00ZGY3LWI3ZmMtN2QxZGYyZGY2ZTll-0a659620-a878-4df7-b7fc-7d1df2df6e9e] Object was deleted but could not be found in the ZRC.
[http://chemistry.apache.org/NTk1YmVlOGYtNWJlZC00OTE1LWI3YzYtZDRkYmMzNGQyMWZl-595bee8f-5bed-4915-b7c6-d4dbc34d21fe] Object was created but could not be found in the DRC.
[http://chemistry.apache.org/NjA4MzFmMzktNDhmNS00Nzk3LWFkYzMtYTQxMGQzZjY0YzRh-60831f39-48f5-4797-adc3-a410d3f64c4a] Object was created but could not be found in the DRC.
[http://chemistry.apache.org/NjA4MzFmMzktNDhmNS00Nzk3LWFkYzMtYTQxMGQzZjY0YzRh-60831f39-48f5-4797-adc3-a410d3f64c4a] Object was deleted but could not be found in the ZRC.
[http://chemistry.apache.org/NTk1YmVlOGYtNWJlZC00OTE1LWI3YzYtZDRkYmMzNGQyMWZl-595bee8f-5bed-4915-b7c6-d4dbc34d21fe] Object was deleted but could not be found in the ZRC.
[http://chemistry.apache.org/ZWEzNGYxNWMtOWQ3Yi00MGMxLTlkNmItZTJkZDg1YjJkOGE5-ea34f15c-9d7b-40c1-9d6b-e2dd85b2d8a9] Object was created but could not be found in the DRC.
[http://chemistry.apache.org/MDNmMTBhNmUtMTcxMC00ZGRlLTlmMGYtZmYxNjAyMTYwODk0-03f10a6e-1710-4dde-9f0f-ff1602160894] Object was created but could not be found in the DRC.
[http://chemistry.apache.org/MDNmMTBhNmUtMTcxMC00ZGRlLTlmMGYtZmYxNjAyMTYwODk0-03f10a6e-1710-4dde-9f0f-ff1602160894] Object was deleted but could not be found in the ZRC.
[http://chemistry.apache.org/ZWEzNGYxNWMtOWQ3Yi00MGMxLTlkNmItZTJkZDg1YjJkOGE5-ea34f15c-9d7b-40c1-9d6b-e2dd85b2d8a9] Object was deleted but could not be found in the ZRC.
[http://chemistry.apache.org/ODhmMTE3NjMtMTZmYy00MTZkLWExZTctZjdiZTY1NGUxZTJm-88f11763-16fc-416d-a1e7-f7be654e1e2f] Object was created but could not be found in the DRC.
[http://chemistry.apache.org/NjQwN2I5M2YtODM2Zi00ZGE1LTg2ZDQtZGM2YzhjZDM5ODky-6407b93f-836f-4da5-86d4-dc6c8cd39892] Object was created but could not be found in the DRC.
[http://chemistry.apache.org/MTEwZTRhZmMtZDhhOC00NmRiLTgyOTctZmU2OGNlZTU2OGU0-110e4afc-d8a8-46db-8297-fe68cee568e4] Object was created but could not be found in the DRC.
[http://chemistry.apache.org/NjQwN2I5M2YtODM2Zi00ZGE1LTg2ZDQtZGM2YzhjZDM5ODky-6407b93f-836f-4da5-86d4-dc6c8cd39892] Object was deleted but could not be found in the ZRC.
[http://chemistry.apache.org/MTEwZTRhZmMtZDhhOC00NmRiLTgyOTctZmU2OGNlZTU2OGU0-110e4afc-d8a8-46db-8297-fe68cee568e4] Object was deleted but could not be found in the ZRC.
[http://chemistry.apache.org/ODhmMTE3NjMtMTZmYy00MTZkLWExZTctZjdiZTY1NGUxZTJm-88f11763-16fc-416d-a1e7-f7be654e1e2f] Object was deleted but could not be found in the ZRC.
[http://chemistry.apache.org/NDNhMmQ0YjYtNjA4OC00N2IwLThlMjgtZWVmNDg3NzRjYTUx-43a2d4b6-6088-47b0-8e28-eef48774ca51] Object was created but could not be found in the DRC.
[http://chemistry.apache.org/Mjk4MDJmNDMtZmJkNC00N2VmLWIwOWUtN2FkMzg2MGU0MmEz-29802f43-fbd4-47ef-b09e-7ad3860e42a3] Object was created but could not be found in the DRC.
[http://chemistry.apache.org/Mjk4MDJmNDMtZmJkNC00N2VmLWIwOWUtN2FkMzg2MGU0MmEz-29802f43-fbd4-47ef-b09e-7ad3860e42a3] Object was deleted but could not be found in the ZRC.
[http://chemistry.apache.org/NDNhMmQ0YjYtNjA4OC00N2IwLThlMjgtZWVmNDg3NzRjYTUx-43a2d4b6-6088-47b0-8e28-eef48774ca51] Object was deleted but could not be found in the ZRC.
[http://chemistry.apache.org/N2M1N2Q5YzktOGU1ZS00MzQwLTkwYjctMTVmNmMwOTA0MTg0-7c57d9c9-8e5e-4340-90b7-15f6c0904184] Object was created but could not be found in the DRC.
[http://chemistry.apache.org/ZmIzMGNmNjItN2FjMS00MzZiLTgzNzMtNDI5MjgyMGY4N2Fm-fb30cf62-7ac1-436b-8373-4292820f87af] Object was created but could not be found in the DRC.
[http://chemistry.apache.org/ZmIzMGNmNjItN2FjMS00MzZiLTgzNzMtNDI5MjgyMGY4N2Fm-fb30cf62-7ac1-436b-8373-4292820f87af] Object was deleted but could not be found in the ZRC.
[http://chemistry.apache.org/N2M1N2Q5YzktOGU1ZS00MzQwLTkwYjctMTVmNmMwOTA0MTg0-7c57d9c9-8e5e-4340-90b7-15f6c0904184] Object was deleted but could not be found in the ZRC.
[http://chemistry.apache.org/Y2UwNjViYWQtMmQzMy00ZTEzLTkxMWQtNzA0MGUzNjgwMzVh-ce065bad-2d33-4e13-911d-7040e368035a] Object was created but could not be found in the DRC.
[http://chemistry.apache.org/YWFkZjIyODAtMGFkNy00OGZlLWFiNjAtMjQ5NWFmMDAwNzgx-aadf2280-0ad7-48fe-ab60-2495af000781] Object was created but could not be found in the DRC.
[http://chemistry.apache.org/YWFkZjIyODAtMGFkNy00OGZlLWFiNjAtMjQ5NWFmMDAwNzgx-aadf2280-0ad7-48fe-ab60-2495af000781] Object was deleted but could not be found in the ZRC.
[http://chemistry.apache.org/Y2UwNjViYWQtMmQzMy00ZTEzLTkxMWQtNzA0MGUzNjgwMzVh-ce065bad-2d33-4e13-911d-7040e368035a] Object was deleted but could not be found in the ZRC.
[http://chemistry.apache.org/NjBiOWY1YWItZjcwNi00Yzg4LWIxZTMtZTZhOTAzYjRiZTQx-60b9f5ab-f706-4c88-b1e3-e6a903b4be41] Object was created but could not be found in the DRC.
[http://chemistry.apache.org/YjI2ZjgzNDktNzc4Yi00ODI5LTgwZjYtYmI5NDQ2Yjk1NjIz-b26f8349-778b-4829-80f6-bb9446b95623] Object was created but could not be found in the DRC.
[http://chemistry.apache.org/YjI2ZjgzNDktNzc4Yi00ODI5LTgwZjYtYmI5NDQ2Yjk1NjIz-b26f8349-778b-4829-80f6-bb9446b95623] Object was deleted but could not be found in the ZRC.
[http://chemistry.apache.org/NjBiOWY1YWItZjcwNi00Yzg4LWIxZTMtZTZhOTAzYjRiZTQx-60b9f5ab-f706-4c88-b1e3-e6a903b4be41] Object was deleted but could not be found in the ZRC.
[http://chemistry.apache.org/YWQ4NzU0YzItNjQ5ZS00NzNjLTllMTEtNjA0Y2U3NThlZjBm-ad8754c2-649e-473c-9e11-604ce758ef0f] Object was created but could not be found in the DRC.
[http://chemistry.apache.org/MzdjMDBhM2EtZjA3My00YzllLWJmMzctM2FjYTc4MzllNWM1-37c00a3a-f073-4c9e-bf37-3aca7839e5c5] Object was created but could not be found in the DRC.
[http://chemistry.apache.org/MzdjMDBhM2EtZjA3My00YzllLWJmMzctM2FjYTc4MzllNWM1-37c00a3a-f073-4c9e-bf37-3aca7839e5c5] Object was deleted but could not be found in the ZRC.
[http://chemistry.apache.org/YWQ4NzU0YzItNjQ5ZS00NzNjLTllMTEtNjA0Y2U3NThlZjBm-ad8754c2-649e-473c-9e11-604ce758ef0f] Object was deleted but could not be found in the ZRC.
[http://chemistry.apache.org/Y2ZiYjI0YzgtNGZkOS00OGZjLWFjZTAtYjg4MjJlMjRkZmQ2-cfbb24c8-4fd9-48fc-ace0-b8822e24dfd6] Object was created but could not be found in the DRC.
[http://chemistry.apache.org/MjI4MjUyZGEtMzJiZS00ZjlhLThlZTctZTQxMzQ2M2UwNDU5-228252da-32be-4f9a-8ee7-e413463e0459] Object was created but could not be found in the DRC.
[http://chemistry.apache.org/NDQ5NzRhM2EtODQyMy00ODRlLTg3NTItNGZiYjMxOTVhNTRiOzEuMA==-44974a3a-8423-484e-8752-4fbb3195a54b] Object was created but could not be found in the DRC.
[http://chemistry.apache.org/NDQ5NzRhM2EtODQyMy00ODRlLTg3NTItNGZiYjMxOTVhNTRiOzEuMA==-44974a3a-8423-484e-8752-4fbb3195a54b] Object was updated but could not be found in the DRC.
[http://chemistry.apache.org/NDQ5NzRhM2EtODQyMy00ODRlLTg3NTItNGZiYjMxOTVhNTRiOzEuMQ==-44974a3a-8423-484e-8752-4fbb3195a54b] Object was deleted but could not be found in the ZRC.
[http://chemistry.apache.org/MjI4MjUyZGEtMzJiZS00ZjlhLThlZTctZTQxMzQ2M2UwNDU5-228252da-32be-4f9a-8ee7-e413463e0459] Object was deleted but could not be found in the ZRC.
[http://chemistry.apache.org/Y2ZiYjI0YzgtNGZkOS00OGZjLWFjZTAtYjg4MjJlMjRkZmQ2-cfbb24c8-4fd9-48fc-ace0-b8822e24dfd6] Object was deleted but could not be found in the ZRC.
[http://chemistry.apache.org/ZWE1ZTc2YTgtZTczYy00MDJkLWJjMzQtMWYxMzU4MDNkN2M0-ea5e76a8-e73c-402d-bc34-1f135803d7c4] Object was created but could not be found in the DRC.
[http://chemistry.apache.org/MWIzZWQ3YWYtMjM5MS00N2MxLWFmN2YtYzhlODgyMDI1Mzc1-1b3ed7af-2391-47c1-af7f-c8e882025375] Object was created but could not be found in the DRC.
[http://chemistry.apache.org/MWIzZWQ3YWYtMjM5MS00N2MxLWFmN2YtYzhlODgyMDI1Mzc1-1b3ed7af-2391-47c1-af7f-c8e882025375] Object was deleted but could not be found in the ZRC.
[http://chemistry.apache.org/ZWE1ZTc2YTgtZTczYy00MDJkLWJjMzQtMWYxMzU4MDNkN2M0-ea5e76a8-e73c-402d-bc34-1f135803d7c4] Object was deleted but could not be found in the ZRC.
[http://chemistry.apache.org/MTgzMmQ1YzYtZjc5NC00YTI1LTg5NTMtYTA0MTMwMGJmNWIw-1832d5c6-f794-4a25-8953-a041300bf5b0] Object was created but could not be found in the DRC.
[http://chemistry.apache.org/OGFiZTQwNTgtNzI3ZC00YTlmLThjNmEtYTAxNWFiZmJlMDc2-8abe4058-727d-4a9f-8c6a-a015abfbe076] Object was created but could not be found in the DRC.
[http://chemistry.apache.org/OWZmNTEzNmEtMzRiNy00NWJkLTgyNTQtYTBmM2QzZWE2YWU0OzEuMA==-9ff5136a-34b7-45bd-8254-a0f3d3ea6ae4] Object was created but could not be found in the DRC.
[http://chemistry.apache.org/OWZmNTEzNmEtMzRiNy00NWJkLTgyNTQtYTBmM2QzZWE2YWU0OzEuMA==-9ff5136a-34b7-45bd-8254-a0f3d3ea6ae4] Object was updated but could not be found in the DRC.
[http://chemistry.apache.org/OWZmNTEzNmEtMzRiNy00NWJkLTgyNTQtYTBmM2QzZWE2YWU0OzEuMA==-9ff5136a-34b7-45bd-8254-a0f3d3ea6ae4] Object was deleted but could not be found in the ZRC.
[http://chemistry.apache.org/OGFiZTQwNTgtNzI3ZC00YTlmLThjNmEtYTAxNWFiZmJlMDc2-8abe4058-727d-4a9f-8c6a-a015abfbe076] Object was deleted but could not be found in the ZRC.
[http://chemistry.apache.org/MTgzMmQ1YzYtZjc5NC00YTI1LTg5NTMtYTA0MTMwMGJmNWIw-1832d5c6-f794-4a25-8953-a041300bf5b0] Object was deleted but could not be found in the ZRC.
[http://chemistry.apache.org/ZjI2OGQ0ODctODhkMy00ZjI2LWFmZWQtZjEzZTAwN2NkMDY5-f268d487-88d3-4f26-afed-f13e007cd069] Object was created but could not be found in the DRC.
[http://chemistry.apache.org/MTI2NjNhYzItMzkyNy00ZTkwLTllZjctZDNlM2Y0NzJmNTk5-12663ac2-3927-4e90-9ef7-d3e3f472f599] Object was created but could not be found in the DRC.
[http://chemistry.apache.org/ZWUxYjI3MzUtZjBlMy00MzRkLTg1MGYtMjI5OWI5NWZmZTRjOzEuMA==-ee1b2735-f0e3-434d-850f-2299b95ffe4c] Object was created but could not be found in the DRC.
[http://chemistry.apache.org/ZWUxYjI3MzUtZjBlMy00MzRkLTg1MGYtMjI5OWI5NWZmZTRjOzEuMA==-ee1b2735-f0e3-434d-850f-2299b95ffe4c] Object was updated but could not be found in the DRC.
[http://chemistry.apache.org/ZWUxYjI3MzUtZjBlMy00MzRkLTg1MGYtMjI5OWI5NWZmZTRjOzEuMA==-ee1b2735-f0e3-434d-850f-2299b95ffe4c] Object was deleted but could not be found in the ZRC.
[http://chemistry.apache.org/MTI2NjNhYzItMzkyNy00ZTkwLTllZjctZDNlM2Y0NzJmNTk5-12663ac2-3927-4e90-9ef7-d3e3f472f599] Object was deleted but could not be found in the ZRC.
[http://chemistry.apache.org/ZjI2OGQ0ODctODhkMy00ZjI2LWFmZWQtZjEzZTAwN2NkMDY5-f268d487-88d3-4f26-afed-f13e007cd069] Object was deleted but could not be found in the ZRC.
[http://chemistry.apache.org/MTJhMDk4NDMtMmMwMi00YjhlLTlkZGItZjQ5MzJkMzcxMGRj-12a09843-2c02-4b8e-9ddb-f4932d3710dc] Object was created but could not be found in the DRC.
[http://chemistry.apache.org/ZWVjZjc3YjgtY2FlZS00OTk4LWIxNTctNWUwNWM0NWRjZDNj-eecf77b8-caee-4998-b157-5e05c45dcd3c] Object was created but could not be found in the DRC.
[http://chemistry.apache.org/MDQ3YTYwODEtNDg3Ni00ZjNkLThhZDUtODkwNWQyNjNjZDUyOzEuMA==-047a6081-4876-4f3d-8ad5-8905d263cd52] Object was created but could not be found in the DRC.
[http://chemistry.apache.org/MDQ3YTYwODEtNDg3Ni00ZjNkLThhZDUtODkwNWQyNjNjZDUyOzEuMA==-047a6081-4876-4f3d-8ad5-8905d263cd52] Object was updated but could not be found in the DRC.
[http://chemistry.apache.org/MDQ3YTYwODEtNDg3Ni00ZjNkLThhZDUtODkwNWQyNjNjZDUyOzEuMA==-047a6081-4876-4f3d-8ad5-8905d263cd52] Object was deleted but could not be found in the ZRC.
[http://chemistry.apache.org/ZWVjZjc3YjgtY2FlZS00OTk4LWIxNTctNWUwNWM0NWRjZDNj-eecf77b8-caee-4998-b157-5e05c45dcd3c] Object was deleted but could not be found in the ZRC.
[http://chemistry.apache.org/MTJhMDk4NDMtMmMwMi00YjhlLTlkZGItZjQ5MzJkMzcxMGRj-12a09843-2c02-4b8e-9ddb-f4932d3710dc] Object was deleted but could not be found in the ZRC.
[http://chemistry.apache.org/NjhmY2ViOTAtNjliMS00NGE0LWE4MTEtNDkyZDQ4MzdiOGZh-68fceb90-69b1-44a4-a811-492d4837b8fa] Object was created but could not be found in the DRC.
[http://chemistry.apache.org/MzYwNWNlM2YtNmVkZS00NzZmLWFkMzMtMzUzZDYzNWM3Nzlj-3605ce3f-6ede-476f-ad33-353d635c779c] Object was created but could not be found in the DRC.
[http://chemistry.apache.org/ZmVmNzJlYzUtZDQ0YS00NTFhLWJlN2YtYTc0YTNmMDQ3NDgzOzEuMA==-fef72ec5-d44a-451a-be7f-a74a3f047483] Object was created but could not be found in the DRC.
[http://chemistry.apache.org/ZmVmNzJlYzUtZDQ0YS00NTFhLWJlN2YtYTc0YTNmMDQ3NDgzOzEuMA==-fef72ec5-d44a-451a-be7f-a74a3f047483] Object was updated but could not be found in the DRC.
[http://chemistry.apache.org/M2YzZDgzNzUtOWMwMC00YjEwLWI5OTEtZmFiZTdkMmY0M2Jm-3f3d8375-9c00-4b10-b991-fabe7d2f43bf] Object was created but could not be found in the DRC.
[http://chemistry.apache.org/ZmVmNzJlYzUtZDQ0YS00NTFhLWJlN2YtYTc0YTNmMDQ3NDgzOzEuMA==-fef72ec5-d44a-451a-be7f-a74a3f047483] Object was deleted but could not be found in the ZRC.
[http://chemistry.apache.org/M2YzZDgzNzUtOWMwMC00YjEwLWI5OTEtZmFiZTdkMmY0M2Jm-3f3d8375-9c00-4b10-b991-fabe7d2f43bf] Object was deleted but could not be found in the ZRC.
[http://chemistry.apache.org/MzYwNWNlM2YtNmVkZS00NzZmLWFkMzMtMzUzZDYzNWM3Nzlj-3605ce3f-6ede-476f-ad33-353d635c779c] Object was deleted but could not be found in the ZRC.
[http://chemistry.apache.org/NjhmY2ViOTAtNjliMS00NGE0LWE4MTEtNDkyZDQ4MzdiOGZh-68fceb90-69b1-44a4-a811-492d4837b8fa] Object was deleted but could not be found in the ZRC.
[http://chemistry.apache.org/MTA5MmMzZWUtNjZlYi00OTIyLTg3MjgtZjMzODc0MWJkOGRh-1092c3ee-66eb-4922-8728-f338741bd8da] Object was created but could not be found in the DRC.
[http://chemistry.apache.org/ZDQ3ZTFkYjktZjQxMi00MWQ2LTk4Y2QtMWU2YWY5ZGNkNjRl-d47e1db9-f412-41d6-98cd-1e6af9dcd64e] Object was created but could not be found in the DRC.
[http://chemistry.apache.org/MGNlNDY2ZTUtMDZmMC00NzhmLThkMmUtNGMzYmRjNTYxM2VhOzEuMA==-0ce466e5-06f0-478f-8d2e-4c3bdc5613ea] Object was created but could not be found in the DRC.
[http://chemistry.apache.org/MGNlNDY2ZTUtMDZmMC00NzhmLThkMmUtNGMzYmRjNTYxM2VhOzEuMA==-0ce466e5-06f0-478f-8d2e-4c3bdc5613ea] Object was updated but could not be found in the DRC.
[http://chemistry.apache.org/MGNlNDY2ZTUtMDZmMC00NzhmLThkMmUtNGMzYmRjNTYxM2VhOzEuMA==-0ce466e5-06f0-478f-8d2e-4c3bdc5613ea] Object was deleted but could not be found in the ZRC.
[http://chemistry.apache.org/ZDQ3ZTFkYjktZjQxMi00MWQ2LTk4Y2QtMWU2YWY5ZGNkNjRl-d47e1db9-f412-41d6-98cd-1e6af9dcd64e] Object was deleted but could not be found in the ZRC.
[http://chemistry.apache.org/MTA5MmMzZWUtNjZlYi00OTIyLTg3MjgtZjMzODc0MWJkOGRh-1092c3ee-66eb-4922-8728-f338741bd8da] Object was deleted but could not be found in the ZRC.
[http://chemistry.apache.org/NmFkOTUwNzEtNTdkNy00ZjYyLTkzOGEtZDRiMjExMjM0NWIz-6ad95071-57d7-4f62-938a-d4b2112345b3] Object was created but could not be found in the DRC.
[http://chemistry.apache.org/NGJlOWJjZjctMmM2Yi00NGNiLWI0MDMtMDE3YzYyZTllNDcz-4be9bcf7-2c6b-44cb-b403-017c62e9e473] Object was created but could not be found in the DRC.
[http://chemistry.apache.org/YTkwN2FlZDMtOGIwZi00M2I3LWFhYmQtYTAxOGVlZDNjOTE0OzEuMA==-a907aed3-8b0f-43b7-aabd-a018eed3c914] Object was created but could not be found in the DRC.
[http://chemistry.apache.org/YTkwN2FlZDMtOGIwZi00M2I3LWFhYmQtYTAxOGVlZDNjOTE0OzEuMA==-a907aed3-8b0f-43b7-aabd-a018eed3c914] Object was updated but could not be found in the DRC.
[http://chemistry.apache.org/YTkwN2FlZDMtOGIwZi00M2I3LWFhYmQtYTAxOGVlZDNjOTE0OzEuMA==-a907aed3-8b0f-43b7-aabd-a018eed3c914] Object was deleted but could not be found in the ZRC.
[http://chemistry.apache.org/YjcxMGFkYTYtNmUzZS00NmFiLTg5N2MtZjFiM2E2MmNkZTYx-b710ada6-6e3e-46ab-897c-f1b3a62cde61] Object was created but could not be found in the DRC.
[http://chemistry.apache.org/YjcxMGFkYTYtNmUzZS00NmFiLTg5N2MtZjFiM2E2MmNkZTYx-b710ada6-6e3e-46ab-897c-f1b3a62cde61] Object was deleted but could not be found in the ZRC.
[http://chemistry.apache.org/NGJlOWJjZjctMmM2Yi00NGNiLWI0MDMtMDE3YzYyZTllNDcz-4be9bcf7-2c6b-44cb-b403-017c62e9e473] Object was deleted but could not be found in the ZRC.
[http://chemistry.apache.org/NmFkOTUwNzEtNTdkNy00ZjYyLTkzOGEtZDRiMjExMjM0NWIz-6ad95071-57d7-4f62-938a-d4b2112345b3] Object was deleted but could not be found in the ZRC.
[http://chemistry.apache.org/OGVlZjcxMTMtZjE1Yi00NjE1LTg0ZGQtZjI1OTQ1NTJhYWE4OzEuMA==-8eef7113-f15b-4615-84dd-f2594552aaa8] Object was created but could not be found in the DRC.
[http://chemistry.apache.org/OGVlZjcxMTMtZjE1Yi00NjE1LTg0ZGQtZjI1OTQ1NTJhYWE4OzEuMA==-8eef7113-f15b-4615-84dd-f2594552aaa8] Object was updated but could not be found in the DRC.
[http://chemistry.apache.org/M2EzZTAxZmQtNjQzZi00ZDEyLTliZmEtMTVhNzNmNWM4N2U5-3a3e01fd-643f-4d12-9bfa-15a73f5c87e9] Object was created but could not be found in the DRC.
[http://chemistry.apache.org/YmM2YjQ2MDktYmVhMy00ZTc5LWEwMzktOWZiMmIzZWVjN2My-bc6b4609-bea3-4e79-a039-9fb2b3eec7c2] Object was created but could not be found in the DRC.
[http://chemistry.apache.org/YmM2YjQ2MDktYmVhMy00ZTc5LWEwMzktOWZiMmIzZWVjN2My-bc6b4609-bea3-4e79-a039-9fb2b3eec7c2] Object was deleted but could not be found in the ZRC.
[http://chemistry.apache.org/M2EzZTAxZmQtNjQzZi00ZDEyLTliZmEtMTVhNzNmNWM4N2U5-3a3e01fd-643f-4d12-9bfa-15a73f5c87e9] Object was deleted but could not be found in the ZRC.
[http://chemistry.apache.org/YTJmNjBiYTYtZDNiMS00YTIzLTgxOWMtOTgzN2JhYzEzYjg0-a2f60ba6-d3b1-4a23-819c-9837bac13b84] Object was created but could not be found in the DRC.
[http://chemistry.apache.org/YTExZTAyM2QtYzkzMi00ZmViLWE0NzMtNWFiMmFiMGY2Yjgy-a11e023d-c932-4feb-a473-5ab2ab0f6b82] Object was created but could not be found in the DRC.
[http://chemistry.apache.org/YTExZTAyM2QtYzkzMi00ZmViLWE0NzMtNWFiMmFiMGY2Yjgy-a11e023d-c932-4feb-a473-5ab2ab0f6b82] Object was deleted but could not be found in the ZRC.
[http://chemistry.apache.org/YTJmNjBiYTYtZDNiMS00YTIzLTgxOWMtOTgzN2JhYzEzYjg0-a2f60ba6-d3b1-4a23-819c-9837bac13b84] Object was deleted but could not be found in the ZRC.
[http://chemistry.apache.org/N2MwNjU4Y2QtNzYxOS00ZmJjLWIwYTUtMzhlZGMyOWFkMTUw-7c0658cd-7619-4fbc-b0a5-38edc29ad150] Object was created but could not be found in the DRC.
[http://chemistry.apache.org/YmNmMmUwYjMtY2ViOS00NTY1LThhMDItNTZlY2M5ZTIyNTE0-bcf2e0b3-ceb9-4565-8a02-56ecc9e22514] Object was created but could not be found in the DRC.
[http://chemistry.apache.org/YmNmMmUwYjMtY2ViOS00NTY1LThhMDItNTZlY2M5ZTIyNTE0-bcf2e0b3-ceb9-4565-8a02-56ecc9e22514] Object was deleted but could not be found in the ZRC.
[http://chemistry.apache.org/N2MwNjU4Y2QtNzYxOS00ZmJjLWIwYTUtMzhlZGMyOWFkMTUw-7c0658cd-7619-4fbc-b0a5-38edc29ad150] Object was deleted but could not be found in the ZRC.
[http://chemistry.apache.org/YTg3ZTQ1ZGQtYjBiOS00YTY1LTgwMGMtYjBkMTcwZjMxNDMx-a87e45dd-b0b9-4a65-800c-b0d170f31431] Object was created but could not be found in the DRC.
[http://chemistry.apache.org/MzM3OGM1NjgtNzRjYy00OWRjLWEyMDAtMjM4MGJiM2M5ZTg0-3378c568-74cc-49dc-a200-2380bb3c9e84] Object was created but could not be found in the DRC.
[http://chemistry.apache.org/MzM3OGM1NjgtNzRjYy00OWRjLWEyMDAtMjM4MGJiM2M5ZTg0-3378c568-74cc-49dc-a200-2380bb3c9e84] Object was deleted but could not be found in the ZRC.
[http://chemistry.apache.org/YTg3ZTQ1ZGQtYjBiOS00YTY1LTgwMGMtYjBkMTcwZjMxNDMx-a87e45dd-b0b9-4a65-800c-b0d170f31431] Object was deleted but could not be found in the ZRC.
[http://chemistry.apache.org/NjY5OWE5ZDEtNGUwMS00M2RhLWFmMjItZGY2ZThiNGIwNzVl-6699a9d1-4e01-43da-af22-df6e8b4b075e] Object was created but could not be found in the DRC.
[http://chemistry.apache.org/YjAxZGZlZWItNTkzYy00OWUxLWFkZWItYmI1MDg2Yjg1NWQ3-b01dfeeb-593c-49e1-adeb-bb5086b855d7] Object was created but could not be found in the DRC.
[http://chemistry.apache.org/YjAxZGZlZWItNTkzYy00OWUxLWFkZWItYmI1MDg2Yjg1NWQ3-b01dfeeb-593c-49e1-adeb-bb5086b855d7] Object was deleted but could not be found in the ZRC.
[http://chemistry.apache.org/NjY5OWE5ZDEtNGUwMS00M2RhLWFmMjItZGY2ZThiNGIwNzVl-6699a9d1-4e01-43da-af22-df6e8b4b075e] Object was deleted but could not be found in the ZRC.
[http://chemistry.apache.org/ZGU0ODY5NjAtNDY5NS00ZDZiLTkwNTUtYzEzMzRjNGNhN2E0-de486960-4695-4d6b-9055-c1334c4ca7a4] Object was created but could not be found in the DRC.
[http://chemistry.apache.org/ZWE1ZDM5MjktYjU3YS00MDQ1LTg5NjktZWQyYjllMzdjNjkw-ea5d3929-b57a-4045-8969-ed2b9e37c690] Object was created but could not be found in the DRC.
[http://chemistry.apache.org/ZGYzMzk2MDUtNjE4Mi00ZDI4LTkzYzgtODlkZTQ1OTNhYzFiOzEuMA==-df339605-6182-4d28-93c8-89de4593ac1b] Object was created but could not be found in the DRC.
[http://chemistry.apache.org/ZGYzMzk2MDUtNjE4Mi00ZDI4LTkzYzgtODlkZTQ1OTNhYzFiOzEuMA==-df339605-6182-4d28-93c8-89de4593ac1b] Object was updated but could not be found in the DRC.
[http://chemistry.apache.org/ODA5ZWNjNjItMGMzMy00ZTlmLWE1NmUtZGZiNTlhMTFjN2U4OzEuMA==-809ecc62-0c33-4e9f-a56e-dfb59a11c7e8] Object was created but could not be found in the DRC.
[http://chemistry.apache.org/ODA5ZWNjNjItMGMzMy00ZTlmLWE1NmUtZGZiNTlhMTFjN2U4OzEuMA==-809ecc62-0c33-4e9f-a56e-dfb59a11c7e8] Object was updated but could not be found in the DRC.
[http://chemistry.apache.org/ODA5ZWNjNjItMGMzMy00ZTlmLWE1NmUtZGZiNTlhMTFjN2U4OzEuMA==-809ecc62-0c33-4e9f-a56e-dfb59a11c7e8] Object was deleted but could not be found in the ZRC.
[http://chemistry.apache.org/ZjVjYzhkODMtNmE4NS00MGI1LTg2MWMtNzdhNzhkYTI4NGQwOzEuMA==-f5cc8d83-6a85-40b5-861c-77a78da284d0] Object was created but could not be found in the DRC.
[http://chemistry.apache.org/ZjVjYzhkODMtNmE4NS00MGI1LTg2MWMtNzdhNzhkYTI4NGQwOzEuMA==-f5cc8d83-6a85-40b5-861c-77a78da284d0] Object was updated but could not be found in the DRC.
[http://chemistry.apache.org/ZGYzMzk2MDUtNjE4Mi00ZDI4LTkzYzgtODlkZTQ1OTNhYzFiOzEuMA==-df339605-6182-4d28-93c8-89de4593ac1b] Object was deleted but could not be found in the ZRC.
[http://chemistry.apache.org/ZjVjYzhkODMtNmE4NS00MGI1LTg2MWMtNzdhNzhkYTI4NGQwOzEuMA==-f5cc8d83-6a85-40b5-861c-77a78da284d0] Object was deleted but could not be found in the ZRC.
[http://chemistry.apache.org/ZWE1ZDM5MjktYjU3YS00MDQ1LTg5NjktZWQyYjllMzdjNjkw-ea5d3929-b57a-4045-8969-ed2b9e37c690] Object was deleted but could not be found in the ZRC.
[http://chemistry.apache.org/ZGU0ODY5NjAtNDY5NS00ZDZiLTkwNTUtYzEzMzRjNGNhN2E0-de486960-4695-4d6b-9055-c1334c4ca7a4] Object was deleted but could not be found in the ZRC.
[http://chemistry.apache.org/M2M2MDYwMDUtMzY1YS00YzY3LWFlM2YtNjM1YTU4NjkxYWU2-3c606005-365a-4c67-ae3f-635a58691ae6] Object was created but could not be found in the DRC.
[http://chemistry.apache.org/YzFiYTgyZjUtMjFiNy00ZWZhLTgwZWUtNTAzMTE4NzFiYTVi-c1ba82f5-21b7-4efa-80ee-50311871ba5b] Object was created but could not be found in the DRC.
[http://chemistry.apache.org/MjE0Y2M4MDQtYjc2Mi00M2I4LWE0MGYtNTFiMTEyZDJiNDllOzEuMA==-214cc804-b762-43b8-a40f-51b112d2b49e] Object was created but could not be found in the DRC.
[http://chemistry.apache.org/MjE0Y2M4MDQtYjc2Mi00M2I4LWE0MGYtNTFiMTEyZDJiNDllOzEuMA==-214cc804-b762-43b8-a40f-51b112d2b49e] Object was updated but could not be found in the DRC.
[http://chemistry.apache.org/ZTMxMGE3NzUtZTYxYy00ZTgwLWE3NTQtODFiOTRiYWY2YTgyOzEuMA==-e310a775-e61c-4e80-a754-81b94baf6a82] Object was created but could not be found in the DRC.
[http://chemistry.apache.org/ZTMxMGE3NzUtZTYxYy00ZTgwLWE3NTQtODFiOTRiYWY2YTgyOzEuMA==-e310a775-e61c-4e80-a754-81b94baf6a82] Object was updated but could not be found in the DRC.
[http://chemistry.apache.org/MjE0Y2M4MDQtYjc2Mi00M2I4LWE0MGYtNTFiMTEyZDJiNDllOzEuMA==-214cc804-b762-43b8-a40f-51b112d2b49e] Object was deleted but could not be found in the ZRC.
[http://chemistry.apache.org/ZTMxMGE3NzUtZTYxYy00ZTgwLWE3NTQtODFiOTRiYWY2YTgyOzEuMA==-e310a775-e61c-4e80-a754-81b94baf6a82] Object was deleted but could not be found in the ZRC.
[http://chemistry.apache.org/YzFiYTgyZjUtMjFiNy00ZWZhLTgwZWUtNTAzMTE4NzFiYTVi-c1ba82f5-21b7-4efa-80ee-50311871ba5b] Object was deleted but could not be found in the ZRC.
[http://chemistry.apache.org/M2M2MDYwMDUtMzY1YS00YzY3LWFlM2YtNjM1YTU4NjkxYWU2-3c606005-365a-4c67-ae3f-635a58691ae6] Object was deleted but could not be found in the ZRC.
[http://chemistry.apache.org/NWRmZjhiOWEtZDA2Mi00ZGI3LWE3ZmQtNmI3YTk1ZjkzOGM3-5dff8b9a-d062-4db7-a7fd-6b7a95f938c7] Object was created but could not be found in the DRC.
[http://chemistry.apache.org/MWI0ZTgwODAtYjg4MC00Zjc4LTgyMzMtZjczNzYzOGNmMGZi-1b4e8080-b880-4f78-8233-f737638cf0fb] Object was created but could not be found in the DRC.
[http://chemistry.apache.org/NTM5NDc0ZjMtZGIzMi00MTVhLTg2ZmYtZWQ3NGRhMTkwYjc4OzEuMA==-539474f3-db32-415a-86ff-ed74da190b78] Object was created but could not be found in the DRC.
[http://chemistry.apache.org/NTM5NDc0ZjMtZGIzMi00MTVhLTg2ZmYtZWQ3NGRhMTkwYjc4OzEuMA==-539474f3-db32-415a-86ff-ed74da190b78] Object was updated but could not be found in the DRC.
[http://chemistry.apache.org/ZTY1NTk2OWUtMDdhZC00ZTZmLTgyMWEtNzQ2MzNhMDJlZjc2OzEuMA==-e655969e-07ad-4e6f-821a-74633a02ef76] Object was created but could not be found in the DRC.
[http://chemistry.apache.org/ZTY1NTk2OWUtMDdhZC00ZTZmLTgyMWEtNzQ2MzNhMDJlZjc2OzEuMA==-e655969e-07ad-4e6f-821a-74633a02ef76] Object was updated but could not be found in the DRC.
[http://chemistry.apache.org/NTM5NDc0ZjMtZGIzMi00MTVhLTg2ZmYtZWQ3NGRhMTkwYjc4OzEuMA==-539474f3-db32-415a-86ff-ed74da190b78] Object was deleted but could not be found in the ZRC.
[http://chemistry.apache.org/ZTY1NTk2OWUtMDdhZC00ZTZmLTgyMWEtNzQ2MzNhMDJlZjc2OzEuMA==-e655969e-07ad-4e6f-821a-74633a02ef76] Object was deleted but could not be found in the ZRC.
[http://chemistry.apache.org/MWI0ZTgwODAtYjg4MC00Zjc4LTgyMzMtZjczNzYzOGNmMGZi-1b4e8080-b880-4f78-8233-f737638cf0fb] Object was deleted but could not be found in the ZRC.
[http://chemistry.apache.org/NWRmZjhiOWEtZDA2Mi00ZGI3LWE3ZmQtNmI3YTk1ZjkzOGM3-5dff8b9a-d062-4db7-a7fd-6b7a95f938c7] Object was deleted but could not be found in the ZRC.
[http://chemistry.apache.org/NjQyMGE0NTYtZDk4ZC00Y2QwLTlkYzQtMTg5ODEyZWYzMmEx-6420a456-d98d-4cd0-9dc4-189812ef32a1] Object was created but could not be found in the DRC.
[http://chemistry.apache.org/ZDg5ODgyYmUtZjU3MC00YWIzLWFjNjEtZDVhNTI1ODZkODA2-d89882be-f570-4ab3-ac61-d5a52586d806] Object was created but could not be found in the DRC.
[http://chemistry.apache.org/MjkzNDVhMTAtMWI5OC00OWQ1LTk4NWMtMzg5NDFjMjMzMjNhOzEuMA==-29345a10-1b98-49d5-985c-38941c23323a] Object was created but could not be found in the DRC.
[http://chemistry.apache.org/MjkzNDVhMTAtMWI5OC00OWQ1LTk4NWMtMzg5NDFjMjMzMjNhOzEuMA==-29345a10-1b98-49d5-985c-38941c23323a] Object was updated but could not be found in the DRC.
[http://chemistry.apache.org/NDEyMjJmMmUtNzZkZi00MzU2LTg3N2EtN2UwZjNjNTRlY2UxOzEuMA==-41222f2e-76df-4356-877a-7e0f3c54ece1] Object was created but could not be found in the DRC.
[http://chemistry.apache.org/NDEyMjJmMmUtNzZkZi00MzU2LTg3N2EtN2UwZjNjNTRlY2UxOzEuMA==-41222f2e-76df-4356-877a-7e0f3c54ece1] Object was updated but could not be found in the DRC.
[http://chemistry.apache.org/MjkzNDVhMTAtMWI5OC00OWQ1LTk4NWMtMzg5NDFjMjMzMjNhOzEuMA==-29345a10-1b98-49d5-985c-38941c23323a] Object was deleted but could not be found in the ZRC.
[http://chemistry.apache.org/NDEyMjJmMmUtNzZkZi00MzU2LTg3N2EtN2UwZjNjNTRlY2UxOzEuMA==-41222f2e-76df-4356-877a-7e0f3c54ece1] Object was deleted but could not be found in the ZRC.
[http://chemistry.apache.org/ZDg5ODgyYmUtZjU3MC00YWIzLWFjNjEtZDVhNTI1ODZkODA2-d89882be-f570-4ab3-ac61-d5a52586d806] Object was deleted but could not be found in the ZRC.
[http://chemistry.apache.org/NjQyMGE0NTYtZDk4ZC00Y2QwLTlkYzQtMTg5ODEyZWYzMmEx-6420a456-d98d-4cd0-9dc4-189812ef32a1] Object was deleted but could not be found in the ZRC.
[http://chemistry.apache.org/NjdjNzQ1NzktYjNhMi00MzIxLWFmZjMtMzgyZTMwYjY4ZGI2-67c74579-b3a2-4321-aff3-382e30b68db6] Object was created but could not be found in the DRC.
[http://chemistry.apache.org/NGZjOTI1MGEtMjFhMy00N2Y2LTkwYTItMTBhNjAyMjBlNGY5-4fc9250a-21a3-47f6-90a2-10a60220e4f9] Object was created but could not be found in the DRC.
[http://chemistry.apache.org/NGZjOTI1MGEtMjFhMy00N2Y2LTkwYTItMTBhNjAyMjBlNGY5-4fc9250a-21a3-47f6-90a2-10a60220e4f9] Object was deleted but could not be found in the ZRC.
[http://chemistry.apache.org/NjdjNzQ1NzktYjNhMi00MzIxLWFmZjMtMzgyZTMwYjY4ZGI2-67c74579-b3a2-4321-aff3-382e30b68db6] Object was deleted but could not be found in the ZRC.
[http://chemistry.apache.org/N2I4NWVkNzEtZGZiOC00NDFlLTljYWYtMzM0Y2RmNmMwODVm-7b85ed71-dfb8-441e-9caf-334cdf6c085f] Object was created but could not be found in the DRC.
[http://chemistry.apache.org/YzUxZmY0Y2UtOGJlZi00MTIwLWI2YWQtMGUwYTA0ODYxNzM2-c51ff4ce-8bef-4120-b6ad-0e0a04861736] Object was created but could not be found in the DRC.
[http://chemistry.apache.org/YzUxZmY0Y2UtOGJlZi00MTIwLWI2YWQtMGUwYTA0ODYxNzM2-c51ff4ce-8bef-4120-b6ad-0e0a04861736] Object was deleted but could not be found in the ZRC.
[http://chemistry.apache.org/N2I4NWVkNzEtZGZiOC00NDFlLTljYWYtMzM0Y2RmNmMwODVm-7b85ed71-dfb8-441e-9caf-334cdf6c085f] Object was deleted but could not be found in the ZRC.
[http://chemistry.apache.org/ZWJhYWQ0MjItMjhkZC00NWI2LTgxZDctNWQ0YjYzMDk2YjAw-ebaad422-28dd-45b6-81d7-5d4b63096b00] Object was created but could not be found in the DRC.
[http://chemistry.apache.org/MjY5MjFlNzEtODk0MS00Mjk4LTg1ZTYtZDc3MjRkODkxMjcz-26921e71-8941-4298-85e6-d7724d891273] Object was created but could not be found in the DRC.
[http://chemistry.apache.org/MjY5MjFlNzEtODk0MS00Mjk4LTg1ZTYtZDc3MjRkODkxMjcz-26921e71-8941-4298-85e6-d7724d891273] Object was deleted but could not be found in the ZRC.
[http://chemistry.apache.org/ZWJhYWQ0MjItMjhkZC00NWI2LTgxZDctNWQ0YjYzMDk2YjAw-ebaad422-28dd-45b6-81d7-5d4b63096b00] Object was deleted but could not be found in the ZRC.
[http://chemistry.apache.org/MGQzYTg5OGYtYzFjMC00ZTllLThkZDYtM2Y0YWQ5NThlODNh-0d3a898f-c1c0-4e9e-8dd6-3f4ad958e83a] Object was created but could not be found in the DRC.
[http://chemistry.apache.org/YjgzNmYwOGYtYjc2MS00MmJiLTlkYjItNmYwODcwOWE4MmRl-b836f08f-b761-42bb-9db2-6f08709a82de] Object was created but could not be found in the DRC.
[http://chemistry.apache.org/N2RiM2NlNzctMTQ5YS00MmMzLWIwMTktYThkOGRhMmEyYTkw-7db3ce77-149a-42c3-b019-a8d8da2a2a90] Object was created but could not be found in the DRC.
[http://chemistry.apache.org/YjgzNmYwOGYtYjc2MS00MmJiLTlkYjItNmYwODcwOWE4MmRl-b836f08f-b761-42bb-9db2-6f08709a82de] Object was deleted but could not be found in the ZRC.
[http://chemistry.apache.org/N2RiM2NlNzctMTQ5YS00MmMzLWIwMTktYThkOGRhMmEyYTkw-7db3ce77-149a-42c3-b019-a8d8da2a2a90] Object was deleted but could not be found in the ZRC.
[http://chemistry.apache.org/MGQzYTg5OGYtYzFjMC00ZTllLThkZDYtM2Y0YWQ5NThlODNh-0d3a898f-c1c0-4e9e-8dd6-3f4ad958e83a] Object was deleted but could not be found in the ZRC.
[http://chemistry.apache.org/MWVmN2ZjNTktMzM5ZC00ZGIyLTkxZTktMTk2YzEwNWNhNzZm-1ef7fc59-339d-4db2-91e9-196c105ca76f] Object was created but could not be found in the DRC.
[http://chemistry.apache.org/YTZmYjRjMjctYTY4Zi00NDU2LTk4YWItODMwOTljYTA2N2I0-a6fb4c27-a68f-4456-98ab-83099ca067b4] Object was created but could not be found in the DRC.
[http://chemistry.apache.org/YTZmYjRjMjctYTY4Zi00NDU2LTk4YWItODMwOTljYTA2N2I0-a6fb4c27-a68f-4456-98ab-83099ca067b4] Object was deleted but could not be found in the ZRC.
[http://chemistry.apache.org/MWVmN2ZjNTktMzM5ZC00ZGIyLTkxZTktMTk2YzEwNWNhNzZm-1ef7fc59-339d-4db2-91e9-196c105ca76f] Object was deleted but could not be found in the ZRC.
[http://chemistry.apache.org/MGUwNzgyZTEtMTVmNy00MjdjLWE2ZDAtYTVmZDJmNjE3MGE5-0e0782e1-15f7-427c-a6d0-a5fd2f6170a9] Object was created but could not be found in the DRC.
[http://chemistry.apache.org/ZjNkMzM1ZWMtZjZlOS00ZTQyLWI0OTAtNjE5YmQwMzQyOTNj-f3d335ec-f6e9-4e42-b490-619bd034293c] Object was created but could not be found in the DRC.
[http://chemistry.apache.org/ZjNkMzM1ZWMtZjZlOS00ZTQyLWI0OTAtNjE5YmQwMzQyOTNj-f3d335ec-f6e9-4e42-b490-619bd034293c] Object was deleted but could not be found in the ZRC.
[http://chemistry.apache.org/MGUwNzgyZTEtMTVmNy00MjdjLWE2ZDAtYTVmZDJmNjE3MGE5-0e0782e1-15f7-427c-a6d0-a5fd2f6170a9] Object was deleted but could not be found in the ZRC.
[http://chemistry.apache.org/NWI1MGQxNjItZjgzYi00ZTRjLTlkOTQtY2IxZDM3YzAzNGNl-5b50d162-f83b-4e4c-9d94-cb1d37c034ce] Object was created but could not be found in the DRC.
[http://chemistry.apache.org/ZGYwNjIzNDYtMjliYi00ZmUyLWI2NjgtMzhhMDYzMWE1MTVm-df062346-29bb-4fe2-b668-38a0631a515f] Object was created but could not be found in the DRC.
[http://chemistry.apache.org/ZGYwNjIzNDYtMjliYi00ZmUyLWI2NjgtMzhhMDYzMWE1MTVm-df062346-29bb-4fe2-b668-38a0631a515f] Object was deleted but could not be found in the ZRC.
[http://chemistry.apache.org/NWI1MGQxNjItZjgzYi00ZTRjLTlkOTQtY2IxZDM3YzAzNGNl-5b50d162-f83b-4e4c-9d94-cb1d37c034ce] Object was deleted but could not be found in the ZRC.
[http://chemistry.apache.org/MTlmZmQ1YzQtMjM5NC00ZTVjLTgyNDUtZWE5MzNjYjFlZDNj-19ffd5c4-2394-4e5c-8245-ea933cb1ed3c] Object was created but could not be found in the DRC.
[http://chemistry.apache.org/Nzg1NDQ1MjgtN2UxMC00ODBhLThlNzQtZTQ2MjBkYTczZTNk-78544528-7e10-480a-8e74-e4620da73e3d] Object was created but could not be found in the DRC.
[http://chemistry.apache.org/Nzg1NDQ1MjgtN2UxMC00ODBhLThlNzQtZTQ2MjBkYTczZTNk-78544528-7e10-480a-8e74-e4620da73e3d] Object was deleted but could not be found in the ZRC.
[http://chemistry.apache.org/MTlmZmQ1YzQtMjM5NC00ZTVjLTgyNDUtZWE5MzNjYjFlZDNj-19ffd5c4-2394-4e5c-8245-ea933cb1ed3c] Object was deleted but could not be found in the ZRC.
[http://chemistry.apache.org/MTg1YmI1NzItMzNhYi00MDhiLTkxNDktZTJhZWU0ODI5ZTAz-185bb572-33ab-408b-9149-e2aee4829e03] Object was created but could not be found in the DRC.
[http://chemistry.apache.org/YWQ5Zjc0MjYtNThkYS00NDI4LTgwNGItZjhlYjNlNmVmNGRm-ad9f7426-58da-4428-804b-f8eb3e6ef4df] Object was created but could not be found in the DRC.
[http://chemistry.apache.org/YWQ5Zjc0MjYtNThkYS00NDI4LTgwNGItZjhlYjNlNmVmNGRm-ad9f7426-58da-4428-804b-f8eb3e6ef4df] Object was deleted but could not be found in the ZRC.
[http://chemistry.apache.org/MTg1YmI1NzItMzNhYi00MDhiLTkxNDktZTJhZWU0ODI5ZTAz-185bb572-33ab-408b-9149-e2aee4829e03] Object was deleted but could not be found in the ZRC.
[http://chemistry.apache.org/MDhjMjk4NjQtMmYyMy00MGI0LTllNDAtNGQ0NmU0YWE5YzYy-08c29864-2f23-40b4-9e40-4d46e4aa9c62] Object was created but could not be found in the DRC.
[http://chemistry.apache.org/NTgzNDhkNDQtYzEyYi00NzAzLThjYTktMTk1ODUwOGNiOGQ0-58348d44-c12b-4703-8ca9-1958508cb8d4] Object was created but could not be found in the DRC.
[http://chemistry.apache.org/ZWFkOTc2NmItZTFkNi00NDU5LTllOTQtYmE3N2MxNzFlZTYwOzEuMA==-ead9766b-e1d6-4459-9e94-ba77c171ee60] Object was created but could not be found in the DRC.
[http://chemistry.apache.org/ZWFkOTc2NmItZTFkNi00NDU5LTllOTQtYmE3N2MxNzFlZTYwOzEuMA==-ead9766b-e1d6-4459-9e94-ba77c171ee60] Object was updated but could not be found in the DRC.
[http://chemistry.apache.org/ZWFkOTc2NmItZTFkNi00NDU5LTllOTQtYmE3N2MxNzFlZTYwOzEuMQ==-ead9766b-e1d6-4459-9e94-ba77c171ee60] Object was deleted but could not be found in the ZRC.
[http://chemistry.apache.org/NTgzNDhkNDQtYzEyYi00NzAzLThjYTktMTk1ODUwOGNiOGQ0-58348d44-c12b-4703-8ca9-1958508cb8d4] Object was deleted but could not be found in the ZRC.
[http://chemistry.apache.org/MDhjMjk4NjQtMmYyMy00MGI0LTllNDAtNGQ0NmU0YWE5YzYy-08c29864-2f23-40b4-9e40-4d46e4aa9c62] Object was deleted but could not be found in the ZRC.
[http://chemistry.apache.org/ODc0ZjYyM2MtNzAwMS00MDBlLTliYjEtNDczM2RkZWUxZGY4-874f623c-7001-400e-9bb1-4733ddee1df8] Object was created but could not be found in the DRC.
[http://chemistry.apache.org/MzU4Njk5NjEtM2NhNy00NzU4LWE0YWEtZGM3Y2RkZWQ0ZTAy-35869961-3ca7-4758-a4aa-dc7cdded4e02] Object was created but could not be found in the DRC.
[http://chemistry.apache.org/MzU4Njk5NjEtM2NhNy00NzU4LWE0YWEtZGM3Y2RkZWQ0ZTAy-35869961-3ca7-4758-a4aa-dc7cdded4e02] Object was deleted but could not be found in the ZRC.
[http://chemistry.apache.org/ODc0ZjYyM2MtNzAwMS00MDBlLTliYjEtNDczM2RkZWUxZGY4-874f623c-7001-400e-9bb1-4733ddee1df8] Object was deleted but could not be found in the ZRC.
[http://chemistry.apache.org/NGQwMzAzM2YtYmU3Mi00ZDQ0LWExZDgtZDFjOTM3MjllZjgw-4d03033f-be72-4d44-a1d8-d1c93729ef80] Object was created but could not be found in the DRC.
[http://chemistry.apache.org/NmE4OWJjMzctOWIwZi00MDAxLWJkNjItYTA3Y2QxMDAwOGIx-6a89bc37-9b0f-4001-bd62-a07cd10008b1] Object was created but could not be found in the DRC.
[http://chemistry.apache.org/MDk5NzY3ZDMtMTBmZC00ZDcyLTkyMDMtZGEyOTcxNjlhMmZlOzEuMA==-099767d3-10fd-4d72-9203-da297169a2fe] Object was created but could not be found in the DRC.
[http://chemistry.apache.org/MDk5NzY3ZDMtMTBmZC00ZDcyLTkyMDMtZGEyOTcxNjlhMmZlOzEuMA==-099767d3-10fd-4d72-9203-da297169a2fe] Object was updated but could not be found in the DRC.
[http://chemistry.apache.org/MDk5NzY3ZDMtMTBmZC00ZDcyLTkyMDMtZGEyOTcxNjlhMmZlOzEuMA==-099767d3-10fd-4d72-9203-da297169a2fe] Object was deleted but could not be found in the ZRC.
[http://chemistry.apache.org/NmE4OWJjMzctOWIwZi00MDAxLWJkNjItYTA3Y2QxMDAwOGIx-6a89bc37-9b0f-4001-bd62-a07cd10008b1] Object was deleted but could not be found in the ZRC.
[http://chemistry.apache.org/NGQwMzAzM2YtYmU3Mi00ZDQ0LWExZDgtZDFjOTM3MjllZjgw-4d03033f-be72-4d44-a1d8-d1c93729ef80] Object was deleted but could not be found in the ZRC.
[http://chemistry.apache.org/OTdkMjQ5ZWItM2Y5YS00YmYyLWEzZDMtOThlODE1YmQ3NjVl-97d249eb-3f9a-4bf2-a3d3-98e815bd765e] Object was created but could not be found in the DRC.
[http://chemistry.apache.org/ZDYzZjg4YjYtMzBmYy00NzI1LWE2NjMtZWYwNTA3MzQ3NTJl-d63f88b6-30fc-4725-a663-ef050734752e] Object was created but could not be found in the DRC.
[http://chemistry.apache.org/NmQ1ZjM1ZmUtODgyNS00ZjgyLTg2ZTItOTJmNjZkNWUyYWJjOzEuMA==-6d5f35fe-8825-4f82-86e2-92f66d5e2abc] Object was created but could not be found in the DRC.
[http://chemistry.apache.org/NmQ1ZjM1ZmUtODgyNS00ZjgyLTg2ZTItOTJmNjZkNWUyYWJjOzEuMA==-6d5f35fe-8825-4f82-86e2-92f66d5e2abc] Object was updated but could not be found in the DRC.
[http://chemistry.apache.org/NmQ1ZjM1ZmUtODgyNS00ZjgyLTg2ZTItOTJmNjZkNWUyYWJjOzEuMA==-6d5f35fe-8825-4f82-86e2-92f66d5e2abc] Object was deleted but could not be found in the ZRC.
[http://chemistry.apache.org/ZDYzZjg4YjYtMzBmYy00NzI1LWE2NjMtZWYwNTA3MzQ3NTJl-d63f88b6-30fc-4725-a663-ef050734752e] Object was deleted but could not be found in the ZRC.
[http://chemistry.apache.org/OTdkMjQ5ZWItM2Y5YS00YmYyLWEzZDMtOThlODE1YmQ3NjVl-97d249eb-3f9a-4bf2-a3d3-98e815bd765e] Object was deleted but could not be found in the ZRC.
[http://chemistry.apache.org/YzMxYjlhMTYtMTcxNS00YmY2LWExYWEtYTUzMTgxNWYzYzhl-c31b9a16-1715-4bf6-a1aa-a531815f3c8e] Object was created but could not be found in the DRC.
[http://chemistry.apache.org/ZmExMmEzNTktMDk0OS00ZGU5LWFkMWQtOGI4YzVlZmQ3ZTI4-fa12a359-0949-4de9-ad1d-8b8c5efd7e28] Object was created but could not be found in the DRC.
[http://chemistry.apache.org/YzY2MmI1MjQtMmZhMy00NjdkLWJlY2MtN2YxYWU2NWQ4YTZjOzEuMA==-c662b524-2fa3-467d-becc-7f1ae65d8a6c] Object was created but could not be found in the DRC.
[http://chemistry.apache.org/YzY2MmI1MjQtMmZhMy00NjdkLWJlY2MtN2YxYWU2NWQ4YTZjOzEuMA==-c662b524-2fa3-467d-becc-7f1ae65d8a6c] Object was updated but could not be found in the DRC.
[http://chemistry.apache.org/YzY2MmI1MjQtMmZhMy00NjdkLWJlY2MtN2YxYWU2NWQ4YTZjOzEuMA==-c662b524-2fa3-467d-becc-7f1ae65d8a6c] Object was deleted but could not be found in the ZRC.
[http://chemistry.apache.org/ZmExMmEzNTktMDk0OS00ZGU5LWFkMWQtOGI4YzVlZmQ3ZTI4-fa12a359-0949-4de9-ad1d-8b8c5efd7e28] Object was deleted but could not be found in the ZRC.
[http://chemistry.apache.org/YzMxYjlhMTYtMTcxNS00YmY2LWExYWEtYTUzMTgxNWYzYzhl-c31b9a16-1715-4bf6-a1aa-a531815f3c8e] Object was deleted but could not be found in the ZRC.
[http://chemistry.apache.org/NmJlOTQ0OWYtY2EzMS00MDI1LWE5NzgtMmE1MmMyY2MwNmVh-6be9449f-ca31-4025-a978-2a52c2cc06ea] Object was created but could not be found in the DRC.
[http://chemistry.apache.org/NTViOTU0ODctZjZlMy00YjYxLWI5YTMtNTkyNzJhMzQ4NGNh-55b95487-f6e3-4b61-b9a3-59272a3484ca] Object was created but could not be found in the DRC.
[http://chemistry.apache.org/N2YwNWE4OTAtMzU5Mi00YWJhLWI4MjQtZjExNWQ5ZmI0ODk1OzEuMA==-7f05a890-3592-4aba-b824-f115d9fb4895] Object was created but could not be found in the DRC.
[http://chemistry.apache.org/N2YwNWE4OTAtMzU5Mi00YWJhLWI4MjQtZjExNWQ5ZmI0ODk1OzEuMA==-7f05a890-3592-4aba-b824-f115d9fb4895] Object was updated but could not be found in the DRC.
[http://chemistry.apache.org/ZDEzNjBhMzItMWRjYi00MWFiLTkwOTktOGVjNzI3MmYzZWQ0-d1360a32-1dcb-41ab-9099-8ec7272f3ed4] Object was created but could not be found in the DRC.
[http://chemistry.apache.org/N2YwNWE4OTAtMzU5Mi00YWJhLWI4MjQtZjExNWQ5ZmI0ODk1OzEuMA==-7f05a890-3592-4aba-b824-f115d9fb4895] Object was deleted but could not be found in the ZRC.
[http://chemistry.apache.org/ZDEzNjBhMzItMWRjYi00MWFiLTkwOTktOGVjNzI3MmYzZWQ0-d1360a32-1dcb-41ab-9099-8ec7272f3ed4] Object was deleted but could not be found in the ZRC.
[http://chemistry.apache.org/NTViOTU0ODctZjZlMy00YjYxLWI5YTMtNTkyNzJhMzQ4NGNh-55b95487-f6e3-4b61-b9a3-59272a3484ca] Object was deleted but could not be found in the ZRC.
[http://chemistry.apache.org/NmJlOTQ0OWYtY2EzMS00MDI1LWE5NzgtMmE1MmMyY2MwNmVh-6be9449f-ca31-4025-a978-2a52c2cc06ea] Object was deleted but could not be found in the ZRC.
[http://chemistry.apache.org/ODhmNmQzN2UtNjNkMC00YTQzLWFlYTMtNmEzNzlmM2NiZGJl-88f6d37e-63d0-4a43-aea3-6a379f3cbdbe] Object was created but could not be found in the DRC.
[http://chemistry.apache.org/YjViMGQyYTUtNWI0Yi00YTJkLWJhMTctYTA2NzVhYmEyMDRj-b5b0d2a5-5b4b-4a2d-ba17-a0675aba204c] Object was created but could not be found in the DRC.
[http://chemistry.apache.org/MjNkZDAxMzYtNThiZi00OGM0LWEwYjMtZWY3MDFiZTliODNiOzEuMA==-23dd0136-58bf-48c4-a0b3-ef701be9b83b] Object was created but could not be found in the DRC.
[http://chemistry.apache.org/MjNkZDAxMzYtNThiZi00OGM0LWEwYjMtZWY3MDFiZTliODNiOzEuMA==-23dd0136-58bf-48c4-a0b3-ef701be9b83b] Object was updated but could not be found in the DRC.
[http://chemistry.apache.org/MjNkZDAxMzYtNThiZi00OGM0LWEwYjMtZWY3MDFiZTliODNiOzEuMA==-23dd0136-58bf-48c4-a0b3-ef701be9b83b] Object was deleted but could not be found in the ZRC.
[http://chemistry.apache.org/YjViMGQyYTUtNWI0Yi00YTJkLWJhMTctYTA2NzVhYmEyMDRj-b5b0d2a5-5b4b-4a2d-ba17-a0675aba204c] Object was deleted but could not be found in the ZRC.
[http://chemistry.apache.org/ODhmNmQzN2UtNjNkMC00YTQzLWFlYTMtNmEzNzlmM2NiZGJl-88f6d37e-63d0-4a43-aea3-6a379f3cbdbe] Object was deleted but could not be found in the ZRC.
[http://chemistry.apache.org/YTRiMzVmMGUtMGQ1MS00MTE5LTg3MjYtZjVjMTg2NDQxOWVi-a4b35f0e-0d51-4119-8726-f5c1864419eb] Object was created but could not be found in the DRC.
[http://chemistry.apache.org/NmFkNWYyNTQtZDg2Mi00NTMwLWFkZjMtY2EwMGI2NzE1Yzkz-6ad5f254-d862-4530-adf3-ca00b6715c93] Object was created but could not be found in the DRC.
[http://chemistry.apache.org/NDBmMjdiN2UtNzdmMS00N2IwLTk5M2ItNTdlNjc2YTIyZjhhOzEuMA==-40f27b7e-77f1-47b0-993b-57e676a22f8a] Object was created but could not be found in the DRC.
[http://chemistry.apache.org/NDBmMjdiN2UtNzdmMS00N2IwLTk5M2ItNTdlNjc2YTIyZjhhOzEuMA==-40f27b7e-77f1-47b0-993b-57e676a22f8a] Object was updated but could not be found in the DRC.
[http://chemistry.apache.org/NDBmMjdiN2UtNzdmMS00N2IwLTk5M2ItNTdlNjc2YTIyZjhhOzEuMA==-40f27b7e-77f1-47b0-993b-57e676a22f8a] Object was deleted but could not be found in the ZRC.
[http://chemistry.apache.org/ZjdlZGM1NWMtNzk4Mi00M2Q5LTk0ZjUtNGUzMzAyOTIyMDNh-f7edc55c-7982-43d9-94f5-4e330292203a] Object was created but could not be found in the DRC.
[http://chemistry.apache.org/ZjdlZGM1NWMtNzk4Mi00M2Q5LTk0ZjUtNGUzMzAyOTIyMDNh-f7edc55c-7982-43d9-94f5-4e330292203a] Object was deleted but could not be found in the ZRC.
[http://chemistry.apache.org/NmFkNWYyNTQtZDg2Mi00NTMwLWFkZjMtY2EwMGI2NzE1Yzkz-6ad5f254-d862-4530-adf3-ca00b6715c93] Object was deleted but could not be found in the ZRC.
[http://chemistry.apache.org/YTRiMzVmMGUtMGQ1MS00MTE5LTg3MjYtZjVjMTg2NDQxOWVi-a4b35f0e-0d51-4119-8726-f5c1864419eb] Object was deleted but could not be found in the ZRC.
[http://chemistry.apache.org/MWI2YTA1ZGEtOGFiNS00ZmM4LWI2ODctY2FjYzUyZWFmMTE0OzEuMA==-1b6a05da-8ab5-4fc8-b687-cacc52eaf114] Object was created but could not be found in the DRC.
[http://chemistry.apache.org/MWI2YTA1ZGEtOGFiNS00ZmM4LWI2ODctY2FjYzUyZWFmMTE0OzEuMA==-1b6a05da-8ab5-4fc8-b687-cacc52eaf114] Object was updated but could not be found in the DRC.
[http://chemistry.apache.org/MGQ4NjJjM2UtNTE0ZC00OTZkLWIxZDQtYzAxMGNhYTc0MTQ3-0d862c3e-514d-496d-b1d4-c010caa74147] Object was created but could not be found in the DRC.
[http://chemistry.apache.org/NjlmYjhhZTYtMGNhYS00ZGZmLWE2ZjYtNzQ3ZjJlYzIwNmIw-69fb8ae6-0caa-4dff-a6f6-747f2ec206b0] Object was created but could not be found in the DRC.
[http://chemistry.apache.org/NjlmYjhhZTYtMGNhYS00ZGZmLWE2ZjYtNzQ3ZjJlYzIwNmIw-69fb8ae6-0caa-4dff-a6f6-747f2ec206b0] Object was deleted but could not be found in the ZRC.
[http://chemistry.apache.org/MGQ4NjJjM2UtNTE0ZC00OTZkLWIxZDQtYzAxMGNhYTc0MTQ3-0d862c3e-514d-496d-b1d4-c010caa74147] Object was deleted but could not be found in the ZRC.
[http://chemistry.apache.org/NGYxNTBiODEtNTM5NS00NWQ5LTg2YmEtMzQ4MWNkYzllYTQw-4f150b81-5395-45d9-86ba-3481cdc9ea40] Object was created but could not be found in the DRC.
[http://chemistry.apache.org/NzVkNjdjMzUtZTUyNy00NmEzLWI0ZTItMjYwNDNlMDUyNGY3-75d67c35-e527-46a3-b4e2-26043e0524f7] Object was created but could not be found in the DRC.
[http://chemistry.apache.org/NzVkNjdjMzUtZTUyNy00NmEzLWI0ZTItMjYwNDNlMDUyNGY3-75d67c35-e527-46a3-b4e2-26043e0524f7] Object was deleted but could not be found in the ZRC.
[http://chemistry.apache.org/NGYxNTBiODEtNTM5NS00NWQ5LTg2YmEtMzQ4MWNkYzllYTQw-4f150b81-5395-45d9-86ba-3481cdc9ea40] Object was deleted but could not be found in the ZRC.
[http://chemistry.apache.org/ZDdkNGYzOTctMDU5Yi00MTUzLTllZDEtY2FkNmNjYzA4MjNj-d7d4f397-059b-4153-9ed1-cad6ccc0823c] Object was created but could not be found in the DRC.
[http://chemistry.apache.org/NmI4ZTFhYmYtMDc4Yi00NmMwLWFiM2MtZGI1MzRhMDkxYTI0-6b8e1abf-078b-46c0-ab3c-db534a091a24] Object was created but could not be found in the DRC.
[http://chemistry.apache.org/NmI4ZTFhYmYtMDc4Yi00NmMwLWFiM2MtZGI1MzRhMDkxYTI0-6b8e1abf-078b-46c0-ab3c-db534a091a24] Object was deleted but could not be found in the ZRC.
[http://chemistry.apache.org/ZDdkNGYzOTctMDU5Yi00MTUzLTllZDEtY2FkNmNjYzA4MjNj-d7d4f397-059b-4153-9ed1-cad6ccc0823c] Object was deleted but could not be found in the ZRC.
[http://chemistry.apache.org/MTFkZTViNjYtMTAyYS00ZDc3LWIyM2ItM2QwMjgzMjI1ZTM1-11de5b66-102a-4d77-b23b-3d0283225e35] Object was created but could not be found in the DRC.
[http://chemistry.apache.org/YjEyNGJhOWUtOGNhZi00ZDMwLWE5ZTYtZjdhMDU1YTI1MDNl-b124ba9e-8caf-4d30-a9e6-f7a055a2503e] Object was created but could not be found in the DRC.
[http://chemistry.apache.org/YjEyNGJhOWUtOGNhZi00ZDMwLWE5ZTYtZjdhMDU1YTI1MDNl-b124ba9e-8caf-4d30-a9e6-f7a055a2503e] Object was deleted but could not be found in the ZRC.
[http://chemistry.apache.org/MTFkZTViNjYtMTAyYS00ZDc3LWIyM2ItM2QwMjgzMjI1ZTM1-11de5b66-102a-4d77-b23b-3d0283225e35] Object was deleted but could not be found in the ZRC.
[http://chemistry.apache.org/ZWI1OGY1OWItN2JiYi00NzNiLThmYWItMjIwYjE3NGE1ZmJi-eb58f59b-7bbb-473b-8fab-220b174a5fbb] Object was created but could not be found in the DRC.
[http://chemistry.apache.org/YmJmNzQ4NWUtMTYyZi00NjA1LThiNTMtODhhMjdhOTUwNTM2-bbf7485e-162f-4605-8b53-88a27a950536] Object was created but could not be found in the DRC.
[http://chemistry.apache.org/YmJmNzQ4NWUtMTYyZi00NjA1LThiNTMtODhhMjdhOTUwNTM2-bbf7485e-162f-4605-8b53-88a27a950536] Object was deleted but could not be found in the ZRC.
[http://chemistry.apache.org/ZWI1OGY1OWItN2JiYi00NzNiLThmYWItMjIwYjE3NGE1ZmJi-eb58f59b-7bbb-473b-8fab-220b174a5fbb] Object was deleted but could not be found in the ZRC.
[http://chemistry.apache.org/MmI0MjdhMTYtNDhmNS00ODNkLTkxZTctNTBmNzM4NzBiMWVh-2b427a16-48f5-483d-91e7-50f73870b1ea] Object was created but could not be found in the DRC.
[http://chemistry.apache.org/ZWM5MTljMzMtMTA0My00MGRmLTlkYTctMDBiODQ0Y2U5MDk3-ec919c33-1043-40df-9da7-00b844ce9097] Object was created but could not be found in the DRC.
[http://chemistry.apache.org/NjI4NjkyZGEtNDM0ZC00M2ZjLTk0ODItZWIzM2NmYWYyZDAyOzEuMA==-628692da-434d-43fc-9482-eb33cfaf2d02] Object was created but could not be found in the DRC.
[http://chemistry.apache.org/NjI4NjkyZGEtNDM0ZC00M2ZjLTk0ODItZWIzM2NmYWYyZDAyOzEuMA==-628692da-434d-43fc-9482-eb33cfaf2d02] Object was updated but could not be found in the DRC.
[http://chemistry.apache.org/MTk3ODgwNDMtYzM1NS00ZDU0LWFiNTMtYjQ3Y2Q4M2MxODdlOzEuMA==-19788043-c355-4d54-ab53-b47cd83c187e] Object was created but could not be found in the DRC.
[http://chemistry.apache.org/MTk3ODgwNDMtYzM1NS00ZDU0LWFiNTMtYjQ3Y2Q4M2MxODdlOzEuMA==-19788043-c355-4d54-ab53-b47cd83c187e] Object was updated but could not be found in the DRC.
[http://chemistry.apache.org/MTk3ODgwNDMtYzM1NS00ZDU0LWFiNTMtYjQ3Y2Q4M2MxODdlOzEuMA==-19788043-c355-4d54-ab53-b47cd83c187e] Object was deleted but could not be found in the ZRC.
[http://chemistry.apache.org/MTljNTllNjUtOTU0NS00NzQ5LTlmMzEtMTI4YTEzMjYwZTY4OzEuMA==-19c59e65-9545-4749-9f31-128a13260e68] Object was created but could not be found in the DRC.
[http://chemistry.apache.org/MTljNTllNjUtOTU0NS00NzQ5LTlmMzEtMTI4YTEzMjYwZTY4OzEuMA==-19c59e65-9545-4749-9f31-128a13260e68] Object was updated but could not be found in the DRC.
[http://chemistry.apache.org/NjI4NjkyZGEtNDM0ZC00M2ZjLTk0ODItZWIzM2NmYWYyZDAyOzEuMA==-628692da-434d-43fc-9482-eb33cfaf2d02] Object was deleted but could not be found in the ZRC.
[http://chemistry.apache.org/MTljNTllNjUtOTU0NS00NzQ5LTlmMzEtMTI4YTEzMjYwZTY4OzEuMA==-19c59e65-9545-4749-9f31-128a13260e68] Object was deleted but could not be found in the ZRC.
[http://chemistry.apache.org/ZWM5MTljMzMtMTA0My00MGRmLTlkYTctMDBiODQ0Y2U5MDk3-ec919c33-1043-40df-9da7-00b844ce9097] Object was deleted but could not be found in the ZRC.
[http://chemistry.apache.org/MmI0MjdhMTYtNDhmNS00ODNkLTkxZTctNTBmNzM4NzBiMWVh-2b427a16-48f5-483d-91e7-50f73870b1ea] Object was deleted but could not be found in the ZRC.
[http://chemistry.apache.org/ZDRmMGQwNjItNGUxZC00YTZkLWFkMWQtNmQzMzUwMTEzMjk2-d4f0d062-4e1d-4a6d-ad1d-6d3350113296] Object was created but could not be found in the DRC.
[http://chemistry.apache.org/YWNmNDBmYjEtODAwMS00OTFkLTg4ZjItNjRkYjM1OTkwOTc5-acf40fb1-8001-491d-88f2-64db35990979] Object was created but could not be found in the DRC.
[http://chemistry.apache.org/ODMwODllNzEtYWMxYy00NDVkLWJiZWItNGJiZDAxNjE1NGNlOzEuMA==-83089e71-ac1c-445d-bbeb-4bbd016154ce] Object was created but could not be found in the DRC.
[http://chemistry.apache.org/ODMwODllNzEtYWMxYy00NDVkLWJiZWItNGJiZDAxNjE1NGNlOzEuMA==-83089e71-ac1c-445d-bbeb-4bbd016154ce] Object was updated but could not be found in the DRC.
[http://chemistry.apache.org/OTUyNWUxZWEtN2RmMy00MDk4LWE2MTUtODVlMzg3MDFkODg5OzEuMA==-9525e1ea-7df3-4098-a615-85e38701d889] Object was created but could not be found in the DRC.
[http://chemistry.apache.org/OTUyNWUxZWEtN2RmMy00MDk4LWE2MTUtODVlMzg3MDFkODg5OzEuMA==-9525e1ea-7df3-4098-a615-85e38701d889] Object was updated but could not be found in the DRC.
[http://chemistry.apache.org/ODMwODllNzEtYWMxYy00NDVkLWJiZWItNGJiZDAxNjE1NGNlOzEuMA==-83089e71-ac1c-445d-bbeb-4bbd016154ce] Object was deleted but could not be found in the ZRC.
[http://chemistry.apache.org/OTUyNWUxZWEtN2RmMy00MDk4LWE2MTUtODVlMzg3MDFkODg5OzEuMA==-9525e1ea-7df3-4098-a615-85e38701d889] Object was deleted but could not be found in the ZRC.
[http://chemistry.apache.org/YWNmNDBmYjEtODAwMS00OTFkLTg4ZjItNjRkYjM1OTkwOTc5-acf40fb1-8001-491d-88f2-64db35990979] Object was deleted but could not be found in the ZRC.
[http://chemistry.apache.org/ZDRmMGQwNjItNGUxZC00YTZkLWFkMWQtNmQzMzUwMTEzMjk2-d4f0d062-4e1d-4a6d-ad1d-6d3350113296] Object was deleted but could not be found in the ZRC.
[http://chemistry.apache.org/YWFkZjY5NzgtYmI5NS00MWFkLWFmMmQtNmU0Njg5OTYyZDE3-aadf6978-bb95-41ad-af2d-6e4689962d17] Object was created but could not be found in the DRC.
[http://chemistry.apache.org/ZDVmYjY4YTQtNWMxNS00OTEwLWJkYWEtNTNkNjgzOTg0NDk2-d5fb68a4-5c15-4910-bdaa-53d683984496] Object was created but could not be found in the DRC.
[http://chemistry.apache.org/Y2JkMjgwMzUtOGM5MC00YjgzLWFjODItMzk4OTJhMDA5MmQ1OzEuMA==-cbd28035-8c90-4b83-ac82-39892a0092d5] Object was created but could not be found in the DRC.
[http://chemistry.apache.org/Y2JkMjgwMzUtOGM5MC00YjgzLWFjODItMzk4OTJhMDA5MmQ1OzEuMA==-cbd28035-8c90-4b83-ac82-39892a0092d5] Object was updated but could not be found in the DRC.
[http://chemistry.apache.org/ZGQ3MTkyMGQtODE5MS00MTMxLWI0NzEtOWZkY2ZiMWIwOWViOzEuMA==-dd71920d-8191-4131-b471-9fdcfb1b09eb] Object was created but could not be found in the DRC.
[http://chemistry.apache.org/ZGQ3MTkyMGQtODE5MS00MTMxLWI0NzEtOWZkY2ZiMWIwOWViOzEuMA==-dd71920d-8191-4131-b471-9fdcfb1b09eb] Object was updated but could not be found in the DRC.
[http://chemistry.apache.org/Y2JkMjgwMzUtOGM5MC00YjgzLWFjODItMzk4OTJhMDA5MmQ1OzEuMA==-cbd28035-8c90-4b83-ac82-39892a0092d5] Object was deleted but could not be found in the ZRC.
[http://chemistry.apache.org/ZGQ3MTkyMGQtODE5MS00MTMxLWI0NzEtOWZkY2ZiMWIwOWViOzEuMA==-dd71920d-8191-4131-b471-9fdcfb1b09eb] Object was deleted but could not be found in the ZRC.
[http://chemistry.apache.org/ZDVmYjY4YTQtNWMxNS00OTEwLWJkYWEtNTNkNjgzOTg0NDk2-d5fb68a4-5c15-4910-bdaa-53d683984496] Object was deleted but could not be found in the ZRC.
[http://chemistry.apache.org/YWFkZjY5NzgtYmI5NS00MWFkLWFmMmQtNmU0Njg5OTYyZDE3-aadf6978-bb95-41ad-af2d-6e4689962d17] Object was deleted but could not be found in the ZRC.
[http://chemistry.apache.org/NWViYWFlOWEtZmQzZi00YWMxLWFkMWMtN2I2ODVjMTJkMzE3-5ebaae9a-fd3f-4ac1-ad1c-7b685c12d317] Object was created but could not be found in the DRC.
[http://chemistry.apache.org/MDE3MzY3M2ItMzdjMi00NTU2LWFlYzUtZTE1OWY2OTYzYjYz-0173673b-37c2-4556-aec5-e159f6963b63] Object was created but could not be found in the DRC.
[http://chemistry.apache.org/NjEzZDQ4NjMtYmYzOS00MDM0LWFiMTQtNWMwODJiNDgyNTI0OzEuMA==-613d4863-bf39-4034-ab14-5c082b482524] Object was created but could not be found in the DRC.
[http://chemistry.apache.org/NjEzZDQ4NjMtYmYzOS00MDM0LWFiMTQtNWMwODJiNDgyNTI0OzEuMA==-613d4863-bf39-4034-ab14-5c082b482524] Object was updated but could not be found in the DRC.
[http://chemistry.apache.org/YzdlMTMyOGItOTdiYy00M2UwLTg2YjAtZWQ2NWNlMzVlNmViOzEuMA==-c7e1328b-97bc-43e0-86b0-ed65ce35e6eb] Object was created but could not be found in the DRC.
[http://chemistry.apache.org/YzdlMTMyOGItOTdiYy00M2UwLTg2YjAtZWQ2NWNlMzVlNmViOzEuMA==-c7e1328b-97bc-43e0-86b0-ed65ce35e6eb] Object was updated but could not be found in the DRC.
[http://chemistry.apache.org/NjEzZDQ4NjMtYmYzOS00MDM0LWFiMTQtNWMwODJiNDgyNTI0OzEuMA==-613d4863-bf39-4034-ab14-5c082b482524] Object was deleted but could not be found in the ZRC.
[http://chemistry.apache.org/YzdlMTMyOGItOTdiYy00M2UwLTg2YjAtZWQ2NWNlMzVlNmViOzEuMA==-c7e1328b-97bc-43e0-86b0-ed65ce35e6eb] Object was deleted but could not be found in the ZRC.
[http://chemistry.apache.org/MDE3MzY3M2ItMzdjMi00NTU2LWFlYzUtZTE1OWY2OTYzYjYz-0173673b-37c2-4556-aec5-e159f6963b63] Object was deleted but could not be found in the ZRC.
[http://chemistry.apache.org/NWViYWFlOWEtZmQzZi00YWMxLWFkMWMtN2I2ODVjMTJkMzE3-5ebaae9a-fd3f-4ac1-ad1c-7b685c12d317] Object was deleted but could not be found in the ZRC.
[http://chemistry.apache.org/MjE0MjMxMjctYTA5Yi00MWIwLWE0MDMtNTU0M2Y0ZDcxZTE2-21423127-a09b-41b0-a403-5543f4d71e16] Object was created but could not be found in the DRC.
[http://chemistry.apache.org/ZmM2ZDc5ZGYtMTAyYy00MjA1LWE4ZmQtZmE2YjhiYzU4ODBm-fc6d79df-102c-4205-a8fd-fa6b8bc5880f] Object was created but could not be found in the DRC.
[http://chemistry.apache.org/ZmM2ZDc5ZGYtMTAyYy00MjA1LWE4ZmQtZmE2YjhiYzU4ODBm-fc6d79df-102c-4205-a8fd-fa6b8bc5880f] Object was deleted but could not be found in the ZRC.
[http://chemistry.apache.org/MjE0MjMxMjctYTA5Yi00MWIwLWE0MDMtNTU0M2Y0ZDcxZTE2-21423127-a09b-41b0-a403-5543f4d71e16] Object was deleted but could not be found in the ZRC.
[http://chemistry.apache.org/M2FhNjE3MzctYjdlZS00MDM2LTg1OGEtYTA5ZGRkN2U1Y2Vm-3aa61737-b7ee-4036-858a-a09ddd7e5cef] Object was created but could not be found in the DRC.
[http://chemistry.apache.org/ZDk2NjBhZmYtNDI3NC00OTA2LWE3YWItZDk4ZWVhODdmNjlk-d9660aff-4274-4906-a7ab-d98eea87f69d] Object was created but could not be found in the DRC.
[http://chemistry.apache.org/ZDk2NjBhZmYtNDI3NC00OTA2LWE3YWItZDk4ZWVhODdmNjlk-d9660aff-4274-4906-a7ab-d98eea87f69d] Object was deleted but could not be found in the ZRC.
[http://chemistry.apache.org/M2FhNjE3MzctYjdlZS00MDM2LTg1OGEtYTA5ZGRkN2U1Y2Vm-3aa61737-b7ee-4036-858a-a09ddd7e5cef] Object was deleted but could not be found in the ZRC.
[http://chemistry.apache.org/YjdiYmQyZjAtNzRkOS00YzIzLWIyNWQtMDYzODJkOWI3ZTc5-b7bbd2f0-74d9-4c23-b25d-06382d9b7e79] Object was created but could not be found in the DRC.
[http://chemistry.apache.org/MDI4YzU1MTAtMzhiMi00ZGM4LTgxZTAtZTBjYTU1ODE3MGQ4-028c5510-38b2-4dc8-81e0-e0ca558170d8] Object was created but could not be found in the DRC.
[http://chemistry.apache.org/MDI4YzU1MTAtMzhiMi00ZGM4LTgxZTAtZTBjYTU1ODE3MGQ4-028c5510-38b2-4dc8-81e0-e0ca558170d8] Object was deleted but could not be found in the ZRC.
[http://chemistry.apache.org/YjdiYmQyZjAtNzRkOS00YzIzLWIyNWQtMDYzODJkOWI3ZTc5-b7bbd2f0-74d9-4c23-b25d-06382d9b7e79] Object was deleted but could not be found in the ZRC.
[http://chemistry.apache.org/MzIxOTY3OGQtY2FiNC00Zjk4LWI4ODQtOGMzYmU0NTI3MWIz-3219678d-cab4-4f98-b884-8c3be45271b3] Object was created but could not be found in the DRC.
[http://chemistry.apache.org/MThjYmI2ZWEtOTcwZS00OThkLTkyY2UtNWM5ZTgwMDY2M2Ji-18cbb6ea-970e-498d-92ce-5c9e800663bb] Object was created but could not be found in the DRC.
[http://chemistry.apache.org/MTU0ODBiZjItZDhiNi00NjcxLWJlOWQtYTgzOTVlMjZmZDQ1-15480bf2-d8b6-4671-be9d-a8395e26fd45] Object was created but could not be found in the DRC.
[http://chemistry.apache.org/MThjYmI2ZWEtOTcwZS00OThkLTkyY2UtNWM5ZTgwMDY2M2Ji-18cbb6ea-970e-498d-92ce-5c9e800663bb] Object was deleted but could not be found in the ZRC.
[http://chemistry.apache.org/MTU0ODBiZjItZDhiNi00NjcxLWJlOWQtYTgzOTVlMjZmZDQ1-15480bf2-d8b6-4671-be9d-a8395e26fd45] Object was deleted but could not be found in the ZRC.
[http://chemistry.apache.org/MzIxOTY3OGQtY2FiNC00Zjk4LWI4ODQtOGMzYmU0NTI3MWIz-3219678d-cab4-4f98-b884-8c3be45271b3] Object was deleted but could not be found in the ZRC.
[http://chemistry.apache.org/NTU2ZjY5M2UtN2I0NS00YjBlLTg4NmItNGMzZGQxYjAxYThj-556f693e-7b45-4b0e-886b-4c3dd1b01a8c] Object was created but could not be found in the DRC.
[http://chemistry.apache.org/MzdlZWMzNGYtMTJlMS00YWVmLTkyMjgtNGNhMDMzNGYzYTk5-37eec34f-12e1-4aef-9228-4ca0334f3a99] Object was created but could not be found in the DRC.
[http://chemistry.apache.org/MzdlZWMzNGYtMTJlMS00YWVmLTkyMjgtNGNhMDMzNGYzYTk5-37eec34f-12e1-4aef-9228-4ca0334f3a99] Object was deleted but could not be found in the ZRC.
[http://chemistry.apache.org/NTU2ZjY5M2UtN2I0NS00YjBlLTg4NmItNGMzZGQxYjAxYThj-556f693e-7b45-4b0e-886b-4c3dd1b01a8c] Object was deleted but could not be found in the ZRC.
[http://chemistry.apache.org/YzMwMmE3YTAtMWM4Yy00MzVhLWFiMDMtMTE2ZDNlMmQxMmJk-c302a7a0-1c8c-435a-ab03-116d3e2d12bd] Object was created but could not be found in the DRC.
[http://chemistry.apache.org/NDQzMzhkODMtNzc2MS00ODI4LTllOTQtZTUzN2FhMWM4MWJi-44338d83-7761-4828-9e94-e537aa1c81bb] Object was created but could not be found in the DRC.
[http://chemistry.apache.org/NDQzMzhkODMtNzc2MS00ODI4LTllOTQtZTUzN2FhMWM4MWJi-44338d83-7761-4828-9e94-e537aa1c81bb] Object was deleted but could not be found in the ZRC.
[http://chemistry.apache.org/YzMwMmE3YTAtMWM4Yy00MzVhLWFiMDMtMTE2ZDNlMmQxMmJk-c302a7a0-1c8c-435a-ab03-116d3e2d12bd] Object was deleted but could not be found in the ZRC.
[http://chemistry.apache.org/NTIxNGQ0MjQtYWJmNy00OTFjLTliMWMtY2MxOGI1N2QzMzJl-5214d424-abf7-491c-9b1c-cc18b57d332e] Object was created but could not be found in the DRC.
[http://chemistry.apache.org/MDEyYjM2OWYtNGVjMC00YjJiLThkOWEtOWI5MDg2MTZiOGU1-012b369f-4ec0-4b2b-8d9a-9b908616b8e5] Object was created but could not be found in the DRC.
[http://chemistry.apache.org/MDEyYjM2OWYtNGVjMC00YjJiLThkOWEtOWI5MDg2MTZiOGU1-012b369f-4ec0-4b2b-8d9a-9b908616b8e5] Object was deleted but could not be found in the ZRC.
[http://chemistry.apache.org/NTIxNGQ0MjQtYWJmNy00OTFjLTliMWMtY2MxOGI1N2QzMzJl-5214d424-abf7-491c-9b1c-cc18b57d332e] Object was deleted but could not be found in the ZRC.
[http://chemistry.apache.org/YTZkY2ViN2YtYTNkZi00OTFjLTgzZmMtYTg1YzZkMGEwNjNm-a6dceb7f-a3df-491c-83fc-a85c6d0a063f] Object was created but could not be found in the DRC.
[http://chemistry.apache.org/YTcyYjQyNDktY2Y1MC00OTk5LTk2ZWMtY2U1OGFjNThjZDJj-a72b4249-cf50-4999-96ec-ce58ac58cd2c] Object was created but could not be found in the DRC.
[http://chemistry.apache.org/YTcyYjQyNDktY2Y1MC00OTk5LTk2ZWMtY2U1OGFjNThjZDJj-a72b4249-cf50-4999-96ec-ce58ac58cd2c] Object was deleted but could not be found in the ZRC.
[http://chemistry.apache.org/YTZkY2ViN2YtYTNkZi00OTFjLTgzZmMtYTg1YzZkMGEwNjNm-a6dceb7f-a3df-491c-83fc-a85c6d0a063f] Object was deleted but could not be found in the ZRC.
[http://chemistry.apache.org/MmViZTk0ODktZDQ5Zi00NWM0LWJiNGMtMWFmYmJiZjgyOTU4-2ebe9489-d49f-45c4-bb4c-1afbbbf82958] Object was created but could not be found in the DRC.
[http://chemistry.apache.org/ODNkYjczMDgtNTY5Ny00NDY2LWFmMGMtYzkzOTk4YjVmODE0-83db7308-5697-4466-af0c-c93998b5f814] Object was created but could not be found in the DRC.
[http://chemistry.apache.org/ODNkYjczMDgtNTY5Ny00NDY2LWFmMGMtYzkzOTk4YjVmODE0-83db7308-5697-4466-af0c-c93998b5f814] Object was deleted but could not be found in the ZRC.
[http://chemistry.apache.org/MmViZTk0ODktZDQ5Zi00NWM0LWJiNGMtMWFmYmJiZjgyOTU4-2ebe9489-d49f-45c4-bb4c-1afbbbf82958] Object was deleted but could not be found in the ZRC.
[http://chemistry.apache.org/ZjVkODg2NzEtMWYxMS00ODYzLWEyM2MtYzNhMzQ1NzMyMDY1-f5d88671-1f11-4863-a23c-c3a345732065] Object was created but could not be found in the DRC.
[http://chemistry.apache.org/NjA5OTNmZTYtODRmZC00YzA2LTgyYjUtMDk3YjAzNjgxMDU2-60993fe6-84fd-4c06-82b5-097b03681056] Object was created but could not be found in the DRC.
[http://chemistry.apache.org/YzAwNDU4YTQtNjU1NC00NzhlLWEzZDQtYjkyYWJiNjg5YTU4OzEuMA==-c00458a4-6554-478e-a3d4-b92abb689a58] Object was created but could not be found in the DRC.
[http://chemistry.apache.org/YzAwNDU4YTQtNjU1NC00NzhlLWEzZDQtYjkyYWJiNjg5YTU4OzEuMA==-c00458a4-6554-478e-a3d4-b92abb689a58] Object was updated but could not be found in the DRC.
[http://chemistry.apache.org/YzAwNDU4YTQtNjU1NC00NzhlLWEzZDQtYjkyYWJiNjg5YTU4OzEuMQ==-c00458a4-6554-478e-a3d4-b92abb689a58] Object was deleted but could not be found in the ZRC.
[http://chemistry.apache.org/NjA5OTNmZTYtODRmZC00YzA2LTgyYjUtMDk3YjAzNjgxMDU2-60993fe6-84fd-4c06-82b5-097b03681056] Object was deleted but could not be found in the ZRC.
[http://chemistry.apache.org/ZjVkODg2NzEtMWYxMS00ODYzLWEyM2MtYzNhMzQ1NzMyMDY1-f5d88671-1f11-4863-a23c-c3a345732065] Object was deleted but could not be found in the ZRC.
[http://chemistry.apache.org/MjY3YWYwZDktNzBkZi00Yzg3LWE2MTgtYTcwNjEyNzU0OGFh-267af0d9-70df-4c87-a618-a706127548aa] Object was created but could not be found in the DRC.
[http://chemistry.apache.org/MTNhNjUxZDUtZGIyNi00NmFiLTk5YzUtYTIyY2MyZDc3M2Q2-13a651d5-db26-46ab-99c5-a22cc2d773d6] Object was created but could not be found in the DRC.
[http://chemistry.apache.org/MTNhNjUxZDUtZGIyNi00NmFiLTk5YzUtYTIyY2MyZDc3M2Q2-13a651d5-db26-46ab-99c5-a22cc2d773d6] Object was deleted but could not be found in the ZRC.
[http://chemistry.apache.org/MjY3YWYwZDktNzBkZi00Yzg3LWE2MTgtYTcwNjEyNzU0OGFh-267af0d9-70df-4c87-a618-a706127548aa] Object was deleted but could not be found in the ZRC.
[http://chemistry.apache.org/ODM2ODI5OWUtYmJjYy00MTZiLWEwOWQtNzRmYzU5ZDIyYjlj-8368299e-bbcc-416b-a09d-74fc59d22b9c] Object was created but could not be found in the DRC.
[http://chemistry.apache.org/Zjc5NWEzY2EtYjc0NC00NGUwLTg4ZmItNWIxMGY5NzQ0Yjhj-f795a3ca-b744-44e0-88fb-5b10f9744b8c] Object was created but could not be found in the DRC.
[http://chemistry.apache.org/MGIzZmI0ZDktOWQ4YS00NGQzLWE3MGEtMWE5MDdiMmRiNGQ2OzEuMA==-0b3fb4d9-9d8a-44d3-a70a-1a907b2db4d6] Object was created but could not be found in the DRC.
[http://chemistry.apache.org/MGIzZmI0ZDktOWQ4YS00NGQzLWE3MGEtMWE5MDdiMmRiNGQ2OzEuMA==-0b3fb4d9-9d8a-44d3-a70a-1a907b2db4d6] Object was updated but could not be found in the DRC.
[http://chemistry.apache.org/MGIzZmI0ZDktOWQ4YS00NGQzLWE3MGEtMWE5MDdiMmRiNGQ2OzEuMA==-0b3fb4d9-9d8a-44d3-a70a-1a907b2db4d6] Object was deleted but could not be found in the ZRC.
[http://chemistry.apache.org/Zjc5NWEzY2EtYjc0NC00NGUwLTg4ZmItNWIxMGY5NzQ0Yjhj-f795a3ca-b744-44e0-88fb-5b10f9744b8c] Object was deleted but could not be found in the ZRC.
[http://chemistry.apache.org/ODM2ODI5OWUtYmJjYy00MTZiLWEwOWQtNzRmYzU5ZDIyYjlj-8368299e-bbcc-416b-a09d-74fc59d22b9c] Object was deleted but could not be found in the ZRC.
[http://chemistry.apache.org/OGE4ZjkyMDUtMDAwMC00MzRjLWExMTUtZGZlOWY3Zjc4Y2E4-8a8f9205-0000-434c-a115-dfe9f7f78ca8] Object was created but could not be found in the DRC.
[http://chemistry.apache.org/Y2Q5OTQ4YmItMzQ5Mi00YTY2LWI1YTMtYzc2NjJhMWU4NmEy-cd9948bb-3492-4a66-b5a3-c7662a1e86a2] Object was created but could not be found in the DRC.
[http://chemistry.apache.org/MzRhOWE1MjktNzM1NS00MmIyLTlkNDctNjRlOWRmZjA4ZjIxOzEuMA==-34a9a529-7355-42b2-9d47-64e9dff08f21] Object was created but could not be found in the DRC.
[http://chemistry.apache.org/MzRhOWE1MjktNzM1NS00MmIyLTlkNDctNjRlOWRmZjA4ZjIxOzEuMA==-34a9a529-7355-42b2-9d47-64e9dff08f21] Object was updated but could not be found in the DRC.
[http://chemistry.apache.org/MzRhOWE1MjktNzM1NS00MmIyLTlkNDctNjRlOWRmZjA4ZjIxOzEuMA==-34a9a529-7355-42b2-9d47-64e9dff08f21] Object was deleted but could not be found in the ZRC.
[http://chemistry.apache.org/Y2Q5OTQ4YmItMzQ5Mi00YTY2LWI1YTMtYzc2NjJhMWU4NmEy-cd9948bb-3492-4a66-b5a3-c7662a1e86a2] Object was deleted but could not be found in the ZRC.
[http://chemistry.apache.org/OGE4ZjkyMDUtMDAwMC00MzRjLWExMTUtZGZlOWY3Zjc4Y2E4-8a8f9205-0000-434c-a115-dfe9f7f78ca8] Object was deleted but could not be found in the ZRC.
[http://chemistry.apache.org/NTdmYjc5MzItZWY1Yy00MjIxLWFlYmMtZThkNmJlMTY0Mzc1-57fb7932-ef5c-4221-aebc-e8d6be164375] Object was created but could not be found in the DRC.
[http://chemistry.apache.org/Mjk2ZGI2OTYtNGMxMy00ZTI1LTllMDMtYzRmYjQzMjE1NmU3-296db696-4c13-4e25-9e03-c4fb432156e7] Object was created but could not be found in the DRC.
[http://chemistry.apache.org/NjYzZmY2YjMtM2Y2My00MTM0LTgxNTgtODdjMWM1ODVjYzc4OzEuMA==-663ff6b3-3f63-4134-8158-87c1c585cc78] Object was created but could not be found in the DRC.
[http://chemistry.apache.org/NjYzZmY2YjMtM2Y2My00MTM0LTgxNTgtODdjMWM1ODVjYzc4OzEuMA==-663ff6b3-3f63-4134-8158-87c1c585cc78] Object was updated but could not be found in the DRC.
[http://chemistry.apache.org/NjYzZmY2YjMtM2Y2My00MTM0LTgxNTgtODdjMWM1ODVjYzc4OzEuMA==-663ff6b3-3f63-4134-8158-87c1c585cc78] Object was deleted but could not be found in the ZRC.
[http://chemistry.apache.org/Mjk2ZGI2OTYtNGMxMy00ZTI1LTllMDMtYzRmYjQzMjE1NmU3-296db696-4c13-4e25-9e03-c4fb432156e7] Object was deleted but could not be found in the ZRC.
[http://chemistry.apache.org/NTdmYjc5MzItZWY1Yy00MjIxLWFlYmMtZThkNmJlMTY0Mzc1-57fb7932-ef5c-4221-aebc-e8d6be164375] Object was deleted but could not be found in the ZRC.
[http://chemistry.apache.org/OTIxZGU2NTAtN2YxMC00ZGI5LTg5MWQtZDI1MzcyZDc3ZjNi-921de650-7f10-4db9-891d-d25372d77f3b] Object was created but could not be found in the DRC.
[http://chemistry.apache.org/MTYwMjI2ZGQtMDE1ZS00YTI0LWEyNzQtZjQ2YjE0ODNhOGU0-160226dd-015e-4a24-a274-f46b1483a8e4] Object was created but could not be found in the DRC.
[http://chemistry.apache.org/NDAzYTJkMzctNDU1My00MDU4LWJkMTYtNzhlY2Q3NGRkOGVlOzEuMA==-403a2d37-4553-4058-bd16-78ecd74dd8ee] Object was created but could not be found in the DRC.
[http://chemistry.apache.org/NDAzYTJkMzctNDU1My00MDU4LWJkMTYtNzhlY2Q3NGRkOGVlOzEuMA==-403a2d37-4553-4058-bd16-78ecd74dd8ee] Object was updated but could not be found in the DRC.
[http://chemistry.apache.org/NzNjNjcwYzUtZDczNC00MzZkLWFhMWYtNzFjMTgyM2E4NTA0-73c670c5-d734-436d-aa1f-71c1823a8504] Object was created but could not be found in the DRC.
[http://chemistry.apache.org/NDAzYTJkMzctNDU1My00MDU4LWJkMTYtNzhlY2Q3NGRkOGVlOzEuMA==-403a2d37-4553-4058-bd16-78ecd74dd8ee] Object was deleted but could not be found in the ZRC.
[http://chemistry.apache.org/NzNjNjcwYzUtZDczNC00MzZkLWFhMWYtNzFjMTgyM2E4NTA0-73c670c5-d734-436d-aa1f-71c1823a8504] Object was deleted but could not be found in the ZRC.
[http://chemistry.apache.org/MTYwMjI2ZGQtMDE1ZS00YTI0LWEyNzQtZjQ2YjE0ODNhOGU0-160226dd-015e-4a24-a274-f46b1483a8e4] Object was deleted but could not be found in the ZRC.
[http://chemistry.apache.org/OTIxZGU2NTAtN2YxMC00ZGI5LTg5MWQtZDI1MzcyZDc3ZjNi-921de650-7f10-4db9-891d-d25372d77f3b] Object was deleted but could not be found in the ZRC.
[http://chemistry.apache.org/MzYzMGM4YzYtOWViOC00YWNkLWE4YzYtODQwNjk1ZjI0MGY0-3630c8c6-9eb8-4acd-a8c6-840695f240f4] Object was created but could not be found in the DRC.
[http://chemistry.apache.org/YTllN2FlYTctZjY1MS00M2RmLTg2MjYtNzc0OWRlN2ZjMjBj-a9e7aea7-f651-43df-8626-7749de7fc20c] Object was created but could not be found in the DRC.
[http://chemistry.apache.org/Y2RiN2FjZTAtNzFiZC00YTZlLWJlNGQtM2M4YTNlNGZmNjQ4OzEuMA==-cdb7ace0-71bd-4a6e-be4d-3c8a3e4ff648] Object was created but could not be found in the DRC.
[http://chemistry.apache.org/Y2RiN2FjZTAtNzFiZC00YTZlLWJlNGQtM2M4YTNlNGZmNjQ4OzEuMA==-cdb7ace0-71bd-4a6e-be4d-3c8a3e4ff648] Object was updated but could not be found in the DRC.
[http://chemistry.apache.org/Y2RiN2FjZTAtNzFiZC00YTZlLWJlNGQtM2M4YTNlNGZmNjQ4OzEuMA==-cdb7ace0-71bd-4a6e-be4d-3c8a3e4ff648] Object was deleted but could not be found in the ZRC.
[http://chemistry.apache.org/YTllN2FlYTctZjY1MS00M2RmLTg2MjYtNzc0OWRlN2ZjMjBj-a9e7aea7-f651-43df-8626-7749de7fc20c] Object was deleted but could not be found in the ZRC.
[http://chemistry.apache.org/MzYzMGM4YzYtOWViOC00YWNkLWE4YzYtODQwNjk1ZjI0MGY0-3630c8c6-9eb8-4acd-a8c6-840695f240f4] Object was deleted but could not be found in the ZRC.
[http://chemistry.apache.org/MDg4OGIwOGItZTEyOS00N2VhLWFiNjUtZjYxZDk4YjFiODZh-0888b08b-e129-47ea-ab65-f61d98b1b86a] Object was created but could not be found in the DRC.
[http://chemistry.apache.org/YmYyMzljZjAtYTc5ZS00Mjc4LWJkMmMtZTA4MDRjMWQ2N2Fh-bf239cf0-a79e-4278-bd2c-e0804c1d67aa] Object was created but could not be found in the DRC.
[http://chemistry.apache.org/N2U1NTU5ODMtOGZkZi00YzQ3LWIwNzMtZTU3NzdlYjI4ODk1OzEuMA==-7e555983-8fdf-4c47-b073-e5777eb28895] Object was created but could not be found in the DRC.
[http://chemistry.apache.org/N2U1NTU5ODMtOGZkZi00YzQ3LWIwNzMtZTU3NzdlYjI4ODk1OzEuMA==-7e555983-8fdf-4c47-b073-e5777eb28895] Object was updated but could not be found in the DRC.
[http://chemistry.apache.org/N2U1NTU5ODMtOGZkZi00YzQ3LWIwNzMtZTU3NzdlYjI4ODk1OzEuMA==-7e555983-8fdf-4c47-b073-e5777eb28895] Object was deleted but could not be found in the ZRC.
[http://chemistry.apache.org/NGFjN2U2OWQtNWJlYi00OTgzLWE1ZGMtNTA2MzBhOGE0M2Nj-4ac7e69d-5beb-4983-a5dc-50630a8a43cc] Object was created but could not be found in the DRC.
[http://chemistry.apache.org/NGFjN2U2OWQtNWJlYi00OTgzLWE1ZGMtNTA2MzBhOGE0M2Nj-4ac7e69d-5beb-4983-a5dc-50630a8a43cc] Object was deleted but could not be found in the ZRC.
[http://chemistry.apache.org/YmYyMzljZjAtYTc5ZS00Mjc4LWJkMmMtZTA4MDRjMWQ2N2Fh-bf239cf0-a79e-4278-bd2c-e0804c1d67aa] Object was deleted but could not be found in the ZRC.
[http://chemistry.apache.org/MDg4OGIwOGItZTEyOS00N2VhLWFiNjUtZjYxZDk4YjFiODZh-0888b08b-e129-47ea-ab65-f61d98b1b86a] Object was deleted but could not be found in the ZRC.
[http://chemistry.apache.org/ZWE4ZWYwOWItOTVmZC00MDEwLTgyZGEtYjE2ODk4MDcwYmZmOzEuMA==-ea8ef09b-95fd-4010-82da-b16898070bff] Object was created but could not be found in the DRC.
[http://chemistry.apache.org/ZWE4ZWYwOWItOTVmZC00MDEwLTgyZGEtYjE2ODk4MDcwYmZmOzEuMA==-ea8ef09b-95fd-4010-82da-b16898070bff] Object was updated but could not be found in the DRC.
[http://chemistry.apache.org/MTI3M2QzMjQtMGJlMC00YWQwLWI0NWUtYzQzZTE5NjBjYWEy-1273d324-0be0-4ad0-b45e-c43e1960caa2] Object was created but could not be found in the DRC.
[http://chemistry.apache.org/MDYwYWY3ZDktZmUxZC00ZjU3LWJhNjAtZDljYmJmMGI5NTM1-060af7d9-fe1d-4f57-ba60-d9cbbf0b9535] Object was created but could not be found in the DRC.
[http://chemistry.apache.org/MDYwYWY3ZDktZmUxZC00ZjU3LWJhNjAtZDljYmJmMGI5NTM1-060af7d9-fe1d-4f57-ba60-d9cbbf0b9535] Object was deleted but could not be found in the ZRC.
[http://chemistry.apache.org/MTI3M2QzMjQtMGJlMC00YWQwLWI0NWUtYzQzZTE5NjBjYWEy-1273d324-0be0-4ad0-b45e-c43e1960caa2] Object was deleted but could not be found in the ZRC.
[http://chemistry.apache.org/NGU3MDc1NmItNTM5OC00NDlmLTgxZjYtOWFkOWMyNTE1ODM0-4e70756b-5398-449f-81f6-9ad9c2515834] Object was created but could not be found in the DRC.
[http://chemistry.apache.org/ZWRhNjRjZmEtNjBiNC00NDgxLWEwMGQtZjFiNzkwODkzNTI3-eda64cfa-60b4-4481-a00d-f1b790893527] Object was created but could not be found in the DRC.
[http://chemistry.apache.org/ZWRhNjRjZmEtNjBiNC00NDgxLWEwMGQtZjFiNzkwODkzNTI3-eda64cfa-60b4-4481-a00d-f1b790893527] Object was deleted but could not be found in the ZRC.
[http://chemistry.apache.org/NGU3MDc1NmItNTM5OC00NDlmLTgxZjYtOWFkOWMyNTE1ODM0-4e70756b-5398-449f-81f6-9ad9c2515834] Object was deleted but could not be found in the ZRC.
[http://chemistry.apache.org/ZTI1NmI4MjUtY2E5NS00ZjU3LWFiMDQtNDk3MjUzM2YxODYz-e256b825-ca95-4f57-ab04-4972533f1863] Object was created but could not be found in the DRC.
[http://chemistry.apache.org/ZmQxNWQ0YTItNmNlMS00OWRmLWE1Y2ItM2RkMDQ0NDQ5MDJl-fd15d4a2-6ce1-49df-a5cb-3dd04444902e] Object was created but could not be found in the DRC.
[http://chemistry.apache.org/ZmQxNWQ0YTItNmNlMS00OWRmLWE1Y2ItM2RkMDQ0NDQ5MDJl-fd15d4a2-6ce1-49df-a5cb-3dd04444902e] Object was deleted but could not be found in the ZRC.
[http://chemistry.apache.org/ZTI1NmI4MjUtY2E5NS00ZjU3LWFiMDQtNDk3MjUzM2YxODYz-e256b825-ca95-4f57-ab04-4972533f1863] Object was deleted but could not be found in the ZRC.
[http://chemistry.apache.org/NDYwNDc3NGQtYmE3MC00Yzk1LWFhN2MtNGFiNzA3NDY5MGJi-4604774d-ba70-4c95-aa7c-4ab7074690bb] Object was created but could not be found in the DRC.
[http://chemistry.apache.org/NDgzNTJlNjYtOTlkMC00ZDYyLWJiNGItMjQ3NGNiYjE1YWRm-48352e66-99d0-4d62-bb4b-2474cbb15adf] Object was created but could not be found in the DRC.
[http://chemistry.apache.org/NDgzNTJlNjYtOTlkMC00ZDYyLWJiNGItMjQ3NGNiYjE1YWRm-48352e66-99d0-4d62-bb4b-2474cbb15adf] Object was deleted but could not be found in the ZRC.
[http://chemistry.apache.org/NDYwNDc3NGQtYmE3MC00Yzk1LWFhN2MtNGFiNzA3NDY5MGJi-4604774d-ba70-4c95-aa7c-4ab7074690bb] Object was deleted but could not be found in the ZRC.
[http://chemistry.apache.org/NzA3NmZjMTUtMjdhMi00ODczLWFkNDUtMjZjNTJkNDQ4MTMw-7076fc15-27a2-4873-ad45-26c52d448130] Object was created but could not be found in the DRC.
[http://chemistry.apache.org/N2NmNDYwMTQtOGI5My00NmMzLTg0ZTgtYjYzM2EzNmU0Y2Iy-7cf46014-8b93-46c3-84e8-b633a36e4cb2] Object was created but could not be found in the DRC.
[http://chemistry.apache.org/N2NmNDYwMTQtOGI5My00NmMzLTg0ZTgtYjYzM2EzNmU0Y2Iy-7cf46014-8b93-46c3-84e8-b633a36e4cb2] Object was deleted but could not be found in the ZRC.
[http://chemistry.apache.org/NzA3NmZjMTUtMjdhMi00ODczLWFkNDUtMjZjNTJkNDQ4MTMw-7076fc15-27a2-4873-ad45-26c52d448130] Object was deleted but could not be found in the ZRC.
[http://chemistry.apache.org/MDc0M2JjZjQtZTU5Yy00YmM0LTg4M2MtY2E0OTI5YWFlMTBj-0743bcf4-e59c-4bc4-883c-ca4929aae10c] Object was created but could not be found in the DRC.
[http://chemistry.apache.org/ZTE1NzRiNmEtYzkwNi00NjU1LWJhYjYtNzU4MWIyNzU4NDM4-e1574b6a-c906-4655-bab6-7581b2758438] Object was created but could not be found in the DRC.
[http://chemistry.apache.org/NDgwMGY5ZWUtMGE4Mi00ZDY0LTg0NzktZTFkZWEzY2Q1OGIwOzEuMA==-4800f9ee-0a82-4d64-8479-e1dea3cd58b0] Object was created but could not be found in the DRC.
[http://chemistry.apache.org/NDgwMGY5ZWUtMGE4Mi00ZDY0LTg0NzktZTFkZWEzY2Q1OGIwOzEuMA==-4800f9ee-0a82-4d64-8479-e1dea3cd58b0] Object was updated but could not be found in the DRC.
[http://chemistry.apache.org/NzExZWYwOGMtMDFlMy00M2JjLTk4YWQtNjI3MjU5NjhiZjBiOzEuMA==-711ef08c-01e3-43bc-98ad-62725968bf0b] Object was created but could not be found in the DRC.
[http://chemistry.apache.org/NzExZWYwOGMtMDFlMy00M2JjLTk4YWQtNjI3MjU5NjhiZjBiOzEuMA==-711ef08c-01e3-43bc-98ad-62725968bf0b] Object was updated but could not be found in the DRC.
[http://chemistry.apache.org/NzExZWYwOGMtMDFlMy00M2JjLTk4YWQtNjI3MjU5NjhiZjBiOzEuMA==-711ef08c-01e3-43bc-98ad-62725968bf0b] Object was deleted but could not be found in the ZRC.
[http://chemistry.apache.org/M2MzYzY2NDYtMDJlYi00NjM1LWE0OTYtY2YwZTk4MDQ1NzAyOzEuMA==-3c3c6646-02eb-4635-a496-cf0e98045702] Object was created but could not be found in the DRC.
[http://chemistry.apache.org/M2MzYzY2NDYtMDJlYi00NjM1LWE0OTYtY2YwZTk4MDQ1NzAyOzEuMA==-3c3c6646-02eb-4635-a496-cf0e98045702] Object was updated but could not be found in the DRC.
[http://chemistry.apache.org/NDgwMGY5ZWUtMGE4Mi00ZDY0LTg0NzktZTFkZWEzY2Q1OGIwOzEuMA==-4800f9ee-0a82-4d64-8479-e1dea3cd58b0] Object was deleted but could not be found in the ZRC.
[http://chemistry.apache.org/M2MzYzY2NDYtMDJlYi00NjM1LWE0OTYtY2YwZTk4MDQ1NzAyOzEuMA==-3c3c6646-02eb-4635-a496-cf0e98045702] Object was deleted but could not be found in the ZRC.
[http://chemistry.apache.org/ZTE1NzRiNmEtYzkwNi00NjU1LWJhYjYtNzU4MWIyNzU4NDM4-e1574b6a-c906-4655-bab6-7581b2758438] Object was deleted but could not be found in the ZRC.
[http://chemistry.apache.org/MDc0M2JjZjQtZTU5Yy00YmM0LTg4M2MtY2E0OTI5YWFlMTBj-0743bcf4-e59c-4bc4-883c-ca4929aae10c] Object was deleted but could not be found in the ZRC.
[http://chemistry.apache.org/ZTVkNzE5YjUtMDFkYy00ZmZjLWFkNzktMzBiZmUzZDA5YTg2-e5d719b5-01dc-4ffc-ad79-30bfe3d09a86] Object was created but could not be found in the DRC.
[http://chemistry.apache.org/MzQ3OGU5YjAtYjk4Mi00MTQ1LTk0ZTQtYzlmODZjZGJjZWUx-3478e9b0-b982-4145-94e4-c9f86cdbcee1] Object was created but could not be found in the DRC.
[http://chemistry.apache.org/Y2ZlODczNzgtMTdkMy00ZjA0LTg5ZDQtMDIzYWI5Y2MyMTBmOzEuMA==-cfe87378-17d3-4f04-89d4-023ab9cc210f] Object was created but could not be found in the DRC.
[http://chemistry.apache.org/Y2ZlODczNzgtMTdkMy00ZjA0LTg5ZDQtMDIzYWI5Y2MyMTBmOzEuMA==-cfe87378-17d3-4f04-89d4-023ab9cc210f] Object was updated but could not be found in the DRC.
[http://chemistry.apache.org/ZjU4MGUzZDQtMTA3Ni00ZDk1LTgxYmItM2YwMDBiNTI1ODFlOzEuMA==-f580e3d4-1076-4d95-81bb-3f000b52581e] Object was created but could not be found in the DRC.
[http://chemistry.apache.org/ZjU4MGUzZDQtMTA3Ni00ZDk1LTgxYmItM2YwMDBiNTI1ODFlOzEuMA==-f580e3d4-1076-4d95-81bb-3f000b52581e] Object was updated but could not be found in the DRC.
[http://chemistry.apache.org/Y2ZlODczNzgtMTdkMy00ZjA0LTg5ZDQtMDIzYWI5Y2MyMTBmOzEuMA==-cfe87378-17d3-4f04-89d4-023ab9cc210f] Object was deleted but could not be found in the ZRC.
[http://chemistry.apache.org/ZjU4MGUzZDQtMTA3Ni00ZDk1LTgxYmItM2YwMDBiNTI1ODFlOzEuMA==-f580e3d4-1076-4d95-81bb-3f000b52581e] Object was deleted but could not be found in the ZRC.
[http://chemistry.apache.org/MzQ3OGU5YjAtYjk4Mi00MTQ1LTk0ZTQtYzlmODZjZGJjZWUx-3478e9b0-b982-4145-94e4-c9f86cdbcee1] Object was deleted but could not be found in the ZRC.
[http://chemistry.apache.org/ZTVkNzE5YjUtMDFkYy00ZmZjLWFkNzktMzBiZmUzZDA5YTg2-e5d719b5-01dc-4ffc-ad79-30bfe3d09a86] Object was deleted but could not be found in the ZRC.
[http://chemistry.apache.org/ZGU4ZDMwZGUtYmVhZS00NjVhLWE4MTYtNTNkMjljN2NmZTcw-de8d30de-beae-465a-a816-53d29c7cfe70] Object was created but could not be found in the DRC.
[http://chemistry.apache.org/NWMyZWE0MWQtYmU3NS00NDc1LThjMTQtMjliOGM5ZWUwMTVk-5c2ea41d-be75-4475-8c14-29b8c9ee015d] Object was created but could not be found in the DRC.
[http://chemistry.apache.org/MzgzZmMzODItODlkNC00OTFiLTliMTQtOTU4Y2QwOThjY2EyOzEuMA==-383fc382-89d4-491b-9b14-958cd098cca2] Object was created but could not be found in the DRC.
[http://chemistry.apache.org/MzgzZmMzODItODlkNC00OTFiLTliMTQtOTU4Y2QwOThjY2EyOzEuMA==-383fc382-89d4-491b-9b14-958cd098cca2] Object was updated but could not be found in the DRC.
[http://chemistry.apache.org/MWVlOTY1ZDgtZmRmNS00NmFlLWE1ZjYtYzE4MDJjMTU3NThmOzEuMA==-1ee965d8-fdf5-46ae-a5f6-c1802c15758f] Object was created but could not be found in the DRC.
[http://chemistry.apache.org/MWVlOTY1ZDgtZmRmNS00NmFlLWE1ZjYtYzE4MDJjMTU3NThmOzEuMA==-1ee965d8-fdf5-46ae-a5f6-c1802c15758f] Object was updated but could not be found in the DRC.
[http://chemistry.apache.org/MzgzZmMzODItODlkNC00OTFiLTliMTQtOTU4Y2QwOThjY2EyOzEuMA==-383fc382-89d4-491b-9b14-958cd098cca2] Object was deleted but could not be found in the ZRC.
[http://chemistry.apache.org/MWVlOTY1ZDgtZmRmNS00NmFlLWE1ZjYtYzE4MDJjMTU3NThmOzEuMA==-1ee965d8-fdf5-46ae-a5f6-c1802c15758f] Object was deleted but could not be found in the ZRC.
[http://chemistry.apache.org/NWMyZWE0MWQtYmU3NS00NDc1LThjMTQtMjliOGM5ZWUwMTVk-5c2ea41d-be75-4475-8c14-29b8c9ee015d] Object was deleted but could not be found in the ZRC.
[http://chemistry.apache.org/ZGU4ZDMwZGUtYmVhZS00NjVhLWE4MTYtNTNkMjljN2NmZTcw-de8d30de-beae-465a-a816-53d29c7cfe70] Object was deleted but could not be found in the ZRC.
[http://chemistry.apache.org/YjNjZjExYmQtYjE1NC00MmYyLTk0YTItMjdjMjFkOTZmMjgz-b3cf11bd-b154-42f2-94a2-27c21d96f283] Object was created but could not be found in the DRC.
[http://chemistry.apache.org/NTE5NTZhMzEtNjIyNi00NjczLWIzYTMtOTYzM2QwYmRkNDdl-51956a31-6226-4673-b3a3-9633d0bdd47e] Object was created but could not be found in the DRC.
[http://chemistry.apache.org/MzRhYjk5NjQtNzJlMC00ZTIzLWFjOWItNTYzNmI1MGI2NGVjOzEuMA==-34ab9964-72e0-4e23-ac9b-5636b50b64ec] Object was created but could not be found in the DRC.
[http://chemistry.apache.org/MzRhYjk5NjQtNzJlMC00ZTIzLWFjOWItNTYzNmI1MGI2NGVjOzEuMA==-34ab9964-72e0-4e23-ac9b-5636b50b64ec] Object was updated but could not be found in the DRC.
[http://chemistry.apache.org/YTUyNjdiOWItMWE2Zi00NzIxLWEwODItZWQwNDAyYjJhOTg3OzEuMA==-a5267b9b-1a6f-4721-a082-ed0402b2a987] Object was created but could not be found in the DRC.
[http://chemistry.apache.org/YTUyNjdiOWItMWE2Zi00NzIxLWEwODItZWQwNDAyYjJhOTg3OzEuMA==-a5267b9b-1a6f-4721-a082-ed0402b2a987] Object was updated but could not be found in the DRC.
[http://chemistry.apache.org/MzRhYjk5NjQtNzJlMC00ZTIzLWFjOWItNTYzNmI1MGI2NGVjOzEuMA==-34ab9964-72e0-4e23-ac9b-5636b50b64ec] Object was deleted but could not be found in the ZRC.
[http://chemistry.apache.org/YTUyNjdiOWItMWE2Zi00NzIxLWEwODItZWQwNDAyYjJhOTg3OzEuMA==-a5267b9b-1a6f-4721-a082-ed0402b2a987] Object was deleted but could not be found in the ZRC.
[http://chemistry.apache.org/NTE5NTZhMzEtNjIyNi00NjczLWIzYTMtOTYzM2QwYmRkNDdl-51956a31-6226-4673-b3a3-9633d0bdd47e] Object was deleted but could not be found in the ZRC.
[http://chemistry.apache.org/YjNjZjExYmQtYjE1NC00MmYyLTk0YTItMjdjMjFkOTZmMjgz-b3cf11bd-b154-42f2-94a2-27c21d96f283] Object was deleted but could not be found in the ZRC.
[http://chemistry.apache.org/ZjkxNWQyNmQtYTNjOS00ODg4LWFmNzgtOGRmODZhOWYyZjA5-f915d26d-a3c9-4888-af78-8df86a9f2f09] Object was created but could not be found in the DRC.
[http://chemistry.apache.org/N2RkMmEzNDYtMDM0Ny00YzMxLWFjYjgtNDQxZDc2ZTA1NTU1-7dd2a346-0347-4c31-acb8-441d76e05555] Object was created but could not be found in the DRC.
[http://chemistry.apache.org/N2RkMmEzNDYtMDM0Ny00YzMxLWFjYjgtNDQxZDc2ZTA1NTU1-7dd2a346-0347-4c31-acb8-441d76e05555] Object was deleted but could not be found in the ZRC.
[http://chemistry.apache.org/ZjkxNWQyNmQtYTNjOS00ODg4LWFmNzgtOGRmODZhOWYyZjA5-f915d26d-a3c9-4888-af78-8df86a9f2f09] Object was deleted but could not be found in the ZRC.
[http://chemistry.apache.org/MmU4NDlkNDEtNDdjZi00OWFiLWEwZDEtYmZkZjkxMDA5MmE3-2e849d41-47cf-49ab-a0d1-bfdf910092a7] Object was created but could not be found in the DRC.
[http://chemistry.apache.org/NDkwNmU2NmItMTNjNC00NTc0LTkxYjktZDllZGNiYmUzMGY5-4906e66b-13c4-4574-91b9-d9edcbbe30f9] Object was created but could not be found in the DRC.
[http://chemistry.apache.org/NDkwNmU2NmItMTNjNC00NTc0LTkxYjktZDllZGNiYmUzMGY5-4906e66b-13c4-4574-91b9-d9edcbbe30f9] Object was deleted but could not be found in the ZRC.
[http://chemistry.apache.org/MmU4NDlkNDEtNDdjZi00OWFiLWEwZDEtYmZkZjkxMDA5MmE3-2e849d41-47cf-49ab-a0d1-bfdf910092a7] Object was deleted but could not be found in the ZRC.
[http://chemistry.apache.org/OTFhODUwNTAtZGNhNS00MTc3LWIwYWMtZTc1Y2ZjZTAyYmQ2-91a85050-dca5-4177-b0ac-e75cfce02bd6] Object was created but could not be found in the DRC.
[http://chemistry.apache.org/ODVjNGU5ZGQtMjFlNS00ZjcxLWEyNTYtZmI3YWI2ZGIwMTg1-85c4e9dd-21e5-4f71-a256-fb7ab6db0185] Object was created but could not be found in the DRC.
[http://chemistry.apache.org/ODVjNGU5ZGQtMjFlNS00ZjcxLWEyNTYtZmI3YWI2ZGIwMTg1-85c4e9dd-21e5-4f71-a256-fb7ab6db0185] Object was deleted but could not be found in the ZRC.
[http://chemistry.apache.org/OTFhODUwNTAtZGNhNS00MTc3LWIwYWMtZTc1Y2ZjZTAyYmQ2-91a85050-dca5-4177-b0ac-e75cfce02bd6] Object was deleted but could not be found in the ZRC.
[http://chemistry.apache.org/OWJiNjMyMTQtZWMwYy00MmRiLTgyMTQtOGYzMjBhMzUyZGU2-9bb63214-ec0c-42db-8214-8f320a352de6] Object was created but could not be found in the DRC.
[http://chemistry.apache.org/NTE4OTU4ZDEtNzM4OC00NjE4LThkYzktMGNiOGNmYzUyOGNk-518958d1-7388-4618-8dc9-0cb8cfc528cd] Object was created but could not be found in the DRC.
[http://chemistry.apache.org/NTg3MTQ0MzctZmY3NS00YWJjLWFkNmYtZDc3NWE3ZjJiM2U4-58714437-ff75-4abc-ad6f-d775a7f2b3e8] Object was created but could not be found in the DRC.
[http://chemistry.apache.org/NTE4OTU4ZDEtNzM4OC00NjE4LThkYzktMGNiOGNmYzUyOGNk-518958d1-7388-4618-8dc9-0cb8cfc528cd] Object was deleted but could not be found in the ZRC.
[http://chemistry.apache.org/NTg3MTQ0MzctZmY3NS00YWJjLWFkNmYtZDc3NWE3ZjJiM2U4-58714437-ff75-4abc-ad6f-d775a7f2b3e8] Object was deleted but could not be found in the ZRC.
[http://chemistry.apache.org/OWJiNjMyMTQtZWMwYy00MmRiLTgyMTQtOGYzMjBhMzUyZGU2-9bb63214-ec0c-42db-8214-8f320a352de6] Object was deleted but could not be found in the ZRC.
[http://chemistry.apache.org/NzYwYjI5OWItNDgxMi00YmJlLWE3MDItN2Q3MWM1ODM0YTA4-760b299b-4812-4bbe-a702-7d71c5834a08] Object was created but could not be found in the DRC.
[http://chemistry.apache.org/ZGFkMDZjYmEtYWQ2ZC00OTA5LWE1N2QtMzc2Y2RmZTQ5Y2Fm-dad06cba-ad6d-4909-a57d-376cdfe49caf] Object was created but could not be found in the DRC.
[http://chemistry.apache.org/ZGFkMDZjYmEtYWQ2ZC00OTA5LWE1N2QtMzc2Y2RmZTQ5Y2Fm-dad06cba-ad6d-4909-a57d-376cdfe49caf] Object was deleted but could not be found in the ZRC.
[http://chemistry.apache.org/NzYwYjI5OWItNDgxMi00YmJlLWE3MDItN2Q3MWM1ODM0YTA4-760b299b-4812-4bbe-a702-7d71c5834a08] Object was deleted but could not be found in the ZRC.
[http://chemistry.apache.org/MGRjY2EzYjktM2MxOS00ZDFkLWI4NjEtZjdiMTg3ZDg1M2E5-0dcca3b9-3c19-4d1d-b861-f7b187d853a9] Object was created but could not be found in the DRC.
[http://chemistry.apache.org/ZDVhMjVjY2ItOGY0Zi00YjUyLTkxMjctMzE2NGQ5ZTk4YWY1-d5a25ccb-8f4f-4b52-9127-3164d9e98af5] Object was created but could not be found in the DRC.
[http://chemistry.apache.org/ZDVhMjVjY2ItOGY0Zi00YjUyLTkxMjctMzE2NGQ5ZTk4YWY1-d5a25ccb-8f4f-4b52-9127-3164d9e98af5] Object was deleted but could not be found in the ZRC.
[http://chemistry.apache.org/MGRjY2EzYjktM2MxOS00ZDFkLWI4NjEtZjdiMTg3ZDg1M2E5-0dcca3b9-3c19-4d1d-b861-f7b187d853a9] Object was deleted but could not be found in the ZRC.
[http://chemistry.apache.org/MDAyNmNjNDItY2ZkMi00YTVjLWIxNjUtZTAwY2VlM2Q0OWJh-0026cc42-cfd2-4a5c-b165-e00cee3d49ba] Object was created but could not be found in the DRC.
[http://chemistry.apache.org/NzZiZmI4YTktY2M4ZS00ZjliLTk0MDUtZTYwYjNkNWNlNDhl-76bfb8a9-cc8e-4f9b-9405-e60b3d5ce48e] Object was created but could not be found in the DRC.
[http://chemistry.apache.org/NzZiZmI4YTktY2M4ZS00ZjliLTk0MDUtZTYwYjNkNWNlNDhl-76bfb8a9-cc8e-4f9b-9405-e60b3d5ce48e] Object was deleted but could not be found in the ZRC.
[http://chemistry.apache.org/MDAyNmNjNDItY2ZkMi00YTVjLWIxNjUtZTAwY2VlM2Q0OWJh-0026cc42-cfd2-4a5c-b165-e00cee3d49ba] Object was deleted but could not be found in the ZRC.
[http://chemistry.apache.org/ZDhlYTA2M2UtZTExNi00MjIzLWE5YzgtM2ExMTcyZDFlNjNj-d8ea063e-e116-4223-a9c8-3a1172d1e63c] Object was created but could not be found in the DRC.
[http://chemistry.apache.org/YzRlZTY5MmUtNWI2MS00YmQwLTg0YmItZTVmY2JiZmM2YTA5-c4ee692e-5b61-4bd0-84bb-e5fcbbfc6a09] Object was created but could not be found in the DRC.
[http://chemistry.apache.org/YzRlZTY5MmUtNWI2MS00YmQwLTg0YmItZTVmY2JiZmM2YTA5-c4ee692e-5b61-4bd0-84bb-e5fcbbfc6a09] Object was deleted but could not be found in the ZRC.
[http://chemistry.apache.org/ZDhlYTA2M2UtZTExNi00MjIzLWE5YzgtM2ExMTcyZDFlNjNj-d8ea063e-e116-4223-a9c8-3a1172d1e63c] Object was deleted but could not be found in the ZRC.
[http://chemistry.apache.org/MmY2OTRhOGMtYzFlOC00ZjZiLWI4MjMtZTE4YmJkOWRjMjcz-2f694a8c-c1e8-4f6b-b823-e18bbd9dc273] Object was created but could not be found in the DRC.
[http://chemistry.apache.org/OTQ1OTI5ODItNDMyNS00MTI1LWFkYmMtNzEwMjQyMTE3MDZk-94592982-4325-4125-adbc-71024211706d] Object was created but could not be found in the DRC.
[http://chemistry.apache.org/OTQ1OTI5ODItNDMyNS00MTI1LWFkYmMtNzEwMjQyMTE3MDZk-94592982-4325-4125-adbc-71024211706d] Object was deleted but could not be found in the ZRC.
[http://chemistry.apache.org/MmY2OTRhOGMtYzFlOC00ZjZiLWI4MjMtZTE4YmJkOWRjMjcz-2f694a8c-c1e8-4f6b-b823-e18bbd9dc273] Object was deleted but could not be found in the ZRC.
[http://chemistry.apache.org/NDEzODdlNGItMWYwMS00ZTJkLTk4ZWQtN2VkZmJjMWQwMjU2-41387e4b-1f01-4e2d-98ed-7edfbc1d0256] Object was created but could not be found in the DRC.
[http://chemistry.apache.org/OGJmNDI4NTUtODNiYi00MGUwLTkxZWUtMzM2NTIxOWUzYzc5-8bf42855-83bb-40e0-91ee-3365219e3c79] Object was created but could not be found in the DRC.
[http://chemistry.apache.org/NDA0MzkxZDgtYWU4Zi00Yzg1LTgyOTAtZDFlZmNiYzhhZWE4OzEuMA==-404391d8-ae8f-4c85-8290-d1efcbc8aea8] Object was created but could not be found in the DRC.
[http://chemistry.apache.org/NDA0MzkxZDgtYWU4Zi00Yzg1LTgyOTAtZDFlZmNiYzhhZWE4OzEuMA==-404391d8-ae8f-4c85-8290-d1efcbc8aea8] Object was updated but could not be found in the DRC.
[http://chemistry.apache.org/NDA0MzkxZDgtYWU4Zi00Yzg1LTgyOTAtZDFlZmNiYzhhZWE4OzEuMQ==-404391d8-ae8f-4c85-8290-d1efcbc8aea8] Object was deleted but could not be found in the ZRC.
[http://chemistry.apache.org/OGJmNDI4NTUtODNiYi00MGUwLTkxZWUtMzM2NTIxOWUzYzc5-8bf42855-83bb-40e0-91ee-3365219e3c79] Object was deleted but could not be found in the ZRC.
[http://chemistry.apache.org/NDEzODdlNGItMWYwMS00ZTJkLTk4ZWQtN2VkZmJjMWQwMjU2-41387e4b-1f01-4e2d-98ed-7edfbc1d0256] Object was deleted but could not be found in the ZRC.
[http://chemistry.apache.org/NWI4YTM2ZDYtZDMzOC00OTM4LWIxYjMtNzNjYTI5NzBlOGE0-5b8a36d6-d338-4938-b1b3-73ca2970e8a4] Object was created but could not be found in the DRC.
[http://chemistry.apache.org/MzZjZWMzOTEtNGNjMC00ZDgzLTg3YjUtMTRmNDdhYmJlNjUw-36cec391-4cc0-4d83-87b5-14f47abbe650] Object was created but could not be found in the DRC.
[http://chemistry.apache.org/MzZjZWMzOTEtNGNjMC00ZDgzLTg3YjUtMTRmNDdhYmJlNjUw-36cec391-4cc0-4d83-87b5-14f47abbe650] Object was deleted but could not be found in the ZRC.
[http://chemistry.apache.org/NWI4YTM2ZDYtZDMzOC00OTM4LWIxYjMtNzNjYTI5NzBlOGE0-5b8a36d6-d338-4938-b1b3-73ca2970e8a4] Object was deleted but could not be found in the ZRC.
[http://chemistry.apache.org/NzA5NTU5NGMtMjFmMy00MmZhLTk0YWMtOWIxMmJmMDg2ZWIx-7095594c-21f3-42fa-94ac-9b12bf086eb1] Object was created but could not be found in the DRC.
[http://chemistry.apache.org/YzU4NTY0NTMtM2MzOS00OWZmLWFlMDYtYzIxNmQxYWQ5MjBi-c5856453-3c39-49ff-ae06-c216d1ad920b] Object was created but could not be found in the DRC.
[http://chemistry.apache.org/ZjZkMzYyYjEtOGMwNS00NDAyLThkNDYtNGU3YWE4NjEyN2UxOzEuMA==-f6d362b1-8c05-4402-8d46-4e7aa86127e1] Object was created but could not be found in the DRC.
[http://chemistry.apache.org/ZjZkMzYyYjEtOGMwNS00NDAyLThkNDYtNGU3YWE4NjEyN2UxOzEuMA==-f6d362b1-8c05-4402-8d46-4e7aa86127e1] Object was updated but could not be found in the DRC.
[http://chemistry.apache.org/ZjZkMzYyYjEtOGMwNS00NDAyLThkNDYtNGU3YWE4NjEyN2UxOzEuMA==-f6d362b1-8c05-4402-8d46-4e7aa86127e1] Object was deleted but could not be found in the ZRC.
[http://chemistry.apache.org/YzU4NTY0NTMtM2MzOS00OWZmLWFlMDYtYzIxNmQxYWQ5MjBi-c5856453-3c39-49ff-ae06-c216d1ad920b] Object was deleted but could not be found in the ZRC.
[http://chemistry.apache.org/NzA5NTU5NGMtMjFmMy00MmZhLTk0YWMtOWIxMmJmMDg2ZWIx-7095594c-21f3-42fa-94ac-9b12bf086eb1] Object was deleted but could not be found in the ZRC.
[http://chemistry.apache.org/ODIxZTQwODMtZGE3NC00NjgzLWE3ODItNTZjYTZjNzFiYjcz-821e4083-da74-4683-a782-56ca6c71bb73] Object was created but could not be found in the DRC.
[http://chemistry.apache.org/ZmUzODg3ZjMtNzFjZS00YzdhLTgzNTItY2E4ZTljYzliMDRm-fe3887f3-71ce-4c7a-8352-ca8e9cc9b04f] Object was created but could not be found in the DRC.
[http://chemistry.apache.org/M2YwODRiMDYtMTg4Ni00NjFkLTk1MzAtYzhjYWNmOTJkODA1OzEuMA==-3f084b06-1886-461d-9530-c8cacf92d805] Object was created but could not be found in the DRC.
[http://chemistry.apache.org/M2YwODRiMDYtMTg4Ni00NjFkLTk1MzAtYzhjYWNmOTJkODA1OzEuMA==-3f084b06-1886-461d-9530-c8cacf92d805] Object was updated but could not be found in the DRC.
[http://chemistry.apache.org/M2YwODRiMDYtMTg4Ni00NjFkLTk1MzAtYzhjYWNmOTJkODA1OzEuMA==-3f084b06-1886-461d-9530-c8cacf92d805] Object was deleted but could not be found in the ZRC.
[http://chemistry.apache.org/ZmUzODg3ZjMtNzFjZS00YzdhLTgzNTItY2E4ZTljYzliMDRm-fe3887f3-71ce-4c7a-8352-ca8e9cc9b04f] Object was deleted but could not be found in the ZRC.
[http://chemistry.apache.org/ODIxZTQwODMtZGE3NC00NjgzLWE3ODItNTZjYTZjNzFiYjcz-821e4083-da74-4683-a782-56ca6c71bb73] Object was deleted but could not be found in the ZRC.
[http://chemistry.apache.org/NzUyODkxYTItMTViNy00MDgyLTllN2YtNDc2NDEwMDE1MTAx-752891a2-15b7-4082-9e7f-476410015101] Object was created but could not be found in the DRC.
[http://chemistry.apache.org/ZWIyYjk0ZDItMThiZi00NTg2LThiYjItMDZlYmQ1ZTQwMTE3-eb2b94d2-18bf-4586-8bb2-06ebd5e40117] Object was created but could not be found in the DRC.
[http://chemistry.apache.org/OTg0NjgwMTAtMDAxMS00NGM3LTkyYTQtMDZjNjhhNWUzYjJjOzEuMA==-98468010-0011-44c7-92a4-06c68a5e3b2c] Object was created but could not be found in the DRC.
[http://chemistry.apache.org/OTg0NjgwMTAtMDAxMS00NGM3LTkyYTQtMDZjNjhhNWUzYjJjOzEuMA==-98468010-0011-44c7-92a4-06c68a5e3b2c] Object was updated but could not be found in the DRC.
[http://chemistry.apache.org/OTg0NjgwMTAtMDAxMS00NGM3LTkyYTQtMDZjNjhhNWUzYjJjOzEuMA==-98468010-0011-44c7-92a4-06c68a5e3b2c] Object was deleted but could not be found in the ZRC.
[http://chemistry.apache.org/ZWIyYjk0ZDItMThiZi00NTg2LThiYjItMDZlYmQ1ZTQwMTE3-eb2b94d2-18bf-4586-8bb2-06ebd5e40117] Object was deleted but could not be found in the ZRC.
[http://chemistry.apache.org/NzUyODkxYTItMTViNy00MDgyLTllN2YtNDc2NDEwMDE1MTAx-752891a2-15b7-4082-9e7f-476410015101] Object was deleted but could not be found in the ZRC.
[http://chemistry.apache.org/Mjg5NWFkZTAtMTJjZi00NzdhLWExMzEtOTQ1YzliZTY5MmU0-2895ade0-12cf-477a-a131-945c9be692e4] Object was created but could not be found in the DRC.
[http://chemistry.apache.org/MjRkZTY4ZDctNjYzNy00ODE4LTgzZTAtNzJmNjA3NjcwNDI1-24de68d7-6637-4818-83e0-72f607670425] Object was created but could not be found in the DRC.
[http://chemistry.apache.org/MGY5OWJjNjQtZGYxYy00YWVmLTk0N2ItZWUxNGI1YWRkOGJhOzEuMA==-0f99bc64-df1c-4aef-947b-ee14b5add8ba] Object was created but could not be found in the DRC.
[http://chemistry.apache.org/MGY5OWJjNjQtZGYxYy00YWVmLTk0N2ItZWUxNGI1YWRkOGJhOzEuMA==-0f99bc64-df1c-4aef-947b-ee14b5add8ba] Object was updated but could not be found in the DRC.
[http://chemistry.apache.org/YzRhNTk4MjQtMjdkOS00NzNhLWI3NGQtYWRiMWU1Mjk1ZGQ4-c4a59824-27d9-473a-b74d-adb1e5295dd8] Object was created but could not be found in the DRC.
[http://chemistry.apache.org/MGY5OWJjNjQtZGYxYy00YWVmLTk0N2ItZWUxNGI1YWRkOGJhOzEuMA==-0f99bc64-df1c-4aef-947b-ee14b5add8ba] Object was deleted but could not be found in the ZRC.
[http://chemistry.apache.org/YzRhNTk4MjQtMjdkOS00NzNhLWI3NGQtYWRiMWU1Mjk1ZGQ4-c4a59824-27d9-473a-b74d-adb1e5295dd8] Object was deleted but could not be found in the ZRC.
[http://chemistry.apache.org/MjRkZTY4ZDctNjYzNy00ODE4LTgzZTAtNzJmNjA3NjcwNDI1-24de68d7-6637-4818-83e0-72f607670425] Object was deleted but could not be found in the ZRC.
[http://chemistry.apache.org/Mjg5NWFkZTAtMTJjZi00NzdhLWExMzEtOTQ1YzliZTY5MmU0-2895ade0-12cf-477a-a131-945c9be692e4] Object was deleted but could not be found in the ZRC.
[http://chemistry.apache.org/NGZjOGI0ZmYtZGU1Yy00NzBiLTkyYmMtMTRhZmQ0YWJlZDI0-4fc8b4ff-de5c-470b-92bc-14afd4abed24] Object was created but could not be found in the DRC.
[http://chemistry.apache.org/NjJhYTIzYjgtNmU1MS00NTIzLWFhMDctMDljMTE2NGNkN2Nk-62aa23b8-6e51-4523-aa07-09c1164cd7cd] Object was created but could not be found in the DRC.
[http://chemistry.apache.org/MjliMDhlZDItODI1Ni00NjJkLThiMTAtZjhlMWNjMmE0Zjg5OzEuMA==-29b08ed2-8256-462d-8b10-f8e1cc2a4f89] Object was created but could not be found in the DRC.
[http://chemistry.apache.org/MjliMDhlZDItODI1Ni00NjJkLThiMTAtZjhlMWNjMmE0Zjg5OzEuMA==-29b08ed2-8256-462d-8b10-f8e1cc2a4f89] Object was updated but could not be found in the DRC.
[http://chemistry.apache.org/MjliMDhlZDItODI1Ni00NjJkLThiMTAtZjhlMWNjMmE0Zjg5OzEuMA==-29b08ed2-8256-462d-8b10-f8e1cc2a4f89] Object was deleted but could not be found in the ZRC.
[http://chemistry.apache.org/NjJhYTIzYjgtNmU1MS00NTIzLWFhMDctMDljMTE2NGNkN2Nk-62aa23b8-6e51-4523-aa07-09c1164cd7cd] Object was deleted but could not be found in the ZRC.
[http://chemistry.apache.org/NGZjOGI0ZmYtZGU1Yy00NzBiLTkyYmMtMTRhZmQ0YWJlZDI0-4fc8b4ff-de5c-470b-92bc-14afd4abed24] Object was deleted but could not be found in the ZRC.
[http://chemistry.apache.org/NWRjMWMwNzgtNWNkNi00YmYxLWFjYTYtYWQwOGU0ZjYyZDk1-5dc1c078-5cd6-4bf1-aca6-ad08e4f62d95] Object was created but could not be found in the DRC.
[http://chemistry.apache.org/YWRlOWExMWQtOTkwYy00NzE2LTk1YmUtZmY0N2U3ZDU2YWM3-ade9a11d-990c-4716-95be-ff47e7d56ac7] Object was created but could not be found in the DRC.
[http://chemistry.apache.org/MmIzNDFkZWYtYjgwYy00MjBjLTllODUtMGYwODI0NDZhZGQ4OzEuMA==-2b341def-b80c-420c-9e85-0f082446add8] Object was created but could not be found in the DRC.
[http://chemistry.apache.org/MmIzNDFkZWYtYjgwYy00MjBjLTllODUtMGYwODI0NDZhZGQ4OzEuMA==-2b341def-b80c-420c-9e85-0f082446add8] Object was updated but could not be found in the DRC.
[http://chemistry.apache.org/MmIzNDFkZWYtYjgwYy00MjBjLTllODUtMGYwODI0NDZhZGQ4OzEuMA==-2b341def-b80c-420c-9e85-0f082446add8] Object was deleted but could not be found in the ZRC.
[http://chemistry.apache.org/MWEzY2NjNzUtZmFhNy00Njk5LWIyNmItYjU4YWMwYmY3Nzlm-1a3ccc75-faa7-4699-b26b-b58ac0bf779f] Object was created but could not be found in the DRC.
[http://chemistry.apache.org/MWEzY2NjNzUtZmFhNy00Njk5LWIyNmItYjU4YWMwYmY3Nzlm-1a3ccc75-faa7-4699-b26b-b58ac0bf779f] Object was deleted but could not be found in the ZRC.
[http://chemistry.apache.org/YWRlOWExMWQtOTkwYy00NzE2LTk1YmUtZmY0N2U3ZDU2YWM3-ade9a11d-990c-4716-95be-ff47e7d56ac7] Object was deleted but could not be found in the ZRC.
[http://chemistry.apache.org/NWRjMWMwNzgtNWNkNi00YmYxLWFjYTYtYWQwOGU0ZjYyZDk1-5dc1c078-5cd6-4bf1-aca6-ad08e4f62d95] Object was deleted but could not be found in the ZRC.
[http://chemistry.apache.org/OWY2YjYyMTAtNzI3Ny00YmFlLWFiZDMtMjI4NDFjOWQ1NzRhOzEuMA==-9f6b6210-7277-4bae-abd3-22841c9d574a] Object was created but could not be found in the DRC.
[http://chemistry.apache.org/OWY2YjYyMTAtNzI3Ny00YmFlLWFiZDMtMjI4NDFjOWQ1NzRhOzEuMA==-9f6b6210-7277-4bae-abd3-22841c9d574a] Object was updated but could not be found in the DRC.
[http://chemistry.apache.org/MDQzNTFkNmEtYzYxMy00OTBhLTkwYTUtYTVhMDcwYTc4NzIw-04351d6a-c613-490a-90a5-a5a070a78720] Object was created but could not be found in the DRC.
[http://chemistry.apache.org/ZThmYzBkMzUtYmQ5NS00OWQwLTg3MDYtMjIwMzRjYmQ0Y2Iz-e8fc0d35-bd95-49d0-8706-22034cbd4cb3] Object was created but could not be found in the DRC.
[http://chemistry.apache.org/ZThmYzBkMzUtYmQ5NS00OWQwLTg3MDYtMjIwMzRjYmQ0Y2Iz-e8fc0d35-bd95-49d0-8706-22034cbd4cb3] Object was deleted but could not be found in the ZRC.
[http://chemistry.apache.org/MDQzNTFkNmEtYzYxMy00OTBhLTkwYTUtYTVhMDcwYTc4NzIw-04351d6a-c613-490a-90a5-a5a070a78720] Object was deleted but could not be found in the ZRC.
[http://chemistry.apache.org/OTIxNTI4YjItNDYwMS00N2U0LWEwZTMtNzkzMDIzMmZiYWEy-921528b2-4601-47e4-a0e3-7930232fbaa2] Object was created but could not be found in the DRC.
[http://chemistry.apache.org/Mjc0OGJhYTQtYjg2YS00ZTFkLTg5NTItZjg1OGY1YzJmNjZk-2748baa4-b86a-4e1d-8952-f858f5c2f66d] Object was created but could not be found in the DRC.
[http://chemistry.apache.org/Mjc0OGJhYTQtYjg2YS00ZTFkLTg5NTItZjg1OGY1YzJmNjZk-2748baa4-b86a-4e1d-8952-f858f5c2f66d] Object was deleted but could not be found in the ZRC.
[http://chemistry.apache.org/OTIxNTI4YjItNDYwMS00N2U0LWEwZTMtNzkzMDIzMmZiYWEy-921528b2-4601-47e4-a0e3-7930232fbaa2] Object was deleted but could not be found in the ZRC.
[http://chemistry.apache.org/ZmExYjk2ZjgtMzJkOC00ZDUyLTg2ZjEtZWRhZjYyZTMwZjJi-fa1b96f8-32d8-4d52-86f1-edaf62e30f2b] Object was created but could not be found in the DRC.
[http://chemistry.apache.org/NDcxMDhhZGQtZjgzOC00NDVkLTliZTctOGNhYTY0NjkxODdk-47108add-f838-445d-9be7-8caa6469187d] Object was created but could not be found in the DRC.
[http://chemistry.apache.org/NDcxMDhhZGQtZjgzOC00NDVkLTliZTctOGNhYTY0NjkxODdk-47108add-f838-445d-9be7-8caa6469187d] Object was deleted but could not be found in the ZRC.
[http://chemistry.apache.org/ZmExYjk2ZjgtMzJkOC00ZDUyLTg2ZjEtZWRhZjYyZTMwZjJi-fa1b96f8-32d8-4d52-86f1-edaf62e30f2b] Object was deleted but could not be found in the ZRC.
[http://chemistry.apache.org/MWVhMmEwOWQtNzE0Yy00M2E3LWJiMTMtZTc3M2U2YTNmMWYy-1ea2a09d-714c-43a7-bb13-e773e6a3f1f2] Object was created but could not be found in the DRC.
[http://chemistry.apache.org/NmE4YmQ4OWYtNjMxNC00ZTk5LWExM2QtZDdhY2I3MjAzOGY0-6a8bd89f-6314-4e99-a13d-d7acb72038f4] Object was created but could not be found in the DRC.
[http://chemistry.apache.org/NmE4YmQ4OWYtNjMxNC00ZTk5LWExM2QtZDdhY2I3MjAzOGY0-6a8bd89f-6314-4e99-a13d-d7acb72038f4] Object was deleted but could not be found in the ZRC.
[http://chemistry.apache.org/MWVhMmEwOWQtNzE0Yy00M2E3LWJiMTMtZTc3M2U2YTNmMWYy-1ea2a09d-714c-43a7-bb13-e773e6a3f1f2] Object was deleted but could not be found in the ZRC.
[http://chemistry.apache.org/Y2FkMWFkODUtODhkOS00OGM5LWJiYTUtMzNjNDc1YTgxODlh-cad1ad85-88d9-48c9-bba5-33c475a8189a] Object was created but could not be found in the DRC.
[http://chemistry.apache.org/NGUzZmEyOTAtYjMwNy00MmRlLWE1NTktODNmZTQzMDYxNDFl-4e3fa290-b307-42de-a559-83fe4306141e] Object was created but could not be found in the DRC.
[http://chemistry.apache.org/NGUzZmEyOTAtYjMwNy00MmRlLWE1NTktODNmZTQzMDYxNDFl-4e3fa290-b307-42de-a559-83fe4306141e] Object was deleted but could not be found in the ZRC.
[http://chemistry.apache.org/Y2FkMWFkODUtODhkOS00OGM5LWJiYTUtMzNjNDc1YTgxODlh-cad1ad85-88d9-48c9-bba5-33c475a8189a] Object was deleted but could not be found in the ZRC.
[http://chemistry.apache.org/YzA4MGVmNzYtNDBkNy00Yjk0LWI0NTQtYWJhYTZlZDY0ZTg1-c080ef76-40d7-4b94-b454-abaa6ed64e85] Object was created but could not be found in the DRC.
[http://chemistry.apache.org/MjUxZTcyODEtYjk5ZS00ODI3LWE4OTAtYjZjZTA1NTZkZDgx-251e7281-b99e-4827-a890-b6ce0556dd81] Object was created but could not be found in the DRC.
[http://chemistry.apache.org/ZDNkNjY2YTctYTJiNS00NTU2LWIwYjItNjFmZmQ5OGFmYjllOzEuMA==-d3d666a7-a2b5-4556-b0b2-61ffd98afb9e] Object was created but could not be found in the DRC.
[http://chemistry.apache.org/ZDNkNjY2YTctYTJiNS00NTU2LWIwYjItNjFmZmQ5OGFmYjllOzEuMA==-d3d666a7-a2b5-4556-b0b2-61ffd98afb9e] Object was updated but could not be found in the DRC.
[http://chemistry.apache.org/NjFlYjAwNDEtNzE1MS00MWUxLWE5NmEtYjlkYjY2YTkzNWY0OzEuMA==-61eb0041-7151-41e1-a96a-b9db66a935f4] Object was created but could not be found in the DRC.
[http://chemistry.apache.org/NjFlYjAwNDEtNzE1MS00MWUxLWE5NmEtYjlkYjY2YTkzNWY0OzEuMA==-61eb0041-7151-41e1-a96a-b9db66a935f4] Object was updated but could not be found in the DRC.
[http://chemistry.apache.org/NjFlYjAwNDEtNzE1MS00MWUxLWE5NmEtYjlkYjY2YTkzNWY0OzEuMA==-61eb0041-7151-41e1-a96a-b9db66a935f4] Object was deleted but could not be found in the ZRC.
[http://chemistry.apache.org/YmE4NTBmOTUtNDViOC00YjZlLTlmOWMtMDZhNmNiYzEwYWU1OzEuMA==-ba850f95-45b8-4b6e-9f9c-06a6cbc10ae5] Object was created but could not be found in the DRC.
[http://chemistry.apache.org/YmE4NTBmOTUtNDViOC00YjZlLTlmOWMtMDZhNmNiYzEwYWU1OzEuMA==-ba850f95-45b8-4b6e-9f9c-06a6cbc10ae5] Object was updated but could not be found in the DRC.
[http://chemistry.apache.org/ZDNkNjY2YTctYTJiNS00NTU2LWIwYjItNjFmZmQ5OGFmYjllOzEuMA==-d3d666a7-a2b5-4556-b0b2-61ffd98afb9e] Object was deleted but could not be found in the ZRC.
[http://chemistry.apache.org/YmE4NTBmOTUtNDViOC00YjZlLTlmOWMtMDZhNmNiYzEwYWU1OzEuMA==-ba850f95-45b8-4b6e-9f9c-06a6cbc10ae5] Object was deleted but could not be found in the ZRC.
[http://chemistry.apache.org/MjUxZTcyODEtYjk5ZS00ODI3LWE4OTAtYjZjZTA1NTZkZDgx-251e7281-b99e-4827-a890-b6ce0556dd81] Object was deleted but could not be found in the ZRC.
[http://chemistry.apache.org/YzA4MGVmNzYtNDBkNy00Yjk0LWI0NTQtYWJhYTZlZDY0ZTg1-c080ef76-40d7-4b94-b454-abaa6ed64e85] Object was deleted but could not be found in the ZRC.
[http://chemistry.apache.org/NTc2NTliYzctZTJlNS00OTAzLThlNzMtMGQ4OGViYTYwZjZm-57659bc7-e2e5-4903-8e73-0d88eba60f6f] Object was created but could not be found in the DRC.
[http://chemistry.apache.org/MTkxOGZiYjItODk5My00OWU2LTg0NjUtMTI2N2E1MGYyNGRh-1918fbb2-8993-49e6-8465-1267a50f24da] Object was created but could not be found in the DRC.
[http://chemistry.apache.org/MzUzZmQwYjItN2RhMy00YmQzLTgxNWUtMTA2NTA2YWQ4NmFjOzEuMA==-353fd0b2-7da3-4bd3-815e-106506ad86ac] Object was created but could not be found in the DRC.
[http://chemistry.apache.org/MzUzZmQwYjItN2RhMy00YmQzLTgxNWUtMTA2NTA2YWQ4NmFjOzEuMA==-353fd0b2-7da3-4bd3-815e-106506ad86ac] Object was updated but could not be found in the DRC.
[http://chemistry.apache.org/ZjA0YWIwNGUtYjEyMS00NmUwLTgxODYtMWZlNjdmYTJlZGViOzEuMA==-f04ab04e-b121-46e0-8186-1fe67fa2edeb] Object was created but could not be found in the DRC.
[http://chemistry.apache.org/ZjA0YWIwNGUtYjEyMS00NmUwLTgxODYtMWZlNjdmYTJlZGViOzEuMA==-f04ab04e-b121-46e0-8186-1fe67fa2edeb] Object was updated but could not be found in the DRC.
[http://chemistry.apache.org/MzUzZmQwYjItN2RhMy00YmQzLTgxNWUtMTA2NTA2YWQ4NmFjOzEuMA==-353fd0b2-7da3-4bd3-815e-106506ad86ac] Object was deleted but could not be found in the ZRC.
[http://chemistry.apache.org/ZjA0YWIwNGUtYjEyMS00NmUwLTgxODYtMWZlNjdmYTJlZGViOzEuMA==-f04ab04e-b121-46e0-8186-1fe67fa2edeb] Object was deleted but could not be found in the ZRC.
[http://chemistry.apache.org/MTkxOGZiYjItODk5My00OWU2LTg0NjUtMTI2N2E1MGYyNGRh-1918fbb2-8993-49e6-8465-1267a50f24da] Object was deleted but could not be found in the ZRC.
[http://chemistry.apache.org/NTc2NTliYzctZTJlNS00OTAzLThlNzMtMGQ4OGViYTYwZjZm-57659bc7-e2e5-4903-8e73-0d88eba60f6f] Object was deleted but could not be found in the ZRC.
[http://chemistry.apache.org/NjgyYTE0ZWMtOGRmOC00YmEyLWEyNTktOTlhYTAxNjU5Zjk1-682a14ec-8df8-4ba2-a259-99aa01659f95] Object was created but could not be found in the DRC.
[http://chemistry.apache.org/ZDhhYjIyZjQtZDc2MC00YzIyLTk3NGEtOTI5NmRhYmViZThm-d8ab22f4-d760-4c22-974a-9296dabebe8f] Object was created but could not be found in the DRC.
[http://chemistry.apache.org/MmI0NGE1ZWItNjYwMC00NjVmLThiZmItOGViMGMwYTI0MmFlOzEuMA==-2b44a5eb-6600-465f-8bfb-8eb0c0a242ae] Object was created but could not be found in the DRC.
[http://chemistry.apache.org/MmI0NGE1ZWItNjYwMC00NjVmLThiZmItOGViMGMwYTI0MmFlOzEuMA==-2b44a5eb-6600-465f-8bfb-8eb0c0a242ae] Object was updated but could not be found in the DRC.
[http://chemistry.apache.org/Y2E2OTQ3YjAtNDBiMi00ZmIzLTgyZTMtYjUyNDUxZTc1Yjc4OzEuMA==-ca6947b0-40b2-4fb3-82e3-b52451e75b78] Object was created but could not be found in the DRC.
[http://chemistry.apache.org/Y2E2OTQ3YjAtNDBiMi00ZmIzLTgyZTMtYjUyNDUxZTc1Yjc4OzEuMA==-ca6947b0-40b2-4fb3-82e3-b52451e75b78] Object was updated but could not be found in the DRC.
[http://chemistry.apache.org/MmI0NGE1ZWItNjYwMC00NjVmLThiZmItOGViMGMwYTI0MmFlOzEuMA==-2b44a5eb-6600-465f-8bfb-8eb0c0a242ae] Object was deleted but could not be found in the ZRC.
[http://chemistry.apache.org/Y2E2OTQ3YjAtNDBiMi00ZmIzLTgyZTMtYjUyNDUxZTc1Yjc4OzEuMA==-ca6947b0-40b2-4fb3-82e3-b52451e75b78] Object was deleted but could not be found in the ZRC.
[http://chemistry.apache.org/ZDhhYjIyZjQtZDc2MC00YzIyLTk3NGEtOTI5NmRhYmViZThm-d8ab22f4-d760-4c22-974a-9296dabebe8f] Object was deleted but could not be found in the ZRC.
[http://chemistry.apache.org/NjgyYTE0ZWMtOGRmOC00YmEyLWEyNTktOTlhYTAxNjU5Zjk1-682a14ec-8df8-4ba2-a259-99aa01659f95] Object was deleted but could not be found in the ZRC.
[http://chemistry.apache.org/NTY4NGFjODItNjVhMi00NDhlLWIxZTQtZTQ2ZGI0ZjRjYTlm-5684ac82-65a2-448e-b1e4-e46db4f4ca9f] Object was created but could not be found in the DRC.
[http://chemistry.apache.org/MjNkZWFiZDAtYjRmYS00MTZkLTlkNWItZDc5YzE0ODIzYTc5-23deabd0-b4fa-416d-9d5b-d79c14823a79] Object was created but could not be found in the DRC.
[http://chemistry.apache.org/Njc5OTZiMzUtYmYxYS00ZmIyLTg3Y2EtZDcwZWU1NDU0MzY2OzEuMA==-67996b35-bf1a-4fb2-87ca-d70ee5454366] Object was created but could not be found in the DRC.
[http://chemistry.apache.org/Njc5OTZiMzUtYmYxYS00ZmIyLTg3Y2EtZDcwZWU1NDU0MzY2OzEuMA==-67996b35-bf1a-4fb2-87ca-d70ee5454366] Object was updated but could not be found in the DRC.
[http://chemistry.apache.org/NTQ5YzY5NGMtOGU4MS00OThkLTkwMWYtNWQyNzRmZmJhZmY4OzEuMA==-549c694c-8e81-498d-901f-5d274ffbaff8] Object was created but could not be found in the DRC.
[http://chemistry.apache.org/NTQ5YzY5NGMtOGU4MS00OThkLTkwMWYtNWQyNzRmZmJhZmY4OzEuMA==-549c694c-8e81-498d-901f-5d274ffbaff8] Object was updated but could not be found in the DRC.
[http://chemistry.apache.org/Njc5OTZiMzUtYmYxYS00ZmIyLTg3Y2EtZDcwZWU1NDU0MzY2OzEuMA==-67996b35-bf1a-4fb2-87ca-d70ee5454366] Object was deleted but could not be found in the ZRC.
[http://chemistry.apache.org/NTQ5YzY5NGMtOGU4MS00OThkLTkwMWYtNWQyNzRmZmJhZmY4OzEuMA==-549c694c-8e81-498d-901f-5d274ffbaff8] Object was deleted but could not be found in the ZRC.
[http://chemistry.apache.org/MjNkZWFiZDAtYjRmYS00MTZkLTlkNWItZDc5YzE0ODIzYTc5-23deabd0-b4fa-416d-9d5b-d79c14823a79] Object was deleted but could not be found in the ZRC.
[http://chemistry.apache.org/NTY4NGFjODItNjVhMi00NDhlLWIxZTQtZTQ2ZGI0ZjRjYTlm-5684ac82-65a2-448e-b1e4-e46db4f4ca9f] Object was deleted but could not be found in the ZRC.
[http://chemistry.apache.org/YTVlNWY1NWItYWNhYy00YTkwLWI2NjQtY2Q1MjkzYTU2Yjk3-a5e5f55b-acac-4a90-b664-cd5293a56b97] Object was created but could not be found in the DRC.
[http://chemistry.apache.org/YTEyYWYwYWItZDkxNy00NzVkLTgxYmEtODhjMTQ2NDEwMWQ5-a12af0ab-d917-475d-81ba-88c1464101d9] Object was created but could not be found in the DRC.
[http://chemistry.apache.org/YTEyYWYwYWItZDkxNy00NzVkLTgxYmEtODhjMTQ2NDEwMWQ5-a12af0ab-d917-475d-81ba-88c1464101d9] Object was deleted but could not be found in the ZRC.
[http://chemistry.apache.org/YTVlNWY1NWItYWNhYy00YTkwLWI2NjQtY2Q1MjkzYTU2Yjk3-a5e5f55b-acac-4a90-b664-cd5293a56b97] Object was deleted but could not be found in the ZRC.
[http://chemistry.apache.org/ZDRkZTExYzAtMjBhZS00Yzk4LTg5ZTQtZmUzNjQ2Y2I3Mjcz-d4de11c0-20ae-4c98-89e4-fe3646cb7273] Object was created but could not be found in the DRC.
[http://chemistry.apache.org/NzQzYjQwOTktYzIwZi00NGNhLTgyMGYtMjEzMTM2YjQ4ZDFm-743b4099-c20f-44ca-820f-213136b48d1f] Object was created but could not be found in the DRC.
[http://chemistry.apache.org/NzQzYjQwOTktYzIwZi00NGNhLTgyMGYtMjEzMTM2YjQ4ZDFm-743b4099-c20f-44ca-820f-213136b48d1f] Object was deleted but could not be found in the ZRC.
[http://chemistry.apache.org/ZDRkZTExYzAtMjBhZS00Yzk4LTg5ZTQtZmUzNjQ2Y2I3Mjcz-d4de11c0-20ae-4c98-89e4-fe3646cb7273] Object was deleted but could not be found in the ZRC.
[http://chemistry.apache.org/YWUzNGE2NGMtZjMxYy00MzgxLTljMTItM2M0YjA0M2JkNTli-ae34a64c-f31c-4381-9c12-3c4b043bd59b] Object was created but could not be found in the DRC.
[http://chemistry.apache.org/NzJkYzk1MDYtZjBmOC00ODg1LTk2YmUtNDc4YjdjZGE1ZDgx-72dc9506-f0f8-4885-96be-478b7cda5d81] Object was created but could not be found in the DRC.
[http://chemistry.apache.org/NzJkYzk1MDYtZjBmOC00ODg1LTk2YmUtNDc4YjdjZGE1ZDgx-72dc9506-f0f8-4885-96be-478b7cda5d81] Object was deleted but could not be found in the ZRC.
[http://chemistry.apache.org/YWUzNGE2NGMtZjMxYy00MzgxLTljMTItM2M0YjA0M2JkNTli-ae34a64c-f31c-4381-9c12-3c4b043bd59b] Object was deleted but could not be found in the ZRC.
[http://chemistry.apache.org/OGU5ZTdhYmMtZjY3ZS00YzJkLWExOWUtN2ZjNDVjOGI0ZmI5-8e9e7abc-f67e-4c2d-a19e-7fc45c8b4fb9] Object was created but could not be found in the DRC.
[http://chemistry.apache.org/ODA5YjNlNmUtZmM4My00NDg2LWFjMmYtNmE3MTIwNjgzYjE4-809b3e6e-fc83-4486-ac2f-6a7120683b18] Object was created but could not be found in the DRC.
[http://chemistry.apache.org/MzRjMGM3NzAtNGJiNy00MzA4LWE5ZDQtZTVhNzY5MjZhNjY0-34c0c770-4bb7-4308-a9d4-e5a76926a664] Object was created but could not be found in the DRC.
[http://chemistry.apache.org/ODA5YjNlNmUtZmM4My00NDg2LWFjMmYtNmE3MTIwNjgzYjE4-809b3e6e-fc83-4486-ac2f-6a7120683b18] Object was deleted but could not be found in the ZRC.
[http://chemistry.apache.org/MzRjMGM3NzAtNGJiNy00MzA4LWE5ZDQtZTVhNzY5MjZhNjY0-34c0c770-4bb7-4308-a9d4-e5a76926a664] Object was deleted but could not be found in the ZRC.
[http://chemistry.apache.org/OGU5ZTdhYmMtZjY3ZS00YzJkLWExOWUtN2ZjNDVjOGI0ZmI5-8e9e7abc-f67e-4c2d-a19e-7fc45c8b4fb9] Object was deleted but could not be found in the ZRC.
[http://chemistry.apache.org/YzQ2NTFjYTgtMGFmMS00OWNlLThhMzItMTA2ODAwMWM0M2I5-c4651ca8-0af1-49ce-8a32-1068001c43b9] Object was created but could not be found in the DRC.
[http://chemistry.apache.org/MmM0YzI1YmMtZDBiNy00ZjY1LWIyMGItYjIyZDU2YWM1NTkx-2c4c25bc-d0b7-4f65-b20b-b22d56ac5591] Object was created but could not be found in the DRC.
[http://chemistry.apache.org/MmM0YzI1YmMtZDBiNy00ZjY1LWIyMGItYjIyZDU2YWM1NTkx-2c4c25bc-d0b7-4f65-b20b-b22d56ac5591] Object was deleted but could not be found in the ZRC.
[http://chemistry.apache.org/YzQ2NTFjYTgtMGFmMS00OWNlLThhMzItMTA2ODAwMWM0M2I5-c4651ca8-0af1-49ce-8a32-1068001c43b9] Object was deleted but could not be found in the ZRC.
[http://chemistry.apache.org/NWJhOGRiNWItNWU2My00YjgwLWI5NzAtNDYyZjUzNmZmMTA0-5ba8db5b-5e63-4b80-b970-462f536ff104] Object was created but could not be found in the DRC.
[http://chemistry.apache.org/OTZjNDdlOTgtMTVlOC00NjMwLThmYjEtNzY0MzVjMjA2M2Vi-96c47e98-15e8-4630-8fb1-76435c2063eb] Object was created but could not be found in the DRC.
[http://chemistry.apache.org/OTZjNDdlOTgtMTVlOC00NjMwLThmYjEtNzY0MzVjMjA2M2Vi-96c47e98-15e8-4630-8fb1-76435c2063eb] Object was deleted but could not be found in the ZRC.
[http://chemistry.apache.org/NWJhOGRiNWItNWU2My00YjgwLWI5NzAtNDYyZjUzNmZmMTA0-5ba8db5b-5e63-4b80-b970-462f536ff104] Object was deleted but could not be found in the ZRC.
[http://chemistry.apache.org/ZjBmMjg2ODEtODZmZC00ZGIyLWJmMjMtNTgyZDU4ZjZhNTY0-f0f28681-86fd-4db2-bf23-582d58f6a564] Object was created but could not be found in the DRC.
[http://chemistry.apache.org/ZTBhMjE2YzUtMDE0OC00NzI0LWEyMDgtZjQ0OGNmMjAyNWNl-e0a216c5-0148-4724-a208-f448cf2025ce] Object was created but could not be found in the DRC.
[http://chemistry.apache.org/ZTBhMjE2YzUtMDE0OC00NzI0LWEyMDgtZjQ0OGNmMjAyNWNl-e0a216c5-0148-4724-a208-f448cf2025ce] Object was deleted but could not be found in the ZRC.
[http://chemistry.apache.org/ZjBmMjg2ODEtODZmZC00ZGIyLWJmMjMtNTgyZDU4ZjZhNTY0-f0f28681-86fd-4db2-bf23-582d58f6a564] Object was deleted but could not be found in the ZRC.
[http://chemistry.apache.org/M2JhYjc0Y2MtYTE2OC00ZWE0LTk1ODgtMmJkZTBmNjU4ZWMz-3bab74cc-a168-4ea4-9588-2bde0f658ec3] Object was created but could not be found in the DRC.
[http://chemistry.apache.org/YTA3ZjQwYzktYjllOC00ZDkyLWFjOWQtM2UzM2M5MTU4NDJh-a07f40c9-b9e8-4d92-ac9d-3e33c915842a] Object was created but could not be found in the DRC.
[http://chemistry.apache.org/YTA3ZjQwYzktYjllOC00ZDkyLWFjOWQtM2UzM2M5MTU4NDJh-a07f40c9-b9e8-4d92-ac9d-3e33c915842a] Object was deleted but could not be found in the ZRC.
[http://chemistry.apache.org/M2JhYjc0Y2MtYTE2OC00ZWE0LTk1ODgtMmJkZTBmNjU4ZWMz-3bab74cc-a168-4ea4-9588-2bde0f658ec3] Object was deleted but could not be found in the ZRC.
[http://chemistry.apache.org/NDg3ODg2OTktNmQxMi00NGI4LTk4ZjMtODExMmNiNWFlODNi-48788699-6d12-44b8-98f3-8112cb5ae83b] Object was created but could not be found in the DRC.
[http://chemistry.apache.org/YmQ2MDVhM2ItYWI3Yy00NTZkLWIwNWEtNmE5MTc5NzMzZGZi-bd605a3b-ab7c-456d-b05a-6a9179733dfb] Object was created but could not be found in the DRC.
[http://chemistry.apache.org/YmQ2MDVhM2ItYWI3Yy00NTZkLWIwNWEtNmE5MTc5NzMzZGZi-bd605a3b-ab7c-456d-b05a-6a9179733dfb] Object was deleted but could not be found in the ZRC.
[http://chemistry.apache.org/NDg3ODg2OTktNmQxMi00NGI4LTk4ZjMtODExMmNiNWFlODNi-48788699-6d12-44b8-98f3-8112cb5ae83b] Object was deleted but could not be found in the ZRC.
[http://chemistry.apache.org/ODA1YmUyNGItOTQ5Mi00MWY0LWI3MWYtYjJkODJlMTU4NzVl-805be24b-9492-41f4-b71f-b2d82e15875e] Object was created but could not be found in the DRC.
[http://chemistry.apache.org/NjliZjU2NDgtMDEzOC00YjZmLTk0MGItZjRlYmY4ZTNiMmQ4-69bf5648-0138-4b6f-940b-f4ebf8e3b2d8] Object was created but could not be found in the DRC.
[http://chemistry.apache.org/ZmYyZWE4YmItNzA3YS00MGQwLWEwNGItNTFjMDljOWFjOTk2OzEuMA==-ff2ea8bb-707a-40d0-a04b-51c09c9ac996] Object was created but could not be found in the DRC.
[http://chemistry.apache.org/ZmYyZWE4YmItNzA3YS00MGQwLWEwNGItNTFjMDljOWFjOTk2OzEuMA==-ff2ea8bb-707a-40d0-a04b-51c09c9ac996] Object was updated but could not be found in the DRC.
[http://chemistry.apache.org/ZmYyZWE4YmItNzA3YS00MGQwLWEwNGItNTFjMDljOWFjOTk2OzEuMQ==-ff2ea8bb-707a-40d0-a04b-51c09c9ac996] Object was deleted but could not be found in the ZRC.
[http://chemistry.apache.org/NjliZjU2NDgtMDEzOC00YjZmLTk0MGItZjRlYmY4ZTNiMmQ4-69bf5648-0138-4b6f-940b-f4ebf8e3b2d8] Object was deleted but could not be found in the ZRC.
[http://chemistry.apache.org/ODA1YmUyNGItOTQ5Mi00MWY0LWI3MWYtYjJkODJlMTU4NzVl-805be24b-9492-41f4-b71f-b2d82e15875e] Object was deleted but could not be found in the ZRC.
[http://chemistry.apache.org/ZTZmZWFkNGItZjQ2Mi00M2ZmLTk1YzktOGQ1ODg5ODhjOGM2-e6fead4b-f462-43ff-95c9-8d588988c8c6] Object was created but could not be found in the DRC.
[http://chemistry.apache.org/YWNkZDA5ZTYtYjg2Ni00MDY5LWJjMTUtMWM0ZDk1MjNjNGNl-acdd09e6-b866-4069-bc15-1c4d9523c4ce] Object was created but could not be found in the DRC.
[http://chemistry.apache.org/YWNkZDA5ZTYtYjg2Ni00MDY5LWJjMTUtMWM0ZDk1MjNjNGNl-acdd09e6-b866-4069-bc15-1c4d9523c4ce] Object was deleted but could not be found in the ZRC.
[http://chemistry.apache.org/ZTZmZWFkNGItZjQ2Mi00M2ZmLTk1YzktOGQ1ODg5ODhjOGM2-e6fead4b-f462-43ff-95c9-8d588988c8c6] Object was deleted but could not be found in the ZRC.
[http://chemistry.apache.org/N2M1ZjQ3NzgtOGY4Ny00Y2Q1LWIwNzEtOTE3MmI0ZGI1NTBm-7c5f4778-8f87-4cd5-b071-9172b4db550f] Object was created but could not be found in the DRC.
[http://chemistry.apache.org/NDRmZjI3MTgtOTc3OC00NTU5LWJiOWEtZDMyZWNkNzQzN2Mx-44ff2718-9778-4559-bb9a-d32ecd7437c1] Object was created but could not be found in the DRC.
[http://chemistry.apache.org/MzVlYjViNmItOWFlYS00MzBmLWIyNmEtYjQxZjU1ODQwNTRhOzEuMA==-35eb5b6b-9aea-430f-b26a-b41f5584054a] Object was created but could not be found in the DRC.
[http://chemistry.apache.org/MzVlYjViNmItOWFlYS00MzBmLWIyNmEtYjQxZjU1ODQwNTRhOzEuMA==-35eb5b6b-9aea-430f-b26a-b41f5584054a] Object was updated but could not be found in the DRC.
[http://chemistry.apache.org/MzVlYjViNmItOWFlYS00MzBmLWIyNmEtYjQxZjU1ODQwNTRhOzEuMA==-35eb5b6b-9aea-430f-b26a-b41f5584054a] Object was deleted but could not be found in the ZRC.
[http://chemistry.apache.org/NDRmZjI3MTgtOTc3OC00NTU5LWJiOWEtZDMyZWNkNzQzN2Mx-44ff2718-9778-4559-bb9a-d32ecd7437c1] Object was deleted but could not be found in the ZRC.
[http://chemistry.apache.org/N2M1ZjQ3NzgtOGY4Ny00Y2Q1LWIwNzEtOTE3MmI0ZGI1NTBm-7c5f4778-8f87-4cd5-b071-9172b4db550f] Object was deleted but could not be found in the ZRC.
[http://chemistry.apache.org/NTJiOTY3ZmYtZjllMC00ZTE2LTgzMmEtMDdmOWI3M2U3NWZm-52b967ff-f9e0-4e16-832a-07f9b73e75ff] Object was created but could not be found in the DRC.
[http://chemistry.apache.org/NWIzMWVkMTItMjZmYy00ZjAyLTkyNTctNWJkZjIyOGJhMmFl-5b31ed12-26fc-4f02-9257-5bdf228ba2ae] Object was created but could not be found in the DRC.
[http://chemistry.apache.org/NDc5M2NlYjktNjZkZS00YTc1LWFmMTUtZmM2NWE0Y2Q2OTdiOzEuMA==-4793ceb9-66de-4a75-af15-fc65a4cd697b] Object was created but could not be found in the DRC.
[http://chemistry.apache.org/NDc5M2NlYjktNjZkZS00YTc1LWFmMTUtZmM2NWE0Y2Q2OTdiOzEuMA==-4793ceb9-66de-4a75-af15-fc65a4cd697b] Object was updated but could not be found in the DRC.
[http://chemistry.apache.org/NDc5M2NlYjktNjZkZS00YTc1LWFmMTUtZmM2NWE0Y2Q2OTdiOzEuMA==-4793ceb9-66de-4a75-af15-fc65a4cd697b] Object was deleted but could not be found in the ZRC.
[http://chemistry.apache.org/NWIzMWVkMTItMjZmYy00ZjAyLTkyNTctNWJkZjIyOGJhMmFl-5b31ed12-26fc-4f02-9257-5bdf228ba2ae] Object was deleted but could not be found in the ZRC.
[http://chemistry.apache.org/NTJiOTY3ZmYtZjllMC00ZTE2LTgzMmEtMDdmOWI3M2U3NWZm-52b967ff-f9e0-4e16-832a-07f9b73e75ff] Object was deleted but could not be found in the ZRC.
[http://chemistry.apache.org/ZDllYTQxZWEtZjIyNC00OTNhLWJiMDktYWQ0M2ZhNmE3OTc3-d9ea41ea-f224-493a-bb09-ad43fa6a7977] Object was created but could not be found in the DRC.
[http://chemistry.apache.org/MTY4NzhkNDYtZmQxNC00MzA1LTk1MzMtZTg2MDI2NDBhZDE4-16878d46-fd14-4305-9533-e8602640ad18] Object was created but could not be found in the DRC.
[http://chemistry.apache.org/M2MzNTUxYWMtOGI1YS00M2NlLTg3N2MtNmRhNDc3OWIwZTdmOzEuMA==-3c3551ac-8b5a-43ce-877c-6da4779b0e7f] Object was created but could not be found in the DRC.
[http://chemistry.apache.org/M2MzNTUxYWMtOGI1YS00M2NlLTg3N2MtNmRhNDc3OWIwZTdmOzEuMA==-3c3551ac-8b5a-43ce-877c-6da4779b0e7f] Object was updated but could not be found in the DRC.
[http://chemistry.apache.org/M2MzNTUxYWMtOGI1YS00M2NlLTg3N2MtNmRhNDc3OWIwZTdmOzEuMA==-3c3551ac-8b5a-43ce-877c-6da4779b0e7f] Object was deleted but could not be found in the ZRC.
[http://chemistry.apache.org/MTY4NzhkNDYtZmQxNC00MzA1LTk1MzMtZTg2MDI2NDBhZDE4-16878d46-fd14-4305-9533-e8602640ad18] Object was deleted but could not be found in the ZRC.
[http://chemistry.apache.org/ZDllYTQxZWEtZjIyNC00OTNhLWJiMDktYWQ0M2ZhNmE3OTc3-d9ea41ea-f224-493a-bb09-ad43fa6a7977] Object was deleted but could not be found in the ZRC.
[http://chemistry.apache.org/MmMwMjdjY2MtYzU5MS00NTI2LThhNmYtMzkyOTU1YWI2MjA5-2c027ccc-c591-4526-8a6f-392955ab6209] Object was created but could not be found in the DRC.
[http://chemistry.apache.org/M2UyMDg5NjAtOWQ2MS00MzVkLTk0M2MtMzlhY2FjOWUyNjE1-3e208960-9d61-435d-943c-39acac9e2615] Object was created but could not be found in the DRC.
[http://chemistry.apache.org/NzFkYzNjNGUtMjBhMy00NDUxLWIyY2MtNWUxMmIxNTBlZWU3OzEuMA==-71dc3c4e-20a3-4451-b2cc-5e12b150eee7] Object was created but could not be found in the DRC.
[http://chemistry.apache.org/NzFkYzNjNGUtMjBhMy00NDUxLWIyY2MtNWUxMmIxNTBlZWU3OzEuMA==-71dc3c4e-20a3-4451-b2cc-5e12b150eee7] Object was updated but could not be found in the DRC.
[http://chemistry.apache.org/NTYyOTNiOWEtM2FiYy00NDI2LWEwYjEtNjBkZDMwNGE2MzIz-56293b9a-3abc-4426-a0b1-60dd304a6323] Object was created but could not be found in the DRC.
[http://chemistry.apache.org/NzFkYzNjNGUtMjBhMy00NDUxLWIyY2MtNWUxMmIxNTBlZWU3OzEuMA==-71dc3c4e-20a3-4451-b2cc-5e12b150eee7] Object was deleted but could not be found in the ZRC.
[http://chemistry.apache.org/NTYyOTNiOWEtM2FiYy00NDI2LWEwYjEtNjBkZDMwNGE2MzIz-56293b9a-3abc-4426-a0b1-60dd304a6323] Object was deleted but could not be found in the ZRC.
[http://chemistry.apache.org/M2UyMDg5NjAtOWQ2MS00MzVkLTk0M2MtMzlhY2FjOWUyNjE1-3e208960-9d61-435d-943c-39acac9e2615] Object was deleted but could not be found in the ZRC.
[http://chemistry.apache.org/MmMwMjdjY2MtYzU5MS00NTI2LThhNmYtMzkyOTU1YWI2MjA5-2c027ccc-c591-4526-8a6f-392955ab6209] Object was deleted but could not be found in the ZRC.
[http://chemistry.apache.org/NDBhNjQxZjQtMWQ0ZC00ZGNiLWI4MDMtNTAyNTJlYTJhZTk3-40a641f4-1d4d-4dcb-b803-50252ea2ae97] Object was created but could not be found in the DRC.
[http://chemistry.apache.org/YTVhMzQwMjAtYTUxNy00YjA1LTg1YzgtMmQ2MTdkZjQ2MmE4-a5a34020-a517-4b05-85c8-2d617df462a8] Object was created but could not be found in the DRC.
[http://chemistry.apache.org/M2NkZmM2MWYtZTVmZi00Y2JmLTlmNDQtOGZmMGQ3Y2VmZmViOzEuMA==-3cdfc61f-e5ff-4cbf-9f44-8ff0d7ceffeb] Object was created but could not be found in the DRC.
[http://chemistry.apache.org/M2NkZmM2MWYtZTVmZi00Y2JmLTlmNDQtOGZmMGQ3Y2VmZmViOzEuMA==-3cdfc61f-e5ff-4cbf-9f44-8ff0d7ceffeb] Object was updated but could not be found in the DRC.
[http://chemistry.apache.org/M2NkZmM2MWYtZTVmZi00Y2JmLTlmNDQtOGZmMGQ3Y2VmZmViOzEuMA==-3cdfc61f-e5ff-4cbf-9f44-8ff0d7ceffeb] Object was deleted but could not be found in the ZRC.
[http://chemistry.apache.org/YTVhMzQwMjAtYTUxNy00YjA1LTg1YzgtMmQ2MTdkZjQ2MmE4-a5a34020-a517-4b05-85c8-2d617df462a8] Object was deleted but could not be found in the ZRC.
[http://chemistry.apache.org/NDBhNjQxZjQtMWQ0ZC00ZGNiLWI4MDMtNTAyNTJlYTJhZTk3-40a641f4-1d4d-4dcb-b803-50252ea2ae97] Object was deleted but could not be found in the ZRC.
[http://chemistry.apache.org/NjRkYmMzZDgtZjQ1Zi00MjViLWE4MTQtZjdjNWFmYzRkMGE0-64dbc3d8-f45f-425b-a814-f7c5afc4d0a4] Object was created but could not be found in the DRC.
[http://chemistry.apache.org/NThiMjUwNWQtOTIzZS00ZmVlLWIyZTUtODM1MDE5YjE5ODhm-58b2505d-923e-4fee-b2e5-835019b1988f] Object was created but could not be found in the DRC.
[http://chemistry.apache.org/MmY3ZGI4NjktOTQwMS00NWIxLWI0MDItN2FiOTIzOGI2MjY2OzEuMA==-2f7db869-9401-45b1-b402-7ab9238b6266] Object was created but could not be found in the DRC.
[http://chemistry.apache.org/MmY3ZGI4NjktOTQwMS00NWIxLWI0MDItN2FiOTIzOGI2MjY2OzEuMA==-2f7db869-9401-45b1-b402-7ab9238b6266] Object was updated but could not be found in the DRC.
[http://chemistry.apache.org/MmY3ZGI4NjktOTQwMS00NWIxLWI0MDItN2FiOTIzOGI2MjY2OzEuMA==-2f7db869-9401-45b1-b402-7ab9238b6266] Object was deleted but could not be found in the ZRC.
[http://chemistry.apache.org/NWRiZDUwMGEtNzY4Yi00MWU2LWI5YjItZDM3NzE1NTdkZDgz-5dbd500a-768b-41e6-b9b2-d3771557dd83] Object was created but could not be found in the DRC.
[http://chemistry.apache.org/NWRiZDUwMGEtNzY4Yi00MWU2LWI5YjItZDM3NzE1NTdkZDgz-5dbd500a-768b-41e6-b9b2-d3771557dd83] Object was deleted but could not be found in the ZRC.
[http://chemistry.apache.org/NThiMjUwNWQtOTIzZS00ZmVlLWIyZTUtODM1MDE5YjE5ODhm-58b2505d-923e-4fee-b2e5-835019b1988f] Object was deleted but could not be found in the ZRC.
[http://chemistry.apache.org/NjRkYmMzZDgtZjQ1Zi00MjViLWE4MTQtZjdjNWFmYzRkMGE0-64dbc3d8-f45f-425b-a814-f7c5afc4d0a4] Object was deleted but could not be found in the ZRC.
[http://chemistry.apache.org/N2M0YjFkMTctMjJiMy00ZmJkLTlkZDEtNzM4ZTI4MjNhZjAwOzEuMA==-7c4b1d17-22b3-4fbd-9dd1-738e2823af00] Object was created but could not be found in the DRC.
[http://chemistry.apache.org/N2M0YjFkMTctMjJiMy00ZmJkLTlkZDEtNzM4ZTI4MjNhZjAwOzEuMA==-7c4b1d17-22b3-4fbd-9dd1-738e2823af00] Object was updated but could not be found in the DRC.
[http://chemistry.apache.org/Yzg2OGExYTItOWRkMy00OTIxLTliYTAtMDQ5ODg4YmZjNDA3OzEuMA==-c868a1a2-9dd3-4921-9ba0-049888bfc407] Object was created but could not be found in the DRC.
[http://chemistry.apache.org/Yzg2OGExYTItOWRkMy00OTIxLTliYTAtMDQ5ODg4YmZjNDA3OzEuMA==-c868a1a2-9dd3-4921-9ba0-049888bfc407] Object was updated but could not be found in the DRC.
[http://chemistry.apache.org/MTFhMWU4YWUtMTNjZS00NjIwLThiOTMtYmQyODhmMzk3MzYx-11a1e8ae-13ce-4620-8b93-bd288f397361] Object was created but could not be found in the DRC.
[http://chemistry.apache.org/MmVjNTNhZGQtNWJlNC00YTJmLThlMWQtMWE3NDEwMDAyNjhm-2ec53add-5be4-4a2f-8e1d-1a741000268f] Object was created but could not be found in the DRC.
[http://chemistry.apache.org/MmVjNTNhZGQtNWJlNC00YTJmLThlMWQtMWE3NDEwMDAyNjhm-2ec53add-5be4-4a2f-8e1d-1a741000268f] Object was deleted but could not be found in the ZRC.
[http://chemistry.apache.org/MTFhMWU4YWUtMTNjZS00NjIwLThiOTMtYmQyODhmMzk3MzYx-11a1e8ae-13ce-4620-8b93-bd288f397361] Object was deleted but could not be found in the ZRC.
[http://chemistry.apache.org/NzIzMWVlYTItM2JjYi00OTE2LTgwNWEtNDczM2JiMDQ4MzYz-7231eea2-3bcb-4916-805a-4733bb048363] Object was created but could not be found in the DRC.
[http://chemistry.apache.org/OGU5MTgxODAtN2YzNS00YTcxLWJiYzgtZjZiYzlkODViMmFh-8e918180-7f35-4a71-bbc8-f6bc9d85b2aa] Object was created but could not be found in the DRC.
[http://chemistry.apache.org/MTBkMDFkZjUtNTJjZS00NTVkLTk2OGYtNWYyZTk5ODE3NGE1OzEuMA==-10d01df5-52ce-455d-968f-5f2e998174a5] Object was created but could not be found in the DRC.
[http://chemistry.apache.org/MTBkMDFkZjUtNTJjZS00NTVkLTk2OGYtNWYyZTk5ODE3NGE1OzEuMA==-10d01df5-52ce-455d-968f-5f2e998174a5] Object was updated but could not be found in the DRC.
[http://chemistry.apache.org/OGNlZjViM2YtMDQzZi00YjI5LTkzMzUtYTkxZjU4Njg5YTBiOzEuMA==-8cef5b3f-043f-4b29-9335-a91f58689a0b] Object was created but could not be found in the DRC.
[http://chemistry.apache.org/OGNlZjViM2YtMDQzZi00YjI5LTkzMzUtYTkxZjU4Njg5YTBiOzEuMA==-8cef5b3f-043f-4b29-9335-a91f58689a0b] Object was updated but could not be found in the DRC.
[http://chemistry.apache.org/OGU5MTgxODAtN2YzNS00YTcxLWJiYzgtZjZiYzlkODViMmFh-8e918180-7f35-4a71-bbc8-f6bc9d85b2aa] Object was deleted but could not be found in the ZRC.
[http://chemistry.apache.org/NzIzMWVlYTItM2JjYi00OTE2LTgwNWEtNDczM2JiMDQ4MzYz-7231eea2-3bcb-4916-805a-4733bb048363] Object was deleted but could not be found in the ZRC.
[http://chemistry.apache.org/MDdlODZjNGYtMmJmOC00MjBlLTk5YTUtOGU2MzRmZGJlMzE1-07e86c4f-2bf8-420e-99a5-8e634fdbe315] Object was created but could not be found in the DRC.
[http://chemistry.apache.org/NjM4YmFjYzctNTBjZS00Y2E0LWFkNmQtMzc5ZWJjZTE2MDFh-638bacc7-50ce-4ca4-ad6d-379ebce1601a] Object was created but could not be found in the DRC.
[http://chemistry.apache.org/NGY4ZDQ4ZjMtZjg1Yy00NWEwLTk4MjUtYzRjOGNiY2FlOWNiOzEuMA==-4f8d48f3-f85c-45a0-9825-c4c8cbcae9cb] Object was created but could not be found in the DRC.
[http://chemistry.apache.org/NGY4ZDQ4ZjMtZjg1Yy00NWEwLTk4MjUtYzRjOGNiY2FlOWNiOzEuMA==-4f8d48f3-f85c-45a0-9825-c4c8cbcae9cb] Object was updated but could not be found in the DRC.
[http://chemistry.apache.org/YThkNTFkZTItYTJiNC00MmIzLWE3NzEtOTk4N2UyYWRjNjg0OzEuMA==-a8d51de2-a2b4-42b3-a771-9987e2adc684] Object was created but could not be found in the DRC.
[http://chemistry.apache.org/YThkNTFkZTItYTJiNC00MmIzLWE3NzEtOTk4N2UyYWRjNjg0OzEuMA==-a8d51de2-a2b4-42b3-a771-9987e2adc684] Object was updated but could not be found in the DRC.
[http://chemistry.apache.org/NjM4YmFjYzctNTBjZS00Y2E0LWFkNmQtMzc5ZWJjZTE2MDFh-638bacc7-50ce-4ca4-ad6d-379ebce1601a] Object was deleted but could not be found in the ZRC.
[http://chemistry.apache.org/MDdlODZjNGYtMmJmOC00MjBlLTk5YTUtOGU2MzRmZGJlMzE1-07e86c4f-2bf8-420e-99a5-8e634fdbe315] Object was deleted but could not be found in the ZRC.
[http://chemistry.apache.org/YTA2MjU2NGQtMTRmOS00ZjI2LTlhZmItMjc2MTk1ZGVkZGY5-a062564d-14f9-4f26-9afb-276195deddf9] Object was created but could not be found in the DRC.
[http://chemistry.apache.org/MDVlOGFlZTctYmQ3ZS00NTk4LWJlZDctOTllNzhkN2Y4ZWQy-05e8aee7-bd7e-4598-bed7-99e78d7f8ed2] Object was created but could not be found in the DRC.
[http://chemistry.apache.org/Njc4ZGViNmMtMjI4MC00NTMyLTg0NGMtZDQ3ODQ4MDI3ZGVhOzEuMA==-678deb6c-2280-4532-844c-d47848027dea] Object was created but could not be found in the DRC.
[http://chemistry.apache.org/Njc4ZGViNmMtMjI4MC00NTMyLTg0NGMtZDQ3ODQ4MDI3ZGVhOzEuMA==-678deb6c-2280-4532-844c-d47848027dea] Object was updated but could not be found in the DRC.
[http://chemistry.apache.org/MDVlOGFlZTctYmQ3ZS00NTk4LWJlZDctOTllNzhkN2Y4ZWQy-05e8aee7-bd7e-4598-bed7-99e78d7f8ed2] Object was deleted but could not be found in the ZRC.
[http://chemistry.apache.org/YTA2MjU2NGQtMTRmOS00ZjI2LTlhZmItMjc2MTk1ZGVkZGY5-a062564d-14f9-4f26-9afb-276195deddf9] Object was deleted but could not be found in the ZRC.
[http://chemistry.apache.org/NGJjZDFmY2ItNGI4YS00OGM4LTk1MTEtYTlkOWY2NGJhZDk1-4bcd1fcb-4b8a-48c8-9511-a9d9f64bad95] Object was created but could not be found in the DRC.
[http://chemistry.apache.org/MjZmMmUyZjYtN2YyZS00ZDA5LWExZTQtMGMyNmM4ZTI1Njk4-26f2e2f6-7f2e-4d09-a1e4-0c26c8e25698] Object was created but could not be found in the DRC.
[http://chemistry.apache.org/ODE5ZDcwYTAtM2VjOC00ZmU5LWFmZGYtZGY2YWM4NGQ2NzA5OzEuMA==-819d70a0-3ec8-4fe9-afdf-df6ac84d6709] Object was created but could not be found in the DRC.
[http://chemistry.apache.org/ODE5ZDcwYTAtM2VjOC00ZmU5LWFmZGYtZGY2YWM4NGQ2NzA5OzEuMA==-819d70a0-3ec8-4fe9-afdf-df6ac84d6709] Object was updated but could not be found in the DRC.
[http://chemistry.apache.org/M2VkZmYxYmQtMGQ5OC00MDM5LWIzM2MtYWY1NjQ5MzNhOTFjOzEuMA==-3edff1bd-0d98-4039-b33c-af564933a91c] Object was created but could not be found in the DRC.
[http://chemistry.apache.org/M2VkZmYxYmQtMGQ5OC00MDM5LWIzM2MtYWY1NjQ5MzNhOTFjOzEuMA==-3edff1bd-0d98-4039-b33c-af564933a91c] Object was updated but could not be found in the DRC.
[http://chemistry.apache.org/MjZmMmUyZjYtN2YyZS00ZDA5LWExZTQtMGMyNmM4ZTI1Njk4-26f2e2f6-7f2e-4d09-a1e4-0c26c8e25698] Object was deleted but could not be found in the ZRC.
[http://chemistry.apache.org/NGJjZDFmY2ItNGI4YS00OGM4LTk1MTEtYTlkOWY2NGJhZDk1-4bcd1fcb-4b8a-48c8-9511-a9d9f64bad95] Object was deleted but could not be found in the ZRC.
[http://chemistry.apache.org/MzJiNGFjNWQtMDIxYi00MjYyLWIwNTktOTczMGU4OWNmNDg0-32b4ac5d-021b-4262-b059-9730e89cf484] Object was created but could not be found in the DRC.
[http://chemistry.apache.org/YmM4Yjc2ZjEtZWQ0NC00OTA5LWE2YmUtNzRkNGI0MmQ2NzY0-bc8b76f1-ed44-4909-a6be-74d4b42d6764] Object was created but could not be found in the DRC.
[http://chemistry.apache.org/N2JmZjFlMDEtY2YzMC00MDZmLWFlY2MtNTk5MTNlM2Y1MzY2OzEuMA==-7bff1e01-cf30-406f-aecc-59913e3f5366] Object was created but could not be found in the DRC.
[http://chemistry.apache.org/N2JmZjFlMDEtY2YzMC00MDZmLWFlY2MtNTk5MTNlM2Y1MzY2OzEuMA==-7bff1e01-cf30-406f-aecc-59913e3f5366] Object was updated but could not be found in the DRC.
[http://chemistry.apache.org/MTczYTNjZjAtYzU4MS00Nzg5LTlmZDMtYWIwZjgyN2YwNGVmOzEuMA==-173a3cf0-c581-4789-9fd3-ab0f827f04ef] Object was created but could not be found in the DRC.
[http://chemistry.apache.org/MTczYTNjZjAtYzU4MS00Nzg5LTlmZDMtYWIwZjgyN2YwNGVmOzEuMA==-173a3cf0-c581-4789-9fd3-ab0f827f04ef] Object was updated but could not be found in the DRC.
[http://chemistry.apache.org/YmM4Yjc2ZjEtZWQ0NC00OTA5LWE2YmUtNzRkNGI0MmQ2NzY0-bc8b76f1-ed44-4909-a6be-74d4b42d6764] Object was deleted but could not be found in the ZRC.
[http://chemistry.apache.org/MzJiNGFjNWQtMDIxYi00MjYyLWIwNTktOTczMGU4OWNmNDg0-32b4ac5d-021b-4262-b059-9730e89cf484] Object was deleted but could not be found in the ZRC.
[http://chemistry.apache.org/NWExMmU5NTUtN2M2MC00ZDIzLWE4ZTktYzZjZGI2YzJmZmEx-5a12e955-7c60-4d23-a8e9-c6cdb6c2ffa1] Object was created but could not be found in the DRC.
[http://chemistry.apache.org/ZWU3NjM2N2YtYzA0Zi00OGY5LWI3OWYtYWQ4NzgwMTJhYzJj-ee76367f-c04f-48f9-b79f-ad878012ac2c] Object was created but could not be found in the DRC.
[http://chemistry.apache.org/OGNmN2Q5NTktYWRjMy00YzFkLThlNTQtNjE1MDJhNWQ1MzUxOzEuMA==-8cf7d959-adc3-4c1d-8e54-61502a5d5351] Object was created but could not be found in the DRC.
[http://chemistry.apache.org/OGNmN2Q5NTktYWRjMy00YzFkLThlNTQtNjE1MDJhNWQ1MzUxOzEuMA==-8cf7d959-adc3-4c1d-8e54-61502a5d5351] Object was updated but could not be found in the DRC.
[http://chemistry.apache.org/ZWU3NjM2N2YtYzA0Zi00OGY5LWI3OWYtYWQ4NzgwMTJhYzJj-ee76367f-c04f-48f9-b79f-ad878012ac2c] Object was deleted but could not be found in the ZRC.
[http://chemistry.apache.org/NWExMmU5NTUtN2M2MC00ZDIzLWE4ZTktYzZjZGI2YzJmZmEx-5a12e955-7c60-4d23-a8e9-c6cdb6c2ffa1] Object was deleted but could not be found in the ZRC.
[http://chemistry.apache.org/NGYwNGVmMTYtYTA2Ni00MGQxLTk0MWEtYTFiNzk3MzQyYTRl-4f04ef16-a066-40d1-941a-a1b797342a4e] Object was created but could not be found in the DRC.
[http://chemistry.apache.org/ODNmMjAyMzMtMWNhNi00MTYyLTg3YjEtMzlmNzJlOTQ3ODkz-83f20233-1ca6-4162-87b1-39f72e947893] Object was created but could not be found in the DRC.
[http://chemistry.apache.org/NDhhMWU3NGUtZWRkMi00Mjk3LTg3YTUtNDM3OWZmZGZmMGI0OzEuMA==-48a1e74e-edd2-4297-87a5-4379ffdff0b4] Object was created but could not be found in the DRC.
[http://chemistry.apache.org/NDhhMWU3NGUtZWRkMi00Mjk3LTg3YTUtNDM3OWZmZGZmMGI0OzEuMA==-48a1e74e-edd2-4297-87a5-4379ffdff0b4] Object was updated but could not be found in the DRC.
[http://chemistry.apache.org/Y2JjNjgzZjQtM2FkYi00NTQ3LTgzNzUtMWZjZDhmZTlkMDhjOzEuMA==-cbc683f4-3adb-4547-8375-1fcd8fe9d08c] Object was created but could not be found in the DRC.
[http://chemistry.apache.org/Y2JjNjgzZjQtM2FkYi00NTQ3LTgzNzUtMWZjZDhmZTlkMDhjOzEuMA==-cbc683f4-3adb-4547-8375-1fcd8fe9d08c] Object was updated but could not be found in the DRC.
[http://chemistry.apache.org/ODNmMjAyMzMtMWNhNi00MTYyLTg3YjEtMzlmNzJlOTQ3ODkz-83f20233-1ca6-4162-87b1-39f72e947893] Object was deleted but could not be found in the ZRC.
[http://chemistry.apache.org/NGYwNGVmMTYtYTA2Ni00MGQxLTk0MWEtYTFiNzk3MzQyYTRl-4f04ef16-a066-40d1-941a-a1b797342a4e] Object was deleted but could not be found in the ZRC.
[http://chemistry.apache.org/ZjUwZGIyZjctOTRhZS00MzEzLWIyMDktMDE5MDA5YzQ3YTYy-f50db2f7-94ae-4313-b209-019009c47a62] Object was created but could not be found in the DRC.
[http://chemistry.apache.org/ZDk0ZWRjODAtMzcxYS00ZDgwLWEyYmEtOTYzY2MwZDJhODZj-d94edc80-371a-4d80-a2ba-963cc0d2a86c] Object was created but could not be found in the DRC.
[http://chemistry.apache.org/OWZlNTg1YzktNDEwYi00MjFiLWIwMDctZjE2NTkyYzZiZTNjOzEuMA==-9fe585c9-410b-421b-b007-f16592c6be3c] Object was created but could not be found in the DRC.
[http://chemistry.apache.org/OWZlNTg1YzktNDEwYi00MjFiLWIwMDctZjE2NTkyYzZiZTNjOzEuMA==-9fe585c9-410b-421b-b007-f16592c6be3c] Object was updated but could not be found in the DRC.
[http://chemistry.apache.org/MGQzYjIzOTgtMmY4ZS00ODM5LWE0ZDctYTEwNDFhZWJiMmZmOzEuMA==-0d3b2398-2f8e-4839-a4d7-a1041aebb2ff] Object was created but could not be found in the DRC.
[http://chemistry.apache.org/MGQzYjIzOTgtMmY4ZS00ODM5LWE0ZDctYTEwNDFhZWJiMmZmOzEuMA==-0d3b2398-2f8e-4839-a4d7-a1041aebb2ff] Object was updated but could not be found in the DRC.
[http://chemistry.apache.org/ZDk0ZWRjODAtMzcxYS00ZDgwLWEyYmEtOTYzY2MwZDJhODZj-d94edc80-371a-4d80-a2ba-963cc0d2a86c] Object was deleted but could not be found in the ZRC.
[http://chemistry.apache.org/ZjUwZGIyZjctOTRhZS00MzEzLWIyMDktMDE5MDA5YzQ3YTYy-f50db2f7-94ae-4313-b209-019009c47a62] Object was deleted but could not be found in the ZRC.
[http://chemistry.apache.org/NzMzZjY4M2ItZjk2My00ZGRjLWFjN2UtNzczYjg0ZGEwNTgx-733f683b-f963-4ddc-ac7e-773b84da0581] Object was created but could not be found in the DRC.
[http://chemistry.apache.org/OTdiZTI5ODItN2E2NS00OTI2LWIwMjktZDgyNjhjMzJmNmVm-97be2982-7a65-4926-b029-d8268c32f6ef] Object was created but could not be found in the DRC.
[http://chemistry.apache.org/ZmUyZWNhZWQtNGU2OS00ZDlmLTllYWItMjI2ZTg0ZDBlYjA2OzEuMA==-fe2ecaed-4e69-4d9f-9eab-226e84d0eb06] Object was created but could not be found in the DRC.
[http://chemistry.apache.org/ZmUyZWNhZWQtNGU2OS00ZDlmLTllYWItMjI2ZTg0ZDBlYjA2OzEuMA==-fe2ecaed-4e69-4d9f-9eab-226e84d0eb06] Object was updated but could not be found in the DRC.
[http://chemistry.apache.org/OTdiZTI5ODItN2E2NS00OTI2LWIwMjktZDgyNjhjMzJmNmVm-97be2982-7a65-4926-b029-d8268c32f6ef] Object was deleted but could not be found in the ZRC.
[http://chemistry.apache.org/NzMzZjY4M2ItZjk2My00ZGRjLWFjN2UtNzczYjg0ZGEwNTgx-733f683b-f963-4ddc-ac7e-773b84da0581] Object was deleted but could not be found in the ZRC.
[http://chemistry.apache.org/NTZhMTBiNWQtODZkZi00YzAzLWJjYmUtYzczMmJjZmVlOWZj-56a10b5d-86df-4c03-bcbe-c732bcfee9fc] Object was created but could not be found in the DRC.
[http://chemistry.apache.org/NjM4NTA5YWItYjlhMi00OGI1LWI5NTItOGEwNDllMGQ1YTIx-638509ab-b9a2-48b5-b952-8a049e0d5a21] Object was created but could not be found in the DRC.
[http://chemistry.apache.org/ZDYyOWZlZGUtNzZiZi00YjdkLTlhM2EtYjY0NDE3ZThlMDYzOzEuMA==-d629fede-76bf-4b7d-9a3a-b64417e8e063] Object was created but could not be found in the DRC.
[http://chemistry.apache.org/ZDYyOWZlZGUtNzZiZi00YjdkLTlhM2EtYjY0NDE3ZThlMDYzOzEuMA==-d629fede-76bf-4b7d-9a3a-b64417e8e063] Object was updated but could not be found in the DRC.
[http://chemistry.apache.org/NWI0NGM0MmUtODQ0NS00OGRhLTgwYWUtMzE3N2FlZDg3NzY5OzEuMA==-5b44c42e-8445-48da-80ae-3177aed87769] Object was created but could not be found in the DRC.
[http://chemistry.apache.org/NWI0NGM0MmUtODQ0NS00OGRhLTgwYWUtMzE3N2FlZDg3NzY5OzEuMA==-5b44c42e-8445-48da-80ae-3177aed87769] Object was updated but could not be found in the DRC.
[http://chemistry.apache.org/NjM4NTA5YWItYjlhMi00OGI1LWI5NTItOGEwNDllMGQ1YTIx-638509ab-b9a2-48b5-b952-8a049e0d5a21] Object was deleted but could not be found in the ZRC.
[http://chemistry.apache.org/NTZhMTBiNWQtODZkZi00YzAzLWJjYmUtYzczMmJjZmVlOWZj-56a10b5d-86df-4c03-bcbe-c732bcfee9fc] Object was deleted but could not be found in the ZRC.
[http://chemistry.apache.org/MmI5M2Y2YzYtZjYzZi00N2Y0LTkwYmItMDUxY2VkZjFkYjE0-2b93f6c6-f63f-47f4-90bb-051cedf1db14] Object was created but could not be found in the DRC.
[http://chemistry.apache.org/MGJmNDMzMjUtOWI1Ny00YWU1LWFhMTItNzFmZWQwYTQ5NWRi-0bf43325-9b57-4ae5-aa12-71fed0a495db] Object was created but could not be found in the DRC.
[http://chemistry.apache.org/MGJmNDMzMjUtOWI1Ny00YWU1LWFhMTItNzFmZWQwYTQ5NWRi-0bf43325-9b57-4ae5-aa12-71fed0a495db] Object was deleted but could not be found in the ZRC.
[http://chemistry.apache.org/MmI5M2Y2YzYtZjYzZi00N2Y0LTkwYmItMDUxY2VkZjFkYjE0-2b93f6c6-f63f-47f4-90bb-051cedf1db14] Object was deleted but could not be found in the ZRC.
[http://chemistry.apache.org/OGQxNjQ5OGQtNGQxZS00NDU5LThhNjQtYjViM2VkZDNjYTJl-8d16498d-4d1e-4459-8a64-b5b3edd3ca2e] Object was created but could not be found in the DRC.
[http://chemistry.apache.org/Y2NlOTQ3YTEtZTczYS00M2NlLTkyZDEtNTY3NDZlYTRhNjEx-cce947a1-e73a-43ce-92d1-56746ea4a611] Object was created but could not be found in the DRC.
[http://chemistry.apache.org/Y2NlOTQ3YTEtZTczYS00M2NlLTkyZDEtNTY3NDZlYTRhNjEx-cce947a1-e73a-43ce-92d1-56746ea4a611] Object was deleted but could not be found in the ZRC.
[http://chemistry.apache.org/OGQxNjQ5OGQtNGQxZS00NDU5LThhNjQtYjViM2VkZDNjYTJl-8d16498d-4d1e-4459-8a64-b5b3edd3ca2e] Object was deleted but could not be found in the ZRC.
[http://chemistry.apache.org/YTNjMzk0NTktNzI5Yi00ZGU0LTgzMzgtNzE4ZmZiZWQ5ODUz-a3c39459-729b-4de4-8338-718ffbed9853] Object was created but could not be found in the DRC.
[http://chemistry.apache.org/MDAyZmE1ZTMtNGZkMi00YTZjLTkxNGQtMTA2YjM3YzU0OGZk-002fa5e3-4fd2-4a6c-914d-106b37c548fd] Object was created but could not be found in the DRC.
[http://chemistry.apache.org/OTljNDhlZDAtYTI0Zi00NmYwLTgxNDYtNmE1MDcyZDZiYzA2OzEuMA==-99c48ed0-a24f-46f0-8146-6a5072d6bc06] Object was created but could not be found in the DRC.
[http://chemistry.apache.org/OTljNDhlZDAtYTI0Zi00NmYwLTgxNDYtNmE1MDcyZDZiYzA2OzEuMA==-99c48ed0-a24f-46f0-8146-6a5072d6bc06] Object was updated but could not be found in the DRC.
[http://chemistry.apache.org/ZDBiMGNlODctMjM4My00OTA3LWJmMWEtZGRiMDU0ZjkwMjhlOzEuMA==-d0b0ce87-2383-4907-bf1a-ddb054f9028e] Object was created but could not be found in the DRC.
[http://chemistry.apache.org/ZDBiMGNlODctMjM4My00OTA3LWJmMWEtZGRiMDU0ZjkwMjhlOzEuMA==-d0b0ce87-2383-4907-bf1a-ddb054f9028e] Object was updated but could not be found in the DRC.
[http://chemistry.apache.org/MDAyZmE1ZTMtNGZkMi00YTZjLTkxNGQtMTA2YjM3YzU0OGZk-002fa5e3-4fd2-4a6c-914d-106b37c548fd] Object was deleted but could not be found in the ZRC.
[http://chemistry.apache.org/YTNjMzk0NTktNzI5Yi00ZGU0LTgzMzgtNzE4ZmZiZWQ5ODUz-a3c39459-729b-4de4-8338-718ffbed9853] Object was deleted but could not be found in the ZRC.
[http://chemistry.apache.org/MGRkMmQ2NWUtZjYxYS00Y2I4LTk0ZWItNmM1YzI4M2NlNzg3-0dd2d65e-f61a-4cb8-94eb-6c5c283ce787] Object was created but could not be found in the DRC.
[http://chemistry.apache.org/YzdiZDg2YjUtNjc4OC00MTJkLWIxYmEtMWFmMzlkYzIyZGQw-c7bd86b5-6788-412d-b1ba-1af39dc22dd0] Object was created but could not be found in the DRC.
[http://chemistry.apache.org/ZjQ2NTFmYTItZjk1YS00ZDdlLThlNTAtY2U2YTg3NWFkNzFjOzEuMA==-f4651fa2-f95a-4d7e-8e50-ce6a875ad71c] Object was created but could not be found in the DRC.
[http://chemistry.apache.org/ZjQ2NTFmYTItZjk1YS00ZDdlLThlNTAtY2U2YTg3NWFkNzFjOzEuMA==-f4651fa2-f95a-4d7e-8e50-ce6a875ad71c] Object was updated but could not be found in the DRC.
[http://chemistry.apache.org/YzdiZDg2YjUtNjc4OC00MTJkLWIxYmEtMWFmMzlkYzIyZGQw-c7bd86b5-6788-412d-b1ba-1af39dc22dd0] Object was deleted but could not be found in the ZRC.
[http://chemistry.apache.org/MGRkMmQ2NWUtZjYxYS00Y2I4LTk0ZWItNmM1YzI4M2NlNzg3-0dd2d65e-f61a-4cb8-94eb-6c5c283ce787] Object was deleted but could not be found in the ZRC.
[http://chemistry.apache.org/ZDUzMjk1MDMtNWQ0Ni00NmQxLWIwNTYtNmFlMGZkMjE1NWNl-d5329503-5d46-46d1-b056-6ae0fd2155ce] Object was created but could not be found in the DRC.
[http://chemistry.apache.org/MDA3NzA4NTItODQ1ZS00MDQ5LWIyYWEtZDZjNTQ3YTZiZWM5-00770852-845e-4049-b2aa-d6c547a6bec9] Object was created but could not be found in the DRC.
[http://chemistry.apache.org/NGM4MTcwNmQtYzdiNy00MzcxLWE2MDMtMDIwMjIxZTU5YzRlOzEuMA==-4c81706d-c7b7-4371-a603-020221e59c4e] Object was created but could not be found in the DRC.
[http://chemistry.apache.org/NGM4MTcwNmQtYzdiNy00MzcxLWE2MDMtMDIwMjIxZTU5YzRlOzEuMA==-4c81706d-c7b7-4371-a603-020221e59c4e] Object was updated but could not be found in the DRC.
[http://chemistry.apache.org/ZGM0YjI2M2YtMTllNi00M2VkLWFlOGQtYTZkZmZiZWIzN2IxOzEuMA==-dc4b263f-19e6-43ed-ae8d-a6dffbeb37b1] Object was created but could not be found in the DRC.
[http://chemistry.apache.org/ZGM0YjI2M2YtMTllNi00M2VkLWFlOGQtYTZkZmZiZWIzN2IxOzEuMA==-dc4b263f-19e6-43ed-ae8d-a6dffbeb37b1] Object was updated but could not be found in the DRC.
[http://chemistry.apache.org/MDA3NzA4NTItODQ1ZS00MDQ5LWIyYWEtZDZjNTQ3YTZiZWM5-00770852-845e-4049-b2aa-d6c547a6bec9] Object was deleted but could not be found in the ZRC.
[http://chemistry.apache.org/ZDUzMjk1MDMtNWQ0Ni00NmQxLWIwNTYtNmFlMGZkMjE1NWNl-d5329503-5d46-46d1-b056-6ae0fd2155ce] Object was deleted but could not be found in the ZRC.
[http://chemistry.apache.org/M2NjMjI2ZjMtODhiNi00OWM4LWJlNDMtYzdmMmUzYTA1ODdi-3cc226f3-88b6-49c8-be43-c7f2e3a0587b] Object was created but could not be found in the DRC.
[http://chemistry.apache.org/MjcyMmVjN2EtMGViNy00ZGJmLTk2YTQtZWY3YmVmZDZkYWEx-2722ec7a-0eb7-4dbf-96a4-ef7befd6daa1] Object was created but could not be found in the DRC.
[http://chemistry.apache.org/MjZjYTc1YjQtNjk2My00NTY4LTllYWMtMGM0NmJlMTJlODExOzEuMA==-26ca75b4-6963-4568-9eac-0c46be12e811] Object was created but could not be found in the DRC.
[http://chemistry.apache.org/MjZjYTc1YjQtNjk2My00NTY4LTllYWMtMGM0NmJlMTJlODExOzEuMA==-26ca75b4-6963-4568-9eac-0c46be12e811] Object was updated but could not be found in the DRC.
[http://chemistry.apache.org/MjAwOGZhZjYtZDc5MS00MGRhLTk2NTEtYjhhOTAwMmY4ODIzOzEuMA==-2008faf6-d791-40da-9651-b8a9002f8823] Object was created but could not be found in the DRC.
[http://chemistry.apache.org/MjAwOGZhZjYtZDc5MS00MGRhLTk2NTEtYjhhOTAwMmY4ODIzOzEuMA==-2008faf6-d791-40da-9651-b8a9002f8823] Object was updated but could not be found in the DRC.
[http://chemistry.apache.org/MjAwOGZhZjYtZDc5MS00MGRhLTk2NTEtYjhhOTAwMmY4ODIzOzEuMA==-2008faf6-d791-40da-9651-b8a9002f8823] Object was deleted but could not be found in the ZRC.
[http://chemistry.apache.org/ZTg5MmE2ZmItNTYzMC00YTk5LTkyZjEtYTdjYzdkYzE0ZjE3OzEuMA==-e892a6fb-5630-4a99-92f1-a7cc7dc14f17] Object was created but could not be found in the DRC.
[http://chemistry.apache.org/ZTg5MmE2ZmItNTYzMC00YTk5LTkyZjEtYTdjYzdkYzE0ZjE3OzEuMA==-e892a6fb-5630-4a99-92f1-a7cc7dc14f17] Object was updated but could not be found in the DRC.
[http://chemistry.apache.org/MjZjYTc1YjQtNjk2My00NTY4LTllYWMtMGM0NmJlMTJlODExOzEuMA==-26ca75b4-6963-4568-9eac-0c46be12e811] Object was deleted but could not be found in the ZRC.
[http://chemistry.apache.org/ZTg5MmE2ZmItNTYzMC00YTk5LTkyZjEtYTdjYzdkYzE0ZjE3OzEuMA==-e892a6fb-5630-4a99-92f1-a7cc7dc14f17] Object was deleted but could not be found in the ZRC.
[http://chemistry.apache.org/MjcyMmVjN2EtMGViNy00ZGJmLTk2YTQtZWY3YmVmZDZkYWEx-2722ec7a-0eb7-4dbf-96a4-ef7befd6daa1] Object was deleted but could not be found in the ZRC.
[http://chemistry.apache.org/M2NjMjI2ZjMtODhiNi00OWM4LWJlNDMtYzdmMmUzYTA1ODdi-3cc226f3-88b6-49c8-be43-c7f2e3a0587b] Object was deleted but could not be found in the ZRC.
[http://chemistry.apache.org/NmM2YjAyOTUtMGFjZS00OTFiLWFiODEtMjg1MGQwYzI0ZGQw-6c6b0295-0ace-491b-ab81-2850d0c24dd0] Object was created but could not be found in the DRC.
[http://chemistry.apache.org/ZTJiZGVmYTAtZmY0MC00YWNkLTg3ODEtZGJlOTdkZTFlOWZj-e2bdefa0-ff40-4acd-8781-dbe97de1e9fc] Object was created but could not be found in the DRC.
[http://chemistry.apache.org/ODNjMzU1NzctNTA3Ni00MjM4LWJlZWItNDRjN2E3ZDE0ZTI4OzEuMA==-83c35577-5076-4238-beeb-44c7a7d14e28] Object was created but could not be found in the DRC.
[http://chemistry.apache.org/ODNjMzU1NzctNTA3Ni00MjM4LWJlZWItNDRjN2E3ZDE0ZTI4OzEuMA==-83c35577-5076-4238-beeb-44c7a7d14e28] Object was updated but could not be found in the DRC.
[http://chemistry.apache.org/Yzk4MGQyOWEtNjFiYy00NTg2LWI3MzMtMzcwZTBhMzdhMDA1OzEuMA==-c980d29a-61bc-4586-b733-370e0a37a005] Object was created but could not be found in the DRC.
[http://chemistry.apache.org/Yzk4MGQyOWEtNjFiYy00NTg2LWI3MzMtMzcwZTBhMzdhMDA1OzEuMA==-c980d29a-61bc-4586-b733-370e0a37a005] Object was updated but could not be found in the DRC.
[http://chemistry.apache.org/ODNjMzU1NzctNTA3Ni00MjM4LWJlZWItNDRjN2E3ZDE0ZTI4OzEuMA==-83c35577-5076-4238-beeb-44c7a7d14e28] Object was deleted but could not be found in the ZRC.
[http://chemistry.apache.org/Yzk4MGQyOWEtNjFiYy00NTg2LWI3MzMtMzcwZTBhMzdhMDA1OzEuMA==-c980d29a-61bc-4586-b733-370e0a37a005] Object was deleted but could not be found in the ZRC.
[http://chemistry.apache.org/ZTJiZGVmYTAtZmY0MC00YWNkLTg3ODEtZGJlOTdkZTFlOWZj-e2bdefa0-ff40-4acd-8781-dbe97de1e9fc] Object was deleted but could not be found in the ZRC.
[http://chemistry.apache.org/NmM2YjAyOTUtMGFjZS00OTFiLWFiODEtMjg1MGQwYzI0ZGQw-6c6b0295-0ace-491b-ab81-2850d0c24dd0] Object was deleted but could not be found in the ZRC.
[http://chemistry.apache.org/NDExNjI3ZDktZTcyOC00OTNmLTk3MzctMTc3NWM0YWZkOWU1-411627d9-e728-493f-9737-1775c4afd9e5] Object was created but could not be found in the DRC.
[http://chemistry.apache.org/ZmFhZjlkYzEtNjUyMC00MTlkLTg2YTUtMDcxNTBiMjVkMjY3-faaf9dc1-6520-419d-86a5-07150b25d267] Object was created but could not be found in the DRC.
[http://chemistry.apache.org/MmFiNmYzZWQtYmFkZS00OTliLTllNTUtYWJlZTFmZWFhMGZkOzEuMA==-2ab6f3ed-bade-499b-9e55-abee1feaa0fd] Object was created but could not be found in the DRC.
[http://chemistry.apache.org/MmFiNmYzZWQtYmFkZS00OTliLTllNTUtYWJlZTFmZWFhMGZkOzEuMA==-2ab6f3ed-bade-499b-9e55-abee1feaa0fd] Object was updated but could not be found in the DRC.
[http://chemistry.apache.org/OGIyNGEzYWYtYmMwMy00OTlmLTkzZTMtNjRjMGY0ZGI2OGQ5OzEuMA==-8b24a3af-bc03-499f-93e3-64c0f4db68d9] Object was created but could not be found in the DRC.
[http://chemistry.apache.org/OGIyNGEzYWYtYmMwMy00OTlmLTkzZTMtNjRjMGY0ZGI2OGQ5OzEuMA==-8b24a3af-bc03-499f-93e3-64c0f4db68d9] Object was updated but could not be found in the DRC.
[http://chemistry.apache.org/MmFiNmYzZWQtYmFkZS00OTliLTllNTUtYWJlZTFmZWFhMGZkOzEuMA==-2ab6f3ed-bade-499b-9e55-abee1feaa0fd] Object was deleted but could not be found in the ZRC.
[http://chemistry.apache.org/OGIyNGEzYWYtYmMwMy00OTlmLTkzZTMtNjRjMGY0ZGI2OGQ5OzEuMA==-8b24a3af-bc03-499f-93e3-64c0f4db68d9] Object was deleted but could not be found in the ZRC.
[http://chemistry.apache.org/ZmFhZjlkYzEtNjUyMC00MTlkLTg2YTUtMDcxNTBiMjVkMjY3-faaf9dc1-6520-419d-86a5-07150b25d267] Object was deleted but could not be found in the ZRC.
[http://chemistry.apache.org/NDExNjI3ZDktZTcyOC00OTNmLTk3MzctMTc3NWM0YWZkOWU1-411627d9-e728-493f-9737-1775c4afd9e5] Object was deleted but could not be found in the ZRC.
[http://chemistry.apache.org/ZmJmZGExMTUtNjYxMi00Y2FlLThkZTctOWUxYzU3MGRmZTM5-fbfda115-6612-4cae-8de7-9e1c570dfe39] Object was created but could not be found in the DRC.
[http://chemistry.apache.org/YjU0NzJkNzctMjQ3Yi00NGM4LTljMmUtOGY0ODY2MmRiNGFi-b5472d77-247b-44c8-9c2e-8f48662db4ab] Object was created but could not be found in the DRC.
[http://chemistry.apache.org/YWM0ODJiMmUtYzJjNy00ZDFhLTlkM2MtZDA2MGViODBhMDlmOzEuMA==-ac482b2e-c2c7-4d1a-9d3c-d060eb80a09f] Object was created but could not be found in the DRC.
[http://chemistry.apache.org/YWM0ODJiMmUtYzJjNy00ZDFhLTlkM2MtZDA2MGViODBhMDlmOzEuMA==-ac482b2e-c2c7-4d1a-9d3c-d060eb80a09f] Object was updated but could not be found in the DRC.
[http://chemistry.apache.org/YWQzNGMzYWMtNGJmMS00NmIxLWE0OWYtMjYxOWQwMjZkY2ZiOzEuMA==-ad34c3ac-4bf1-46b1-a49f-2619d026dcfb] Object was created but could not be found in the DRC.
[http://chemistry.apache.org/YWQzNGMzYWMtNGJmMS00NmIxLWE0OWYtMjYxOWQwMjZkY2ZiOzEuMA==-ad34c3ac-4bf1-46b1-a49f-2619d026dcfb] Object was updated but could not be found in the DRC.
[http://chemistry.apache.org/YWM0ODJiMmUtYzJjNy00ZDFhLTlkM2MtZDA2MGViODBhMDlmOzEuMA==-ac482b2e-c2c7-4d1a-9d3c-d060eb80a09f] Object was deleted but could not be found in the ZRC.
[http://chemistry.apache.org/YWQzNGMzYWMtNGJmMS00NmIxLWE0OWYtMjYxOWQwMjZkY2ZiOzEuMA==-ad34c3ac-4bf1-46b1-a49f-2619d026dcfb] Object was deleted but could not be found in the ZRC.
[http://chemistry.apache.org/YjU0NzJkNzctMjQ3Yi00NGM4LTljMmUtOGY0ODY2MmRiNGFi-b5472d77-247b-44c8-9c2e-8f48662db4ab] Object was deleted but could not be found in the ZRC.
[http://chemistry.apache.org/ZmJmZGExMTUtNjYxMi00Y2FlLThkZTctOWUxYzU3MGRmZTM5-fbfda115-6612-4cae-8de7-9e1c570dfe39] Object was deleted but could not be found in the ZRC.
[http://chemistry.apache.org/NWQ2YmNkNTUtZDRiZi00M2QwLTg2ZTYtZGNmNzIyYjgxM2Ix-5d6bcd55-d4bf-43d0-86e6-dcf722b813b1] Object was created but could not be found in the DRC.
[http://chemistry.apache.org/ZDYzMDZkMmEtNmRmMi00ZWMyLWE3YTgtY2I1NTVkNzA3MGI4-d6306d2a-6df2-4ec2-a7a8-cb555d7070b8] Object was created but could not be found in the DRC.
[http://chemistry.apache.org/ZDYzMDZkMmEtNmRmMi00ZWMyLWE3YTgtY2I1NTVkNzA3MGI4-d6306d2a-6df2-4ec2-a7a8-cb555d7070b8] Object was deleted but could not be found in the ZRC.
[http://chemistry.apache.org/NWQ2YmNkNTUtZDRiZi00M2QwLTg2ZTYtZGNmNzIyYjgxM2Ix-5d6bcd55-d4bf-43d0-86e6-dcf722b813b1] Object was deleted but could not be found in the ZRC.
[http://chemistry.apache.org/ZGExZTg3MWEtNDI2NC00OGM4LWEyYjItMmZmOTg4OTUwY2M1-da1e871a-4264-48c8-a2b2-2ff988950cc5] Object was created but could not be found in the DRC.
[http://chemistry.apache.org/ZDAzZWJhNDUtOTc1MS00MjkwLThlZDAtNDJlMTllNTBlMjlk-d03eba45-9751-4290-8ed0-42e19e50e29d] Object was created but could not be found in the DRC.
[http://chemistry.apache.org/ZDAzZWJhNDUtOTc1MS00MjkwLThlZDAtNDJlMTllNTBlMjlk-d03eba45-9751-4290-8ed0-42e19e50e29d] Object was deleted but could not be found in the ZRC.
[http://chemistry.apache.org/ZGExZTg3MWEtNDI2NC00OGM4LWEyYjItMmZmOTg4OTUwY2M1-da1e871a-4264-48c8-a2b2-2ff988950cc5] Object was deleted but could not be found in the ZRC.
[http://chemistry.apache.org/MzNlNTdiMDQtYWZkMS00MjgzLTg3YTEtOTMzZDVkYzRlMTg0-33e57b04-afd1-4283-87a1-933d5dc4e184] Object was created but could not be found in the DRC.
[http://chemistry.apache.org/YmE0NjY4MmYtMmMwZC00ZjczLTgyMTItY2UyMDE0MmU0OTA1-ba46682f-2c0d-4f73-8212-ce20142e4905] Object was created but could not be found in the DRC.
[http://chemistry.apache.org/YmE0NjY4MmYtMmMwZC00ZjczLTgyMTItY2UyMDE0MmU0OTA1-ba46682f-2c0d-4f73-8212-ce20142e4905] Object was deleted but could not be found in the ZRC.
[http://chemistry.apache.org/MzNlNTdiMDQtYWZkMS00MjgzLTg3YTEtOTMzZDVkYzRlMTg0-33e57b04-afd1-4283-87a1-933d5dc4e184] Object was deleted but could not be found in the ZRC.
[http://chemistry.apache.org/YmY3MmRhNjgtMTg0My00OGRlLWIwYzAtY2Y2YjBhNmQzYjZl-bf72da68-1843-48de-b0c0-cf6b0a6d3b6e] Object was created but could not be found in the DRC.
[http://chemistry.apache.org/MjhlNjVhNzgtZThlZC00MzBjLTg2YjctYWM0OWJjZTYzNzBi-28e65a78-e8ed-430c-86b7-ac49bce6370b] Object was created but could not be found in the DRC.
[http://chemistry.apache.org/ZTYxNmE4OGQtMGYzYS00OGNlLWE5OGEtZjEzZGQyMjhlOWVj-e616a88d-0f3a-48ce-a98a-f13dd228e9ec] Object was created but could not be found in the DRC.
[http://chemistry.apache.org/MjhlNjVhNzgtZThlZC00MzBjLTg2YjctYWM0OWJjZTYzNzBi-28e65a78-e8ed-430c-86b7-ac49bce6370b] Object was deleted but could not be found in the ZRC.
[http://chemistry.apache.org/ZTYxNmE4OGQtMGYzYS00OGNlLWE5OGEtZjEzZGQyMjhlOWVj-e616a88d-0f3a-48ce-a98a-f13dd228e9ec] Object was deleted but could not be found in the ZRC.
[http://chemistry.apache.org/YmY3MmRhNjgtMTg0My00OGRlLWIwYzAtY2Y2YjBhNmQzYjZl-bf72da68-1843-48de-b0c0-cf6b0a6d3b6e] Object was deleted but could not be found in the ZRC.
[http://chemistry.apache.org/NWViNmRjZjYtMjA5Mi00ZTIyLThhMmQtNjEzY2NjOGJjY2Jm-5eb6dcf6-2092-4e22-8a2d-613ccc8bccbf] Object was created but could not be found in the DRC.
[http://chemistry.apache.org/ZWE1NGVlMzgtZDEwOS00NDc0LWI4M2EtZDM0MzkzYjRiZjQw-ea54ee38-d109-4474-b83a-d34393b4bf40] Object was created but could not be found in the DRC.
[http://chemistry.apache.org/ZWE1NGVlMzgtZDEwOS00NDc0LWI4M2EtZDM0MzkzYjRiZjQw-ea54ee38-d109-4474-b83a-d34393b4bf40] Object was deleted but could not be found in the ZRC.
[http://chemistry.apache.org/NWViNmRjZjYtMjA5Mi00ZTIyLThhMmQtNjEzY2NjOGJjY2Jm-5eb6dcf6-2092-4e22-8a2d-613ccc8bccbf] Object was deleted but could not be found in the ZRC.
[http://chemistry.apache.org/MGExODczNzgtZmViZi00ZjRhLWJiOWMtOTZkYWE2ZmM1MGY5-0a187378-febf-4f4a-bb9c-96daa6fc50f9] Object was created but could not be found in the DRC.
[http://chemistry.apache.org/MDI2MWFhNGYtZTA3Zi00N2RmLWI1YWItMmVhOGYxNzkxYzJk-0261aa4f-e07f-47df-b5ab-2ea8f1791c2d] Object was created but could not be found in the DRC.
[http://chemistry.apache.org/MDI2MWFhNGYtZTA3Zi00N2RmLWI1YWItMmVhOGYxNzkxYzJk-0261aa4f-e07f-47df-b5ab-2ea8f1791c2d] Object was deleted but could not be found in the ZRC.
[http://chemistry.apache.org/MGExODczNzgtZmViZi00ZjRhLWJiOWMtOTZkYWE2ZmM1MGY5-0a187378-febf-4f4a-bb9c-96daa6fc50f9] Object was deleted but could not be found in the ZRC.
[http://chemistry.apache.org/MTRjNmE0ODQtZGI5MS00NjZmLWI2YjgtNmJmOWE0ZWJmMThm-14c6a484-db91-466f-b6b8-6bf9a4ebf18f] Object was created but could not be found in the DRC.
[http://chemistry.apache.org/ZWRhMGY3YjQtOTBhYS00N2IwLWE5MmEtNThlN2YyN2E0NzUy-eda0f7b4-90aa-47b0-a92a-58e7f27a4752] Object was created but could not be found in the DRC.
[http://chemistry.apache.org/ZWRhMGY3YjQtOTBhYS00N2IwLWE5MmEtNThlN2YyN2E0NzUy-eda0f7b4-90aa-47b0-a92a-58e7f27a4752] Object was deleted but could not be found in the ZRC.
[http://chemistry.apache.org/MTRjNmE0ODQtZGI5MS00NjZmLWI2YjgtNmJmOWE0ZWJmMThm-14c6a484-db91-466f-b6b8-6bf9a4ebf18f] Object was deleted but could not be found in the ZRC.
[http://chemistry.apache.org/ODMwN2ZhNTktNTRmNS00MWMzLTliZjEtYzU2ZWZmYTJmNGMx-8307fa59-54f5-41c3-9bf1-c56effa2f4c1] Object was created but could not be found in the DRC.
[http://chemistry.apache.org/OWI2Y2Q3ODYtZTc1MS00ZDgzLTgzZDgtMThjNmY5MDk1YmUx-9b6cd786-e751-4d83-83d8-18c6f9095be1] Object was created but could not be found in the DRC.
[http://chemistry.apache.org/OWI2Y2Q3ODYtZTc1MS00ZDgzLTgzZDgtMThjNmY5MDk1YmUx-9b6cd786-e751-4d83-83d8-18c6f9095be1] Object was deleted but could not be found in the ZRC.
[http://chemistry.apache.org/ODMwN2ZhNTktNTRmNS00MWMzLTliZjEtYzU2ZWZmYTJmNGMx-8307fa59-54f5-41c3-9bf1-c56effa2f4c1] Object was deleted but could not be found in the ZRC.
[http://chemistry.apache.org/ZjgwNTY3OTMtNmIzYS00MjYxLTkxYmMtNWFmMjIyYjgxNGNj-f8056793-6b3a-4261-91bc-5af222b814cc] Object was created but could not be found in the DRC.
[http://chemistry.apache.org/YzJjNzdmODYtYzJhZS00NjJlLWIyYjUtOTdmYWRmNDUwMTQx-c2c77f86-c2ae-462e-b2b5-97fadf450141] Object was created but could not be found in the DRC.
[http://chemistry.apache.org/YzJjNzdmODYtYzJhZS00NjJlLWIyYjUtOTdmYWRmNDUwMTQx-c2c77f86-c2ae-462e-b2b5-97fadf450141] Object was deleted but could not be found in the ZRC.
[http://chemistry.apache.org/ZjgwNTY3OTMtNmIzYS00MjYxLTkxYmMtNWFmMjIyYjgxNGNj-f8056793-6b3a-4261-91bc-5af222b814cc] Object was deleted but could not be found in the ZRC.
[http://chemistry.apache.org/ODk4OWIwNTUtYjQ2Zi00OTEwLWEyODEtNWM4NzcyNDY3NGM2-8989b055-b46f-4910-a281-5c87724674c6] Object was created but could not be found in the DRC.
[http://chemistry.apache.org/N2I1ZTg0ZDQtNGIwMy00NDA2LTkyZDUtMWVkZWIxODk3YjBl-7b5e84d4-4b03-4406-92d5-1edeb1897b0e] Object was created but could not be found in the DRC.
[http://chemistry.apache.org/M2RiZDdmZTQtNGVmYy00YjRhLWE2NzktMjAxN2I0MTA4YzcwOzEuMA==-3dbd7fe4-4efc-4b4a-a679-2017b4108c70] Object was created but could not be found in the DRC.
[http://chemistry.apache.org/M2RiZDdmZTQtNGVmYy00YjRhLWE2NzktMjAxN2I0MTA4YzcwOzEuMA==-3dbd7fe4-4efc-4b4a-a679-2017b4108c70] Object was updated but could not be found in the DRC.
[http://chemistry.apache.org/M2RiZDdmZTQtNGVmYy00YjRhLWE2NzktMjAxN2I0MTA4YzcwOzEuMQ==-3dbd7fe4-4efc-4b4a-a679-2017b4108c70] Object was deleted but could not be found in the ZRC.
[http://chemistry.apache.org/N2I1ZTg0ZDQtNGIwMy00NDA2LTkyZDUtMWVkZWIxODk3YjBl-7b5e84d4-4b03-4406-92d5-1edeb1897b0e] Object was deleted but could not be found in the ZRC.
[http://chemistry.apache.org/ODk4OWIwNTUtYjQ2Zi00OTEwLWEyODEtNWM4NzcyNDY3NGM2-8989b055-b46f-4910-a281-5c87724674c6] Object was deleted but could not be found in the ZRC.
[http://chemistry.apache.org/YThkOTI1YjAtM2M4Yi00MmFiLThhNWMtZjcyZGRmOTI3NjY1-a8d925b0-3c8b-42ab-8a5c-f72ddf927665] Object was created but could not be found in the DRC.
[http://chemistry.apache.org/YzRhMGJkYTQtOWMyZS00ODk0LTliYTctN2M4ODg5MTViNDU0-c4a0bda4-9c2e-4894-9ba7-7c888915b454] Object was created but could not be found in the DRC.
[http://chemistry.apache.org/YzRhMGJkYTQtOWMyZS00ODk0LTliYTctN2M4ODg5MTViNDU0-c4a0bda4-9c2e-4894-9ba7-7c888915b454] Object was deleted but could not be found in the ZRC.
[http://chemistry.apache.org/YThkOTI1YjAtM2M4Yi00MmFiLThhNWMtZjcyZGRmOTI3NjY1-a8d925b0-3c8b-42ab-8a5c-f72ddf927665] Object was deleted but could not be found in the ZRC.
[http://chemistry.apache.org/ZDI2M2UzZGMtYWVjNS00NmUzLTg0MDctYmEwM2QzYzY5NTU1-d263e3dc-aec5-46e3-8407-ba03d3c69555] Object was created but could not be found in the DRC.
[http://chemistry.apache.org/OWQ0MjkxMTUtN2M4Mi00ZGYzLTgyYTAtN2U3YTBhMjlkOWZk-9d429115-7c82-4df3-82a0-7e7a0a29d9fd] Object was created but could not be found in the DRC.
[http://chemistry.apache.org/YjdlODdkZjYtM2UzYy00ZDNhLTk0YWItODNjMzRjYWE2YWNkOzEuMA==-b7e87df6-3e3c-4d3a-94ab-83c34caa6acd] Object was created but could not be found in the DRC.
[http://chemistry.apache.org/YjdlODdkZjYtM2UzYy00ZDNhLTk0YWItODNjMzRjYWE2YWNkOzEuMA==-b7e87df6-3e3c-4d3a-94ab-83c34caa6acd] Object was updated but could not be found in the DRC.
[http://chemistry.apache.org/YjdlODdkZjYtM2UzYy00ZDNhLTk0YWItODNjMzRjYWE2YWNkOzEuMA==-b7e87df6-3e3c-4d3a-94ab-83c34caa6acd] Object was deleted but could not be found in the ZRC.
[http://chemistry.apache.org/OWQ0MjkxMTUtN2M4Mi00ZGYzLTgyYTAtN2U3YTBhMjlkOWZk-9d429115-7c82-4df3-82a0-7e7a0a29d9fd] Object was deleted but could not be found in the ZRC.
[http://chemistry.apache.org/ZDI2M2UzZGMtYWVjNS00NmUzLTg0MDctYmEwM2QzYzY5NTU1-d263e3dc-aec5-46e3-8407-ba03d3c69555] Object was deleted but could not be found in the ZRC.
[http://chemistry.apache.org/ZTIwYzFkZGEtMjg3MS00ZjIxLTk2YjctZDc1MGZmYzJlNzNl-e20c1dda-2871-4f21-96b7-d750ffc2e73e] Object was created but could not be found in the DRC.
[http://chemistry.apache.org/NDg2NGFkM2MtMDcwMy00YzI2LWFlMmQtYzQxMWNlNDliYjgz-4864ad3c-0703-4c26-ae2d-c411ce49bb83] Object was created but could not be found in the DRC.
[http://chemistry.apache.org/NmIwOTY5MzktNDczMC00ZmJmLWE5ZDgtODg1NTdkMjZlNTNmOzEuMA==-6b096939-4730-4fbf-a9d8-88557d26e53f] Object was created but could not be found in the DRC.
[http://chemistry.apache.org/NmIwOTY5MzktNDczMC00ZmJmLWE5ZDgtODg1NTdkMjZlNTNmOzEuMA==-6b096939-4730-4fbf-a9d8-88557d26e53f] Object was updated but could not be found in the DRC.
[http://chemistry.apache.org/NmIwOTY5MzktNDczMC00ZmJmLWE5ZDgtODg1NTdkMjZlNTNmOzEuMA==-6b096939-4730-4fbf-a9d8-88557d26e53f] Object was deleted but could not be found in the ZRC.
[http://chemistry.apache.org/NDg2NGFkM2MtMDcwMy00YzI2LWFlMmQtYzQxMWNlNDliYjgz-4864ad3c-0703-4c26-ae2d-c411ce49bb83] Object was deleted but could not be found in the ZRC.
[http://chemistry.apache.org/ZTIwYzFkZGEtMjg3MS00ZjIxLTk2YjctZDc1MGZmYzJlNzNl-e20c1dda-2871-4f21-96b7-d750ffc2e73e] Object was deleted but could not be found in the ZRC.
[http://chemistry.apache.org/ZGY3MmQ3OTMtN2FkZS00ZWY1LWEwZWMtNWM0ZTFkNzVkN2M4-df72d793-7ade-4ef5-a0ec-5c4e1d75d7c8] Object was created but could not be found in the DRC.
[http://chemistry.apache.org/NTU4MjhiNTMtMTQyMC00NzRiLTg3N2UtNDg5ZTExZTE5ZmIy-55828b53-1420-474b-877e-489e11e19fb2] Object was created but could not be found in the DRC.
[http://chemistry.apache.org/N2QyMWE5ZDYtODgyNS00NTMxLThkMDEtMDNkMTY5YTg2ODU1OzEuMA==-7d21a9d6-8825-4531-8d01-03d169a86855] Object was created but could not be found in the DRC.
[http://chemistry.apache.org/N2QyMWE5ZDYtODgyNS00NTMxLThkMDEtMDNkMTY5YTg2ODU1OzEuMA==-7d21a9d6-8825-4531-8d01-03d169a86855] Object was updated but could not be found in the DRC.
[http://chemistry.apache.org/N2QyMWE5ZDYtODgyNS00NTMxLThkMDEtMDNkMTY5YTg2ODU1OzEuMA==-7d21a9d6-8825-4531-8d01-03d169a86855] Object was deleted but could not be found in the ZRC.
[http://chemistry.apache.org/NTU4MjhiNTMtMTQyMC00NzRiLTg3N2UtNDg5ZTExZTE5ZmIy-55828b53-1420-474b-877e-489e11e19fb2] Object was deleted but could not be found in the ZRC.
[http://chemistry.apache.org/ZGY3MmQ3OTMtN2FkZS00ZWY1LWEwZWMtNWM0ZTFkNzVkN2M4-df72d793-7ade-4ef5-a0ec-5c4e1d75d7c8] Object was deleted but could not be found in the ZRC.
[http://chemistry.apache.org/NWY1YWNiZTYtZmZmZi00ZGM4LWEyNjgtNjEwODY5NzQ4Y2Ez-5f5acbe6-ffff-4dc8-a268-610869748ca3] Object was created but could not be found in the DRC.
[http://chemistry.apache.org/MDllMzc3N2YtMDE2NC00OGRkLWEyNjMtNmQ5N2ViMjgyMTAx-09e3777f-0164-48dd-a263-6d97eb282101] Object was created but could not be found in the DRC.
[http://chemistry.apache.org/N2QwODAwNTQtOTg4Zi00MTQ4LWI1OGUtNmI5YzhjODMzNmFlOzEuMA==-7d080054-988f-4148-b58e-6b9c8c8336ae] Object was created but could not be found in the DRC.
[http://chemistry.apache.org/N2QwODAwNTQtOTg4Zi00MTQ4LWI1OGUtNmI5YzhjODMzNmFlOzEuMA==-7d080054-988f-4148-b58e-6b9c8c8336ae] Object was updated but could not be found in the DRC.
[http://chemistry.apache.org/YWU0ODk4MDUtYzUyNi00NGU5LWFhYTEtZDEyYmI1N2I1MzY0-ae489805-c526-44e9-aaa1-d12bb57b5364] Object was created but could not be found in the DRC.
[http://chemistry.apache.org/N2QwODAwNTQtOTg4Zi00MTQ4LWI1OGUtNmI5YzhjODMzNmFlOzEuMA==-7d080054-988f-4148-b58e-6b9c8c8336ae] Object was deleted but could not be found in the ZRC.
[http://chemistry.apache.org/YWU0ODk4MDUtYzUyNi00NGU5LWFhYTEtZDEyYmI1N2I1MzY0-ae489805-c526-44e9-aaa1-d12bb57b5364] Object was deleted but could not be found in the ZRC.
[http://chemistry.apache.org/MDllMzc3N2YtMDE2NC00OGRkLWEyNjMtNmQ5N2ViMjgyMTAx-09e3777f-0164-48dd-a263-6d97eb282101] Object was deleted but could not be found in the ZRC.
[http://chemistry.apache.org/NWY1YWNiZTYtZmZmZi00ZGM4LWEyNjgtNjEwODY5NzQ4Y2Ez-5f5acbe6-ffff-4dc8-a268-610869748ca3] Object was deleted but could not be found in the ZRC.
[http://chemistry.apache.org/OWE1NWJiZGYtZGY5MC00YjMwLWEzNGUtZWQwYTYyZTY5ZGVj-9a55bbdf-df90-4b30-a34e-ed0a62e69dec] Object was created but could not be found in the DRC.
[http://chemistry.apache.org/ZDg1Yjk0N2UtZjJhYy00ZThkLTgwOTYtZjc2ZTQ2NGZiZTA2-d85b947e-f2ac-4e8d-8096-f76e464fbe06] Object was created but could not be found in the DRC.
[http://chemistry.apache.org/MmIxMDQ3YjYtOTZhYi00ZDkzLWI4MzItMmRiZmJjMmE2MzQwOzEuMA==-2b1047b6-96ab-4d93-b832-2dbfbc2a6340] Object was created but could not be found in the DRC.
[http://chemistry.apache.org/MmIxMDQ3YjYtOTZhYi00ZDkzLWI4MzItMmRiZmJjMmE2MzQwOzEuMA==-2b1047b6-96ab-4d93-b832-2dbfbc2a6340] Object was updated but could not be found in the DRC.
[http://chemistry.apache.org/MmIxMDQ3YjYtOTZhYi00ZDkzLWI4MzItMmRiZmJjMmE2MzQwOzEuMA==-2b1047b6-96ab-4d93-b832-2dbfbc2a6340] Object was deleted but could not be found in the ZRC.
[http://chemistry.apache.org/ZDg1Yjk0N2UtZjJhYy00ZThkLTgwOTYtZjc2ZTQ2NGZiZTA2-d85b947e-f2ac-4e8d-8096-f76e464fbe06] Object was deleted but could not be found in the ZRC.
[http://chemistry.apache.org/OWE1NWJiZGYtZGY5MC00YjMwLWEzNGUtZWQwYTYyZTY5ZGVj-9a55bbdf-df90-4b30-a34e-ed0a62e69dec] Object was deleted but could not be found in the ZRC.
[http://chemistry.apache.org/M2FkMjcyZWYtZjQ4MS00M2FjLWI1NmMtMzdmNTE4ODQ0OWFm-3ad272ef-f481-43ac-b56c-37f5188449af] Object was created but could not be found in the DRC.
[http://chemistry.apache.org/OTExYjVmYjktY2ZiZS00YTRkLTk5NDctNDRjZjkwNWQ2YjQ0-911b5fb9-cfbe-4a4d-9947-44cf905d6b44] Object was created but could not be found in the DRC.
[http://chemistry.apache.org/ODdmZDRjZjEtM2ZkMi00MjVkLTg0ODktYmQyOTI4YmMzMjg4OzEuMA==-87fd4cf1-3fd2-425d-8489-bd2928bc3288] Object was created but could not be found in the DRC.
[http://chemistry.apache.org/ODdmZDRjZjEtM2ZkMi00MjVkLTg0ODktYmQyOTI4YmMzMjg4OzEuMA==-87fd4cf1-3fd2-425d-8489-bd2928bc3288] Object was updated but could not be found in the DRC.
[http://chemistry.apache.org/ODdmZDRjZjEtM2ZkMi00MjVkLTg0ODktYmQyOTI4YmMzMjg4OzEuMA==-87fd4cf1-3fd2-425d-8489-bd2928bc3288] Object was deleted but could not be found in the ZRC.
[http://chemistry.apache.org/ODIyOWQ0NjMtNjZhZC00YzllLWEzMzUtMGMxNmRmOWU2NDBm-8229d463-66ad-4c9e-a335-0c16df9e640f] Object was created but could not be found in the DRC.
[http://chemistry.apache.org/ODIyOWQ0NjMtNjZhZC00YzllLWEzMzUtMGMxNmRmOWU2NDBm-8229d463-66ad-4c9e-a335-0c16df9e640f] Object was deleted but could not be found in the ZRC.
[http://chemistry.apache.org/OTExYjVmYjktY2ZiZS00YTRkLTk5NDctNDRjZjkwNWQ2YjQ0-911b5fb9-cfbe-4a4d-9947-44cf905d6b44] Object was deleted but could not be found in the ZRC.
[http://chemistry.apache.org/M2FkMjcyZWYtZjQ4MS00M2FjLWI1NmMtMzdmNTE4ODQ0OWFm-3ad272ef-f481-43ac-b56c-37f5188449af] Object was deleted but could not be found in the ZRC.
[http://chemistry.apache.org/NjEwYzZkNjQtY2ViZC00Y2ZiLWEyZGMtMGViNWQzM2NhZmQzOzEuMA==-610c6d64-cebd-4cfb-a2dc-0eb5d33cafd3] Object was created but could not be found in the DRC.
[http://chemistry.apache.org/NjEwYzZkNjQtY2ViZC00Y2ZiLWEyZGMtMGViNWQzM2NhZmQzOzEuMA==-610c6d64-cebd-4cfb-a2dc-0eb5d33cafd3] Object was updated but could not be found in the DRC.
[http://chemistry.apache.org/ZjYxNmU2OTEtZTMyMC00NWM2LTk3M2YtYjNkYzc5ZWUyNDBh-f616e691-e320-45c6-973f-b3dc79ee240a] Object was created but could not be found in the DRC.
[http://chemistry.apache.org/ZmIxMjhjMzItNTY2NS00MTBjLWE0NDAtMDAzN2JlYTI0ODhh-fb128c32-5665-410c-a440-0037bea2488a] Object was created but could not be found in the DRC.
[http://chemistry.apache.org/ZmIxMjhjMzItNTY2NS00MTBjLWE0NDAtMDAzN2JlYTI0ODhh-fb128c32-5665-410c-a440-0037bea2488a] Object was deleted but could not be found in the ZRC.
[http://chemistry.apache.org/ZjYxNmU2OTEtZTMyMC00NWM2LTk3M2YtYjNkYzc5ZWUyNDBh-f616e691-e320-45c6-973f-b3dc79ee240a] Object was deleted but could not be found in the ZRC.
[http://chemistry.apache.org/ZWFjNWM0YWYtYmNlNC00ZDU2LThmMjgtODJhY2QyZDNlODli-eac5c4af-bce4-4d56-8f28-82acd2d3e89b] Object was created but could not be found in the DRC.
[http://chemistry.apache.org/OGE5NTFhOWYtYzdiNy00NGY4LTkyOGMtOTUyY2E4YWUwM2Fj-8a951a9f-c7b7-44f8-928c-952ca8ae03ac] Object was created but could not be found in the DRC.
[http://chemistry.apache.org/OGE5NTFhOWYtYzdiNy00NGY4LTkyOGMtOTUyY2E4YWUwM2Fj-8a951a9f-c7b7-44f8-928c-952ca8ae03ac] Object was deleted but could not be found in the ZRC.
[http://chemistry.apache.org/ZWFjNWM0YWYtYmNlNC00ZDU2LThmMjgtODJhY2QyZDNlODli-eac5c4af-bce4-4d56-8f28-82acd2d3e89b] Object was deleted but could not be found in the ZRC.
[http://chemistry.apache.org/Y2JlYzk5YmEtYjRjNi00OTY3LTg5MTUtZDc5ZTZhOGFjNTVl-cbec99ba-b4c6-4967-8915-d79e6a8ac55e] Object was created but could not be found in the DRC.
[http://chemistry.apache.org/N2EwZjFlYTQtY2JmMC00NDhiLThjODYtNWVlNGVhMmI5YjU5-7a0f1ea4-cbf0-448b-8c86-5ee4ea2b9b59] Object was created but could not be found in the DRC.
[http://chemistry.apache.org/YTExMWQxNzUtYzJhZi00ZGNmLTgyOWItZGFhZDBjOTc1YmE2OzEuMA==-a111d175-c2af-4dcf-829b-daad0c975ba6] Object was created but could not be found in the DRC.
[http://chemistry.apache.org/YTExMWQxNzUtYzJhZi00ZGNmLTgyOWItZGFhZDBjOTc1YmE2OzEuMA==-a111d175-c2af-4dcf-829b-daad0c975ba6] Object was updated but could not be found in the DRC.
[http://chemistry.apache.org/NWYyMmQyOGQtMjQxZC00OWJkLTk4YmItNmQ0YzRmZDU4NTNhOzEuMA==-5f22d28d-241d-49bd-98bb-6d4c4fd5853a] Object was created but could not be found in the DRC.
[http://chemistry.apache.org/NWYyMmQyOGQtMjQxZC00OWJkLTk4YmItNmQ0YzRmZDU4NTNhOzEuMA==-5f22d28d-241d-49bd-98bb-6d4c4fd5853a] Object was updated but could not be found in the DRC.
[http://chemistry.apache.org/N2EwZjFlYTQtY2JmMC00NDhiLThjODYtNWVlNGVhMmI5YjU5-7a0f1ea4-cbf0-448b-8c86-5ee4ea2b9b59] Object was deleted but could not be found in the ZRC.
[http://chemistry.apache.org/Y2JlYzk5YmEtYjRjNi00OTY3LTg5MTUtZDc5ZTZhOGFjNTVl-cbec99ba-b4c6-4967-8915-d79e6a8ac55e] Object was deleted but could not be found in the ZRC.
[http://chemistry.apache.org/MTg3MmM0NmYtNTVmYi00ZTBkLTliM2EtYzg2ZTg5ODZjYWQ5-1872c46f-55fb-4e0d-9b3a-c86e8986cad9] Object was created but could not be found in the DRC.
[http://chemistry.apache.org/ZTE4MTRhMmUtYzVmOS00MDFmLThiNmEtNDVlZDQ3ODM1OThk-e1814a2e-c5f9-401f-8b6a-45ed4783598d] Object was created but could not be found in the DRC.
[http://chemistry.apache.org/NGNlMWZjNGEtMDViZC00YzQ2LTliYWQtMDFmOTQ5YmU1YzYzOzEuMA==-4ce1fc4a-05bd-4c46-9bad-01f949be5c63] Object was created but could not be found in the DRC.
[http://chemistry.apache.org/NGNlMWZjNGEtMDViZC00YzQ2LTliYWQtMDFmOTQ5YmU1YzYzOzEuMA==-4ce1fc4a-05bd-4c46-9bad-01f949be5c63] Object was updated but could not be found in the DRC.
[http://chemistry.apache.org/ZTE4MTRhMmUtYzVmOS00MDFmLThiNmEtNDVlZDQ3ODM1OThk-e1814a2e-c5f9-401f-8b6a-45ed4783598d] Object was deleted but could not be found in the ZRC.
[http://chemistry.apache.org/MTg3MmM0NmYtNTVmYi00ZTBkLTliM2EtYzg2ZTg5ODZjYWQ5-1872c46f-55fb-4e0d-9b3a-c86e8986cad9] Object was deleted but could not be found in the ZRC.
[http://chemistry.apache.org/MjI3MmVmMTItZmYyZS00MmM3LWIyY2QtYzE2YTBiODgxMGNl-2272ef12-ff2e-42c7-b2cd-c16a0b8810ce] Object was created but could not be found in the DRC.
[http://chemistry.apache.org/MzQxOTUxNTItMzNhYS00MWY1LWJiODUtZDJhNzRmNTY4MmUx-34195152-33aa-41f5-bb85-d2a74f5682e1] Object was created but could not be found in the DRC.
[http://chemistry.apache.org/OTRiM2Q2YzctYWUzYy00M2YyLTk4NmMtOWZhMDZjMjVhMzE1OzEuMA==-94b3d6c7-ae3c-43f2-986c-9fa06c25a315] Object was created but could not be found in the DRC.
[http://chemistry.apache.org/OTRiM2Q2YzctYWUzYy00M2YyLTk4NmMtOWZhMDZjMjVhMzE1OzEuMA==-94b3d6c7-ae3c-43f2-986c-9fa06c25a315] Object was updated but could not be found in the DRC.
[http://chemistry.apache.org/ZTFlZTk4YzItNGM0NS00ZDBlLThmYjEtNmE5MjdmMmE4OWU5OzEuMA==-e1ee98c2-4c45-4d0e-8fb1-6a927f2a89e9] Object was created but could not be found in the DRC.
[http://chemistry.apache.org/ZTFlZTk4YzItNGM0NS00ZDBlLThmYjEtNmE5MjdmMmE4OWU5OzEuMA==-e1ee98c2-4c45-4d0e-8fb1-6a927f2a89e9] Object was updated but could not be found in the DRC.
[http://chemistry.apache.org/MzQxOTUxNTItMzNhYS00MWY1LWJiODUtZDJhNzRmNTY4MmUx-34195152-33aa-41f5-bb85-d2a74f5682e1] Object was deleted but could not be found in the ZRC.
[http://chemistry.apache.org/MjI3MmVmMTItZmYyZS00MmM3LWIyY2QtYzE2YTBiODgxMGNl-2272ef12-ff2e-42c7-b2cd-c16a0b8810ce] Object was deleted but could not be found in the ZRC.
[http://chemistry.apache.org/MGY3MGY1YWItZjBjOC00OTI3LWI2YzgtYTA3ZWQxNWM2OTYz-0f70f5ab-f0c8-4927-b6c8-a07ed15c6963] Object was created but could not be found in the DRC.
[http://chemistry.apache.org/M2NkMjBkMDQtNTFhZS00N2MzLWFjOGUtNWQ1YTI0Mjc1MDIw-3cd20d04-51ae-47c3-ac8e-5d5a24275020] Object was created but could not be found in the DRC.
[http://chemistry.apache.org/NjdmOWMyZjctNzE3OC00MjFlLWI0YWYtN2NjMWIwYjI2NDgxOzEuMA==-67f9c2f7-7178-421e-b4af-7cc1b0b26481] Object was created but could not be found in the DRC.
[http://chemistry.apache.org/NjdmOWMyZjctNzE3OC00MjFlLWI0YWYtN2NjMWIwYjI2NDgxOzEuMA==-67f9c2f7-7178-421e-b4af-7cc1b0b26481] Object was updated but could not be found in the DRC.
[http://chemistry.apache.org/MjEyMmJkMmItZmUyNi00ZjBmLWExNmMtOTgzNzQyNTg4NDk5OzEuMA==-2122bd2b-fe26-4f0f-a16c-983742588499] Object was created but could not be found in the DRC.
[http://chemistry.apache.org/MjEyMmJkMmItZmUyNi00ZjBmLWExNmMtOTgzNzQyNTg4NDk5OzEuMA==-2122bd2b-fe26-4f0f-a16c-983742588499] Object was updated but could not be found in the DRC.
[http://chemistry.apache.org/MjEyMmJkMmItZmUyNi00ZjBmLWExNmMtOTgzNzQyNTg4NDk5OzEuMA==-2122bd2b-fe26-4f0f-a16c-983742588499] Object was deleted but could not be found in the ZRC.
[http://chemistry.apache.org/NjI0YmFmMmMtMzNlNy00YmE5LTgxZTAtZGU1ZGEyYmJhZGUyOzEuMA==-624baf2c-33e7-4ba9-81e0-de5da2bbade2] Object was created but could not be found in the DRC.
[http://chemistry.apache.org/NjI0YmFmMmMtMzNlNy00YmE5LTgxZTAtZGU1ZGEyYmJhZGUyOzEuMA==-624baf2c-33e7-4ba9-81e0-de5da2bbade2] Object was updated but could not be found in the DRC.
[http://chemistry.apache.org/NjdmOWMyZjctNzE3OC00MjFlLWI0YWYtN2NjMWIwYjI2NDgxOzEuMA==-67f9c2f7-7178-421e-b4af-7cc1b0b26481] Object was deleted but could not be found in the ZRC.
[http://chemistry.apache.org/NjI0YmFmMmMtMzNlNy00YmE5LTgxZTAtZGU1ZGEyYmJhZGUyOzEuMA==-624baf2c-33e7-4ba9-81e0-de5da2bbade2] Object was deleted but could not be found in the ZRC.
[http://chemistry.apache.org/M2NkMjBkMDQtNTFhZS00N2MzLWFjOGUtNWQ1YTI0Mjc1MDIw-3cd20d04-51ae-47c3-ac8e-5d5a24275020] Object was deleted but could not be found in the ZRC.
[http://chemistry.apache.org/MGY3MGY1YWItZjBjOC00OTI3LWI2YzgtYTA3ZWQxNWM2OTYz-0f70f5ab-f0c8-4927-b6c8-a07ed15c6963] Object was deleted but could not be found in the ZRC.
[http://chemistry.apache.org/MTcwZDU3ZWUtODFkNS00N2FmLTgzOGQtMzk1ZmRkYjFmMGIz-170d57ee-81d5-47af-838d-395fddb1f0b3] Object was created but could not be found in the DRC.
[http://chemistry.apache.org/MzRkZDUyNjItMWVlMS00NzlmLTg0OWYtNGE5ZmUyMjkxZDhl-34dd5262-1ee1-479f-849f-4a9fe2291d8e] Object was created but could not be found in the DRC.
[http://chemistry.apache.org/YjM0MWY2NTMtNWZkOC00MDMwLWFmOWMtMjU4Nzg2MzcwNzYyOzEuMA==-b341f653-5fd8-4030-af9c-258786370762] Object was created but could not be found in the DRC.
[http://chemistry.apache.org/YjM0MWY2NTMtNWZkOC00MDMwLWFmOWMtMjU4Nzg2MzcwNzYyOzEuMA==-b341f653-5fd8-4030-af9c-258786370762] Object was updated but could not be found in the DRC.
[http://chemistry.apache.org/NDUyZTIxNDItMjIxMC00NTM4LTkxYmYtNTdjYWEyMzhkNDI5OzEuMA==-452e2142-2210-4538-91bf-57caa238d429] Object was created but could not be found in the DRC.
[http://chemistry.apache.org/NDUyZTIxNDItMjIxMC00NTM4LTkxYmYtNTdjYWEyMzhkNDI5OzEuMA==-452e2142-2210-4538-91bf-57caa238d429] Object was updated but could not be found in the DRC.
[http://chemistry.apache.org/YjM0MWY2NTMtNWZkOC00MDMwLWFmOWMtMjU4Nzg2MzcwNzYyOzEuMA==-b341f653-5fd8-4030-af9c-258786370762] Object was deleted but could not be found in the ZRC.
[http://chemistry.apache.org/NDUyZTIxNDItMjIxMC00NTM4LTkxYmYtNTdjYWEyMzhkNDI5OzEuMA==-452e2142-2210-4538-91bf-57caa238d429] Object was deleted but could not be found in the ZRC.
[http://chemistry.apache.org/MzRkZDUyNjItMWVlMS00NzlmLTg0OWYtNGE5ZmUyMjkxZDhl-34dd5262-1ee1-479f-849f-4a9fe2291d8e] Object was deleted but could not be found in the ZRC.
[http://chemistry.apache.org/MTcwZDU3ZWUtODFkNS00N2FmLTgzOGQtMzk1ZmRkYjFmMGIz-170d57ee-81d5-47af-838d-395fddb1f0b3] Object was deleted but could not be found in the ZRC.
[http://chemistry.apache.org/NTEwMTFjZmQtN2MxNS00OTk4LWIxYzQtNjQzMGViMDRlZjE3-51011cfd-7c15-4998-b1c4-6430eb04ef17] Object was created but could not be found in the DRC.
[http://chemistry.apache.org/MjUxYmE3ZGMtOTBhZC00ZjM4LWEwODItYTk2ZmVmMTg4NDUy-251ba7dc-90ad-4f38-a082-a96fef188452] Object was created but could not be found in the DRC.
[http://chemistry.apache.org/MWMxYjgxY2ItMjczYi00YmQ5LTg1YjItOTI3YWViMDJhZjMyOzEuMA==-1c1b81cb-273b-4bd9-85b2-927aeb02af32] Object was created but could not be found in the DRC.
[http://chemistry.apache.org/MWMxYjgxY2ItMjczYi00YmQ5LTg1YjItOTI3YWViMDJhZjMyOzEuMA==-1c1b81cb-273b-4bd9-85b2-927aeb02af32] Object was updated but could not be found in the DRC.
[http://chemistry.apache.org/YTI0ZjY5ZGEtZmU1Yi00NmYxLWJhMGItYzYxODk2MDJjYWMwOzEuMA==-a24f69da-fe5b-46f1-ba0b-c6189602cac0] Object was created but could not be found in the DRC.
[http://chemistry.apache.org/YTI0ZjY5ZGEtZmU1Yi00NmYxLWJhMGItYzYxODk2MDJjYWMwOzEuMA==-a24f69da-fe5b-46f1-ba0b-c6189602cac0] Object was updated but could not be found in the DRC.
[http://chemistry.apache.org/MWMxYjgxY2ItMjczYi00YmQ5LTg1YjItOTI3YWViMDJhZjMyOzEuMA==-1c1b81cb-273b-4bd9-85b2-927aeb02af32] Object was deleted but could not be found in the ZRC.
[http://chemistry.apache.org/YTI0ZjY5ZGEtZmU1Yi00NmYxLWJhMGItYzYxODk2MDJjYWMwOzEuMA==-a24f69da-fe5b-46f1-ba0b-c6189602cac0] Object was deleted but could not be found in the ZRC.
[http://chemistry.apache.org/MjUxYmE3ZGMtOTBhZC00ZjM4LWEwODItYTk2ZmVmMTg4NDUy-251ba7dc-90ad-4f38-a082-a96fef188452] Object was deleted but could not be found in the ZRC.
[http://chemistry.apache.org/NTEwMTFjZmQtN2MxNS00OTk4LWIxYzQtNjQzMGViMDRlZjE3-51011cfd-7c15-4998-b1c4-6430eb04ef17] Object was deleted but could not be found in the ZRC.
[http://chemistry.apache.org/Y2NjYTQxMzEtMzQ0NS00OTJhLTllOTgtYTA0MjRmMWFmOTk5-ccca4131-3445-492a-9e98-a0424f1af999] Object was created but could not be found in the DRC.
[http://chemistry.apache.org/MmUwMmJhYWYtZDZhNi00OTQ5LTk2MmEtNjRjNjAxZTI2OTZl-2e02baaf-d6a6-4949-962a-64c601e2696e] Object was created but could not be found in the DRC.
[http://chemistry.apache.org/ZjNiMDE2YmItZDE2Ni00ZTg0LTk5NTAtNmE4M2U0NWUyMjMxOzEuMA==-f3b016bb-d166-4e84-9950-6a83e45e2231] Object was created but could not be found in the DRC.
[http://chemistry.apache.org/ZjNiMDE2YmItZDE2Ni00ZTg0LTk5NTAtNmE4M2U0NWUyMjMxOzEuMA==-f3b016bb-d166-4e84-9950-6a83e45e2231] Object was updated but could not be found in the DRC.
[http://chemistry.apache.org/NjdmNDM3N2EtNGE0My00NWQxLTlhMTUtYjA4ZGU5NWRhYzIyOzEuMA==-67f4377a-4a43-45d1-9a15-b08de95dac22] Object was created but could not be found in the DRC.
[http://chemistry.apache.org/NjdmNDM3N2EtNGE0My00NWQxLTlhMTUtYjA4ZGU5NWRhYzIyOzEuMA==-67f4377a-4a43-45d1-9a15-b08de95dac22] Object was updated but could not be found in the DRC.
[http://chemistry.apache.org/ZjNiMDE2YmItZDE2Ni00ZTg0LTk5NTAtNmE4M2U0NWUyMjMxOzEuMA==-f3b016bb-d166-4e84-9950-6a83e45e2231] Object was deleted but could not be found in the ZRC.
[http://chemistry.apache.org/NjdmNDM3N2EtNGE0My00NWQxLTlhMTUtYjA4ZGU5NWRhYzIyOzEuMA==-67f4377a-4a43-45d1-9a15-b08de95dac22] Object was deleted but could not be found in the ZRC.
[http://chemistry.apache.org/MmUwMmJhYWYtZDZhNi00OTQ5LTk2MmEtNjRjNjAxZTI2OTZl-2e02baaf-d6a6-4949-962a-64c601e2696e] Object was deleted but could not be found in the ZRC.
[http://chemistry.apache.org/Y2NjYTQxMzEtMzQ0NS00OTJhLTllOTgtYTA0MjRmMWFmOTk5-ccca4131-3445-492a-9e98-a0424f1af999] Object was deleted but could not be found in the ZRC.
[http://chemistry.apache.org/MGEwM2MzNGItMGZiZi00YTNiLTk3YzctYThjZGU5ZDk4Y2Nh-0a03c34b-0fbf-4a3b-97c7-a8cde9d98cca] Object was created but could not be found in the DRC.
[http://chemistry.apache.org/NWFjN2QzMzgtNDY3Ni00NjU5LWExMGQtMDdmYjE1MjMxMTBh-5ac7d338-4676-4659-a10d-07fb1523110a] Object was created but could not be found in the DRC.
[http://chemistry.apache.org/NWFjN2QzMzgtNDY3Ni00NjU5LWExMGQtMDdmYjE1MjMxMTBh-5ac7d338-4676-4659-a10d-07fb1523110a] Object was deleted but could not be found in the ZRC.
[http://chemistry.apache.org/MGEwM2MzNGItMGZiZi00YTNiLTk3YzctYThjZGU5ZDk4Y2Nh-0a03c34b-0fbf-4a3b-97c7-a8cde9d98cca] Object was deleted but could not be found in the ZRC.
[http://chemistry.apache.org/MWYyZTU3ZWMtMWI4ZS00ZjY5LWJjZjQtNzJiNmNhMzEzM2E3-1f2e57ec-1b8e-4f69-bcf4-72b6ca3133a7] Object was created but could not be found in the DRC.
[http://chemistry.apache.org/M2Q2ZmVlYTctMjM3My00YzdjLTlmNzUtZWNlYWEzNzdiOTg2-3d6feea7-2373-4c7c-9f75-eceaa377b986] Object was created but could not be found in the DRC.
[http://chemistry.apache.org/M2Q2ZmVlYTctMjM3My00YzdjLTlmNzUtZWNlYWEzNzdiOTg2-3d6feea7-2373-4c7c-9f75-eceaa377b986] Object was deleted but could not be found in the ZRC.
[http://chemistry.apache.org/MWYyZTU3ZWMtMWI4ZS00ZjY5LWJjZjQtNzJiNmNhMzEzM2E3-1f2e57ec-1b8e-4f69-bcf4-72b6ca3133a7] Object was deleted but could not be found in the ZRC.
[http://chemistry.apache.org/M2I3ODg1M2YtNjBmZS00MjhmLTkzNmMtNTk5ZGY1YWZkODQz-3b78853f-60fe-428f-936c-599df5afd843] Object was created but could not be found in the DRC.
[http://chemistry.apache.org/NGE0OGNmMWUtZDVjNC00MmI5LTg5YWMtM2Q0ZjMwODMzMzVk-4a48cf1e-d5c4-42b9-89ac-3d4f3083335d] Object was created but could not be found in the DRC.
[http://chemistry.apache.org/NGE0OGNmMWUtZDVjNC00MmI5LTg5YWMtM2Q0ZjMwODMzMzVk-4a48cf1e-d5c4-42b9-89ac-3d4f3083335d] Object was deleted but could not be found in the ZRC.
[http://chemistry.apache.org/M2I3ODg1M2YtNjBmZS00MjhmLTkzNmMtNTk5ZGY1YWZkODQz-3b78853f-60fe-428f-936c-599df5afd843] Object was deleted but could not be found in the ZRC.
[http://chemistry.apache.org/YWJlZjcwZmQtZGFhNy00ZTU4LWI1ZTEtZDJkMzUwZGRkZGYx-abef70fd-daa7-4e58-b5e1-d2d350ddddf1] Object was created but could not be found in the DRC.
[http://chemistry.apache.org/NTgxNzhiNzctMzJjNC00YzMyLThlYjUtZDQ3NDEyMGEwZjM2-58178b77-32c4-4c32-8eb5-d474120a0f36] Object was created but could not be found in the DRC.
[http://chemistry.apache.org/OTg4ZjIzZmItZjUzNC00N2UyLTk3YTktM2ZkZWNlODFiYTFl-988f23fb-f534-47e2-97a9-3fdece81ba1e] Object was created but could not be found in the DRC.
[http://chemistry.apache.org/NTgxNzhiNzctMzJjNC00YzMyLThlYjUtZDQ3NDEyMGEwZjM2-58178b77-32c4-4c32-8eb5-d474120a0f36] Object was deleted but could not be found in the ZRC.
[http://chemistry.apache.org/OTg4ZjIzZmItZjUzNC00N2UyLTk3YTktM2ZkZWNlODFiYTFl-988f23fb-f534-47e2-97a9-3fdece81ba1e] Object was deleted but could not be found in the ZRC.
[http://chemistry.apache.org/YWJlZjcwZmQtZGFhNy00ZTU4LWI1ZTEtZDJkMzUwZGRkZGYx-abef70fd-daa7-4e58-b5e1-d2d350ddddf1] Object was deleted but could not be found in the ZRC.
[http://chemistry.apache.org/NzA1ZWMzMWYtZWE5ZC00MGNmLWEyYjctOGQwMTIxYzAyMzI0-705ec31f-ea9d-40cf-a2b7-8d0121c02324] Object was created but could not be found in the DRC.
[http://chemistry.apache.org/M2Y1NTc0ZGQtNzZkMi00NTBjLWE4YjYtOTEyNTRmOGQ5YzU5-3f5574dd-76d2-450c-a8b6-91254f8d9c59] Object was created but could not be found in the DRC.
[http://chemistry.apache.org/ZWNlNmQ4YTgtZjZiZi00NjEzLWIxNWEtYTExODc1ZTRhMGFjOzEuMA==-ece6d8a8-f6bf-4613-b15a-a11875e4a0ac] Object was created but could not be found in the DRC.
[http://chemistry.apache.org/ZWNlNmQ4YTgtZjZiZi00NjEzLWIxNWEtYTExODc1ZTRhMGFjOzEuMA==-ece6d8a8-f6bf-4613-b15a-a11875e4a0ac] Object was updated but could not be found in the DRC.
[http://chemistry.apache.org/Zjc0NmJiMGUtMzFlYS00NDQyLTlmMTAtNTRjN2RmZTQyNzI1OzEuMA==-f746bb0e-31ea-4442-9f10-54c7dfe42725] Object was created but could not be found in the DRC.
[http://chemistry.apache.org/Zjc0NmJiMGUtMzFlYS00NDQyLTlmMTAtNTRjN2RmZTQyNzI1OzEuMA==-f746bb0e-31ea-4442-9f10-54c7dfe42725] Object was updated but could not be found in the DRC.
[http://chemistry.apache.org/M2Y1NTc0ZGQtNzZkMi00NTBjLWE4YjYtOTEyNTRmOGQ5YzU5-3f5574dd-76d2-450c-a8b6-91254f8d9c59] Object was deleted but could not be found in the ZRC.
[http://chemistry.apache.org/NzA1ZWMzMWYtZWE5ZC00MGNmLWEyYjctOGQwMTIxYzAyMzI0-705ec31f-ea9d-40cf-a2b7-8d0121c02324] Object was deleted but could not be found in the ZRC.
[http://chemistry.apache.org/ZDA4ZmMzZDctY2Q4Yi00ZWY3LWI4MDgtYWIwY2U2MjEyMWY1-d08fc3d7-cd8b-4ef7-b808-ab0ce62121f5] Object was created but could not be found in the DRC.
[http://chemistry.apache.org/ZGNjNzI5ZDQtYTZlNC00ZDhhLWFiNGItYThiMmY5NzY0MDQ0-dcc729d4-a6e4-4d8a-ab4b-a8b2f9764044] Object was created but could not be found in the DRC.
[http://chemistry.apache.org/YTUzOGFhMGEtODY3YS00NzZhLTk1ZDktYzY1YjUyNmFkMTA0OzEuMA==-a538aa0a-867a-476a-95d9-c65b526ad104] Object was created but could not be found in the DRC.
[http://chemistry.apache.org/YTUzOGFhMGEtODY3YS00NzZhLTk1ZDktYzY1YjUyNmFkMTA0OzEuMA==-a538aa0a-867a-476a-95d9-c65b526ad104] Object was updated but could not be found in the DRC.
[http://chemistry.apache.org/MzAyOGRjNzUtNjc5Mi00ZGNjLWIxOGQtMmM5ZmMzYjRmNjAyOzEuMA==-3028dc75-6792-4dcc-b18d-2c9fc3b4f602] Object was created but could not be found in the DRC.
[http://chemistry.apache.org/MzAyOGRjNzUtNjc5Mi00ZGNjLWIxOGQtMmM5ZmMzYjRmNjAyOzEuMA==-3028dc75-6792-4dcc-b18d-2c9fc3b4f602] Object was updated but could not be found in the DRC.
[http://chemistry.apache.org/ZGNjNzI5ZDQtYTZlNC00ZDhhLWFiNGItYThiMmY5NzY0MDQ0-dcc729d4-a6e4-4d8a-ab4b-a8b2f9764044] Object was deleted but could not be found in the ZRC.
[http://chemistry.apache.org/ZDA4ZmMzZDctY2Q4Yi00ZWY3LWI4MDgtYWIwY2U2MjEyMWY1-d08fc3d7-cd8b-4ef7-b808-ab0ce62121f5] Object was deleted but could not be found in the ZRC.
[http://chemistry.apache.org/YTYzNGRjODMtZTk2OS00OWNjLTk5MDQtODdiNTIyYzI1Yzky-a634dc83-e969-49cc-9904-87b522c25c92] Object was created but could not be found in the DRC.
[http://chemistry.apache.org/OTBlYjY1ZmMtNTMxZS00Mzk5LWE1ZmEtNDE0MWU2NmY1YTI4-90eb65fc-531e-4399-a5fa-4141e66f5a28] Object was created but could not be found in the DRC.
[http://chemistry.apache.org/MDIwYmNiNjQtNzU5MC00Mzk0LWE1YTItYzhlNTc1N2E2MzYzOzEuMA==-020bcb64-7590-4394-a5a2-c8e5757a6363] Object was created but could not be found in the DRC.
[http://chemistry.apache.org/MDIwYmNiNjQtNzU5MC00Mzk0LWE1YTItYzhlNTc1N2E2MzYzOzEuMA==-020bcb64-7590-4394-a5a2-c8e5757a6363] Object was updated but could not be found in the DRC.
[http://chemistry.apache.org/MmFiMWIyY2MtZjZiMS00OWY2LWJmYjYtMGRhZWNjMWZkMWQ1OzEuMA==-2ab1b2cc-f6b1-49f6-bfb6-0daecc1fd1d5] Object was created but could not be found in the DRC.
[http://chemistry.apache.org/MmFiMWIyY2MtZjZiMS00OWY2LWJmYjYtMGRhZWNjMWZkMWQ1OzEuMA==-2ab1b2cc-f6b1-49f6-bfb6-0daecc1fd1d5] Object was updated but could not be found in the DRC.
[http://chemistry.apache.org/OTBlYjY1ZmMtNTMxZS00Mzk5LWE1ZmEtNDE0MWU2NmY1YTI4-90eb65fc-531e-4399-a5fa-4141e66f5a28] Object was deleted but could not be found in the ZRC.
[http://chemistry.apache.org/YTYzNGRjODMtZTk2OS00OWNjLTk5MDQtODdiNTIyYzI1Yzky-a634dc83-e969-49cc-9904-87b522c25c92] Object was deleted but could not be found in the ZRC.
[http://chemistry.apache.org/M2IyODliZDktOWExYi00MTUzLWE5MjEtNDA1NjY0NzBhZmI3-3b289bd9-9a1b-4153-a921-40566470afb7] Object was created but could not be found in the DRC.
[http://chemistry.apache.org/NjE2NjBiODgtOTkyNC00YjRjLWE0ZTgtZjg3MzlhZDdlZGE1-61660b88-9924-4b4c-a4e8-f8739ad7eda5] Object was created but could not be found in the DRC.
[http://chemistry.apache.org/NzgzMGZlMTMtNWYyNS00YTI0LWFiNDMtOTNjM2QyNzdmMjA4OzEuMA==-7830fe13-5f25-4a24-ab43-93c3d277f208] Object was created but could not be found in the DRC.
[http://chemistry.apache.org/NzgzMGZlMTMtNWYyNS00YTI0LWFiNDMtOTNjM2QyNzdmMjA4OzEuMA==-7830fe13-5f25-4a24-ab43-93c3d277f208] Object was updated but could not be found in the DRC.
[http://chemistry.apache.org/NjE2NjBiODgtOTkyNC00YjRjLWE0ZTgtZjg3MzlhZDdlZGE1-61660b88-9924-4b4c-a4e8-f8739ad7eda5] Object was deleted but could not be found in the ZRC.
[http://chemistry.apache.org/M2IyODliZDktOWExYi00MTUzLWE5MjEtNDA1NjY0NzBhZmI3-3b289bd9-9a1b-4153-a921-40566470afb7] Object was deleted but could not be found in the ZRC.
[http://chemistry.apache.org/MjJkZjhjZWMtZDRjOS00YTU2LWExOGMtMDllYmIxNTQ2MzA3-22df8cec-d4c9-4a56-a18c-09ebb1546307] Object was created but could not be found in the DRC.
[http://chemistry.apache.org/ODQxMGNjNmYtZTBlNi00NmI3LWE5NmEtOTBiZTZiNjVmYTM4-8410cc6f-e0e6-46b7-a96a-90be6b65fa38] Object was created but could not be found in the DRC.
[http://chemistry.apache.org/ODljMDNiNTYtYmNkOS00NTQ0LTk0OWQtYWI3NDU4OWVjYjllOzEuMA==-89c03b56-bcd9-4544-949d-ab74589ecb9e] Object was created but could not be found in the DRC.
[http://chemistry.apache.org/ODljMDNiNTYtYmNkOS00NTQ0LTk0OWQtYWI3NDU4OWVjYjllOzEuMA==-89c03b56-bcd9-4544-949d-ab74589ecb9e] Object was updated but could not be found in the DRC.
[http://chemistry.apache.org/ODQxMGNjNmYtZTBlNi00NmI3LWE5NmEtOTBiZTZiNjVmYTM4-8410cc6f-e0e6-46b7-a96a-90be6b65fa38] Object was deleted but could not be found in the ZRC.
[http://chemistry.apache.org/MjJkZjhjZWMtZDRjOS00YTU2LWExOGMtMDllYmIxNTQ2MzA3-22df8cec-d4c9-4a56-a18c-09ebb1546307] Object was deleted but could not be found in the ZRC.
[http://chemistry.apache.org/MGQwMTFjMzYtOWE2MS00N2QxLTljYWItMGI2ZThiNjc2MTRk-0d011c36-9a61-47d1-9cab-0b6e8b67614d] Object was created but could not be found in the DRC.
[http://chemistry.apache.org/ZjgzZTQ4NjEtYmI3Zi00NzBkLThmZTUtNTQ1YTIzMzVkOTk5-f83e4861-bb7f-470d-8fe5-545a2335d999] Object was created but could not be found in the DRC.
[http://chemistry.apache.org/N2U1MDIwYjQtNzRiZC00YWU0LWE0ZTYtMWIxMjhiY2MwNGIzOzEuMA==-7e5020b4-74bd-4ae4-a4e6-1b128bcc04b3] Object was created but could not be found in the DRC.
[http://chemistry.apache.org/N2U1MDIwYjQtNzRiZC00YWU0LWE0ZTYtMWIxMjhiY2MwNGIzOzEuMA==-7e5020b4-74bd-4ae4-a4e6-1b128bcc04b3] Object was updated but could not be found in the DRC.
[http://chemistry.apache.org/N2U1MDIwYjQtNzRiZC00YWU0LWE0ZTYtMWIxMjhiY2MwNGIzOzEuMQ==-7e5020b4-74bd-4ae4-a4e6-1b128bcc04b3] Object was deleted but could not be found in the ZRC.
[http://chemistry.apache.org/ZjgzZTQ4NjEtYmI3Zi00NzBkLThmZTUtNTQ1YTIzMzVkOTk5-f83e4861-bb7f-470d-8fe5-545a2335d999] Object was deleted but could not be found in the ZRC.
[http://chemistry.apache.org/MGQwMTFjMzYtOWE2MS00N2QxLTljYWItMGI2ZThiNjc2MTRk-0d011c36-9a61-47d1-9cab-0b6e8b67614d] Object was deleted but could not be found in the ZRC.
[http://chemistry.apache.org/MzdhMzNkNjEtNDY2NC00OTZmLThhMGUtMTFjMThjZDFiMzA1-37a33d61-4664-496f-8a0e-11c18cd1b305] Object was created but could not be found in the DRC.
[http://chemistry.apache.org/MThmOGNhZDEtNmRkOC00MzIyLWExZjgtYmRhZTJlMzc1NmU2-18f8cad1-6dd8-4322-a1f8-bdae2e3756e6] Object was created but could not be found in the DRC.
[http://chemistry.apache.org/MThmOGNhZDEtNmRkOC00MzIyLWExZjgtYmRhZTJlMzc1NmU2-18f8cad1-6dd8-4322-a1f8-bdae2e3756e6] Object was deleted but could not be found in the ZRC.
[http://chemistry.apache.org/MzdhMzNkNjEtNDY2NC00OTZmLThhMGUtMTFjMThjZDFiMzA1-37a33d61-4664-496f-8a0e-11c18cd1b305] Object was deleted but could not be found in the ZRC.
[http://chemistry.apache.org/Y2ViZTdiNmEtZTdkYi00ZWJhLWE3NjQtYjIxYTQ0MDUxYzcw-cebe7b6a-e7db-4eba-a764-b21a44051c70] Object was created but could not be found in the DRC.
[http://chemistry.apache.org/NGI0ZmE5YTUtOTJkYy00Mzk5LThhYmItODFmYWU4N2I0OWQ4-4b4fa9a5-92dc-4399-8abb-81fae87b49d8] Object was created but could not be found in the DRC.
[http://chemistry.apache.org/YWQxYjNiNjktNzIwMS00ZjkxLTg1M2QtYTQyZDAxNTFkOTliOzEuMA==-ad1b3b69-7201-4f91-853d-a42d0151d99b] Object was created but could not be found in the DRC.
[http://chemistry.apache.org/YWQxYjNiNjktNzIwMS00ZjkxLTg1M2QtYTQyZDAxNTFkOTliOzEuMA==-ad1b3b69-7201-4f91-853d-a42d0151d99b] Object was updated but could not be found in the DRC.
[http://chemistry.apache.org/YWQxYjNiNjktNzIwMS00ZjkxLTg1M2QtYTQyZDAxNTFkOTliOzEuMA==-ad1b3b69-7201-4f91-853d-a42d0151d99b] Object was deleted but could not be found in the ZRC.
[http://chemistry.apache.org/NGI0ZmE5YTUtOTJkYy00Mzk5LThhYmItODFmYWU4N2I0OWQ4-4b4fa9a5-92dc-4399-8abb-81fae87b49d8] Object was deleted but could not be found in the ZRC.
[http://chemistry.apache.org/Y2ViZTdiNmEtZTdkYi00ZWJhLWE3NjQtYjIxYTQ0MDUxYzcw-cebe7b6a-e7db-4eba-a764-b21a44051c70] Object was deleted but could not be found in the ZRC.
[http://chemistry.apache.org/NThjNmFjYmItZTU2MC00NmExLWJlZTAtNjUxNDc3OGM0Mjky-58c6acbb-e560-46a1-bee0-6514778c4292] Object was created but could not be found in the DRC.
[http://chemistry.apache.org/Yjg2N2IxMjEtYjJiOS00MTA4LTk2NDctNmFkNjIzMGVmOTcz-b867b121-b2b9-4108-9647-6ad6230ef973] Object was created but could not be found in the DRC.
[http://chemistry.apache.org/ZWFjZDY3MWItNTg4Yi00MGEyLWE4YTItNWJlNDM1MzMxZThkOzEuMA==-eacd671b-588b-40a2-a8a2-5be435331e8d] Object was created but could not be found in the DRC.
[http://chemistry.apache.org/ZWFjZDY3MWItNTg4Yi00MGEyLWE4YTItNWJlNDM1MzMxZThkOzEuMA==-eacd671b-588b-40a2-a8a2-5be435331e8d] Object was updated but could not be found in the DRC.
[http://chemistry.apache.org/ZWFjZDY3MWItNTg4Yi00MGEyLWE4YTItNWJlNDM1MzMxZThkOzEuMA==-eacd671b-588b-40a2-a8a2-5be435331e8d] Object was deleted but could not be found in the ZRC.
[http://chemistry.apache.org/Yjg2N2IxMjEtYjJiOS00MTA4LTk2NDctNmFkNjIzMGVmOTcz-b867b121-b2b9-4108-9647-6ad6230ef973] Object was deleted but could not be found in the ZRC.
[http://chemistry.apache.org/NThjNmFjYmItZTU2MC00NmExLWJlZTAtNjUxNDc3OGM0Mjky-58c6acbb-e560-46a1-bee0-6514778c4292] Object was deleted but could not be found in the ZRC.
[http://chemistry.apache.org/Mjc5ODcxOGYtYTU1Ni00YzJmLTgyZGUtZTUzOTdhNWU3YjA0-2798718f-a556-4c2f-82de-e5397a5e7b04] Object was created but could not be found in the DRC.
[http://chemistry.apache.org/MWQ2OGI0YjAtZmQ2Ni00ZjFiLWI5MjMtMTU0NTZlNzAwOTA3-1d68b4b0-fd66-4f1b-b923-15456e700907] Object was created but could not be found in the DRC.
[http://chemistry.apache.org/ZWZlZjBhOTMtYTI1ZC00MmYyLThmNzctZmI0N2ZiYWI5YjAzOzEuMA==-efef0a93-a25d-42f2-8f77-fb47fbab9b03] Object was created but could not be found in the DRC.
[http://chemistry.apache.org/ZWZlZjBhOTMtYTI1ZC00MmYyLThmNzctZmI0N2ZiYWI5YjAzOzEuMA==-efef0a93-a25d-42f2-8f77-fb47fbab9b03] Object was updated but could not be found in the DRC.
[http://chemistry.apache.org/ZWZlZjBhOTMtYTI1ZC00MmYyLThmNzctZmI0N2ZiYWI5YjAzOzEuMA==-efef0a93-a25d-42f2-8f77-fb47fbab9b03] Object was deleted but could not be found in the ZRC.
[http://chemistry.apache.org/MWQ2OGI0YjAtZmQ2Ni00ZjFiLWI5MjMtMTU0NTZlNzAwOTA3-1d68b4b0-fd66-4f1b-b923-15456e700907] Object was deleted but could not be found in the ZRC.
[http://chemistry.apache.org/Mjc5ODcxOGYtYTU1Ni00YzJmLTgyZGUtZTUzOTdhNWU3YjA0-2798718f-a556-4c2f-82de-e5397a5e7b04] Object was deleted but could not be found in the ZRC.
[http://chemistry.apache.org/NGYyNmIyNjktNDRkNC00ODRkLTk2OTAtYmE4MWYzMjE0ZjY4-4f26b269-44d4-484d-9690-ba81f3214f68] Object was created but could not be found in the DRC.
[http://chemistry.apache.org/MTQ5ZTE4OTQtMWM2NC00YjI2LTgyZjMtOTIzYWZhOTM0NmU2-149e1894-1c64-4b26-82f3-923afa9346e6] Object was created but could not be found in the DRC.
[http://chemistry.apache.org/MTFlNDUyYTYtZWI0YS00NmVhLTkwOTYtNGQyYTRiZTUxNWRhOzEuMA==-11e452a6-eb4a-46ea-9096-4d2a4be515da] Object was created but could not be found in the DRC.
[http://chemistry.apache.org/MTFlNDUyYTYtZWI0YS00NmVhLTkwOTYtNGQyYTRiZTUxNWRhOzEuMA==-11e452a6-eb4a-46ea-9096-4d2a4be515da] Object was updated but could not be found in the DRC.
[http://chemistry.apache.org/M2FlYzRjMzEtNTQ5NS00MjIzLTk0ZjktMTc5OWE5YWI3Mjcw-3aec4c31-5495-4223-94f9-1799a9ab7270] Object was created but could not be found in the DRC.
[http://chemistry.apache.org/MTFlNDUyYTYtZWI0YS00NmVhLTkwOTYtNGQyYTRiZTUxNWRhOzEuMA==-11e452a6-eb4a-46ea-9096-4d2a4be515da] Object was deleted but could not be found in the ZRC.
[http://chemistry.apache.org/M2FlYzRjMzEtNTQ5NS00MjIzLTk0ZjktMTc5OWE5YWI3Mjcw-3aec4c31-5495-4223-94f9-1799a9ab7270] Object was deleted but could not be found in the ZRC.
[http://chemistry.apache.org/MTQ5ZTE4OTQtMWM2NC00YjI2LTgyZjMtOTIzYWZhOTM0NmU2-149e1894-1c64-4b26-82f3-923afa9346e6] Object was deleted but could not be found in the ZRC.
[http://chemistry.apache.org/NGYyNmIyNjktNDRkNC00ODRkLTk2OTAtYmE4MWYzMjE0ZjY4-4f26b269-44d4-484d-9690-ba81f3214f68] Object was deleted but could not be found in the ZRC.
[http://chemistry.apache.org/ZTI1M2I0YmYtNTgzMy00YmJhLWE4ZTYtZjg5Zjk5YzMyMzQ0-e253b4bf-5833-4bba-a8e6-f89f99c32344] Object was created but could not be found in the DRC.
[http://chemistry.apache.org/ODEyMjQ3MzYtMjA2ZS00ZDQ5LThjMmUtYmVkODhiZjhmMDI5-81224736-206e-4d49-8c2e-bed88bf8f029] Object was created but could not be found in the DRC.
[http://chemistry.apache.org/MDdmYmYzOWQtNDdiOC00MjBkLTk3NTgtMmU2ZDQyZGQxYWM1OzEuMA==-07fbf39d-47b8-420d-9758-2e6d42dd1ac5] Object was created but could not be found in the DRC.
[http://chemistry.apache.org/MDdmYmYzOWQtNDdiOC00MjBkLTk3NTgtMmU2ZDQyZGQxYWM1OzEuMA==-07fbf39d-47b8-420d-9758-2e6d42dd1ac5] Object was updated but could not be found in the DRC.
[http://chemistry.apache.org/MDdmYmYzOWQtNDdiOC00MjBkLTk3NTgtMmU2ZDQyZGQxYWM1OzEuMA==-07fbf39d-47b8-420d-9758-2e6d42dd1ac5] Object was deleted but could not be found in the ZRC.
[http://chemistry.apache.org/ODEyMjQ3MzYtMjA2ZS00ZDQ5LThjMmUtYmVkODhiZjhmMDI5-81224736-206e-4d49-8c2e-bed88bf8f029] Object was deleted but could not be found in the ZRC.
[http://chemistry.apache.org/ZTI1M2I0YmYtNTgzMy00YmJhLWE4ZTYtZjg5Zjk5YzMyMzQ0-e253b4bf-5833-4bba-a8e6-f89f99c32344] Object was deleted but could not be found in the ZRC.
[http://chemistry.apache.org/ZDUzYmNhZTYtMjAyYy00ODhkLTgwMTQtZjM5NDhlNjZkMzFm-d53bcae6-202c-488d-8014-f3948e66d31f] Object was created but could not be found in the DRC.
[http://chemistry.apache.org/YmU4ZGIyZDYtZDJlZS00MTJhLWI4OTctNjgyYzJhNDhkN2M2-be8db2d6-d2ee-412a-b897-682c2a48d7c6] Object was created but could not be found in the DRC.
[http://chemistry.apache.org/MmMyMzJkNWEtZDRkOS00ZDlhLTgxZTMtZmM0MGEwZmQ1NDNkOzEuMA==-2c232d5a-d4d9-4d9a-81e3-fc40a0fd543d] Object was created but could not be found in the DRC.
[http://chemistry.apache.org/MmMyMzJkNWEtZDRkOS00ZDlhLTgxZTMtZmM0MGEwZmQ1NDNkOzEuMA==-2c232d5a-d4d9-4d9a-81e3-fc40a0fd543d] Object was updated but could not be found in the DRC.
[http://chemistry.apache.org/MmMyMzJkNWEtZDRkOS00ZDlhLTgxZTMtZmM0MGEwZmQ1NDNkOzEuMA==-2c232d5a-d4d9-4d9a-81e3-fc40a0fd543d] Object was deleted but could not be found in the ZRC.
[http://chemistry.apache.org/Y2EwYzUwNzUtZDJlZi00ZmE5LWEzMWEtMzMwYjNmMjRlZWJi-ca0c5075-d2ef-4fa9-a31a-330b3f24eebb] Object was created but could not be found in the DRC.
[http://chemistry.apache.org/Y2EwYzUwNzUtZDJlZi00ZmE5LWEzMWEtMzMwYjNmMjRlZWJi-ca0c5075-d2ef-4fa9-a31a-330b3f24eebb] Object was deleted but could not be found in the ZRC.
[http://chemistry.apache.org/YmU4ZGIyZDYtZDJlZS00MTJhLWI4OTctNjgyYzJhNDhkN2M2-be8db2d6-d2ee-412a-b897-682c2a48d7c6] Object was deleted but could not be found in the ZRC.
[http://chemistry.apache.org/ZDUzYmNhZTYtMjAyYy00ODhkLTgwMTQtZjM5NDhlNjZkMzFm-d53bcae6-202c-488d-8014-f3948e66d31f] Object was deleted but could not be found in the ZRC.
[http://chemistry.apache.org/YmI0MjY4ZGQtYThiNi00MzY3LWI0ZTktZDk4YWUxNWMyMDdiOzEuMA==-bb4268dd-a8b6-4367-b4e9-d98ae15c207b] Object was created but could not be found in the DRC.
[http://chemistry.apache.org/YmI0MjY4ZGQtYThiNi00MzY3LWI0ZTktZDk4YWUxNWMyMDdiOzEuMA==-bb4268dd-a8b6-4367-b4e9-d98ae15c207b] Object was updated but could not be found in the DRC.
[http://chemistry.apache.org/YzMzMGFkOTUtMzBiNS00MDhhLTg3NjUtOTU4YmQ5YjNkZDEw-c330ad95-30b5-408a-8765-958bd9b3dd10] Object was created but could not be found in the DRC.
[http://chemistry.apache.org/OGYxODZmOGItZDRlOC00OTNlLWJmMzAtMTBhOTBhZmZhNzkx-8f186f8b-d4e8-493e-bf30-10a90affa791] Object was created but could not be found in the DRC.
[http://chemistry.apache.org/OGYxODZmOGItZDRlOC00OTNlLWJmMzAtMTBhOTBhZmZhNzkx-8f186f8b-d4e8-493e-bf30-10a90affa791] Object was deleted but could not be found in the ZRC.
[http://chemistry.apache.org/YzMzMGFkOTUtMzBiNS00MDhhLTg3NjUtOTU4YmQ5YjNkZDEw-c330ad95-30b5-408a-8765-958bd9b3dd10] Object was deleted but could not be found in the ZRC.
[http://chemistry.apache.org/YWQxZGUzZWUtZTRjMC00MzA4LTk5ODItOWEyM2Q3OGEyZTE5-ad1de3ee-e4c0-4308-9982-9a23d78a2e19] Object was created but could not be found in the DRC.
[http://chemistry.apache.org/MThkMmFhYTAtZTE5ZC00MWY4LTkxNGEtMzk3ZmUzMmU4YjUx-18d2aaa0-e19d-41f8-914a-397fe32e8b51] Object was created but could not be found in the DRC.
[http://chemistry.apache.org/MThkMmFhYTAtZTE5ZC00MWY4LTkxNGEtMzk3ZmUzMmU4YjUx-18d2aaa0-e19d-41f8-914a-397fe32e8b51] Object was deleted but could not be found in the ZRC.
[http://chemistry.apache.org/YWQxZGUzZWUtZTRjMC00MzA4LTk5ODItOWEyM2Q3OGEyZTE5-ad1de3ee-e4c0-4308-9982-9a23d78a2e19] Object was deleted but could not be found in the ZRC.
[http://chemistry.apache.org/YjU3MDE2MDEtYjgwYS00M2NiLTk5ZGYtY2YzYzE4N2U2MzAx-b5701601-b80a-43cb-99df-cf3c187e6301] Object was created but could not be found in the DRC.
[http://chemistry.apache.org/ODJhYzk1ZWUtYmYxNy00ZDUzLWI1ZWItN2YyYmE2OGJjMDRi-82ac95ee-bf17-4d53-b5eb-7f2ba68bc04b] Object was created but could not be found in the DRC.
[http://chemistry.apache.org/NzI1ZmMxNmUtODIwMi00OGFlLTkwZDAtNjA0NDUzN2ZjYTRhOzEuMA==-725fc16e-8202-48ae-90d0-6044537fca4a] Object was created but could not be found in the DRC.
[http://chemistry.apache.org/NzI1ZmMxNmUtODIwMi00OGFlLTkwZDAtNjA0NDUzN2ZjYTRhOzEuMA==-725fc16e-8202-48ae-90d0-6044537fca4a] Object was updated but could not be found in the DRC.
[http://chemistry.apache.org/ODI2MDhkOTUtYjZlYS00ZWQyLWEwYTAtYjJkODk4ZGU2NjZhOzEuMA==-82608d95-b6ea-4ed2-a0a0-b2d898de666a] Object was created but could not be found in the DRC.
[http://chemistry.apache.org/ODI2MDhkOTUtYjZlYS00ZWQyLWEwYTAtYjJkODk4ZGU2NjZhOzEuMA==-82608d95-b6ea-4ed2-a0a0-b2d898de666a] Object was updated but could not be found in the DRC.
[http://chemistry.apache.org/ODJhYzk1ZWUtYmYxNy00ZDUzLWI1ZWItN2YyYmE2OGJjMDRi-82ac95ee-bf17-4d53-b5eb-7f2ba68bc04b] Object was deleted but could not be found in the ZRC.
[http://chemistry.apache.org/YjU3MDE2MDEtYjgwYS00M2NiLTk5ZGYtY2YzYzE4N2U2MzAx-b5701601-b80a-43cb-99df-cf3c187e6301] Object was deleted but could not be found in the ZRC.
[http://chemistry.apache.org/ODljZGMyYmYtM2Q2Mi00YWM2LWIwOTMtZjNhMGMxNjZkOTg2-89cdc2bf-3d62-4ac6-b093-f3a0c166d986] Object was created but could not be found in the DRC.
[http://chemistry.apache.org/ZDlmOTkyYTctMzM3ZC00MTFmLWFhNmYtYzA0MTgzNWVjMWIz-d9f992a7-337d-411f-aa6f-c041835ec1b3] Object was created but could not be found in the DRC.
[http://chemistry.apache.org/NDJiMGE3MTUtZTdmOS00OWU2LTk1YTAtMmRiNWI3YzkwNzc1OzEuMA==-42b0a715-e7f9-49e6-95a0-2db5b7c90775] Object was created but could not be found in the DRC.
[http://chemistry.apache.org/NDJiMGE3MTUtZTdmOS00OWU2LTk1YTAtMmRiNWI3YzkwNzc1OzEuMA==-42b0a715-e7f9-49e6-95a0-2db5b7c90775] Object was updated but could not be found in the DRC.
[http://chemistry.apache.org/ZDlmOTkyYTctMzM3ZC00MTFmLWFhNmYtYzA0MTgzNWVjMWIz-d9f992a7-337d-411f-aa6f-c041835ec1b3] Object was deleted but could not be found in the ZRC.
[http://chemistry.apache.org/ODljZGMyYmYtM2Q2Mi00YWM2LWIwOTMtZjNhMGMxNjZkOTg2-89cdc2bf-3d62-4ac6-b093-f3a0c166d986] Object was deleted but could not be found in the ZRC.
[http://chemistry.apache.org/OTU5ZWM5OWEtYTU0My00ZWI5LTk2OTYtZThmYTM2MThmNDgw-959ec99a-a543-4eb9-9696-e8fa3618f480] Object was created but could not be found in the DRC.
[http://chemistry.apache.org/MjE1MmE1NjUtZDI1Mi00YTY0LTlmNGItZTdkYjU4ZmJmZGQ5-2152a565-d252-4a64-9f4b-e7db58fbfdd9] Object was created but could not be found in the DRC.
[http://chemistry.apache.org/Y2VjMmNiNGUtNjZiMy00NDEzLTgxMmMtYWM2NWM3ZThhMjQyOzEuMA==-cec2cb4e-66b3-4413-812c-ac65c7e8a242] Object was created but could not be found in the DRC.
[http://chemistry.apache.org/Y2VjMmNiNGUtNjZiMy00NDEzLTgxMmMtYWM2NWM3ZThhMjQyOzEuMA==-cec2cb4e-66b3-4413-812c-ac65c7e8a242] Object was updated but could not be found in the DRC.
[http://chemistry.apache.org/ZGVlZWMzZmEtY2NkYy00Mzc1LWI0MjMtYTZlOWZiY2IxNTA2OzEuMA==-deeec3fa-ccdc-4375-b423-a6e9fbcb1506] Object was created but could not be found in the DRC.
[http://chemistry.apache.org/ZGVlZWMzZmEtY2NkYy00Mzc1LWI0MjMtYTZlOWZiY2IxNTA2OzEuMA==-deeec3fa-ccdc-4375-b423-a6e9fbcb1506] Object was updated but could not be found in the DRC.
[http://chemistry.apache.org/MjE1MmE1NjUtZDI1Mi00YTY0LTlmNGItZTdkYjU4ZmJmZGQ5-2152a565-d252-4a64-9f4b-e7db58fbfdd9] Object was deleted but could not be found in the ZRC.
[http://chemistry.apache.org/OTU5ZWM5OWEtYTU0My00ZWI5LTk2OTYtZThmYTM2MThmNDgw-959ec99a-a543-4eb9-9696-e8fa3618f480] Object was deleted but could not be found in the ZRC.
[http://chemistry.apache.org/ZjBhM2JmOGQtYTYzMC00MWUyLTllNDctODY5MmUzMjA0YzUw-f0a3bf8d-a630-41e2-9e47-8692e3204c50] Object was created but could not be found in the DRC.
[http://chemistry.apache.org/ZmZmOGM3OTQtNjY4Ni00MDM4LWFjMmMtNTEzYTE3NjZhNTUz-fff8c794-6686-4038-ac2c-513a1766a553] Object was created but could not be found in the DRC.
[http://chemistry.apache.org/ZWMwZjE1NjgtMGRkZC00MTQ0LTg3Y2ItOTMxNTNkNzg0MWI5OzEuMA==-ec0f1568-0ddd-4144-87cb-93153d7841b9] Object was created but could not be found in the DRC.
[http://chemistry.apache.org/ZWMwZjE1NjgtMGRkZC00MTQ0LTg3Y2ItOTMxNTNkNzg0MWI5OzEuMA==-ec0f1568-0ddd-4144-87cb-93153d7841b9] Object was updated but could not be found in the DRC.
[http://chemistry.apache.org/Mzk2MTkzMjQtYjg4Zi00YmNhLWIxYWEtZDkxMzgxYWE0Y2ViOzEuMA==-39619324-b88f-4bca-b1aa-d91381aa4ceb] Object was created but could not be found in the DRC.
[http://chemistry.apache.org/Mzk2MTkzMjQtYjg4Zi00YmNhLWIxYWEtZDkxMzgxYWE0Y2ViOzEuMA==-39619324-b88f-4bca-b1aa-d91381aa4ceb] Object was updated but could not be found in the DRC.
[http://chemistry.apache.org/Mzk2MTkzMjQtYjg4Zi00YmNhLWIxYWEtZDkxMzgxYWE0Y2ViOzEuMA==-39619324-b88f-4bca-b1aa-d91381aa4ceb] Object was deleted but could not be found in the ZRC.
[http://chemistry.apache.org/Y2QxZGE5NjAtYTcxMy00YTcyLTg5YzAtMmIxNDdlOGYzNTZmOzEuMA==-cd1da960-a713-4a72-89c0-2b147e8f356f] Object was created but could not be found in the DRC.
[http://chemistry.apache.org/Y2QxZGE5NjAtYTcxMy00YTcyLTg5YzAtMmIxNDdlOGYzNTZmOzEuMA==-cd1da960-a713-4a72-89c0-2b147e8f356f] Object was updated but could not be found in the DRC.
[http://chemistry.apache.org/ZWMwZjE1NjgtMGRkZC00MTQ0LTg3Y2ItOTMxNTNkNzg0MWI5OzEuMA==-ec0f1568-0ddd-4144-87cb-93153d7841b9] Object was deleted but could not be found in the ZRC.
[http://chemistry.apache.org/Y2QxZGE5NjAtYTcxMy00YTcyLTg5YzAtMmIxNDdlOGYzNTZmOzEuMA==-cd1da960-a713-4a72-89c0-2b147e8f356f] Object was deleted but could not be found in the ZRC.
[http://chemistry.apache.org/ZmZmOGM3OTQtNjY4Ni00MDM4LWFjMmMtNTEzYTE3NjZhNTUz-fff8c794-6686-4038-ac2c-513a1766a553] Object was deleted but could not be found in the ZRC.
[http://chemistry.apache.org/ZjBhM2JmOGQtYTYzMC00MWUyLTllNDctODY5MmUzMjA0YzUw-f0a3bf8d-a630-41e2-9e47-8692e3204c50] Object was deleted but could not be found in the ZRC.
[http://chemistry.apache.org/M2MwYTU2NGMtOTViNy00MTkzLWIwMmItYjZhZDNlMTU5ZTZm-3c0a564c-95b7-4193-b02b-b6ad3e159e6f] Object was created but could not be found in the DRC.
[http://chemistry.apache.org/Y2RmZGZkMGUtMmMzNy00YTNhLThkYTctMWE3N2Q1MzUzMDJh-cdfdfd0e-2c37-4a3a-8da7-1a77d535302a] Object was created but could not be found in the DRC.
[http://chemistry.apache.org/MzIyZGE2MWItZjcwMi00NjEyLTlkY2QtODIyMTU5YTQwNWMwOzEuMA==-322da61b-f702-4612-9dcd-822159a405c0] Object was created but could not be found in the DRC.
[http://chemistry.apache.org/MzIyZGE2MWItZjcwMi00NjEyLTlkY2QtODIyMTU5YTQwNWMwOzEuMA==-322da61b-f702-4612-9dcd-822159a405c0] Object was updated but could not be found in the DRC.
[http://chemistry.apache.org/NWE5OGU4OGQtNjM2Ny00NDgyLTk3YjYtMzJmNzMxMWJjZjQ5OzEuMA==-5a98e88d-6367-4482-97b6-32f7311bcf49] Object was created but could not be found in the DRC.
[http://chemistry.apache.org/NWE5OGU4OGQtNjM2Ny00NDgyLTk3YjYtMzJmNzMxMWJjZjQ5OzEuMA==-5a98e88d-6367-4482-97b6-32f7311bcf49] Object was updated but could not be found in the DRC.
[http://chemistry.apache.org/MzIyZGE2MWItZjcwMi00NjEyLTlkY2QtODIyMTU5YTQwNWMwOzEuMA==-322da61b-f702-4612-9dcd-822159a405c0] Object was deleted but could not be found in the ZRC.
[http://chemistry.apache.org/NWE5OGU4OGQtNjM2Ny00NDgyLTk3YjYtMzJmNzMxMWJjZjQ5OzEuMA==-5a98e88d-6367-4482-97b6-32f7311bcf49] Object was deleted but could not be found in the ZRC.
[http://chemistry.apache.org/Y2RmZGZkMGUtMmMzNy00YTNhLThkYTctMWE3N2Q1MzUzMDJh-cdfdfd0e-2c37-4a3a-8da7-1a77d535302a] Object was deleted but could not be found in the ZRC.
[http://chemistry.apache.org/M2MwYTU2NGMtOTViNy00MTkzLWIwMmItYjZhZDNlMTU5ZTZm-3c0a564c-95b7-4193-b02b-b6ad3e159e6f] Object was deleted but could not be found in the ZRC.
[http://chemistry.apache.org/ZmViZDBhMzctZmQ1My00MjE5LTlhNzMtNjg2MWFmODIzNGIz-febd0a37-fd53-4219-9a73-6861af8234b3] Object was created but could not be found in the DRC.
[http://chemistry.apache.org/NDViNTliMzYtZDM5MS00ZWJmLWJjOTItODQ3ZGM1NTg3N2I4-45b59b36-d391-4ebf-bc92-847dc55877b8] Object was created but could not be found in the DRC.
[http://chemistry.apache.org/ZTljZTE0MWUtNDk3Yi00NTIzLWFhMzktNzc5NTA1MWIyYTU4OzEuMA==-e9ce141e-497b-4523-aa39-7795051b2a58] Object was created but could not be found in the DRC.
[http://chemistry.apache.org/ZTljZTE0MWUtNDk3Yi00NTIzLWFhMzktNzc5NTA1MWIyYTU4OzEuMA==-e9ce141e-497b-4523-aa39-7795051b2a58] Object was updated but could not be found in the DRC.
[http://chemistry.apache.org/MWY4NTE1MmQtMGIwMC00NzQxLTkyZDctNGJmZDQyYjMxMTMyOzEuMA==-1f85152d-0b00-4741-92d7-4bfd42b31132] Object was created but could not be found in the DRC.
[http://chemistry.apache.org/MWY4NTE1MmQtMGIwMC00NzQxLTkyZDctNGJmZDQyYjMxMTMyOzEuMA==-1f85152d-0b00-4741-92d7-4bfd42b31132] Object was updated but could not be found in the DRC.
[http://chemistry.apache.org/ZTljZTE0MWUtNDk3Yi00NTIzLWFhMzktNzc5NTA1MWIyYTU4OzEuMA==-e9ce141e-497b-4523-aa39-7795051b2a58] Object was deleted but could not be found in the ZRC.
[http://chemistry.apache.org/MWY4NTE1MmQtMGIwMC00NzQxLTkyZDctNGJmZDQyYjMxMTMyOzEuMA==-1f85152d-0b00-4741-92d7-4bfd42b31132] Object was deleted but could not be found in the ZRC.
[http://chemistry.apache.org/NDViNTliMzYtZDM5MS00ZWJmLWJjOTItODQ3ZGM1NTg3N2I4-45b59b36-d391-4ebf-bc92-847dc55877b8] Object was deleted but could not be found in the ZRC.
[http://chemistry.apache.org/ZmViZDBhMzctZmQ1My00MjE5LTlhNzMtNjg2MWFmODIzNGIz-febd0a37-fd53-4219-9a73-6861af8234b3] Object was deleted but could not be found in the ZRC.
[http://chemistry.apache.org/Y2Q0MzVjNzUtYTUxZS00ZGFlLWI4ZmMtYjI0MGJlMjJkZDkz-cd435c75-a51e-4dae-b8fc-b240be22dd93] Object was created but could not be found in the DRC.
[http://chemistry.apache.org/Y2ZhNjY5NjUtMmY1Yi00MDgwLWE2ZTYtODRlNjIyMGViMjYz-cfa66965-2f5b-4080-a6e6-84e6220eb263] Object was created but could not be found in the DRC.
[http://chemistry.apache.org/ODNmMmZhNTQtYmMzMi00NDdlLThlOGQtNmM3ZTdhNzAyNjc5OzEuMA==-83f2fa54-bc32-447e-8e8d-6c7e7a702679] Object was created but could not be found in the DRC.
[http://chemistry.apache.org/ODNmMmZhNTQtYmMzMi00NDdlLThlOGQtNmM3ZTdhNzAyNjc5OzEuMA==-83f2fa54-bc32-447e-8e8d-6c7e7a702679] Object was updated but could not be found in the DRC.
[http://chemistry.apache.org/Zjg2ODEzZmEtMzY2ZC00MGI2LWI3NWQtNWUwNTdhMmQ3ZDQxOzEuMA==-f86813fa-366d-40b6-b75d-5e057a2d7d41] Object was created but could not be found in the DRC.
[http://chemistry.apache.org/Zjg2ODEzZmEtMzY2ZC00MGI2LWI3NWQtNWUwNTdhMmQ3ZDQxOzEuMA==-f86813fa-366d-40b6-b75d-5e057a2d7d41] Object was updated but could not be found in the DRC.
[http://chemistry.apache.org/ODNmMmZhNTQtYmMzMi00NDdlLThlOGQtNmM3ZTdhNzAyNjc5OzEuMA==-83f2fa54-bc32-447e-8e8d-6c7e7a702679] Object was deleted but could not be found in the ZRC.
[http://chemistry.apache.org/Zjg2ODEzZmEtMzY2ZC00MGI2LWI3NWQtNWUwNTdhMmQ3ZDQxOzEuMA==-f86813fa-366d-40b6-b75d-5e057a2d7d41] Object was deleted but could not be found in the ZRC.
[http://chemistry.apache.org/Y2ZhNjY5NjUtMmY1Yi00MDgwLWE2ZTYtODRlNjIyMGViMjYz-cfa66965-2f5b-4080-a6e6-84e6220eb263] Object was deleted but could not be found in the ZRC.
[http://chemistry.apache.org/Y2Q0MzVjNzUtYTUxZS00ZGFlLWI4ZmMtYjI0MGJlMjJkZDkz-cd435c75-a51e-4dae-b8fc-b240be22dd93] Object was deleted but could not be found in the ZRC.
[http://chemistry.apache.org/NDljODM4YjgtNTU5Yi00OTZiLWJmNmQtZDBkOTM1NTdjYzNk-49c838b8-559b-496b-bf6d-d0d93557cc3d] Object was created but could not be found in the DRC.
[http://chemistry.apache.org/OWQyYWZkNTItNmEyNC00ZDNjLWFlZmYtODQ4NWU3YzVhNzJk-9d2afd52-6a24-4d3c-aeff-8485e7c5a72d] Object was created but could not be found in the DRC.
[http://chemistry.apache.org/OWQyYWZkNTItNmEyNC00ZDNjLWFlZmYtODQ4NWU3YzVhNzJk-9d2afd52-6a24-4d3c-aeff-8485e7c5a72d] Object was deleted but could not be found in the ZRC.
[http://chemistry.apache.org/NDljODM4YjgtNTU5Yi00OTZiLWJmNmQtZDBkOTM1NTdjYzNk-49c838b8-559b-496b-bf6d-d0d93557cc3d] Object was deleted but could not be found in the ZRC.
[http://chemistry.apache.org/YjQ4MWViYmYtNDdkOC00Zjc4LTg5YTQtMzE1NTI1ZGQyOGNk-b481ebbf-47d8-4f78-89a4-315525dd28cd] Object was created but could not be found in the DRC.
[http://chemistry.apache.org/YjBkNzczMjYtYzBkMy00MmQ2LTkyOGUtZGY4NWFkOWUwYzBk-b0d77326-c0d3-42d6-928e-df85ad9e0c0d] Object was created but could not be found in the DRC.
[http://chemistry.apache.org/YjBkNzczMjYtYzBkMy00MmQ2LTkyOGUtZGY4NWFkOWUwYzBk-b0d77326-c0d3-42d6-928e-df85ad9e0c0d] Object was deleted but could not be found in the ZRC.
[http://chemistry.apache.org/YjQ4MWViYmYtNDdkOC00Zjc4LTg5YTQtMzE1NTI1ZGQyOGNk-b481ebbf-47d8-4f78-89a4-315525dd28cd] Object was deleted but could not be found in the ZRC.
[http://chemistry.apache.org/ODZhNWZhNmYtOWM0Zi00Y2E4LThkNDgtNzYxNmNjNzNmM2Zk-86a5fa6f-9c4f-4ca8-8d48-7616cc73f3fd] Object was created but could not be found in the DRC.
[http://chemistry.apache.org/MTk5YzhkZmItNWQ4ZS00OWY4LTg4N2UtYjVkZWQ0YTc4MzBh-199c8dfb-5d8e-49f8-887e-b5ded4a7830a] Object was created but could not be found in the DRC.
[http://chemistry.apache.org/MTk5YzhkZmItNWQ4ZS00OWY4LTg4N2UtYjVkZWQ0YTc4MzBh-199c8dfb-5d8e-49f8-887e-b5ded4a7830a] Object was deleted but could not be found in the ZRC.
[http://chemistry.apache.org/ODZhNWZhNmYtOWM0Zi00Y2E4LThkNDgtNzYxNmNjNzNmM2Zk-86a5fa6f-9c4f-4ca8-8d48-7616cc73f3fd] Object was deleted but could not be found in the ZRC.
[http://chemistry.apache.org/NjJkYTQyZWUtYTJjYi00NmFiLTg0YzItOWExMzU1NDUzYTZh-62da42ee-a2cb-46ab-84c2-9a1355453a6a] Object was created but could not be found in the DRC.
[http://chemistry.apache.org/YTU2NzM1ODMtYTdlOC00ZWFmLTk0MDMtZTUwZTkxZDUzNjNl-a5673583-a7e8-4eaf-9403-e50e91d5363e] Object was created but could not be found in the DRC.
[http://chemistry.apache.org/NmExOGU3ZjItNThmZi00ZWU4LWJkMDktMjBjMDcxMGZkYjlh-6a18e7f2-58ff-4ee8-bd09-20c0710fdb9a] Object was created but could not be found in the DRC.
[http://chemistry.apache.org/YTU2NzM1ODMtYTdlOC00ZWFmLTk0MDMtZTUwZTkxZDUzNjNl-a5673583-a7e8-4eaf-9403-e50e91d5363e] Object was deleted but could not be found in the ZRC.
[http://chemistry.apache.org/NmExOGU3ZjItNThmZi00ZWU4LWJkMDktMjBjMDcxMGZkYjlh-6a18e7f2-58ff-4ee8-bd09-20c0710fdb9a] Object was deleted but could not be found in the ZRC.
[http://chemistry.apache.org/NjJkYTQyZWUtYTJjYi00NmFiLTg0YzItOWExMzU1NDUzYTZh-62da42ee-a2cb-46ab-84c2-9a1355453a6a] Object was deleted but could not be found in the ZRC.
[http://chemistry.apache.org/NDkwYWVkMTMtMTM1MC00NzNjLWI4YmYtMDJkYjY2MTc1ZDkz-490aed13-1350-473c-b8bf-02db66175d93] Object was created but could not be found in the DRC.
[http://chemistry.apache.org/MWMzYTM4YzAtNDJjYy00NjFmLTg1MWItZTlhZGQxNmE3NzMz-1c3a38c0-42cc-461f-851b-e9add16a7733] Object was created but could not be found in the DRC.
[http://chemistry.apache.org/MDQ3NGI1NTQtZWJjNC00NWZmLThiMTAtNjk4Mjg0ZDJmZjllOzEuMA==-0474b554-ebc4-45ff-8b10-698284d2ff9e] Object was created but could not be found in the DRC.
[http://chemistry.apache.org/MDQ3NGI1NTQtZWJjNC00NWZmLThiMTAtNjk4Mjg0ZDJmZjllOzEuMA==-0474b554-ebc4-45ff-8b10-698284d2ff9e] Object was updated but could not be found in the DRC.
[http://chemistry.apache.org/ZTRkZDE3ODYtMjUzMC00ODkwLWI3ZDAtYjUyNTM2ZGMwYzI5OzEuMA==-e4dd1786-2530-4890-b7d0-b52536dc0c29] Object was created but could not be found in the DRC.
[http://chemistry.apache.org/ZTRkZDE3ODYtMjUzMC00ODkwLWI3ZDAtYjUyNTM2ZGMwYzI5OzEuMA==-e4dd1786-2530-4890-b7d0-b52536dc0c29] Object was updated but could not be found in the DRC.
[http://chemistry.apache.org/MWMzYTM4YzAtNDJjYy00NjFmLTg1MWItZTlhZGQxNmE3NzMz-1c3a38c0-42cc-461f-851b-e9add16a7733] Object was deleted but could not be found in the ZRC.
[http://chemistry.apache.org/NDkwYWVkMTMtMTM1MC00NzNjLWI4YmYtMDJkYjY2MTc1ZDkz-490aed13-1350-473c-b8bf-02db66175d93] Object was deleted but could not be found in the ZRC.
[http://chemistry.apache.org/Y2EzNjMzMzMtZTJiZC00MWNlLTljYjMtNTZhYTY5M2ExMTVk-ca363333-e2bd-41ce-9cb3-56aa693a115d] Object was created but could not be found in the DRC.
[http://chemistry.apache.org/MTYzMzRmZDMtZDYyMC00OTUyLTgxZmEtZjRjMmQ2ZWI4NmRk-16334fd3-d620-4952-81fa-f4c2d6eb86dd] Object was created but could not be found in the DRC.
[http://chemistry.apache.org/YWNhYzNkNTYtYTIwMi00YzgzLTg0NjgtMmM5NDQ0MTJlMDE3OzEuMA==-acac3d56-a202-4c83-8468-2c944412e017] Object was created but could not be found in the DRC.
[http://chemistry.apache.org/YWNhYzNkNTYtYTIwMi00YzgzLTg0NjgtMmM5NDQ0MTJlMDE3OzEuMA==-acac3d56-a202-4c83-8468-2c944412e017] Object was updated but could not be found in the DRC.
[http://chemistry.apache.org/NzMyMTI4MjAtNGQ2Mi00ZWUyLWE4ZTctMDgwMDY5MTA2OTRjOzEuMA==-73212820-4d62-4ee2-a8e7-08006910694c] Object was created but could not be found in the DRC.
[http://chemistry.apache.org/NzMyMTI4MjAtNGQ2Mi00ZWUyLWE4ZTctMDgwMDY5MTA2OTRjOzEuMA==-73212820-4d62-4ee2-a8e7-08006910694c] Object was updated but could not be found in the DRC.
[http://chemistry.apache.org/MTYzMzRmZDMtZDYyMC00OTUyLTgxZmEtZjRjMmQ2ZWI4NmRk-16334fd3-d620-4952-81fa-f4c2d6eb86dd] Object was deleted but could not be found in the ZRC.
[http://chemistry.apache.org/Y2EzNjMzMzMtZTJiZC00MWNlLTljYjMtNTZhYTY5M2ExMTVk-ca363333-e2bd-41ce-9cb3-56aa693a115d] Object was deleted but could not be found in the ZRC.
[http://chemistry.apache.org/Y2M1YzYzZjgtMGZlMy00ZmMyLThkMTYtMWJhOGViODUxNzZh-cc5c63f8-0fe3-4fc2-8d16-1ba8eb85176a] Object was created but could not be found in the DRC.
[http://chemistry.apache.org/NjE1NjI5YzYtOWZmZC00NDZjLWIzNzItYTM5ODU2NzYwYmQz-615629c6-9ffd-446c-b372-a39856760bd3] Object was created but could not be found in the DRC.
[http://chemistry.apache.org/YjYzZmUzN2YtYzM0Yi00ZjY4LTkzYTgtN2VhMGFmNzAwNTc5OzEuMA==-b63fe37f-c34b-4f68-93a8-7ea0af700579] Object was created but could not be found in the DRC.
[http://chemistry.apache.org/YjYzZmUzN2YtYzM0Yi00ZjY4LTkzYTgtN2VhMGFmNzAwNTc5OzEuMA==-b63fe37f-c34b-4f68-93a8-7ea0af700579] Object was updated but could not be found in the DRC.
[http://chemistry.apache.org/ZWNkNmU0ZmQtYzM5Yi00ODY3LWFkMzYtMWZmM2ZhMGYwYjQyOzEuMA==-ecd6e4fd-c39b-4867-ad36-1ff3fa0f0b42] Object was created but could not be found in the DRC.
[http://chemistry.apache.org/ZWNkNmU0ZmQtYzM5Yi00ODY3LWFkMzYtMWZmM2ZhMGYwYjQyOzEuMA==-ecd6e4fd-c39b-4867-ad36-1ff3fa0f0b42] Object was updated but could not be found in the DRC.
[http://chemistry.apache.org/NjE1NjI5YzYtOWZmZC00NDZjLWIzNzItYTM5ODU2NzYwYmQz-615629c6-9ffd-446c-b372-a39856760bd3] Object was deleted but could not be found in the ZRC.
[http://chemistry.apache.org/Y2M1YzYzZjgtMGZlMy00ZmMyLThkMTYtMWJhOGViODUxNzZh-cc5c63f8-0fe3-4fc2-8d16-1ba8eb85176a] Object was deleted but could not be found in the ZRC.
[http://chemistry.apache.org/OWU5OTQ4M2UtNDY5MS00M2M4LTg4MTktZjYxYTBkN2RjY2Vm-9e99483e-4691-43c8-8819-f61a0d7dccef] Object was created but could not be found in the DRC.
[http://chemistry.apache.org/NjNkMzJlMjktOGJlNC00ZmVjLWI5ZjktNGI0ZjExMjI0NGE5-63d32e29-8be4-4fec-b9f9-4b4f112244a9] Object was created but could not be found in the DRC.
[http://chemistry.apache.org/MWY5YzdhOTMtZjg4MC00ZmE0LWIxYzktZjk5OWU2Njg0MGJmOzEuMA==-1f9c7a93-f880-4fa4-b1c9-f999e66840bf] Object was created but could not be found in the DRC.
[http://chemistry.apache.org/MWY5YzdhOTMtZjg4MC00ZmE0LWIxYzktZjk5OWU2Njg0MGJmOzEuMA==-1f9c7a93-f880-4fa4-b1c9-f999e66840bf] Object was updated but could not be found in the DRC.
[http://chemistry.apache.org/NjNkMzJlMjktOGJlNC00ZmVjLWI5ZjktNGI0ZjExMjI0NGE5-63d32e29-8be4-4fec-b9f9-4b4f112244a9] Object was deleted but could not be found in the ZRC.
[http://chemistry.apache.org/OWU5OTQ4M2UtNDY5MS00M2M4LTg4MTktZjYxYTBkN2RjY2Vm-9e99483e-4691-43c8-8819-f61a0d7dccef] Object was deleted but could not be found in the ZRC.
[http://chemistry.apache.org/M2NmY2MyNzktOTc2YS00ZjdkLWJlNGYtYWFiNzJlM2M4ZDQ3-3cfcc279-976a-4f7d-be4f-aab72e3c8d47] Object was created but could not be found in the DRC.
[http://chemistry.apache.org/NmE2YmNmM2UtMGZiYi00NmI4LTgzNjctOTkzYzdmYWU3NTUw-6a6bcf3e-0fbb-46b8-8367-993c7fae7550] Object was created but could not be found in the DRC.
[http://chemistry.apache.org/ZjgxZGY3Y2UtNzU4Yy00ODAzLTk3NmEtNmEyMDBjNDQzN2M1OzEuMA==-f81df7ce-758c-4803-976a-6a200c4437c5] Object was created but could not be found in the DRC.
[http://chemistry.apache.org/ZjgxZGY3Y2UtNzU4Yy00ODAzLTk3NmEtNmEyMDBjNDQzN2M1OzEuMA==-f81df7ce-758c-4803-976a-6a200c4437c5] Object was updated but could not be found in the DRC.
[http://chemistry.apache.org/NmE2YmNmM2UtMGZiYi00NmI4LTgzNjctOTkzYzdmYWU3NTUw-6a6bcf3e-0fbb-46b8-8367-993c7fae7550] Object was deleted but could not be found in the ZRC.
[http://chemistry.apache.org/M2NmY2MyNzktOTc2YS00ZjdkLWJlNGYtYWFiNzJlM2M4ZDQ3-3cfcc279-976a-4f7d-be4f-aab72e3c8d47] Object was deleted but could not be found in the ZRC.
[http://chemistry.apache.org/ODk2ZTFiNTktNTYxZS00Nzg3LWFiYjgtOTA4NzA4YjY5Mzgw-896e1b59-561e-4787-abb8-908708b69380] Object was created but could not be found in the DRC.
[http://chemistry.apache.org/OTU5MDJlNjEtMjRiNy00YTdkLTlmYTktNjIwNDdlYmNkZDU2-95902e61-24b7-4a7d-9fa9-62047ebcdd56] Object was created but could not be found in the DRC.
[http://chemistry.apache.org/MjUwNDZmOTMtNDBkNC00NDFmLWE2ZjktYzA2MjhjOTFhYWM2OzEuMA==-25046f93-40d4-441f-a6f9-c0628c91aac6] Object was created but could not be found in the DRC.
[http://chemistry.apache.org/MjUwNDZmOTMtNDBkNC00NDFmLWE2ZjktYzA2MjhjOTFhYWM2OzEuMA==-25046f93-40d4-441f-a6f9-c0628c91aac6] Object was updated but could not be found in the DRC.
[http://chemistry.apache.org/MjUwNDZmOTMtNDBkNC00NDFmLWE2ZjktYzA2MjhjOTFhYWM2OzEuMQ==-25046f93-40d4-441f-a6f9-c0628c91aac6] Object was deleted but could not be found in the ZRC.
[http://chemistry.apache.org/OTU5MDJlNjEtMjRiNy00YTdkLTlmYTktNjIwNDdlYmNkZDU2-95902e61-24b7-4a7d-9fa9-62047ebcdd56] Object was deleted but could not be found in the ZRC.
[http://chemistry.apache.org/ODk2ZTFiNTktNTYxZS00Nzg3LWFiYjgtOTA4NzA4YjY5Mzgw-896e1b59-561e-4787-abb8-908708b69380] Object was deleted but could not be found in the ZRC.
[http://chemistry.apache.org/NmE5ZDg2MzgtNzY0ZS00N2NjLWE3NTMtOWYyYWU4YjExNjky-6a9d8638-764e-47cc-a753-9f2ae8b11692] Object was created but could not be found in the DRC.
[http://chemistry.apache.org/NTAyY2VmNjktM2M0OC00Mzc5LTkwZGQtOGZiOWYwY2M2YWZl-502cef69-3c48-4379-90dd-8fb9f0cc6afe] Object was created but could not be found in the DRC.
[http://chemistry.apache.org/NTAyY2VmNjktM2M0OC00Mzc5LTkwZGQtOGZiOWYwY2M2YWZl-502cef69-3c48-4379-90dd-8fb9f0cc6afe] Object was deleted but could not be found in the ZRC.
[http://chemistry.apache.org/NmE5ZDg2MzgtNzY0ZS00N2NjLWE3NTMtOWYyYWU4YjExNjky-6a9d8638-764e-47cc-a753-9f2ae8b11692] Object was deleted but could not be found in the ZRC.
[http://chemistry.apache.org/NzA0ZmQ4MDctYTIwYy00MzYzLTkyNzktM2E0YjE3ZTYxZWRk-704fd807-a20c-4363-9279-3a4b17e61edd] Object was created but could not be found in the DRC.
[http://chemistry.apache.org/MDUyODU5YjYtNzc5Zi00MTFlLTg2OGEtZWI0YzQ2MDk4N2Jl-052859b6-779f-411e-868a-eb4c460987be] Object was created but could not be found in the DRC.
[http://chemistry.apache.org/NmM4ZTc5MDctMjMxOS00NjQyLWJiZTItYzE2YzM4YzY1OTU1OzEuMA==-6c8e7907-2319-4642-bbe2-c16c38c65955] Object was created but could not be found in the DRC.
[http://chemistry.apache.org/NmM4ZTc5MDctMjMxOS00NjQyLWJiZTItYzE2YzM4YzY1OTU1OzEuMA==-6c8e7907-2319-4642-bbe2-c16c38c65955] Object was updated but could not be found in the DRC.
[http://chemistry.apache.org/NmM4ZTc5MDctMjMxOS00NjQyLWJiZTItYzE2YzM4YzY1OTU1OzEuMA==-6c8e7907-2319-4642-bbe2-c16c38c65955] Object was deleted but could not be found in the ZRC.
[http://chemistry.apache.org/MDUyODU5YjYtNzc5Zi00MTFlLTg2OGEtZWI0YzQ2MDk4N2Jl-052859b6-779f-411e-868a-eb4c460987be] Object was deleted but could not be found in the ZRC.
[http://chemistry.apache.org/NzA0ZmQ4MDctYTIwYy00MzYzLTkyNzktM2E0YjE3ZTYxZWRk-704fd807-a20c-4363-9279-3a4b17e61edd] Object was deleted but could not be found in the ZRC.
[http://chemistry.apache.org/MWE4NzAxMjItZGNmZS00NmVlLTg2ODEtZmM4NzRjZDI4NzIx-1a870122-dcfe-46ee-8681-fc874cd28721] Object was created but could not be found in the DRC.
[http://chemistry.apache.org/YjBhMDNiMmUtYTM3MS00YTI2LWI4NGEtYjkxYTExMGQ2MDUx-b0a03b2e-a371-4a26-b84a-b91a110d6051] Object was created but could not be found in the DRC.
[http://chemistry.apache.org/ODhkZjBiMDYtMTQ1MS00OWU3LTg0ZTktYTI4Zjg4NDg2ZDBhOzEuMA==-88df0b06-1451-49e7-84e9-a28f88486d0a] Object was created but could not be found in the DRC.
[http://chemistry.apache.org/ODhkZjBiMDYtMTQ1MS00OWU3LTg0ZTktYTI4Zjg4NDg2ZDBhOzEuMA==-88df0b06-1451-49e7-84e9-a28f88486d0a] Object was updated but could not be found in the DRC.
[http://chemistry.apache.org/ODhkZjBiMDYtMTQ1MS00OWU3LTg0ZTktYTI4Zjg4NDg2ZDBhOzEuMA==-88df0b06-1451-49e7-84e9-a28f88486d0a] Object was deleted but could not be found in the ZRC.
[http://chemistry.apache.org/YjBhMDNiMmUtYTM3MS00YTI2LWI4NGEtYjkxYTExMGQ2MDUx-b0a03b2e-a371-4a26-b84a-b91a110d6051] Object was deleted but could not be found in the ZRC.
[http://chemistry.apache.org/MWE4NzAxMjItZGNmZS00NmVlLTg2ODEtZmM4NzRjZDI4NzIx-1a870122-dcfe-46ee-8681-fc874cd28721] Object was deleted but could not be found in the ZRC.
[http://chemistry.apache.org/OWQ3MDhmODktM2FmNC00NjhlLTgxYTEtZjNiZjUxZTFiZjIy-9d708f89-3af4-468e-81a1-f3bf51e1bf22] Object was created but could not be found in the DRC.
[http://chemistry.apache.org/MGUwMTAxMmYtNGNkNS00Y2Y4LThmOWMtZjQzOTI1NDQyMzFi-0e01012f-4cd5-4cf8-8f9c-f4392544231b] Object was created but could not be found in the DRC.
[http://chemistry.apache.org/ZTEwZjQ5OWItMTk2YS00ZDYxLTg2OTItMjY4NjIxNjBhNTBkOzEuMA==-e10f499b-196a-4d61-8692-26862160a50d] Object was created but could not be found in the DRC.
[http://chemistry.apache.org/ZTEwZjQ5OWItMTk2YS00ZDYxLTg2OTItMjY4NjIxNjBhNTBkOzEuMA==-e10f499b-196a-4d61-8692-26862160a50d] Object was updated but could not be found in the DRC.
[http://chemistry.apache.org/ZTEwZjQ5OWItMTk2YS00ZDYxLTg2OTItMjY4NjIxNjBhNTBkOzEuMA==-e10f499b-196a-4d61-8692-26862160a50d] Object was deleted but could not be found in the ZRC.
[http://chemistry.apache.org/MGUwMTAxMmYtNGNkNS00Y2Y4LThmOWMtZjQzOTI1NDQyMzFi-0e01012f-4cd5-4cf8-8f9c-f4392544231b] Object was deleted but could not be found in the ZRC.
[http://chemistry.apache.org/OWQ3MDhmODktM2FmNC00NjhlLTgxYTEtZjNiZjUxZTFiZjIy-9d708f89-3af4-468e-81a1-f3bf51e1bf22] Object was deleted but could not be found in the ZRC.
[http://chemistry.apache.org/MmE5MjY0MTktOTE0YS00NWQ3LWJhMDItYWVjZGNlMzM1NzNi-2a926419-914a-45d7-ba02-aecdce33573b] Object was created but could not be found in the DRC.
[http://chemistry.apache.org/ODFlZjdlZGYtNTBjNi00YzViLWEwMmQtYjUxYTgwNTg1NDI5-81ef7edf-50c6-4c5b-a02d-b51a80585429] Object was created but could not be found in the DRC.
[http://chemistry.apache.org/NzY4MDUxYTItODQwMi00OGFjLTk1OTgtOTdkMGE1Y2JhOTlhOzEuMA==-768051a2-8402-48ac-9598-97d0a5cba99a] Object was created but could not be found in the DRC.
[http://chemistry.apache.org/NzY4MDUxYTItODQwMi00OGFjLTk1OTgtOTdkMGE1Y2JhOTlhOzEuMA==-768051a2-8402-48ac-9598-97d0a5cba99a] Object was updated but could not be found in the DRC.
[http://chemistry.apache.org/ZTUwOWY0MDktYjdkZi00OWY5LTk2YWYtZWNmMTI3OGFiYmRm-e509f409-b7df-49f9-96af-ecf1278abbdf] Object was created but could not be found in the DRC.
[http://chemistry.apache.org/NzY4MDUxYTItODQwMi00OGFjLTk1OTgtOTdkMGE1Y2JhOTlhOzEuMA==-768051a2-8402-48ac-9598-97d0a5cba99a] Object was deleted but could not be found in the ZRC.
[http://chemistry.apache.org/ZTUwOWY0MDktYjdkZi00OWY5LTk2YWYtZWNmMTI3OGFiYmRm-e509f409-b7df-49f9-96af-ecf1278abbdf] Object was deleted but could not be found in the ZRC.
[http://chemistry.apache.org/ODFlZjdlZGYtNTBjNi00YzViLWEwMmQtYjUxYTgwNTg1NDI5-81ef7edf-50c6-4c5b-a02d-b51a80585429] Object was deleted but could not be found in the ZRC.
[http://chemistry.apache.org/MmE5MjY0MTktOTE0YS00NWQ3LWJhMDItYWVjZGNlMzM1NzNi-2a926419-914a-45d7-ba02-aecdce33573b] Object was deleted but could not be found in the ZRC.
[http://chemistry.apache.org/NjUwZGE2YzAtNjdhMi00N2I3LWIwMjEtMmEyOTQ4ZmE5YjBm-650da6c0-67a2-47b7-b021-2a2948fa9b0f] Object was created but could not be found in the DRC.
[http://chemistry.apache.org/ZTM1MDE4NGEtM2ExYS00ZmQwLWI4ZmEtNGExMDhlMGIzZGMw-e350184a-3a1a-4fd0-b8fa-4a108e0b3dc0] Object was created but could not be found in the DRC.
[http://chemistry.apache.org/ZDc5YWFkYmUtNjUyOS00NjRhLTgxNWMtY2I0MzBhZTY2MGEzOzEuMA==-d79aadbe-6529-464a-815c-cb430ae660a3] Object was created but could not be found in the DRC.
[http://chemistry.apache.org/ZDc5YWFkYmUtNjUyOS00NjRhLTgxNWMtY2I0MzBhZTY2MGEzOzEuMA==-d79aadbe-6529-464a-815c-cb430ae660a3] Object was updated but could not be found in the DRC.
[http://chemistry.apache.org/ZDc5YWFkYmUtNjUyOS00NjRhLTgxNWMtY2I0MzBhZTY2MGEzOzEuMA==-d79aadbe-6529-464a-815c-cb430ae660a3] Object was deleted but could not be found in the ZRC.
[http://chemistry.apache.org/ZTM1MDE4NGEtM2ExYS00ZmQwLWI4ZmEtNGExMDhlMGIzZGMw-e350184a-3a1a-4fd0-b8fa-4a108e0b3dc0] Object was deleted but could not be found in the ZRC.
[http://chemistry.apache.org/NjUwZGE2YzAtNjdhMi00N2I3LWIwMjEtMmEyOTQ4ZmE5YjBm-650da6c0-67a2-47b7-b021-2a2948fa9b0f] Object was deleted but could not be found in the ZRC.
[http://chemistry.apache.org/YmI0ZmU5MmEtN2M3My00OGUyLTg3NWMtZWZjOGZmMDA2ZWZk-bb4fe92a-7c73-48e2-875c-efc8ff006efd] Object was created but could not be found in the DRC.
[http://chemistry.apache.org/NGI1YjNlMzEtMjhiZi00MzQwLWEwMTYtNmJjMmQ1ZmZlNzA5-4b5b3e31-28bf-4340-a016-6bc2d5ffe709] Object was created but could not be found in the DRC.
[http://chemistry.apache.org/YTRjMmVjNzgtYmFhZi00YjQyLWIxN2YtYjQ2NzdhMjA1ZjA2OzEuMA==-a4c2ec78-baaf-4b42-b17f-b4677a205f06] Object was created but could not be found in the DRC.
[http://chemistry.apache.org/YTRjMmVjNzgtYmFhZi00YjQyLWIxN2YtYjQ2NzdhMjA1ZjA2OzEuMA==-a4c2ec78-baaf-4b42-b17f-b4677a205f06] Object was updated but could not be found in the DRC.
[http://chemistry.apache.org/YTRjMmVjNzgtYmFhZi00YjQyLWIxN2YtYjQ2NzdhMjA1ZjA2OzEuMA==-a4c2ec78-baaf-4b42-b17f-b4677a205f06] Object was deleted but could not be found in the ZRC.
[http://chemistry.apache.org/MWYxODYzMTUtYThlZS00MTM2LWJjNTItMTAxNzA0N2I4ZjVl-1f186315-a8ee-4136-bc52-1017047b8f5e] Object was created but could not be found in the DRC.
[http://chemistry.apache.org/MWYxODYzMTUtYThlZS00MTM2LWJjNTItMTAxNzA0N2I4ZjVl-1f186315-a8ee-4136-bc52-1017047b8f5e] Object was deleted but could not be found in the ZRC.
[http://chemistry.apache.org/NGI1YjNlMzEtMjhiZi00MzQwLWEwMTYtNmJjMmQ1ZmZlNzA5-4b5b3e31-28bf-4340-a016-6bc2d5ffe709] Object was deleted but could not be found in the ZRC.
[http://chemistry.apache.org/YmI0ZmU5MmEtN2M3My00OGUyLTg3NWMtZWZjOGZmMDA2ZWZk-bb4fe92a-7c73-48e2-875c-efc8ff006efd] Object was deleted but could not be found in the ZRC.
[http://chemistry.apache.org/ZjQ3YjExMDgtMmMxNi00NTczLThhMDMtOGE3MGFmMmM3NDY1OzEuMA==-f47b1108-2c16-4573-8a03-8a70af2c7465] Object was created but could not be found in the DRC.
[http://chemistry.apache.org/ZjQ3YjExMDgtMmMxNi00NTczLThhMDMtOGE3MGFmMmM3NDY1OzEuMA==-f47b1108-2c16-4573-8a03-8a70af2c7465] Object was updated but could not be found in the DRC.
[http://chemistry.apache.org/NmIzNjMzMWUtZmZlMC00ZDYzLTk0NjItYjNkMjlkMDc1Njhk-6b36331e-ffe0-4d63-9462-b3d29d07568d] Object was created but could not be found in the DRC.
[http://chemistry.apache.org/Mjg3ODBiZmItODc4Zi00MzBjLTgxNzMtNzZhYzIwYzQxOTI3-28780bfb-878f-430c-8173-76ac20c41927] Object was created but could not be found in the DRC.
[http://chemistry.apache.org/ZmIyN2VmZDctZDY0Zi00Y2JkLTkwZWUtMzAxNzViNGM5MjFmOzEuMA==-fb27efd7-d64f-4cbd-90ee-30175b4c921f] Object was created but could not be found in the DRC.
[http://chemistry.apache.org/ZmIyN2VmZDctZDY0Zi00Y2JkLTkwZWUtMzAxNzViNGM5MjFmOzEuMA==-fb27efd7-d64f-4cbd-90ee-30175b4c921f] Object was updated but could not be found in the DRC.
[http://chemistry.apache.org/MmZlZTliNmEtMWI5Ni00YWRhLThmMGQtMDY4NjIzZTliOWYwOzEuMA==-2fee9b6a-1b96-4ada-8f0d-068623e9b9f0] Object was created but could not be found in the DRC.
[http://chemistry.apache.org/MmZlZTliNmEtMWI5Ni00YWRhLThmMGQtMDY4NjIzZTliOWYwOzEuMA==-2fee9b6a-1b96-4ada-8f0d-068623e9b9f0] Object was updated but could not be found in the DRC.
[http://chemistry.apache.org/Mjg3ODBiZmItODc4Zi00MzBjLTgxNzMtNzZhYzIwYzQxOTI3-28780bfb-878f-430c-8173-76ac20c41927] Object was deleted but could not be found in the ZRC.
[http://chemistry.apache.org/NmIzNjMzMWUtZmZlMC00ZDYzLTk0NjItYjNkMjlkMDc1Njhk-6b36331e-ffe0-4d63-9462-b3d29d07568d] Object was deleted but could not be found in the ZRC.
[http://chemistry.apache.org/ODExOTM2ZmQtYWFlNS00MTVkLThlZmEtMmY3ZDhiOWQ3ZTY3-811936fd-aae5-415d-8efa-2f7d8b9d7e67] Object was created but could not be found in the DRC.
[http://chemistry.apache.org/ZjE5MTI5OGQtZmJiZC00OWZkLTkwMWEtNTNkNDFiNGY2NjA2-f191298d-fbbd-49fd-901a-53d41b4f6606] Object was created but could not be found in the DRC.
[http://chemistry.apache.org/NzkyNTkxNjYtODIxYy00MmUyLWE4Y2ItNTQzNTE4NjU4ZThlOzEuMA==-79259166-821c-42e2-a8cb-543518658e8e] Object was created but could not be found in the DRC.
[http://chemistry.apache.org/NzkyNTkxNjYtODIxYy00MmUyLWE4Y2ItNTQzNTE4NjU4ZThlOzEuMA==-79259166-821c-42e2-a8cb-543518658e8e] Object was updated but could not be found in the DRC.
[http://chemistry.apache.org/NGRkMDkyMTMtYjMwMi00MWMxLThmZjMtNmMwNTQyNTEzNDQ3OzEuMA==-4dd09213-b302-41c1-8ff3-6c0542513447] Object was created but could not be found in the DRC.
[http://chemistry.apache.org/NGRkMDkyMTMtYjMwMi00MWMxLThmZjMtNmMwNTQyNTEzNDQ3OzEuMA==-4dd09213-b302-41c1-8ff3-6c0542513447] Object was updated but could not be found in the DRC.
[http://chemistry.apache.org/ZjE5MTI5OGQtZmJiZC00OWZkLTkwMWEtNTNkNDFiNGY2NjA2-f191298d-fbbd-49fd-901a-53d41b4f6606] Object was deleted but could not be found in the ZRC.
[http://chemistry.apache.org/ODExOTM2ZmQtYWFlNS00MTVkLThlZmEtMmY3ZDhiOWQ3ZTY3-811936fd-aae5-415d-8efa-2f7d8b9d7e67] Object was deleted but could not be found in the ZRC.
[http://chemistry.apache.org/Yjc2MmU5ZDQtZmEzOC00YmY5LWFlODUtZDAxNTAxZDE2M2I4-b762e9d4-fa38-4bf9-ae85-d01501d163b8] Object was created but could not be found in the DRC.
[http://chemistry.apache.org/MjNlMmQ5ZTItZDI0Ny00YmYxLTkyNDYtM2E1YmU5MTY5OTM4-23e2d9e2-d247-4bf1-9246-3a5be9169938] Object was created but could not be found in the DRC.
[http://chemistry.apache.org/ODU0YmFlZDktNDhlZS00YzEwLTllYjItZmJhZjc3ZDJkODY1OzEuMA==-854baed9-48ee-4c10-9eb2-fbaf77d2d865] Object was created but could not be found in the DRC.
[http://chemistry.apache.org/ODU0YmFlZDktNDhlZS00YzEwLTllYjItZmJhZjc3ZDJkODY1OzEuMA==-854baed9-48ee-4c10-9eb2-fbaf77d2d865] Object was updated but could not be found in the DRC.
[http://chemistry.apache.org/MjczYjRiMDctMjFkZS00MGRlLTliZTQtYjU0ZjNlNTlhYTM4OzEuMA==-273b4b07-21de-40de-9be4-b54f3e59aa38] Object was created but could not be found in the DRC.
[http://chemistry.apache.org/MjczYjRiMDctMjFkZS00MGRlLTliZTQtYjU0ZjNlNTlhYTM4OzEuMA==-273b4b07-21de-40de-9be4-b54f3e59aa38] Object was updated but could not be found in the DRC.
[http://chemistry.apache.org/MjNlMmQ5ZTItZDI0Ny00YmYxLTkyNDYtM2E1YmU5MTY5OTM4-23e2d9e2-d247-4bf1-9246-3a5be9169938] Object was deleted but could not be found in the ZRC.
[http://chemistry.apache.org/Yjc2MmU5ZDQtZmEzOC00YmY5LWFlODUtZDAxNTAxZDE2M2I4-b762e9d4-fa38-4bf9-ae85-d01501d163b8] Object was deleted but could not be found in the ZRC.
[http://chemistry.apache.org/NDQyNjk4NWItZWMwZi00MDA1LWFiYTItNWMxNGFjMmMzMThi-4426985b-ec0f-4005-aba2-5c14ac2c318b] Object was created but could not be found in the DRC.
[http://chemistry.apache.org/ODc0YjkyMDAtNDlkNi00NGE4LWIzZjUtYzFhNTQ1NzE2MDJm-874b9200-49d6-44a8-b3f5-c1a54571602f] Object was created but could not be found in the DRC.
[http://chemistry.apache.org/MzVkZDBjY2QtMmE4ZC00M2NiLWI0NTItNzBkNGVjODQ1YWUwOzEuMA==-35dd0ccd-2a8d-43cb-b452-70d4ec845ae0] Object was created but could not be found in the DRC.
[http://chemistry.apache.org/MzVkZDBjY2QtMmE4ZC00M2NiLWI0NTItNzBkNGVjODQ1YWUwOzEuMA==-35dd0ccd-2a8d-43cb-b452-70d4ec845ae0] Object was updated but could not be found in the DRC.
[http://chemistry.apache.org/YzFkYWI1MGYtYWViMy00ZDhhLWE5NDEtZjFhZDkzYmNkNTQzOzEuMA==-c1dab50f-aeb3-4d8a-a941-f1ad93bcd543] Object was created but could not be found in the DRC.
[http://chemistry.apache.org/YzFkYWI1MGYtYWViMy00ZDhhLWE5NDEtZjFhZDkzYmNkNTQzOzEuMA==-c1dab50f-aeb3-4d8a-a941-f1ad93bcd543] Object was updated but could not be found in the DRC.
[http://chemistry.apache.org/ODc0YjkyMDAtNDlkNi00NGE4LWIzZjUtYzFhNTQ1NzE2MDJm-874b9200-49d6-44a8-b3f5-c1a54571602f] Object was deleted but could not be found in the ZRC.
[http://chemistry.apache.org/NDQyNjk4NWItZWMwZi00MDA1LWFiYTItNWMxNGFjMmMzMThi-4426985b-ec0f-4005-aba2-5c14ac2c318b] Object was deleted but could not be found in the ZRC.
[http://chemistry.apache.org/ODk3OWMzNWYtOGQ4Yy00OWFiLWJiZWYtZWE2M2ZmY2VmOTgw-8979c35f-8d8c-49ab-bbef-ea63ffcef980] Object was created but could not be found in the DRC.
[http://chemistry.apache.org/ZDMxNzY0OGYtNGM0NC00YjIxLTllM2EtYjhkZmM5ODI0ZjJk-d317648f-4c44-4b21-9e3a-b8dfc9824f2d] Object was created but could not be found in the DRC.
[http://chemistry.apache.org/ODU5YzczZDktZmMxNC00MTgzLWE1N2MtMmE3M2IwYjdkY2EwOzEuMA==-859c73d9-fc14-4183-a57c-2a73b0b7dca0] Object was created but could not be found in the DRC.
[http://chemistry.apache.org/ODU5YzczZDktZmMxNC00MTgzLWE1N2MtMmE3M2IwYjdkY2EwOzEuMA==-859c73d9-fc14-4183-a57c-2a73b0b7dca0] Object was updated but could not be found in the DRC.
[http://chemistry.apache.org/YjMxMmIxNjYtZTRkZi00Yzg5LTk2ODgtYTZiNTc0YzZiMTZmOzEuMA==-b312b166-e4df-4c89-9688-a6b574c6b16f] Object was created but could not be found in the DRC.
[http://chemistry.apache.org/YjMxMmIxNjYtZTRkZi00Yzg5LTk2ODgtYTZiNTc0YzZiMTZmOzEuMA==-b312b166-e4df-4c89-9688-a6b574c6b16f] Object was updated but could not be found in the DRC.
[http://chemistry.apache.org/ZDMxNzY0OGYtNGM0NC00YjIxLTllM2EtYjhkZmM5ODI0ZjJk-d317648f-4c44-4b21-9e3a-b8dfc9824f2d] Object was deleted but could not be found in the ZRC.
[http://chemistry.apache.org/ODk3OWMzNWYtOGQ4Yy00OWFiLWJiZWYtZWE2M2ZmY2VmOTgw-8979c35f-8d8c-49ab-bbef-ea63ffcef980] Object was deleted but could not be found in the ZRC.
[http://chemistry.apache.org/MTcyMjNlMGYtNjIxNC00YTIzLTg2MWQtYmY4ZTBjN2QzNGEx-17223e0f-6214-4a23-861d-bf8e0c7d34a1] Object was created but could not be found in the DRC.
[http://chemistry.apache.org/MGQ0Y2Y2NTEtOGFjNC00YjBiLWIyMjQtNzM4YjhiNmQ4OWEz-0d4cf651-8ac4-4b0b-b224-738b8b6d89a3] Object was created but could not be found in the DRC.
[http://chemistry.apache.org/M2M2NDI2MDMtOTFiOS00N2FjLWI0MTItOTg1YTMyNzE5ZTM0OzEuMA==-3c642603-91b9-47ac-b412-985a32719e34] Object was created but could not be found in the DRC.
[http://chemistry.apache.org/M2M2NDI2MDMtOTFiOS00N2FjLWI0MTItOTg1YTMyNzE5ZTM0OzEuMA==-3c642603-91b9-47ac-b412-985a32719e34] Object was updated but could not be found in the DRC.
[http://chemistry.apache.org/ODYyN2YyYmQtMDM2MS00MTNmLTk0NDUtMmYyZGQyZDg0OTc4OzEuMA==-8627f2bd-0361-413f-9445-2f2dd2d84978] Object was created but could not be found in the DRC.
[http://chemistry.apache.org/ODYyN2YyYmQtMDM2MS00MTNmLTk0NDUtMmYyZGQyZDg0OTc4OzEuMA==-8627f2bd-0361-413f-9445-2f2dd2d84978] Object was updated but could not be found in the DRC.
[http://chemistry.apache.org/MGQ0Y2Y2NTEtOGFjNC00YjBiLWIyMjQtNzM4YjhiNmQ4OWEz-0d4cf651-8ac4-4b0b-b224-738b8b6d89a3] Object was deleted but could not be found in the ZRC.
[http://chemistry.apache.org/MTcyMjNlMGYtNjIxNC00YTIzLTg2MWQtYmY4ZTBjN2QzNGEx-17223e0f-6214-4a23-861d-bf8e0c7d34a1] Object was deleted but could not be found in the ZRC.
[http://chemistry.apache.org/MjgzZGI0NDgtMTk1Yi00ZDFjLWI5MmYtMjA0ZTIzNTM2YTE5-283db448-195b-4d1c-b92f-204e23536a19] Object was created but could not be found in the DRC.
[http://chemistry.apache.org/ZTEyNDg4NDktYTI5ZC00MTQyLTkxMDYtNzNlOTAwYTE3YjJl-e1248849-a29d-4142-9106-73e900a17b2e] Object was created but could not be found in the DRC.
[http://chemistry.apache.org/NDVhZDNkNjQtOTZmYi00MTllLTgxODUtMTliOTczYTk2ZDM2OzEuMA==-45ad3d64-96fb-419e-8185-19b973a96d36] Object was created but could not be found in the DRC.
[http://chemistry.apache.org/NDVhZDNkNjQtOTZmYi00MTllLTgxODUtMTliOTczYTk2ZDM2OzEuMA==-45ad3d64-96fb-419e-8185-19b973a96d36] Object was updated but could not be found in the DRC.
[http://chemistry.apache.org/NmUzYjhjY2YtYTc0Ni00NGEwLTliNTAtNDgyM2JkZDlkMDVkOzEuMA==-6e3b8ccf-a746-44a0-9b50-4823bdd9d05d] Object was created but could not be found in the DRC.
[http://chemistry.apache.org/NmUzYjhjY2YtYTc0Ni00NGEwLTliNTAtNDgyM2JkZDlkMDVkOzEuMA==-6e3b8ccf-a746-44a0-9b50-4823bdd9d05d] Object was updated but could not be found in the DRC.
[http://chemistry.apache.org/ZTEyNDg4NDktYTI5ZC00MTQyLTkxMDYtNzNlOTAwYTE3YjJl-e1248849-a29d-4142-9106-73e900a17b2e] Object was deleted but could not be found in the ZRC.
[http://chemistry.apache.org/MjgzZGI0NDgtMTk1Yi00ZDFjLWI5MmYtMjA0ZTIzNTM2YTE5-283db448-195b-4d1c-b92f-204e23536a19] Object was deleted but could not be found in the ZRC.
[http://chemistry.apache.org/OTdiYzQ2NjYtOWJkYi00NjA1LTkyOWQtYzMxMDAwMWRlNDg3-97bc4666-9bdb-4605-929d-c310001de487] Object was created but could not be found in the DRC.
[http://chemistry.apache.org/ZjRlZTNjNjQtNWNiMi00NWViLWE1OWYtY2FjMWRiMjA5MjU0-f4ee3c64-5cb2-45eb-a59f-cac1db209254] Object was created but could not be found in the DRC.
[http://chemistry.apache.org/N2ZiOWJkMDAtZDA4My00MzJhLWJiYWQtMDFiMDYwYmZiMTI1OzEuMA==-7fb9bd00-d083-432a-bbad-01b060bfb125] Object was created but could not be found in the DRC.
[http://chemistry.apache.org/N2ZiOWJkMDAtZDA4My00MzJhLWJiYWQtMDFiMDYwYmZiMTI1OzEuMA==-7fb9bd00-d083-432a-bbad-01b060bfb125] Object was updated but could not be found in the DRC.
[http://chemistry.apache.org/NWJkNTA3ODktYzIxNy00Y2RlLWJkNTAtZDZhN2JhZTA2NDk0OzEuMA==-5bd50789-c217-4cde-bd50-d6a7bae06494] Object was created but could not be found in the DRC.
[http://chemistry.apache.org/NWJkNTA3ODktYzIxNy00Y2RlLWJkNTAtZDZhN2JhZTA2NDk0OzEuMA==-5bd50789-c217-4cde-bd50-d6a7bae06494] Object was updated but could not be found in the DRC.
[http://chemistry.apache.org/ZjRlZTNjNjQtNWNiMi00NWViLWE1OWYtY2FjMWRiMjA5MjU0-f4ee3c64-5cb2-45eb-a59f-cac1db209254] Object was deleted but could not be found in the ZRC.
[http://chemistry.apache.org/OTdiYzQ2NjYtOWJkYi00NjA1LTkyOWQtYzMxMDAwMWRlNDg3-97bc4666-9bdb-4605-929d-c310001de487] Object was deleted but could not be found in the ZRC.
[http://chemistry.apache.org/ODg0YWNjZjMtMDJjYS00OTY2LTljMGEtMmU3NTI0ZTg0NDRi-884accf3-02ca-4966-9c0a-2e7524e8444b] Object was created but could not be found in the DRC.
[http://chemistry.apache.org/NWVmMmM3MDctMzM0NS00OGI0LWEzMzYtNjQ0MjQwZjI5MTUz-5ef2c707-3345-48b4-a336-644240f29153] Object was created but could not be found in the DRC.
[http://chemistry.apache.org/Nzc2ODk2ODUtZTIyOC00NzVjLWEwZmUtNjFhOTg4NWZmYWNiOzEuMA==-77689685-e228-475c-a0fe-61a9885ffacb] Object was created but could not be found in the DRC.
[http://chemistry.apache.org/Nzc2ODk2ODUtZTIyOC00NzVjLWEwZmUtNjFhOTg4NWZmYWNiOzEuMA==-77689685-e228-475c-a0fe-61a9885ffacb] Object was updated but could not be found in the DRC.
[http://chemistry.apache.org/NWVmMmM3MDctMzM0NS00OGI0LWEzMzYtNjQ0MjQwZjI5MTUz-5ef2c707-3345-48b4-a336-644240f29153] Object was deleted but could not be found in the ZRC.
[http://chemistry.apache.org/ODg0YWNjZjMtMDJjYS00OTY2LTljMGEtMmU3NTI0ZTg0NDRi-884accf3-02ca-4966-9c0a-2e7524e8444b] Object was deleted but could not be found in the ZRC.
[http://chemistry.apache.org/NGUzZjdkMWQtZWQwZi00Njc5LTgxZTItNDE1N2MxMTZjYWQy-4e3f7d1d-ed0f-4679-81e2-4157c116cad2] Object was created but could not be found in the DRC.
[http://chemistry.apache.org/ZGRkYmFlNDMtNWZmYi00MDgyLThmZmYtYmMwYjVmOWVhOGJl-dddbae43-5ffb-4082-8fff-bc0b5f9ea8be] Object was created but could not be found in the DRC.
[http://chemistry.apache.org/ZTE4YWY5MDAtNzZhYS00NzExLTlhOWMtYTExNTRiZjk1OTUyOzEuMA==-e18af900-76aa-4711-9a9c-a1154bf95952] Object was created but could not be found in the DRC.
[http://chemistry.apache.org/ZTE4YWY5MDAtNzZhYS00NzExLTlhOWMtYTExNTRiZjk1OTUyOzEuMA==-e18af900-76aa-4711-9a9c-a1154bf95952] Object was updated but could not be found in the DRC.
[http://chemistry.apache.org/ZGRkYmFlNDMtNWZmYi00MDgyLThmZmYtYmMwYjVmOWVhOGJl-dddbae43-5ffb-4082-8fff-bc0b5f9ea8be] Object was deleted but could not be found in the ZRC.
[http://chemistry.apache.org/NGUzZjdkMWQtZWQwZi00Njc5LTgxZTItNDE1N2MxMTZjYWQy-4e3f7d1d-ed0f-4679-81e2-4157c116cad2] Object was deleted but could not be found in the ZRC.
[http://chemistry.apache.org/ZWIwNjNmNGEtNTg5MS00NzRiLWE1MzctYTRiOThhYjc1ZjU3-eb063f4a-5891-474b-a537-a4b98ab75f57] Object was created but could not be found in the DRC.
[http://chemistry.apache.org/ZWRiNGI1ZmQtNjllNC00NjUxLWJlMGYtOWZlYTEwMjRhOGNm-edb4b5fd-69e4-4651-be0f-9fea1024a8cf] Object was created but could not be found in the DRC.
[http://chemistry.apache.org/MWFmMjg0NjItYjA2ZC00NDA0LWFmYzctM2FhY2YzYjIwZmJiOzEuMA==-1af28462-b06d-4404-afc7-3aacf3b20fbb] Object was created but could not be found in the DRC.
[http://chemistry.apache.org/MWFmMjg0NjItYjA2ZC00NDA0LWFmYzctM2FhY2YzYjIwZmJiOzEuMA==-1af28462-b06d-4404-afc7-3aacf3b20fbb] Object was updated but could not be found in the DRC.
[http://chemistry.apache.org/ZTY2M2Q4YzctNzUyYS00YTY1LWE1ZDctNDlmZTA0N2MwNTBlOzEuMA==-e663d8c7-752a-4a65-a5d7-49fe047c050e] Object was created but could not be found in the DRC.
[http://chemistry.apache.org/ZTY2M2Q4YzctNzUyYS00YTY1LWE1ZDctNDlmZTA0N2MwNTBlOzEuMA==-e663d8c7-752a-4a65-a5d7-49fe047c050e] Object was updated but could not be found in the DRC.
[http://chemistry.apache.org/ZWRiNGI1ZmQtNjllNC00NjUxLWJlMGYtOWZlYTEwMjRhOGNm-edb4b5fd-69e4-4651-be0f-9fea1024a8cf] Object was deleted but could not be found in the ZRC.
[http://chemistry.apache.org/ZWIwNjNmNGEtNTg5MS00NzRiLWE1MzctYTRiOThhYjc1ZjU3-eb063f4a-5891-474b-a537-a4b98ab75f57] Object was deleted but could not be found in the ZRC.
[http://chemistry.apache.org/NmU0NWU3NjAtNTEyZi00ZjExLTliMGQtNzgyOTIzMjMxMGUz-6e45e760-512f-4f11-9b0d-7829232310e3] Object was created but could not be found in the DRC.
[http://chemistry.apache.org/NTU1ZjM0NWEtMTBhYS00ZjhjLWEyMjAtODA5MGJjOWFkYzY0-555f345a-10aa-4f8c-a220-8090bc9adc64] Object was created but could not be found in the DRC.
[http://chemistry.apache.org/NTU1ZjM0NWEtMTBhYS00ZjhjLWEyMjAtODA5MGJjOWFkYzY0-555f345a-10aa-4f8c-a220-8090bc9adc64] Object was deleted but could not be found in the ZRC.
[http://chemistry.apache.org/NmU0NWU3NjAtNTEyZi00ZjExLTliMGQtNzgyOTIzMjMxMGUz-6e45e760-512f-4f11-9b0d-7829232310e3] Object was deleted but could not be found in the ZRC.
[http://chemistry.apache.org/ZDMzNTU4MmQtNDdiMy00ZDEwLWFhN2ItY2UxNjBlYzEzYjg3-d335582d-47b3-4d10-aa7b-ce160ec13b87] Object was created but could not be found in the DRC.
[http://chemistry.apache.org/MTUwZDk2NWEtODM5MS00OWFiLWE3OGQtYzc0ZGQxNTQwZjdi-150d965a-8391-49ab-a78d-c74dd1540f7b] Object was created but could not be found in the DRC.
[http://chemistry.apache.org/MTUwZDk2NWEtODM5MS00OWFiLWE3OGQtYzc0ZGQxNTQwZjdi-150d965a-8391-49ab-a78d-c74dd1540f7b] Object was deleted but could not be found in the ZRC.
[http://chemistry.apache.org/ZDMzNTU4MmQtNDdiMy00ZDEwLWFhN2ItY2UxNjBlYzEzYjg3-d335582d-47b3-4d10-aa7b-ce160ec13b87] Object was deleted but could not be found in the ZRC.
[http://chemistry.apache.org/MzFmNzcyMDYtY2RiMy00OTk2LWEzMGUtMDI4NDZjN2JjYTM5-31f77206-cdb3-4996-a30e-02846c7bca39] Object was created but could not be found in the DRC.
[http://chemistry.apache.org/NjQ0Yjg4MjctNDYzZC00YjdmLWFlOWYtYTk2ZWYwZjQyZDc4-644b8827-463d-4b7f-ae9f-a96ef0f42d78] Object was created but could not be found in the DRC.
[http://chemistry.apache.org/MTRhYWMwNjgtMzhkYS00M2Y0LThiMzYtMGNkODc5YWU1MDc3OzEuMA==-14aac068-38da-43f4-8b36-0cd879ae5077] Object was created but could not be found in the DRC.
[http://chemistry.apache.org/MTRhYWMwNjgtMzhkYS00M2Y0LThiMzYtMGNkODc5YWU1MDc3OzEuMA==-14aac068-38da-43f4-8b36-0cd879ae5077] Object was updated but could not be found in the DRC.
[http://chemistry.apache.org/NDY3MGUyNmEtZjgyNy00ODBhLTk2MWMtYmE1ZDBkODBkOGYxOzEuMA==-4670e26a-f827-480a-961c-ba5d0d80d8f1] Object was created but could not be found in the DRC.
[http://chemistry.apache.org/NDY3MGUyNmEtZjgyNy00ODBhLTk2MWMtYmE1ZDBkODBkOGYxOzEuMA==-4670e26a-f827-480a-961c-ba5d0d80d8f1] Object was updated but could not be found in the DRC.
[http://chemistry.apache.org/NjQ0Yjg4MjctNDYzZC00YjdmLWFlOWYtYTk2ZWYwZjQyZDc4-644b8827-463d-4b7f-ae9f-a96ef0f42d78] Object was deleted but could not be found in the ZRC.
[http://chemistry.apache.org/MzFmNzcyMDYtY2RiMy00OTk2LWEzMGUtMDI4NDZjN2JjYTM5-31f77206-cdb3-4996-a30e-02846c7bca39] Object was deleted but could not be found in the ZRC.
[http://chemistry.apache.org/MDgwODBlYzMtOGM1NS00NmViLWEzYjktZDYwMTVkODNlNDFk-08080ec3-8c55-46eb-a3b9-d6015d83e41d] Object was created but could not be found in the DRC.
[http://chemistry.apache.org/YjZmMzEzNDEtODYyMy00NjJhLTk2MmMtN2VlYWU1NzhhYzVj-b6f31341-8623-462a-962c-7eeae578ac5c] Object was created but could not be found in the DRC.
[http://chemistry.apache.org/NTZiOWM5ZTQtYzAxZS00YTU5LWJlZmYtMWY2Nzc4ZTE3MzFlOzEuMA==-56b9c9e4-c01e-4a59-beff-1f6778e1731e] Object was created but could not be found in the DRC.
[http://chemistry.apache.org/NTZiOWM5ZTQtYzAxZS00YTU5LWJlZmYtMWY2Nzc4ZTE3MzFlOzEuMA==-56b9c9e4-c01e-4a59-beff-1f6778e1731e] Object was updated but could not be found in the DRC.
[http://chemistry.apache.org/YjZmMzEzNDEtODYyMy00NjJhLTk2MmMtN2VlYWU1NzhhYzVj-b6f31341-8623-462a-962c-7eeae578ac5c] Object was deleted but could not be found in the ZRC.
[http://chemistry.apache.org/MDgwODBlYzMtOGM1NS00NmViLWEzYjktZDYwMTVkODNlNDFk-08080ec3-8c55-46eb-a3b9-d6015d83e41d] Object was deleted but could not be found in the ZRC.
[http://chemistry.apache.org/OWExODUzMzktOTcwZi00NjE0LWJiZmQtNGViYzAyMTY5ZDJi-9a185339-970f-4614-bbfd-4ebc02169d2b] Object was created but could not be found in the DRC.
[http://chemistry.apache.org/M2YwOGI1NDQtYzJlZS00MzBlLTg5YmYtY2MwNWZmOTAzZTBj-3f08b544-c2ee-430e-89bf-cc05ff903e0c] Object was created but could not be found in the DRC.
[http://chemistry.apache.org/M2YwOGI1NDQtYzJlZS00MzBlLTg5YmYtY2MwNWZmOTAzZTBj-3f08b544-c2ee-430e-89bf-cc05ff903e0c] Object was deleted but could not be found in the ZRC.
[http://chemistry.apache.org/OWExODUzMzktOTcwZi00NjE0LWJiZmQtNGViYzAyMTY5ZDJi-9a185339-970f-4614-bbfd-4ebc02169d2b] Object was deleted but could not be found in the ZRC.
[http://chemistry.apache.org/OTkwYTcxNzgtYzQ0Zi00ZTE4LWIwZGMtN2UyYTZhODExMzli-990a7178-c44f-4e18-b0dc-7e2a6a81139b] Object was created but could not be found in the DRC.
[http://chemistry.apache.org/Nzk2MGE1YTAtMjg5YS00MzAyLWIyNGYtN2E1ZjczN2Y5Y2Zh-7960a5a0-289a-4302-b24f-7a5f737f9cfa] Object was created but could not be found in the DRC.
[http://chemistry.apache.org/NjQ0ZWZiMjgtMDM5Ni00NDgzLTkzNTgtZTZmOWRmOThjOGM4OzEuMA==-644efb28-0396-4483-9358-e6f9df98c8c8] Object was created but could not be found in the DRC.
[http://chemistry.apache.org/NjQ0ZWZiMjgtMDM5Ni00NDgzLTkzNTgtZTZmOWRmOThjOGM4OzEuMA==-644efb28-0396-4483-9358-e6f9df98c8c8] Object was updated but could not be found in the DRC.
[http://chemistry.apache.org/YzdiYmViMDctM2JiNy00ZDViLWEzYzUtZDBjMTY1YzQzMWMzOzEuMA==-c7bbeb07-3bb7-4d5b-a3c5-d0c165c431c3] Object was created but could not be found in the DRC.
[http://chemistry.apache.org/YzdiYmViMDctM2JiNy00ZDViLWEzYzUtZDBjMTY1YzQzMWMzOzEuMA==-c7bbeb07-3bb7-4d5b-a3c5-d0c165c431c3] Object was updated but could not be found in the DRC.
[http://chemistry.apache.org/YzdiYmViMDctM2JiNy00ZDViLWEzYzUtZDBjMTY1YzQzMWMzOzEuMA==-c7bbeb07-3bb7-4d5b-a3c5-d0c165c431c3] Object was deleted but could not be found in the ZRC.
[http://chemistry.apache.org/ZDljZWY4NGUtODJlYi00NjVjLTlhNzItYzllMDdjMTY1NzA4OzEuMA==-d9cef84e-82eb-465c-9a72-c9e07c165708] Object was created but could not be found in the DRC.
[http://chemistry.apache.org/ZDljZWY4NGUtODJlYi00NjVjLTlhNzItYzllMDdjMTY1NzA4OzEuMA==-d9cef84e-82eb-465c-9a72-c9e07c165708] Object was updated but could not be found in the DRC.
[http://chemistry.apache.org/NjQ0ZWZiMjgtMDM5Ni00NDgzLTkzNTgtZTZmOWRmOThjOGM4OzEuMA==-644efb28-0396-4483-9358-e6f9df98c8c8] Object was deleted but could not be found in the ZRC.
[http://chemistry.apache.org/ZDljZWY4NGUtODJlYi00NjVjLTlhNzItYzllMDdjMTY1NzA4OzEuMA==-d9cef84e-82eb-465c-9a72-c9e07c165708] Object was deleted but could not be found in the ZRC.
[http://chemistry.apache.org/Nzk2MGE1YTAtMjg5YS00MzAyLWIyNGYtN2E1ZjczN2Y5Y2Zh-7960a5a0-289a-4302-b24f-7a5f737f9cfa] Object was deleted but could not be found in the ZRC.
[http://chemistry.apache.org/OTkwYTcxNzgtYzQ0Zi00ZTE4LWIwZGMtN2UyYTZhODExMzli-990a7178-c44f-4e18-b0dc-7e2a6a81139b] Object was deleted but could not be found in the ZRC.
[http://chemistry.apache.org/MmM4Y2VkYzktYWRjNC00NTdlLWIxOWMtZjUxMDk4MjEwNDQw-2c8cedc9-adc4-457e-b19c-f51098210440] Object was created but could not be found in the DRC.
[http://chemistry.apache.org/MGJhYzUzYzQtZjY2Mi00MTNkLTg5ZDgtOTk2YjM2NTdiZDRl-0bac53c4-f662-413d-89d8-996b3657bd4e] Object was created but could not be found in the DRC.
[http://chemistry.apache.org/NTlhMjAyYTMtNjViYi00MzAyLTg3OGItNjIxZjcwYWE4MjRiOzEuMA==-59a202a3-65bb-4302-878b-621f70aa824b] Object was created but could not be found in the DRC.
[http://chemistry.apache.org/NTlhMjAyYTMtNjViYi00MzAyLTg3OGItNjIxZjcwYWE4MjRiOzEuMA==-59a202a3-65bb-4302-878b-621f70aa824b] Object was updated but could not be found in the DRC.
[http://chemistry.apache.org/YmQ1ZmQ2MDgtNjVhMC00YmJlLWFiYmEtNDg0NGZkNmE1ODkwOzEuMA==-bd5fd608-65a0-4bbe-abba-4844fd6a5890] Object was created but could not be found in the DRC.
[http://chemistry.apache.org/YmQ1ZmQ2MDgtNjVhMC00YmJlLWFiYmEtNDg0NGZkNmE1ODkwOzEuMA==-bd5fd608-65a0-4bbe-abba-4844fd6a5890] Object was updated but could not be found in the DRC.
[http://chemistry.apache.org/NTlhMjAyYTMtNjViYi00MzAyLTg3OGItNjIxZjcwYWE4MjRiOzEuMA==-59a202a3-65bb-4302-878b-621f70aa824b] Object was deleted but could not be found in the ZRC.
[http://chemistry.apache.org/YmQ1ZmQ2MDgtNjVhMC00YmJlLWFiYmEtNDg0NGZkNmE1ODkwOzEuMA==-bd5fd608-65a0-4bbe-abba-4844fd6a5890] Object was deleted but could not be found in the ZRC.
[http://chemistry.apache.org/MGJhYzUzYzQtZjY2Mi00MTNkLTg5ZDgtOTk2YjM2NTdiZDRl-0bac53c4-f662-413d-89d8-996b3657bd4e] Object was deleted but could not be found in the ZRC.
[http://chemistry.apache.org/MmM4Y2VkYzktYWRjNC00NTdlLWIxOWMtZjUxMDk4MjEwNDQw-2c8cedc9-adc4-457e-b19c-f51098210440] Object was deleted but could not be found in the ZRC.
[http://chemistry.apache.org/MmIwMjJhOTctMmFlMS00OGVkLTlkMWUtMzRlY2U1YTNhNGEy-2b022a97-2ae1-48ed-9d1e-34ece5a3a4a2] Object was created but could not be found in the DRC.
[http://chemistry.apache.org/Yzg5ZjgyMjUtMzYyZi00ZTM3LTk1YTQtYWI3MmM1NDcyZmFl-c89f8225-362f-4e37-95a4-ab72c5472fae] Object was created but could not be found in the DRC.
[http://chemistry.apache.org/NGI2Yjk2MTUtMTM2Yi00MmJhLWEwNmItZTIzYWNhNzgwNzYwOzEuMA==-4b6b9615-136b-42ba-a06b-e23aca780760] Object was created but could not be found in the DRC.
[http://chemistry.apache.org/NGI2Yjk2MTUtMTM2Yi00MmJhLWEwNmItZTIzYWNhNzgwNzYwOzEuMA==-4b6b9615-136b-42ba-a06b-e23aca780760] Object was updated but could not be found in the DRC.
[http://chemistry.apache.org/ZDA4MmY2ZGUtMGI1Mi00NTAxLTgyYzctYjFhOWFlOTc3M2YyOzEuMA==-d082f6de-0b52-4501-82c7-b1a9ae9773f2] Object was created but could not be found in the DRC.
[http://chemistry.apache.org/ZDA4MmY2ZGUtMGI1Mi00NTAxLTgyYzctYjFhOWFlOTc3M2YyOzEuMA==-d082f6de-0b52-4501-82c7-b1a9ae9773f2] Object was updated but could not be found in the DRC.
[http://chemistry.apache.org/NGI2Yjk2MTUtMTM2Yi00MmJhLWEwNmItZTIzYWNhNzgwNzYwOzEuMA==-4b6b9615-136b-42ba-a06b-e23aca780760] Object was deleted but could not be found in the ZRC.
[http://chemistry.apache.org/ZDA4MmY2ZGUtMGI1Mi00NTAxLTgyYzctYjFhOWFlOTc3M2YyOzEuMA==-d082f6de-0b52-4501-82c7-b1a9ae9773f2] Object was deleted but could not be found in the ZRC.
[http://chemistry.apache.org/Yzg5ZjgyMjUtMzYyZi00ZTM3LTk1YTQtYWI3MmM1NDcyZmFl-c89f8225-362f-4e37-95a4-ab72c5472fae] Object was deleted but could not be found in the ZRC.
[http://chemistry.apache.org/MmIwMjJhOTctMmFlMS00OGVkLTlkMWUtMzRlY2U1YTNhNGEy-2b022a97-2ae1-48ed-9d1e-34ece5a3a4a2] Object was deleted but could not be found in the ZRC.
[http://chemistry.apache.org/MTU4Y2U2MTgtYjgwNi00MWQ0LWJhMmMtNzZmM2QxYzBjMDA1-158ce618-b806-41d4-ba2c-76f3d1c0c005] Object was created but could not be found in the DRC.
[http://chemistry.apache.org/OTM5NzNkZTYtZDlmMi00MDQwLTg0NTAtZmFkYmJhMDZlZmM0-93973de6-d9f2-4040-8450-fadbba06efc4] Object was created but could not be found in the DRC.
[http://chemistry.apache.org/MDkzYTNiYjgtYTczNy00N2U3LTk1OTgtMTNjNGU5Njg3ZjY1OzEuMA==-093a3bb8-a737-47e7-9598-13c4e9687f65] Object was created but could not be found in the DRC.
[http://chemistry.apache.org/MDkzYTNiYjgtYTczNy00N2U3LTk1OTgtMTNjNGU5Njg3ZjY1OzEuMA==-093a3bb8-a737-47e7-9598-13c4e9687f65] Object was updated but could not be found in the DRC.
[http://chemistry.apache.org/N2EzYWU4MTMtYTc5Ni00OWEzLTkyOWEtZTI2NDgzN2U3ZWIwOzEuMA==-7a3ae813-a796-49a3-929a-e264837e7eb0] Object was created but could not be found in the DRC.
[http://chemistry.apache.org/N2EzYWU4MTMtYTc5Ni00OWEzLTkyOWEtZTI2NDgzN2U3ZWIwOzEuMA==-7a3ae813-a796-49a3-929a-e264837e7eb0] Object was updated but could not be found in the DRC.
[http://chemistry.apache.org/MDkzYTNiYjgtYTczNy00N2U3LTk1OTgtMTNjNGU5Njg3ZjY1OzEuMA==-093a3bb8-a737-47e7-9598-13c4e9687f65] Object was deleted but could not be found in the ZRC.
[http://chemistry.apache.org/N2EzYWU4MTMtYTc5Ni00OWEzLTkyOWEtZTI2NDgzN2U3ZWIwOzEuMA==-7a3ae813-a796-49a3-929a-e264837e7eb0] Object was deleted but could not be found in the ZRC.
[http://chemistry.apache.org/OTM5NzNkZTYtZDlmMi00MDQwLTg0NTAtZmFkYmJhMDZlZmM0-93973de6-d9f2-4040-8450-fadbba06efc4] Object was deleted but could not be found in the ZRC.
[http://chemistry.apache.org/MTU4Y2U2MTgtYjgwNi00MWQ0LWJhMmMtNzZmM2QxYzBjMDA1-158ce618-b806-41d4-ba2c-76f3d1c0c005] Object was deleted but could not be found in the ZRC.
[http://chemistry.apache.org/MWFiNTA2ZmEtOGE4NC00NmIxLTlkZGQtMmNkYjA3ZDgwZmNl-1ab506fa-8a84-46b1-9ddd-2cdb07d80fce] Object was created but could not be found in the DRC.
[http://chemistry.apache.org/OWZlM2ZkZWYtMmVmNi00ZGEzLTgwNDAtZjU3YmU4OWZkMzI2-9fe3fdef-2ef6-4da3-8040-f57be89fd326] Object was created but could not be found in the DRC.
[http://chemistry.apache.org/OWZlM2ZkZWYtMmVmNi00ZGEzLTgwNDAtZjU3YmU4OWZkMzI2-9fe3fdef-2ef6-4da3-8040-f57be89fd326] Object was deleted but could not be found in the ZRC.
[http://chemistry.apache.org/MWFiNTA2ZmEtOGE4NC00NmIxLTlkZGQtMmNkYjA3ZDgwZmNl-1ab506fa-8a84-46b1-9ddd-2cdb07d80fce] Object was deleted but could not be found in the ZRC.
[http://chemistry.apache.org/NmJiN2U5MmYtNTU3MS00Njk5LWFjNmYtZjg4YmI3OGYwMDBl-6bb7e92f-5571-4699-ac6f-f88bb78f000e] Object was created but could not be found in the DRC.
[http://chemistry.apache.org/ZTlhMzU3Y2UtOGFiZS00NTNhLWE5N2MtNjRjMDY5MWM0NzA3-e9a357ce-8abe-453a-a97c-64c0691c4707] Object was created but could not be found in the DRC.
[http://chemistry.apache.org/ZTlhMzU3Y2UtOGFiZS00NTNhLWE5N2MtNjRjMDY5MWM0NzA3-e9a357ce-8abe-453a-a97c-64c0691c4707] Object was deleted but could not be found in the ZRC.
[http://chemistry.apache.org/NmJiN2U5MmYtNTU3MS00Njk5LWFjNmYtZjg4YmI3OGYwMDBl-6bb7e92f-5571-4699-ac6f-f88bb78f000e] Object was deleted but could not be found in the ZRC.
[http://chemistry.apache.org/YWMxYTUzNTMtNTAwNS00M2RmLThlN2ItY2JlYmVmNTY5YjE3-ac1a5353-5005-43df-8e7b-cbebef569b17] Object was created but could not be found in the DRC.
[http://chemistry.apache.org/MzFmN2YyOTUtZTY2Ni00Njk3LTkyNTctMDg5MzFkZGUxYjEx-31f7f295-e666-4697-9257-08931dde1b11] Object was created but could not be found in the DRC.
[http://chemistry.apache.org/MzFmN2YyOTUtZTY2Ni00Njk3LTkyNTctMDg5MzFkZGUxYjEx-31f7f295-e666-4697-9257-08931dde1b11] Object was deleted but could not be found in the ZRC.
[http://chemistry.apache.org/YWMxYTUzNTMtNTAwNS00M2RmLThlN2ItY2JlYmVmNTY5YjE3-ac1a5353-5005-43df-8e7b-cbebef569b17] Object was deleted but could not be found in the ZRC.
[http://chemistry.apache.org/MjVjODQ0NGYtMzEwOS00YWFhLWFhN2QtMWFiYWYyNTg4MWMw-25c8444f-3109-4aaa-aa7d-1abaf25881c0] Object was created but could not be found in the DRC.
[http://chemistry.apache.org/MWMyODNiNGQtMDdhNC00MWY5LTkwM2UtNGUyNzU2Mzg3Y2Yy-1c283b4d-07a4-41f9-903e-4e2756387cf2] Object was created but could not be found in the DRC.
[http://chemistry.apache.org/N2IwNGViOTUtY2RkOS00YjE5LTk5OTMtYTlhNjEzZGE5M2U3-7b04eb95-cdd9-4b19-9993-a9a613da93e7] Object was created but could not be found in the DRC.
[http://chemistry.apache.org/MWMyODNiNGQtMDdhNC00MWY5LTkwM2UtNGUyNzU2Mzg3Y2Yy-1c283b4d-07a4-41f9-903e-4e2756387cf2] Object was deleted but could not be found in the ZRC.
[http://chemistry.apache.org/N2IwNGViOTUtY2RkOS00YjE5LTk5OTMtYTlhNjEzZGE5M2U3-7b04eb95-cdd9-4b19-9993-a9a613da93e7] Object was deleted but could not be found in the ZRC.
[http://chemistry.apache.org/MjVjODQ0NGYtMzEwOS00YWFhLWFhN2QtMWFiYWYyNTg4MWMw-25c8444f-3109-4aaa-aa7d-1abaf25881c0] Object was deleted but could not be found in the ZRC.
[http://chemistry.apache.org/MzQ2ZGFkNjEtNWQ2Yi00MTc5LWFmNzUtNmQ5YjlmOWQ4ZTJl-346dad61-5d6b-4179-af75-6d9b9f9d8e2e] Object was created but could not be found in the DRC.
[http://chemistry.apache.org/NjYyNWU5ZGItYjQzNC00MWVmLWEyZDQtZDBiY2VhNDY3ZDll-6625e9db-b434-41ef-a2d4-d0bcea467d9e] Object was created but could not be found in the DRC.
[http://chemistry.apache.org/OTEwMjVhYzYtM2Q5Ny00YzAwLTkzZTUtZTEyMWNjZmQ1MDc0OzEuMA==-91025ac6-3d97-4c00-93e5-e121ccfd5074] Object was created but could not be found in the DRC.
[http://chemistry.apache.org/OTEwMjVhYzYtM2Q5Ny00YzAwLTkzZTUtZTEyMWNjZmQ1MDc0OzEuMA==-91025ac6-3d97-4c00-93e5-e121ccfd5074] Object was updated but could not be found in the DRC.
[http://chemistry.apache.org/M2RhNTY4MjYtZGFlMS00ZjNkLTlkMTItOGE5NTdiYjVlMDMxOzEuMA==-3da56826-dae1-4f3d-9d12-8a957bb5e031] Object was created but could not be found in the DRC.
[http://chemistry.apache.org/M2RhNTY4MjYtZGFlMS00ZjNkLTlkMTItOGE5NTdiYjVlMDMxOzEuMA==-3da56826-dae1-4f3d-9d12-8a957bb5e031] Object was updated but could not be found in the DRC.
[http://chemistry.apache.org/NjYyNWU5ZGItYjQzNC00MWVmLWEyZDQtZDBiY2VhNDY3ZDll-6625e9db-b434-41ef-a2d4-d0bcea467d9e] Object was deleted but could not be found in the ZRC.
[http://chemistry.apache.org/MzQ2ZGFkNjEtNWQ2Yi00MTc5LWFmNzUtNmQ5YjlmOWQ4ZTJl-346dad61-5d6b-4179-af75-6d9b9f9d8e2e] Object was deleted but could not be found in the ZRC.
[http://chemistry.apache.org/NGY4NDE5MDUtZWVlNC00MTA2LTliYjEtZTRjNzY1YjNkMmYz-4f841905-eee4-4106-9bb1-e4c765b3d2f3] Object was created but could not be found in the DRC.
[http://chemistry.apache.org/YWQ3MWI3OGQtZGEwZS00MTVkLWFkOWQtY2UyZWU3OTdjOWY5-ad71b78d-da0e-415d-ad9d-ce2ee797c9f9] Object was created but could not be found in the DRC.
[http://chemistry.apache.org/M2U1OGE5NTctOTZhNy00ZWM4LThjZTQtMGM5YzI5MmUxMjllOzEuMA==-3e58a957-96a7-4ec8-8ce4-0c9c292e129e] Object was created but could not be found in the DRC.
[http://chemistry.apache.org/M2U1OGE5NTctOTZhNy00ZWM4LThjZTQtMGM5YzI5MmUxMjllOzEuMA==-3e58a957-96a7-4ec8-8ce4-0c9c292e129e] Object was updated but could not be found in the DRC.
[http://chemistry.apache.org/NWM1NDAzNzItNThhZS00NDBjLThkMzUtZWJkYzYyYWZjY2NkOzEuMA==-5c540372-58ae-440c-8d35-ebdc62afcccd] Object was created but could not be found in the DRC.
[http://chemistry.apache.org/NWM1NDAzNzItNThhZS00NDBjLThkMzUtZWJkYzYyYWZjY2NkOzEuMA==-5c540372-58ae-440c-8d35-ebdc62afcccd] Object was updated but could not be found in the DRC.
[http://chemistry.apache.org/YWQ3MWI3OGQtZGEwZS00MTVkLWFkOWQtY2UyZWU3OTdjOWY5-ad71b78d-da0e-415d-ad9d-ce2ee797c9f9] Object was deleted but could not be found in the ZRC.
[http://chemistry.apache.org/NGY4NDE5MDUtZWVlNC00MTA2LTliYjEtZTRjNzY1YjNkMmYz-4f841905-eee4-4106-9bb1-e4c765b3d2f3] Object was deleted but could not be found in the ZRC.
[http://chemistry.apache.org/MzYwMzhmMDMtNDUxNy00YzdmLTk5YzUtZjYzNzkxODUyZjYx-36038f03-4517-4c7f-99c5-f63791852f61] Object was created but could not be found in the DRC.
[http://chemistry.apache.org/ZWRiNmEyODMtNzk2OS00YTcxLTkwYzYtMWVkYTYxZTE0ZDA0-edb6a283-7969-4a71-90c6-1eda61e14d04] Object was created but could not be found in the DRC.
[http://chemistry.apache.org/MWQ1Y2ViMTYtMWQwZi00MjhkLWFmOTgtMDk3NjkyNTY1MzcyOzEuMA==-1d5ceb16-1d0f-428d-af98-097692565372] Object was created but could not be found in the DRC.
[http://chemistry.apache.org/MWQ1Y2ViMTYtMWQwZi00MjhkLWFmOTgtMDk3NjkyNTY1MzcyOzEuMA==-1d5ceb16-1d0f-428d-af98-097692565372] Object was updated but could not be found in the DRC.
[http://chemistry.apache.org/NGEwZTMzMDUtMmY1NC00M2M3LTgzNTItYTRmYzEyZWI5NTRjOzEuMA==-4a0e3305-2f54-43c7-8352-a4fc12eb954c] Object was created but could not be found in the DRC.
[http://chemistry.apache.org/NGEwZTMzMDUtMmY1NC00M2M3LTgzNTItYTRmYzEyZWI5NTRjOzEuMA==-4a0e3305-2f54-43c7-8352-a4fc12eb954c] Object was updated but could not be found in the DRC.
[http://chemistry.apache.org/ZWRiNmEyODMtNzk2OS00YTcxLTkwYzYtMWVkYTYxZTE0ZDA0-edb6a283-7969-4a71-90c6-1eda61e14d04] Object was deleted but could not be found in the ZRC.
[http://chemistry.apache.org/MzYwMzhmMDMtNDUxNy00YzdmLTk5YzUtZjYzNzkxODUyZjYx-36038f03-4517-4c7f-99c5-f63791852f61] Object was deleted but could not be found in the ZRC.
[http://chemistry.apache.org/MDI2OGIzZmEtZGU5Ni00NjYzLTk5OGQtNmM4YTI5NzM0ZDEw-0268b3fa-de96-4663-998d-6c8a29734d10] Object was created but could not be found in the DRC.
[http://chemistry.apache.org/ZmFhODliODMtMjcwMi00N2UwLTg0ODktOGEzNjBkZDc1ZmIz-faa89b83-2702-47e0-8489-8a360dd75fb3] Object was created but could not be found in the DRC.
[http://chemistry.apache.org/MTg1NTYzOGMtYmNiNS00NWMwLTg3MDAtNTRhZGQ4NTI3ZGNmOzEuMA==-1855638c-bcb5-45c0-8700-54add8527dcf] Object was created but could not be found in the DRC.
[http://chemistry.apache.org/MTg1NTYzOGMtYmNiNS00NWMwLTg3MDAtNTRhZGQ4NTI3ZGNmOzEuMA==-1855638c-bcb5-45c0-8700-54add8527dcf] Object was updated but could not be found in the DRC.
[http://chemistry.apache.org/ZmFhODliODMtMjcwMi00N2UwLTg0ODktOGEzNjBkZDc1ZmIz-faa89b83-2702-47e0-8489-8a360dd75fb3] Object was deleted but could not be found in the ZRC.
[http://chemistry.apache.org/MDI2OGIzZmEtZGU5Ni00NjYzLTk5OGQtNmM4YTI5NzM0ZDEw-0268b3fa-de96-4663-998d-6c8a29734d10] Object was deleted but could not be found in the ZRC.
[http://chemistry.apache.org/ODU4ZTZhZGEtMzllZC00YzhlLTlhZjUtYjUwMDdlNTk5Mjlh-858e6ada-39ed-4c8e-9af5-b5007e59929a] Object was created but could not be found in the DRC.
[http://chemistry.apache.org/ZThmYWNlMzUtYWUwOS00Nzg5LTg0NzItYTJkYWEyYmRiMTNh-e8face35-ae09-4789-8472-a2daa2bdb13a] Object was created but could not be found in the DRC.
[http://chemistry.apache.org/NDY2ZTUyYzYtNzI5Zi00MWRhLWIxNDUtNWRmMDFhYjNiODZkOzEuMA==-466e52c6-729f-41da-b145-5df01ab3b86d] Object was created but could not be found in the DRC.
[http://chemistry.apache.org/NDY2ZTUyYzYtNzI5Zi00MWRhLWIxNDUtNWRmMDFhYjNiODZkOzEuMA==-466e52c6-729f-41da-b145-5df01ab3b86d] Object was updated but could not be found in the DRC.
[http://chemistry.apache.org/ZThmYWNlMzUtYWUwOS00Nzg5LTg0NzItYTJkYWEyYmRiMTNh-e8face35-ae09-4789-8472-a2daa2bdb13a] Object was deleted but could not be found in the ZRC.
[http://chemistry.apache.org/ODU4ZTZhZGEtMzllZC00YzhlLTlhZjUtYjUwMDdlNTk5Mjlh-858e6ada-39ed-4c8e-9af5-b5007e59929a] Object was deleted but could not be found in the ZRC.
[http://chemistry.apache.org/NDIwN2VmNWQtM2U2NC00ZGY4LWE1NzEtMjYzM2YzOWFlNDdm-4207ef5d-3e64-4df8-a571-2633f39ae47f] Object was created but could not be found in the DRC.
[http://chemistry.apache.org/MDYxZTAxYWItODZhOS00NzEzLThkZTMtZTMzMjkzYzJmN2Vj-061e01ab-86a9-4713-8de3-e33293c2f7ec] Object was created but could not be found in the DRC.
[http://chemistry.apache.org/MTJiNTc0OTAtYzg5OS00YzA2LThmOTctYWRhZjhhOGMzZTM1OzEuMA==-12b57490-c899-4c06-8f97-adaf8a8c3e35] Object was created but could not be found in the DRC.
[http://chemistry.apache.org/MTJiNTc0OTAtYzg5OS00YzA2LThmOTctYWRhZjhhOGMzZTM1OzEuMA==-12b57490-c899-4c06-8f97-adaf8a8c3e35] Object was updated but could not be found in the DRC.
[http://chemistry.apache.org/MTJiNTc0OTAtYzg5OS00YzA2LThmOTctYWRhZjhhOGMzZTM1OzEuMQ==-12b57490-c899-4c06-8f97-adaf8a8c3e35] Object was deleted but could not be found in the ZRC.
[http://chemistry.apache.org/MDYxZTAxYWItODZhOS00NzEzLThkZTMtZTMzMjkzYzJmN2Vj-061e01ab-86a9-4713-8de3-e33293c2f7ec] Object was deleted but could not be found in the ZRC.
[http://chemistry.apache.org/NDIwN2VmNWQtM2U2NC00ZGY4LWE1NzEtMjYzM2YzOWFlNDdm-4207ef5d-3e64-4df8-a571-2633f39ae47f] Object was deleted but could not be found in the ZRC.
[http://chemistry.apache.org/ZjJkYmNlYzUtYTBhMS00NzJhLTg4NjEtMTE5YTA4ODAyODlk-f2dbcec5-a0a1-472a-8861-119a0880289d] Object was created but could not be found in the DRC.
[http://chemistry.apache.org/MjQxYjA2MzYtMDk3Yi00MTFjLTg3YjEtOGNhM2EyY2YzMzVh-241b0636-097b-411c-87b1-8ca3a2cf335a] Object was created but could not be found in the DRC.
[http://chemistry.apache.org/MjQxYjA2MzYtMDk3Yi00MTFjLTg3YjEtOGNhM2EyY2YzMzVh-241b0636-097b-411c-87b1-8ca3a2cf335a] Object was deleted but could not be found in the ZRC.
[http://chemistry.apache.org/ZjJkYmNlYzUtYTBhMS00NzJhLTg4NjEtMTE5YTA4ODAyODlk-f2dbcec5-a0a1-472a-8861-119a0880289d] Object was deleted but could not be found in the ZRC.
[http://chemistry.apache.org/ODkwMDg4OGMtYTk3Yy00NDM1LThmMzktYjQ2ZGRkMzllNGIw-8900888c-a97c-4435-8f39-b46ddd39e4b0] Object was created but could not be found in the DRC.
[http://chemistry.apache.org/ZjdkOWU5NmMtNWQxMC00ZTg2LTkyZTMtODgyNjc1OWQyMTUy-f7d9e96c-5d10-4e86-92e3-8826759d2152] Object was created but could not be found in the DRC.
[http://chemistry.apache.org/Mjg3MzMwZDItYThiNy00ZWI3LTg1NjItZWIyMTZlODlmMzRmOzEuMA==-287330d2-a8b7-4eb7-8562-eb216e89f34f] Object was created but could not be found in the DRC.
[http://chemistry.apache.org/Mjg3MzMwZDItYThiNy00ZWI3LTg1NjItZWIyMTZlODlmMzRmOzEuMA==-287330d2-a8b7-4eb7-8562-eb216e89f34f] Object was updated but could not be found in the DRC.
[http://chemistry.apache.org/Mjg3MzMwZDItYThiNy00ZWI3LTg1NjItZWIyMTZlODlmMzRmOzEuMA==-287330d2-a8b7-4eb7-8562-eb216e89f34f] Object was deleted but could not be found in the ZRC.
[http://chemistry.apache.org/ZjdkOWU5NmMtNWQxMC00ZTg2LTkyZTMtODgyNjc1OWQyMTUy-f7d9e96c-5d10-4e86-92e3-8826759d2152] Object was deleted but could not be found in the ZRC.
[http://chemistry.apache.org/ODkwMDg4OGMtYTk3Yy00NDM1LThmMzktYjQ2ZGRkMzllNGIw-8900888c-a97c-4435-8f39-b46ddd39e4b0] Object was deleted but could not be found in the ZRC.
[http://chemistry.apache.org/N2FmZWVjZWYtMzU1My00ZmU0LWE1NmUtNmZmOGRiMTA4NjY2-7afeecef-3553-4fe4-a56e-6ff8db108666] Object was created but could not be found in the DRC.
[http://chemistry.apache.org/N2I2ODhhNGUtN2Q3Mi00ZjMyLTg0NTItMjVkODU0MTQ1NWNm-7b688a4e-7d72-4f32-8452-25d8541455cf] Object was created but could not be found in the DRC.
[http://chemistry.apache.org/YTdiNjFlOTMtODlkZS00MTI3LTk3MWUtMzA1YThiOGQxNDAyOzEuMA==-a7b61e93-89de-4127-971e-305a8b8d1402] Object was created but could not be found in the DRC.
[http://chemistry.apache.org/YTdiNjFlOTMtODlkZS00MTI3LTk3MWUtMzA1YThiOGQxNDAyOzEuMA==-a7b61e93-89de-4127-971e-305a8b8d1402] Object was updated but could not be found in the DRC.
[http://chemistry.apache.org/YTdiNjFlOTMtODlkZS00MTI3LTk3MWUtMzA1YThiOGQxNDAyOzEuMA==-a7b61e93-89de-4127-971e-305a8b8d1402] Object was deleted but could not be found in the ZRC.
[http://chemistry.apache.org/N2I2ODhhNGUtN2Q3Mi00ZjMyLTg0NTItMjVkODU0MTQ1NWNm-7b688a4e-7d72-4f32-8452-25d8541455cf] Object was deleted but could not be found in the ZRC.
[http://chemistry.apache.org/N2FmZWVjZWYtMzU1My00ZmU0LWE1NmUtNmZmOGRiMTA4NjY2-7afeecef-3553-4fe4-a56e-6ff8db108666] Object was deleted but could not be found in the ZRC.
[http://chemistry.apache.org/YWVlNmRhYjQtMDk5YS00Nzk1LThjMjItMmZjYzViNjk2OGRm-aee6dab4-099a-4795-8c22-2fcc5b6968df] Object was created but could not be found in the DRC.
[http://chemistry.apache.org/ODM4Zjc3YzctNTQxYS00OTIzLThlMTktYzU2ZTEzY2EwMTgz-838f77c7-541a-4923-8e19-c56e13ca0183] Object was created but could not be found in the DRC.
[http://chemistry.apache.org/YTIwODU3NWEtOTlhYS00MTkzLTk0NzctMTZlMDk2YzE1OWE5OzEuMA==-a208575a-99aa-4193-9477-16e096c159a9] Object was created but could not be found in the DRC.
[http://chemistry.apache.org/YTIwODU3NWEtOTlhYS00MTkzLTk0NzctMTZlMDk2YzE1OWE5OzEuMA==-a208575a-99aa-4193-9477-16e096c159a9] Object was updated but could not be found in the DRC.
[http://chemistry.apache.org/YTIwODU3NWEtOTlhYS00MTkzLTk0NzctMTZlMDk2YzE1OWE5OzEuMA==-a208575a-99aa-4193-9477-16e096c159a9] Object was deleted but could not be found in the ZRC.
[http://chemistry.apache.org/ODM4Zjc3YzctNTQxYS00OTIzLThlMTktYzU2ZTEzY2EwMTgz-838f77c7-541a-4923-8e19-c56e13ca0183] Object was deleted but could not be found in the ZRC.
[http://chemistry.apache.org/YWVlNmRhYjQtMDk5YS00Nzk1LThjMjItMmZjYzViNjk2OGRm-aee6dab4-099a-4795-8c22-2fcc5b6968df] Object was deleted but could not be found in the ZRC.
[http://chemistry.apache.org/YzJmOThmZWEtNTFhNS00NDFkLTllOWYtNzJlNDdiMmZjYzQ3-c2f98fea-51a5-441d-9e9f-72e47b2fcc47] Object was created but could not be found in the DRC.
[http://chemistry.apache.org/OWFiYjIyMDgtMDY3Zi00NjhjLThkOTEtMzUxMWUwYTc5OGJi-9abb2208-067f-468c-8d91-3511e0a798bb] Object was created but could not be found in the DRC.
[http://chemistry.apache.org/YTc1MjU0Y2UtNWZjYS00N2Q1LWFiZjQtNTZiOWYwNjBjZTQ1OzEuMA==-a75254ce-5fca-47d5-abf4-56b9f060ce45] Object was created but could not be found in the DRC.
[http://chemistry.apache.org/YTc1MjU0Y2UtNWZjYS00N2Q1LWFiZjQtNTZiOWYwNjBjZTQ1OzEuMA==-a75254ce-5fca-47d5-abf4-56b9f060ce45] Object was updated but could not be found in the DRC.
[http://chemistry.apache.org/MzMwOGRkNzMtMDlkZS00MDIxLWE5MjEtOWUyNGRjMjE4N2Jj-3308dd73-09de-4021-a921-9e24dc2187bc] Object was created but could not be found in the DRC.
[http://chemistry.apache.org/YTc1MjU0Y2UtNWZjYS00N2Q1LWFiZjQtNTZiOWYwNjBjZTQ1OzEuMA==-a75254ce-5fca-47d5-abf4-56b9f060ce45] Object was deleted but could not be found in the ZRC.
[http://chemistry.apache.org/MzMwOGRkNzMtMDlkZS00MDIxLWE5MjEtOWUyNGRjMjE4N2Jj-3308dd73-09de-4021-a921-9e24dc2187bc] Object was deleted but could not be found in the ZRC.
[http://chemistry.apache.org/OWFiYjIyMDgtMDY3Zi00NjhjLThkOTEtMzUxMWUwYTc5OGJi-9abb2208-067f-468c-8d91-3511e0a798bb] Object was deleted but could not be found in the ZRC.
[http://chemistry.apache.org/YzJmOThmZWEtNTFhNS00NDFkLTllOWYtNzJlNDdiMmZjYzQ3-c2f98fea-51a5-441d-9e9f-72e47b2fcc47] Object was deleted but could not be found in the ZRC.
[http://chemistry.apache.org/MDczOWNjNDMtYzc3Zi00YmMzLWE3YzUtMzJjYjc3Zjc1NzAx-0739cc43-c77f-4bc3-a7c5-32cb77f75701] Object was created but could not be found in the DRC.
[http://chemistry.apache.org/MTFkYzZhNjctYjZkMi00OGM1LTg2NjAtMDEyOGMyYzU2NTJm-11dc6a67-b6d2-48c5-8660-0128c2c5652f] Object was created but could not be found in the DRC.
[http://chemistry.apache.org/MWZlMDEwMWQtNDRlZS00YjQzLTk5NTQtMzRjYThlM2IyMjVmOzEuMA==-1fe0101d-44ee-4b43-9954-34ca8e3b225f] Object was created but could not be found in the DRC.
[http://chemistry.apache.org/MWZlMDEwMWQtNDRlZS00YjQzLTk5NTQtMzRjYThlM2IyMjVmOzEuMA==-1fe0101d-44ee-4b43-9954-34ca8e3b225f] Object was updated but could not be found in the DRC.
[http://chemistry.apache.org/MWZlMDEwMWQtNDRlZS00YjQzLTk5NTQtMzRjYThlM2IyMjVmOzEuMA==-1fe0101d-44ee-4b43-9954-34ca8e3b225f] Object was deleted but could not be found in the ZRC.
[http://chemistry.apache.org/MTFkYzZhNjctYjZkMi00OGM1LTg2NjAtMDEyOGMyYzU2NTJm-11dc6a67-b6d2-48c5-8660-0128c2c5652f] Object was deleted but could not be found in the ZRC.
[http://chemistry.apache.org/MDczOWNjNDMtYzc3Zi00YmMzLWE3YzUtMzJjYjc3Zjc1NzAx-0739cc43-c77f-4bc3-a7c5-32cb77f75701] Object was deleted but could not be found in the ZRC.
[http://chemistry.apache.org/ZDExNDRjODAtYWUxYi00YWE3LWJjNmYtMjE0ZmQzOWUxZmRl-d1144c80-ae1b-4aa7-bc6f-214fd39e1fde] Object was created but could not be found in the DRC.
[http://chemistry.apache.org/MDkyNWM3OTAtNjVmNC00ZGYzLWIwZmYtNjcxNTU1MGI2ZDM2-0925c790-65f4-4df3-b0ff-6715550b6d36] Object was created but could not be found in the DRC.
[http://chemistry.apache.org/MzFhMWYwYzktNWI2Ny00MTE3LTk0YzMtYTJhNzFkYWM0NmIzOzEuMA==-31a1f0c9-5b67-4117-94c3-a2a71dac46b3] Object was created but could not be found in the DRC.
[http://chemistry.apache.org/MzFhMWYwYzktNWI2Ny00MTE3LTk0YzMtYTJhNzFkYWM0NmIzOzEuMA==-31a1f0c9-5b67-4117-94c3-a2a71dac46b3] Object was updated but could not be found in the DRC.
[http://chemistry.apache.org/MzFhMWYwYzktNWI2Ny00MTE3LTk0YzMtYTJhNzFkYWM0NmIzOzEuMA==-31a1f0c9-5b67-4117-94c3-a2a71dac46b3] Object was deleted but could not be found in the ZRC.
[http://chemistry.apache.org/NDQxOTZjZDYtMjgwYy00MzlkLWEyYjktNDM4OTRiYmI3NWY1-44196cd6-280c-439d-a2b9-43894bbb75f5] Object was created but could not be found in the DRC.
[http://chemistry.apache.org/NDQxOTZjZDYtMjgwYy00MzlkLWEyYjktNDM4OTRiYmI3NWY1-44196cd6-280c-439d-a2b9-43894bbb75f5] Object was deleted but could not be found in the ZRC.
[http://chemistry.apache.org/MDkyNWM3OTAtNjVmNC00ZGYzLWIwZmYtNjcxNTU1MGI2ZDM2-0925c790-65f4-4df3-b0ff-6715550b6d36] Object was deleted but could not be found in the ZRC.
[http://chemistry.apache.org/ZDExNDRjODAtYWUxYi00YWE3LWJjNmYtMjE0ZmQzOWUxZmRl-d1144c80-ae1b-4aa7-bc6f-214fd39e1fde] Object was deleted but could not be found in the ZRC.
[http://chemistry.apache.org/ZGRkZTg1ODAtNjlkMC00ZjZiLWE4YTUtMTY2MzExYzliMWFkOzEuMA==-ddde8580-69d0-4f6b-a8a5-166311c9b1ad] Object was created but could not be found in the DRC.
[http://chemistry.apache.org/ZGRkZTg1ODAtNjlkMC00ZjZiLWE4YTUtMTY2MzExYzliMWFkOzEuMA==-ddde8580-69d0-4f6b-a8a5-166311c9b1ad] Object was updated but could not be found in the DRC.
[http://chemistry.apache.org/YzBkYTA1MWUtM2JmNy00NjA5LWFjNzgtMTcyYjA0YzBlMDQ1-c0da051e-3bf7-4609-ac78-172b04c0e045] Object was created but could not be found in the DRC.
[http://chemistry.apache.org/NTgzMDMxNjItNmViNS00OWI0LTg2OGItZTE2OWE5YmIxMDAz-58303162-6eb5-49b4-868b-e169a9bb1003] Object was created but could not be found in the DRC.
[http://chemistry.apache.org/NTgzMDMxNjItNmViNS00OWI0LTg2OGItZTE2OWE5YmIxMDAz-58303162-6eb5-49b4-868b-e169a9bb1003] Object was deleted but could not be found in the ZRC.
[http://chemistry.apache.org/YzBkYTA1MWUtM2JmNy00NjA5LWFjNzgtMTcyYjA0YzBlMDQ1-c0da051e-3bf7-4609-ac78-172b04c0e045] Object was deleted but could not be found in the ZRC.
[http://chemistry.apache.org/YmE4M2QwNzItMjA3ZS00YjY5LWJjNTItMTBkNjFmYTI5ZDUx-ba83d072-207e-4b69-bc52-10d61fa29d51] Object was created but could not be found in the DRC.
[http://chemistry.apache.org/NDg0OWEzOGEtNzg4NS00MGMxLWIwMzQtZWRkZGQwMDhhMzk2-4849a38a-7885-40c1-b034-edddd008a396] Object was created but could not be found in the DRC.
[http://chemistry.apache.org/NDg0OWEzOGEtNzg4NS00MGMxLWIwMzQtZWRkZGQwMDhhMzk2-4849a38a-7885-40c1-b034-edddd008a396] Object was deleted but could not be found in the ZRC.
[http://chemistry.apache.org/YmE4M2QwNzItMjA3ZS00YjY5LWJjNTItMTBkNjFmYTI5ZDUx-ba83d072-207e-4b69-bc52-10d61fa29d51] Object was deleted but could not be found in the ZRC.
[http://chemistry.apache.org/MjFjZmMzYzgtZGM4OS00ZTIxLWFkOTYtODc5OWQyNDY1ZTg4-21cfc3c8-dc89-4e21-ad96-8799d2465e88] Object was created but could not be found in the DRC.
[http://chemistry.apache.org/OTQ5MjRiOTItMWU4Yy00YzAwLWE3OTAtY2Y1NzE0NjA0YTMz-94924b92-1e8c-4c00-a790-cf5714604a33] Object was created but could not be found in the DRC.
[http://chemistry.apache.org/NDZhNDlhM2MtYTEyNS00ODEyLTg5M2UtNGQwOGY2ZjRkYTEzOzEuMA==-46a49a3c-a125-4812-893e-4d08f6f4da13] Object was created but could not be found in the DRC.
[http://chemistry.apache.org/NDZhNDlhM2MtYTEyNS00ODEyLTg5M2UtNGQwOGY2ZjRkYTEzOzEuMA==-46a49a3c-a125-4812-893e-4d08f6f4da13] Object was updated but could not be found in the DRC.
[http://chemistry.apache.org/YjRmZGVjN2YtMTUzOC00NDg5LTkxNzQtZWM0YmIxYWVlYjJiOzEuMA==-b4fdec7f-1538-4489-9174-ec4bb1aeeb2b] Object was created but could not be found in the DRC.
[http://chemistry.apache.org/YjRmZGVjN2YtMTUzOC00NDg5LTkxNzQtZWM0YmIxYWVlYjJiOzEuMA==-b4fdec7f-1538-4489-9174-ec4bb1aeeb2b] Object was updated but could not be found in the DRC.
[http://chemistry.apache.org/OTQ5MjRiOTItMWU4Yy00YzAwLWE3OTAtY2Y1NzE0NjA0YTMz-94924b92-1e8c-4c00-a790-cf5714604a33] Object was deleted but could not be found in the ZRC.
[http://chemistry.apache.org/MjFjZmMzYzgtZGM4OS00ZTIxLWFkOTYtODc5OWQyNDY1ZTg4-21cfc3c8-dc89-4e21-ad96-8799d2465e88] Object was deleted but could not be found in the ZRC.
[http://chemistry.apache.org/MzRkZjI0NDctZWQzOS00MjU2LWE5MTEtZjgxNzYwMWM4NGZl-34df2447-ed39-4256-a911-f817601c84fe] Object was created but could not be found in the DRC.
[http://chemistry.apache.org/NjY5NTRjNDgtNTE0Ni00OGI4LThmYmUtZDY1N2EzNmY4Mjc4-66954c48-5146-48b8-8fbe-d657a36f8278] Object was created but could not be found in the DRC.
[http://chemistry.apache.org/YmY0Yzc3ZTctOTQ1MS00ZGM1LThhYmMtODMxODFlNWU4ZDEzOzEuMA==-bf4c77e7-9451-4dc5-8abc-83181e5e8d13] Object was created but could not be found in the DRC.
[http://chemistry.apache.org/YmY0Yzc3ZTctOTQ1MS00ZGM1LThhYmMtODMxODFlNWU4ZDEzOzEuMA==-bf4c77e7-9451-4dc5-8abc-83181e5e8d13] Object was updated but could not be found in the DRC.
[http://chemistry.apache.org/NjY5NTRjNDgtNTE0Ni00OGI4LThmYmUtZDY1N2EzNmY4Mjc4-66954c48-5146-48b8-8fbe-d657a36f8278] Object was deleted but could not be found in the ZRC.
[http://chemistry.apache.org/MzRkZjI0NDctZWQzOS00MjU2LWE5MTEtZjgxNzYwMWM4NGZl-34df2447-ed39-4256-a911-f817601c84fe] Object was deleted but could not be found in the ZRC.
[http://chemistry.apache.org/OWE2NTBhMDAtZWY3OC00MDRiLTg5NGItMmJiMWQ4OWM5YWM2-9a650a00-ef78-404b-894b-2bb1d89c9ac6] Object was created but could not be found in the DRC.
[http://chemistry.apache.org/Y2YzYWQ5MGQtYWFjZS00NmIwLTk3MjMtYmVkOGI4YjU3ZTIz-cf3ad90d-aace-46b0-9723-bed8b8b57e23] Object was created but could not be found in the DRC.
[http://chemistry.apache.org/YmQyNzY4MWMtNzI2MS00MjdjLTg3ODItMGVmOWJmN2YzMWFkOzEuMA==-bd27681c-7261-427c-8782-0ef9bf7f31ad] Object was created but could not be found in the DRC.
[http://chemistry.apache.org/YmQyNzY4MWMtNzI2MS00MjdjLTg3ODItMGVmOWJmN2YzMWFkOzEuMA==-bd27681c-7261-427c-8782-0ef9bf7f31ad] Object was updated but could not be found in the DRC.
[http://chemistry.apache.org/ZjBlZjk3ZjMtNTA2NC00MWUwLTkxZDMtOWNmOTRkNjk5ZmEzOzEuMA==-f0ef97f3-5064-41e0-91d3-9cf94d699fa3] Object was created but could not be found in the DRC.
[http://chemistry.apache.org/ZjBlZjk3ZjMtNTA2NC00MWUwLTkxZDMtOWNmOTRkNjk5ZmEzOzEuMA==-f0ef97f3-5064-41e0-91d3-9cf94d699fa3] Object was updated but could not be found in the DRC.
[http://chemistry.apache.org/Y2YzYWQ5MGQtYWFjZS00NmIwLTk3MjMtYmVkOGI4YjU3ZTIz-cf3ad90d-aace-46b0-9723-bed8b8b57e23] Object was deleted but could not be found in the ZRC.
[http://chemistry.apache.org/OWE2NTBhMDAtZWY3OC00MDRiLTg5NGItMmJiMWQ4OWM5YWM2-9a650a00-ef78-404b-894b-2bb1d89c9ac6] Object was deleted but could not be found in the ZRC.
[http://chemistry.apache.org/ZjMwN2EwMTItZGM1ZS00YjZiLThiOGQtYmRkNTk2YjlmYTBm-f307a012-dc5e-4b6b-8b8d-bdd596b9fa0f] Object was created but could not be found in the DRC.
[http://chemistry.apache.org/OWE1OWQyMjgtNmNiMS00NDMyLTgyNWQtM2Y3OTM1OTRhZTBi-9a59d228-6cb1-4432-825d-3f793594ae0b] Object was created but could not be found in the DRC.
[http://chemistry.apache.org/ZmNkMjk1ODUtYjM5ZC00N2E0LTk5YTktOWMwNWYzY2Q4NTcxOzEuMA==-fcd29585-b39d-47a4-99a9-9c05f3cd8571] Object was created but could not be found in the DRC.
[http://chemistry.apache.org/ZmNkMjk1ODUtYjM5ZC00N2E0LTk5YTktOWMwNWYzY2Q4NTcxOzEuMA==-fcd29585-b39d-47a4-99a9-9c05f3cd8571] Object was updated but could not be found in the DRC.
[http://chemistry.apache.org/ZDIwMTU3Y2EtNjAxMS00OTNmLTk4ZjItNTE5Njc3Nzg3MDEyOzEuMA==-d20157ca-6011-493f-98f2-519677787012] Object was created but could not be found in the DRC.
[http://chemistry.apache.org/ZDIwMTU3Y2EtNjAxMS00OTNmLTk4ZjItNTE5Njc3Nzg3MDEyOzEuMA==-d20157ca-6011-493f-98f2-519677787012] Object was updated but could not be found in the DRC.
[http://chemistry.apache.org/ZDIwMTU3Y2EtNjAxMS00OTNmLTk4ZjItNTE5Njc3Nzg3MDEyOzEuMA==-d20157ca-6011-493f-98f2-519677787012] Object was deleted but could not be found in the ZRC.
[http://chemistry.apache.org/ZDI5NGFiNzMtMDY3OS00ODk1LWE4YmUtM2NlN2YxYjgzNWIwOzEuMA==-d294ab73-0679-4895-a8be-3ce7f1b835b0] Object was created but could not be found in the DRC.
[http://chemistry.apache.org/ZDI5NGFiNzMtMDY3OS00ODk1LWE4YmUtM2NlN2YxYjgzNWIwOzEuMA==-d294ab73-0679-4895-a8be-3ce7f1b835b0] Object was updated but could not be found in the DRC.
[http://chemistry.apache.org/ZmNkMjk1ODUtYjM5ZC00N2E0LTk5YTktOWMwNWYzY2Q4NTcxOzEuMA==-fcd29585-b39d-47a4-99a9-9c05f3cd8571] Object was deleted but could not be found in the ZRC.
[http://chemistry.apache.org/ZDI5NGFiNzMtMDY3OS00ODk1LWE4YmUtM2NlN2YxYjgzNWIwOzEuMA==-d294ab73-0679-4895-a8be-3ce7f1b835b0] Object was deleted but could not be found in the ZRC.
[http://chemistry.apache.org/OWE1OWQyMjgtNmNiMS00NDMyLTgyNWQtM2Y3OTM1OTRhZTBi-9a59d228-6cb1-4432-825d-3f793594ae0b] Object was deleted but could not be found in the ZRC.
[http://chemistry.apache.org/ZjMwN2EwMTItZGM1ZS00YjZiLThiOGQtYmRkNTk2YjlmYTBm-f307a012-dc5e-4b6b-8b8d-bdd596b9fa0f] Object was deleted but could not be found in the ZRC.
[http://chemistry.apache.org/ODljNjBmOGYtNTk0YS00NTBlLTkwMmQtMDUzZGI2Y2JjNmY4-89c60f8f-594a-450e-902d-053db6cbc6f8] Object was created but could not be found in the DRC.
[http://chemistry.apache.org/MTgyMzkxNzMtY2U1Yi00OWFkLTgwNjEtOTU0NTQ5NWY4NTAw-18239173-ce5b-49ad-8061-9545495f8500] Object was created but could not be found in the DRC.
[http://chemistry.apache.org/OWIyYzA4ZDktN2NmMy00NGZmLTkyNGEtMDQ0M2QxMzc5YjJkOzEuMA==-9b2c08d9-7cf3-44ff-924a-0443d1379b2d] Object was created but could not be found in the DRC.
[http://chemistry.apache.org/OWIyYzA4ZDktN2NmMy00NGZmLTkyNGEtMDQ0M2QxMzc5YjJkOzEuMA==-9b2c08d9-7cf3-44ff-924a-0443d1379b2d] Object was updated but could not be found in the DRC.
[http://chemistry.apache.org/YzY1ZTdlNWQtOGUwZC00YmIzLWIwMWMtYmJkN2U4ODhkMjEzOzEuMA==-c65e7e5d-8e0d-4bb3-b01c-bbd7e888d213] Object was created but could not be found in the DRC.
[http://chemistry.apache.org/YzY1ZTdlNWQtOGUwZC00YmIzLWIwMWMtYmJkN2U4ODhkMjEzOzEuMA==-c65e7e5d-8e0d-4bb3-b01c-bbd7e888d213] Object was updated but could not be found in the DRC.
[http://chemistry.apache.org/OWIyYzA4ZDktN2NmMy00NGZmLTkyNGEtMDQ0M2QxMzc5YjJkOzEuMA==-9b2c08d9-7cf3-44ff-924a-0443d1379b2d] Object was deleted but could not be found in the ZRC.
[http://chemistry.apache.org/YzY1ZTdlNWQtOGUwZC00YmIzLWIwMWMtYmJkN2U4ODhkMjEzOzEuMA==-c65e7e5d-8e0d-4bb3-b01c-bbd7e888d213] Object was deleted but could not be found in the ZRC.
[http://chemistry.apache.org/MTgyMzkxNzMtY2U1Yi00OWFkLTgwNjEtOTU0NTQ5NWY4NTAw-18239173-ce5b-49ad-8061-9545495f8500] Object was deleted but could not be found in the ZRC.
[http://chemistry.apache.org/ODljNjBmOGYtNTk0YS00NTBlLTkwMmQtMDUzZGI2Y2JjNmY4-89c60f8f-594a-450e-902d-053db6cbc6f8] Object was deleted but could not be found in the ZRC.
[http://chemistry.apache.org/NGI3ZDhiMzAtYTc2NC00NGE5LWFjYzYtZGQ2MGNkMGM1OGRl-4b7d8b30-a764-44a9-acc6-dd60cd0c58de] Object was created but could not be found in the DRC.
[http://chemistry.apache.org/ZDI2ZDg5MzgtYzlmNy00OTcxLTg4NTMtZWNiNDg1ZjVkMTBi-d26d8938-c9f7-4971-8853-ecb485f5d10b] Object was created but could not be found in the DRC.
[http://chemistry.apache.org/NDNiZGE1MzctZDQwYi00MzM2LTlmNGEtMGEyYmUwYjczMzVmOzEuMA==-43bda537-d40b-4336-9f4a-0a2be0b7335f] Object was created but could not be found in the DRC.
[http://chemistry.apache.org/NDNiZGE1MzctZDQwYi00MzM2LTlmNGEtMGEyYmUwYjczMzVmOzEuMA==-43bda537-d40b-4336-9f4a-0a2be0b7335f] Object was updated but could not be found in the DRC.
[http://chemistry.apache.org/YzM5NDY0MDgtZDZiMy00NGQxLWEyODktYzgzNDZjODllYjBjOzEuMA==-c3946408-d6b3-44d1-a289-c8346c89eb0c] Object was created but could not be found in the DRC.
[http://chemistry.apache.org/YzM5NDY0MDgtZDZiMy00NGQxLWEyODktYzgzNDZjODllYjBjOzEuMA==-c3946408-d6b3-44d1-a289-c8346c89eb0c] Object was updated but could not be found in the DRC.
[http://chemistry.apache.org/NDNiZGE1MzctZDQwYi00MzM2LTlmNGEtMGEyYmUwYjczMzVmOzEuMA==-43bda537-d40b-4336-9f4a-0a2be0b7335f] Object was deleted but could not be found in the ZRC.
[http://chemistry.apache.org/YzM5NDY0MDgtZDZiMy00NGQxLWEyODktYzgzNDZjODllYjBjOzEuMA==-c3946408-d6b3-44d1-a289-c8346c89eb0c] Object was deleted but could not be found in the ZRC.
[http://chemistry.apache.org/ZDI2ZDg5MzgtYzlmNy00OTcxLTg4NTMtZWNiNDg1ZjVkMTBi-d26d8938-c9f7-4971-8853-ecb485f5d10b] Object was deleted but could not be found in the ZRC.
[http://chemistry.apache.org/NGI3ZDhiMzAtYTc2NC00NGE5LWFjYzYtZGQ2MGNkMGM1OGRl-4b7d8b30-a764-44a9-acc6-dd60cd0c58de] Object was deleted but could not be found in the ZRC.
[http://chemistry.apache.org/OWM0Yzc1OGEtZGMxYi00NzI3LTk0NDUtZWE2MzgwZTk5YjZl-9c4c758a-dc1b-4727-9445-ea6380e99b6e] Object was created but could not be found in the DRC.
[http://chemistry.apache.org/MjJhY2I5OGYtNDdkZC00NTYxLTkyMDEtMGE3OTQ3MDU5N2I3-22acb98f-47dd-4561-9201-0a79470597b7] Object was created but could not be found in the DRC.
[http://chemistry.apache.org/MDU5NzA1NzAtMDcyMS00ZGY4LWEyZDYtYTI1ZGY5YWVlZDBjOzEuMA==-05970570-0721-4df8-a2d6-a25df9aeed0c] Object was created but could not be found in the DRC.
[http://chemistry.apache.org/MDU5NzA1NzAtMDcyMS00ZGY4LWEyZDYtYTI1ZGY5YWVlZDBjOzEuMA==-05970570-0721-4df8-a2d6-a25df9aeed0c] Object was updated but could not be found in the DRC.
[http://chemistry.apache.org/NzUzZDJmNmMtOTViNy00YjI4LWE5MDMtY2JkNzFmN2QzNThlOzEuMA==-753d2f6c-95b7-4b28-a903-cbd71f7d358e] Object was created but could not be found in the DRC.
[http://chemistry.apache.org/NzUzZDJmNmMtOTViNy00YjI4LWE5MDMtY2JkNzFmN2QzNThlOzEuMA==-753d2f6c-95b7-4b28-a903-cbd71f7d358e] Object was updated but could not be found in the DRC.
[http://chemistry.apache.org/MDU5NzA1NzAtMDcyMS00ZGY4LWEyZDYtYTI1ZGY5YWVlZDBjOzEuMA==-05970570-0721-4df8-a2d6-a25df9aeed0c] Object was deleted but could not be found in the ZRC.
[http://chemistry.apache.org/NzUzZDJmNmMtOTViNy00YjI4LWE5MDMtY2JkNzFmN2QzNThlOzEuMA==-753d2f6c-95b7-4b28-a903-cbd71f7d358e] Object was deleted but could not be found in the ZRC.
[http://chemistry.apache.org/MjJhY2I5OGYtNDdkZC00NTYxLTkyMDEtMGE3OTQ3MDU5N2I3-22acb98f-47dd-4561-9201-0a79470597b7] Object was deleted but could not be found in the ZRC.
[http://chemistry.apache.org/OWM0Yzc1OGEtZGMxYi00NzI3LTk0NDUtZWE2MzgwZTk5YjZl-9c4c758a-dc1b-4727-9445-ea6380e99b6e] Object was deleted but could not be found in the ZRC.
[http://chemistry.apache.org/NDIyODQ0MmEtYWY0Mi00MWVhLThjYjUtY2ZlNGY1NmZjNDFl-4228442a-af42-41ea-8cb5-cfe4f56fc41e] Object was created but could not be found in the DRC.
[http://chemistry.apache.org/OTQwMGZlMDAtNmVhNS00Zjk5LTk1NTMtYzk2NjlmZTMyMDNk-9400fe00-6ea5-4f99-9553-c9669fe3203d] Object was created but could not be found in the DRC.
[http://chemistry.apache.org/OTQwMGZlMDAtNmVhNS00Zjk5LTk1NTMtYzk2NjlmZTMyMDNk-9400fe00-6ea5-4f99-9553-c9669fe3203d] Object was deleted but could not be found in the ZRC.
[http://chemistry.apache.org/NDIyODQ0MmEtYWY0Mi00MWVhLThjYjUtY2ZlNGY1NmZjNDFl-4228442a-af42-41ea-8cb5-cfe4f56fc41e] Object was deleted but could not be found in the ZRC.
[http://chemistry.apache.org/NGM2NDhkNDgtMzc4MC00M2I3LWIyM2UtNzMyMzhlNTgzYjE1-4c648d48-3780-43b7-b23e-73238e583b15] Object was created but could not be found in the DRC.
[http://chemistry.apache.org/YTljOTZiNDctZDFjZC00ODAzLWE3ZTQtNzFjZTE2MDViM2U3-a9c96b47-d1cd-4803-a7e4-71ce1605b3e7] Object was created but could not be found in the DRC.
[http://chemistry.apache.org/YTljOTZiNDctZDFjZC00ODAzLWE3ZTQtNzFjZTE2MDViM2U3-a9c96b47-d1cd-4803-a7e4-71ce1605b3e7] Object was deleted but could not be found in the ZRC.
[http://chemistry.apache.org/NGM2NDhkNDgtMzc4MC00M2I3LWIyM2UtNzMyMzhlNTgzYjE1-4c648d48-3780-43b7-b23e-73238e583b15] Object was deleted but could not be found in the ZRC.
[http://chemistry.apache.org/Y2Y0MGY5ODktMTkxYi00YTgxLTkzOGYtZWY2MDY4MDdkZDA1-cf40f989-191b-4a81-938f-ef606807dd05] Object was created but could not be found in the DRC.
[http://chemistry.apache.org/NDQwNzY4OWUtNTFhNS00NzkxLThhY2QtOTcxZjA0YjIxNGNk-4407689e-51a5-4791-8acd-971f04b214cd] Object was created but could not be found in the DRC.
[http://chemistry.apache.org/NDQwNzY4OWUtNTFhNS00NzkxLThhY2QtOTcxZjA0YjIxNGNk-4407689e-51a5-4791-8acd-971f04b214cd] Object was deleted but could not be found in the ZRC.
[http://chemistry.apache.org/Y2Y0MGY5ODktMTkxYi00YTgxLTkzOGYtZWY2MDY4MDdkZDA1-cf40f989-191b-4a81-938f-ef606807dd05] Object was deleted but could not be found in the ZRC.
[http://chemistry.apache.org/ZjZjMWYwN2ItNzllNy00ZWQ4LTgxOGEtNDUwM2Y3MGQzODQ3-f6c1f07b-79e7-4ed8-818a-4503f70d3847] Object was created but could not be found in the DRC.
[http://chemistry.apache.org/MDg2ZDEwMjQtNGMzYi00MGI0LTkzYWMtNjVlOGY1MDcxNDdl-086d1024-4c3b-40b4-93ac-65e8f507147e] Object was created but could not be found in the DRC.
[http://chemistry.apache.org/NGIzYmUwODUtNzIyNS00MWJlLWFjNDktYjg0NzY1NGMwNzFh-4b3be085-7225-41be-ac49-b847654c071a] Object was created but could not be found in the DRC.
[http://chemistry.apache.org/MDg2ZDEwMjQtNGMzYi00MGI0LTkzYWMtNjVlOGY1MDcxNDdl-086d1024-4c3b-40b4-93ac-65e8f507147e] Object was deleted but could not be found in the ZRC.
[http://chemistry.apache.org/NGIzYmUwODUtNzIyNS00MWJlLWFjNDktYjg0NzY1NGMwNzFh-4b3be085-7225-41be-ac49-b847654c071a] Object was deleted but could not be found in the ZRC.
[http://chemistry.apache.org/ZjZjMWYwN2ItNzllNy00ZWQ4LTgxOGEtNDUwM2Y3MGQzODQ3-f6c1f07b-79e7-4ed8-818a-4503f70d3847] Object was deleted but could not be found in the ZRC.
[http://chemistry.apache.org/ODQ5NzA5ZDQtM2I2Mi00ZGQ5LWIxZTEtNDExMmMzZDk4NWZi-849709d4-3b62-4dd9-b1e1-4112c3d985fb] Object was created but could not be found in the DRC.
[http://chemistry.apache.org/MzhhMWE4MTQtMjFjZC00NDBhLTlmN2ItNTMzMGZkZjg5MzAw-38a1a814-21cd-440a-9f7b-5330fdf89300] Object was created but could not be found in the DRC.
[http://chemistry.apache.org/MTdjOWY3ZDUtZjU2My00NDM5LTlmMzktNzM4MDlkNjViNDNiOzEuMA==-17c9f7d5-f563-4439-9f39-73809d65b43b] Object was created but could not be found in the DRC.
[http://chemistry.apache.org/MTdjOWY3ZDUtZjU2My00NDM5LTlmMzktNzM4MDlkNjViNDNiOzEuMA==-17c9f7d5-f563-4439-9f39-73809d65b43b] Object was updated but could not be found in the DRC.
[http://chemistry.apache.org/YzZmMGIzMzYtNTkyZi00ZDI4LTlkMDYtZjYwYTJmOTc5YmRjOzEuMA==-c6f0b336-592f-4d28-9d06-f60a2f979bdc] Object was created but could not be found in the DRC.
[http://chemistry.apache.org/YzZmMGIzMzYtNTkyZi00ZDI4LTlkMDYtZjYwYTJmOTc5YmRjOzEuMA==-c6f0b336-592f-4d28-9d06-f60a2f979bdc] Object was updated but could not be found in the DRC.
[http://chemistry.apache.org/MzhhMWE4MTQtMjFjZC00NDBhLTlmN2ItNTMzMGZkZjg5MzAw-38a1a814-21cd-440a-9f7b-5330fdf89300] Object was deleted but could not be found in the ZRC.
[http://chemistry.apache.org/ODQ5NzA5ZDQtM2I2Mi00ZGQ5LWIxZTEtNDExMmMzZDk4NWZi-849709d4-3b62-4dd9-b1e1-4112c3d985fb] Object was deleted but could not be found in the ZRC.
[http://chemistry.apache.org/NTVhMzk2ZTEtMDc4OC00NTFkLTlkN2EtNDJjNGIzOWJiODM1-55a396e1-0788-451d-9d7a-42c4b39bb835] Object was created but could not be found in the DRC.
[http://chemistry.apache.org/YTFjMmE4NTMtNmU2NS00MDI0LTk0ZGUtM2Q3YjQ3NDYyNmJk-a1c2a853-6e65-4024-94de-3d7b474626bd] Object was created but could not be found in the DRC.
[http://chemistry.apache.org/OWQxYjg4ZTEtNTI4ZC00Nzc2LWE5MjUtMzI5MWMzOGYyZmExOzEuMA==-9d1b88e1-528d-4776-a925-3291c38f2fa1] Object was created but could not be found in the DRC.
[http://chemistry.apache.org/OWQxYjg4ZTEtNTI4ZC00Nzc2LWE5MjUtMzI5MWMzOGYyZmExOzEuMA==-9d1b88e1-528d-4776-a925-3291c38f2fa1] Object was updated but could not be found in the DRC.
[http://chemistry.apache.org/ZGE3MzQxODEtYmMwNC00MmJhLWFlMmEtNjkwYTczYjIxNTM2OzEuMA==-da734181-bc04-42ba-ae2a-690a73b21536] Object was created but could not be found in the DRC.
[http://chemistry.apache.org/ZGE3MzQxODEtYmMwNC00MmJhLWFlMmEtNjkwYTczYjIxNTM2OzEuMA==-da734181-bc04-42ba-ae2a-690a73b21536] Object was updated but could not be found in the DRC.
[http://chemistry.apache.org/YTFjMmE4NTMtNmU2NS00MDI0LTk0ZGUtM2Q3YjQ3NDYyNmJk-a1c2a853-6e65-4024-94de-3d7b474626bd] Object was deleted but could not be found in the ZRC.
[http://chemistry.apache.org/NTVhMzk2ZTEtMDc4OC00NTFkLTlkN2EtNDJjNGIzOWJiODM1-55a396e1-0788-451d-9d7a-42c4b39bb835] Object was deleted but could not be found in the ZRC.
[http://chemistry.apache.org/NzY1YWEwZmMtNDAxNy00N2U5LTkyY2EtMDc2ZmIxYjc4NTk4-765aa0fc-4017-47e9-92ca-076fb1b78598] Object was created but could not be found in the DRC.
[http://chemistry.apache.org/MTMxMmEyZGItNDQxOS00Mzk2LTg5MDAtN2M2MGZiMzYyMDU5-1312a2db-4419-4396-8900-7c60fb362059] Object was created but could not be found in the DRC.
[http://chemistry.apache.org/NjBlZTUyOTItNWEyYi00OWQ1LWJlMTYtNjMzMDAwMzIzM2UyOzEuMA==-60ee5292-5a2b-49d5-be16-6330003233e2] Object was created but could not be found in the DRC.
[http://chemistry.apache.org/NjBlZTUyOTItNWEyYi00OWQ1LWJlMTYtNjMzMDAwMzIzM2UyOzEuMA==-60ee5292-5a2b-49d5-be16-6330003233e2] Object was updated but could not be found in the DRC.
[http://chemistry.apache.org/NDI5ZjAwOGEtOTdkMy00ODQ0LTk5ZDQtYmI4YjNmNjE3OTg3OzEuMA==-429f008a-97d3-4844-99d4-bb8b3f617987] Object was created but could not be found in the DRC.
[http://chemistry.apache.org/NDI5ZjAwOGEtOTdkMy00ODQ0LTk5ZDQtYmI4YjNmNjE3OTg3OzEuMA==-429f008a-97d3-4844-99d4-bb8b3f617987] Object was updated but could not be found in the DRC.
[http://chemistry.apache.org/MTMxMmEyZGItNDQxOS00Mzk2LTg5MDAtN2M2MGZiMzYyMDU5-1312a2db-4419-4396-8900-7c60fb362059] Object was deleted but could not be found in the ZRC.
[http://chemistry.apache.org/NzY1YWEwZmMtNDAxNy00N2U5LTkyY2EtMDc2ZmIxYjc4NTk4-765aa0fc-4017-47e9-92ca-076fb1b78598] Object was deleted but could not be found in the ZRC.
[http://chemistry.apache.org/OWIwOWMxZDktN2VhNC00NDRkLThkZGYtMTZmNWE1MjBlMThl-9b09c1d9-7ea4-444d-8ddf-16f5a520e18e] Object was created but could not be found in the DRC.
[http://chemistry.apache.org/MGUwNzVjODgtYWQ3YS00NzA5LWFiZTMtZDAxM2U1ZGJjNGZk-0e075c88-ad7a-4709-abe3-d013e5dbc4fd] Object was created but could not be found in the DRC.
[http://chemistry.apache.org/MWY5ODlhN2ItZjk2Ni00NzZhLWFlZWMtN2RmYWQzOTI2MzRkOzEuMA==-1f989a7b-f966-476a-aeec-7dfad392634d] Object was created but could not be found in the DRC.
[http://chemistry.apache.org/MWY5ODlhN2ItZjk2Ni00NzZhLWFlZWMtN2RmYWQzOTI2MzRkOzEuMA==-1f989a7b-f966-476a-aeec-7dfad392634d] Object was updated but could not be found in the DRC.
[http://chemistry.apache.org/MGUwNzVjODgtYWQ3YS00NzA5LWFiZTMtZDAxM2U1ZGJjNGZk-0e075c88-ad7a-4709-abe3-d013e5dbc4fd] Object was deleted but could not be found in the ZRC.
[http://chemistry.apache.org/OWIwOWMxZDktN2VhNC00NDRkLThkZGYtMTZmNWE1MjBlMThl-9b09c1d9-7ea4-444d-8ddf-16f5a520e18e] Object was deleted but could not be found in the ZRC.
[http://chemistry.apache.org/YzBiNWJkNTQtOGUyMy00YWI0LWEzOGMtMjJjMTllYzQ4ZTMw-c0b5bd54-8e23-4ab4-a38c-22c19ec48e30] Object was created but could not be found in the DRC.
[http://chemistry.apache.org/NmYyOTJhOWUtODczYi00MzUyLWI2NTItOGExZTRmZmQwMmJh-6f292a9e-873b-4352-b652-8a1e4ffd02ba] Object was created but could not be found in the DRC.
[http://chemistry.apache.org/YjEzYTZhZjYtNGMxZS00ODllLTgzYzItOWQ0YjAwZWYwNmRiOzEuMA==-b13a6af6-4c1e-489e-83c2-9d4b00ef06db] Object was created but could not be found in the DRC.
[http://chemistry.apache.org/YjEzYTZhZjYtNGMxZS00ODllLTgzYzItOWQ0YjAwZWYwNmRiOzEuMA==-b13a6af6-4c1e-489e-83c2-9d4b00ef06db] Object was updated but could not be found in the DRC.
[http://chemistry.apache.org/NmYyOTJhOWUtODczYi00MzUyLWI2NTItOGExZTRmZmQwMmJh-6f292a9e-873b-4352-b652-8a1e4ffd02ba] Object was deleted but could not be found in the ZRC.
[http://chemistry.apache.org/YzBiNWJkNTQtOGUyMy00YWI0LWEzOGMtMjJjMTllYzQ4ZTMw-c0b5bd54-8e23-4ab4-a38c-22c19ec48e30] Object was deleted but could not be found in the ZRC.
[http://chemistry.apache.org/MzJjOWFjZWQtN2NlNi00NGMwLWE1YjgtZjAwZmJlN2ZiYzJk-32c9aced-7ce6-44c0-a5b8-f00fbe7fbc2d] Object was created but could not be found in the DRC.
[http://chemistry.apache.org/MTFkNmVmZjAtMWYwOC00NjkxLTg4MjgtMzRlYjJlODg3M2Ri-11d6eff0-1f08-4691-8828-34eb2e8873db] Object was created but could not be found in the DRC.
[http://chemistry.apache.org/NzYwY2U2ZGMtZGUwNS00YmQ1LWFiOGUtN2JmYjQwMzBhOGFhOzEuMA==-760ce6dc-de05-4bd5-ab8e-7bfb4030a8aa] Object was created but could not be found in the DRC.
[http://chemistry.apache.org/NzYwY2U2ZGMtZGUwNS00YmQ1LWFiOGUtN2JmYjQwMzBhOGFhOzEuMA==-760ce6dc-de05-4bd5-ab8e-7bfb4030a8aa] Object was updated but could not be found in the DRC.
[http://chemistry.apache.org/NzYwY2U2ZGMtZGUwNS00YmQ1LWFiOGUtN2JmYjQwMzBhOGFhOzEuMQ==-760ce6dc-de05-4bd5-ab8e-7bfb4030a8aa] Object was deleted but could not be found in the ZRC.
[http://chemistry.apache.org/MTFkNmVmZjAtMWYwOC00NjkxLTg4MjgtMzRlYjJlODg3M2Ri-11d6eff0-1f08-4691-8828-34eb2e8873db] Object was deleted but could not be found in the ZRC.
[http://chemistry.apache.org/MzJjOWFjZWQtN2NlNi00NGMwLWE1YjgtZjAwZmJlN2ZiYzJk-32c9aced-7ce6-44c0-a5b8-f00fbe7fbc2d] Object was deleted but could not be found in the ZRC.
[http://chemistry.apache.org/YTdmZGUxZDgtN2VjYS00NmNlLWFhNzQtYWU3NjQ5MWNlM2U1-a7fde1d8-7eca-46ce-aa74-ae76491ce3e5] Object was created but could not be found in the DRC.
[http://chemistry.apache.org/YTQ1NDMxN2UtZjUzMS00MmU1LTg2YTQtYjE1NmMxYmQ1OTgy-a454317e-f531-42e5-86a4-b156c1bd5982] Object was created but could not be found in the DRC.
[http://chemistry.apache.org/YTQ1NDMxN2UtZjUzMS00MmU1LTg2YTQtYjE1NmMxYmQ1OTgy-a454317e-f531-42e5-86a4-b156c1bd5982] Object was deleted but could not be found in the ZRC.
[http://chemistry.apache.org/YTdmZGUxZDgtN2VjYS00NmNlLWFhNzQtYWU3NjQ5MWNlM2U1-a7fde1d8-7eca-46ce-aa74-ae76491ce3e5] Object was deleted but could not be found in the ZRC.
[http://chemistry.apache.org/ZGU1ODU1M2UtMjkyZi00ZDQ5LWExNzMtYjVmYWNmZjIyNjY3-de58553e-292f-4d49-a173-b5facff22667] Object was created but could not be found in the DRC.
[http://chemistry.apache.org/YWQ3YzFkMWEtOGM1NS00NmRlLTlmZjQtZGM1YmFjN2QwMjZh-ad7c1d1a-8c55-46de-9ff4-dc5bac7d026a] Object was created but could not be found in the DRC.
[http://chemistry.apache.org/N2U0MmQ1NGYtOGE1ZC00MGJlLTlhMjctNTJjMTFlMjY0MTZhOzEuMA==-7e42d54f-8a5d-40be-9a27-52c11e26416a] Object was created but could not be found in the DRC.
[http://chemistry.apache.org/N2U0MmQ1NGYtOGE1ZC00MGJlLTlhMjctNTJjMTFlMjY0MTZhOzEuMA==-7e42d54f-8a5d-40be-9a27-52c11e26416a] Object was updated but could not be found in the DRC.
[http://chemistry.apache.org/N2U0MmQ1NGYtOGE1ZC00MGJlLTlhMjctNTJjMTFlMjY0MTZhOzEuMA==-7e42d54f-8a5d-40be-9a27-52c11e26416a] Object was deleted but could not be found in the ZRC.
[http://chemistry.apache.org/YWQ3YzFkMWEtOGM1NS00NmRlLTlmZjQtZGM1YmFjN2QwMjZh-ad7c1d1a-8c55-46de-9ff4-dc5bac7d026a] Object was deleted but could not be found in the ZRC.
[http://chemistry.apache.org/ZGU1ODU1M2UtMjkyZi00ZDQ5LWExNzMtYjVmYWNmZjIyNjY3-de58553e-292f-4d49-a173-b5facff22667] Object was deleted but could not be found in the ZRC.
[http://chemistry.apache.org/OWI3NzVjMjMtODJmYy00NGFkLTlhZWMtZTAyYzBlYjgwMDY1-9b775c23-82fc-44ad-9aec-e02c0eb80065] Object was created but could not be found in the DRC.
[http://chemistry.apache.org/OGM4ODUyOTQtZWE2Zi00YzVlLTllNjAtZGFlNWIxYTY0MWI2-8c885294-ea6f-4c5e-9e60-dae5b1a641b6] Object was created but could not be found in the DRC.
[http://chemistry.apache.org/YWFjNWY2ZjItYzA0Yy00ZGQxLTk2NjgtMzFkYzQzNWYyN2JiOzEuMA==-aac5f6f2-c04c-4dd1-9668-31dc435f27bb] Object was created but could not be found in the DRC.
[http://chemistry.apache.org/YWFjNWY2ZjItYzA0Yy00ZGQxLTk2NjgtMzFkYzQzNWYyN2JiOzEuMA==-aac5f6f2-c04c-4dd1-9668-31dc435f27bb] Object was updated but could not be found in the DRC.
[http://chemistry.apache.org/YWFjNWY2ZjItYzA0Yy00ZGQxLTk2NjgtMzFkYzQzNWYyN2JiOzEuMA==-aac5f6f2-c04c-4dd1-9668-31dc435f27bb] Object was deleted but could not be found in the ZRC.
[http://chemistry.apache.org/OGM4ODUyOTQtZWE2Zi00YzVlLTllNjAtZGFlNWIxYTY0MWI2-8c885294-ea6f-4c5e-9e60-dae5b1a641b6] Object was deleted but could not be found in the ZRC.
[http://chemistry.apache.org/OWI3NzVjMjMtODJmYy00NGFkLTlhZWMtZTAyYzBlYjgwMDY1-9b775c23-82fc-44ad-9aec-e02c0eb80065] Object was deleted but could not be found in the ZRC.
[http://chemistry.apache.org/NjI3Nzc4YzItNzQyYi00MTBiLWI0NGQtMWRlZjdjM2FjNTcz-627778c2-742b-410b-b44d-1def7c3ac573] Object was created but could not be found in the DRC.
[http://chemistry.apache.org/MGQ2YzMwZDMtNGM0Zi00YjhiLWI4NWUtMjYxOTRkZGQ1ZGIx-0d6c30d3-4c4f-4b8b-b85e-26194ddd5db1] Object was created but could not be found in the DRC.
[http://chemistry.apache.org/NDZlYjBkYWQtMjg0ZS00ZTcxLWE2NTQtZDkwZmQ4ZTA3NjI5OzEuMA==-46eb0dad-284e-4e71-a654-d90fd8e07629] Object was created but could not be found in the DRC.
[http://chemistry.apache.org/NDZlYjBkYWQtMjg0ZS00ZTcxLWE2NTQtZDkwZmQ4ZTA3NjI5OzEuMA==-46eb0dad-284e-4e71-a654-d90fd8e07629] Object was updated but could not be found in the DRC.
[http://chemistry.apache.org/NDZlYjBkYWQtMjg0ZS00ZTcxLWE2NTQtZDkwZmQ4ZTA3NjI5OzEuMA==-46eb0dad-284e-4e71-a654-d90fd8e07629] Object was deleted but could not be found in the ZRC.
[http://chemistry.apache.org/MGQ2YzMwZDMtNGM0Zi00YjhiLWI4NWUtMjYxOTRkZGQ1ZGIx-0d6c30d3-4c4f-4b8b-b85e-26194ddd5db1] Object was deleted but could not be found in the ZRC.
[http://chemistry.apache.org/NjI3Nzc4YzItNzQyYi00MTBiLWI0NGQtMWRlZjdjM2FjNTcz-627778c2-742b-410b-b44d-1def7c3ac573] Object was deleted but could not be found in the ZRC.
[http://chemistry.apache.org/MjFhMzRmYjEtOWE4NS00MzlmLTg2MjctOWVlODdiODBjM2Fh-21a34fb1-9a85-439f-8627-9ee87b80c3aa] Object was created but could not be found in the DRC.
[http://chemistry.apache.org/ZDcxYTk0MWItY2RjMS00ODNjLWE1Y2MtNjNkZTcwZGQ1MDhi-d71a941b-cdc1-483c-a5cc-63de70dd508b] Object was created but could not be found in the DRC.
[http://chemistry.apache.org/ZTMxNzYyY2ItMThlZi00MDFkLTg5OTQtZTAxZmU5NDA0OTIwOzEuMA==-e31762cb-18ef-401d-8994-e01fe9404920] Object was created but could not be found in the DRC.
[http://chemistry.apache.org/ZTMxNzYyY2ItMThlZi00MDFkLTg5OTQtZTAxZmU5NDA0OTIwOzEuMA==-e31762cb-18ef-401d-8994-e01fe9404920] Object was updated but could not be found in the DRC.
[http://chemistry.apache.org/MmJlMjhiZWYtNjQ2Yi00MTEzLWI3MTktZjQ5NTVlOTllN2Qw-2be28bef-646b-4113-b719-f4955e99e7d0] Object was created but could not be found in the DRC.
[http://chemistry.apache.org/ZTMxNzYyY2ItMThlZi00MDFkLTg5OTQtZTAxZmU5NDA0OTIwOzEuMA==-e31762cb-18ef-401d-8994-e01fe9404920] Object was deleted but could not be found in the ZRC.
[http://chemistry.apache.org/MmJlMjhiZWYtNjQ2Yi00MTEzLWI3MTktZjQ5NTVlOTllN2Qw-2be28bef-646b-4113-b719-f4955e99e7d0] Object was deleted but could not be found in the ZRC.
[http://chemistry.apache.org/ZDcxYTk0MWItY2RjMS00ODNjLWE1Y2MtNjNkZTcwZGQ1MDhi-d71a941b-cdc1-483c-a5cc-63de70dd508b] Object was deleted but could not be found in the ZRC.
[http://chemistry.apache.org/MjFhMzRmYjEtOWE4NS00MzlmLTg2MjctOWVlODdiODBjM2Fh-21a34fb1-9a85-439f-8627-9ee87b80c3aa] Object was deleted but could not be found in the ZRC.
[http://chemistry.apache.org/MDkwNTQ1ZWUtMTI0MC00NzRhLWExYjgtYjMwZjJhYTNkMjA5-090545ee-1240-474a-a1b8-b30f2aa3d209] Object was created but could not be found in the DRC.
[http://chemistry.apache.org/MDYxMGQyOTItZGU1Yi00ODI3LTllMmYtZmNkNjYxNTUwYjYw-0610d292-de5b-4827-9e2f-fcd661550b60] Object was created but could not be found in the DRC.
[http://chemistry.apache.org/MTM4MGQwOGEtYzNmMS00NzhjLWI3YzUtMGQzZmY2MjdiNjI0OzEuMA==-1380d08a-c3f1-478c-b7c5-0d3ff627b624] Object was created but could not be found in the DRC.
[http://chemistry.apache.org/MTM4MGQwOGEtYzNmMS00NzhjLWI3YzUtMGQzZmY2MjdiNjI0OzEuMA==-1380d08a-c3f1-478c-b7c5-0d3ff627b624] Object was updated but could not be found in the DRC.
[http://chemistry.apache.org/MTM4MGQwOGEtYzNmMS00NzhjLWI3YzUtMGQzZmY2MjdiNjI0OzEuMA==-1380d08a-c3f1-478c-b7c5-0d3ff627b624] Object was deleted but could not be found in the ZRC.
[http://chemistry.apache.org/MDYxMGQyOTItZGU1Yi00ODI3LTllMmYtZmNkNjYxNTUwYjYw-0610d292-de5b-4827-9e2f-fcd661550b60] Object was deleted but could not be found in the ZRC.
[http://chemistry.apache.org/MDkwNTQ1ZWUtMTI0MC00NzRhLWExYjgtYjMwZjJhYTNkMjA5-090545ee-1240-474a-a1b8-b30f2aa3d209] Object was deleted but could not be found in the ZRC.
[http://chemistry.apache.org/YTFhMGQ0MzEtZjczYi00MTVmLWI1YzMtZDljM2M3OTNjNTkw-a1a0d431-f73b-415f-b5c3-d9c3c793c590] Object was created but could not be found in the DRC.
[http://chemistry.apache.org/Njk0NDA1ZjUtMmI1My00MGE0LWExZDYtMzIyNTlmZjVjY2U2-694405f5-2b53-40a4-a1d6-32259ff5cce6] Object was created but could not be found in the DRC.
[http://chemistry.apache.org/Y2FlN2UxMDQtZGRlNS00ZTdkLTgzY2EtOWEyMGFlMzBjMmViOzEuMA==-cae7e104-dde5-4e7d-83ca-9a20ae30c2eb] Object was created but could not be found in the DRC.
[http://chemistry.apache.org/Y2FlN2UxMDQtZGRlNS00ZTdkLTgzY2EtOWEyMGFlMzBjMmViOzEuMA==-cae7e104-dde5-4e7d-83ca-9a20ae30c2eb] Object was updated but could not be found in the DRC.
[http://chemistry.apache.org/Y2FlN2UxMDQtZGRlNS00ZTdkLTgzY2EtOWEyMGFlMzBjMmViOzEuMA==-cae7e104-dde5-4e7d-83ca-9a20ae30c2eb] Object was deleted but could not be found in the ZRC.
[http://chemistry.apache.org/NzFkMzlhZjctMDAwNC00YzRjLTk5ZTgtNWU5MzQ2MDAxZDQ0-71d39af7-0004-4c4c-99e8-5e9346001d44] Object was created but could not be found in the DRC.
[http://chemistry.apache.org/NzFkMzlhZjctMDAwNC00YzRjLTk5ZTgtNWU5MzQ2MDAxZDQ0-71d39af7-0004-4c4c-99e8-5e9346001d44] Object was deleted but could not be found in the ZRC.
[http://chemistry.apache.org/Njk0NDA1ZjUtMmI1My00MGE0LWExZDYtMzIyNTlmZjVjY2U2-694405f5-2b53-40a4-a1d6-32259ff5cce6] Object was deleted but could not be found in the ZRC.
[http://chemistry.apache.org/YTFhMGQ0MzEtZjczYi00MTVmLWI1YzMtZDljM2M3OTNjNTkw-a1a0d431-f73b-415f-b5c3-d9c3c793c590] Object was deleted but could not be found in the ZRC.
[http://chemistry.apache.org/NmZhNzA3NTktNzcyZi00NTlhLWI3MTktMDk3MzAyYzI1NjBjOzEuMA==-6fa70759-772f-459a-b719-097302c2560c] Object was created but could not be found in the DRC.
[http://chemistry.apache.org/NmZhNzA3NTktNzcyZi00NTlhLWI3MTktMDk3MzAyYzI1NjBjOzEuMA==-6fa70759-772f-459a-b719-097302c2560c] Object was updated but could not be found in the DRC.
[http://chemistry.apache.org/MmMyY2ZiNGEtNTgwNy00Nzc5LWJlMWMtMzRmOWU2OGUzOGYz-2c2cfb4a-5807-4779-be1c-34f9e68e38f3] Object was created but could not be found in the DRC.
[http://chemistry.apache.org/NmZmNTdlMGUtMjlmZS00Y2Q2LThhZjctNDY1Mjc5MWU0M2U5-6ff57e0e-29fe-4cd6-8af7-4652791e43e9] Object was created but could not be found in the DRC.
[http://chemistry.apache.org/MjNhYzgxZjktNTNkMS00MDkyLWI0NjktMzM4MmI4ZDk4YzM1OzEuMA==-23ac81f9-53d1-4092-b469-3382b8d98c35] Object was created but could not be found in the DRC.
[http://chemistry.apache.org/MjNhYzgxZjktNTNkMS00MDkyLWI0NjktMzM4MmI4ZDk4YzM1OzEuMA==-23ac81f9-53d1-4092-b469-3382b8d98c35] Object was updated but could not be found in the DRC.
[http://chemistry.apache.org/MjBjMmYzNGMtZDNkZS00MDRkLTllNmYtMDgzZjVhMTAyZDM1OzEuMA==-20c2f34c-d3de-404d-9e6f-083f5a102d35] Object was created but could not be found in the DRC.
[http://chemistry.apache.org/MjBjMmYzNGMtZDNkZS00MDRkLTllNmYtMDgzZjVhMTAyZDM1OzEuMA==-20c2f34c-d3de-404d-9e6f-083f5a102d35] Object was updated but could not be found in the DRC.
[http://chemistry.apache.org/NmZmNTdlMGUtMjlmZS00Y2Q2LThhZjctNDY1Mjc5MWU0M2U5-6ff57e0e-29fe-4cd6-8af7-4652791e43e9] Object was deleted but could not be found in the ZRC.
[http://chemistry.apache.org/MmMyY2ZiNGEtNTgwNy00Nzc5LWJlMWMtMzRmOWU2OGUzOGYz-2c2cfb4a-5807-4779-be1c-34f9e68e38f3] Object was deleted but could not be found in the ZRC.
[http://chemistry.apache.org/ODEwN2NhYWEtMmE0Ni00N2NiLWFlMDktZjQxZjZlZTBlZWZm-8107caaa-2a46-47cb-ae09-f41f6ee0eeff] Object was created but could not be found in the DRC.
[http://chemistry.apache.org/NDJhNzFhNzUtZGM3Yy00ZWU3LWE4Y2EtNTk2ODA4ZTMxZThm-42a71a75-dc7c-4ee7-a8ca-596808e31e8f] Object was created but could not be found in the DRC.
[http://chemistry.apache.org/OGM1M2I4ZDUtZTZhNC00ODU1LWI3NjctZmRlZGI1NWZjYmEzOzEuMA==-8c53b8d5-e6a4-4855-b767-fdedb55fcba3] Object was created but could not be found in the DRC.
[http://chemistry.apache.org/OGM1M2I4ZDUtZTZhNC00ODU1LWI3NjctZmRlZGI1NWZjYmEzOzEuMA==-8c53b8d5-e6a4-4855-b767-fdedb55fcba3] Object was updated but could not be found in the DRC.
[http://chemistry.apache.org/NTQ0YzhlMDAtMWE4Mi00N2RiLTg1ZDctMTljMDYzYjU5YTcxOzEuMA==-544c8e00-1a82-47db-85d7-19c063b59a71] Object was created but could not be found in the DRC.
[http://chemistry.apache.org/NTQ0YzhlMDAtMWE4Mi00N2RiLTg1ZDctMTljMDYzYjU5YTcxOzEuMA==-544c8e00-1a82-47db-85d7-19c063b59a71] Object was updated but could not be found in the DRC.
[http://chemistry.apache.org/NDJhNzFhNzUtZGM3Yy00ZWU3LWE4Y2EtNTk2ODA4ZTMxZThm-42a71a75-dc7c-4ee7-a8ca-596808e31e8f] Object was deleted but could not be found in the ZRC.
[http://chemistry.apache.org/ODEwN2NhYWEtMmE0Ni00N2NiLWFlMDktZjQxZjZlZTBlZWZm-8107caaa-2a46-47cb-ae09-f41f6ee0eeff] Object was deleted but could not be found in the ZRC.
[http://chemistry.apache.org/YjUyYmE3ZmQtNTY3ZC00MjNkLWI0NGItMDA4MjQzMjUzMzk5-b52ba7fd-567d-423d-b44b-008243253399] Object was created but could not be found in the DRC.
[http://chemistry.apache.org/NDA0MTFmNGQtNzBmNS00NGYwLWE4ZTAtMjU4ODAxZWVmZjU2-40411f4d-70f5-44f0-a8e0-258801eeff56] Object was created but could not be found in the DRC.
[http://chemistry.apache.org/MDU4NTUzZGItNjI5ZS00YzQ0LTk1NTctOWE1YWU5NjljNDI0OzEuMA==-058553db-629e-4c44-9557-9a5ae969c424] Object was created but could not be found in the DRC.
[http://chemistry.apache.org/MDU4NTUzZGItNjI5ZS00YzQ0LTk1NTctOWE1YWU5NjljNDI0OzEuMA==-058553db-629e-4c44-9557-9a5ae969c424] Object was updated but could not be found in the DRC.
[http://chemistry.apache.org/MzMwNjc5NDgtODhlYy00YTE3LWEzOWYtODViMjdhMmZlZjM0OzEuMA==-33067948-88ec-4a17-a39f-85b27a2fef34] Object was created but could not be found in the DRC.
[http://chemistry.apache.org/MzMwNjc5NDgtODhlYy00YTE3LWEzOWYtODViMjdhMmZlZjM0OzEuMA==-33067948-88ec-4a17-a39f-85b27a2fef34] Object was updated but could not be found in the DRC.
[http://chemistry.apache.org/NDA0MTFmNGQtNzBmNS00NGYwLWE4ZTAtMjU4ODAxZWVmZjU2-40411f4d-70f5-44f0-a8e0-258801eeff56] Object was deleted but could not be found in the ZRC.
[http://chemistry.apache.org/YjUyYmE3ZmQtNTY3ZC00MjNkLWI0NGItMDA4MjQzMjUzMzk5-b52ba7fd-567d-423d-b44b-008243253399] Object was deleted but could not be found in the ZRC.
[http://chemistry.apache.org/NjI4ZDEyM2QtYzE4Ni00N2M0LTgyMjMtMzdkMGYzYTk0MDc1-628d123d-c186-47c4-8223-37d0f3a94075] Object was created but could not be found in the DRC.
[http://chemistry.apache.org/Y2MyZWMwNWMtNjdkMC00NWFjLWI0OTMtZTJhNjMwZGNhZmU3-cc2ec05c-67d0-45ac-b493-e2a630dcafe7] Object was created but could not be found in the DRC.
[http://chemistry.apache.org/NTAzYjkwY2ItYmJlMC00ZDI4LTllYzEtNjhlMzVmM2FlNjE0OzEuMA==-503b90cb-bbe0-4d28-9ec1-68e35f3ae614] Object was created but could not be found in the DRC.
[http://chemistry.apache.org/NTAzYjkwY2ItYmJlMC00ZDI4LTllYzEtNjhlMzVmM2FlNjE0OzEuMA==-503b90cb-bbe0-4d28-9ec1-68e35f3ae614] Object was updated but could not be found in the DRC.
[http://chemistry.apache.org/Y2MyZWMwNWMtNjdkMC00NWFjLWI0OTMtZTJhNjMwZGNhZmU3-cc2ec05c-67d0-45ac-b493-e2a630dcafe7] Object was deleted but could not be found in the ZRC.
[http://chemistry.apache.org/NjI4ZDEyM2QtYzE4Ni00N2M0LTgyMjMtMzdkMGYzYTk0MDc1-628d123d-c186-47c4-8223-37d0f3a94075] Object was deleted but could not be found in the ZRC.
[http://chemistry.apache.org/ZTcyNGU5M2ItZWQxNC00ZmRiLTgwOWYtNDA2OTkzOTcyMjY5-e724e93b-ed14-4fdb-809f-406993972269] Object was created but could not be found in the DRC.
[http://chemistry.apache.org/YjE2ZjdmNTQtMjgwYi00ZDg3LWI3MjUtZTYzYzMyOTJiMDVh-b16f7f54-280b-4d87-b725-e63c3292b05a] Object was created but could not be found in the DRC.
[http://chemistry.apache.org/ZmViZTAwZGQtMDM4ZC00ZGI3LWEzZmUtNmMwNzBiMzU0YmE5OzEuMA==-febe00dd-038d-4db7-a3fe-6c070b354ba9] Object was created but could not be found in the DRC.
[http://chemistry.apache.org/ZmViZTAwZGQtMDM4ZC00ZGI3LWEzZmUtNmMwNzBiMzU0YmE5OzEuMA==-febe00dd-038d-4db7-a3fe-6c070b354ba9] Object was updated but could not be found in the DRC.
[http://chemistry.apache.org/YjE2ZjdmNTQtMjgwYi00ZDg3LWI3MjUtZTYzYzMyOTJiMDVh-b16f7f54-280b-4d87-b725-e63c3292b05a] Object was deleted but could not be found in the ZRC.
[http://chemistry.apache.org/ZTcyNGU5M2ItZWQxNC00ZmRiLTgwOWYtNDA2OTkzOTcyMjY5-e724e93b-ed14-4fdb-809f-406993972269] Object was deleted but could not be found in the ZRC.
[http://chemistry.apache.org/NjJlZDA2NzQtZDliNC00NzIwLWJmNDktYzJlZTdhNWIzMmNi-62ed0674-d9b4-4720-bf49-c2ee7a5b32cb] Object was created but could not be found in the DRC.
[http://chemistry.apache.org/NmUzZWUyYWUtMjVhZS00ODRmLWJiZDgtYThlNGRmN2Q0Zjhl-6e3ee2ae-25ae-484f-bbd8-a8e4df7d4f8e] Object was created but could not be found in the DRC.
[http://chemistry.apache.org/NTY2NDQyMzItNDk1YS00YmQ5LTkzMzItMGE4MWYxZmFiMjBhOzEuMA==-56644232-495a-4bd9-9332-0a81f1fab20a] Object was created but could not be found in the DRC.
[http://chemistry.apache.org/NTY2NDQyMzItNDk1YS00YmQ5LTkzMzItMGE4MWYxZmFiMjBhOzEuMA==-56644232-495a-4bd9-9332-0a81f1fab20a] Object was updated but could not be found in the DRC.
[http://chemistry.apache.org/NWMzMmI3ZWUtNGEwMi00MTA2LThjYjAtMDY3NTU2YTU0MWIyOzEuMA==-5c32b7ee-4a02-4106-8cb0-067556a541b2] Object was created but could not be found in the DRC.
[http://chemistry.apache.org/NWMzMmI3ZWUtNGEwMi00MTA2LThjYjAtMDY3NTU2YTU0MWIyOzEuMA==-5c32b7ee-4a02-4106-8cb0-067556a541b2] Object was updated but could not be found in the DRC.
[http://chemistry.apache.org/NmUzZWUyYWUtMjVhZS00ODRmLWJiZDgtYThlNGRmN2Q0Zjhl-6e3ee2ae-25ae-484f-bbd8-a8e4df7d4f8e] Object was deleted but could not be found in the ZRC.
[http://chemistry.apache.org/NjJlZDA2NzQtZDliNC00NzIwLWJmNDktYzJlZTdhNWIzMmNi-62ed0674-d9b4-4720-bf49-c2ee7a5b32cb] Object was deleted but could not be found in the ZRC.
[http://chemistry.apache.org/YjU2ODljYmEtMDVhZS00ZDgwLWEzMDEtYzlkODMyY2QwN2Zk-b5689cba-05ae-4d80-a301-c9d832cd07fd] Object was created but could not be found in the DRC.
[http://chemistry.apache.org/ZTg0OTM0MjQtNmE4ZS00NThiLTg4MDUtNzZjYjkwNGJmYWE2-e8493424-6a8e-458b-8805-76cb904bfaa6] Object was created but could not be found in the DRC.
[http://chemistry.apache.org/ZjhiYWMwMDMtNGIyYS00ZmQwLWEwOGYtZmYwNTRiNmQ3OTA0OzEuMA==-f8bac003-4b2a-4fd0-a08f-ff054b6d7904] Object was created but could not be found in the DRC.
[http://chemistry.apache.org/ZjhiYWMwMDMtNGIyYS00ZmQwLWEwOGYtZmYwNTRiNmQ3OTA0OzEuMA==-f8bac003-4b2a-4fd0-a08f-ff054b6d7904] Object was updated but could not be found in the DRC.
[http://chemistry.apache.org/MzkzZDhiMTktZGViNy00NjgzLThhYTktY2FiOWE5ODEzODMzOzEuMA==-393d8b19-deb7-4683-8aa9-cab9a9813833] Object was created but could not be found in the DRC.
[http://chemistry.apache.org/MzkzZDhiMTktZGViNy00NjgzLThhYTktY2FiOWE5ODEzODMzOzEuMA==-393d8b19-deb7-4683-8aa9-cab9a9813833] Object was updated but could not be found in the DRC.
[http://chemistry.apache.org/ZTg0OTM0MjQtNmE4ZS00NThiLTg4MDUtNzZjYjkwNGJmYWE2-e8493424-6a8e-458b-8805-76cb904bfaa6] Object was deleted but could not be found in the ZRC.
[http://chemistry.apache.org/YjU2ODljYmEtMDVhZS00ZDgwLWEzMDEtYzlkODMyY2QwN2Zk-b5689cba-05ae-4d80-a301-c9d832cd07fd] Object was deleted but could not be found in the ZRC.
[http://chemistry.apache.org/OTE0NjlmMmItZmFhMy00NTg4LWFkNzUtMzQ2ZDBhZmU3MmY0-91469f2b-faa3-4588-ad75-346d0afe72f4] Object was created but could not be found in the DRC.
[http://chemistry.apache.org/YjJhMWY5MjEtMGJkNC00ZDgyLTk5NjAtNDgxNTVjNTliYzQy-b2a1f921-0bd4-4d82-9960-48155c59bc42] Object was created but could not be found in the DRC.
[http://chemistry.apache.org/YWVmY2I5ZGUtNWFlOS00YjJlLTg0MTAtOTlhNGY5ZTU4NGY5OzEuMA==-aefcb9de-5ae9-4b2e-8410-99a4f9e584f9] Object was created but could not be found in the DRC.
[http://chemistry.apache.org/YWVmY2I5ZGUtNWFlOS00YjJlLTg0MTAtOTlhNGY5ZTU4NGY5OzEuMA==-aefcb9de-5ae9-4b2e-8410-99a4f9e584f9] Object was updated but could not be found in the DRC.
[http://chemistry.apache.org/NTAyYjBjODItYTY0MS00MTk5LWJlNzYtNDg4N2Q3YWJlNGZjOzEuMA==-502b0c82-a641-4199-be76-4887d7abe4fc] Object was created but could not be found in the DRC.
[http://chemistry.apache.org/NTAyYjBjODItYTY0MS00MTk5LWJlNzYtNDg4N2Q3YWJlNGZjOzEuMA==-502b0c82-a641-4199-be76-4887d7abe4fc] Object was updated but could not be found in the DRC.
[http://chemistry.apache.org/YjJhMWY5MjEtMGJkNC00ZDgyLTk5NjAtNDgxNTVjNTliYzQy-b2a1f921-0bd4-4d82-9960-48155c59bc42] Object was deleted but could not be found in the ZRC.
[http://chemistry.apache.org/OTE0NjlmMmItZmFhMy00NTg4LWFkNzUtMzQ2ZDBhZmU3MmY0-91469f2b-faa3-4588-ad75-346d0afe72f4] Object was deleted but could not be found in the ZRC.
[http://chemistry.apache.org/ZjRmYzlkYTEtZTRlMS00Mzk3LTgwY2EtZjQwNDQ1ZDM0NDdl-f4fc9da1-e4e1-4397-80ca-f40445d3447e] Object was created but could not be found in the DRC.
[http://chemistry.apache.org/NjBiZTA4YzUtMzIzMy00ZDFmLTg5Y2YtMTFjNzkzZmVmMmIw-60be08c5-3233-4d1f-89cf-11c793fef2b0] Object was created but could not be found in the DRC.
[http://chemistry.apache.org/OTAzNDBhNGUtMTAwMi00NGQ2LWEwNjItYjNhODA5YmZiZTg2OzEuMA==-90340a4e-1002-44d6-a062-b3a809bfbe86] Object was created but could not be found in the DRC.
[http://chemistry.apache.org/OTAzNDBhNGUtMTAwMi00NGQ2LWEwNjItYjNhODA5YmZiZTg2OzEuMA==-90340a4e-1002-44d6-a062-b3a809bfbe86] Object was updated but could not be found in the DRC.
[http://chemistry.apache.org/NjBiZTA4YzUtMzIzMy00ZDFmLTg5Y2YtMTFjNzkzZmVmMmIw-60be08c5-3233-4d1f-89cf-11c793fef2b0] Object was deleted but could not be found in the ZRC.
[http://chemistry.apache.org/ZjRmYzlkYTEtZTRlMS00Mzk3LTgwY2EtZjQwNDQ1ZDM0NDdl-f4fc9da1-e4e1-4397-80ca-f40445d3447e] Object was deleted but could not be found in the ZRC.
[http://chemistry.apache.org/NmExNmJjNWQtYmY4Ny00NTc5LTk3YzktYmIzNTNkNjcxMDdm-6a16bc5d-bf87-4579-97c9-bb353d67107f] Object was created but could not be found in the DRC.
[http://chemistry.apache.org/ZjM4NTA0YzUtODg1YS00MDNlLTljYTAtNDczMjkwMTY3ZGFl-f38504c5-885a-403e-9ca0-473290167dae] Object was created but could not be found in the DRC.
[http://chemistry.apache.org/YmM5ZmU3N2MtYzZiMC00MDE3LTg3YTEtNGUyZjBkNWQ3OGUyOzEuMA==-bc9fe77c-c6b0-4017-87a1-4e2f0d5d78e2] Object was created but could not be found in the DRC.
[http://chemistry.apache.org/YmM5ZmU3N2MtYzZiMC00MDE3LTg3YTEtNGUyZjBkNWQ3OGUyOzEuMA==-bc9fe77c-c6b0-4017-87a1-4e2f0d5d78e2] Object was updated but could not be found in the DRC.
[http://chemistry.apache.org/ZjM4NTA0YzUtODg1YS00MDNlLTljYTAtNDczMjkwMTY3ZGFl-f38504c5-885a-403e-9ca0-473290167dae] Object was deleted but could not be found in the ZRC.
[http://chemistry.apache.org/NmExNmJjNWQtYmY4Ny00NTc5LTk3YzktYmIzNTNkNjcxMDdm-6a16bc5d-bf87-4579-97c9-bb353d67107f] Object was deleted but could not be found in the ZRC.
[http://chemistry.apache.org/ZDg4YjNlZGItN2ZlMy00ODNlLThiYjgtY2Y2MWQ0ZDY1NjE3-d88b3edb-7fe3-483e-8bb8-cf61d4d65617] Object was created but could not be found in the DRC.
[http://chemistry.apache.org/ZGIwNmZlOWItOTIxNC00NTAzLWI5ODMtODYxNjM3N2ExYTMx-db06fe9b-9214-4503-b983-8616377a1a31] Object was created but could not be found in the DRC.
[http://chemistry.apache.org/MGVkODc2MjQtMzBlNi00N2I3LThiNjktZDAzMjI4Y2EwODMxOzEuMA==-0ed87624-30e6-47b7-8b69-d03228ca0831] Object was created but could not be found in the DRC.
[http://chemistry.apache.org/MGVkODc2MjQtMzBlNi00N2I3LThiNjktZDAzMjI4Y2EwODMxOzEuMA==-0ed87624-30e6-47b7-8b69-d03228ca0831] Object was updated but could not be found in the DRC.
[http://chemistry.apache.org/YmVjZTU4OGMtNzQ3Zi00YjM1LTkzMzctMDNmNWVmNWIwMThkOzEuMA==-bece588c-747f-4b35-9337-03f5ef5b018d] Object was created but could not be found in the DRC.
[http://chemistry.apache.org/YmVjZTU4OGMtNzQ3Zi00YjM1LTkzMzctMDNmNWVmNWIwMThkOzEuMA==-bece588c-747f-4b35-9337-03f5ef5b018d] Object was updated but could not be found in the DRC.
[http://chemistry.apache.org/ZGIwNmZlOWItOTIxNC00NTAzLWI5ODMtODYxNjM3N2ExYTMx-db06fe9b-9214-4503-b983-8616377a1a31] Object was deleted but could not be found in the ZRC.
[http://chemistry.apache.org/ZDg4YjNlZGItN2ZlMy00ODNlLThiYjgtY2Y2MWQ0ZDY1NjE3-d88b3edb-7fe3-483e-8bb8-cf61d4d65617] Object was deleted but could not be found in the ZRC.
[http://chemistry.apache.org/MWM3ODExNzUtZjA0MC00NDMxLWE3ODItMDNlYTBhODRiNTI1-1c781175-f040-4431-a782-03ea0a84b525] Object was created but could not be found in the DRC.
[http://chemistry.apache.org/M2IyNWIzOTMtYTE1YS00OGEzLTk0MDktM2RmMmU4ODMzZDNh-3b25b393-a15a-48a3-9409-3df2e8833d3a] Object was created but could not be found in the DRC.
[http://chemistry.apache.org/M2IyNWIzOTMtYTE1YS00OGEzLTk0MDktM2RmMmU4ODMzZDNh-3b25b393-a15a-48a3-9409-3df2e8833d3a] Object was deleted but could not be found in the ZRC.
[http://chemistry.apache.org/MWM3ODExNzUtZjA0MC00NDMxLWE3ODItMDNlYTBhODRiNTI1-1c781175-f040-4431-a782-03ea0a84b525] Object was deleted but could not be found in the ZRC.
[http://chemistry.apache.org/Mjg1YjIyMDgtZjdjZi00ZjUyLTk1NWUtYmZkYjBkOTU5ZTJl-285b2208-f7cf-4f52-955e-bfdb0d959e2e] Object was created but could not be found in the DRC.
[http://chemistry.apache.org/NjcwNDlkNzItYmY4OS00NDFiLThkNGMtMDE4MzlhODFkYTBi-67049d72-bf89-441b-8d4c-01839a81da0b] Object was created but could not be found in the DRC.
[http://chemistry.apache.org/NjBjM2Q5ZDgtZjRhMS00YzYxLWExNDktNzQzMTFjZmQzMzFiOzEuMA==-60c3d9d8-f4a1-4c61-a149-74311cfd331b] Object was created but could not be found in the DRC.
[http://chemistry.apache.org/NjBjM2Q5ZDgtZjRhMS00YzYxLWExNDktNzQzMTFjZmQzMzFiOzEuMA==-60c3d9d8-f4a1-4c61-a149-74311cfd331b] Object was updated but could not be found in the DRC.
[http://chemistry.apache.org/MWQwMDBmMjQtNTQ4Yi00MzAzLTlkZTQtNmZjZGFlOGI3ZjkwOzEuMA==-1d000f24-548b-4303-9de4-6fcdae8b7f90] Object was created but could not be found in the DRC.
[http://chemistry.apache.org/MWQwMDBmMjQtNTQ4Yi00MzAzLTlkZTQtNmZjZGFlOGI3ZjkwOzEuMA==-1d000f24-548b-4303-9de4-6fcdae8b7f90] Object was updated but could not be found in the DRC.
[http://chemistry.apache.org/NjcwNDlkNzItYmY4OS00NDFiLThkNGMtMDE4MzlhODFkYTBi-67049d72-bf89-441b-8d4c-01839a81da0b] Object was deleted but could not be found in the ZRC.
[http://chemistry.apache.org/Mjg1YjIyMDgtZjdjZi00ZjUyLTk1NWUtYmZkYjBkOTU5ZTJl-285b2208-f7cf-4f52-955e-bfdb0d959e2e] Object was deleted but could not be found in the ZRC.
[http://chemistry.apache.org/NGU0ZGE4N2UtNDRjYy00NDUwLThjMTYtNDJlYjJhMDQ5MWNh-4e4da87e-44cc-4450-8c16-42eb2a0491ca] Object was created but could not be found in the DRC.
[http://chemistry.apache.org/YzRlOGQ3MjctMzdkNy00NWExLWEwMjQtZjE0ZGQzZWI1MjA0-c4e8d727-37d7-45a1-a024-f14dd3eb5204] Object was created but could not be found in the DRC.
[http://chemistry.apache.org/NmNkNGI0MTEtM2YwMi00ZmI4LWJkNjUtYWM1MTdlOTM5ZGNkOzEuMA==-6cd4b411-3f02-4fb8-bd65-ac517e939dcd] Object was created but could not be found in the DRC.
[http://chemistry.apache.org/NmNkNGI0MTEtM2YwMi00ZmI4LWJkNjUtYWM1MTdlOTM5ZGNkOzEuMA==-6cd4b411-3f02-4fb8-bd65-ac517e939dcd] Object was updated but could not be found in the DRC.
[http://chemistry.apache.org/YzRlOGQ3MjctMzdkNy00NWExLWEwMjQtZjE0ZGQzZWI1MjA0-c4e8d727-37d7-45a1-a024-f14dd3eb5204] Object was deleted but could not be found in the ZRC.
[http://chemistry.apache.org/NGU0ZGE4N2UtNDRjYy00NDUwLThjMTYtNDJlYjJhMDQ5MWNh-4e4da87e-44cc-4450-8c16-42eb2a0491ca] Object was deleted but could not be found in the ZRC.
[http://chemistry.apache.org/NjY5Mzk2OGMtMjY0Ni00Mzg5LWIyNGUtZTVkZGVhNzc2N2Y3-6693968c-2646-4389-b24e-e5ddea7767f7] Object was created but could not be found in the DRC.
[http://chemistry.apache.org/MDY3YzJjMTMtZDMyNy00ZTUzLWI0NGYtZWQwZjg2NjIxMDRj-067c2c13-d327-4e53-b44f-ed0f8662104c] Object was created but could not be found in the DRC.
[http://chemistry.apache.org/ZGRjZWE0ZmYtMzM0MC00YjlhLTg5MDEtNzc3OGEyNGYyNjA1OzEuMA==-ddcea4ff-3340-4b9a-8901-7778a24f2605] Object was created but could not be found in the DRC.
[http://chemistry.apache.org/ZGRjZWE0ZmYtMzM0MC00YjlhLTg5MDEtNzc3OGEyNGYyNjA1OzEuMA==-ddcea4ff-3340-4b9a-8901-7778a24f2605] Object was updated but could not be found in the DRC.
[http://chemistry.apache.org/MDY3YzJjMTMtZDMyNy00ZTUzLWI0NGYtZWQwZjg2NjIxMDRj-067c2c13-d327-4e53-b44f-ed0f8662104c] Object was deleted but could not be found in the ZRC.
[http://chemistry.apache.org/NjY5Mzk2OGMtMjY0Ni00Mzg5LWIyNGUtZTVkZGVhNzc2N2Y3-6693968c-2646-4389-b24e-e5ddea7767f7] Object was deleted but could not be found in the ZRC.
[http://chemistry.apache.org/NDFhZTgzOWItZjhiYy00MWU4LWFmNWItYjlhMjkzNWJjZmUx-41ae839b-f8bc-41e8-af5b-b9a2935bcfe1] Object was created but could not be found in the DRC.
[http://chemistry.apache.org/NzRkZGRjYTItYjEyNy00NmU1LThlZjAtZDFlMjMwOTM5ODUz-74dddca2-b127-46e5-8ef0-d1e230939853] Object was created but could not be found in the DRC.
[http://chemistry.apache.org/NjFkYjllMzYtZGYzNC00ODQ0LWFkNzktODIyOTAyN2U3Yjk0OzEuMA==-61db9e36-df34-4844-ad79-8229027e7b94] Object was created but could not be found in the DRC.
[http://chemistry.apache.org/NjFkYjllMzYtZGYzNC00ODQ0LWFkNzktODIyOTAyN2U3Yjk0OzEuMA==-61db9e36-df34-4844-ad79-8229027e7b94] Object was updated but could not be found in the DRC.
[http://chemistry.apache.org/ZTQwMDAxYTQtZDczZS00ZDMxLTgyNmUtMmU3NjY1OWJhYWUyOzEuMA==-e40001a4-d73e-4d31-826e-2e76659baae2] Object was created but could not be found in the DRC.
[http://chemistry.apache.org/ZTQwMDAxYTQtZDczZS00ZDMxLTgyNmUtMmU3NjY1OWJhYWUyOzEuMA==-e40001a4-d73e-4d31-826e-2e76659baae2] Object was updated but could not be found in the DRC.
[http://chemistry.apache.org/NzRkZGRjYTItYjEyNy00NmU1LThlZjAtZDFlMjMwOTM5ODUz-74dddca2-b127-46e5-8ef0-d1e230939853] Object was deleted but could not be found in the ZRC.
[http://chemistry.apache.org/NDFhZTgzOWItZjhiYy00MWU4LWFmNWItYjlhMjkzNWJjZmUx-41ae839b-f8bc-41e8-af5b-b9a2935bcfe1] Object was deleted but could not be found in the ZRC.
[http://chemistry.apache.org/YWNlY2QwMTctMTZkYy00YzBiLTkyOGItNzVhNjAzOTM0ZDI2-acecd017-16dc-4c0b-928b-75a603934d26] Object was created but could not be found in the DRC.
[http://chemistry.apache.org/Y2YyMWQ3ZmYtNWMxYy00MGM2LWIyNzQtMjgwNzk3ZTliNTM5-cf21d7ff-5c1c-40c6-b274-280797e9b539] Object was created but could not be found in the DRC.
[http://chemistry.apache.org/NDgwYjRkMDQtYmJiZS00OGY1LWI3MjQtMzgxZTM5YTAyMDhlOzEuMA==-480b4d04-bbbe-48f5-b724-381e39a0208e] Object was created but could not be found in the DRC.
[http://chemistry.apache.org/NDgwYjRkMDQtYmJiZS00OGY1LWI3MjQtMzgxZTM5YTAyMDhlOzEuMA==-480b4d04-bbbe-48f5-b724-381e39a0208e] Object was updated but could not be found in the DRC.
[http://chemistry.apache.org/YmIzNTBhNDctOWNhYy00NjZiLWI0NTEtOGZiNmQ2OGUwNGRhOzEuMA==-bb350a47-9cac-466b-b451-8fb6d68e04da] Object was created but could not be found in the DRC.
[http://chemistry.apache.org/YmIzNTBhNDctOWNhYy00NjZiLWI0NTEtOGZiNmQ2OGUwNGRhOzEuMA==-bb350a47-9cac-466b-b451-8fb6d68e04da] Object was updated but could not be found in the DRC.
[http://chemistry.apache.org/Y2YyMWQ3ZmYtNWMxYy00MGM2LWIyNzQtMjgwNzk3ZTliNTM5-cf21d7ff-5c1c-40c6-b274-280797e9b539] Object was deleted but could not be found in the ZRC.
[http://chemistry.apache.org/YWNlY2QwMTctMTZkYy00YzBiLTkyOGItNzVhNjAzOTM0ZDI2-acecd017-16dc-4c0b-928b-75a603934d26] Object was deleted but could not be found in the ZRC.
[http://chemistry.apache.org/YjVkYzVhZGEtM2U2MS00N2MwLTk4MGQtZDlmNTJiMTQ0NTMx-b5dc5ada-3e61-47c0-980d-d9f52b144531] Object was created but could not be found in the DRC.
[http://chemistry.apache.org/YzFiZmFhNWQtNGQwMC00MTQ3LTlkNGUtYzNkZDg1ZGI5YWEy-c1bfaa5d-4d00-4147-9d4e-c3dd85db9aa2] Object was created but could not be found in the DRC.
[http://chemistry.apache.org/ZDMwNmUzYzgtMzVmZC00ZDY0LWE1NjMtMmZiM2E0YTgzZTkyOzEuMA==-d306e3c8-35fd-4d64-a563-2fb3a4a83e92] Object was created but could not be found in the DRC.
[http://chemistry.apache.org/ZDMwNmUzYzgtMzVmZC00ZDY0LWE1NjMtMmZiM2E0YTgzZTkyOzEuMA==-d306e3c8-35fd-4d64-a563-2fb3a4a83e92] Object was updated but could not be found in the DRC.
[http://chemistry.apache.org/NjEyOWYzYWEtZTIzZS00YmFhLTk1NjgtMDZiYWZiZDMwOWNhOzEuMA==-6129f3aa-e23e-4baa-9568-06bafbd309ca] Object was created but could not be found in the DRC.
[http://chemistry.apache.org/NjEyOWYzYWEtZTIzZS00YmFhLTk1NjgtMDZiYWZiZDMwOWNhOzEuMA==-6129f3aa-e23e-4baa-9568-06bafbd309ca] Object was updated but could not be found in the DRC.
[http://chemistry.apache.org/YzFiZmFhNWQtNGQwMC00MTQ3LTlkNGUtYzNkZDg1ZGI5YWEy-c1bfaa5d-4d00-4147-9d4e-c3dd85db9aa2] Object was deleted but could not be found in the ZRC.
[http://chemistry.apache.org/YjVkYzVhZGEtM2U2MS00N2MwLTk4MGQtZDlmNTJiMTQ0NTMx-b5dc5ada-3e61-47c0-980d-d9f52b144531] Object was deleted but could not be found in the ZRC.
[http://chemistry.apache.org/NjZlYjk5YzUtNjAyMy00NjkyLTliNzUtOWY2N2Q1YTM1MDQ5-66eb99c5-6023-4692-9b75-9f67d5a35049] Object was created but could not be found in the DRC.
[http://chemistry.apache.org/ZDkwODU0OTEtYjJhOS00NmU4LTk3MmEtNzZjMDM1OTk4YjM4-d9085491-b2a9-46e8-972a-76c035998b38] Object was created but could not be found in the DRC.
[http://chemistry.apache.org/MjkzMmUxMGItOTA0MC00NzYxLWJjNjItNDZmMWJiMjJmMzBhOzEuMA==-2932e10b-9040-4761-bc62-46f1bb22f30a] Object was created but could not be found in the DRC.
[http://chemistry.apache.org/MjkzMmUxMGItOTA0MC00NzYxLWJjNjItNDZmMWJiMjJmMzBhOzEuMA==-2932e10b-9040-4761-bc62-46f1bb22f30a] Object was updated but could not be found in the DRC.
[http://chemistry.apache.org/ZDkwODU0OTEtYjJhOS00NmU4LTk3MmEtNzZjMDM1OTk4YjM4-d9085491-b2a9-46e8-972a-76c035998b38] Object was deleted but could not be found in the ZRC.
[http://chemistry.apache.org/NjZlYjk5YzUtNjAyMy00NjkyLTliNzUtOWY2N2Q1YTM1MDQ5-66eb99c5-6023-4692-9b75-9f67d5a35049] Object was deleted but could not be found in the ZRC.
[http://chemistry.apache.org/YmI3ZmE5OTgtZTg0Yi00YzIyLWE3MjctYWMxZTM0MzE5YjJm-bb7fa998-e84b-4c22-a727-ac1e34319b2f] Object was created but could not be found in the DRC.
[http://chemistry.apache.org/ZjkyZmVjNzAtMjk0My00Y2E3LTk5MzgtZmZiZTdiNGY2ZTc0-f92fec70-2943-4ca7-9938-ffbe7b4f6e74] Object was created but could not be found in the DRC.
[http://chemistry.apache.org/ZDljYWRlMDQtNWRiNS00ZjNjLTg2ZjUtMzhhMmM4MmU5NTllOzEuMA==-d9cade04-5db5-4f3c-86f5-38a2c82e959e] Object was created but could not be found in the DRC.
[http://chemistry.apache.org/ZDljYWRlMDQtNWRiNS00ZjNjLTg2ZjUtMzhhMmM4MmU5NTllOzEuMA==-d9cade04-5db5-4f3c-86f5-38a2c82e959e] Object was updated but could not be found in the DRC.
[http://chemistry.apache.org/ZjkyZmVjNzAtMjk0My00Y2E3LTk5MzgtZmZiZTdiNGY2ZTc0-f92fec70-2943-4ca7-9938-ffbe7b4f6e74] Object was deleted but could not be found in the ZRC.
[http://chemistry.apache.org/YmI3ZmE5OTgtZTg0Yi00YzIyLWE3MjctYWMxZTM0MzE5YjJm-bb7fa998-e84b-4c22-a727-ac1e34319b2f] Object was deleted but could not be found in the ZRC.
[http://chemistry.apache.org/MDU5NGRlNzEtNzY2Ni00YzI1LWI1MTgtODk1M2ZmN2RlOWI4-0594de71-7666-4c25-b518-8953ff7de9b8] Object was created but could not be found in the DRC.
[http://chemistry.apache.org/ZDcyZTY0ZDMtNmMwMi00M2NkLTlhODAtODEzNWVmMDFjYzgz-d72e64d3-6c02-43cd-9a80-8135ef01cc83] Object was created but could not be found in the DRC.
[http://chemistry.apache.org/YTU1MTA0YjgtMzk3MS00MDFmLTk5NGQtOWYyYjk1N2RiMjRkOzEuMA==-a55104b8-3971-401f-994d-9f2b957db24d] Object was created but could not be found in the DRC.
[http://chemistry.apache.org/YTU1MTA0YjgtMzk3MS00MDFmLTk5NGQtOWYyYjk1N2RiMjRkOzEuMA==-a55104b8-3971-401f-994d-9f2b957db24d] Object was updated but could not be found in the DRC.
[http://chemistry.apache.org/YjY1ZmFmYjctNjVlMy00MjI3LTgyNWQtNjk5OWM0OTI0MTA2OzEuMA==-b65fafb7-65e3-4227-825d-6999c4924106] Object was created but could not be found in the DRC.
[http://chemistry.apache.org/YjY1ZmFmYjctNjVlMy00MjI3LTgyNWQtNjk5OWM0OTI0MTA2OzEuMA==-b65fafb7-65e3-4227-825d-6999c4924106] Object was updated but could not be found in the DRC.
[http://chemistry.apache.org/ZDcyZTY0ZDMtNmMwMi00M2NkLTlhODAtODEzNWVmMDFjYzgz-d72e64d3-6c02-43cd-9a80-8135ef01cc83] Object was deleted but could not be found in the ZRC.
[http://chemistry.apache.org/MDU5NGRlNzEtNzY2Ni00YzI1LWI1MTgtODk1M2ZmN2RlOWI4-0594de71-7666-4c25-b518-8953ff7de9b8] Object was deleted but could not be found in the ZRC.
[http://chemistry.apache.org/MzlhMTFmZDgtOTI4MC00YWZlLWI0NzItZDQ5N2VmYjIwNjVm-39a11fd8-9280-4afe-b472-d497efb2065f] Object was created but could not be found in the DRC.
[http://chemistry.apache.org/YmM2YmVjNjItYmMyNi00YTc3LWFkOTgtZDQ2NmE4OTM4NjBh-bc6bec62-bc26-4a77-ad98-d466a893860a] Object was created but could not be found in the DRC.
[http://chemistry.apache.org/MmFmY2M3NDctMmZkZS00MWQyLTg2ODQtOTg3NjEwZmVmNzk2OzEuMA==-2afcc747-2fde-41d2-8684-987610fef796] Object was created but could not be found in the DRC.
[http://chemistry.apache.org/MmFmY2M3NDctMmZkZS00MWQyLTg2ODQtOTg3NjEwZmVmNzk2OzEuMA==-2afcc747-2fde-41d2-8684-987610fef796] Object was updated but could not be found in the DRC.
[http://chemistry.apache.org/ZWIwYzYyNzAtNzEzZC00ODY1LWFkYTUtZmQ5OTYwM2ExYThlOzEuMA==-eb0c6270-713d-4865-ada5-fd99603a1a8e] Object was created but could not be found in the DRC.
[http://chemistry.apache.org/ZWIwYzYyNzAtNzEzZC00ODY1LWFkYTUtZmQ5OTYwM2ExYThlOzEuMA==-eb0c6270-713d-4865-ada5-fd99603a1a8e] Object was updated but could not be found in the DRC.
[http://chemistry.apache.org/YmM2YmVjNjItYmMyNi00YTc3LWFkOTgtZDQ2NmE4OTM4NjBh-bc6bec62-bc26-4a77-ad98-d466a893860a] Object was deleted but could not be found in the ZRC.
[http://chemistry.apache.org/MzlhMTFmZDgtOTI4MC00YWZlLWI0NzItZDQ5N2VmYjIwNjVm-39a11fd8-9280-4afe-b472-d497efb2065f] Object was deleted but could not be found in the ZRC.
[http://chemistry.apache.org/ZmQwMWNkZDgtNTY1OS00ZGFlLTk4YjUtZWZmNWIxYTRmN2Iw-fd01cdd8-5659-4dae-98b5-eff5b1a4f7b0] Object was created but could not be found in the DRC.
[http://chemistry.apache.org/YWM2NjdiMjItYzI4Zi00MzA5LWE4ZjMtMTQyMDYxNjU3N2Y3-ac667b22-c28f-4309-a8f3-1420616577f7] Object was created but could not be found in the DRC.
[http://chemistry.apache.org/ZDcyZTE4MjYtYzFhYS00MTVmLWI2YWItYzI0MGE0NzQ2Y2UwOzEuMA==-d72e1826-c1aa-415f-b6ab-c240a4746ce0] Object was created but could not be found in the DRC.
[http://chemistry.apache.org/ZDcyZTE4MjYtYzFhYS00MTVmLWI2YWItYzI0MGE0NzQ2Y2UwOzEuMA==-d72e1826-c1aa-415f-b6ab-c240a4746ce0] Object was updated but could not be found in the DRC.
[http://chemistry.apache.org/Zjg4ODhkNDctZWM0NS00NzBkLTkwNjktNmFlMGM4YTU5MmM2OzEuMA==-f8888d47-ec45-470d-9069-6ae0c8a592c6] Object was created but could not be found in the DRC.
[http://chemistry.apache.org/Zjg4ODhkNDctZWM0NS00NzBkLTkwNjktNmFlMGM4YTU5MmM2OzEuMA==-f8888d47-ec45-470d-9069-6ae0c8a592c6] Object was updated but could not be found in the DRC.
[http://chemistry.apache.org/YWM2NjdiMjItYzI4Zi00MzA5LWE4ZjMtMTQyMDYxNjU3N2Y3-ac667b22-c28f-4309-a8f3-1420616577f7] Object was deleted but could not be found in the ZRC.
[http://chemistry.apache.org/ZmQwMWNkZDgtNTY1OS00ZGFlLTk4YjUtZWZmNWIxYTRmN2Iw-fd01cdd8-5659-4dae-98b5-eff5b1a4f7b0] Object was deleted but could not be found in the ZRC.
[http://chemistry.apache.org/ZDcwYjczNjAtZTZhZS00MTZlLTliNDktZjk1MzFhZjBlNzBk-d70b7360-e6ae-416e-9b49-f9531af0e70d] Object was created but could not be found in the DRC.
[http://chemistry.apache.org/NDVmYjVhNGUtOGI1My00ZTIwLTgwNzQtNTU1ZWFhZTE1N2Nk-45fb5a4e-8b53-4e20-8074-555eaae157cd] Object was created but could not be found in the DRC.
[http://chemistry.apache.org/OTJkNTMyZjQtOTRkMS00M2FlLTljYmQtMzQxYTNkZGFkMTc1OzEuMA==-92d532f4-94d1-43ae-9cbd-341a3ddad175] Object was created but could not be found in the DRC.
[http://chemistry.apache.org/OTJkNTMyZjQtOTRkMS00M2FlLTljYmQtMzQxYTNkZGFkMTc1OzEuMA==-92d532f4-94d1-43ae-9cbd-341a3ddad175] Object was updated but could not be found in the DRC.
[http://chemistry.apache.org/NDVmYjVhNGUtOGI1My00ZTIwLTgwNzQtNTU1ZWFhZTE1N2Nk-45fb5a4e-8b53-4e20-8074-555eaae157cd] Object was deleted but could not be found in the ZRC.
[http://chemistry.apache.org/ZDcwYjczNjAtZTZhZS00MTZlLTliNDktZjk1MzFhZjBlNzBk-d70b7360-e6ae-416e-9b49-f9531af0e70d] Object was deleted but could not be found in the ZRC.
[http://chemistry.apache.org/ZDMxNzE4NWItNTY3Yy00YzFkLTljZDgtOWFiZTllNjRiYjBj-d317185b-567c-4c1d-9cd8-9abe9e64bb0c] Object was created but could not be found in the DRC.
[http://chemistry.apache.org/ZDU5MzI2MTMtODcyZi00ODFiLTg4N2QtMzBkZmYzYTQ0ZWVi-d5932613-872f-481b-887d-30dff3a44eeb] Object was created but could not be found in the DRC.
[http://chemistry.apache.org/YTFkOGI3YTgtY2IwOS00MzFmLTk5ZDgtZGZjMDdkYjNlYjEwOzEuMA==-a1d8b7a8-cb09-431f-99d8-dfc07db3eb10] Object was created but could not be found in the DRC.
[http://chemistry.apache.org/YTFkOGI3YTgtY2IwOS00MzFmLTk5ZDgtZGZjMDdkYjNlYjEwOzEuMA==-a1d8b7a8-cb09-431f-99d8-dfc07db3eb10] Object was updated but could not be found in the DRC.
[http://chemistry.apache.org/ZDU5MzI2MTMtODcyZi00ODFiLTg4N2QtMzBkZmYzYTQ0ZWVi-d5932613-872f-481b-887d-30dff3a44eeb] Object was deleted but could not be found in the ZRC.
[http://chemistry.apache.org/ZDMxNzE4NWItNTY3Yy00YzFkLTljZDgtOWFiZTllNjRiYjBj-d317185b-567c-4c1d-9cd8-9abe9e64bb0c] Object was deleted but could not be found in the ZRC.
[http://chemistry.apache.org/Y2Q5YzdlYzMtNzA0ZS00Y2ZjLTkwOTktZjczNzI1YjY0YmI4-cd9c7ec3-704e-4cfc-9099-f73725b64bb8] Object was created but could not be found in the DRC.
[http://chemistry.apache.org/NTZlMjdiZWUtZmE5Mi00MTI5LTg2NTEtYTg5MjYxODJjZTBi-56e27bee-fa92-4129-8651-a8926182ce0b] Object was created but could not be found in the DRC.
[http://chemistry.apache.org/NTZlMjdiZWUtZmE5Mi00MTI5LTg2NTEtYTg5MjYxODJjZTBi-56e27bee-fa92-4129-8651-a8926182ce0b] Object was deleted but could not be found in the ZRC.
[http://chemistry.apache.org/Y2Q5YzdlYzMtNzA0ZS00Y2ZjLTkwOTktZjczNzI1YjY0YmI4-cd9c7ec3-704e-4cfc-9099-f73725b64bb8] Object was deleted but could not be found in the ZRC.
[http://chemistry.apache.org/NmQ0ZGRlMzItNWZmNC00N2Q1LThmNzYtODBiNzA3OWEwNTdk-6d4dde32-5ff4-47d5-8f76-80b7079a057d] Object was created but could not be found in the DRC.
[http://chemistry.apache.org/NzQzY2FjOWMtODc1OS00YmNhLWFlMjQtYjkzYjY3YTc1ZWIz-743cac9c-8759-4bca-ae24-b93b67a75eb3] Object was created but could not be found in the DRC.
[http://chemistry.apache.org/NTY3MDI1YmItNjRlNy00YzQ1LTg2MDAtYTc3N2NlY2E0MTVmOzEuMA==-567025bb-64e7-4c45-8600-a777ceca415f] Object was created but could not be found in the DRC.
[http://chemistry.apache.org/NTY3MDI1YmItNjRlNy00YzQ1LTg2MDAtYTc3N2NlY2E0MTVmOzEuMA==-567025bb-64e7-4c45-8600-a777ceca415f] Object was updated but could not be found in the DRC.
[http://chemistry.apache.org/MTM2MTNiODYtMDE3Yy00MDJlLWIwNDktZDZkNGQ3N2QyNTlhOzEuMA==-13613b86-017c-402e-b049-d6d4d77d259a] Object was created but could not be found in the DRC.
[http://chemistry.apache.org/MTM2MTNiODYtMDE3Yy00MDJlLWIwNDktZDZkNGQ3N2QyNTlhOzEuMA==-13613b86-017c-402e-b049-d6d4d77d259a] Object was updated but could not be found in the DRC.
[http://chemistry.apache.org/NzQzY2FjOWMtODc1OS00YmNhLWFlMjQtYjkzYjY3YTc1ZWIz-743cac9c-8759-4bca-ae24-b93b67a75eb3] Object was deleted but could not be found in the ZRC.
[http://chemistry.apache.org/NmQ0ZGRlMzItNWZmNC00N2Q1LThmNzYtODBiNzA3OWEwNTdk-6d4dde32-5ff4-47d5-8f76-80b7079a057d] Object was deleted but could not be found in the ZRC.
[http://chemistry.apache.org/OGQ5ZjE3MjYtNDg2My00YjhlLTk2NWEtMGY5MmJlMjJhNmMx-8d9f1726-4863-4b8e-965a-0f92be22a6c1] Object was created but could not be found in the DRC.
[http://chemistry.apache.org/Mjg5YzM4YjMtY2U2Zi00MGU1LTg4Y2YtMGNlOTA1NGZjOGI2-289c38b3-ce6f-40e5-88cf-0ce9054fc8b6] Object was created but could not be found in the DRC.
[http://chemistry.apache.org/OGUxYjc1YTMtNmE1Ny00ZjZkLWFiNWYtMDFkMzZmMTc0YzY4OzEuMA==-8e1b75a3-6a57-4f6d-ab5f-01d36f174c68] Object was created but could not be found in the DRC.
[http://chemistry.apache.org/OGUxYjc1YTMtNmE1Ny00ZjZkLWFiNWYtMDFkMzZmMTc0YzY4OzEuMA==-8e1b75a3-6a57-4f6d-ab5f-01d36f174c68] Object was updated but could not be found in the DRC.
[http://chemistry.apache.org/NjU3MGY5ZTAtOTYwMC00MTJmLWEwODItNGYyMjgzODQ2NzBjOzEuMA==-6570f9e0-9600-412f-a082-4f228384670c] Object was created but could not be found in the DRC.
[http://chemistry.apache.org/NjU3MGY5ZTAtOTYwMC00MTJmLWEwODItNGYyMjgzODQ2NzBjOzEuMA==-6570f9e0-9600-412f-a082-4f228384670c] Object was updated but could not be found in the DRC.
[http://chemistry.apache.org/Mjg5YzM4YjMtY2U2Zi00MGU1LTg4Y2YtMGNlOTA1NGZjOGI2-289c38b3-ce6f-40e5-88cf-0ce9054fc8b6] Object was deleted but could not be found in the ZRC.
[http://chemistry.apache.org/OGQ5ZjE3MjYtNDg2My00YjhlLTk2NWEtMGY5MmJlMjJhNmMx-8d9f1726-4863-4b8e-965a-0f92be22a6c1] Object was deleted but could not be found in the ZRC.
[http://chemistry.apache.org/ZTVmZTk4NTEtYzkwZS00ZDJhLWExOGQtYWQ2MTE5YTJkMTRj-e5fe9851-c90e-4d2a-a18d-ad6119a2d14c] Object was created but could not be found in the DRC.
[http://chemistry.apache.org/YWMwNWNlMDktYWFiOC00ZjZhLTkxMTgtYjcyYjU2OTgxNDJj-ac05ce09-aab8-4f6a-9118-b72b5698142c] Object was created but could not be found in the DRC.
[http://chemistry.apache.org/MmRiZWE5MmYtNTIzMi00ZGM1LWFjZTMtZTY5NzdlZWQzNWYyOzEuMA==-2dbea92f-5232-4dc5-ace3-e6977eed35f2] Object was created but could not be found in the DRC.
[http://chemistry.apache.org/MmRiZWE5MmYtNTIzMi00ZGM1LWFjZTMtZTY5NzdlZWQzNWYyOzEuMA==-2dbea92f-5232-4dc5-ace3-e6977eed35f2] Object was updated but could not be found in the DRC.
[http://chemistry.apache.org/YWMwNWNlMDktYWFiOC00ZjZhLTkxMTgtYjcyYjU2OTgxNDJj-ac05ce09-aab8-4f6a-9118-b72b5698142c] Object was deleted but could not be found in the ZRC.
[http://chemistry.apache.org/ZTVmZTk4NTEtYzkwZS00ZDJhLWExOGQtYWQ2MTE5YTJkMTRj-e5fe9851-c90e-4d2a-a18d-ad6119a2d14c] Object was deleted but could not be found in the ZRC.
[http://chemistry.apache.org/YWRmNGI5YzItOTg4YS00NWI5LTllMTktNzA3YmFiM2UwODdk-adf4b9c2-988a-45b9-9e19-707bab3e087d] Object was created but could not be found in the DRC.
[http://chemistry.apache.org/ZmQ2Njc0YjUtZjJiYi00MTM5LTgwY2UtMjM2YzNlMWQzZWU2-fd6674b5-f2bb-4139-80ce-236c3e1d3ee6] Object was created but could not be found in the DRC.
[http://chemistry.apache.org/ZjhiZTZlZjYtMTU0NS00OTZjLWEwM2ItZTJjNWRhMzU5MWI0OzEuMA==-f8be6ef6-1545-496c-a03b-e2c5da3591b4] Object was created but could not be found in the DRC.
[http://chemistry.apache.org/ZjhiZTZlZjYtMTU0NS00OTZjLWEwM2ItZTJjNWRhMzU5MWI0OzEuMA==-f8be6ef6-1545-496c-a03b-e2c5da3591b4] Object was updated but could not be found in the DRC.
[http://chemistry.apache.org/ZmQ2Njc0YjUtZjJiYi00MTM5LTgwY2UtMjM2YzNlMWQzZWU2-fd6674b5-f2bb-4139-80ce-236c3e1d3ee6] Object was deleted but could not be found in the ZRC.
[http://chemistry.apache.org/YWRmNGI5YzItOTg4YS00NWI5LTllMTktNzA3YmFiM2UwODdk-adf4b9c2-988a-45b9-9e19-707bab3e087d] Object was deleted but could not be found in the ZRC.
[http://chemistry.apache.org/MjE0YWMzNjktMTdlYi00YjhmLWJkNWMtYTdlODU2OGI4ZjZh-214ac369-17eb-4b8f-bd5c-a7e8568b8f6a] Object was created but could not be found in the DRC.
[http://chemistry.apache.org/ZWQ2NzQyYTAtNWMxNC00MTA5LThjMmMtMTFjMDRiNWUzMDY0-ed6742a0-5c14-4109-8c2c-11c04b5e3064] Object was created but could not be found in the DRC.
[http://chemistry.apache.org/MmE3Zjk3ZjItMmYzNy00Nzc0LThkYjQtMDJmMWJmNmYzMzU1OzEuMA==-2a7f97f2-2f37-4774-8db4-02f1bf6f3355] Object was created but could not be found in the DRC.
[http://chemistry.apache.org/MmE3Zjk3ZjItMmYzNy00Nzc0LThkYjQtMDJmMWJmNmYzMzU1OzEuMA==-2a7f97f2-2f37-4774-8db4-02f1bf6f3355] Object was updated but could not be found in the DRC.
[http://chemistry.apache.org/ZTNmNjY5M2MtNmNhOC00M2U0LTlhMjAtZTI4Zjg0NmFjZmVkOzEuMA==-e3f6693c-6ca8-43e4-9a20-e28f846acfed] Object was created but could not be found in the DRC.
[http://chemistry.apache.org/ZTNmNjY5M2MtNmNhOC00M2U0LTlhMjAtZTI4Zjg0NmFjZmVkOzEuMA==-e3f6693c-6ca8-43e4-9a20-e28f846acfed] Object was updated but could not be found in the DRC.
[http://chemistry.apache.org/ZWQ2NzQyYTAtNWMxNC00MTA5LThjMmMtMTFjMDRiNWUzMDY0-ed6742a0-5c14-4109-8c2c-11c04b5e3064] Object was deleted but could not be found in the ZRC.
[http://chemistry.apache.org/MjE0YWMzNjktMTdlYi00YjhmLWJkNWMtYTdlODU2OGI4ZjZh-214ac369-17eb-4b8f-bd5c-a7e8568b8f6a] Object was deleted but could not be found in the ZRC.
[http://chemistry.apache.org/YTg3Y2VmNGMtNmMyYS00MDJlLTkxNmUtODA2ZjM3YjY2YTFm-a87cef4c-6c2a-402e-916e-806f37b66a1f] Object was created but could not be found in the DRC.
[http://chemistry.apache.org/NzNlNGFlYzMtMDJhZC00OTNkLThhZDQtZjg2YmJmN2FiYTM0-73e4aec3-02ad-493d-8ad4-f86bbf7aba34] Object was created but could not be found in the DRC.
[http://chemistry.apache.org/NmUzYzEyOTAtNjZlOS00NGE1LTk4OGMtZTUyNjczMDhkY2U3OzEuMA==-6e3c1290-66e9-44a5-988c-e5267308dce7] Object was created but could not be found in the DRC.
[http://chemistry.apache.org/NmUzYzEyOTAtNjZlOS00NGE1LTk4OGMtZTUyNjczMDhkY2U3OzEuMA==-6e3c1290-66e9-44a5-988c-e5267308dce7] Object was updated but could not be found in the DRC.
[http://chemistry.apache.org/MDg3ZDYzNTYtNzhlMy00Yzc5LTlkZjctOWU1ZWM0N2QwNDQwOzEuMA==-087d6356-78e3-4c79-9df7-9e5ec47d0440] Object was created but could not be found in the DRC.
[http://chemistry.apache.org/MDg3ZDYzNTYtNzhlMy00Yzc5LTlkZjctOWU1ZWM0N2QwNDQwOzEuMA==-087d6356-78e3-4c79-9df7-9e5ec47d0440] Object was updated but could not be found in the DRC.
[http://chemistry.apache.org/NzNlNGFlYzMtMDJhZC00OTNkLThhZDQtZjg2YmJmN2FiYTM0-73e4aec3-02ad-493d-8ad4-f86bbf7aba34] Object was deleted but could not be found in the ZRC.
[http://chemistry.apache.org/YTg3Y2VmNGMtNmMyYS00MDJlLTkxNmUtODA2ZjM3YjY2YTFm-a87cef4c-6c2a-402e-916e-806f37b66a1f] Object was deleted but could not be found in the ZRC.
[http://chemistry.apache.org/NGZhMjIwNDUtMmU4My00MjVjLThiOTUtNGY2MDVlOWVkZWQx-4fa22045-2e83-425c-8b95-4f605e9eded1] Object was created but could not be found in the DRC.
[http://chemistry.apache.org/MzU2ZmE3MWEtMTQ1MS00ZTU5LWI5MGUtMThhMzIxYjA0NWVh-356fa71a-1451-4e59-b90e-18a321b045ea] Object was created but could not be found in the DRC.
[http://chemistry.apache.org/ZmI2NzhmYjItMTk3My00N2ZjLWFmYjEtOTAxMDUyYThmN2Q2OzEuMA==-fb678fb2-1973-47fc-afb1-901052a8f7d6] Object was created but could not be found in the DRC.
[http://chemistry.apache.org/ZmI2NzhmYjItMTk3My00N2ZjLWFmYjEtOTAxMDUyYThmN2Q2OzEuMA==-fb678fb2-1973-47fc-afb1-901052a8f7d6] Object was updated but could not be found in the DRC.
[http://chemistry.apache.org/YmI1NDkzZjMtMGNmNS00ZGNhLWI0OGMtZDIwMDMyOWViM2RiOzEuMA==-bb5493f3-0cf5-4dca-b48c-d200329eb3db] Object was created but could not be found in the DRC.
[http://chemistry.apache.org/YmI1NDkzZjMtMGNmNS00ZGNhLWI0OGMtZDIwMDMyOWViM2RiOzEuMA==-bb5493f3-0cf5-4dca-b48c-d200329eb3db] Object was updated but could not be found in the DRC.
[http://chemistry.apache.org/MzU2ZmE3MWEtMTQ1MS00ZTU5LWI5MGUtMThhMzIxYjA0NWVh-356fa71a-1451-4e59-b90e-18a321b045ea] Object was deleted but could not be found in the ZRC.
[http://chemistry.apache.org/NGZhMjIwNDUtMmU4My00MjVjLThiOTUtNGY2MDVlOWVkZWQx-4fa22045-2e83-425c-8b95-4f605e9eded1] Object was deleted but could not be found in the ZRC.
[http://chemistry.apache.org/Y2JiNTdmOTctMjIzZi00M2Q5LWI1YjgtNTViNTVlMDYzMGJj-cbb57f97-223f-43d9-b5b8-55b55e0630bc] Object was created but could not be found in the DRC.
[http://chemistry.apache.org/ZDdjZDYwYTktNzA1ZC00ZmE4LWEwN2QtZTVmMTNkZjBjNzZm-d7cd60a9-705d-4fa8-a07d-e5f13df0c76f] Object was created but could not be found in the DRC.
[http://chemistry.apache.org/ZTQyNjYzNTEtZjk1OS00Y2E5LWJjMDItMGEyOGU2ZTE0ZmIxOzEuMA==-e4266351-f959-4ca9-bc02-0a28e6e14fb1] Object was created but could not be found in the DRC.
[http://chemistry.apache.org/ZTQyNjYzNTEtZjk1OS00Y2E5LWJjMDItMGEyOGU2ZTE0ZmIxOzEuMA==-e4266351-f959-4ca9-bc02-0a28e6e14fb1] Object was updated but could not be found in the DRC.
[http://chemistry.apache.org/ZDdjZDYwYTktNzA1ZC00ZmE4LWEwN2QtZTVmMTNkZjBjNzZm-d7cd60a9-705d-4fa8-a07d-e5f13df0c76f] Object was deleted but could not be found in the ZRC.
[http://chemistry.apache.org/Y2JiNTdmOTctMjIzZi00M2Q5LWI1YjgtNTViNTVlMDYzMGJj-cbb57f97-223f-43d9-b5b8-55b55e0630bc] Object was deleted but could not be found in the ZRC.
[http://chemistry.apache.org/ZDgxOGZiMDAtM2QwZS00ODI4LTg5YjUtNDg0MDBmYzY4MzI3-d818fb00-3d0e-4828-89b5-48400fc68327] Object was created but could not be found in the DRC.
[http://chemistry.apache.org/YmRhN2VkNGUtNTBjNC00NjE5LThjODUtMTFlYTFmMmI4ZWEw-bda7ed4e-50c4-4619-8c85-11ea1f2b8ea0] Object was created but could not be found in the DRC.
[http://chemistry.apache.org/ZDA4M2Q5ODAtZGE5OS00Zjk3LWFkOWItNDQxMjRjMDg1MmIyOzEuMA==-d083d980-da99-4f97-ad9b-44124c0852b2] Object was created but could not be found in the DRC.
[http://chemistry.apache.org/ZDA4M2Q5ODAtZGE5OS00Zjk3LWFkOWItNDQxMjRjMDg1MmIyOzEuMA==-d083d980-da99-4f97-ad9b-44124c0852b2] Object was updated but could not be found in the DRC.
[http://chemistry.apache.org/YmRhN2VkNGUtNTBjNC00NjE5LThjODUtMTFlYTFmMmI4ZWEw-bda7ed4e-50c4-4619-8c85-11ea1f2b8ea0] Object was deleted but could not be found in the ZRC.
[http://chemistry.apache.org/ZDgxOGZiMDAtM2QwZS00ODI4LTg5YjUtNDg0MDBmYzY4MzI3-d818fb00-3d0e-4828-89b5-48400fc68327] Object was deleted but could not be found in the ZRC.
[http://chemistry.apache.org/MGZjOTc3NWUtZTM2Yi00OWQyLWJhOWYtNzk4MWYzMmUwNDM4-0fc9775e-e36b-49d2-ba9f-7981f32e0438] Object was created but could not be found in the DRC.
[http://chemistry.apache.org/ZjE2ODI0ZGEtNjFhNi00MTcxLWJiNGUtNzQyMmQ2YjQ4OWZj-f16824da-61a6-4171-bb4e-7422d6b489fc] Object was created but could not be found in the DRC.
[http://chemistry.apache.org/Y2NhYzQ3OTEtZjBiZi00ZDZjLWJiOWUtZDgxY2ViZjFkNDQ1OzEuMA==-ccac4791-f0bf-4d6c-bb9e-d81cebf1d445] Object was created but could not be found in the DRC.
[http://chemistry.apache.org/Y2NhYzQ3OTEtZjBiZi00ZDZjLWJiOWUtZDgxY2ViZjFkNDQ1OzEuMA==-ccac4791-f0bf-4d6c-bb9e-d81cebf1d445] Object was updated but could not be found in the DRC.
[http://chemistry.apache.org/ZGU2NWI0ZWItY2RlNC00YzU1LThkYjAtMmNiZDE4NWQ2N2JjOzEuMA==-de65b4eb-cde4-4c55-8db0-2cbd185d67bc] Object was created but could not be found in the DRC.
[http://chemistry.apache.org/ZGU2NWI0ZWItY2RlNC00YzU1LThkYjAtMmNiZDE4NWQ2N2JjOzEuMA==-de65b4eb-cde4-4c55-8db0-2cbd185d67bc] Object was updated but could not be found in the DRC.
[http://chemistry.apache.org/ZjE2ODI0ZGEtNjFhNi00MTcxLWJiNGUtNzQyMmQ2YjQ4OWZj-f16824da-61a6-4171-bb4e-7422d6b489fc] Object was deleted but could not be found in the ZRC.
[http://chemistry.apache.org/MGZjOTc3NWUtZTM2Yi00OWQyLWJhOWYtNzk4MWYzMmUwNDM4-0fc9775e-e36b-49d2-ba9f-7981f32e0438] Object was deleted but could not be found in the ZRC.
[http://chemistry.apache.org/ZjFjYmEwOGYtNTQ5Yy00MWU3LTk2YzEtNzcxYmIwYzg0M2E2-f1cba08f-549c-41e7-96c1-771bb0c843a6] Object was created but could not be found in the DRC.
[http://chemistry.apache.org/ODU5MWZlMmEtZWRlNS00MmMxLTg0OTQtODMwOTBiMjk5NDZl-8591fe2a-ede5-42c1-8494-83090b29946e] Object was created but could not be found in the DRC.
[http://chemistry.apache.org/OTE5M2M4OGItMGY0ZS00NDBlLWEwY2QtOWNlOWQ2Njg1MzI0OzEuMA==-9193c88b-0f4e-440e-a0cd-9ce9d6685324] Object was created but could not be found in the DRC.
[http://chemistry.apache.org/OTE5M2M4OGItMGY0ZS00NDBlLWEwY2QtOWNlOWQ2Njg1MzI0OzEuMA==-9193c88b-0f4e-440e-a0cd-9ce9d6685324] Object was updated but could not be found in the DRC.
[http://chemistry.apache.org/NjMyMmU3NGYtYTg0Yi00MzNlLWE3ODgtNmQwNmYzOTk5ZjQyOzEuMA==-6322e74f-a84b-433e-a788-6d06f3999f42] Object was created but could not be found in the DRC.
[http://chemistry.apache.org/NjMyMmU3NGYtYTg0Yi00MzNlLWE3ODgtNmQwNmYzOTk5ZjQyOzEuMA==-6322e74f-a84b-433e-a788-6d06f3999f42] Object was updated but could not be found in the DRC.
[http://chemistry.apache.org/ODU5MWZlMmEtZWRlNS00MmMxLTg0OTQtODMwOTBiMjk5NDZl-8591fe2a-ede5-42c1-8494-83090b29946e] Object was deleted but could not be found in the ZRC.
[http://chemistry.apache.org/ZjFjYmEwOGYtNTQ5Yy00MWU3LTk2YzEtNzcxYmIwYzg0M2E2-f1cba08f-549c-41e7-96c1-771bb0c843a6] Object was deleted but could not be found in the ZRC.
[http://chemistry.apache.org/M2MyZDhhYmYtZGFiZC00MTM3LWE5NjMtMDU4NjhmYjEyZmVj-3c2d8abf-dabd-4137-a963-05868fb12fec] Object was created but could not be found in the DRC.
[http://chemistry.apache.org/OTE3MWMzNGItZjgyMC00YmQ2LWIzN2EtOGEzNjEwODBjNjQy-9171c34b-f820-4bd6-b37a-8a361080c642] Object was created but could not be found in the DRC.
[http://chemistry.apache.org/MzAyM2Q1YWUtOGRiOC00NjJiLTlhNzMtMWQ5ZDczYjEwMTE5OzEuMA==-3023d5ae-8db8-462b-9a73-1d9d73b10119] Object was created but could not be found in the DRC.
[http://chemistry.apache.org/MzAyM2Q1YWUtOGRiOC00NjJiLTlhNzMtMWQ5ZDczYjEwMTE5OzEuMA==-3023d5ae-8db8-462b-9a73-1d9d73b10119] Object was updated but could not be found in the DRC.
[http://chemistry.apache.org/NGFkN2U2NjYtODViOS00NzljLThhZWMtNzE1ZWJlYjhkODI0OzEuMA==-4ad7e666-85b9-479c-8aec-715ebeb8d824] Object was created but could not be found in the DRC.
[http://chemistry.apache.org/NGFkN2U2NjYtODViOS00NzljLThhZWMtNzE1ZWJlYjhkODI0OzEuMA==-4ad7e666-85b9-479c-8aec-715ebeb8d824] Object was updated but could not be found in the DRC.
[http://chemistry.apache.org/OTE3MWMzNGItZjgyMC00YmQ2LWIzN2EtOGEzNjEwODBjNjQy-9171c34b-f820-4bd6-b37a-8a361080c642] Object was deleted but could not be found in the ZRC.
[http://chemistry.apache.org/M2MyZDhhYmYtZGFiZC00MTM3LWE5NjMtMDU4NjhmYjEyZmVj-3c2d8abf-dabd-4137-a963-05868fb12fec] Object was deleted but could not be found in the ZRC.
[http://chemistry.apache.org/NWEyZjViYzAtZTViYy00YmYzLWI3OGQtMDBhZjE3NjI3Nzlh-5a2f5bc0-e5bc-4bf3-b78d-00af1762779a] Object was created but could not be found in the DRC.
[http://chemistry.apache.org/ODY5NmRlN2MtNTc0MC00YmIyLWExOWEtZDFjMzdiYTRlMWFi-8696de7c-5740-4bb2-a19a-d1c37ba4e1ab] Object was created but could not be found in the DRC.
[http://chemistry.apache.org/MDM2ZDM2MTUtYWI4ZC00YTViLTg1N2QtZDY5YmQ2YTM0ODI3OzEuMA==-036d3615-ab8d-4a5b-857d-d69bd6a34827] Object was created but could not be found in the DRC.
[http://chemistry.apache.org/MDM2ZDM2MTUtYWI4ZC00YTViLTg1N2QtZDY5YmQ2YTM0ODI3OzEuMA==-036d3615-ab8d-4a5b-857d-d69bd6a34827] Object was updated but could not be found in the DRC.
[http://chemistry.apache.org/ODY5NmRlN2MtNTc0MC00YmIyLWExOWEtZDFjMzdiYTRlMWFi-8696de7c-5740-4bb2-a19a-d1c37ba4e1ab] Object was deleted but could not be found in the ZRC.
[http://chemistry.apache.org/NWEyZjViYzAtZTViYy00YmYzLWI3OGQtMDBhZjE3NjI3Nzlh-5a2f5bc0-e5bc-4bf3-b78d-00af1762779a] Object was deleted but could not be found in the ZRC.
[http://chemistry.apache.org/ZjE1MDQ0MTctNzIxNS00OGE5LTk2ODYtZmRlMTBhMDM5YTk3-f1504417-7215-48a9-9686-fde10a039a97] Object was created but could not be found in the DRC.
[http://chemistry.apache.org/YThhYTE4NzMtMmM3MS00OWUwLThkNjgtMmQ5OTg2MTAzMDAy-a8aa1873-2c71-49e0-8d68-2d9986103002] Object was created but could not be found in the DRC.
[http://chemistry.apache.org/NWM0ZWQwYjQtNTYwNi00NDYyLTgyYWItNGZkMjA4OGNlZDI3OzEuMA==-5c4ed0b4-5606-4462-82ab-4fd2088ced27] Object was created but could not be found in the DRC.
[http://chemistry.apache.org/NWM0ZWQwYjQtNTYwNi00NDYyLTgyYWItNGZkMjA4OGNlZDI3OzEuMA==-5c4ed0b4-5606-4462-82ab-4fd2088ced27] Object was updated but could not be found in the DRC.
[http://chemistry.apache.org/YThhYTE4NzMtMmM3MS00OWUwLThkNjgtMmQ5OTg2MTAzMDAy-a8aa1873-2c71-49e0-8d68-2d9986103002] Object was deleted but could not be found in the ZRC.
[http://chemistry.apache.org/ZjE1MDQ0MTctNzIxNS00OGE5LTk2ODYtZmRlMTBhMDM5YTk3-f1504417-7215-48a9-9686-fde10a039a97] Object was deleted but could not be found in the ZRC.
[http://chemistry.apache.org/MzMzZDMzODAtNDdiMi00ZmY1LTg5NDYtODlmNDgzOGQ3ODAx-333d3380-47b2-4ff5-8946-89f4838d7801] Object was created but could not be found in the DRC.
[http://chemistry.apache.org/OThlYjg1ZTUtY2FjYS00N2JlLWJjYjgtNjRkMzk0MWRmODVm-98eb85e5-caca-47be-bcb8-64d3941df85f] Object was created but could not be found in the DRC.
[http://chemistry.apache.org/YzVmZjFhNDEtODYyNS00Y2ZiLWJiZjktNDk3NzQxODdlMmJiOzEuMA==-c5ff1a41-8625-4cfb-bbf9-49774187e2bb] Object was created but could not be found in the DRC.
[http://chemistry.apache.org/YzVmZjFhNDEtODYyNS00Y2ZiLWJiZjktNDk3NzQxODdlMmJiOzEuMA==-c5ff1a41-8625-4cfb-bbf9-49774187e2bb] Object was updated but could not be found in the DRC.
[http://chemistry.apache.org/ZTRkZTlmNzEtZDM1My00NDlmLTllZGItNzNjNzY4MzE1NzczOzEuMA==-e4de9f71-d353-449f-9edb-73c768315773] Object was created but could not be found in the DRC.
[http://chemistry.apache.org/ZTRkZTlmNzEtZDM1My00NDlmLTllZGItNzNjNzY4MzE1NzczOzEuMA==-e4de9f71-d353-449f-9edb-73c768315773] Object was updated but could not be found in the DRC.
[http://chemistry.apache.org/OThlYjg1ZTUtY2FjYS00N2JlLWJjYjgtNjRkMzk0MWRmODVm-98eb85e5-caca-47be-bcb8-64d3941df85f] Object was deleted but could not be found in the ZRC.
[http://chemistry.apache.org/MzMzZDMzODAtNDdiMi00ZmY1LTg5NDYtODlmNDgzOGQ3ODAx-333d3380-47b2-4ff5-8946-89f4838d7801] Object was deleted but could not be found in the ZRC.
[http://chemistry.apache.org/NWU3YzYxNGQtMjQ0MC00NzhiLWIxNDItNDU2OGE0NDEzZWNh-5e7c614d-2440-478b-b142-4568a4413eca] Object was created but could not be found in the DRC.
[http://chemistry.apache.org/OGNjNDlmNTQtZWE3NS00MDdhLWIyMWItMzc4YTYzNDEyNjhl-8cc49f54-ea75-407a-b21b-378a6341268e] Object was created but could not be found in the DRC.
[http://chemistry.apache.org/ZGMxY2Y5YmQtYzM1OC00MjA0LTk2MzAtODRmMTNjYTE3MjFkOzEuMA==-dc1cf9bd-c358-4204-9630-84f13ca1721d] Object was created but could not be found in the DRC.
[http://chemistry.apache.org/ZGMxY2Y5YmQtYzM1OC00MjA0LTk2MzAtODRmMTNjYTE3MjFkOzEuMA==-dc1cf9bd-c358-4204-9630-84f13ca1721d] Object was updated but could not be found in the DRC.
[http://chemistry.apache.org/Yjc0YTdkZmItM2QxMS00NTJiLTg5YjgtN2I2M2NkMjMwOTZkOzEuMA==-b74a7dfb-3d11-452b-89b8-7b63cd23096d] Object was created but could not be found in the DRC.
[http://chemistry.apache.org/Yjc0YTdkZmItM2QxMS00NTJiLTg5YjgtN2I2M2NkMjMwOTZkOzEuMA==-b74a7dfb-3d11-452b-89b8-7b63cd23096d] Object was updated but could not be found in the DRC.
[http://chemistry.apache.org/OGNjNDlmNTQtZWE3NS00MDdhLWIyMWItMzc4YTYzNDEyNjhl-8cc49f54-ea75-407a-b21b-378a6341268e] Object was deleted but could not be found in the ZRC.
[http://chemistry.apache.org/NWU3YzYxNGQtMjQ0MC00NzhiLWIxNDItNDU2OGE0NDEzZWNh-5e7c614d-2440-478b-b142-4568a4413eca] Object was deleted but could not be found in the ZRC.
[http://chemistry.apache.org/YzY2Nzc5ZWUtZjkwOS00NDMxLTlkMmUtYzQ3ZDkwNTE4ZWI3-c66779ee-f909-4431-9d2e-c47d90518eb7] Object was created but could not be found in the DRC.
[http://chemistry.apache.org/YTI4ZjcxNDktZmNmMy00MThiLWIwMjMtM2I0YjUyYWNiMzFj-a28f7149-fcf3-418b-b023-3b4b52acb31c] Object was created but could not be found in the DRC.
[http://chemistry.apache.org/NDY4ODczMWYtMjAzNy00M2MxLThlYmItZjk3NDZkMGRiYTgzOzEuMA==-4688731f-2037-43c1-8ebb-f9746d0dba83] Object was created but could not be found in the DRC.
[http://chemistry.apache.org/NDY4ODczMWYtMjAzNy00M2MxLThlYmItZjk3NDZkMGRiYTgzOzEuMA==-4688731f-2037-43c1-8ebb-f9746d0dba83] Object was updated but could not be found in the DRC.
[http://chemistry.apache.org/NTUxNWQxZTItZGM3Yi00ZThkLTk3MmYtNjQ3M2RhNWMwODYzOzEuMA==-5515d1e2-dc7b-4e8d-972f-6473da5c0863] Object was created but could not be found in the DRC.
[http://chemistry.apache.org/NTUxNWQxZTItZGM3Yi00ZThkLTk3MmYtNjQ3M2RhNWMwODYzOzEuMA==-5515d1e2-dc7b-4e8d-972f-6473da5c0863] Object was updated but could not be found in the DRC.
[http://chemistry.apache.org/YTI4ZjcxNDktZmNmMy00MThiLWIwMjMtM2I0YjUyYWNiMzFj-a28f7149-fcf3-418b-b023-3b4b52acb31c] Object was deleted but could not be found in the ZRC.
[http://chemistry.apache.org/YzY2Nzc5ZWUtZjkwOS00NDMxLTlkMmUtYzQ3ZDkwNTE4ZWI3-c66779ee-f909-4431-9d2e-c47d90518eb7] Object was deleted but could not be found in the ZRC.
[http://chemistry.apache.org/MzE4ZTA1MWUtZWQyNC00NTA4LTg3NjgtY2VjOGQzNjg1OTJm-318e051e-ed24-4508-8768-cec8d368592f] Object was created but could not be found in the DRC.
[http://chemistry.apache.org/YTkyYThjNDktYzM1OC00OWNlLWE3ZWYtZjE1MGZhOTQ3ZWI3-a92a8c49-c358-49ce-a7ef-f150fa947eb7] Object was created but could not be found in the DRC.
[http://chemistry.apache.org/YTkyYThjNDktYzM1OC00OWNlLWE3ZWYtZjE1MGZhOTQ3ZWI3-a92a8c49-c358-49ce-a7ef-f150fa947eb7] Object was deleted but could not be found in the ZRC.
[http://chemistry.apache.org/MzE4ZTA1MWUtZWQyNC00NTA4LTg3NjgtY2VjOGQzNjg1OTJm-318e051e-ed24-4508-8768-cec8d368592f] Object was deleted but could not be found in the ZRC.
[http://chemistry.apache.org/NWZmYWI4NDYtOTU4Zi00MjAwLWEyM2YtYWI5ZDRhZTZmNjdj-5ffab846-958f-4200-a23f-ab9d4ae6f67c] Object was created but could not be found in the DRC.
[http://chemistry.apache.org/NjNmZmRjMmItM2VmZS00Nzk3LWJjYzctMGJiMTI2OGYzNzdh-63ffdc2b-3efe-4797-bcc7-0bb1268f377a] Object was created but could not be found in the DRC.
[http://chemistry.apache.org/ZmQxNTNkM2UtNjYzMy00NjZmLWI3MTItNDkxZjYyNTc3Y2E2OzEuMA==-fd153d3e-6633-466f-b712-491f62577ca6] Object was created but could not be found in the DRC.
[http://chemistry.apache.org/ZmQxNTNkM2UtNjYzMy00NjZmLWI3MTItNDkxZjYyNTc3Y2E2OzEuMA==-fd153d3e-6633-466f-b712-491f62577ca6] Object was updated but could not be found in the DRC.
[http://chemistry.apache.org/NjNmZmRjMmItM2VmZS00Nzk3LWJjYzctMGJiMTI2OGYzNzdh-63ffdc2b-3efe-4797-bcc7-0bb1268f377a] Object was deleted but could not be found in the ZRC.
[http://chemistry.apache.org/NWZmYWI4NDYtOTU4Zi00MjAwLWEyM2YtYWI5ZDRhZTZmNjdj-5ffab846-958f-4200-a23f-ab9d4ae6f67c] Object was deleted but could not be found in the ZRC.
[http://chemistry.apache.org/ZWNjODJhMGMtODBmOC00MjUxLWIzNWYtYTJjYjU5ZGFjZDI5-ecc82a0c-80f8-4251-b35f-a2cb59dacd29] Object was created but could not be found in the DRC.
[http://chemistry.apache.org/N2MxZWEyZTctY2E5Ni00MzQ3LWI1YmEtMDUyNzIzNmE4MjFj-7c1ea2e7-ca96-4347-b5ba-0527236a821c] Object was created but could not be found in the DRC.
[http://chemistry.apache.org/MjliNjBlMDQtYTdlZS00NGEwLThjOTQtZjM5NDk3ZTQxMzNhOzEuMA==-29b60e04-a7ee-44a0-8c94-f39497e4133a] Object was created but could not be found in the DRC.
[http://chemistry.apache.org/MjliNjBlMDQtYTdlZS00NGEwLThjOTQtZjM5NDk3ZTQxMzNhOzEuMA==-29b60e04-a7ee-44a0-8c94-f39497e4133a] Object was updated but could not be found in the DRC.
[http://chemistry.apache.org/NTRhNzFlODktMTBkMy00ZmZjLThlOTAtMjFkYzY1Mzg4Mzk0OzEuMA==-54a71e89-10d3-4ffc-8e90-21dc65388394] Object was created but could not be found in the DRC.
[http://chemistry.apache.org/NTRhNzFlODktMTBkMy00ZmZjLThlOTAtMjFkYzY1Mzg4Mzk0OzEuMA==-54a71e89-10d3-4ffc-8e90-21dc65388394] Object was updated but could not be found in the DRC.
[http://chemistry.apache.org/N2MxZWEyZTctY2E5Ni00MzQ3LWI1YmEtMDUyNzIzNmE4MjFj-7c1ea2e7-ca96-4347-b5ba-0527236a821c] Object was deleted but could not be found in the ZRC.
[http://chemistry.apache.org/ZWNjODJhMGMtODBmOC00MjUxLWIzNWYtYTJjYjU5ZGFjZDI5-ecc82a0c-80f8-4251-b35f-a2cb59dacd29] Object was deleted but could not be found in the ZRC.
[http://chemistry.apache.org/NGQ4NTFjOTItZmZmMy00NWYxLWE2NTItNzlkOWNkYzI0YTkx-4d851c92-fff3-45f1-a652-79d9cdc24a91] Object was created but could not be found in the DRC.
[http://chemistry.apache.org/ODU0NTBhNGItOTgyOS00OWNjLTk5NTAtNmEyMTNmNzRjNGI4-85450a4b-9829-49cc-9950-6a213f74c4b8] Object was created but could not be found in the DRC.
[http://chemistry.apache.org/NGJlMWMzNWEtNTc3YS00M2UzLWI0NzYtOGY3YjdhODU4ZGM5OzEuMA==-4be1c35a-577a-43e3-b476-8f7b7a858dc9] Object was created but could not be found in the DRC.
[http://chemistry.apache.org/NGJlMWMzNWEtNTc3YS00M2UzLWI0NzYtOGY3YjdhODU4ZGM5OzEuMA==-4be1c35a-577a-43e3-b476-8f7b7a858dc9] Object was updated but could not be found in the DRC.
[http://chemistry.apache.org/YzFhOWU1YjEtYmE3OS00NzMxLWI3MWItNTg3NGUwMGYwZmRiOzEuMA==-c1a9e5b1-ba79-4731-b71b-5874e00f0fdb] Object was created but could not be found in the DRC.
[http://chemistry.apache.org/YzFhOWU1YjEtYmE3OS00NzMxLWI3MWItNTg3NGUwMGYwZmRiOzEuMA==-c1a9e5b1-ba79-4731-b71b-5874e00f0fdb] Object was updated but could not be found in the DRC.
[http://chemistry.apache.org/ODU0NTBhNGItOTgyOS00OWNjLTk5NTAtNmEyMTNmNzRjNGI4-85450a4b-9829-49cc-9950-6a213f74c4b8] Object was deleted but could not be found in the ZRC.
[http://chemistry.apache.org/NGQ4NTFjOTItZmZmMy00NWYxLWE2NTItNzlkOWNkYzI0YTkx-4d851c92-fff3-45f1-a652-79d9cdc24a91] Object was deleted but could not be found in the ZRC.
[http://chemistry.apache.org/YjNlN2MzNDQtZjkwMy00OWM2LWIyZjktZTEwMzk3ZjcwM2Fk-b3e7c344-f903-49c6-b2f9-e10397f703ad] Object was created but could not be found in the DRC.
[http://chemistry.apache.org/OThmZTJhMjgtOGMwZC00ZjE0LWFmZGYtNTE2NmY3N2JkODQz-98fe2a28-8c0d-4f14-afdf-5166f77bd843] Object was created but could not be found in the DRC.
[http://chemistry.apache.org/OThmZTJhMjgtOGMwZC00ZjE0LWFmZGYtNTE2NmY3N2JkODQz-98fe2a28-8c0d-4f14-afdf-5166f77bd843] Object was deleted but could not be found in the ZRC.
[http://chemistry.apache.org/YjNlN2MzNDQtZjkwMy00OWM2LWIyZjktZTEwMzk3ZjcwM2Fk-b3e7c344-f903-49c6-b2f9-e10397f703ad] Object was deleted but could not be found in the ZRC.
[http://chemistry.apache.org/YmQ1ODMzYWMtY2M3ZS00NzY0LTliNDItMWRjN2I2ZTQ2M2My-bd5833ac-cc7e-4764-9b42-1dc7b6e463c2] Object was created but could not be found in the DRC.
[http://chemistry.apache.org/MjZiYjVmMTItOTc1Mi00OTBiLThkM2MtZGIwMjM0YTJiYTNm-26bb5f12-9752-490b-8d3c-db0234a2ba3f] Object was created but could not be found in the DRC.
[http://chemistry.apache.org/ZjJkZmE2YzUtYTdmZi00NWM5LWFkOTQtZmQ2YmJlMzAyODljOzEuMA==-f2dfa6c5-a7ff-45c9-ad94-fd6bbe30289c] Object was created but could not be found in the DRC.
[http://chemistry.apache.org/ZjJkZmE2YzUtYTdmZi00NWM5LWFkOTQtZmQ2YmJlMzAyODljOzEuMA==-f2dfa6c5-a7ff-45c9-ad94-fd6bbe30289c] Object was updated but could not be found in the DRC.
[http://chemistry.apache.org/MjZiYjVmMTItOTc1Mi00OTBiLThkM2MtZGIwMjM0YTJiYTNm-26bb5f12-9752-490b-8d3c-db0234a2ba3f] Object was deleted but could not be found in the ZRC.
[http://chemistry.apache.org/YmQ1ODMzYWMtY2M3ZS00NzY0LTliNDItMWRjN2I2ZTQ2M2My-bd5833ac-cc7e-4764-9b42-1dc7b6e463c2] Object was deleted but could not be found in the ZRC.
[http://chemistry.apache.org/YTdjMDhmNjgtN2ViMy00ZTBlLTg2YjgtMjkwNTM5YjgzMTU3-a7c08f68-7eb3-4e0e-86b8-290539b83157] Object was created but could not be found in the DRC.
[http://chemistry.apache.org/ODFjNTAyOGMtOWQ0Ni00YTIyLWJlY2MtYTU3MjdhNDE1YTUx-81c5028c-9d46-4a22-becc-a5727a415a51] Object was created but could not be found in the DRC.
[http://chemistry.apache.org/ODFjNTAyOGMtOWQ0Ni00YTIyLWJlY2MtYTU3MjdhNDE1YTUx-81c5028c-9d46-4a22-becc-a5727a415a51] Object was deleted but could not be found in the ZRC.
[http://chemistry.apache.org/YTdjMDhmNjgtN2ViMy00ZTBlLTg2YjgtMjkwNTM5YjgzMTU3-a7c08f68-7eb3-4e0e-86b8-290539b83157] Object was deleted but could not be found in the ZRC.
[http://chemistry.apache.org/ZTViYWNjOTYtODk3Yi00MTlkLWEyMTktYTljNDM2ZDliODJm-e5bacc96-897b-419d-a219-a9c436d9b82f] Object was created but could not be found in the DRC.
[http://chemistry.apache.org/MTVlZmNlZjQtOTA4MC00ZGU1LWFjZDItM2FmNjBiZDE0N2E0-15efcef4-9080-4de5-acd2-3af60bd147a4] Object was created but could not be found in the DRC.
[http://chemistry.apache.org/MTVlZmNlZjQtOTA4MC00ZGU1LWFjZDItM2FmNjBiZDE0N2E0-15efcef4-9080-4de5-acd2-3af60bd147a4] Object was deleted but could not be found in the ZRC.
[http://chemistry.apache.org/ZTViYWNjOTYtODk3Yi00MTlkLWEyMTktYTljNDM2ZDliODJm-e5bacc96-897b-419d-a219-a9c436d9b82f] Object was deleted but could not be found in the ZRC.
[http://chemistry.apache.org/MTY2YWEyODQtMjVhNS00MTFhLWJlMmQtOTdiMjAxMGU3Zjg5-166aa284-25a5-411a-be2d-97b2010e7f89] Object was created but could not be found in the DRC.
[http://chemistry.apache.org/NjVmYWFhNTEtMjU5MS00NWM1LTg0MGEtMTQ2MmU3YmUyZTY3-65faaa51-2591-45c5-840a-1462e7be2e67] Object was created but could not be found in the DRC.
[http://chemistry.apache.org/YjNkNTQ4YWUtN2FhZS00N2QyLWE0OTEtNGIxYTVlNmNkNzg0OzEuMA==-b3d548ae-7aae-47d2-a491-4b1a5e6cd784] Object was created but could not be found in the DRC.
[http://chemistry.apache.org/YjNkNTQ4YWUtN2FhZS00N2QyLWE0OTEtNGIxYTVlNmNkNzg0OzEuMA==-b3d548ae-7aae-47d2-a491-4b1a5e6cd784] Object was updated but could not be found in the DRC.
[http://chemistry.apache.org/MDM3MWU1MTctNzY0YS00MWViLWJiNGUtN2FlYjZkYzc0NmY1OzEuMA==-0371e517-764a-41eb-bb4e-7aeb6dc746f5] Object was created but could not be found in the DRC.
[http://chemistry.apache.org/MDM3MWU1MTctNzY0YS00MWViLWJiNGUtN2FlYjZkYzc0NmY1OzEuMA==-0371e517-764a-41eb-bb4e-7aeb6dc746f5] Object was updated but could not be found in the DRC.
[http://chemistry.apache.org/NjVmYWFhNTEtMjU5MS00NWM1LTg0MGEtMTQ2MmU3YmUyZTY3-65faaa51-2591-45c5-840a-1462e7be2e67] Object was deleted but could not be found in the ZRC.
[http://chemistry.apache.org/MTY2YWEyODQtMjVhNS00MTFhLWJlMmQtOTdiMjAxMGU3Zjg5-166aa284-25a5-411a-be2d-97b2010e7f89] Object was deleted but could not be found in the ZRC.
[http://chemistry.apache.org/YThmNzc5YzAtOWJmMy00ODFiLTgwMGUtZGYyN2YzYWNhNWY5-a8f779c0-9bf3-481b-800e-df27f3aca5f9] Object was created but could not be found in the DRC.
[http://chemistry.apache.org/YTIzYTIxYjctNzA3MS00M2JmLWE0YjYtYjY3OGY2ODQ0N2I5-a23a21b7-7071-43bf-a4b6-b678f68447b9] Object was created but could not be found in the DRC.
[http://chemistry.apache.org/MjRlNGEzMWItYjU3MC00N2Q3LTgzZjctMzgwMzQ5ZTU5ZDZiOzEuMA==-24e4a31b-b570-47d7-83f7-380349e59d6b] Object was created but could not be found in the DRC.
[http://chemistry.apache.org/MjRlNGEzMWItYjU3MC00N2Q3LTgzZjctMzgwMzQ5ZTU5ZDZiOzEuMA==-24e4a31b-b570-47d7-83f7-380349e59d6b] Object was updated but could not be found in the DRC.
[http://chemistry.apache.org/ZTVhMWIxMzItZGI4NC00ODEzLWE3MDMtNmVlMmFkNjhlNzNhOzEuMA==-e5a1b132-db84-4813-a703-6ee2ad68e73a] Object was created but could not be found in the DRC.
[http://chemistry.apache.org/ZTVhMWIxMzItZGI4NC00ODEzLWE3MDMtNmVlMmFkNjhlNzNhOzEuMA==-e5a1b132-db84-4813-a703-6ee2ad68e73a] Object was updated but could not be found in the DRC.
[http://chemistry.apache.org/YTIzYTIxYjctNzA3MS00M2JmLWE0YjYtYjY3OGY2ODQ0N2I5-a23a21b7-7071-43bf-a4b6-b678f68447b9] Object was deleted but could not be found in the ZRC.
[http://chemistry.apache.org/YThmNzc5YzAtOWJmMy00ODFiLTgwMGUtZGYyN2YzYWNhNWY5-a8f779c0-9bf3-481b-800e-df27f3aca5f9] Object was deleted but could not be found in the ZRC.
[http://chemistry.apache.org/MTFmZTczNzAtMzlhMS00NWQxLWJkODYtYjA4YWM0ZjA2MDAw-11fe7370-39a1-45d1-bd86-b08ac4f06000] Object was created but could not be found in the DRC.
[http://chemistry.apache.org/MzU3MDdmZTItOGZiNy00ZTFjLTk0Y2EtNWNkMTAzYzhhNGE0-35707fe2-8fb7-4e1c-94ca-5cd103c8a4a4] Object was created but could not be found in the DRC.
[http://chemistry.apache.org/NGY2N2EzYjAtNjE3Zi00NDkwLWFkNGItZjg4OWNmYTI5MjY2OzEuMA==-4f67a3b0-617f-4490-ad4b-f889cfa29266] Object was created but could not be found in the DRC.
[http://chemistry.apache.org/NGY2N2EzYjAtNjE3Zi00NDkwLWFkNGItZjg4OWNmYTI5MjY2OzEuMA==-4f67a3b0-617f-4490-ad4b-f889cfa29266] Object was updated but could not be found in the DRC.
[http://chemistry.apache.org/MzU3MDdmZTItOGZiNy00ZTFjLTk0Y2EtNWNkMTAzYzhhNGE0-35707fe2-8fb7-4e1c-94ca-5cd103c8a4a4] Object was deleted but could not be found in the ZRC.
[http://chemistry.apache.org/MTFmZTczNzAtMzlhMS00NWQxLWJkODYtYjA4YWM0ZjA2MDAw-11fe7370-39a1-45d1-bd86-b08ac4f06000] Object was deleted but could not be found in the ZRC.
[http://chemistry.apache.org/ZTVjMWMzZWYtMzhiMy00ZjkzLTk2YTktYzE2MzliZTA1ZjNiOzEuMA==-e5c1c3ef-38b3-4f93-96a9-c1639be05f3b] Object was created but could not be found in the DRC.
[http://chemistry.apache.org/ZTVjMWMzZWYtMzhiMy00ZjkzLTk2YTktYzE2MzliZTA1ZjNiOzEuMA==-e5c1c3ef-38b3-4f93-96a9-c1639be05f3b] Object was updated but could not be found in the DRC.
[http://chemistry.apache.org/ZDk2NTI5ZTUtMGRkOS00MDBhLThhZGYtYWRkZTJlZjI0NDYw-d96529e5-0dd9-400a-8adf-adde2ef24460] Object was created but could not be found in the DRC.
[http://chemistry.apache.org/MmQ3M2EyNmQtNDZjOS00M2MyLTg2ZjgtNDNiNzg2ZmQwNDVm-2d73a26d-46c9-43c2-86f8-43b786fd045f] Object was created but could not be found in the DRC.
[http://chemistry.apache.org/NzU0ZGI3MWYtN2RlOS00Y2U1LTg3NTYtOTI4OGIxY2M5NmMwOzEuMA==-754db71f-7de9-4ce5-8756-9288b1cc96c0] Object was created but could not be found in the DRC.
[http://chemistry.apache.org/NzU0ZGI3MWYtN2RlOS00Y2U1LTg3NTYtOTI4OGIxY2M5NmMwOzEuMA==-754db71f-7de9-4ce5-8756-9288b1cc96c0] Object was updated but could not be found in the DRC.
[http://chemistry.apache.org/NTY4MmZkYTMtYjhjYS00NDViLWEyY2MtNjllNDM5MDdkYTJhOzEuMA==-5682fda3-b8ca-445b-a2cc-69e43907da2a] Object was created but could not be found in the DRC.
[http://chemistry.apache.org/NTY4MmZkYTMtYjhjYS00NDViLWEyY2MtNjllNDM5MDdkYTJhOzEuMA==-5682fda3-b8ca-445b-a2cc-69e43907da2a] Object was updated but could not be found in the DRC.
[http://chemistry.apache.org/MmQ3M2EyNmQtNDZjOS00M2MyLTg2ZjgtNDNiNzg2ZmQwNDVm-2d73a26d-46c9-43c2-86f8-43b786fd045f] Object was deleted but could not be found in the ZRC.
[http://chemistry.apache.org/ZDk2NTI5ZTUtMGRkOS00MDBhLThhZGYtYWRkZTJlZjI0NDYw-d96529e5-0dd9-400a-8adf-adde2ef24460] Object was deleted but could not be found in the ZRC.
[http://chemistry.apache.org/YWQxZGZhOTQtZDM2NC00NzIyLWE0ZWUtNzI0Yzk1OTQyMjUx-ad1dfa94-d364-4722-a4ee-724c95942251] Object was created but could not be found in the DRC.
[http://chemistry.apache.org/OGU4MGQzYjgtMmY3Mi00YWE4LThmMzktMjMyZjg0MWQzNTky-8e80d3b8-2f72-4aa8-8f39-232f841d3592] Object was created but could not be found in the DRC.
[http://chemistry.apache.org/NTgzODk1ZGUtMjgwNC00ZjA3LTlhYTEtNjI1NGEyNTg3MGM1OzEuMA==-583895de-2804-4f07-9aa1-6254a25870c5] Object was created but could not be found in the DRC.
[http://chemistry.apache.org/NTgzODk1ZGUtMjgwNC00ZjA3LTlhYTEtNjI1NGEyNTg3MGM1OzEuMA==-583895de-2804-4f07-9aa1-6254a25870c5] Object was updated but could not be found in the DRC.
[http://chemistry.apache.org/YzJjNTcyZmUtNmQwNi00NzJlLTg4OWUtYmYzNTZmMmZlNjUzOzEuMA==-c2c572fe-6d06-472e-889e-bf356f2fe653] Object was created but could not be found in the DRC.
[http://chemistry.apache.org/YzJjNTcyZmUtNmQwNi00NzJlLTg4OWUtYmYzNTZmMmZlNjUzOzEuMA==-c2c572fe-6d06-472e-889e-bf356f2fe653] Object was updated but could not be found in the DRC.
[http://chemistry.apache.org/OGU4MGQzYjgtMmY3Mi00YWE4LThmMzktMjMyZjg0MWQzNTky-8e80d3b8-2f72-4aa8-8f39-232f841d3592] Object was deleted but could not be found in the ZRC.
[http://chemistry.apache.org/YWQxZGZhOTQtZDM2NC00NzIyLWE0ZWUtNzI0Yzk1OTQyMjUx-ad1dfa94-d364-4722-a4ee-724c95942251] Object was deleted but could not be found in the ZRC.
[http://chemistry.apache.org/MWY5MTk4ZTItNWRiNi00OTBkLTlhMGItODcwNjI1ODUyOTBh-1f9198e2-5db6-490d-9a0b-87062585290a] Object was created but could not be found in the DRC.
[http://chemistry.apache.org/MWIzMDA2NjMtYjBiZS00OWQ5LThlNzEtNTUyODNmNThmMGU3-1b300663-b0be-49d9-8e71-55283f58f0e7] Object was created but could not be found in the DRC.
[http://chemistry.apache.org/YzBmNzdlZTUtZDE4Yy00YTYwLWEwMjktOTU4ODQyODdkZWE5OzEuMA==-c0f77ee5-d18c-4a60-a029-95884287dea9] Object was created but could not be found in the DRC.
[http://chemistry.apache.org/YzBmNzdlZTUtZDE4Yy00YTYwLWEwMjktOTU4ODQyODdkZWE5OzEuMA==-c0f77ee5-d18c-4a60-a029-95884287dea9] Object was updated but could not be found in the DRC.
[http://chemistry.apache.org/Y2E5N2Y0ZWMtOGZmNS00M2UyLThjMWEtMzVjMjExYzc1OWQwOzEuMA==-ca97f4ec-8ff5-43e2-8c1a-35c211c759d0] Object was created but could not be found in the DRC.
[http://chemistry.apache.org/Y2E5N2Y0ZWMtOGZmNS00M2UyLThjMWEtMzVjMjExYzc1OWQwOzEuMA==-ca97f4ec-8ff5-43e2-8c1a-35c211c759d0] Object was updated but could not be found in the DRC.
[http://chemistry.apache.org/MWIzMDA2NjMtYjBiZS00OWQ5LThlNzEtNTUyODNmNThmMGU3-1b300663-b0be-49d9-8e71-55283f58f0e7] Object was deleted but could not be found in the ZRC.
[http://chemistry.apache.org/MWY5MTk4ZTItNWRiNi00OTBkLTlhMGItODcwNjI1ODUyOTBh-1f9198e2-5db6-490d-9a0b-87062585290a] Object was deleted but could not be found in the ZRC.
[http://chemistry.apache.org/OGE2MjE3N2EtNmFmNS00Y2M1LTkwODQtYWYyMzczZDZiZjRl-8a62177a-6af5-4cc5-9084-af2373d6bf4e] Object was created but could not be found in the DRC.
[http://chemistry.apache.org/MzBmZWEyZTQtYTRkNS00ZTY2LWE4MDktN2UwYzA4MjdkNWVj-30fea2e4-a4d5-4e66-a809-7e0c0827d5ec] Object was created but could not be found in the DRC.
[http://chemistry.apache.org/MzIxOWZhNzUtOTJhMy00YTg2LWI0MWQtZTg5NmZjNzAzZjhjOzEuMA==-3219fa75-92a3-4a86-b41d-e896fc703f8c] Object was created but could not be found in the DRC.
[http://chemistry.apache.org/MzIxOWZhNzUtOTJhMy00YTg2LWI0MWQtZTg5NmZjNzAzZjhjOzEuMA==-3219fa75-92a3-4a86-b41d-e896fc703f8c] Object was updated but could not be found in the DRC.
[http://chemistry.apache.org/MzBmZWEyZTQtYTRkNS00ZTY2LWE4MDktN2UwYzA4MjdkNWVj-30fea2e4-a4d5-4e66-a809-7e0c0827d5ec] Object was deleted but could not be found in the ZRC.
[http://chemistry.apache.org/OGE2MjE3N2EtNmFmNS00Y2M1LTkwODQtYWYyMzczZDZiZjRl-8a62177a-6af5-4cc5-9084-af2373d6bf4e] Object was deleted but could not be found in the ZRC.
[http://chemistry.apache.org/MDg5YTg2Y2EtYzY2NS00MWIxLWFmZTctMzIwMDI2OWYyNzVkOzEuMA==-089a86ca-c665-41b1-afe7-3200269f275d] Object was created but could not be found in the DRC.
[http://chemistry.apache.org/MDg5YTg2Y2EtYzY2NS00MWIxLWFmZTctMzIwMDI2OWYyNzVkOzEuMA==-089a86ca-c665-41b1-afe7-3200269f275d] Object was updated but could not be found in the DRC.
[http://chemistry.apache.org/N2RlNzI1YjMtMWI3OC00MGIxLWFhMzgtODczYmVjZjZlOGI1-7de725b3-1b78-40b1-aa38-873becf6e8b5] Object was created but could not be found in the DRC.
[http://chemistry.apache.org/MGM1ZjI1NGItYzAxOS00MWQ3LTg3NGMtODcxNTQ0NmY4NjM0-0c5f254b-c019-41d7-874c-8715446f8634] Object was created but could not be found in the DRC.
[http://chemistry.apache.org/MjQ1NDA4MmQtODFlMi00MWJiLWFhZjItYzdiMjdmMzgzNjc3OzEuMA==-2454082d-81e2-41bb-aaf2-c7b27f383677] Object was created but could not be found in the DRC.
[http://chemistry.apache.org/MjQ1NDA4MmQtODFlMi00MWJiLWFhZjItYzdiMjdmMzgzNjc3OzEuMA==-2454082d-81e2-41bb-aaf2-c7b27f383677] Object was updated but could not be found in the DRC.
[http://chemistry.apache.org/MGI2OWZiM2ItYWNkMi00YTI2LWE2YTYtZTFlZGIwNjdkNjcwOzEuMA==-0b69fb3b-acd2-4a26-a6a6-e1edb067d670] Object was created but could not be found in the DRC.
[http://chemistry.apache.org/MGI2OWZiM2ItYWNkMi00YTI2LWE2YTYtZTFlZGIwNjdkNjcwOzEuMA==-0b69fb3b-acd2-4a26-a6a6-e1edb067d670] Object was updated but could not be found in the DRC.
[http://chemistry.apache.org/MGM1ZjI1NGItYzAxOS00MWQ3LTg3NGMtODcxNTQ0NmY4NjM0-0c5f254b-c019-41d7-874c-8715446f8634] Object was deleted but could not be found in the ZRC.
[http://chemistry.apache.org/N2RlNzI1YjMtMWI3OC00MGIxLWFhMzgtODczYmVjZjZlOGI1-7de725b3-1b78-40b1-aa38-873becf6e8b5] Object was deleted but could not be found in the ZRC.
[http://chemistry.apache.org/OWUxOTc0NTAtZTg0Ny00ZjA0LWJiZWQtYmRiNWZkMWNhNDFi-9e197450-e847-4f04-bbed-bdb5fd1ca41b] Object was created but could not be found in the DRC.
[http://chemistry.apache.org/NmI1ODY1YWQtNDQ3Ni00ZDUyLTlkNzktZWNjMzRhNTJmMTIy-6b5865ad-4476-4d52-9d79-ecc34a52f122] Object was created but could not be found in the DRC.
[http://chemistry.apache.org/OTJmYTIxOGEtNzhjZS00NTcxLTg4MGItZTg4NzZlOWRkZDA5OzEuMA==-92fa218a-78ce-4571-880b-e8876e9ddd09] Object was created but could not be found in the DRC.
[http://chemistry.apache.org/OTJmYTIxOGEtNzhjZS00NTcxLTg4MGItZTg4NzZlOWRkZDA5OzEuMA==-92fa218a-78ce-4571-880b-e8876e9ddd09] Object was updated but could not be found in the DRC.
[http://chemistry.apache.org/ZmEwNjAzNTQtMzQzNS00YTYzLTkzODUtNjNlYTRmYzBlY2FkOzEuMA==-fa060354-3435-4a63-9385-63ea4fc0ecad] Object was created but could not be found in the DRC.
[http://chemistry.apache.org/ZmEwNjAzNTQtMzQzNS00YTYzLTkzODUtNjNlYTRmYzBlY2FkOzEuMA==-fa060354-3435-4a63-9385-63ea4fc0ecad] Object was updated but could not be found in the DRC.
[http://chemistry.apache.org/NmI1ODY1YWQtNDQ3Ni00ZDUyLTlkNzktZWNjMzRhNTJmMTIy-6b5865ad-4476-4d52-9d79-ecc34a52f122] Object was deleted but could not be found in the ZRC.
[http://chemistry.apache.org/OWUxOTc0NTAtZTg0Ny00ZjA0LWJiZWQtYmRiNWZkMWNhNDFi-9e197450-e847-4f04-bbed-bdb5fd1ca41b] Object was deleted but could not be found in the ZRC.
[http://chemistry.apache.org/NzhiOWM2MmUtMGUyYS00MzYwLTg1NTEtMTYyOWE1YjM0NzU0-78b9c62e-0e2a-4360-8551-1629a5b34754] Object was created but could not be found in the DRC.
[http://chemistry.apache.org/ZTU5ZGI2NDItNGJmZi00Yjc0LThiNGUtNDJjZDQzNTkwOWZl-e59db642-4bff-4b74-8b4e-42cd435909fe] Object was created but could not be found in the DRC.
[http://chemistry.apache.org/ZTU5ZGI2NDItNGJmZi00Yjc0LThiNGUtNDJjZDQzNTkwOWZl-e59db642-4bff-4b74-8b4e-42cd435909fe] Object was deleted but could not be found in the ZRC.
[http://chemistry.apache.org/NzhiOWM2MmUtMGUyYS00MzYwLTg1NTEtMTYyOWE1YjM0NzU0-78b9c62e-0e2a-4360-8551-1629a5b34754] Object was deleted but could not be found in the ZRC.
[http://chemistry.apache.org/MzRhMjAxNjQtYWFmMy00ZDA3LTlhZGMtMTNlNzEwNDI4ZTZj-34a20164-aaf3-4d07-9adc-13e710428e6c] Object was created but could not be found in the DRC.
[http://chemistry.apache.org/NzNhMjZiNWEtYmQyOC00OTY3LWE2YWItODA0Y2NkNjA5NThl-73a26b5a-bd28-4967-a6ab-804ccd60958e] Object was created but could not be found in the DRC.
[http://chemistry.apache.org/MDE3YzI5NzctNWQ2NS00N2MwLWFjMzUtZTBiMWUyMTEwMjZhOzEuMA==-017c2977-5d65-47c0-ac35-e0b1e211026a] Object was created but could not be found in the DRC.
[http://chemistry.apache.org/MDE3YzI5NzctNWQ2NS00N2MwLWFjMzUtZTBiMWUyMTEwMjZhOzEuMA==-017c2977-5d65-47c0-ac35-e0b1e211026a] Object was updated but could not be found in the DRC.
[http://chemistry.apache.org/NzNhMjZiNWEtYmQyOC00OTY3LWE2YWItODA0Y2NkNjA5NThl-73a26b5a-bd28-4967-a6ab-804ccd60958e] Object was deleted but could not be found in the ZRC.
[http://chemistry.apache.org/MzRhMjAxNjQtYWFmMy00ZDA3LTlhZGMtMTNlNzEwNDI4ZTZj-34a20164-aaf3-4d07-9adc-13e710428e6c] Object was deleted but could not be found in the ZRC.
[http://chemistry.apache.org/NzIxZTY2MWQtYzE3MS00ZGU4LTkwZjQtMDRkODJhOWIyMTk4OzEuMA==-721e661d-c171-4de8-90f4-04d82a9b2198] Object was created but could not be found in the DRC.
[http://chemistry.apache.org/NzIxZTY2MWQtYzE3MS00ZGU4LTkwZjQtMDRkODJhOWIyMTk4OzEuMA==-721e661d-c171-4de8-90f4-04d82a9b2198] Object was updated but could not be found in the DRC.
[http://chemistry.apache.org/YjU3NzJmOWQtZjI4Yy00YjM4LWE1YmItYjlhNmNlYWJhYTA3-b5772f9d-f28c-4b38-a5bb-b9a6ceabaa07] Object was created but could not be found in the DRC.
[http://chemistry.apache.org/YWY1MDJhMTktNmFiNC00ZjJmLWI3NGEtMjg0ODM3MTgzNTdl-af502a19-6ab4-4f2f-b74a-28483718357e] Object was created but could not be found in the DRC.
[http://chemistry.apache.org/NDljMDkyNzMtMjc0Mi00NDBjLThmNGItZTE0OTAwNTJhOTkxOzEuMA==-49c09273-2742-440c-8f4b-e1490052a991] Object was created but could not be found in the DRC.
[http://chemistry.apache.org/NDljMDkyNzMtMjc0Mi00NDBjLThmNGItZTE0OTAwNTJhOTkxOzEuMA==-49c09273-2742-440c-8f4b-e1490052a991] Object was updated but could not be found in the DRC.
[http://chemistry.apache.org/MzVhNzUyZTMtODIxOC00M2YyLWExMjItYjFkNzM3NGY5MmNkOzEuMA==-35a752e3-8218-43f2-a122-b1d7374f92cd] Object was created but could not be found in the DRC.
[http://chemistry.apache.org/MzVhNzUyZTMtODIxOC00M2YyLWExMjItYjFkNzM3NGY5MmNkOzEuMA==-35a752e3-8218-43f2-a122-b1d7374f92cd] Object was updated but could not be found in the DRC.
[http://chemistry.apache.org/YWY1MDJhMTktNmFiNC00ZjJmLWI3NGEtMjg0ODM3MTgzNTdl-af502a19-6ab4-4f2f-b74a-28483718357e] Object was deleted but could not be found in the ZRC.
[http://chemistry.apache.org/YjU3NzJmOWQtZjI4Yy00YjM4LWE1YmItYjlhNmNlYWJhYTA3-b5772f9d-f28c-4b38-a5bb-b9a6ceabaa07] Object was deleted but could not be found in the ZRC.
[http://chemistry.apache.org/ZmQxNWY3M2YtYzU4ZS00Mzg5LThlY2MtMjlkM2FkZjNhMmI1-fd15f73f-c58e-4389-8ecc-29d3adf3a2b5] Object was created but could not be found in the DRC.
[http://chemistry.apache.org/MjcxMTVmZTgtZmY3OC00OTIyLTliZWEtZWFiOWEzYjJjYjFh-27115fe8-ff78-4922-9bea-eab9a3b2cb1a] Object was created but could not be found in the DRC.
[http://chemistry.apache.org/M2E3ZDIxODYtMTJmMi00Zjk1LTgxYWItMTkyZDAwYzMzZjI5OzEuMA==-3a7d2186-12f2-4f95-81ab-192d00c33f29] Object was created but could not be found in the DRC.
[http://chemistry.apache.org/M2E3ZDIxODYtMTJmMi00Zjk1LTgxYWItMTkyZDAwYzMzZjI5OzEuMA==-3a7d2186-12f2-4f95-81ab-192d00c33f29] Object was updated but could not be found in the DRC.
[http://chemistry.apache.org/MDY0YWNjZDUtMjI3Zi00YjcxLTk0NmYtOWQxODlmYjExMjE4OzEuMA==-064accd5-227f-4b71-946f-9d189fb11218] Object was created but could not be found in the DRC.
[http://chemistry.apache.org/MDY0YWNjZDUtMjI3Zi00YjcxLTk0NmYtOWQxODlmYjExMjE4OzEuMA==-064accd5-227f-4b71-946f-9d189fb11218] Object was updated but could not be found in the DRC.
[http://chemistry.apache.org/MjcxMTVmZTgtZmY3OC00OTIyLTliZWEtZWFiOWEzYjJjYjFh-27115fe8-ff78-4922-9bea-eab9a3b2cb1a] Object was deleted but could not be found in the ZRC.
[http://chemistry.apache.org/ZmQxNWY3M2YtYzU4ZS00Mzg5LThlY2MtMjlkM2FkZjNhMmI1-fd15f73f-c58e-4389-8ecc-29d3adf3a2b5] Object was deleted but could not be found in the ZRC.
[http://chemistry.apache.org/ZDE5YTRhZTctYzdmZi00ZDAzLTgyOGItMDgzMDk2Zjk2NWEx-d19a4ae7-c7ff-4d03-828b-083096f965a1] Object was created but could not be found in the DRC.
[http://chemistry.apache.org/M2NkZjEzNDMtMTRhYS00MTkxLTk4MmYtNzk1NDIxNTI2NmUy-3cdf1343-14aa-4191-982f-7954215266e2] Object was created but could not be found in the DRC.
[http://chemistry.apache.org/NGJmYjZjMmEtZmRmMy00YjMyLWFjZDktYTUwNjlhYjY3NWZmOzEuMA==-4bfb6c2a-fdf3-4b32-acd9-a5069ab675ff] Object was created but could not be found in the DRC.
[http://chemistry.apache.org/NGJmYjZjMmEtZmRmMy00YjMyLWFjZDktYTUwNjlhYjY3NWZmOzEuMA==-4bfb6c2a-fdf3-4b32-acd9-a5069ab675ff] Object was updated but could not be found in the DRC.
[http://chemistry.apache.org/NjBlMTkyZjEtYjkyMC00NzI5LThmNTEtYTk4NGRjNTg0NGJkOzEuMA==-60e192f1-b920-4729-8f51-a984dc5844bd] Object was created but could not be found in the DRC.
[http://chemistry.apache.org/NjBlMTkyZjEtYjkyMC00NzI5LThmNTEtYTk4NGRjNTg0NGJkOzEuMA==-60e192f1-b920-4729-8f51-a984dc5844bd] Object was updated but could not be found in the DRC.
[http://chemistry.apache.org/M2NkZjEzNDMtMTRhYS00MTkxLTk4MmYtNzk1NDIxNTI2NmUy-3cdf1343-14aa-4191-982f-7954215266e2] Object was deleted but could not be found in the ZRC.
[http://chemistry.apache.org/ZDE5YTRhZTctYzdmZi00ZDAzLTgyOGItMDgzMDk2Zjk2NWEx-d19a4ae7-c7ff-4d03-828b-083096f965a1] Object was deleted but could not be found in the ZRC.
[http://chemistry.apache.org/NzA3MjZhNTMtYTcwMS00YmM4LWJhYzAtZTRmYzRhZDE1MDJj-70726a53-a701-4bc8-bac0-e4fc4ad1502c] Object was created but could not be found in the DRC.
[http://chemistry.apache.org/ODEwYTNiYzEtNTg0Zi00MTE5LWEwOWYtZmZlMWU4MWJjOTcy-810a3bc1-584f-4119-a09f-ffe1e81bc972] Object was created but could not be found in the DRC.
[http://chemistry.apache.org/M2RlZTkzMmEtNmU3MC00MzE3LTlmNDctOGI3YTRkMzI1NDE3OzEuMA==-3dee932a-6e70-4317-9f47-8b7a4d325417] Object was created but could not be found in the DRC.
[http://chemistry.apache.org/M2RlZTkzMmEtNmU3MC00MzE3LTlmNDctOGI3YTRkMzI1NDE3OzEuMA==-3dee932a-6e70-4317-9f47-8b7a4d325417] Object was updated but could not be found in the DRC.
[http://chemistry.apache.org/ODEwYTNiYzEtNTg0Zi00MTE5LWEwOWYtZmZlMWU4MWJjOTcy-810a3bc1-584f-4119-a09f-ffe1e81bc972] Object was deleted but could not be found in the ZRC.
[http://chemistry.apache.org/NzA3MjZhNTMtYTcwMS00YmM4LWJhYzAtZTRmYzRhZDE1MDJj-70726a53-a701-4bc8-bac0-e4fc4ad1502c] Object was deleted but could not be found in the ZRC.
[http://chemistry.apache.org/M2QxOTJiMmUtNDkwNS00NzU1LTliM2YtMjJlMTgzOGMyNTQyOzEuMA==-3d192b2e-4905-4755-9b3f-22e1838c2542] Object was created but could not be found in the DRC.
[http://chemistry.apache.org/M2QxOTJiMmUtNDkwNS00NzU1LTliM2YtMjJlMTgzOGMyNTQyOzEuMA==-3d192b2e-4905-4755-9b3f-22e1838c2542] Object was updated but could not be found in the DRC.
[http://chemistry.apache.org/ZWE1N2M2MTgtZTUzYi00M2Y2LThmNDAtOWViZmJjNWFkMDUw-ea57c618-e53b-43f6-8f40-9ebfbc5ad050] Object was created but could not be found in the DRC.
[http://chemistry.apache.org/MDc0M2JkN2ItODUyNy00ZDFlLThlYTktMTFiOWQxZjE2ZTlm-0743bd7b-8527-4d1e-8ea9-11b9d1f16e9f] Object was created but could not be found in the DRC.
[http://chemistry.apache.org/MDc0M2JkN2ItODUyNy00ZDFlLThlYTktMTFiOWQxZjE2ZTlm-0743bd7b-8527-4d1e-8ea9-11b9d1f16e9f] Object was deleted but could not be found in the ZRC.
[http://chemistry.apache.org/ZWE1N2M2MTgtZTUzYi00M2Y2LThmNDAtOWViZmJjNWFkMDUw-ea57c618-e53b-43f6-8f40-9ebfbc5ad050] Object was deleted but could not be found in the ZRC.
[http://chemistry.apache.org/Mzc2NDQxZjItYTIzZi00MTc4LWEwMWQtZTc1MDY5MGY2M2Iw-376441f2-a23f-4178-a01d-e750690f63b0] Object was created but could not be found in the DRC.
[http://chemistry.apache.org/NjNiMDRlNjQtNzgzZS00MWU5LTk5NjQtNWM1NTdkMjllMjRm-63b04e64-783e-41e9-9964-5c557d29e24f] Object was created but could not be found in the DRC.
[http://chemistry.apache.org/OWEyZTU5NTktZDc5MC00ZGZkLWI1MGUtMzU3M2IxZDkzMTAyOzEuMA==-9a2e5959-d790-4dfd-b50e-3573b1d93102] Object was created but could not be found in the DRC.
[http://chemistry.apache.org/OWEyZTU5NTktZDc5MC00ZGZkLWI1MGUtMzU3M2IxZDkzMTAyOzEuMA==-9a2e5959-d790-4dfd-b50e-3573b1d93102] Object was updated but could not be found in the DRC.
[http://chemistry.apache.org/OTE3MDBiMjYtNjBhZi00YTcxLTkzNDUtYzYyZDQxZjgwMzQ2OzEuMA==-91700b26-60af-4a71-9345-c62d41f80346] Object was created but could not be found in the DRC.
[http://chemistry.apache.org/OTE3MDBiMjYtNjBhZi00YTcxLTkzNDUtYzYyZDQxZjgwMzQ2OzEuMA==-91700b26-60af-4a71-9345-c62d41f80346] Object was updated but could not be found in the DRC.
[http://chemistry.apache.org/NjNiMDRlNjQtNzgzZS00MWU5LTk5NjQtNWM1NTdkMjllMjRm-63b04e64-783e-41e9-9964-5c557d29e24f] Object was deleted but could not be found in the ZRC.
[http://chemistry.apache.org/Mzc2NDQxZjItYTIzZi00MTc4LWEwMWQtZTc1MDY5MGY2M2Iw-376441f2-a23f-4178-a01d-e750690f63b0] Object was deleted but could not be found in the ZRC.
[http://chemistry.apache.org/NjljOWM5MjMtNTljMi00NGFmLWJkNTgtYTk0NGQwZTlhYTdj-69c9c923-59c2-44af-bd58-a944d0e9aa7c] Object was created but could not be found in the DRC.
[http://chemistry.apache.org/OTA3NDkwMGYtOWU4Ni00NzU2LWI1ZjgtYjA4Y2UwZjRlNjI1-9074900f-9e86-4756-b5f8-b08ce0f4e625] Object was created but could not be found in the DRC.
[http://chemistry.apache.org/NTJlN2YxMmItMjY4OC00NDdhLTk3MjEtNDkyMjc3NDYxY2YwOzEuMA==-52e7f12b-2688-447a-9721-492277461cf0] Object was created but could not be found in the DRC.
[http://chemistry.apache.org/NTJlN2YxMmItMjY4OC00NDdhLTk3MjEtNDkyMjc3NDYxY2YwOzEuMA==-52e7f12b-2688-447a-9721-492277461cf0] Object was updated but could not be found in the DRC.
[http://chemistry.apache.org/MDFhMjA1YzItMDczYS00MGM5LTk0NmMtNTdiNTE3MmQyZjQ0OzEuMA==-01a205c2-073a-40c9-946c-57b5172d2f44] Object was created but could not be found in the DRC.
[http://chemistry.apache.org/MDFhMjA1YzItMDczYS00MGM5LTk0NmMtNTdiNTE3MmQyZjQ0OzEuMA==-01a205c2-073a-40c9-946c-57b5172d2f44] Object was updated but could not be found in the DRC.
[http://chemistry.apache.org/OTA3NDkwMGYtOWU4Ni00NzU2LWI1ZjgtYjA4Y2UwZjRlNjI1-9074900f-9e86-4756-b5f8-b08ce0f4e625] Object was deleted but could not be found in the ZRC.
[http://chemistry.apache.org/NjljOWM5MjMtNTljMi00NGFmLWJkNTgtYTk0NGQwZTlhYTdj-69c9c923-59c2-44af-bd58-a944d0e9aa7c] Object was deleted but could not be found in the ZRC.
[http://chemistry.apache.org/ZTM5NzJkODgtMzZkZS00MjI4LWFhMzAtZTM4ZTZmOGM3ZGM5-e3972d88-36de-4228-aa30-e38e6f8c7dc9] Object was created but could not be found in the DRC.
[http://chemistry.apache.org/YTNiZGJiMWYtNzQyMS00NDFhLWJjNTAtYzlhNTgyYzBiMGQ4-a3bdbb1f-7421-441a-bc50-c9a582c0b0d8] Object was created but could not be found in the DRC.
[http://chemistry.apache.org/N2JkZjc2N2YtOTg2Yy00MmJlLTk0Y2YtYmM2NmZkYjA1ODA1OzEuMA==-7bdf767f-986c-42be-94cf-bc66fdb05805] Object was created but could not be found in the DRC.
[http://chemistry.apache.org/N2JkZjc2N2YtOTg2Yy00MmJlLTk0Y2YtYmM2NmZkYjA1ODA1OzEuMA==-7bdf767f-986c-42be-94cf-bc66fdb05805] Object was updated but could not be found in the DRC.
[http://chemistry.apache.org/YTNiZGJiMWYtNzQyMS00NDFhLWJjNTAtYzlhNTgyYzBiMGQ4-a3bdbb1f-7421-441a-bc50-c9a582c0b0d8] Object was deleted but could not be found in the ZRC.
[http://chemistry.apache.org/ZTM5NzJkODgtMzZkZS00MjI4LWFhMzAtZTM4ZTZmOGM3ZGM5-e3972d88-36de-4228-aa30-e38e6f8c7dc9] Object was deleted but could not be found in the ZRC.
[http://chemistry.apache.org/MTgxZTE0NTMtNGI0Zi00YWU2LWE2OGQtZjQ2ZDc3MDM0NTU3OzEuMA==-181e1453-4b4f-4ae6-a68d-f46d77034557] Object was created but could not be found in the DRC.
[http://chemistry.apache.org/MTgxZTE0NTMtNGI0Zi00YWU2LWE2OGQtZjQ2ZDc3MDM0NTU3OzEuMA==-181e1453-4b4f-4ae6-a68d-f46d77034557] Object was updated but could not be found in the DRC.
[http://chemistry.apache.org/OTBlMmE4NTYtNzc4Yy00OTYwLWExM2UtYjVjYWVjMzVlZDVi-90e2a856-778c-4960-a13e-b5caec35ed5b] Object was created but could not be found in the DRC.
[http://chemistry.apache.org/NzNlZTdmNjgtY2U3NC00YTRhLTk1ZjctYzVmYzZjN2Q0Y2Q2-73ee7f68-ce74-4a4a-95f7-c5fc6c7d4cd6] Object was created but could not be found in the DRC.
[http://chemistry.apache.org/NGY3NWJkYWUtM2NiMy00ODkzLWExMmYtYTlmN2NkODE5ZTk0OzEuMA==-4f75bdae-3cb3-4893-a12f-a9f7cd819e94] Object was created but could not be found in the DRC.
[http://chemistry.apache.org/NGY3NWJkYWUtM2NiMy00ODkzLWExMmYtYTlmN2NkODE5ZTk0OzEuMA==-4f75bdae-3cb3-4893-a12f-a9f7cd819e94] Object was updated but could not be found in the DRC.
[http://chemistry.apache.org/MjVjZWUzMmItZGNlMy00MTNiLWI1NzAtZTY0MGNmZDhkMmQxOzEuMA==-25cee32b-dce3-413b-b570-e640cfd8d2d1] Object was created but could not be found in the DRC.
[http://chemistry.apache.org/MjVjZWUzMmItZGNlMy00MTNiLWI1NzAtZTY0MGNmZDhkMmQxOzEuMA==-25cee32b-dce3-413b-b570-e640cfd8d2d1] Object was updated but could not be found in the DRC.
[http://chemistry.apache.org/NzNlZTdmNjgtY2U3NC00YTRhLTk1ZjctYzVmYzZjN2Q0Y2Q2-73ee7f68-ce74-4a4a-95f7-c5fc6c7d4cd6] Object was deleted but could not be found in the ZRC.
[http://chemistry.apache.org/OTBlMmE4NTYtNzc4Yy00OTYwLWExM2UtYjVjYWVjMzVlZDVi-90e2a856-778c-4960-a13e-b5caec35ed5b] Object was deleted but could not be found in the ZRC.
[http://chemistry.apache.org/YjBkM2RlMmQtYTRhNS00MGViLWIzZTctYzU5YzdjYzAyNzY4-b0d3de2d-a4a5-40eb-b3e7-c59c7cc02768] Object was created but could not be found in the DRC.
[http://chemistry.apache.org/M2MzNmRkMWEtMTI0ZC00MDMyLTlmMmUtYzE3MTM2ZmVkOWNl-3c36dd1a-124d-4032-9f2e-c17136fed9ce] Object was created but could not be found in the DRC.
[http://chemistry.apache.org/MDRkNmI4OTUtYTFmMC00Y2Q2LWE2MzYtMzc3MzY2NmJjZDZmOzEuMA==-04d6b895-a1f0-4cd6-a636-3773666bcd6f] Object was created but could not be found in the DRC.
[http://chemistry.apache.org/MDRkNmI4OTUtYTFmMC00Y2Q2LWE2MzYtMzc3MzY2NmJjZDZmOzEuMA==-04d6b895-a1f0-4cd6-a636-3773666bcd6f] Object was updated but could not be found in the DRC.
[http://chemistry.apache.org/ZGRhOTFlYjUtMDE4MS00OWY0LThjZWEtMDBjNjhhY2ZhMjc1OzEuMA==-dda91eb5-0181-49f4-8cea-00c68acfa275] Object was created but could not be found in the DRC.
[http://chemistry.apache.org/ZGRhOTFlYjUtMDE4MS00OWY0LThjZWEtMDBjNjhhY2ZhMjc1OzEuMA==-dda91eb5-0181-49f4-8cea-00c68acfa275] Object was updated but could not be found in the DRC.
[http://chemistry.apache.org/M2MzNmRkMWEtMTI0ZC00MDMyLTlmMmUtYzE3MTM2ZmVkOWNl-3c36dd1a-124d-4032-9f2e-c17136fed9ce] Object was deleted but could not be found in the ZRC.
[http://chemistry.apache.org/YjBkM2RlMmQtYTRhNS00MGViLWIzZTctYzU5YzdjYzAyNzY4-b0d3de2d-a4a5-40eb-b3e7-c59c7cc02768] Object was deleted but could not be found in the ZRC.
[http://chemistry.apache.org/YjljYTdkYjktZmU3Yy00ZWM3LTgyYWMtZDlkMDAwY2Q4ZWRk-b9ca7db9-fe7c-4ec7-82ac-d9d000cd8edd] Object was created but could not be found in the DRC.
[http://chemistry.apache.org/OTEwNGJiYzMtMWEyNi00NzYxLWJhYjItY2MxNTc4N2MxZGIx-9104bbc3-1a26-4761-bab2-cc15787c1db1] Object was created but could not be found in the DRC.
[http://chemistry.apache.org/OTEwNGJiYzMtMWEyNi00NzYxLWJhYjItY2MxNTc4N2MxZGIx-9104bbc3-1a26-4761-bab2-cc15787c1db1] Object was deleted but could not be found in the ZRC.
[http://chemistry.apache.org/YjljYTdkYjktZmU3Yy00ZWM3LTgyYWMtZDlkMDAwY2Q4ZWRk-b9ca7db9-fe7c-4ec7-82ac-d9d000cd8edd] Object was deleted but could not be found in the ZRC.
[http://chemistry.apache.org/NzkwNGYyZjQtY2I3NS00NjE4LTk1OTQtYmU1YjlmMmIwYTI1-7904f2f4-cb75-4618-9594-be5b9f2b0a25] Object was created but could not be found in the DRC.
[http://chemistry.apache.org/ZjgxMWJjNmItMzUxYS00MmNmLWJkZWItNWZjNjFlNDY0NmQ0-f811bc6b-351a-42cf-bdeb-5fc61e4646d4] Object was created but could not be found in the DRC.
[http://chemistry.apache.org/NDgyNWViNzktZWZlOC00ZDU1LWE4YjctMjc4ODA4NjAxZTUzOzEuMA==-4825eb79-efe8-4d55-a8b7-278808601e53] Object was created but could not be found in the DRC.
[http://chemistry.apache.org/NDgyNWViNzktZWZlOC00ZDU1LWE4YjctMjc4ODA4NjAxZTUzOzEuMA==-4825eb79-efe8-4d55-a8b7-278808601e53] Object was updated but could not be found in the DRC.
[http://chemistry.apache.org/ZjgxMWJjNmItMzUxYS00MmNmLWJkZWItNWZjNjFlNDY0NmQ0-f811bc6b-351a-42cf-bdeb-5fc61e4646d4] Object was deleted but could not be found in the ZRC.
[http://chemistry.apache.org/NzkwNGYyZjQtY2I3NS00NjE4LTk1OTQtYmU1YjlmMmIwYTI1-7904f2f4-cb75-4618-9594-be5b9f2b0a25] Object was deleted but could not be found in the ZRC.
[http://chemistry.apache.org/ZjRjZTI1ZWMtM2JkMi00NzE4LTk5MGUtMzY3OTQ2OTA3MmUwOzEuMA==-f4ce25ec-3bd2-4718-990e-3679469072e0] Object was created but could not be found in the DRC.
[http://chemistry.apache.org/ZjRjZTI1ZWMtM2JkMi00NzE4LTk5MGUtMzY3OTQ2OTA3MmUwOzEuMA==-f4ce25ec-3bd2-4718-990e-3679469072e0] Object was updated but could not be found in the DRC.
[http://chemistry.apache.org/YzQ0MmU1YmYtOGI2Yi00ZjgxLWJkNDItNWY5N2RkMGRkMTk0-c442e5bf-8b6b-4f81-bd42-5f97dd0dd194] Object was created but could not be found in the DRC.
[http://chemistry.apache.org/YWRmMzkzNjUtMWYyZS00YWMxLThiY2EtY2FiNWRkOWUzNDU5-adf39365-1f2e-4ac1-8bca-cab5dd9e3459] Object was created but could not be found in the DRC.
[http://chemistry.apache.org/YjA2YjdiZTktNTAwNi00OGFjLThjYjUtNDIxN2RmZmNjOTk1OzEuMA==-b06b7be9-5006-48ac-8cb5-4217dffcc995] Object was created but could not be found in the DRC.
[http://chemistry.apache.org/YjA2YjdiZTktNTAwNi00OGFjLThjYjUtNDIxN2RmZmNjOTk1OzEuMA==-b06b7be9-5006-48ac-8cb5-4217dffcc995] Object was updated but could not be found in the DRC.
[http://chemistry.apache.org/MjJhNTY2MTQtM2E0MC00ZGI5LWEyZWYtY2ZmYTJjY2QyODk2OzEuMA==-22a56614-3a40-4db9-a2ef-cffa2ccd2896] Object was created but could not be found in the DRC.
[http://chemistry.apache.org/MjJhNTY2MTQtM2E0MC00ZGI5LWEyZWYtY2ZmYTJjY2QyODk2OzEuMA==-22a56614-3a40-4db9-a2ef-cffa2ccd2896] Object was updated but could not be found in the DRC.
[http://chemistry.apache.org/YWRmMzkzNjUtMWYyZS00YWMxLThiY2EtY2FiNWRkOWUzNDU5-adf39365-1f2e-4ac1-8bca-cab5dd9e3459] Object was deleted but could not be found in the ZRC.
[http://chemistry.apache.org/YzQ0MmU1YmYtOGI2Yi00ZjgxLWJkNDItNWY5N2RkMGRkMTk0-c442e5bf-8b6b-4f81-bd42-5f97dd0dd194] Object was deleted but could not be found in the ZRC.
[http://chemistry.apache.org/NzdhOTU4NzUtOWZjMS00YzE3LTk2OWYtMmE4NzcxNmI4YTRh-77a95875-9fc1-4c17-969f-2a87716b8a4a] Object was created but could not be found in the DRC.
[http://chemistry.apache.org/YTlmNDFjZjgtMGUwMi00YTE1LWJlMjgtOGU2YzdkOWFhZTE3-a9f41cf8-0e02-4a15-be28-8e6c7d9aae17] Object was created but could not be found in the DRC.
[http://chemistry.apache.org/MmM5MzhhN2ItYzgwYy00Njk5LWE2YmEtZGFiNTI2NmE5MzEyOzEuMA==-2c938a7b-c80c-4699-a6ba-dab5266a9312] Object was created but could not be found in the DRC.
[http://chemistry.apache.org/MmM5MzhhN2ItYzgwYy00Njk5LWE2YmEtZGFiNTI2NmE5MzEyOzEuMA==-2c938a7b-c80c-4699-a6ba-dab5266a9312] Object was updated but could not be found in the DRC.
[http://chemistry.apache.org/MWJiYjMwMTgtMjIwYy00MGFkLTg2MDMtZmZjZjYxMGY1NmI5OzEuMA==-1bbb3018-220c-40ad-8603-ffcf610f56b9] Object was created but could not be found in the DRC.
[http://chemistry.apache.org/MWJiYjMwMTgtMjIwYy00MGFkLTg2MDMtZmZjZjYxMGY1NmI5OzEuMA==-1bbb3018-220c-40ad-8603-ffcf610f56b9] Object was updated but could not be found in the DRC.
[http://chemistry.apache.org/YTlmNDFjZjgtMGUwMi00YTE1LWJlMjgtOGU2YzdkOWFhZTE3-a9f41cf8-0e02-4a15-be28-8e6c7d9aae17] Object was deleted but could not be found in the ZRC.
[http://chemistry.apache.org/NzdhOTU4NzUtOWZjMS00YzE3LTk2OWYtMmE4NzcxNmI4YTRh-77a95875-9fc1-4c17-969f-2a87716b8a4a] Object was deleted but could not be found in the ZRC.
[http://chemistry.apache.org/YjE2MzNiZTUtNWE1Yi00ZjM4LTk0N2ItYjU0YzQ2YTVhNzQ2-b1633be5-5a5b-4f38-947b-b54c46a5a746] Object was created but could not be found in the DRC.
[http://chemistry.apache.org/NWZkNDI3YWYtODZlZi00YWUzLWI4ZTctNjk0MjFkYzAwMzBl-5fd427af-86ef-4ae3-b8e7-69421dc0030e] Object was created but could not be found in the DRC.
[http://chemistry.apache.org/YjEzZjhkMmUtM2QzOS00MDFkLWIzMDMtM2ZjMjJmMWI5OTc3OzEuMA==-b13f8d2e-3d39-401d-b303-3fc22f1b9977] Object was created but could not be found in the DRC.
[http://chemistry.apache.org/YjEzZjhkMmUtM2QzOS00MDFkLWIzMDMtM2ZjMjJmMWI5OTc3OzEuMA==-b13f8d2e-3d39-401d-b303-3fc22f1b9977] Object was updated but could not be found in the DRC.
[http://chemistry.apache.org/ZWY0OGM5ZDAtZjQyZi00ZTVmLTg5NTUtNzc1NGE1NmJhYjhlOzEuMA==-ef48c9d0-f42f-4e5f-8955-7754a56bab8e] Object was created but could not be found in the DRC.
[http://chemistry.apache.org/ZWY0OGM5ZDAtZjQyZi00ZTVmLTg5NTUtNzc1NGE1NmJhYjhlOzEuMA==-ef48c9d0-f42f-4e5f-8955-7754a56bab8e] Object was updated but could not be found in the DRC.
[http://chemistry.apache.org/NWZkNDI3YWYtODZlZi00YWUzLWI4ZTctNjk0MjFkYzAwMzBl-5fd427af-86ef-4ae3-b8e7-69421dc0030e] Object was deleted but could not be found in the ZRC.
[http://chemistry.apache.org/YjE2MzNiZTUtNWE1Yi00ZjM4LTk0N2ItYjU0YzQ2YTVhNzQ2-b1633be5-5a5b-4f38-947b-b54c46a5a746] Object was deleted but could not be found in the ZRC.
[http://chemistry.apache.org/NjIxZDBjMTgtYTAyZi00ZTQ4LWJhMjMtYWE2ODBiNWViODJl-621d0c18-a02f-4e48-ba23-aa680b5eb82e] Object was created but could not be found in the DRC.
[http://chemistry.apache.org/ZjcyMTU0MzQtYWI3ZS00YmNkLTkxMzAtNDk2M2IzZjZmMDAy-f7215434-ab7e-4bcd-9130-4963b3f6f002] Object was created but could not be found in the DRC.
[http://chemistry.apache.org/YWEzYjM0ZmItYjUxMS00ZDYwLWE0MGItMjdhMjRhNWI4ZDViOzEuMA==-aa3b34fb-b511-4d60-a40b-27a24a5b8d5b] Object was created but could not be found in the DRC.
[http://chemistry.apache.org/YWEzYjM0ZmItYjUxMS00ZDYwLWE0MGItMjdhMjRhNWI4ZDViOzEuMA==-aa3b34fb-b511-4d60-a40b-27a24a5b8d5b] Object was updated but could not be found in the DRC.
[http://chemistry.apache.org/ZjcyMTU0MzQtYWI3ZS00YmNkLTkxMzAtNDk2M2IzZjZmMDAy-f7215434-ab7e-4bcd-9130-4963b3f6f002] Object was deleted but could not be found in the ZRC.
[http://chemistry.apache.org/NjIxZDBjMTgtYTAyZi00ZTQ4LWJhMjMtYWE2ODBiNWViODJl-621d0c18-a02f-4e48-ba23-aa680b5eb82e] Object was deleted but could not be found in the ZRC.
[http://chemistry.apache.org/MGIzMWZkY2ItOGZhMi00MjViLTllZTgtN2JkY2M0MTY3NTgx-0b31fdcb-8fa2-425b-9ee8-7bdcc4167581] Object was created but could not be found in the DRC.
[http://chemistry.apache.org/MjAwNjViNTctNzhlMC00MzBkLWI1NjItYmRlYWNjMmM3NmEx-20065b57-78e0-430d-b562-bdeacc2c76a1] Object was created but could not be found in the DRC.
[http://chemistry.apache.org/OTViNzVmMTgtNzY0MS00YjBkLTkzNWUtMTlkOWJiNDg3YmI4OzEuMA==-95b75f18-7641-4b0d-935e-19d9bb487bb8] Object was created but could not be found in the DRC.
[http://chemistry.apache.org/OTViNzVmMTgtNzY0MS00YjBkLTkzNWUtMTlkOWJiNDg3YmI4OzEuMA==-95b75f18-7641-4b0d-935e-19d9bb487bb8] Object was updated but could not be found in the DRC.
[http://chemistry.apache.org/M2U4YTJmYjgtYmE4Yi00MTA2LTkyYmYtYzgwNDBjMTFlMTQxOzEuMA==-3e8a2fb8-ba8b-4106-92bf-c8040c11e141] Object was created but could not be found in the DRC.
[http://chemistry.apache.org/M2U4YTJmYjgtYmE4Yi00MTA2LTkyYmYtYzgwNDBjMTFlMTQxOzEuMA==-3e8a2fb8-ba8b-4106-92bf-c8040c11e141] Object was updated but could not be found in the DRC.
[http://chemistry.apache.org/MjAwNjViNTctNzhlMC00MzBkLWI1NjItYmRlYWNjMmM3NmEx-20065b57-78e0-430d-b562-bdeacc2c76a1] Object was deleted but could not be found in the ZRC.
[http://chemistry.apache.org/MGIzMWZkY2ItOGZhMi00MjViLTllZTgtN2JkY2M0MTY3NTgx-0b31fdcb-8fa2-425b-9ee8-7bdcc4167581] Object was deleted but could not be found in the ZRC.
[http://chemistry.apache.org/ODlkYzcwMmItZDkyOS00Nzc2LTg5YjEtNWVlNDYzOGU1YTNh-89dc702b-d929-4776-89b1-5ee4638e5a3a] Object was created but could not be found in the DRC.
[http://chemistry.apache.org/ZWM3MTc0NjYtOGM1Yy00YjliLWI1M2ItMjQyNzcwYzc5ZDI1-ec717466-8c5c-4b9b-b53b-242770c79d25] Object was created but could not be found in the DRC.
[http://chemistry.apache.org/ZWIxZjAyMGMtZTdiNy00ZTU2LTk1MjQtMDE4NjYxODUwNTBjOzEuMA==-eb1f020c-e7b7-4e56-9524-01866185050c] Object was created but could not be found in the DRC.
[http://chemistry.apache.org/ZWIxZjAyMGMtZTdiNy00ZTU2LTk1MjQtMDE4NjYxODUwNTBjOzEuMA==-eb1f020c-e7b7-4e56-9524-01866185050c] Object was updated but could not be found in the DRC.
[http://chemistry.apache.org/ODY5NjNkYmQtODQxMS00MTQ2LTlmNzctZmM3NzEwNDliYjI3OzEuMA==-86963dbd-8411-4146-9f77-fc771049bb27] Object was created but could not be found in the DRC.
[http://chemistry.apache.org/ODY5NjNkYmQtODQxMS00MTQ2LTlmNzctZmM3NzEwNDliYjI3OzEuMA==-86963dbd-8411-4146-9f77-fc771049bb27] Object was updated but could not be found in the DRC.
[http://chemistry.apache.org/ZWM3MTc0NjYtOGM1Yy00YjliLWI1M2ItMjQyNzcwYzc5ZDI1-ec717466-8c5c-4b9b-b53b-242770c79d25] Object was deleted but could not be found in the ZRC.
[http://chemistry.apache.org/ODlkYzcwMmItZDkyOS00Nzc2LTg5YjEtNWVlNDYzOGU1YTNh-89dc702b-d929-4776-89b1-5ee4638e5a3a] Object was deleted but could not be found in the ZRC.
[http://chemistry.apache.org/NTQ0ZDU3YmMtMTkxNS00ZmJlLWEyMDItN2Q5ZDQ2YmNhMzI3-544d57bc-1915-4fbe-a202-7d9d46bca327] Object was created but could not be found in the DRC.
[http://chemistry.apache.org/ZTA0ODhmNWEtM2M1Yi00NTlmLWJmZWMtYjA0MDMzZGJhODA5-e0488f5a-3c5b-459f-bfec-b04033dba809] Object was created but could not be found in the DRC.
[http://chemistry.apache.org/MGZhMWFiYmYtZmYwNi00MzY5LWE5ZjAtMTZlNGI3NzRlYzFiOzEuMA==-0fa1abbf-ff06-4369-a9f0-16e4b774ec1b] Object was created but could not be found in the DRC.
[http://chemistry.apache.org/MGZhMWFiYmYtZmYwNi00MzY5LWE5ZjAtMTZlNGI3NzRlYzFiOzEuMA==-0fa1abbf-ff06-4369-a9f0-16e4b774ec1b] Object was updated but could not be found in the DRC.
[http://chemistry.apache.org/NWJhOTZhY2UtOGJlZi00MTVjLTkwNGItNWFjOTUxMDg3NWNhOzEuMA==-5ba96ace-8bef-415c-904b-5ac9510875ca] Object was created but could not be found in the DRC.
[http://chemistry.apache.org/NWJhOTZhY2UtOGJlZi00MTVjLTkwNGItNWFjOTUxMDg3NWNhOzEuMA==-5ba96ace-8bef-415c-904b-5ac9510875ca] Object was updated but could not be found in the DRC.
[http://chemistry.apache.org/ZTA0ODhmNWEtM2M1Yi00NTlmLWJmZWMtYjA0MDMzZGJhODA5-e0488f5a-3c5b-459f-bfec-b04033dba809] Object was deleted but could not be found in the ZRC.
[http://chemistry.apache.org/NTQ0ZDU3YmMtMTkxNS00ZmJlLWEyMDItN2Q5ZDQ2YmNhMzI3-544d57bc-1915-4fbe-a202-7d9d46bca327] Object was deleted but could not be found in the ZRC.
[http://chemistry.apache.org/MDA2YjAzMTEtOGEwOC00NjRiLWIxMjgtNmE0M2ZkMzg3ZThj-006b0311-8a08-464b-b128-6a43fd387e8c] Object was created but could not be found in the DRC.
[http://chemistry.apache.org/ODdiOWU0ZDQtZWZjYy00NjA5LWFkYTAtYWRmY2FiNzFhODc3-87b9e4d4-efcc-4609-ada0-adfcab71a877] Object was created but could not be found in the DRC.
[http://chemistry.apache.org/MDg4NTZlMWYtMzVhYi00YTQwLTljZGYtN2Y0MTJiOTNlMmVkOzEuMA==-08856e1f-35ab-4a40-9cdf-7f412b93e2ed] Object was created but could not be found in the DRC.
[http://chemistry.apache.org/MDg4NTZlMWYtMzVhYi00YTQwLTljZGYtN2Y0MTJiOTNlMmVkOzEuMA==-08856e1f-35ab-4a40-9cdf-7f412b93e2ed] Object was updated but could not be found in the DRC.
[http://chemistry.apache.org/ODdiOWU0ZDQtZWZjYy00NjA5LWFkYTAtYWRmY2FiNzFhODc3-87b9e4d4-efcc-4609-ada0-adfcab71a877] Object was deleted but could not be found in the ZRC.
[http://chemistry.apache.org/MDA2YjAzMTEtOGEwOC00NjRiLWIxMjgtNmE0M2ZkMzg3ZThj-006b0311-8a08-464b-b128-6a43fd387e8c] Object was deleted but could not be found in the ZRC.
[http://chemistry.apache.org/OTg5OWVjMmUtNTZkZi00NmIzLWI0Y2MtMTdjYjQ5MTU4Nzc0OzEuMA==-9899ec2e-56df-46b3-b4cc-17cb49158774] Object was created but could not be found in the DRC.
[http://chemistry.apache.org/OTg5OWVjMmUtNTZkZi00NmIzLWI0Y2MtMTdjYjQ5MTU4Nzc0OzEuMA==-9899ec2e-56df-46b3-b4cc-17cb49158774] Object was updated but could not be found in the DRC.
[http://chemistry.apache.org/OTdiZDhjZGEtNGY4OC00N2NlLWIxOGMtY2Y4ZmI2NWNmYWZk-97bd8cda-4f88-47ce-b18c-cf8fb65cfafd] Object was created but could not be found in the DRC.
[http://chemistry.apache.org/ZjNkYmUzYzgtMGNhYy00ZmJmLTg1YzQtYTVmNDc3MTM0NzFj-f3dbe3c8-0cac-4fbf-85c4-a5f47713471c] Object was created but could not be found in the DRC.
[http://chemistry.apache.org/MjY5ODJkOTYtOWMwNC00ZDA5LTljYjctZTRiODQ4NWY5ZGY3OzEuMA==-26982d96-9c04-4d09-9cb7-e4b8485f9df7] Object was created but could not be found in the DRC.
[http://chemistry.apache.org/MjY5ODJkOTYtOWMwNC00ZDA5LTljYjctZTRiODQ4NWY5ZGY3OzEuMA==-26982d96-9c04-4d09-9cb7-e4b8485f9df7] Object was updated but could not be found in the DRC.
[http://chemistry.apache.org/MGIxMDkzNmUtNTBkMi00OTcyLTkzNTktZmNmYTA4NWNhN2M0OzEuMA==-0b10936e-50d2-4972-9359-fcfa085ca7c4] Object was created but could not be found in the DRC.
[http://chemistry.apache.org/MGIxMDkzNmUtNTBkMi00OTcyLTkzNTktZmNmYTA4NWNhN2M0OzEuMA==-0b10936e-50d2-4972-9359-fcfa085ca7c4] Object was updated but could not be found in the DRC.
[http://chemistry.apache.org/ZjNkYmUzYzgtMGNhYy00ZmJmLTg1YzQtYTVmNDc3MTM0NzFj-f3dbe3c8-0cac-4fbf-85c4-a5f47713471c] Object was deleted but could not be found in the ZRC.
[http://chemistry.apache.org/OTdiZDhjZGEtNGY4OC00N2NlLWIxOGMtY2Y4ZmI2NWNmYWZk-97bd8cda-4f88-47ce-b18c-cf8fb65cfafd] Object was deleted but could not be found in the ZRC.
[http://chemistry.apache.org/YmY2ODRjZDktMzc2Ni00M2JhLTg1YzktYWYwM2NjNDVmZmU5-bf684cd9-3766-43ba-85c9-af03cc45ffe9] Object was created but could not be found in the DRC.
[http://chemistry.apache.org/ZTNiNmI4ZDgtYzZlYS00ZDZkLWFiZDQtNjM0Nzk1ZTdiNTU0-e3b6b8d8-c6ea-4d6d-abd4-634795e7b554] Object was created but could not be found in the DRC.
[http://chemistry.apache.org/ZDEwMzk3NmYtYjM4NS00NWVjLTg4ZTEtMDRhZDlkMTA3MmI2OzEuMA==-d103976f-b385-45ec-88e1-04ad9d1072b6] Object was created but could not be found in the DRC.
[http://chemistry.apache.org/ZDEwMzk3NmYtYjM4NS00NWVjLTg4ZTEtMDRhZDlkMTA3MmI2OzEuMA==-d103976f-b385-45ec-88e1-04ad9d1072b6] Object was updated but could not be found in the DRC.
[http://chemistry.apache.org/ZmMyZjlkMjYtOWE0ZS00YWVjLWI5YjUtZjk1ZGUzZTFiZGY5OzEuMA==-fc2f9d26-9a4e-4aec-b9b5-f95de3e1bdf9] Object was created but could not be found in the DRC.
[http://chemistry.apache.org/ZmMyZjlkMjYtOWE0ZS00YWVjLWI5YjUtZjk1ZGUzZTFiZGY5OzEuMA==-fc2f9d26-9a4e-4aec-b9b5-f95de3e1bdf9] Object was updated but could not be found in the DRC.
[http://chemistry.apache.org/ZTNiNmI4ZDgtYzZlYS00ZDZkLWFiZDQtNjM0Nzk1ZTdiNTU0-e3b6b8d8-c6ea-4d6d-abd4-634795e7b554] Object was deleted but could not be found in the ZRC.
[http://chemistry.apache.org/YmY2ODRjZDktMzc2Ni00M2JhLTg1YzktYWYwM2NjNDVmZmU5-bf684cd9-3766-43ba-85c9-af03cc45ffe9] Object was deleted but could not be found in the ZRC.
[http://chemistry.apache.org/YzE3MjUxY2MtZjc2MS00NGMzLWEzOTEtY2EyYTA0MDgxZDM0-c17251cc-f761-44c3-a391-ca2a04081d34] Object was created but could not be found in the DRC.
[http://chemistry.apache.org/NDk3ZWU4YmItMWRhNi00YjEwLTk4ODctNGJkNTkwNGNhZmQ0-497ee8bb-1da6-4b10-9887-4bd5904cafd4] Object was created but could not be found in the DRC.
[http://chemistry.apache.org/NjAxZGI5NGQtNTU1Zi00ZjI1LTkwNDktMGFkZmM2NzYwNzkxOzEuMA==-601db94d-555f-4f25-9049-0adfc6760791] Object was created but could not be found in the DRC.
[http://chemistry.apache.org/NjAxZGI5NGQtNTU1Zi00ZjI1LTkwNDktMGFkZmM2NzYwNzkxOzEuMA==-601db94d-555f-4f25-9049-0adfc6760791] Object was updated but could not be found in the DRC.
[http://chemistry.apache.org/Y2JkNTJlMTktYjk0Yy00NzcxLWJlYTAtYTgyMTVlMjQwZDFiOzEuMA==-cbd52e19-b94c-4771-bea0-a8215e240d1b] Object was created but could not be found in the DRC.
[http://chemistry.apache.org/Y2JkNTJlMTktYjk0Yy00NzcxLWJlYTAtYTgyMTVlMjQwZDFiOzEuMA==-cbd52e19-b94c-4771-bea0-a8215e240d1b] Object was updated but could not be found in the DRC.
[http://chemistry.apache.org/NDk3ZWU4YmItMWRhNi00YjEwLTk4ODctNGJkNTkwNGNhZmQ0-497ee8bb-1da6-4b10-9887-4bd5904cafd4] Object was deleted but could not be found in the ZRC.
[http://chemistry.apache.org/YzE3MjUxY2MtZjc2MS00NGMzLWEzOTEtY2EyYTA0MDgxZDM0-c17251cc-f761-44c3-a391-ca2a04081d34] Object was deleted but could not be found in the ZRC.
[http://chemistry.apache.org/ZTM0OTZiNjYtZWM0My00NTQ0LTg0MGEtZjA5N2NkZWFmZjcw-e3496b66-ec43-4544-840a-f097cdeaff70] Object was created but could not be found in the DRC.
[http://chemistry.apache.org/YjgyMDJmNzEtMjZlOS00ODM4LThkODMtN2ViZmRlNDY4ZDIy-b8202f71-26e9-4838-8d83-7ebfde468d22] Object was created but could not be found in the DRC.
[http://chemistry.apache.org/ODRlYTVhNjQtNzhiZC00NDFlLTk2OWUtNGEwYjQzNzk4MTIyOzEuMA==-84ea5a64-78bd-441e-969e-4a0b43798122] Object was created but could not be found in the DRC.
[http://chemistry.apache.org/ODRlYTVhNjQtNzhiZC00NDFlLTk2OWUtNGEwYjQzNzk4MTIyOzEuMA==-84ea5a64-78bd-441e-969e-4a0b43798122] Object was updated but could not be found in the DRC.
[http://chemistry.apache.org/YjgyMDJmNzEtMjZlOS00ODM4LThkODMtN2ViZmRlNDY4ZDIy-b8202f71-26e9-4838-8d83-7ebfde468d22] Object was deleted but could not be found in the ZRC.
[http://chemistry.apache.org/ZTM0OTZiNjYtZWM0My00NTQ0LTg0MGEtZjA5N2NkZWFmZjcw-e3496b66-ec43-4544-840a-f097cdeaff70] Object was deleted but could not be found in the ZRC.
[http://chemistry.apache.org/N2RmM2M2ZjktZTYzZC00ZmE0LTlmZmMtNWQ1Mjc3ZTllNGI0OzEuMA==-7df3c6f9-e63d-4fa4-9ffc-5d5277e9e4b4] Object was created but could not be found in the DRC.
[http://chemistry.apache.org/N2RmM2M2ZjktZTYzZC00ZmE0LTlmZmMtNWQ1Mjc3ZTllNGI0OzEuMA==-7df3c6f9-e63d-4fa4-9ffc-5d5277e9e4b4] Object was updated but could not be found in the DRC.
[http://chemistry.apache.org/MWUyN2E4NTAtOGYwNi00NWFlLTgzYmMtNGFlMmQ2ZDczZjQ4-1e27a850-8f06-45ae-83bc-4ae2d6d73f48] Object was created but could not be found in the DRC.
[http://chemistry.apache.org/NzBmOWZmNmEtZWU1ZS00NDJjLWJiMWUtNGZkM2NhZTU5MDc3-70f9ff6a-ee5e-442c-bb1e-4fd3cae59077] Object was created but could not be found in the DRC.
[http://chemistry.apache.org/MDE3NTVhZWItYThiNS00YTNjLTkzMGYtNWUyZDI4NjlmM2ZlOzEuMA==-01755aeb-a8b5-4a3c-930f-5e2d2869f3fe] Object was created but could not be found in the DRC.
[http://chemistry.apache.org/MDE3NTVhZWItYThiNS00YTNjLTkzMGYtNWUyZDI4NjlmM2ZlOzEuMA==-01755aeb-a8b5-4a3c-930f-5e2d2869f3fe] Object was updated but could not be found in the DRC.
[http://chemistry.apache.org/YjdmY2ZhZjUtNWU3OC00NmU5LTg4NDQtZTQ5ZjVmODVmYjQ4OzEuMA==-b7fcfaf5-5e78-46e9-8844-e49f5f85fb48] Object was created but could not be found in the DRC.
[http://chemistry.apache.org/YjdmY2ZhZjUtNWU3OC00NmU5LTg4NDQtZTQ5ZjVmODVmYjQ4OzEuMA==-b7fcfaf5-5e78-46e9-8844-e49f5f85fb48] Object was updated but could not be found in the DRC.
[http://chemistry.apache.org/NzBmOWZmNmEtZWU1ZS00NDJjLWJiMWUtNGZkM2NhZTU5MDc3-70f9ff6a-ee5e-442c-bb1e-4fd3cae59077] Object was deleted but could not be found in the ZRC.
[http://chemistry.apache.org/MWUyN2E4NTAtOGYwNi00NWFlLTgzYmMtNGFlMmQ2ZDczZjQ4-1e27a850-8f06-45ae-83bc-4ae2d6d73f48] Object was deleted but could not be found in the ZRC.
[http://chemistry.apache.org/ZmVlMzQ0ZTItZDE2Mi00NTQ0LTgyZGQtNGM4NTZmNDgwNWYz-fee344e2-d162-4544-82dd-4c856f4805f3] Object was created but could not be found in the DRC.
[http://chemistry.apache.org/ODQ4MWI5ZWEtODBjZS00ODU4LWEwMGMtZDI4M2VkM2EzM2Zk-8481b9ea-80ce-4858-a00c-d283ed3a33fd] Object was created but could not be found in the DRC.
[http://chemistry.apache.org/ODQ4MWI5ZWEtODBjZS00ODU4LWEwMGMtZDI4M2VkM2EzM2Zk-8481b9ea-80ce-4858-a00c-d283ed3a33fd] Object was deleted but could not be found in the ZRC.
[http://chemistry.apache.org/ZmVlMzQ0ZTItZDE2Mi00NTQ0LTgyZGQtNGM4NTZmNDgwNWYz-fee344e2-d162-4544-82dd-4c856f4805f3] Object was deleted but could not be found in the ZRC.
[http://chemistry.apache.org/NWQwY2M5ZjItNWZiOS00N2M4LTlmMjMtOWVhYzRjNGFiYTNl-5d0cc9f2-5fb9-47c8-9f23-9eac4c4aba3e] Object was created but could not be found in the DRC.
[http://chemistry.apache.org/MTg3OGZhZTEtNjZkMS00OTc2LWJkODQtNzE2NTcwYTdiOWYy-1878fae1-66d1-4976-bd84-716570a7b9f2] Object was created but could not be found in the DRC.
[http://chemistry.apache.org/OTkyM2NkNzAtMDhhNS00MWMwLWJjNjctNWFiNGYxMTRhZGQ3OzEuMA==-9923cd70-08a5-41c0-bc67-5ab4f114add7] Object was created but could not be found in the DRC.
[http://chemistry.apache.org/OTkyM2NkNzAtMDhhNS00MWMwLWJjNjctNWFiNGYxMTRhZGQ3OzEuMA==-9923cd70-08a5-41c0-bc67-5ab4f114add7] Object was updated but could not be found in the DRC.
[http://chemistry.apache.org/ZjdmMmE0OTQtOWExYS00NmI0LWE3MDAtY2VhMzBlZmNhYWVmOzEuMA==-f7f2a494-9a1a-46b4-a700-cea30efcaaef] Object was created but could not be found in the DRC.
[http://chemistry.apache.org/ZjdmMmE0OTQtOWExYS00NmI0LWE3MDAtY2VhMzBlZmNhYWVmOzEuMA==-f7f2a494-9a1a-46b4-a700-cea30efcaaef] Object was updated but could not be found in the DRC.
[http://chemistry.apache.org/MTg3OGZhZTEtNjZkMS00OTc2LWJkODQtNzE2NTcwYTdiOWYy-1878fae1-66d1-4976-bd84-716570a7b9f2] Object was deleted but could not be found in the ZRC.
[http://chemistry.apache.org/NWQwY2M5ZjItNWZiOS00N2M4LTlmMjMtOWVhYzRjNGFiYTNl-5d0cc9f2-5fb9-47c8-9f23-9eac4c4aba3e] Object was deleted but could not be found in the ZRC.
[http://chemistry.apache.org/NzYzODQyOWQtNzdlMS00NzMwLTgxM2MtNzZlMjJkNWYxMWE0-7638429d-77e1-4730-813c-76e22d5f11a4] Object was created but could not be found in the DRC.
[http://chemistry.apache.org/Mjc2MzcxOWQtMzRmYi00ZGFkLWJlN2UtNzI0YzM4N2JmMWFk-2763719d-34fb-4dad-be7e-724c387bf1ad] Object was created but could not be found in the DRC.
[http://chemistry.apache.org/MDgzYmIyZjMtNDAxNy00ODJjLTlmYzUtMzljOTY4MmQzN2NjOzEuMA==-083bb2f3-4017-482c-9fc5-39c9682d37cc] Object was created but could not be found in the DRC.
[http://chemistry.apache.org/MDgzYmIyZjMtNDAxNy00ODJjLTlmYzUtMzljOTY4MmQzN2NjOzEuMA==-083bb2f3-4017-482c-9fc5-39c9682d37cc] Object was updated but could not be found in the DRC.
[http://chemistry.apache.org/Mjc2MzcxOWQtMzRmYi00ZGFkLWJlN2UtNzI0YzM4N2JmMWFk-2763719d-34fb-4dad-be7e-724c387bf1ad] Object was deleted but could not be found in the ZRC.
[http://chemistry.apache.org/NzYzODQyOWQtNzdlMS00NzMwLTgxM2MtNzZlMjJkNWYxMWE0-7638429d-77e1-4730-813c-76e22d5f11a4] Object was deleted but could not be found in the ZRC.
[http://chemistry.apache.org/NGJiMjFkODItYjQyMS00ZmY4LWE3MDYtNmUxMTljNmJmNGZkOzEuMA==-4bb21d82-b421-4ff8-a706-6e119c6bf4fd] Object was created but could not be found in the DRC.
[http://chemistry.apache.org/NGJiMjFkODItYjQyMS00ZmY4LWE3MDYtNmUxMTljNmJmNGZkOzEuMA==-4bb21d82-b421-4ff8-a706-6e119c6bf4fd] Object was updated but could not be found in the DRC.
[http://chemistry.apache.org/NWRmNmIxZTQtMzFiZi00Njk5LWJjNWUtMWFjZmQyZDc3ZjQ3-5df6b1e4-31bf-4699-bc5e-1acfd2d77f47] Object was created but could not be found in the DRC.
[http://chemistry.apache.org/NDI0NTk1NDEtNGVhYi00OWNjLWJkZTgtYmQ4MmJhZWUyMjRj-42459541-4eab-49cc-bde8-bd82baee224c] Object was created but could not be found in the DRC.
[http://chemistry.apache.org/NTY1MzA4MzctZGQ5YS00ZjM4LTllMTktNTE3MmU4NDY2NGY2OzEuMA==-56530837-dd9a-4f38-9e19-5172e84664f6] Object was created but could not be found in the DRC.
[http://chemistry.apache.org/NTY1MzA4MzctZGQ5YS00ZjM4LTllMTktNTE3MmU4NDY2NGY2OzEuMA==-56530837-dd9a-4f38-9e19-5172e84664f6] Object was updated but could not be found in the DRC.
[http://chemistry.apache.org/ZGQ4OTg3MWUtYWE3Ni00MjgyLWEyZjctNDA5MThlYzdmNjk0OzEuMA==-dd89871e-aa76-4282-a2f7-40918ec7f694] Object was created but could not be found in the DRC.
[http://chemistry.apache.org/ZGQ4OTg3MWUtYWE3Ni00MjgyLWEyZjctNDA5MThlYzdmNjk0OzEuMA==-dd89871e-aa76-4282-a2f7-40918ec7f694] Object was updated but could not be found in the DRC.
[http://chemistry.apache.org/ZGQ4OTg3MWUtYWE3Ni00MjgyLWEyZjctNDA5MThlYzdmNjk0OzEuMQ==-dd89871e-aa76-4282-a2f7-40918ec7f694] Object was deleted but could not be found in the ZRC.
[http://chemistry.apache.org/NDI0NTk1NDEtNGVhYi00OWNjLWJkZTgtYmQ4MmJhZWUyMjRj-42459541-4eab-49cc-bde8-bd82baee224c] Object was deleted but could not be found in the ZRC.
[http://chemistry.apache.org/NWRmNmIxZTQtMzFiZi00Njk5LWJjNWUtMWFjZmQyZDc3ZjQ3-5df6b1e4-31bf-4699-bc5e-1acfd2d77f47] Object was deleted but could not be found in the ZRC.
[http://chemistry.apache.org/YTE1N2QzYTgtOGQ1OS00YzMwLWIxMDQtM2EyYTA1YWQ2NmZl-a157d3a8-8d59-4c30-b104-3a2a05ad66fe] Object was created but could not be found in the DRC.
[http://chemistry.apache.org/MWVkNzgzOTMtNjgzNC00NTQ2LWFmNTctZjgwYmY3YjRjZmZl-1ed78393-6834-4546-af57-f80bf7b4cffe] Object was created but could not be found in the DRC.
[http://chemistry.apache.org/MWVkNzgzOTMtNjgzNC00NTQ2LWFmNTctZjgwYmY3YjRjZmZl-1ed78393-6834-4546-af57-f80bf7b4cffe] Object was deleted but could not be found in the ZRC.
[http://chemistry.apache.org/YTE1N2QzYTgtOGQ1OS00YzMwLWIxMDQtM2EyYTA1YWQ2NmZl-a157d3a8-8d59-4c30-b104-3a2a05ad66fe] Object was deleted but could not be found in the ZRC.
[http://chemistry.apache.org/NzQzZWI5MjUtMjQ5My00NDI3LTk5YjItZjNkYmFhYjAxN2Q4-743eb925-2493-4427-99b2-f3dbaab017d8] Object was created but could not be found in the DRC.
[http://chemistry.apache.org/ZjJhYTRhMjUtZDI3Yy00NzAyLWI0MmMtOTgyNDhlMDgwYzYx-f2aa4a25-d27c-4702-b42c-98248e080c61] Object was created but could not be found in the DRC.
[http://chemistry.apache.org/ZjJhYTRhMjUtZDI3Yy00NzAyLWI0MmMtOTgyNDhlMDgwYzYx-f2aa4a25-d27c-4702-b42c-98248e080c61] Object was deleted but could not be found in the ZRC.
[http://chemistry.apache.org/NzQzZWI5MjUtMjQ5My00NDI3LTk5YjItZjNkYmFhYjAxN2Q4-743eb925-2493-4427-99b2-f3dbaab017d8] Object was deleted but could not be found in the ZRC.
[http://chemistry.apache.org/OTcyN2UxNGEtOTdiMS00YWQwLWIyZWMtMTNmYzFhNGQ4ZTJh-9727e14a-97b1-4ad0-b2ec-13fc1a4d8e2a] Object was created but could not be found in the DRC.
[http://chemistry.apache.org/NzlkMzE1YTktOGVkOS00ZDZmLWE3MDYtNTU0NGVjN2ZmZWQ0-79d315a9-8ed9-4d6f-a706-5544ec7ffed4] Object was created but could not be found in the DRC.
[http://chemistry.apache.org/NzE3ZDBkZGMtOTRjNi00ZDc1LWEwODUtNzYyZTk3MzlkZjJiOzEuMA==-717d0ddc-94c6-4d75-a085-762e9739df2b] Object was created but could not be found in the DRC.
[http://chemistry.apache.org/NzE3ZDBkZGMtOTRjNi00ZDc1LWEwODUtNzYyZTk3MzlkZjJiOzEuMA==-717d0ddc-94c6-4d75-a085-762e9739df2b] Object was updated but could not be found in the DRC.
[http://chemistry.apache.org/ZmZhYTI4YTMtYTAzMS00OWQwLTgxYTQtOWU5ZGMzMjgyNTQ5OzEuMA==-ffaa28a3-a031-49d0-81a4-9e9dc3282549] Object was created but could not be found in the DRC.
[http://chemistry.apache.org/ZmZhYTI4YTMtYTAzMS00OWQwLTgxYTQtOWU5ZGMzMjgyNTQ5OzEuMA==-ffaa28a3-a031-49d0-81a4-9e9dc3282549] Object was updated but could not be found in the DRC.
[http://chemistry.apache.org/ZmZhYTI4YTMtYTAzMS00OWQwLTgxYTQtOWU5ZGMzMjgyNTQ5OzEuMQ==-ffaa28a3-a031-49d0-81a4-9e9dc3282549] Object was deleted but could not be found in the ZRC.
[http://chemistry.apache.org/NzlkMzE1YTktOGVkOS00ZDZmLWE3MDYtNTU0NGVjN2ZmZWQ0-79d315a9-8ed9-4d6f-a706-5544ec7ffed4] Object was deleted but could not be found in the ZRC.
[http://chemistry.apache.org/OTcyN2UxNGEtOTdiMS00YWQwLWIyZWMtMTNmYzFhNGQ4ZTJh-9727e14a-97b1-4ad0-b2ec-13fc1a4d8e2a] Object was deleted but could not be found in the ZRC.
[http://chemistry.apache.org/MGE5YjlhOWQtOWIwYi00NDViLTg4NjItMGY2NTA3NTg5Yzcw-0a9b9a9d-9b0b-445b-8862-0f6507589c70] Object was created but could not be found in the DRC.
[http://chemistry.apache.org/YjQ0MDg4ZjYtYWVhYy00NzhkLTk1NjMtOTcxNzYzOTAzMWZh-b44088f6-aeac-478d-9563-9717639031fa] Object was created but could not be found in the DRC.
[http://chemistry.apache.org/MDA0YjI2NDItNTZkZi00Y2U5LWEzMDktNTU2OTE4NDM2ODYwOzEuMA==-004b2642-56df-4ce9-a309-556918436860] Object was created but could not be found in the DRC.
[http://chemistry.apache.org/MDA0YjI2NDItNTZkZi00Y2U5LWEzMDktNTU2OTE4NDM2ODYwOzEuMA==-004b2642-56df-4ce9-a309-556918436860] Object was updated but could not be found in the DRC.
[http://chemistry.apache.org/YTgyZGEwMDEtYjUxZC00YmI5LTkwM2UtZmFjZDI5ZmZiMzQxOzEuMA==-a82da001-b51d-4bb9-903e-facd29ffb341] Object was created but could not be found in the DRC.
[http://chemistry.apache.org/YTgyZGEwMDEtYjUxZC00YmI5LTkwM2UtZmFjZDI5ZmZiMzQxOzEuMA==-a82da001-b51d-4bb9-903e-facd29ffb341] Object was updated but could not be found in the DRC.
[http://chemistry.apache.org/YTgyZGEwMDEtYjUxZC00YmI5LTkwM2UtZmFjZDI5ZmZiMzQxOzEuMQ==-a82da001-b51d-4bb9-903e-facd29ffb341] Object was deleted but could not be found in the ZRC.
[http://chemistry.apache.org/ZmIyN2VmZDctZDY0Zi00Y2JkLTkwZWUtMzAxNzViNGM5MjFmOzEuMA==-fb27efd7-d64f-4cbd-90ee-30175b4c921f] Object was deleted but could not be found in the ZRC.
[http://chemistry.apache.org/OWI0YmY2YTMtZmNiMy00NWRmLWI1ZWEtZjZlYWFlMmYwMGJiOzEuMA==-9b4bf6a3-fcb3-45df-b5ea-f6eaae2f00bb] Object was deleted but could not be found in the ZRC.
[http://chemistry.apache.org/MWJlYWM5MjgtYzNhOS00MzE5LWJkZGYtOGIxNDg0NzMyZjA3OzEuMA==-1beac928-c3a9-4319-bddf-8b1484732f07] Object was deleted but could not be found in the ZRC.
[http://chemistry.apache.org/ODBiY2JhOTUtNDczMC00Y2E4LTkxZTQtN2Q1YjI4MjJlMzVmOzEuMQ==-80bcba95-4730-4ca8-91e4-7d5b2822e35f] Object was deleted but could not be found in the ZRC.
[http://chemistry.apache.org/ODkwYjZiNmItNDM4MS00YTg3LTk0NDMtOTI1OWIwYTIyZmI1OzEuMQ==-890b6b6b-4381-4a87-9443-9259b0a22fb5] Object was deleted but could not be found in the ZRC.
[http://chemistry.apache.org/MmZlZTliNmEtMWI5Ni00YWRhLThmMGQtMDY4NjIzZTliOWYwOzEuMA==-2fee9b6a-1b96-4ada-8f0d-068623e9b9f0] Object was deleted but could not be found in the ZRC.
[http://chemistry.apache.org/MjNhNDVkMmQtZDVjMy00YjhiLWE5YWQtZTVlNjc4YzI4YjUxOzEuMQ==-23a45d2d-d5c3-4b8b-a9ad-e5e678c28b51] Object was deleted but could not be found in the ZRC.
[http://chemistry.apache.org/ZDkwOTAzYTktMGE4ZS00OGZhLWEyZDAtZTQwMzg2MjYxMTcyOzEuMQ==-d90903a9-0a8e-48fa-a2d0-e40386261172] Object was deleted but could not be found in the ZRC.
[http://chemistry.apache.org/MDdlMjAxYTgtN2E3ZS00NTFlLTlmZWUtODA3ZGMwNmZkMDc3OzEuMQ==-07e201a8-7a7e-451e-9fee-807dc06fd077] Object was deleted but could not be found in the ZRC.
[http://chemistry.apache.org/MjhkZWQ1OTgtNmI5Ny00MGIyLWI3ZDktZTNhNDZhMDIwZTRlOzEuMQ==-28ded598-6b97-40b2-b7d9-e3a46a020e4e] Object was deleted but could not be found in the ZRC.
[http://chemistry.apache.org/YjYzMjc3MGQtZDVhMy00ZTEzLTk4NTAtYTMyMDhkNDkwNmJhOzEuMQ==-b632770d-d5a3-4e13-9850-a3208d4906ba] Object was deleted but could not be found in the ZRC.
[http://chemistry.apache.org/MDI1YmI0MDMtMzBmNi00YzZmLTk0MDEtOWQzODBhNDMyYThmOzEuMQ==-025bb403-30f6-4c6f-9401-9d380a432a8f] Object was deleted but could not be found in the ZRC.
[http://chemistry.apache.org/MThkN2M2MjctYTBhMC00MDc5LTg0NDctZTI0OTRlZDNlNThkOzEuMQ==-18d7c627-a0a0-4079-8447-e2494ed3e58d] Object was deleted but could not be found in the ZRC.
[http://chemistry.apache.org/NWViZDkxNjMtYWY5Ny00OTg2LWJjZmMtMzdmMDkwZWU2NTFhOzEuMQ==-5ebd9163-af97-4986-bcfc-37f090ee651a] Object was deleted but could not be found in the ZRC.
[http://chemistry.apache.org/ZTcyMDJiMTktOWI4ZS00ZTViLWFhNTAtOTcwYjQzZjJiODg4OzEuMQ==-e7202b19-9b8e-4e5b-aa50-970b43f2b888] Object was deleted but could not be found in the ZRC.
[http://chemistry.apache.org/ZmExOTM3YjMtOTA4Ni00N2IxLWE2NjYtMmZlNjczZTk5MGE1OzEuMQ==-fa1937b3-9086-47b1-a666-2fe673e990a5] Object was deleted but could not be found in the ZRC.
[http://chemistry.apache.org/NzkyNTkxNjYtODIxYy00MmUyLWE4Y2ItNTQzNTE4NjU4ZThlOzEuMA==-79259166-821c-42e2-a8cb-543518658e8e] Object was deleted but could not be found in the ZRC.
[http://chemistry.apache.org/OGVlZjcxMTMtZjE1Yi00NjE1LTg0ZGQtZjI1OTQ1NTJhYWE4OzEuMQ==-8eef7113-f15b-4615-84dd-f2594552aaa8] Object was deleted but could not be found in the ZRC.
[http://chemistry.apache.org/NGRkMDkyMTMtYjMwMi00MWMxLThmZjMtNmMwNTQyNTEzNDQ3OzEuMA==-4dd09213-b302-41c1-8ff3-6c0542513447] Object was deleted but could not be found in the ZRC.
[http://chemistry.apache.org/MWI2YTA1ZGEtOGFiNS00ZmM4LWI2ODctY2FjYzUyZWFmMTE0OzEuMQ==-1b6a05da-8ab5-4fc8-b687-cacc52eaf114] Object was deleted but could not be found in the ZRC.
[http://chemistry.apache.org/ZWE4ZWYwOWItOTVmZC00MDEwLTgyZGEtYjE2ODk4MDcwYmZmOzEuMQ==-ea8ef09b-95fd-4010-82da-b16898070bff] Object was deleted but could not be found in the ZRC.
[http://chemistry.apache.org/NDZhNDlhM2MtYTEyNS00ODEyLTg5M2UtNGQwOGY2ZjRkYTEzOzEuMA==-46a49a3c-a125-4812-893e-4d08f6f4da13] Object was deleted but could not be found in the ZRC.
[http://chemistry.apache.org/YjRmZGVjN2YtMTUzOC00NDg5LTkxNzQtZWM0YmIxYWVlYjJiOzEuMA==-b4fdec7f-1538-4489-9174-ec4bb1aeeb2b] Object was deleted but could not be found in the ZRC.
[http://chemistry.apache.org/YmY0Yzc3ZTctOTQ1MS00ZGM1LThhYmMtODMxODFlNWU4ZDEzOzEuMA==-bf4c77e7-9451-4dc5-8abc-83181e5e8d13] Object was deleted but could not be found in the ZRC.
[http://chemistry.apache.org/YmQyNzY4MWMtNzI2MS00MjdjLTg3ODItMGVmOWJmN2YzMWFkOzEuMA==-bd27681c-7261-427c-8782-0ef9bf7f31ad] Object was deleted but could not be found in the ZRC.
[http://chemistry.apache.org/ZjBlZjk3ZjMtNTA2NC00MWUwLTkxZDMtOWNmOTRkNjk5ZmEzOzEuMA==-f0ef97f3-5064-41e0-91d3-9cf94d699fa3] Object was deleted but could not be found in the ZRC.
[http://chemistry.apache.org/NDVhZDNkNjQtOTZmYi00MTllLTgxODUtMTliOTczYTk2ZDM2OzEuMA==-45ad3d64-96fb-419e-8185-19b973a96d36] Object was deleted but could not be found in the ZRC.
[http://chemistry.apache.org/NmUzYjhjY2YtYTc0Ni00NGEwLTliNTAtNDgyM2JkZDlkMDVkOzEuMA==-6e3b8ccf-a746-44a0-9b50-4823bdd9d05d] Object was deleted but could not be found in the ZRC.
[http://chemistry.apache.org/MTRhYWMwNjgtMzhkYS00M2Y0LThiMzYtMGNkODc5YWU1MDc3OzEuMA==-14aac068-38da-43f4-8b36-0cd879ae5077] Object was deleted but could not be found in the ZRC.
[http://chemistry.apache.org/NDY3MGUyNmEtZjgyNy00ODBhLTk2MWMtYmE1ZDBkODBkOGYxOzEuMA==-4670e26a-f827-480a-961c-ba5d0d80d8f1] Object was deleted but could not be found in the ZRC.
[http://chemistry.apache.org/NTZiOWM5ZTQtYzAxZS00YTU5LWJlZmYtMWY2Nzc4ZTE3MzFlOzEuMA==-56b9c9e4-c01e-4a59-beff-1f6778e1731e] Object was deleted but could not be found in the ZRC.
[http://chemistry.apache.org/ODU0YmFlZDktNDhlZS00YzEwLTllYjItZmJhZjc3ZDJkODY1OzEuMA==-854baed9-48ee-4c10-9eb2-fbaf77d2d865] Object was deleted but could not be found in the ZRC.
[http://chemistry.apache.org/MjczYjRiMDctMjFkZS00MGRlLTliZTQtYjU0ZjNlNTlhYTM4OzEuMA==-273b4b07-21de-40de-9be4-b54f3e59aa38] Object was deleted but could not be found in the ZRC.
[http://chemistry.apache.org/MzVkZDBjY2QtMmE4ZC00M2NiLWI0NTItNzBkNGVjODQ1YWUwOzEuMA==-35dd0ccd-2a8d-43cb-b452-70d4ec845ae0] Object was deleted but could not be found in the ZRC.
[http://chemistry.apache.org/N2ZiOWJkMDAtZDA4My00MzJhLWJiYWQtMDFiMDYwYmZiMTI1OzEuMA==-7fb9bd00-d083-432a-bbad-01b060bfb125] Object was deleted but could not be found in the ZRC.
[http://chemistry.apache.org/NWJkNTA3ODktYzIxNy00Y2RlLWJkNTAtZDZhN2JhZTA2NDk0OzEuMA==-5bd50789-c217-4cde-bd50-d6a7bae06494] Object was deleted but could not be found in the ZRC.
[http://chemistry.apache.org/OWY2YjYyMTAtNzI3Ny00YmFlLWFiZDMtMjI4NDFjOWQ1NzRhOzEuMQ==-9f6b6210-7277-4bae-abd3-22841c9d574a] Object was deleted but could not be found in the ZRC.
[http://chemistry.apache.org/YzFkYWI1MGYtYWViMy00ZDhhLWE5NDEtZjFhZDkzYmNkNTQzOzEuMA==-c1dab50f-aeb3-4d8a-a941-f1ad93bcd543] Object was deleted but could not be found in the ZRC.
[http://chemistry.apache.org/ZTE4YWY5MDAtNzZhYS00NzExLTlhOWMtYTExNTRiZjk1OTUyOzEuMQ==-e18af900-76aa-4711-9a9c-a1154bf95952] Object was deleted but could not be found in the ZRC.
[http://chemistry.apache.org/Yzg2OGExYTItOWRkMy00OTIxLTliYTAtMDQ5ODg4YmZjNDA3OzEuMA==-c868a1a2-9dd3-4921-9ba0-049888bfc407] Object was deleted but could not be found in the ZRC.
[http://chemistry.apache.org/ODU5YzczZDktZmMxNC00MTgzLWE1N2MtMmE3M2IwYjdkY2EwOzEuMA==-859c73d9-fc14-4183-a57c-2a73b0b7dca0] Object was deleted but could not be found in the ZRC.
[http://chemistry.apache.org/N2M0YjFkMTctMjJiMy00ZmJkLTlkZDEtNzM4ZTI4MjNhZjAwOzEuMQ==-7c4b1d17-22b3-4fbd-9dd1-738e2823af00] Object was deleted but could not be found in the ZRC.
[http://chemistry.apache.org/MTBkMDFkZjUtNTJjZS00NTVkLTk2OGYtNWYyZTk5ODE3NGE1OzEuMA==-10d01df5-52ce-455d-968f-5f2e998174a5] Object was deleted but could not be found in the ZRC.
[http://chemistry.apache.org/OGNlZjViM2YtMDQzZi00YjI5LTkzMzUtYTkxZjU4Njg5YTBiOzEuMA==-8cef5b3f-043f-4b29-9335-a91f58689a0b] Object was deleted but could not be found in the ZRC.
[http://chemistry.apache.org/NGY4ZDQ4ZjMtZjg1Yy00NWEwLTk4MjUtYzRjOGNiY2FlOWNiOzEuMA==-4f8d48f3-f85c-45a0-9825-c4c8cbcae9cb] Object was deleted but could not be found in the ZRC.
[http://chemistry.apache.org/YThkNTFkZTItYTJiNC00MmIzLWE3NzEtOTk4N2UyYWRjNjg0OzEuMA==-a8d51de2-a2b4-42b3-a771-9987e2adc684] Object was deleted but could not be found in the ZRC.
[http://chemistry.apache.org/Njc4ZGViNmMtMjI4MC00NTMyLTg0NGMtZDQ3ODQ4MDI3ZGVhOzEuMA==-678deb6c-2280-4532-844c-d47848027dea] Object was deleted but could not be found in the ZRC.
[http://chemistry.apache.org/ZjQ2NTFmYTItZjk1YS00ZDdlLThlNTAtY2U2YTg3NWFkNzFjOzEuMA==-f4651fa2-f95a-4d7e-8e50-ce6a875ad71c] Object was deleted but could not be found in the ZRC.
[http://chemistry.apache.org/YjMxMmIxNjYtZTRkZi00Yzg5LTk2ODgtYTZiNTc0YzZiMTZmOzEuMA==-b312b166-e4df-4c89-9688-a6b574c6b16f] Object was deleted but could not be found in the ZRC.
[http://chemistry.apache.org/NGM4MTcwNmQtYzdiNy00MzcxLWE2MDMtMDIwMjIxZTU5YzRlOzEuMA==-4c81706d-c7b7-4371-a603-020221e59c4e] Object was deleted but could not be found in the ZRC.
[http://chemistry.apache.org/ZGM0YjI2M2YtMTllNi00M2VkLWFlOGQtYTZkZmZiZWIzN2IxOzEuMA==-dc4b263f-19e6-43ed-ae8d-a6dffbeb37b1] Object was deleted but could not be found in the ZRC.
[http://chemistry.apache.org/ZGRkZTg1ODAtNjlkMC00ZjZiLWE4YTUtMTY2MzExYzliMWFkOzEuMQ==-ddde8580-69d0-4f6b-a8a5-166311c9b1ad] Object was deleted but could not be found in the ZRC.
[http://chemistry.apache.org/ODE5ZDcwYTAtM2VjOC00ZmU5LWFmZGYtZGY2YWM4NGQ2NzA5OzEuMA==-819d70a0-3ec8-4fe9-afdf-df6ac84d6709] Object was deleted but could not be found in the ZRC.
[http://chemistry.apache.org/M2M2NDI2MDMtOTFiOS00N2FjLWI0MTItOTg1YTMyNzE5ZTM0OzEuMA==-3c642603-91b9-47ac-b412-985a32719e34] Object was deleted but could not be found in the ZRC.
[http://chemistry.apache.org/M2VkZmYxYmQtMGQ5OC00MDM5LWIzM2MtYWY1NjQ5MzNhOTFjOzEuMA==-3edff1bd-0d98-4039-b33c-af564933a91c] Object was deleted but could not be found in the ZRC.
[http://chemistry.apache.org/N2JmZjFlMDEtY2YzMC00MDZmLWFlY2MtNTk5MTNlM2Y1MzY2OzEuMA==-7bff1e01-cf30-406f-aecc-59913e3f5366] Object was deleted but could not be found in the ZRC.
[http://chemistry.apache.org/MTczYTNjZjAtYzU4MS00Nzg5LTlmZDMtYWIwZjgyN2YwNGVmOzEuMA==-173a3cf0-c581-4789-9fd3-ab0f827f04ef] Object was deleted but could not be found in the ZRC.
[http://chemistry.apache.org/ODYyN2YyYmQtMDM2MS00MTNmLTk0NDUtMmYyZGQyZDg0OTc4OzEuMA==-8627f2bd-0361-413f-9445-2f2dd2d84978] Object was deleted but could not be found in the ZRC.
[http://chemistry.apache.org/OGNmN2Q5NTktYWRjMy00YzFkLThlNTQtNjE1MDJhNWQ1MzUxOzEuMA==-8cf7d959-adc3-4c1d-8e54-61502a5d5351] Object was deleted but could not be found in the ZRC.
[http://chemistry.apache.org/NDhhMWU3NGUtZWRkMi00Mjk3LTg3YTUtNDM3OWZmZGZmMGI0OzEuMA==-48a1e74e-edd2-4297-87a5-4379ffdff0b4] Object was deleted but could not be found in the ZRC.
[http://chemistry.apache.org/Y2JjNjgzZjQtM2FkYi00NTQ3LTgzNzUtMWZjZDhmZTlkMDhjOzEuMA==-cbc683f4-3adb-4547-8375-1fcd8fe9d08c] Object was deleted but could not be found in the ZRC.
[http://chemistry.apache.org/OWZlNTg1YzktNDEwYi00MjFiLWIwMDctZjE2NTkyYzZiZTNjOzEuMA==-9fe585c9-410b-421b-b007-f16592c6be3c] Object was deleted but could not be found in the ZRC.
[http://chemistry.apache.org/MGQzYjIzOTgtMmY4ZS00ODM5LWE0ZDctYTEwNDFhZWJiMmZmOzEuMA==-0d3b2398-2f8e-4839-a4d7-a1041aebb2ff] Object was deleted but could not be found in the ZRC.
[http://chemistry.apache.org/ZmUyZWNhZWQtNGU2OS00ZDlmLTllYWItMjI2ZTg0ZDBlYjA2OzEuMA==-fe2ecaed-4e69-4d9f-9eab-226e84d0eb06] Object was deleted but could not be found in the ZRC.
[http://chemistry.apache.org/ZDYyOWZlZGUtNzZiZi00YjdkLTlhM2EtYjY0NDE3ZThlMDYzOzEuMA==-d629fede-76bf-4b7d-9a3a-b64417e8e063] Object was deleted but could not be found in the ZRC.
[http://chemistry.apache.org/NWI0NGM0MmUtODQ0NS00OGRhLTgwYWUtMzE3N2FlZDg3NzY5OzEuMA==-5b44c42e-8445-48da-80ae-3177aed87769] Object was deleted but could not be found in the ZRC.
[http://chemistry.apache.org/OTljNDhlZDAtYTI0Zi00NmYwLTgxNDYtNmE1MDcyZDZiYzA2OzEuMA==-99c48ed0-a24f-46f0-8146-6a5072d6bc06] Object was deleted but could not be found in the ZRC.
[http://chemistry.apache.org/ZDBiMGNlODctMjM4My00OTA3LWJmMWEtZGRiMDU0ZjkwMjhlOzEuMA==-d0b0ce87-2383-4907-bf1a-ddb054f9028e] Object was deleted but could not be found in the ZRC.
[http://chemistry.apache.org/OTEwMjVhYzYtM2Q5Ny00YzAwLTkzZTUtZTEyMWNjZmQ1MDc0OzEuMA==-91025ac6-3d97-4c00-93e5-e121ccfd5074] Object was deleted but could not be found in the ZRC.
[http://chemistry.apache.org/M2RhNTY4MjYtZGFlMS00ZjNkLTlkMTItOGE5NTdiYjVlMDMxOzEuMA==-3da56826-dae1-4f3d-9d12-8a957bb5e031] Object was deleted but could not be found in the ZRC.
[http://chemistry.apache.org/M2U1OGE5NTctOTZhNy00ZWM4LThjZTQtMGM5YzI5MmUxMjllOzEuMA==-3e58a957-96a7-4ec8-8ce4-0c9c292e129e] Object was deleted but could not be found in the ZRC.
[http://chemistry.apache.org/NWM1NDAzNzItNThhZS00NDBjLThkMzUtZWJkYzYyYWZjY2NkOzEuMA==-5c540372-58ae-440c-8d35-ebdc62afcccd] Object was deleted but could not be found in the ZRC.
[http://chemistry.apache.org/MWQ1Y2ViMTYtMWQwZi00MjhkLWFmOTgtMDk3NjkyNTY1MzcyOzEuMA==-1d5ceb16-1d0f-428d-af98-097692565372] Object was deleted but could not be found in the ZRC.
[http://chemistry.apache.org/NGEwZTMzMDUtMmY1NC00M2M3LTgzNTItYTRmYzEyZWI5NTRjOzEuMA==-4a0e3305-2f54-43c7-8352-a4fc12eb954c] Object was deleted but could not be found in the ZRC.
[http://chemistry.apache.org/NjEwYzZkNjQtY2ViZC00Y2ZiLWEyZGMtMGViNWQzM2NhZmQzOzEuMQ==-610c6d64-cebd-4cfb-a2dc-0eb5d33cafd3] Object was deleted but could not be found in the ZRC.
[http://chemistry.apache.org/YTExMWQxNzUtYzJhZi00ZGNmLTgyOWItZGFhZDBjOTc1YmE2OzEuMA==-a111d175-c2af-4dcf-829b-daad0c975ba6] Object was deleted but could not be found in the ZRC.
[http://chemistry.apache.org/NWYyMmQyOGQtMjQxZC00OWJkLTk4YmItNmQ0YzRmZDU4NTNhOzEuMA==-5f22d28d-241d-49bd-98bb-6d4c4fd5853a] Object was deleted but could not be found in the ZRC.
[http://chemistry.apache.org/NGNlMWZjNGEtMDViZC00YzQ2LTliYWQtMDFmOTQ5YmU1YzYzOzEuMA==-4ce1fc4a-05bd-4c46-9bad-01f949be5c63] Object was deleted but could not be found in the ZRC.
[http://chemistry.apache.org/OTRiM2Q2YzctYWUzYy00M2YyLTk4NmMtOWZhMDZjMjVhMzE1OzEuMA==-94b3d6c7-ae3c-43f2-986c-9fa06c25a315] Object was deleted but could not be found in the ZRC.
[http://chemistry.apache.org/ZTFlZTk4YzItNGM0NS00ZDBlLThmYjEtNmE5MjdmMmE4OWU5OzEuMA==-e1ee98c2-4c45-4d0e-8fb1-6a927f2a89e9] Object was deleted but could not be found in the ZRC.
[http://chemistry.apache.org/Nzc2ODk2ODUtZTIyOC00NzVjLWEwZmUtNjFhOTg4NWZmYWNiOzEuMA==-77689685-e228-475c-a0fe-61a9885ffacb] Object was deleted but could not be found in the ZRC.
[http://chemistry.apache.org/MTg1NTYzOGMtYmNiNS00NWMwLTg3MDAtNTRhZGQ4NTI3ZGNmOzEuMA==-1855638c-bcb5-45c0-8700-54add8527dcf] Object was deleted but could not be found in the ZRC.
[http://chemistry.apache.org/NDY2ZTUyYzYtNzI5Zi00MWRhLWIxNDUtNWRmMDFhYjNiODZkOzEuMA==-466e52c6-729f-41da-b145-5df01ab3b86d] Object was deleted but could not be found in the ZRC.
[http://chemistry.apache.org/ZWNlNmQ4YTgtZjZiZi00NjEzLWIxNWEtYTExODc1ZTRhMGFjOzEuMA==-ece6d8a8-f6bf-4613-b15a-a11875e4a0ac] Object was deleted but could not be found in the ZRC.
[http://chemistry.apache.org/Zjc0NmJiMGUtMzFlYS00NDQyLTlmMTAtNTRjN2RmZTQyNzI1OzEuMA==-f746bb0e-31ea-4442-9f10-54c7dfe42725] Object was deleted but could not be found in the ZRC.
[http://chemistry.apache.org/YTUzOGFhMGEtODY3YS00NzZhLTk1ZDktYzY1YjUyNmFkMTA0OzEuMA==-a538aa0a-867a-476a-95d9-c65b526ad104] Object was deleted but could not be found in the ZRC.
[http://chemistry.apache.org/MzAyOGRjNzUtNjc5Mi00ZGNjLWIxOGQtMmM5ZmMzYjRmNjAyOzEuMA==-3028dc75-6792-4dcc-b18d-2c9fc3b4f602] Object was deleted but could not be found in the ZRC.
[http://chemistry.apache.org/MDIwYmNiNjQtNzU5MC00Mzk0LWE1YTItYzhlNTc1N2E2MzYzOzEuMA==-020bcb64-7590-4394-a5a2-c8e5757a6363] Object was deleted but could not be found in the ZRC.
[http://chemistry.apache.org/MmFiMWIyY2MtZjZiMS00OWY2LWJmYjYtMGRhZWNjMWZkMWQ1OzEuMA==-2ab1b2cc-f6b1-49f6-bfb6-0daecc1fd1d5] Object was deleted but could not be found in the ZRC.
[http://chemistry.apache.org/NzgzMGZlMTMtNWYyNS00YTI0LWFiNDMtOTNjM2QyNzdmMjA4OzEuMA==-7830fe13-5f25-4a24-ab43-93c3d277f208] Object was deleted but could not be found in the ZRC.
[http://chemistry.apache.org/ODljMDNiNTYtYmNkOS00NTQ0LTk0OWQtYWI3NDU4OWVjYjllOzEuMA==-89c03b56-bcd9-4544-949d-ab74589ecb9e] Object was deleted but could not be found in the ZRC.
[http://chemistry.apache.org/MWFmMjg0NjItYjA2ZC00NDA0LWFmYzctM2FhY2YzYjIwZmJiOzEuMA==-1af28462-b06d-4404-afc7-3aacf3b20fbb] Object was deleted but could not be found in the ZRC.
[http://chemistry.apache.org/ZTY2M2Q4YzctNzUyYS00YTY1LWE1ZDctNDlmZTA0N2MwNTBlOzEuMA==-e663d8c7-752a-4a65-a5d7-49fe047c050e] Object was deleted but could not be found in the ZRC.
[http://chemistry.apache.org/MTdjOWY3ZDUtZjU2My00NDM5LTlmMzktNzM4MDlkNjViNDNiOzEuMA==-17c9f7d5-f563-4439-9f39-73809d65b43b] Object was deleted but could not be found in the ZRC.
[http://chemistry.apache.org/YzZmMGIzMzYtNTkyZi00ZDI4LTlkMDYtZjYwYTJmOTc5YmRjOzEuMA==-c6f0b336-592f-4d28-9d06-f60a2f979bdc] Object was deleted but could not be found in the ZRC.
[http://chemistry.apache.org/OWQxYjg4ZTEtNTI4ZC00Nzc2LWE5MjUtMzI5MWMzOGYyZmExOzEuMA==-9d1b88e1-528d-4776-a925-3291c38f2fa1] Object was deleted but could not be found in the ZRC.
[http://chemistry.apache.org/ZGE3MzQxODEtYmMwNC00MmJhLWFlMmEtNjkwYTczYjIxNTM2OzEuMA==-da734181-bc04-42ba-ae2a-690a73b21536] Object was deleted but could not be found in the ZRC.
[http://chemistry.apache.org/NmZhNzA3NTktNzcyZi00NTlhLWI3MTktMDk3MzAyYzI1NjBjOzEuMQ==-6fa70759-772f-459a-b719-097302c2560c] Object was deleted but could not be found in the ZRC.
[http://chemistry.apache.org/MjBjMmYzNGMtZDNkZS00MDRkLTllNmYtMDgzZjVhMTAyZDM1OzEuMA==-20c2f34c-d3de-404d-9e6f-083f5a102d35] Object was deleted but could not be found in the ZRC.
[http://chemistry.apache.org/YmI0MjY4ZGQtYThiNi00MzY3LWI0ZTktZDk4YWUxNWMyMDdiOzEuMQ==-bb4268dd-a8b6-4367-b4e9-d98ae15c207b] Object was deleted but could not be found in the ZRC.
[http://chemistry.apache.org/NzI1ZmMxNmUtODIwMi00OGFlLTkwZDAtNjA0NDUzN2ZjYTRhOzEuMA==-725fc16e-8202-48ae-90d0-6044537fca4a] Object was deleted but could not be found in the ZRC.
[http://chemistry.apache.org/ODI2MDhkOTUtYjZlYS00ZWQyLWEwYTAtYjJkODk4ZGU2NjZhOzEuMA==-82608d95-b6ea-4ed2-a0a0-b2d898de666a] Object was deleted but could not be found in the ZRC.
[http://chemistry.apache.org/MDQ3NGI1NTQtZWJjNC00NWZmLThiMTAtNjk4Mjg0ZDJmZjllOzEuMA==-0474b554-ebc4-45ff-8b10-698284d2ff9e] Object was deleted but could not be found in the ZRC.
[http://chemistry.apache.org/ZTRkZDE3ODYtMjUzMC00ODkwLWI3ZDAtYjUyNTM2ZGMwYzI5OzEuMA==-e4dd1786-2530-4890-b7d0-b52536dc0c29] Object was deleted but could not be found in the ZRC.
[http://chemistry.apache.org/NDJiMGE3MTUtZTdmOS00OWU2LTk1YTAtMmRiNWI3YzkwNzc1OzEuMA==-42b0a715-e7f9-49e6-95a0-2db5b7c90775] Object was deleted but could not be found in the ZRC.
[http://chemistry.apache.org/Y2VjMmNiNGUtNjZiMy00NDEzLTgxMmMtYWM2NWM3ZThhMjQyOzEuMA==-cec2cb4e-66b3-4413-812c-ac65c7e8a242] Object was deleted but could not be found in the ZRC.
[http://chemistry.apache.org/ZGVlZWMzZmEtY2NkYy00Mzc1LWI0MjMtYTZlOWZiY2IxNTA2OzEuMA==-deeec3fa-ccdc-4375-b423-a6e9fbcb1506] Object was deleted but could not be found in the ZRC.
[http://chemistry.apache.org/NjBlZTUyOTItNWEyYi00OWQ1LWJlMTYtNjMzMDAwMzIzM2UyOzEuMA==-60ee5292-5a2b-49d5-be16-6330003233e2] Object was deleted but could not be found in the ZRC.
[http://chemistry.apache.org/NDI5ZjAwOGEtOTdkMy00ODQ0LTk5ZDQtYmI4YjNmNjE3OTg3OzEuMA==-429f008a-97d3-4844-99d4-bb8b3f617987] Object was deleted but could not be found in the ZRC.
[http://chemistry.apache.org/YWNhYzNkNTYtYTIwMi00YzgzLTg0NjgtMmM5NDQ0MTJlMDE3OzEuMA==-acac3d56-a202-4c83-8468-2c944412e017] Object was deleted but could not be found in the ZRC.
[http://chemistry.apache.org/NzMyMTI4MjAtNGQ2Mi00ZWUyLWE4ZTctMDgwMDY5MTA2OTRjOzEuMA==-73212820-4d62-4ee2-a8e7-08006910694c] Object was deleted but could not be found in the ZRC.
[http://chemistry.apache.org/YjYzZmUzN2YtYzM0Yi00ZjY4LTkzYTgtN2VhMGFmNzAwNTc5OzEuMA==-b63fe37f-c34b-4f68-93a8-7ea0af700579] Object was deleted but could not be found in the ZRC.
[http://chemistry.apache.org/ZWNkNmU0ZmQtYzM5Yi00ODY3LWFkMzYtMWZmM2ZhMGYwYjQyOzEuMA==-ecd6e4fd-c39b-4867-ad36-1ff3fa0f0b42] Object was deleted but could not be found in the ZRC.
[http://chemistry.apache.org/MWY5YzdhOTMtZjg4MC00ZmE0LWIxYzktZjk5OWU2Njg0MGJmOzEuMQ==-1f9c7a93-f880-4fa4-b1c9-f999e66840bf] Object was deleted but could not be found in the ZRC.
[http://chemistry.apache.org/ZjgxZGY3Y2UtNzU4Yy00ODAzLTk3NmEtNmEyMDBjNDQzN2M1OzEuMA==-f81df7ce-758c-4803-976a-6a200c4437c5] Object was deleted but could not be found in the ZRC.
[http://chemistry.apache.org/ZjQ3YjExMDgtMmMxNi00NTczLThhMDMtOGE3MGFmMmM3NDY1OzEuMQ==-f47b1108-2c16-4573-8a03-8a70af2c7465] Object was deleted but could not be found in the ZRC.
[http://chemistry.apache.org/MWY5ODlhN2ItZjk2Ni00NzZhLWFlZWMtN2RmYWQzOTI2MzRkOzEuMA==-1f989a7b-f966-476a-aeec-7dfad392634d] Object was deleted but could not be found in the ZRC.
[http://chemistry.apache.org/MjNhYzgxZjktNTNkMS00MDkyLWI0NjktMzM4MmI4ZDk4YzM1OzEuMA==-23ac81f9-53d1-4092-b469-3382b8d98c35] Object was deleted but could not be found in the ZRC.
[http://chemistry.apache.org/YjEzYTZhZjYtNGMxZS00ODllLTgzYzItOWQ0YjAwZWYwNmRiOzEuMA==-b13a6af6-4c1e-489e-83c2-9d4b00ef06db] Object was deleted but could not be found in the ZRC.
[http://chemistry.apache.org/OGM1M2I4ZDUtZTZhNC00ODU1LWI3NjctZmRlZGI1NWZjYmEzOzEuMA==-8c53b8d5-e6a4-4855-b767-fdedb55fcba3] Object was deleted but could not be found in the ZRC.
[http://chemistry.apache.org/NTQ0YzhlMDAtMWE4Mi00N2RiLTg1ZDctMTljMDYzYjU5YTcxOzEuMA==-544c8e00-1a82-47db-85d7-19c063b59a71] Object was deleted but could not be found in the ZRC.
[http://chemistry.apache.org/MDU4NTUzZGItNjI5ZS00YzQ0LTk1NTctOWE1YWU5NjljNDI0OzEuMA==-058553db-629e-4c44-9557-9a5ae969c424] Object was deleted but could not be found in the ZRC.
[http://chemistry.apache.org/MzMwNjc5NDgtODhlYy00YTE3LWEzOWYtODViMjdhMmZlZjM0OzEuMA==-33067948-88ec-4a17-a39f-85b27a2fef34] Object was deleted but could not be found in the ZRC.
[http://chemistry.apache.org/NTAzYjkwY2ItYmJlMC00ZDI4LTllYzEtNjhlMzVmM2FlNjE0OzEuMA==-503b90cb-bbe0-4d28-9ec1-68e35f3ae614] Object was deleted but could not be found in the ZRC.
[http://chemistry.apache.org/ZmViZTAwZGQtMDM4ZC00ZGI3LWEzZmUtNmMwNzBiMzU0YmE5OzEuMA==-febe00dd-038d-4db7-a3fe-6c070b354ba9] Object was deleted but could not be found in the ZRC.
[http://chemistry.apache.org/NTY2NDQyMzItNDk1YS00YmQ5LTkzMzItMGE4MWYxZmFiMjBhOzEuMA==-56644232-495a-4bd9-9332-0a81f1fab20a] Object was deleted but could not be found in the ZRC.
[http://chemistry.apache.org/NWMzMmI3ZWUtNGEwMi00MTA2LThjYjAtMDY3NTU2YTU0MWIyOzEuMA==-5c32b7ee-4a02-4106-8cb0-067556a541b2] Object was deleted but could not be found in the ZRC.
[http://chemistry.apache.org/ZjhiYWMwMDMtNGIyYS00ZmQwLWEwOGYtZmYwNTRiNmQ3OTA0OzEuMA==-f8bac003-4b2a-4fd0-a08f-ff054b6d7904] Object was deleted but could not be found in the ZRC.
[http://chemistry.apache.org/MzkzZDhiMTktZGViNy00NjgzLThhYTktY2FiOWE5ODEzODMzOzEuMA==-393d8b19-deb7-4683-8aa9-cab9a9813833] Object was deleted but could not be found in the ZRC.
[http://chemistry.apache.org/YWVmY2I5ZGUtNWFlOS00YjJlLTg0MTAtOTlhNGY5ZTU4NGY5OzEuMA==-aefcb9de-5ae9-4b2e-8410-99a4f9e584f9] Object was deleted but could not be found in the ZRC.
[http://chemistry.apache.org/NTAyYjBjODItYTY0MS00MTk5LWJlNzYtNDg4N2Q3YWJlNGZjOzEuMA==-502b0c82-a641-4199-be76-4887d7abe4fc] Object was deleted but could not be found in the ZRC.
[http://chemistry.apache.org/OTAzNDBhNGUtMTAwMi00NGQ2LWEwNjItYjNhODA5YmZiZTg2OzEuMA==-90340a4e-1002-44d6-a062-b3a809bfbe86] Object was deleted but could not be found in the ZRC.
[http://chemistry.apache.org/YmM5ZmU3N2MtYzZiMC00MDE3LTg3YTEtNGUyZjBkNWQ3OGUyOzEuMA==-bc9fe77c-c6b0-4017-87a1-4e2f0d5d78e2] Object was deleted but could not be found in the ZRC.
[http://chemistry.apache.org/ZmI2NzhmYjItMTk3My00N2ZjLWFmYjEtOTAxMDUyYThmN2Q2OzEuMA==-fb678fb2-1973-47fc-afb1-901052a8f7d6] Object was deleted but could not be found in the ZRC.
[http://chemistry.apache.org/YmI1NDkzZjMtMGNmNS00ZGNhLWI0OGMtZDIwMDMyOWViM2RiOzEuMA==-bb5493f3-0cf5-4dca-b48c-d200329eb3db] Object was deleted but could not be found in the ZRC.
[http://chemistry.apache.org/MjliNjBlMDQtYTdlZS00NGEwLThjOTQtZjM5NDk3ZTQxMzNhOzEuMA==-29b60e04-a7ee-44a0-8c94-f39497e4133a] Object was deleted but could not be found in the ZRC.
[http://chemistry.apache.org/MGVkODc2MjQtMzBlNi00N2I3LThiNjktZDAzMjI4Y2EwODMxOzEuMA==-0ed87624-30e6-47b7-8b69-d03228ca0831] Object was deleted but could not be found in the ZRC.
[http://chemistry.apache.org/YmVjZTU4OGMtNzQ3Zi00YjM1LTkzMzctMDNmNWVmNWIwMThkOzEuMA==-bece588c-747f-4b35-9337-03f5ef5b018d] Object was deleted but could not be found in the ZRC.
[http://chemistry.apache.org/NjBjM2Q5ZDgtZjRhMS00YzYxLWExNDktNzQzMTFjZmQzMzFiOzEuMA==-60c3d9d8-f4a1-4c61-a149-74311cfd331b] Object was deleted but could not be found in the ZRC.
[http://chemistry.apache.org/MWQwMDBmMjQtNTQ4Yi00MzAzLTlkZTQtNmZjZGFlOGI3ZjkwOzEuMA==-1d000f24-548b-4303-9de4-6fcdae8b7f90] Object was deleted but could not be found in the ZRC.
[http://chemistry.apache.org/NmNkNGI0MTEtM2YwMi00ZmI4LWJkNjUtYWM1MTdlOTM5ZGNkOzEuMA==-6cd4b411-3f02-4fb8-bd65-ac517e939dcd] Object was deleted but could not be found in the ZRC.
[http://chemistry.apache.org/ZGRjZWE0ZmYtMzM0MC00YjlhLTg5MDEtNzc3OGEyNGYyNjA1OzEuMA==-ddcea4ff-3340-4b9a-8901-7778a24f2605] Object was deleted but could not be found in the ZRC.
[http://chemistry.apache.org/NjFkYjllMzYtZGYzNC00ODQ0LWFkNzktODIyOTAyN2U3Yjk0OzEuMA==-61db9e36-df34-4844-ad79-8229027e7b94] Object was deleted but could not be found in the ZRC.
[http://chemistry.apache.org/ZTQwMDAxYTQtZDczZS00ZDMxLTgyNmUtMmU3NjY1OWJhYWUyOzEuMA==-e40001a4-d73e-4d31-826e-2e76659baae2] Object was deleted but could not be found in the ZRC.
[http://chemistry.apache.org/NDgwYjRkMDQtYmJiZS00OGY1LWI3MjQtMzgxZTM5YTAyMDhlOzEuMA==-480b4d04-bbbe-48f5-b724-381e39a0208e] Object was deleted but could not be found in the ZRC.
[http://chemistry.apache.org/YmIzNTBhNDctOWNhYy00NjZiLWI0NTEtOGZiNmQ2OGUwNGRhOzEuMA==-bb350a47-9cac-466b-b451-8fb6d68e04da] Object was deleted but could not be found in the ZRC.
[http://chemistry.apache.org/ZDMwNmUzYzgtMzVmZC00ZDY0LWE1NjMtMmZiM2E0YTgzZTkyOzEuMA==-d306e3c8-35fd-4d64-a563-2fb3a4a83e92] Object was deleted but could not be found in the ZRC.
[http://chemistry.apache.org/NjEyOWYzYWEtZTIzZS00YmFhLTk1NjgtMDZiYWZiZDMwOWNhOzEuMA==-6129f3aa-e23e-4baa-9568-06bafbd309ca] Object was deleted but could not be found in the ZRC.
[http://chemistry.apache.org/MjkzMmUxMGItOTA0MC00NzYxLWJjNjItNDZmMWJiMjJmMzBhOzEuMA==-2932e10b-9040-4761-bc62-46f1bb22f30a] Object was deleted but could not be found in the ZRC.
[http://chemistry.apache.org/ZDljYWRlMDQtNWRiNS00ZjNjLTg2ZjUtMzhhMmM4MmU5NTllOzEuMA==-d9cade04-5db5-4f3c-86f5-38a2c82e959e] Object was deleted but could not be found in the ZRC.
[http://chemistry.apache.org/ZjhiZTZlZjYtMTU0NS00OTZjLWEwM2ItZTJjNWRhMzU5MWI0OzEuMA==-f8be6ef6-1545-496c-a03b-e2c5da3591b4] Object was deleted but could not be found in the ZRC.
[http://chemistry.apache.org/ZDA4M2Q5ODAtZGE5OS00Zjk3LWFkOWItNDQxMjRjMDg1MmIyOzEuMA==-d083d980-da99-4f97-ad9b-44124c0852b2] Object was deleted but could not be found in the ZRC.
[http://chemistry.apache.org/YTU1MTA0YjgtMzk3MS00MDFmLTk5NGQtOWYyYjk1N2RiMjRkOzEuMA==-a55104b8-3971-401f-994d-9f2b957db24d] Object was deleted but could not be found in the ZRC.
[http://chemistry.apache.org/YjY1ZmFmYjctNjVlMy00MjI3LTgyNWQtNjk5OWM0OTI0MTA2OzEuMA==-b65fafb7-65e3-4227-825d-6999c4924106] Object was deleted but could not be found in the ZRC.
[http://chemistry.apache.org/MmFmY2M3NDctMmZkZS00MWQyLTg2ODQtOTg3NjEwZmVmNzk2OzEuMA==-2afcc747-2fde-41d2-8684-987610fef796] Object was deleted but could not be found in the ZRC.
[http://chemistry.apache.org/ZWIwYzYyNzAtNzEzZC00ODY1LWFkYTUtZmQ5OTYwM2ExYThlOzEuMA==-eb0c6270-713d-4865-ada5-fd99603a1a8e] Object was deleted but could not be found in the ZRC.
[http://chemistry.apache.org/ZDcyZTE4MjYtYzFhYS00MTVmLWI2YWItYzI0MGE0NzQ2Y2UwOzEuMA==-d72e1826-c1aa-415f-b6ab-c240a4746ce0] Object was deleted but could not be found in the ZRC.
[http://chemistry.apache.org/Zjg4ODhkNDctZWM0NS00NzBkLTkwNjktNmFlMGM4YTU5MmM2OzEuMA==-f8888d47-ec45-470d-9069-6ae0c8a592c6] Object was deleted but could not be found in the ZRC.
[http://chemistry.apache.org/OTJkNTMyZjQtOTRkMS00M2FlLTljYmQtMzQxYTNkZGFkMTc1OzEuMA==-92d532f4-94d1-43ae-9cbd-341a3ddad175] Object was deleted but could not be found in the ZRC.
[http://chemistry.apache.org/YTFkOGI3YTgtY2IwOS00MzFmLTk5ZDgtZGZjMDdkYjNlYjEwOzEuMA==-a1d8b7a8-cb09-431f-99d8-dfc07db3eb10] Object was deleted but could not be found in the ZRC.
[http://chemistry.apache.org/NTY3MDI1YmItNjRlNy00YzQ1LTg2MDAtYTc3N2NlY2E0MTVmOzEuMA==-567025bb-64e7-4c45-8600-a777ceca415f] Object was deleted but could not be found in the ZRC.
[http://chemistry.apache.org/MTM2MTNiODYtMDE3Yy00MDJlLWIwNDktZDZkNGQ3N2QyNTlhOzEuMA==-13613b86-017c-402e-b049-d6d4d77d259a] Object was deleted but could not be found in the ZRC.
[http://chemistry.apache.org/OGUxYjc1YTMtNmE1Ny00ZjZkLWFiNWYtMDFkMzZmMTc0YzY4OzEuMA==-8e1b75a3-6a57-4f6d-ab5f-01d36f174c68] Object was deleted but could not be found in the ZRC.
[http://chemistry.apache.org/NjU3MGY5ZTAtOTYwMC00MTJmLWEwODItNGYyMjgzODQ2NzBjOzEuMA==-6570f9e0-9600-412f-a082-4f228384670c] Object was deleted but could not be found in the ZRC.
[http://chemistry.apache.org/MmRiZWE5MmYtNTIzMi00ZGM1LWFjZTMtZTY5NzdlZWQzNWYyOzEuMQ==-2dbea92f-5232-4dc5-ace3-e6977eed35f2] Object was deleted but could not be found in the ZRC.
[http://chemistry.apache.org/MmE3Zjk3ZjItMmYzNy00Nzc0LThkYjQtMDJmMWJmNmYzMzU1OzEuMA==-2a7f97f2-2f37-4774-8db4-02f1bf6f3355] Object was deleted but could not be found in the ZRC.
[http://chemistry.apache.org/ZTNmNjY5M2MtNmNhOC00M2U0LTlhMjAtZTI4Zjg0NmFjZmVkOzEuMA==-e3f6693c-6ca8-43e4-9a20-e28f846acfed] Object was deleted but could not be found in the ZRC.
[http://chemistry.apache.org/NmUzYzEyOTAtNjZlOS00NGE1LTk4OGMtZTUyNjczMDhkY2U3OzEuMA==-6e3c1290-66e9-44a5-988c-e5267308dce7] Object was deleted but could not be found in the ZRC.
[http://chemistry.apache.org/MDg3ZDYzNTYtNzhlMy00Yzc5LTlkZjctOWU1ZWM0N2QwNDQwOzEuMA==-087d6356-78e3-4c79-9df7-9e5ec47d0440] Object was deleted but could not be found in the ZRC.
[http://chemistry.apache.org/OTE5M2M4OGItMGY0ZS00NDBlLWEwY2QtOWNlOWQ2Njg1MzI0OzEuMA==-9193c88b-0f4e-440e-a0cd-9ce9d6685324] Object was deleted but could not be found in the ZRC.
[http://chemistry.apache.org/ZTQyNjYzNTEtZjk1OS00Y2E5LWJjMDItMGEyOGU2ZTE0ZmIxOzEuMQ==-e4266351-f959-4ca9-bc02-0a28e6e14fb1] Object was deleted but could not be found in the ZRC.
[http://chemistry.apache.org/Y2NhYzQ3OTEtZjBiZi00ZDZjLWJiOWUtZDgxY2ViZjFkNDQ1OzEuMA==-ccac4791-f0bf-4d6c-bb9e-d81cebf1d445] Object was deleted but could not be found in the ZRC.
[http://chemistry.apache.org/ZGU2NWI0ZWItY2RlNC00YzU1LThkYjAtMmNiZDE4NWQ2N2JjOzEuMA==-de65b4eb-cde4-4c55-8db0-2cbd185d67bc] Object was deleted but could not be found in the ZRC.
[http://chemistry.apache.org/MzAyM2Q1YWUtOGRiOC00NjJiLTlhNzMtMWQ5ZDczYjEwMTE5OzEuMA==-3023d5ae-8db8-462b-9a73-1d9d73b10119] Object was deleted but could not be found in the ZRC.
[http://chemistry.apache.org/NGFkN2U2NjYtODViOS00NzljLThhZWMtNzE1ZWJlYjhkODI0OzEuMA==-4ad7e666-85b9-479c-8aec-715ebeb8d824] Object was deleted but could not be found in the ZRC.
[http://chemistry.apache.org/NWM0ZWQwYjQtNTYwNi00NDYyLTgyYWItNGZkMjA4OGNlZDI3OzEuMA==-5c4ed0b4-5606-4462-82ab-4fd2088ced27] Object was deleted but could not be found in the ZRC.
[http://chemistry.apache.org/NjMyMmU3NGYtYTg0Yi00MzNlLWE3ODgtNmQwNmYzOTk5ZjQyOzEuMA==-6322e74f-a84b-433e-a788-6d06f3999f42] Object was deleted but could not be found in the ZRC.
[http://chemistry.apache.org/MDM2ZDM2MTUtYWI4ZC00YTViLTg1N2QtZDY5YmQ2YTM0ODI3OzEuMQ==-036d3615-ab8d-4a5b-857d-d69bd6a34827] Object was deleted but could not be found in the ZRC.
[http://chemistry.apache.org/YzVmZjFhNDEtODYyNS00Y2ZiLWJiZjktNDk3NzQxODdlMmJiOzEuMA==-c5ff1a41-8625-4cfb-bbf9-49774187e2bb] Object was deleted but could not be found in the ZRC.
[http://chemistry.apache.org/ZTRkZTlmNzEtZDM1My00NDlmLTllZGItNzNjNzY4MzE1NzczOzEuMA==-e4de9f71-d353-449f-9edb-73c768315773] Object was deleted but could not be found in the ZRC.
[http://chemistry.apache.org/ZGMxY2Y5YmQtYzM1OC00MjA0LTk2MzAtODRmMTNjYTE3MjFkOzEuMA==-dc1cf9bd-c358-4204-9630-84f13ca1721d] Object was deleted but could not be found in the ZRC.
[http://chemistry.apache.org/Yjc0YTdkZmItM2QxMS00NTJiLTg5YjgtN2I2M2NkMjMwOTZkOzEuMA==-b74a7dfb-3d11-452b-89b8-7b63cd23096d] Object was deleted but could not be found in the ZRC.
[http://chemistry.apache.org/NDY4ODczMWYtMjAzNy00M2MxLThlYmItZjk3NDZkMGRiYTgzOzEuMA==-4688731f-2037-43c1-8ebb-f9746d0dba83] Object was deleted but could not be found in the ZRC.
[http://chemistry.apache.org/NTUxNWQxZTItZGM3Yi00ZThkLTk3MmYtNjQ3M2RhNWMwODYzOzEuMA==-5515d1e2-dc7b-4e8d-972f-6473da5c0863] Object was deleted but could not be found in the ZRC.
[http://chemistry.apache.org/ZmQxNTNkM2UtNjYzMy00NjZmLWI3MTItNDkxZjYyNTc3Y2E2OzEuMA==-fd153d3e-6633-466f-b712-491f62577ca6] Object was deleted but could not be found in the ZRC.
[http://chemistry.apache.org/NTRhNzFlODktMTBkMy00ZmZjLThlOTAtMjFkYzY1Mzg4Mzk0OzEuMA==-54a71e89-10d3-4ffc-8e90-21dc65388394] Object was deleted but could not be found in the ZRC.
[http://chemistry.apache.org/NGJlMWMzNWEtNTc3YS00M2UzLWI0NzYtOGY3YjdhODU4ZGM5OzEuMA==-4be1c35a-577a-43e3-b476-8f7b7a858dc9] Object was deleted but could not be found in the ZRC.
[http://chemistry.apache.org/YzFhOWU1YjEtYmE3OS00NzMxLWI3MWItNTg3NGUwMGYwZmRiOzEuMA==-c1a9e5b1-ba79-4731-b71b-5874e00f0fdb] Object was deleted but could not be found in the ZRC.
[http://chemistry.apache.org/ZjJkZmE2YzUtYTdmZi00NWM5LWFkOTQtZmQ2YmJlMzAyODljOzEuMQ==-f2dfa6c5-a7ff-45c9-ad94-fd6bbe30289c] Object was deleted but could not be found in the ZRC.
[http://chemistry.apache.org/YjNkNTQ4YWUtN2FhZS00N2QyLWE0OTEtNGIxYTVlNmNkNzg0OzEuMA==-b3d548ae-7aae-47d2-a491-4b1a5e6cd784] Object was deleted but could not be found in the ZRC.
[http://chemistry.apache.org/MDM3MWU1MTctNzY0YS00MWViLWJiNGUtN2FlYjZkYzc0NmY1OzEuMA==-0371e517-764a-41eb-bb4e-7aeb6dc746f5] Object was deleted but could not be found in the ZRC.
[http://chemistry.apache.org/MjRlNGEzMWItYjU3MC00N2Q3LTgzZjctMzgwMzQ5ZTU5ZDZiOzEuMA==-24e4a31b-b570-47d7-83f7-380349e59d6b] Object was deleted but could not be found in the ZRC.
[http://chemistry.apache.org/ZTVhMWIxMzItZGI4NC00ODEzLWE3MDMtNmVlMmFkNjhlNzNhOzEuMA==-e5a1b132-db84-4813-a703-6ee2ad68e73a] Object was deleted but could not be found in the ZRC.
[http://chemistry.apache.org/NGY2N2EzYjAtNjE3Zi00NDkwLWFkNGItZjg4OWNmYTI5MjY2OzEuMQ==-4f67a3b0-617f-4490-ad4b-f889cfa29266] Object was deleted but could not be found in the ZRC.
[http://chemistry.apache.org/NGY3NWJkYWUtM2NiMy00ODkzLWExMmYtYTlmN2NkODE5ZTk0OzEuMA==-4f75bdae-3cb3-4893-a12f-a9f7cd819e94] Object was deleted but could not be found in the ZRC.
[http://chemistry.apache.org/MjVjZWUzMmItZGNlMy00MTNiLWI1NzAtZTY0MGNmZDhkMmQxOzEuMA==-25cee32b-dce3-413b-b570-e640cfd8d2d1] Object was deleted but could not be found in the ZRC.
[http://chemistry.apache.org/ZTVjMWMzZWYtMzhiMy00ZjkzLTk2YTktYzE2MzliZTA1ZjNiOzEuMA==-e5c1c3ef-38b3-4f93-96a9-c1639be05f3b] Object was deleted but could not be found in the ZRC.
[http://chemistry.apache.org/NzU0ZGI3MWYtN2RlOS00Y2U1LTg3NTYtOTI4OGIxY2M5NmMwOzEuMA==-754db71f-7de9-4ce5-8756-9288b1cc96c0] Object was deleted but could not be found in the ZRC.
[http://chemistry.apache.org/NTY4MmZkYTMtYjhjYS00NDViLWEyY2MtNjllNDM5MDdkYTJhOzEuMA==-5682fda3-b8ca-445b-a2cc-69e43907da2a] Object was deleted but could not be found in the ZRC.
[http://chemistry.apache.org/NTgzODk1ZGUtMjgwNC00ZjA3LTlhYTEtNjI1NGEyNTg3MGM1OzEuMA==-583895de-2804-4f07-9aa1-6254a25870c5] Object was deleted but could not be found in the ZRC.
[http://chemistry.apache.org/YzJjNTcyZmUtNmQwNi00NzJlLTg4OWUtYmYzNTZmMmZlNjUzOzEuMA==-c2c572fe-6d06-472e-889e-bf356f2fe653] Object was deleted but could not be found in the ZRC.
[http://chemistry.apache.org/YzBmNzdlZTUtZDE4Yy00YTYwLWEwMjktOTU4ODQyODdkZWE5OzEuMA==-c0f77ee5-d18c-4a60-a029-95884287dea9] Object was deleted but could not be found in the ZRC.
[http://chemistry.apache.org/Y2E5N2Y0ZWMtOGZmNS00M2UyLThjMWEtMzVjMjExYzc1OWQwOzEuMA==-ca97f4ec-8ff5-43e2-8c1a-35c211c759d0] Object was deleted but could not be found in the ZRC.
[http://chemistry.apache.org/MzIxOWZhNzUtOTJhMy00YTg2LWI0MWQtZTg5NmZjNzAzZjhjOzEuMQ==-3219fa75-92a3-4a86-b41d-e896fc703f8c] Object was deleted but could not be found in the ZRC.
[http://chemistry.apache.org/MDg5YTg2Y2EtYzY2NS00MWIxLWFmZTctMzIwMDI2OWYyNzVkOzEuMA==-089a86ca-c665-41b1-afe7-3200269f275d] Object was deleted but could not be found in the ZRC.
[http://chemistry.apache.org/MjQ1NDA4MmQtODFlMi00MWJiLWFhZjItYzdiMjdmMzgzNjc3OzEuMA==-2454082d-81e2-41bb-aaf2-c7b27f383677] Object was deleted but could not be found in the ZRC.
[http://chemistry.apache.org/MGI2OWZiM2ItYWNkMi00YTI2LWE2YTYtZTFlZGIwNjdkNjcwOzEuMA==-0b69fb3b-acd2-4a26-a6a6-e1edb067d670] Object was deleted but could not be found in the ZRC.
[http://chemistry.apache.org/MDE3YzI5NzctNWQ2NS00N2MwLWFjMzUtZTBiMWUyMTEwMjZhOzEuMQ==-017c2977-5d65-47c0-ac35-e0b1e211026a] Object was deleted but could not be found in the ZRC.
[http://chemistry.apache.org/NzIxZTY2MWQtYzE3MS00ZGU4LTkwZjQtMDRkODJhOWIyMTk4OzEuMA==-721e661d-c171-4de8-90f4-04d82a9b2198] Object was deleted but could not be found in the ZRC.
[http://chemistry.apache.org/OTJmYTIxOGEtNzhjZS00NTcxLTg4MGItZTg4NzZlOWRkZDA5OzEuMA==-92fa218a-78ce-4571-880b-e8876e9ddd09] Object was deleted but could not be found in the ZRC.
[http://chemistry.apache.org/ZmEwNjAzNTQtMzQzNS00YTYzLTkzODUtNjNlYTRmYzBlY2FkOzEuMA==-fa060354-3435-4a63-9385-63ea4fc0ecad] Object was deleted but could not be found in the ZRC.
[http://chemistry.apache.org/NDljMDkyNzMtMjc0Mi00NDBjLThmNGItZTE0OTAwNTJhOTkxOzEuMA==-49c09273-2742-440c-8f4b-e1490052a991] Object was deleted but could not be found in the ZRC.
[http://chemistry.apache.org/MzVhNzUyZTMtODIxOC00M2YyLWExMjItYjFkNzM3NGY5MmNkOzEuMA==-35a752e3-8218-43f2-a122-b1d7374f92cd] Object was deleted but could not be found in the ZRC.
[http://chemistry.apache.org/M2E3ZDIxODYtMTJmMi00Zjk1LTgxYWItMTkyZDAwYzMzZjI5OzEuMA==-3a7d2186-12f2-4f95-81ab-192d00c33f29] Object was deleted but could not be found in the ZRC.
[http://chemistry.apache.org/MDY0YWNjZDUtMjI3Zi00YjcxLTk0NmYtOWQxODlmYjExMjE4OzEuMA==-064accd5-227f-4b71-946f-9d189fb11218] Object was deleted but could not be found in the ZRC.
[http://chemistry.apache.org/NGJmYjZjMmEtZmRmMy00YjMyLWFjZDktYTUwNjlhYjY3NWZmOzEuMA==-4bfb6c2a-fdf3-4b32-acd9-a5069ab675ff] Object was deleted but could not be found in the ZRC.
[http://chemistry.apache.org/NjBlMTkyZjEtYjkyMC00NzI5LThmNTEtYTk4NGRjNTg0NGJkOzEuMA==-60e192f1-b920-4729-8f51-a984dc5844bd] Object was deleted but could not be found in the ZRC.
[http://chemistry.apache.org/M2RlZTkzMmEtNmU3MC00MzE3LTlmNDctOGI3YTRkMzI1NDE3OzEuMQ==-3dee932a-6e70-4317-9f47-8b7a4d325417] Object was deleted but could not be found in the ZRC.
[http://chemistry.apache.org/M2QxOTJiMmUtNDkwNS00NzU1LTliM2YtMjJlMTgzOGMyNTQyOzEuMA==-3d192b2e-4905-4755-9b3f-22e1838c2542] Object was deleted but could not be found in the ZRC.
[http://chemistry.apache.org/OWEyZTU5NTktZDc5MC00ZGZkLWI1MGUtMzU3M2IxZDkzMTAyOzEuMA==-9a2e5959-d790-4dfd-b50e-3573b1d93102] Object was deleted but could not be found in the ZRC.
[http://chemistry.apache.org/OTE3MDBiMjYtNjBhZi00YTcxLTkzNDUtYzYyZDQxZjgwMzQ2OzEuMA==-91700b26-60af-4a71-9345-c62d41f80346] Object was deleted but could not be found in the ZRC.
[http://chemistry.apache.org/NTJlN2YxMmItMjY4OC00NDdhLTk3MjEtNDkyMjc3NDYxY2YwOzEuMA==-52e7f12b-2688-447a-9721-492277461cf0] Object was deleted but could not be found in the ZRC.
[http://chemistry.apache.org/MDFhMjA1YzItMDczYS00MGM5LTk0NmMtNTdiNTE3MmQyZjQ0OzEuMA==-01a205c2-073a-40c9-946c-57b5172d2f44] Object was deleted but could not be found in the ZRC.
[http://chemistry.apache.org/N2JkZjc2N2YtOTg2Yy00MmJlLTk0Y2YtYmM2NmZkYjA1ODA1OzEuMQ==-7bdf767f-986c-42be-94cf-bc66fdb05805] Object was deleted but could not be found in the ZRC.
[http://chemistry.apache.org/MTgxZTE0NTMtNGI0Zi00YWU2LWE2OGQtZjQ2ZDc3MDM0NTU3OzEuMA==-181e1453-4b4f-4ae6-a68d-f46d77034557] Object was deleted but could not be found in the ZRC.
[http://chemistry.apache.org/MDRkNmI4OTUtYTFmMC00Y2Q2LWE2MzYtMzc3MzY2NmJjZDZmOzEuMA==-04d6b895-a1f0-4cd6-a636-3773666bcd6f] Object was deleted but could not be found in the ZRC.
[http://chemistry.apache.org/ZGRhOTFlYjUtMDE4MS00OWY0LThjZWEtMDBjNjhhY2ZhMjc1OzEuMA==-dda91eb5-0181-49f4-8cea-00c68acfa275] Object was deleted but could not be found in the ZRC.
[http://chemistry.apache.org/NDgyNWViNzktZWZlOC00ZDU1LWE4YjctMjc4ODA4NjAxZTUzOzEuMQ==-4825eb79-efe8-4d55-a8b7-278808601e53] Object was deleted but could not be found in the ZRC.
[http://chemistry.apache.org/ZjRjZTI1ZWMtM2JkMi00NzE4LTk5MGUtMzY3OTQ2OTA3MmUwOzEuMA==-f4ce25ec-3bd2-4718-990e-3679469072e0] Object was deleted but could not be found in the ZRC.
[http://chemistry.apache.org/YjA2YjdiZTktNTAwNi00OGFjLThjYjUtNDIxN2RmZmNjOTk1OzEuMA==-b06b7be9-5006-48ac-8cb5-4217dffcc995] Object was deleted but could not be found in the ZRC.
[http://chemistry.apache.org/MjJhNTY2MTQtM2E0MC00ZGI5LWEyZWYtY2ZmYTJjY2QyODk2OzEuMA==-22a56614-3a40-4db9-a2ef-cffa2ccd2896] Object was deleted but could not be found in the ZRC.
[http://chemistry.apache.org/MmM5MzhhN2ItYzgwYy00Njk5LWE2YmEtZGFiNTI2NmE5MzEyOzEuMA==-2c938a7b-c80c-4699-a6ba-dab5266a9312] Object was deleted but could not be found in the ZRC.
[http://chemistry.apache.org/MWJiYjMwMTgtMjIwYy00MGFkLTg2MDMtZmZjZjYxMGY1NmI5OzEuMA==-1bbb3018-220c-40ad-8603-ffcf610f56b9] Object was deleted but could not be found in the ZRC.
[http://chemistry.apache.org/YjEzZjhkMmUtM2QzOS00MDFkLWIzMDMtM2ZjMjJmMWI5OTc3OzEuMA==-b13f8d2e-3d39-401d-b303-3fc22f1b9977] Object was deleted but could not be found in the ZRC.
[http://chemistry.apache.org/ZWY0OGM5ZDAtZjQyZi00ZTVmLTg5NTUtNzc1NGE1NmJhYjhlOzEuMA==-ef48c9d0-f42f-4e5f-8955-7754a56bab8e] Object was deleted but could not be found in the ZRC.
[http://chemistry.apache.org/YWEzYjM0ZmItYjUxMS00ZDYwLWE0MGItMjdhMjRhNWI4ZDViOzEuMQ==-aa3b34fb-b511-4d60-a40b-27a24a5b8d5b] Object was deleted but could not be found in the ZRC.
[http://chemistry.apache.org/OTViNzVmMTgtNzY0MS00YjBkLTkzNWUtMTlkOWJiNDg3YmI4OzEuMA==-95b75f18-7641-4b0d-935e-19d9bb487bb8] Object was deleted but could not be found in the ZRC.
[http://chemistry.apache.org/M2U4YTJmYjgtYmE4Yi00MTA2LTkyYmYtYzgwNDBjMTFlMTQxOzEuMA==-3e8a2fb8-ba8b-4106-92bf-c8040c11e141] Object was deleted but could not be found in the ZRC.
[http://chemistry.apache.org/ZWIxZjAyMGMtZTdiNy00ZTU2LTk1MjQtMDE4NjYxODUwNTBjOzEuMA==-eb1f020c-e7b7-4e56-9524-01866185050c] Object was deleted but could not be found in the ZRC.
[http://chemistry.apache.org/ODY5NjNkYmQtODQxMS00MTQ2LTlmNzctZmM3NzEwNDliYjI3OzEuMA==-86963dbd-8411-4146-9f77-fc771049bb27] Object was deleted but could not be found in the ZRC.
[http://chemistry.apache.org/MGZhMWFiYmYtZmYwNi00MzY5LWE5ZjAtMTZlNGI3NzRlYzFiOzEuMA==-0fa1abbf-ff06-4369-a9f0-16e4b774ec1b] Object was deleted but could not be found in the ZRC.
[http://chemistry.apache.org/MDg4NTZlMWYtMzVhYi00YTQwLTljZGYtN2Y0MTJiOTNlMmVkOzEuMQ==-08856e1f-35ab-4a40-9cdf-7f412b93e2ed] Object was deleted but could not be found in the ZRC.
[http://chemistry.apache.org/MjY5ODJkOTYtOWMwNC00ZDA5LTljYjctZTRiODQ4NWY5ZGY3OzEuMA==-26982d96-9c04-4d09-9cb7-e4b8485f9df7] Object was deleted but could not be found in the ZRC.
[http://chemistry.apache.org/NWJhOTZhY2UtOGJlZi00MTVjLTkwNGItNWFjOTUxMDg3NWNhOzEuMA==-5ba96ace-8bef-415c-904b-5ac9510875ca] Object was deleted but could not be found in the ZRC.
[http://chemistry.apache.org/OTg5OWVjMmUtNTZkZi00NmIzLWI0Y2MtMTdjYjQ5MTU4Nzc0OzEuMA==-9899ec2e-56df-46b3-b4cc-17cb49158774] Object was deleted but could not be found in the ZRC.
[http://chemistry.apache.org/MGIxMDkzNmUtNTBkMi00OTcyLTkzNTktZmNmYTA4NWNhN2M0OzEuMA==-0b10936e-50d2-4972-9359-fcfa085ca7c4] Object was deleted but could not be found in the ZRC.
[http://chemistry.apache.org/ZDEwMzk3NmYtYjM4NS00NWVjLTg4ZTEtMDRhZDlkMTA3MmI2OzEuMA==-d103976f-b385-45ec-88e1-04ad9d1072b6] Object was deleted but could not be found in the ZRC.
[http://chemistry.apache.org/ZmMyZjlkMjYtOWE0ZS00YWVjLWI5YjUtZjk1ZGUzZTFiZGY5OzEuMA==-fc2f9d26-9a4e-4aec-b9b5-f95de3e1bdf9] Object was deleted but could not be found in the ZRC.
[http://chemistry.apache.org/NjAxZGI5NGQtNTU1Zi00ZjI1LTkwNDktMGFkZmM2NzYwNzkxOzEuMA==-601db94d-555f-4f25-9049-0adfc6760791] Object was deleted but could not be found in the ZRC.
[http://chemistry.apache.org/Y2JkNTJlMTktYjk0Yy00NzcxLWJlYTAtYTgyMTVlMjQwZDFiOzEuMA==-cbd52e19-b94c-4771-bea0-a8215e240d1b] Object was deleted but could not be found in the ZRC.
[http://chemistry.apache.org/ODRlYTVhNjQtNzhiZC00NDFlLTk2OWUtNGEwYjQzNzk4MTIyOzEuMQ==-84ea5a64-78bd-441e-969e-4a0b43798122] Object was deleted but could not be found in the ZRC.
[http://chemistry.apache.org/N2RmM2M2ZjktZTYzZC00ZmE0LTlmZmMtNWQ1Mjc3ZTllNGI0OzEuMA==-7df3c6f9-e63d-4fa4-9ffc-5d5277e9e4b4] Object was deleted but could not be found in the ZRC.
[http://chemistry.apache.org/MDE3NTVhZWItYThiNS00YTNjLTkzMGYtNWUyZDI4NjlmM2ZlOzEuMA==-01755aeb-a8b5-4a3c-930f-5e2d2869f3fe] Object was deleted but could not be found in the ZRC.
[http://chemistry.apache.org/YjdmY2ZhZjUtNWU3OC00NmU5LTg4NDQtZTQ5ZjVmODVmYjQ4OzEuMA==-b7fcfaf5-5e78-46e9-8844-e49f5f85fb48] Object was deleted but could not be found in the ZRC.
[http://chemistry.apache.org/OTkyM2NkNzAtMDhhNS00MWMwLWJjNjctNWFiNGYxMTRhZGQ3OzEuMA==-9923cd70-08a5-41c0-bc67-5ab4f114add7] Object was deleted but could not be found in the ZRC.
[http://chemistry.apache.org/ZjdmMmE0OTQtOWExYS00NmI0LWE3MDAtY2VhMzBlZmNhYWVmOzEuMA==-f7f2a494-9a1a-46b4-a700-cea30efcaaef] Object was deleted but could not be found in the ZRC.
[http://chemistry.apache.org/NTY1MzA4MzctZGQ5YS00ZjM4LTllMTktNTE3MmU4NDY2NGY2OzIuMA==-56530837-dd9a-4f38-9e19-5172e84664f6] Object was deleted but could not be found in the ZRC.
[http://chemistry.apache.org/MDgzYmIyZjMtNDAxNy00ODJjLTlmYzUtMzljOTY4MmQzN2NjOzEuMQ==-083bb2f3-4017-482c-9fc5-39c9682d37cc] Object was deleted but could not be found in the ZRC.
[http://chemistry.apache.org/NGJiMjFkODItYjQyMS00ZmY4LWE3MDYtNmUxMTljNmJmNGZkOzEuMA==-4bb21d82-b421-4ff8-a706-6e119c6bf4fd] Object was deleted but could not be found in the ZRC.
[http://chemistry.apache.org/NzE3ZDBkZGMtOTRjNi00ZDc1LWEwODUtNzYyZTk3MzlkZjJiOzIuMA==-717d0ddc-94c6-4d75-a085-762e9739df2b] Object was deleted but could not be found in the ZRC.
[http://chemistry.apache.org/MDA0YjI2NDItNTZkZi00Y2U5LWEzMDktNTU2OTE4NDM2ODYwOzIuMA==-004b2642-56df-4ce9-a309-556918436860] Object was deleted but could not be found in the ZRC.
[http://chemistry.apache.org/Mjk1NTVjMmYtY2JmMC00NWE4LWJhY2EtMWU5NjM3ZWI2Zjhj-29555c2f-cbf0-45a8-baca-1e9637eb6f8c] Object was deleted but could not be found in the ZRC.
[http://chemistry.apache.org/YjQ0MDg4ZjYtYWVhYy00NzhkLTk1NjMtOTcxNzYzOTAzMWZh-b44088f6-aeac-478d-9563-9717639031fa] Object was deleted but could not be found in the ZRC.
[http://chemistry.apache.org/MGE5YjlhOWQtOWIwYi00NDViLTg4NjItMGY2NTA3NTg5Yzcw-0a9b9a9d-9b0b-445b-8862-0f6507589c70] Object was deleted but could not be found in the ZRC.
[http://chemistry.apache.org/ZTYyOTQzYmUtMjM1NS00YWNjLWFjN2ItM2QwZGUzNmE1ZmMw-e62943be-2355-4acc-ac7b-3d0de36a5fc0] Object was created but could not be found in the DRC.
[http://chemistry.apache.org/YTU3NmQ3MWMtNDQ4My00Y2I1LWI5M2EtNzA4MTI2YjE0NjBh-a576d71c-4483-4cb5-b93a-708126b1460a] Object was created but could not be found in the DRC.
[http://chemistry.apache.org/YzEwNjNjNDYtM2Q3Ny00NDllLWI3ZjMtYTU1YTFlZmY4Yjlk-c1063c46-3d77-449e-b7f3-a55a1eff8b9d] Object was created but could not be found in the DRC.
[http://chemistry.apache.org/ODQzZTBlY2MtOGFjYS00MjkzLTkzNGUtMTZlZTVkNmQ0NjJjOzEuMA==-843e0ecc-8aca-4293-934e-16ee5d6d462c] Object was created but could not be found in the DRC.
[http://chemistry.apache.org/ODQzZTBlY2MtOGFjYS00MjkzLTkzNGUtMTZlZTVkNmQ0NjJjOzEuMA==-843e0ecc-8aca-4293-934e-16ee5d6d462c] Object was updated but could not be found in the DRC.
[http://chemistry.apache.org/ZDIxNWZkZjktYTY3OS00MTkxLWIxZjctMjI1NzAyYjY5MDllOzEuMA==-d215fdf9-a679-4191-b1f7-225702b6909e] Object was created but could not be found in the DRC.
[http://chemistry.apache.org/ZDIxNWZkZjktYTY3OS00MTkxLWIxZjctMjI1NzAyYjY5MDllOzEuMA==-d215fdf9-a679-4191-b1f7-225702b6909e] Object was updated but could not be found in the DRC.
[http://chemistry.apache.org/ZDIxNWZkZjktYTY3OS00MTkxLWIxZjctMjI1NzAyYjY5MDllOzEuMQ==-d215fdf9-a679-4191-b1f7-225702b6909e] Object was deleted but could not be found in the ZRC.
[http://chemistry.apache.org/ODQzZTBlY2MtOGFjYS00MjkzLTkzNGUtMTZlZTVkNmQ0NjJjOzIuMA==-843e0ecc-8aca-4293-934e-16ee5d6d462c] Object was deleted but could not be found in the ZRC.
[http://chemistry.apache.org/YzEwNjNjNDYtM2Q3Ny00NDllLWI3ZjMtYTU1YTFlZmY4Yjlk-c1063c46-3d77-449e-b7f3-a55a1eff8b9d] Object was deleted but could not be found in the ZRC.
[http://chemistry.apache.org/YTU3NmQ3MWMtNDQ4My00Y2I1LWI5M2EtNzA4MTI2YjE0NjBh-a576d71c-4483-4cb5-b93a-708126b1460a] Object was deleted but could not be found in the ZRC.
[http://chemistry.apache.org/ZTYyOTQzYmUtMjM1NS00YWNjLWFjN2ItM2QwZGUzNmE1ZmMw-e62943be-2355-4acc-ac7b-3d0de36a5fc0] Object was deleted but could not be found in the ZRC.
[http://chemistry.apache.org/Y2M0MTc2NzYtNmI5Yy00OWU4LTk2ZDAtMjUwMjMwMDQyYmE3-cc417676-6b9c-49e8-96d0-250230042ba7] Object was created but could not be found in the DRC.
[http://chemistry.apache.org/MGM0YTVjZTAtM2Y5YS00MzJjLWI5OWQtYTA5MjY3YTg4ZDMx-0c4a5ce0-3f9a-432c-b99d-a09267a88d31] Object was created but could not be found in the DRC.
[http://chemistry.apache.org/ZjRiMTE2MDUtNTk1NS00N2JmLWI3ZmMtZWMyZTVjYzVmNTRj-f4b11605-5955-47bf-b7fc-ec2e5cc5f54c] Object was created but could not be found in the DRC.
[http://chemistry.apache.org/MmM1NWI5MjMtMGFmOC00OWMxLWI5YjctZGE4MDI2ZmY0OTRiOzEuMA==-2c55b923-0af8-49c1-b9b7-da8026ff494b] Object was created but could not be found in the DRC.
[http://chemistry.apache.org/MmM1NWI5MjMtMGFmOC00OWMxLWI5YjctZGE4MDI2ZmY0OTRiOzEuMA==-2c55b923-0af8-49c1-b9b7-da8026ff494b] Object was updated but could not be found in the DRC.
[http://chemistry.apache.org/ZDU2MDIzNTQtNGZmOS00NjZmLThhMjktMWJhMzMzOTg5MWIzOzEuMA==-d5602354-4ff9-466f-8a29-1ba3339891b3] Object was created but could not be found in the DRC.
[http://chemistry.apache.org/ZDU2MDIzNTQtNGZmOS00NjZmLThhMjktMWJhMzMzOTg5MWIzOzEuMA==-d5602354-4ff9-466f-8a29-1ba3339891b3] Object was updated but could not be found in the DRC.
[http://chemistry.apache.org/ZDU2MDIzNTQtNGZmOS00NjZmLThhMjktMWJhMzMzOTg5MWIzOzEuMQ==-d5602354-4ff9-466f-8a29-1ba3339891b3] Object was deleted but could not be found in the ZRC.
[http://chemistry.apache.org/MmM1NWI5MjMtMGFmOC00OWMxLWI5YjctZGE4MDI2ZmY0OTRiOzIuMA==-2c55b923-0af8-49c1-b9b7-da8026ff494b] Object was deleted but could not be found in the ZRC.
[http://chemistry.apache.org/ZjRiMTE2MDUtNTk1NS00N2JmLWI3ZmMtZWMyZTVjYzVmNTRj-f4b11605-5955-47bf-b7fc-ec2e5cc5f54c] Object was deleted but could not be found in the ZRC.
[http://chemistry.apache.org/MGM0YTVjZTAtM2Y5YS00MzJjLWI5OWQtYTA5MjY3YTg4ZDMx-0c4a5ce0-3f9a-432c-b99d-a09267a88d31] Object was deleted but could not be found in the ZRC.
[http://chemistry.apache.org/Y2M0MTc2NzYtNmI5Yy00OWU4LTk2ZDAtMjUwMjMwMDQyYmE3-cc417676-6b9c-49e8-96d0-250230042ba7] Object was deleted but could not be found in the ZRC.
[http://chemistry.apache.org/Nzk5ZTMzMTUtZmZiYy00YWNlLTgzYjAtNDllYmQ0ZGFiMjNh-799e3315-ffbc-4ace-83b0-49ebd4dab23a] Object was created but could not be found in the DRC.
[http://chemistry.apache.org/ZDg1OTMzNTEtMDI3MS00MjQ1LWIxOTMtYTZmMTAxNzI2ZGQ0-d8593351-0271-4245-b193-a6f101726dd4] Object was created but could not be found in the DRC.
[http://chemistry.apache.org/ZDg1OTMzNTEtMDI3MS00MjQ1LWIxOTMtYTZmMTAxNzI2ZGQ0-d8593351-0271-4245-b193-a6f101726dd4] Object was deleted but could not be found in the ZRC.
[http://chemistry.apache.org/Nzk5ZTMzMTUtZmZiYy00YWNlLTgzYjAtNDllYmQ0ZGFiMjNh-799e3315-ffbc-4ace-83b0-49ebd4dab23a] Object was deleted but could not be found in the ZRC.
[http://chemistry.apache.org/N2M3YTFhZDgtYjg0MS00OWNkLWEzYzQtNWJhNGRiMTdiZTI0-7c7a1ad8-b841-49cd-a3c4-5ba4db17be24] Object was created but could not be found in the DRC.
[http://chemistry.apache.org/NjQwM2UyZGQtZDYzMy00ZDdlLThjZTAtZmZkOGY3YmMyZWYy-6403e2dd-d633-4d7e-8ce0-ffd8f7bc2ef2] Object was created but could not be found in the DRC.
[http://chemistry.apache.org/NjQwM2UyZGQtZDYzMy00ZDdlLThjZTAtZmZkOGY3YmMyZWYy-6403e2dd-d633-4d7e-8ce0-ffd8f7bc2ef2] Object was deleted but could not be found in the ZRC.
[http://chemistry.apache.org/N2M3YTFhZDgtYjg0MS00OWNkLWEzYzQtNWJhNGRiMTdiZTI0-7c7a1ad8-b841-49cd-a3c4-5ba4db17be24] Object was deleted but could not be found in the ZRC.
[http://chemistry.apache.org/MzBmZjYwYzYtNDhhZi00YzMxLWJmZTMtYTBlZmU4NjYzOTky-30ff60c6-48af-4c31-bfe3-a0efe8663992] Object was created but could not be found in the DRC.
[http://chemistry.apache.org/NmYyZDM0OGEtMWQwYi00ZTBjLWI0ZGEtZDU0OWRkNTUxMTM4-6f2d348a-1d0b-4e0c-b4da-d549dd551138] Object was created but could not be found in the DRC.
[http://chemistry.apache.org/ZTNjMzEyMDMtMzQxOS00MmU3LWIyMGYtNjg0ZTE1MDlhZWRm-e3c31203-3419-42e7-b20f-684e1509aedf] Object was created but could not be found in the DRC.
[http://chemistry.apache.org/M2IzMTVmMWUtYWRhNS00MjBjLWI5MDYtNWQ3ODAwNjVmNmZkOzEuMA==-3b315f1e-ada5-420c-b906-5d780065f6fd] Object was created but could not be found in the DRC.
[http://chemistry.apache.org/M2IzMTVmMWUtYWRhNS00MjBjLWI5MDYtNWQ3ODAwNjVmNmZkOzEuMA==-3b315f1e-ada5-420c-b906-5d780065f6fd] Object was updated but could not be found in the DRC.
[http://chemistry.apache.org/MTMxM2EwNDYtODVkOC00ZjcxLTliM2YtMDE2NzZmYWIzMmFlOzEuMA==-1313a046-85d8-4f71-9b3f-01676fab32ae] Object was created but could not be found in the DRC.
[http://chemistry.apache.org/MTMxM2EwNDYtODVkOC00ZjcxLTliM2YtMDE2NzZmYWIzMmFlOzEuMA==-1313a046-85d8-4f71-9b3f-01676fab32ae] Object was updated but could not be found in the DRC.
[http://chemistry.apache.org/M2IzMTVmMWUtYWRhNS00MjBjLWI5MDYtNWQ3ODAwNjVmNmZkOzEuMA==-3b315f1e-ada5-420c-b906-5d780065f6fd] Object was deleted but could not be found in the ZRC.
[http://chemistry.apache.org/MTMxM2EwNDYtODVkOC00ZjcxLTliM2YtMDE2NzZmYWIzMmFlOzEuMA==-1313a046-85d8-4f71-9b3f-01676fab32ae] Object was deleted but could not be found in the ZRC.
[http://chemistry.apache.org/ZTNjMzEyMDMtMzQxOS00MmU3LWIyMGYtNjg0ZTE1MDlhZWRm-e3c31203-3419-42e7-b20f-684e1509aedf] Object was deleted but could not be found in the ZRC.
[http://chemistry.apache.org/NmYyZDM0OGEtMWQwYi00ZTBjLWI0ZGEtZDU0OWRkNTUxMTM4-6f2d348a-1d0b-4e0c-b4da-d549dd551138] Object was deleted but could not be found in the ZRC.
[http://chemistry.apache.org/MzBmZjYwYzYtNDhhZi00YzMxLWJmZTMtYTBlZmU4NjYzOTky-30ff60c6-48af-4c31-bfe3-a0efe8663992] Object was deleted but could not be found in the ZRC.
[http://chemistry.apache.org/MzJhYmJkZTYtM2Q5ZS00M2VlLTgzYTgtYjYxZWY2YWQ2OTRm-32abbde6-3d9e-43ee-83a8-b61ef6ad694f] Object was created but could not be found in the DRC.
[http://chemistry.apache.org/ZDVmZTE1NzUtN2NlMi00NWQ4LTk4NTctMTE5ZjkwMDAxMjBl-d5fe1575-7ce2-45d8-9857-119f9000120e] Object was created but could not be found in the DRC.
[http://chemistry.apache.org/NjA0ZDkxNDItMWM3ZC00M2JiLWIxNmQtYzkyZmY0YmNiYjZk-604d9142-1c7d-43bb-b16d-c92ff4bcbb6d] Object was created but could not be found in the DRC.
[http://chemistry.apache.org/MTM2YjhmOGMtMzg5NS00MjVlLWJiYTEtOTA0MGQyOWNjZjE2OzEuMA==-136b8f8c-3895-425e-bba1-9040d29ccf16] Object was created but could not be found in the DRC.
[http://chemistry.apache.org/MTM2YjhmOGMtMzg5NS00MjVlLWJiYTEtOTA0MGQyOWNjZjE2OzEuMA==-136b8f8c-3895-425e-bba1-9040d29ccf16] Object was updated but could not be found in the DRC.
[http://chemistry.apache.org/MTM2YjhmOGMtMzg5NS00MjVlLWJiYTEtOTA0MGQyOWNjZjE2OzEuMA==-136b8f8c-3895-425e-bba1-9040d29ccf16] Object was deleted but could not be found in the ZRC.
[http://chemistry.apache.org/NjA0ZDkxNDItMWM3ZC00M2JiLWIxNmQtYzkyZmY0YmNiYjZk-604d9142-1c7d-43bb-b16d-c92ff4bcbb6d] Object was deleted but could not be found in the ZRC.
[http://chemistry.apache.org/ZDVmZTE1NzUtN2NlMi00NWQ4LTk4NTctMTE5ZjkwMDAxMjBl-d5fe1575-7ce2-45d8-9857-119f9000120e] Object was deleted but could not be found in the ZRC.
[http://chemistry.apache.org/MzJhYmJkZTYtM2Q5ZS00M2VlLTgzYTgtYjYxZWY2YWQ2OTRm-32abbde6-3d9e-43ee-83a8-b61ef6ad694f] Object was deleted but could not be found in the ZRC.
[http://chemistry.apache.org/YmI0NjZmOTQtZTkxYi00MDUyLThkOWItYzEyYjdmOTg0MGU1-bb466f94-e91b-4052-8d9b-c12b7f9840e5] Object was created but could not be found in the DRC.
[http://chemistry.apache.org/YzkyZWMzOWEtOTY2NS00OGVmLThiMjgtZWU2ODgxNzE1MGI1-c92ec39a-9665-48ef-8b28-ee68817150b5] Object was created but could not be found in the DRC.
[http://chemistry.apache.org/ZWQwMDg2OGMtMmI2NS00MzdlLThmMTItMjZmMDg5YzRlYmIz-ed00868c-2b65-437e-8f12-26f089c4ebb3] Object was created but could not be found in the DRC.
[http://chemistry.apache.org/OWIzYzQxZmUtNzE2OS00ODk5LWFiYTEtM2EyZmJiNWRiYWEwOzEuMA==-9b3c41fe-7169-4899-aba1-3a2fbb5dbaa0] Object was created but could not be found in the DRC.
[http://chemistry.apache.org/OWIzYzQxZmUtNzE2OS00ODk5LWFiYTEtM2EyZmJiNWRiYWEwOzEuMA==-9b3c41fe-7169-4899-aba1-3a2fbb5dbaa0] Object was updated but could not be found in the DRC.
[http://chemistry.apache.org/OWNmOGNmZTItZGVlZi00ZTA3LWEyZGMtOTY3ZWNlZjU0MGYyOzEuMA==-9cf8cfe2-deef-4e07-a2dc-967ecef540f2] Object was created but could not be found in the DRC.
[http://chemistry.apache.org/OWNmOGNmZTItZGVlZi00ZTA3LWEyZGMtOTY3ZWNlZjU0MGYyOzEuMA==-9cf8cfe2-deef-4e07-a2dc-967ecef540f2] Object was updated but could not be found in the DRC.
[http://chemistry.apache.org/OWNmOGNmZTItZGVlZi00ZTA3LWEyZGMtOTY3ZWNlZjU0MGYyOzEuMQ==-9cf8cfe2-deef-4e07-a2dc-967ecef540f2] Object was deleted but could not be found in the ZRC.
[http://chemistry.apache.org/OWIzYzQxZmUtNzE2OS00ODk5LWFiYTEtM2EyZmJiNWRiYWEwOzIuMA==-9b3c41fe-7169-4899-aba1-3a2fbb5dbaa0] Object was deleted but could not be found in the ZRC.
[http://chemistry.apache.org/ZWQwMDg2OGMtMmI2NS00MzdlLThmMTItMjZmMDg5YzRlYmIz-ed00868c-2b65-437e-8f12-26f089c4ebb3] Object was deleted but could not be found in the ZRC.
[http://chemistry.apache.org/YzkyZWMzOWEtOTY2NS00OGVmLThiMjgtZWU2ODgxNzE1MGI1-c92ec39a-9665-48ef-8b28-ee68817150b5] Object was deleted but could not be found in the ZRC.
[http://chemistry.apache.org/YmI0NjZmOTQtZTkxYi00MDUyLThkOWItYzEyYjdmOTg0MGU1-bb466f94-e91b-4052-8d9b-c12b7f9840e5] Object was deleted but could not be found in the ZRC.
[http://chemistry.apache.org/Y2RlNzYyY2YtNmIwZC00MzNhLTg5MjYtNzdhZDBhZjZmOThj-cde762cf-6b0d-433a-8926-77ad0af6f98c] Object was created but could not be found in the DRC.
[http://chemistry.apache.org/MzZhMzQ1ZWEtNjQyOS00Y2YzLWIzMWYtYjE2ZmNjYTg2ZmY5-36a345ea-6429-4cf3-b31f-b16fcca86ff9] Object was created but could not be found in the DRC.
[http://chemistry.apache.org/OWVjYTM5YjQtZWZjYy00NWIxLWJiMjUtYTk4YWU1NWNlZDE3OzEuMA==-9eca39b4-efcc-45b1-bb25-a98ae55ced17] Object was created but could not be found in the DRC.
[http://chemistry.apache.org/OWVjYTM5YjQtZWZjYy00NWIxLWJiMjUtYTk4YWU1NWNlZDE3OzEuMA==-9eca39b4-efcc-45b1-bb25-a98ae55ced17] Object was updated but could not be found in the DRC.
[http://chemistry.apache.org/N2IwZDAzYWUtOTUzYi00OGE2LThiMjktOGQxOWFkNTRiODYwOzEuMA==-7b0d03ae-953b-48a6-8b29-8d19ad54b860] Object was created but could not be found in the DRC.
[http://chemistry.apache.org/N2IwZDAzYWUtOTUzYi00OGE2LThiMjktOGQxOWFkNTRiODYwOzEuMA==-7b0d03ae-953b-48a6-8b29-8d19ad54b860] Object was updated but could not be found in the DRC.
[http://chemistry.apache.org/N2IwZDAzYWUtOTUzYi00OGE2LThiMjktOGQxOWFkNTRiODYwOzEuMA==-7b0d03ae-953b-48a6-8b29-8d19ad54b860] Object was deleted but could not be found in the ZRC.
[http://chemistry.apache.org/OWVjYTM5YjQtZWZjYy00NWIxLWJiMjUtYTk4YWU1NWNlZDE3OzEuMA==-9eca39b4-efcc-45b1-bb25-a98ae55ced17] Object was deleted but could not be found in the ZRC.
[http://chemistry.apache.org/MzZhMzQ1ZWEtNjQyOS00Y2YzLWIzMWYtYjE2ZmNjYTg2ZmY5-36a345ea-6429-4cf3-b31f-b16fcca86ff9] Object was deleted but could not be found in the ZRC.
[http://chemistry.apache.org/Y2RlNzYyY2YtNmIwZC00MzNhLTg5MjYtNzdhZDBhZjZmOThj-cde762cf-6b0d-433a-8926-77ad0af6f98c] Object was deleted but could not be found in the ZRC.
[http://chemistry.apache.org/ZGM1MzhjZmEtNGY2Zi00MDUyLWJjODQtOWI0OGNhZmUxYjNk-dc538cfa-4f6f-4052-bc84-9b48cafe1b3d] Object was created but could not be found in the DRC.
[http://chemistry.apache.org/NDRiZWM0NmEtMGIzNS00MmE1LTk4ZTYtMWU4ZDAxYjY5YzFk-44bec46a-0b35-42a5-98e6-1e8d01b69c1d] Object was created but could not be found in the DRC.
[http://chemistry.apache.org/NzE1ODQzNWMtYzQzMy00MjI1LTg4NmMtOGYwYTU3YzE1N2VjOzEuMA==-7158435c-c433-4225-886c-8f0a57c157ec] Object was created but could not be found in the DRC.
[http://chemistry.apache.org/NzE1ODQzNWMtYzQzMy00MjI1LTg4NmMtOGYwYTU3YzE1N2VjOzEuMA==-7158435c-c433-4225-886c-8f0a57c157ec] Object was updated but could not be found in the DRC.
[http://chemistry.apache.org/NTZjZjU4OTctYWE0My00NGYyLWEzZmYtYmI3OWZjN2E2YTgzOzEuMA==-56cf5897-aa43-44f2-a3ff-bb79fc7a6a83] Object was created but could not be found in the DRC.
[http://chemistry.apache.org/NTZjZjU4OTctYWE0My00NGYyLWEzZmYtYmI3OWZjN2E2YTgzOzEuMA==-56cf5897-aa43-44f2-a3ff-bb79fc7a6a83] Object was updated but could not be found in the DRC.
[http://chemistry.apache.org/NzE1ODQzNWMtYzQzMy00MjI1LTg4NmMtOGYwYTU3YzE1N2VjOzEuMA==-7158435c-c433-4225-886c-8f0a57c157ec] Object was deleted but could not be found in the ZRC.
[http://chemistry.apache.org/NTZjZjU4OTctYWE0My00NGYyLWEzZmYtYmI3OWZjN2E2YTgzOzEuMA==-56cf5897-aa43-44f2-a3ff-bb79fc7a6a83] Object was deleted but could not be found in the ZRC.
[http://chemistry.apache.org/NDRiZWM0NmEtMGIzNS00MmE1LTk4ZTYtMWU4ZDAxYjY5YzFk-44bec46a-0b35-42a5-98e6-1e8d01b69c1d] Object was deleted but could not be found in the ZRC.
[http://chemistry.apache.org/ZGM1MzhjZmEtNGY2Zi00MDUyLWJjODQtOWI0OGNhZmUxYjNk-dc538cfa-4f6f-4052-bc84-9b48cafe1b3d] Object was deleted but could not be found in the ZRC.
[http://chemistry.apache.org/OGU2Mjg3ZTMtNTFhMy00NTQ4LThmM2MtNTQ1NjRkNDFjMzIz-8e6287e3-51a3-4548-8f3c-54564d41c323] Object was created but could not be found in the DRC.
[http://chemistry.apache.org/MmIzMmVmOGEtNzhmNS00NmI5LTgwZGUtY2VlZDIxMDRkOTE0-2b32ef8a-78f5-46b9-80de-ceed2104d914] Object was created but could not be found in the DRC.
[http://chemistry.apache.org/Y2YwMjllYjEtMjA0ZS00NjQzLTlkNjAtYTFmYWM5MTc1NzE1OzEuMA==-cf029eb1-204e-4643-9d60-a1fac9175715] Object was created but could not be found in the DRC.
[http://chemistry.apache.org/Y2YwMjllYjEtMjA0ZS00NjQzLTlkNjAtYTFmYWM5MTc1NzE1OzEuMA==-cf029eb1-204e-4643-9d60-a1fac9175715] Object was updated but could not be found in the DRC.
[http://chemistry.apache.org/MGI2NzE0NDYtZDg5Yy00ZTMyLTkzMmMtNTRkYjg2N2NhODliOzEuMA==-0b671446-d89c-4e32-932c-54db867ca89b] Object was created but could not be found in the DRC.
[http://chemistry.apache.org/MGI2NzE0NDYtZDg5Yy00ZTMyLTkzMmMtNTRkYjg2N2NhODliOzEuMA==-0b671446-d89c-4e32-932c-54db867ca89b] Object was updated but could not be found in the DRC.
[http://chemistry.apache.org/Y2YwMjllYjEtMjA0ZS00NjQzLTlkNjAtYTFmYWM5MTc1NzE1OzEuMA==-cf029eb1-204e-4643-9d60-a1fac9175715] Object was deleted but could not be found in the ZRC.
[http://chemistry.apache.org/MGI2NzE0NDYtZDg5Yy00ZTMyLTkzMmMtNTRkYjg2N2NhODliOzEuMA==-0b671446-d89c-4e32-932c-54db867ca89b] Object was deleted but could not be found in the ZRC.
[http://chemistry.apache.org/MmIzMmVmOGEtNzhmNS00NmI5LTgwZGUtY2VlZDIxMDRkOTE0-2b32ef8a-78f5-46b9-80de-ceed2104d914] Object was deleted but could not be found in the ZRC.
[http://chemistry.apache.org/OGU2Mjg3ZTMtNTFhMy00NTQ4LThmM2MtNTQ1NjRkNDFjMzIz-8e6287e3-51a3-4548-8f3c-54564d41c323] Object was deleted but could not be found in the ZRC.
[http://chemistry.apache.org/MjcyMDI4ZmMtYTkyMi00MmQxLTg3YzMtNWI1NjgxMjg2ZDAx-272028fc-a922-42d1-87c3-5b5681286d01] Object was created but could not be found in the DRC.
[http://chemistry.apache.org/ODllYWZjNzktZWUwYi00ZDAzLTljMTgtOGM4OGJlZGNiMGQz-89eafc79-ee0b-4d03-9c18-8c88bedcb0d3] Object was created but could not be found in the DRC.
[http://chemistry.apache.org/N2Q4NWRkNmEtZjM1NC00ZDFhLTkyOTQtYWVhN2NkNjVlYWI1OzEuMA==-7d85dd6a-f354-4d1a-9294-aea7cd65eab5] Object was created but could not be found in the DRC.
[http://chemistry.apache.org/N2Q4NWRkNmEtZjM1NC00ZDFhLTkyOTQtYWVhN2NkNjVlYWI1OzEuMA==-7d85dd6a-f354-4d1a-9294-aea7cd65eab5] Object was updated but could not be found in the DRC.
[http://chemistry.apache.org/OWNlNTQ5Y2MtYzY3YS00NDFhLTljNzQtMTU4NGM2NDRhYzYwOzEuMA==-9ce549cc-c67a-441a-9c74-1584c644ac60] Object was created but could not be found in the DRC.
[http://chemistry.apache.org/OWNlNTQ5Y2MtYzY3YS00NDFhLTljNzQtMTU4NGM2NDRhYzYwOzEuMA==-9ce549cc-c67a-441a-9c74-1584c644ac60] Object was updated but could not be found in the DRC.
[http://chemistry.apache.org/N2Q4NWRkNmEtZjM1NC00ZDFhLTkyOTQtYWVhN2NkNjVlYWI1OzEuMA==-7d85dd6a-f354-4d1a-9294-aea7cd65eab5] Object was deleted but could not be found in the ZRC.
[http://chemistry.apache.org/OWNlNTQ5Y2MtYzY3YS00NDFhLTljNzQtMTU4NGM2NDRhYzYwOzEuMA==-9ce549cc-c67a-441a-9c74-1584c644ac60] Object was deleted but could not be found in the ZRC.
[http://chemistry.apache.org/ODllYWZjNzktZWUwYi00ZDAzLTljMTgtOGM4OGJlZGNiMGQz-89eafc79-ee0b-4d03-9c18-8c88bedcb0d3] Object was deleted but could not be found in the ZRC.
[http://chemistry.apache.org/MjcyMDI4ZmMtYTkyMi00MmQxLTg3YzMtNWI1NjgxMjg2ZDAx-272028fc-a922-42d1-87c3-5b5681286d01] Object was deleted but could not be found in the ZRC.
[http://chemistry.apache.org/MmU5OWVlNzMtMzYwNy00N2E1LWI4NTUtOTEwYmJkZDJlYmRh-2e99ee73-3607-47a5-b855-910bbdd2ebda] Object was created but could not be found in the DRC.
[http://chemistry.apache.org/NDQ0ZTUyZjMtMGU4MC00NTkxLTgwY2ItNTY2YTJhYzU5YTZi-444e52f3-0e80-4591-80cb-566a2ac59a6b] Object was created but could not be found in the DRC.
[http://chemistry.apache.org/NDQ0ZTUyZjMtMGU4MC00NTkxLTgwY2ItNTY2YTJhYzU5YTZi-444e52f3-0e80-4591-80cb-566a2ac59a6b] Object was deleted but could not be found in the ZRC.
[http://chemistry.apache.org/MmU5OWVlNzMtMzYwNy00N2E1LWI4NTUtOTEwYmJkZDJlYmRh-2e99ee73-3607-47a5-b855-910bbdd2ebda] Object was deleted but could not be found in the ZRC.
[http://chemistry.apache.org/MmQ3ZmRjNWEtYmIzZi00N2M3LWI2MjUtNDBiM2JjMDlmNTNl-2d7fdc5a-bb3f-47c7-b625-40b3bc09f53e] Object was created but could not be found in the DRC.
[http://chemistry.apache.org/ZDJkNGQ3ZjktNmMxOC00ODQ4LWI2YTktMjVlNTU5YjM2OGIz-d2d4d7f9-6c18-4848-b6a9-25e559b368b3] Object was created but could not be found in the DRC.
[http://chemistry.apache.org/ZDJkNGQ3ZjktNmMxOC00ODQ4LWI2YTktMjVlNTU5YjM2OGIz-d2d4d7f9-6c18-4848-b6a9-25e559b368b3] Object was deleted but could not be found in the ZRC.
[http://chemistry.apache.org/MmQ3ZmRjNWEtYmIzZi00N2M3LWI2MjUtNDBiM2JjMDlmNTNl-2d7fdc5a-bb3f-47c7-b625-40b3bc09f53e] Object was deleted but could not be found in the ZRC.
[http://chemistry.apache.org/ZWIxNmY0NjgtZTkyMi00ZTJiLThlZjAtYjZkMzgxNWI4NTIz-eb16f468-e922-4e2b-8ef0-b6d3815b8523] Object was created but could not be found in the DRC.
[http://chemistry.apache.org/MjI3ZjFhMGUtNWM3NC00ZTNkLWI3MWQtM2M3NGZkMjA2ODkx-227f1a0e-5c74-4e3d-b71d-3c74fd206891] Object was created but could not be found in the DRC.
[http://chemistry.apache.org/MjI3ZjFhMGUtNWM3NC00ZTNkLWI3MWQtM2M3NGZkMjA2ODkx-227f1a0e-5c74-4e3d-b71d-3c74fd206891] Object was deleted but could not be found in the ZRC.
[http://chemistry.apache.org/ZWIxNmY0NjgtZTkyMi00ZTJiLThlZjAtYjZkMzgxNWI4NTIz-eb16f468-e922-4e2b-8ef0-b6d3815b8523] Object was deleted but could not be found in the ZRC.
[http://chemistry.apache.org/MGQ5YjQ3NzMtMzY3Yi00YmU3LWEyZTktNGRhZGEzMGQ3MGE4-0d9b4773-367b-4be7-a2e9-4dada30d70a8] Object was created but could not be found in the DRC.
[http://chemistry.apache.org/NjU1NzYxYTMtMTJjNy00NWJjLWFhNTEtNWRmMWY0ZDE0ZWVm-655761a3-12c7-45bc-aa51-5df1f4d14eef] Object was created but could not be found in the DRC.
[http://chemistry.apache.org/NmVhYmRlMDYtZDI5NC00NTYwLWFlYmQtZDIzZjYxMjM0MDNh-6eabde06-d294-4560-aebd-d23f6123403a] Object was created but could not be found in the DRC.
[http://chemistry.apache.org/NjU1NzYxYTMtMTJjNy00NWJjLWFhNTEtNWRmMWY0ZDE0ZWVm-655761a3-12c7-45bc-aa51-5df1f4d14eef] Object was deleted but could not be found in the ZRC.
[http://chemistry.apache.org/NmVhYmRlMDYtZDI5NC00NTYwLWFlYmQtZDIzZjYxMjM0MDNh-6eabde06-d294-4560-aebd-d23f6123403a] Object was deleted but could not be found in the ZRC.
[http://chemistry.apache.org/MGQ5YjQ3NzMtMzY3Yi00YmU3LWEyZTktNGRhZGEzMGQ3MGE4-0d9b4773-367b-4be7-a2e9-4dada30d70a8] Object was deleted but could not be found in the ZRC.
[http://chemistry.apache.org/MzgwMzNjNGYtNGZlOC00MDcyLThlOTctMmU2YWE1NzI1MWE3-38033c4f-4fe8-4072-8e97-2e6aa57251a7] Object was created but could not be found in the DRC.
[http://chemistry.apache.org/MTQyY2VjMmYtMDcwNy00MjFiLTg3ZDQtZjY3MGFmOGEyODg2-142cec2f-0707-421b-87d4-f670af8a2886] Object was created but could not be found in the DRC.
[http://chemistry.apache.org/ODYxODQyZGItMmY0Mi00YjBmLWJiNzUtMjg5Y2E4NWRkODlj-861842db-2f42-4b0f-bb75-289ca85dd89c] Object was created but could not be found in the DRC.
[http://chemistry.apache.org/OTc1MTI1OTEtOTk3MS00ZjIxLWJjNGEtY2U0MGFiM2RhYWQ4OzEuMA==-97512591-9971-4f21-bc4a-ce40ab3daad8] Object was created but could not be found in the DRC.
[http://chemistry.apache.org/OTc1MTI1OTEtOTk3MS00ZjIxLWJjNGEtY2U0MGFiM2RhYWQ4OzEuMA==-97512591-9971-4f21-bc4a-ce40ab3daad8] Object was updated but could not be found in the DRC.
[http://chemistry.apache.org/NmRiMzJjMjYtZmJjZC00NWJhLThhNTItN2JjMTU3NGFmYTllOzEuMA==-6db32c26-fbcd-45ba-8a52-7bc1574afa9e] Object was created but could not be found in the DRC.
[http://chemistry.apache.org/NmRiMzJjMjYtZmJjZC00NWJhLThhNTItN2JjMTU3NGFmYTllOzEuMA==-6db32c26-fbcd-45ba-8a52-7bc1574afa9e] Object was updated but could not be found in the DRC.
[http://chemistry.apache.org/OTc1MTI1OTEtOTk3MS00ZjIxLWJjNGEtY2U0MGFiM2RhYWQ4OzEuMA==-97512591-9971-4f21-bc4a-ce40ab3daad8] Object was deleted but could not be found in the ZRC.
[http://chemistry.apache.org/NmRiMzJjMjYtZmJjZC00NWJhLThhNTItN2JjMTU3NGFmYTllOzEuMA==-6db32c26-fbcd-45ba-8a52-7bc1574afa9e] Object was deleted but could not be found in the ZRC.
[http://chemistry.apache.org/ODYxODQyZGItMmY0Mi00YjBmLWJiNzUtMjg5Y2E4NWRkODlj-861842db-2f42-4b0f-bb75-289ca85dd89c] Object was deleted but could not be found in the ZRC.
[http://chemistry.apache.org/MTQyY2VjMmYtMDcwNy00MjFiLTg3ZDQtZjY3MGFmOGEyODg2-142cec2f-0707-421b-87d4-f670af8a2886] Object was deleted but could not be found in the ZRC.
[http://chemistry.apache.org/MzgwMzNjNGYtNGZlOC00MDcyLThlOTctMmU2YWE1NzI1MWE3-38033c4f-4fe8-4072-8e97-2e6aa57251a7] Object was deleted but could not be found in the ZRC.
[http://chemistry.apache.org/NmUzYzc1ZTgtNGE4Ni00ZGM2LWI5ZDgtMmIyNmExYmE1ZGYz-6e3c75e8-4a86-4dc6-b9d8-2b26a1ba5df3] Object was created but could not be found in the DRC.
[http://chemistry.apache.org/MTA5MzY4ODItMDM2My00MDhkLTk0M2UtYTA5OWRmMWRiMGY5-10936882-0363-408d-943e-a099df1db0f9] Object was created but could not be found in the DRC.
[http://chemistry.apache.org/MWExYTZlNjEtNDM0ZS00YjUxLWIzODgtNWVjYWZiZDdiODZi-1a1a6e61-434e-4b51-b388-5ecafbd7b86b] Object was created but could not be found in the DRC.
[http://chemistry.apache.org/MmZiMmQzM2QtNDlhOS00MTI1LWJjNDYtZGEwM2Q1NmIwMzJlOzEuMA==-2fb2d33d-49a9-4125-bc46-da03d56b032e] Object was created but could not be found in the DRC.
[http://chemistry.apache.org/MmZiMmQzM2QtNDlhOS00MTI1LWJjNDYtZGEwM2Q1NmIwMzJlOzEuMA==-2fb2d33d-49a9-4125-bc46-da03d56b032e] Object was updated but could not be found in the DRC.
[http://chemistry.apache.org/Mjc3ZjYyZmYtNjg0YS00OGIxLTg1NTQtNDZmNDBhOTJlYjAyOzEuMA==-277f62ff-684a-48b1-8554-46f40a92eb02] Object was created but could not be found in the DRC.
[http://chemistry.apache.org/Mjc3ZjYyZmYtNjg0YS00OGIxLTg1NTQtNDZmNDBhOTJlYjAyOzEuMA==-277f62ff-684a-48b1-8554-46f40a92eb02] Object was updated but could not be found in the DRC.
[http://chemistry.apache.org/Mjc3ZjYyZmYtNjg0YS00OGIxLTg1NTQtNDZmNDBhOTJlYjAyOzEuMQ==-277f62ff-684a-48b1-8554-46f40a92eb02] Object was deleted but could not be found in the ZRC.
[http://chemistry.apache.org/MmZiMmQzM2QtNDlhOS00MTI1LWJjNDYtZGEwM2Q1NmIwMzJlOzIuMA==-2fb2d33d-49a9-4125-bc46-da03d56b032e] Object was deleted but could not be found in the ZRC.
[http://chemistry.apache.org/MWExYTZlNjEtNDM0ZS00YjUxLWIzODgtNWVjYWZiZDdiODZi-1a1a6e61-434e-4b51-b388-5ecafbd7b86b] Object was deleted but could not be found in the ZRC.
[http://chemistry.apache.org/MTA5MzY4ODItMDM2My00MDhkLTk0M2UtYTA5OWRmMWRiMGY5-10936882-0363-408d-943e-a099df1db0f9] Object was deleted but could not be found in the ZRC.
[http://chemistry.apache.org/NmUzYzc1ZTgtNGE4Ni00ZGM2LWI5ZDgtMmIyNmExYmE1ZGYz-6e3c75e8-4a86-4dc6-b9d8-2b26a1ba5df3] Object was deleted but could not be found in the ZRC.
[http://chemistry.apache.org/MTlhYzc4ZWQtZTlkOC00ZDZjLWE2YmItOGM4YjBhMjUyYjk1-19ac78ed-e9d8-4d6c-a6bb-8c8b0a252b95] Object was created but could not be found in the DRC.
[http://chemistry.apache.org/YmY5OGEyNmItYWE1NC00ZTVlLTg3YmEtODNkYjBhNDRjMjU4-bf98a26b-aa54-4e5e-87ba-83db0a44c258] Object was created but could not be found in the DRC.
[http://chemistry.apache.org/ZDg2MzJmMmYtYWNjMi00N2NhLTljN2QtNWU2MDhiMDAzNzRl-d8632f2f-acc2-47ca-9c7d-5e608b00374e] Object was created but could not be found in the DRC.
[http://chemistry.apache.org/NDhjYTcxNmUtZjFlOS00OGQwLThhMjEtZWQ3NzQ4ODUzZjhiOzEuMA==-48ca716e-f1e9-48d0-8a21-ed7748853f8b] Object was created but could not be found in the DRC.
[http://chemistry.apache.org/NDhjYTcxNmUtZjFlOS00OGQwLThhMjEtZWQ3NzQ4ODUzZjhiOzEuMA==-48ca716e-f1e9-48d0-8a21-ed7748853f8b] Object was updated but could not be found in the DRC.
[http://chemistry.apache.org/ODRkMmYwMTYtZjlmMi00NWYxLTk4NGYtNGE4ZmI5Y2FiZjQ0OzEuMA==-84d2f016-f9f2-45f1-984f-4a8fb9cabf44] Object was created but could not be found in the DRC.
[http://chemistry.apache.org/ODRkMmYwMTYtZjlmMi00NWYxLTk4NGYtNGE4ZmI5Y2FiZjQ0OzEuMA==-84d2f016-f9f2-45f1-984f-4a8fb9cabf44] Object was updated but could not be found in the DRC.
[http://chemistry.apache.org/NDhjYTcxNmUtZjFlOS00OGQwLThhMjEtZWQ3NzQ4ODUzZjhiOzEuMA==-48ca716e-f1e9-48d0-8a21-ed7748853f8b] Object was deleted but could not be found in the ZRC.
[http://chemistry.apache.org/ODRkMmYwMTYtZjlmMi00NWYxLTk4NGYtNGE4ZmI5Y2FiZjQ0OzEuMA==-84d2f016-f9f2-45f1-984f-4a8fb9cabf44] Object was deleted but could not be found in the ZRC.
[http://chemistry.apache.org/ZDg2MzJmMmYtYWNjMi00N2NhLTljN2QtNWU2MDhiMDAzNzRl-d8632f2f-acc2-47ca-9c7d-5e608b00374e] Object was deleted but could not be found in the ZRC.
[http://chemistry.apache.org/YmY5OGEyNmItYWE1NC00ZTVlLTg3YmEtODNkYjBhNDRjMjU4-bf98a26b-aa54-4e5e-87ba-83db0a44c258] Object was deleted but could not be found in the ZRC.
[http://chemistry.apache.org/MTlhYzc4ZWQtZTlkOC00ZDZjLWE2YmItOGM4YjBhMjUyYjk1-19ac78ed-e9d8-4d6c-a6bb-8c8b0a252b95] Object was deleted but could not be found in the ZRC.
[http://chemistry.apache.org/NDA1MDJjNDItZmQzMi00OWZiLWEwNTItNjg0NTM1YjUxZTcz-40502c42-fd32-49fb-a052-684535b51e73] Object was created but could not be found in the DRC.
[http://chemistry.apache.org/YjI0NTlhMDYtODI4NC00YzMzLTllNjctMjM1M2NhYTA4MTMx-b2459a06-8284-4c33-9e67-2353caa08131] Object was created but could not be found in the DRC.
[http://chemistry.apache.org/Yzc1NTI4NDMtNDcwZi00NmMyLWE1ODQtYWY3ZTRmM2M3YjE3-c7552843-470f-46c2-a584-af7e4f3c7b17] Object was created but could not be found in the DRC.
[http://chemistry.apache.org/YmJjNTA5NTctNDBiZS00MzgwLWI2MzktYjRkNzZkMWRiYjdlOzEuMA==-bbc50957-40be-4380-b639-b4d76d1dbb7e] Object was created but could not be found in the DRC.
[http://chemistry.apache.org/YmJjNTA5NTctNDBiZS00MzgwLWI2MzktYjRkNzZkMWRiYjdlOzEuMA==-bbc50957-40be-4380-b639-b4d76d1dbb7e] Object was updated but could not be found in the DRC.
[http://chemistry.apache.org/YmJjNTA5NTctNDBiZS00MzgwLWI2MzktYjRkNzZkMWRiYjdlOzEuMQ==-bbc50957-40be-4380-b639-b4d76d1dbb7e] Object was deleted but could not be found in the ZRC.
[http://chemistry.apache.org/Yzc1NTI4NDMtNDcwZi00NmMyLWE1ODQtYWY3ZTRmM2M3YjE3-c7552843-470f-46c2-a584-af7e4f3c7b17] Object was deleted but could not be found in the ZRC.
[http://chemistry.apache.org/YjI0NTlhMDYtODI4NC00YzMzLTllNjctMjM1M2NhYTA4MTMx-b2459a06-8284-4c33-9e67-2353caa08131] Object was deleted but could not be found in the ZRC.
[http://chemistry.apache.org/NDA1MDJjNDItZmQzMi00OWZiLWEwNTItNjg0NTM1YjUxZTcz-40502c42-fd32-49fb-a052-684535b51e73] Object was deleted but could not be found in the ZRC.
[http://chemistry.apache.org/MDc4NGU0NWQtNTFmMy00NzJkLWJlNzEtODkwYThiNWMzZjlj-0784e45d-51f3-472d-be71-890a8b5c3f9c] Object was created but could not be found in the DRC.
[http://chemistry.apache.org/OWVlMzk1YmMtMWM4NC00ZDVjLWI1ZjgtYTQ5YTFmNmI3YTUxOzEuMA==-9ee395bc-1c84-4d5c-b5f8-a49a1f6b7a51] Object was created but could not be found in the DRC.
[http://chemistry.apache.org/OWVlMzk1YmMtMWM4NC00ZDVjLWI1ZjgtYTQ5YTFmNmI3YTUxOzEuMA==-9ee395bc-1c84-4d5c-b5f8-a49a1f6b7a51] Object was updated but could not be found in the DRC.
[http://chemistry.apache.org/OWVlMzk1YmMtMWM4NC00ZDVjLWI1ZjgtYTQ5YTFmNmI3YTUxOzEuMA==-9ee395bc-1c84-4d5c-b5f8-a49a1f6b7a51] Object was deleted but could not be found in the ZRC.
[http://chemistry.apache.org/MDc4NGU0NWQtNTFmMy00NzJkLWJlNzEtODkwYThiNWMzZjlj-0784e45d-51f3-472d-be71-890a8b5c3f9c] Object was deleted but could not be found in the ZRC.
[http://chemistry.apache.org/OGU4Zjk5NGUtNDEzNS00YzAzLWI3YWEtMDMwMDhiZTVlMDA5-8e8f994e-4135-4c03-b7aa-03008be5e009] Object was created but could not be found in the DRC.
[http://chemistry.apache.org/NTA3OGMwNDQtZTUxNS00YTc4LTkyZGYtNjZmZDg0MjljMzI2-5078c044-e515-4a78-92df-66fd8429c326] Object was created but could not be found in the DRC.
[http://chemistry.apache.org/YmI3MGU0MmQtOTQyZi00OTlkLTlkNGYtMzU5ZDE0MjBlN2U5OzEuMA==-bb70e42d-942f-499d-9d4f-359d1420e7e9] Object was created but could not be found in the DRC.
[http://chemistry.apache.org/YmI3MGU0MmQtOTQyZi00OTlkLTlkNGYtMzU5ZDE0MjBlN2U5OzEuMA==-bb70e42d-942f-499d-9d4f-359d1420e7e9] Object was updated but could not be found in the DRC.
[http://chemistry.apache.org/YmI3MGU0MmQtOTQyZi00OTlkLTlkNGYtMzU5ZDE0MjBlN2U5OzEuMQ==-bb70e42d-942f-499d-9d4f-359d1420e7e9] Object was deleted but could not be found in the ZRC.
[http://chemistry.apache.org/NTA3OGMwNDQtZTUxNS00YTc4LTkyZGYtNjZmZDg0MjljMzI2-5078c044-e515-4a78-92df-66fd8429c326] Object was deleted but could not be found in the ZRC.
[http://chemistry.apache.org/OGU4Zjk5NGUtNDEzNS00YzAzLWI3YWEtMDMwMDhiZTVlMDA5-8e8f994e-4135-4c03-b7aa-03008be5e009] Object was deleted but could not be found in the ZRC.
[http://chemistry.apache.org/MzkzMTdkY2MtOWUzMi00MjlmLTkyZGUtZmUwZmQwNzQwNjBi-39317dcc-9e32-429f-92de-fe0fd074060b] Object was created but could not be found in the DRC.
[http://chemistry.apache.org/NTU3MzRiZGItOTI5Yi00Y2M2LTgxMDYtZWFmM2I5N2Y0NTBm-55734bdb-929b-4cc6-8106-eaf3b97f450f] Object was created but could not be found in the DRC.
[http://chemistry.apache.org/NTU3MzRiZGItOTI5Yi00Y2M2LTgxMDYtZWFmM2I5N2Y0NTBm-55734bdb-929b-4cc6-8106-eaf3b97f450f] Object was deleted but could not be found in the ZRC.
[http://chemistry.apache.org/MzkzMTdkY2MtOWUzMi00MjlmLTkyZGUtZmUwZmQwNzQwNjBi-39317dcc-9e32-429f-92de-fe0fd074060b] Object was deleted but could not be found in the ZRC.
[http://chemistry.apache.org/ZTVhZjA5ZWItNzNlZC00Y2U0LWFjMWUtMTI1MzAzZGQwY2Fm-e5af09eb-73ed-4ce4-ac1e-125303dd0caf] Object was created but could not be found in the DRC.
[http://chemistry.apache.org/N2EzOGU0YzUtNGQ0MS00MjEwLWIwNmEtZWExMGRlY2ExNTEz-7a38e4c5-4d41-4210-b06a-ea10deca1513] Object was created but could not be found in the DRC.
[http://chemistry.apache.org/Yzk0MGM2MzAtNjYwMi00MTZkLTlkZjItM2U0M2RhMDhkYTUwOzEuMA==-c940c630-6602-416d-9df2-3e43da08da50] Object was created but could not be found in the DRC.
[http://chemistry.apache.org/Yzk0MGM2MzAtNjYwMi00MTZkLTlkZjItM2U0M2RhMDhkYTUwOzEuMA==-c940c630-6602-416d-9df2-3e43da08da50] Object was updated but could not be found in the DRC.
[http://chemistry.apache.org/Yzk0MGM2MzAtNjYwMi00MTZkLTlkZjItM2U0M2RhMDhkYTUwOzEuMA==-c940c630-6602-416d-9df2-3e43da08da50] Object was deleted but could not be found in the ZRC.
[http://chemistry.apache.org/N2EzOGU0YzUtNGQ0MS00MjEwLWIwNmEtZWExMGRlY2ExNTEz-7a38e4c5-4d41-4210-b06a-ea10deca1513] Object was deleted but could not be found in the ZRC.
[http://chemistry.apache.org/ZTVhZjA5ZWItNzNlZC00Y2U0LWFjMWUtMTI1MzAzZGQwY2Fm-e5af09eb-73ed-4ce4-ac1e-125303dd0caf] Object was deleted but could not be found in the ZRC.
[http://chemistry.apache.org/ZjQ2NGIzYjctYWRhMi00MzgxLWE4MGItNTJhYTU2YWI4ZGFm-f464b3b7-ada2-4381-a80b-52aa56ab8daf] Object was created but could not be found in the DRC.
[http://chemistry.apache.org/NDBkMmUxZGUtYjZkNS00YWM1LTg5NDYtNmUzMjFhZTQ2ZThk-40d2e1de-b6d5-4ac5-8946-6e321ae46e8d] Object was created but could not be found in the DRC.
[http://chemistry.apache.org/NGI3MjE0MzktMzE0MC00M2I4LWE3OWYtZDljM2QzNGYzZGYxOzEuMA==-4b721439-3140-43b8-a79f-d9c3d34f3df1] Object was created but could not be found in the DRC.
[http://chemistry.apache.org/NGI3MjE0MzktMzE0MC00M2I4LWE3OWYtZDljM2QzNGYzZGYxOzEuMA==-4b721439-3140-43b8-a79f-d9c3d34f3df1] Object was updated but could not be found in the DRC.
[http://chemistry.apache.org/NGI3MjE0MzktMzE0MC00M2I4LWE3OWYtZDljM2QzNGYzZGYxOzEuMA==-4b721439-3140-43b8-a79f-d9c3d34f3df1] Object was deleted but could not be found in the ZRC.
[http://chemistry.apache.org/NDBkMmUxZGUtYjZkNS00YWM1LTg5NDYtNmUzMjFhZTQ2ZThk-40d2e1de-b6d5-4ac5-8946-6e321ae46e8d] Object was deleted but could not be found in the ZRC.
[http://chemistry.apache.org/ZjQ2NGIzYjctYWRhMi00MzgxLWE4MGItNTJhYTU2YWI4ZGFm-f464b3b7-ada2-4381-a80b-52aa56ab8daf] Object was deleted but could not be found in the ZRC.
[http://chemistry.apache.org/MzM4N2U0ZTItNjkzMS00ZTllLWExMDYtMTNkMWExOTg4MDM1-3387e4e2-6931-4e9e-a106-13d1a1988035] Object was created but could not be found in the DRC.
[http://chemistry.apache.org/NjJlMGY5MDItZDU2MC00YjNkLWI1MzMtODAzZDE3ZWIwYThi-62e0f902-d560-4b3d-b533-803d17eb0a8b] Object was created but could not be found in the DRC.
[http://chemistry.apache.org/YThmNmI4MGQtMTNjMS00N2I3LTkyNjYtOWY1MzA5YmZmMWM0OzEuMA==-a8f6b80d-13c1-47b7-9266-9f5309bff1c4] Object was created but could not be found in the DRC.
[http://chemistry.apache.org/YThmNmI4MGQtMTNjMS00N2I3LTkyNjYtOWY1MzA5YmZmMWM0OzEuMA==-a8f6b80d-13c1-47b7-9266-9f5309bff1c4] Object was updated but could not be found in the DRC.
[http://chemistry.apache.org/YThmNmI4MGQtMTNjMS00N2I3LTkyNjYtOWY1MzA5YmZmMWM0OzEuMA==-a8f6b80d-13c1-47b7-9266-9f5309bff1c4] Object was deleted but could not be found in the ZRC.
[http://chemistry.apache.org/NjJlMGY5MDItZDU2MC00YjNkLWI1MzMtODAzZDE3ZWIwYThi-62e0f902-d560-4b3d-b533-803d17eb0a8b] Object was deleted but could not be found in the ZRC.
[http://chemistry.apache.org/MzM4N2U0ZTItNjkzMS00ZTllLWExMDYtMTNkMWExOTg4MDM1-3387e4e2-6931-4e9e-a106-13d1a1988035] Object was deleted but could not be found in the ZRC.
[http://chemistry.apache.org/MDQ0ZDU0YWQtZjQ5MC00NzcyLTgzYzgtMzU3ZjNmMTg4OGMw-044d54ad-f490-4772-83c8-357f3f1888c0] Object was created but could not be found in the DRC.
[http://chemistry.apache.org/NDYzZjlhNjAtYjZiMi00OTEyLTliOGUtMTI0YTViMmNkOGRi-463f9a60-b6b2-4912-9b8e-124a5b2cd8db] Object was created but could not be found in the DRC.
[http://chemistry.apache.org/OTM4NDM3MTAtYWNlYi00NDQ1LTk4NjQtYThhNTUwMWQ2M2VmOzEuMA==-93843710-aceb-4445-9864-a8a5501d63ef] Object was created but could not be found in the DRC.
[http://chemistry.apache.org/OTM4NDM3MTAtYWNlYi00NDQ1LTk4NjQtYThhNTUwMWQ2M2VmOzEuMA==-93843710-aceb-4445-9864-a8a5501d63ef] Object was updated but could not be found in the DRC.
[http://chemistry.apache.org/MmMyZDE2NjgtMjMwMS00OGE1LWIyNDEtNTZjNTg2ZWE4MGI1-2c2d1668-2301-48a5-b241-56c586ea80b5] Object was created but could not be found in the DRC.
[http://chemistry.apache.org/OTM4NDM3MTAtYWNlYi00NDQ1LTk4NjQtYThhNTUwMWQ2M2VmOzEuMA==-93843710-aceb-4445-9864-a8a5501d63ef] Object was deleted but could not be found in the ZRC.
[http://chemistry.apache.org/MmMyZDE2NjgtMjMwMS00OGE1LWIyNDEtNTZjNTg2ZWE4MGI1-2c2d1668-2301-48a5-b241-56c586ea80b5] Object was deleted but could not be found in the ZRC.
[http://chemistry.apache.org/NDYzZjlhNjAtYjZiMi00OTEyLTliOGUtMTI0YTViMmNkOGRi-463f9a60-b6b2-4912-9b8e-124a5b2cd8db] Object was deleted but could not be found in the ZRC.
[http://chemistry.apache.org/MDQ0ZDU0YWQtZjQ5MC00NzcyLTgzYzgtMzU3ZjNmMTg4OGMw-044d54ad-f490-4772-83c8-357f3f1888c0] Object was deleted but could not be found in the ZRC.
[http://chemistry.apache.org/YTlkMDQ5MmYtZWJiNi00YzJkLTg3MjMtNTRkNzU5MTRjNzBl-a9d0492f-ebb6-4c2d-8723-54d75914c70e] Object was created but could not be found in the DRC.
[http://chemistry.apache.org/NzEzMjM4YWEtMWI1ZC00NWQ5LWJjYWUtMDJkOWVhZGQyOWFk-713238aa-1b5d-45d9-bcae-02d9eadd29ad] Object was created but could not be found in the DRC.
[http://chemistry.apache.org/NDczMjczNDQtZDEwYS00NDZiLTgxNjItYmY5ZGMxNzIyOWVi-47327344-d10a-446b-8162-bf9dc17229eb] Object was created but could not be found in the DRC.
[http://chemistry.apache.org/OWMwMzlhN2UtZjY3MC00OTUyLTljNWYtZjk2MjgzNDhhNDJmOzEuMA==-9c039a7e-f670-4952-9c5f-f9628348a42f] Object was created but could not be found in the DRC.
[http://chemistry.apache.org/OWMwMzlhN2UtZjY3MC00OTUyLTljNWYtZjk2MjgzNDhhNDJmOzEuMA==-9c039a7e-f670-4952-9c5f-f9628348a42f] Object was updated but could not be found in the DRC.
[http://chemistry.apache.org/NDczMjczNDQtZDEwYS00NDZiLTgxNjItYmY5ZGMxNzIyOWVi-47327344-d10a-446b-8162-bf9dc17229eb] Object was deleted but could not be found in the ZRC.
[http://chemistry.apache.org/OWMwMzlhN2UtZjY3MC00OTUyLTljNWYtZjk2MjgzNDhhNDJmOzEuMA==-9c039a7e-f670-4952-9c5f-f9628348a42f] Object was deleted but could not be found in the ZRC.
[http://chemistry.apache.org/NzEzMjM4YWEtMWI1ZC00NWQ5LWJjYWUtMDJkOWVhZGQyOWFk-713238aa-1b5d-45d9-bcae-02d9eadd29ad] Object was deleted but could not be found in the ZRC.
[http://chemistry.apache.org/YTlkMDQ5MmYtZWJiNi00YzJkLTg3MjMtNTRkNzU5MTRjNzBl-a9d0492f-ebb6-4c2d-8723-54d75914c70e] Object was deleted but could not be found in the ZRC.
[http://chemistry.apache.org/OGI0OGY5YWUtNjM0OS00NjQxLWExN2ItNGZjOTNiNjYyYmM0-8b48f9ae-6349-4641-a17b-4fc93b662bc4] Object was created but could not be found in the DRC.
[http://chemistry.apache.org/OGU3Y2U3OTktNTMzNi00OTZhLWE2MjctYzk5NjEwMmJjNTM3-8e7ce799-5336-496a-a627-c996102bc537] Object was created but could not be found in the DRC.
[http://chemistry.apache.org/ZDk5NDY2MDMtZWQwYS00ZGI3LWE2Y2UtZmRlZjQxOGZhMjBjOzEuMA==-d9946603-ed0a-4db7-a6ce-fdef418fa20c] Object was created but could not be found in the DRC.
[http://chemistry.apache.org/ZDk5NDY2MDMtZWQwYS00ZGI3LWE2Y2UtZmRlZjQxOGZhMjBjOzEuMA==-d9946603-ed0a-4db7-a6ce-fdef418fa20c] Object was updated but could not be found in the DRC.
[http://chemistry.apache.org/ZDk5NDY2MDMtZWQwYS00ZGI3LWE2Y2UtZmRlZjQxOGZhMjBjOzEuMA==-d9946603-ed0a-4db7-a6ce-fdef418fa20c] Object was deleted but could not be found in the ZRC.
[http://chemistry.apache.org/YmU1ZDMxNTAtNGI3NS00ODY0LWEyODgtMmRjODczODY4OTQy-be5d3150-4b75-4864-a288-2dc873868942] Object was created but could not be found in the DRC.
[http://chemistry.apache.org/YmU1ZDMxNTAtNGI3NS00ODY0LWEyODgtMmRjODczODY4OTQy-be5d3150-4b75-4864-a288-2dc873868942] Object was deleted but could not be found in the ZRC.
[http://chemistry.apache.org/OGU3Y2U3OTktNTMzNi00OTZhLWE2MjctYzk5NjEwMmJjNTM3-8e7ce799-5336-496a-a627-c996102bc537] Object was deleted but could not be found in the ZRC.
[http://chemistry.apache.org/OGI0OGY5YWUtNjM0OS00NjQxLWExN2ItNGZjOTNiNjYyYmM0-8b48f9ae-6349-4641-a17b-4fc93b662bc4] Object was deleted but could not be found in the ZRC.
[http://chemistry.apache.org/NjgzZWE4NWUtMDU1Yy00YjNiLTlmZTEtZDRkNjBjYjlmMzU5-683ea85e-055c-4b3b-9fe1-d4d60cb9f359] Object was created but could not be found in the DRC.
[http://chemistry.apache.org/ZmY3MWRjMTItMThkNy00MTUyLWJiM2MtY2Y2YjM4ZjI1OGViOzEuMA==-ff71dc12-18d7-4152-bb3c-cf6b38f258eb] Object was created but could not be found in the DRC.
[http://chemistry.apache.org/ZmY3MWRjMTItMThkNy00MTUyLWJiM2MtY2Y2YjM4ZjI1OGViOzEuMA==-ff71dc12-18d7-4152-bb3c-cf6b38f258eb] Object was updated but could not be found in the DRC.
[http://chemistry.apache.org/ZmY3MWRjMTItMThkNy00MTUyLWJiM2MtY2Y2YjM4ZjI1OGViOzEuMQ==-ff71dc12-18d7-4152-bb3c-cf6b38f258eb] Object was deleted but could not be found in the ZRC.
[http://chemistry.apache.org/NjgzZWE4NWUtMDU1Yy00YjNiLTlmZTEtZDRkNjBjYjlmMzU5-683ea85e-055c-4b3b-9fe1-d4d60cb9f359] Object was deleted but could not be found in the ZRC.
[http://chemistry.apache.org/ZmVmMzRkNDEtYTVhZi00YTQwLWJlYjYtMGIzYTA1YjE2NTQ4-fef34d41-a5af-4a40-beb6-0b3a05b16548] Object was created but could not be found in the DRC.
[http://chemistry.apache.org/Nzg5MDhlNWQtMDgyOS00M2ZkLTgxZWEtZjgxYTQyMzhjMTM2OzEuMA==-78908e5d-0829-43fd-81ea-f81a4238c136] Object was created but could not be found in the DRC.
[http://chemistry.apache.org/Nzg5MDhlNWQtMDgyOS00M2ZkLTgxZWEtZjgxYTQyMzhjMTM2OzEuMA==-78908e5d-0829-43fd-81ea-f81a4238c136] Object was updated but could not be found in the DRC.
[http://chemistry.apache.org/Nzg5MDhlNWQtMDgyOS00M2ZkLTgxZWEtZjgxYTQyMzhjMTM2OzEuMA==-78908e5d-0829-43fd-81ea-f81a4238c136] Object was deleted but could not be found in the ZRC.
[http://chemistry.apache.org/ZmVmMzRkNDEtYTVhZi00YTQwLWJlYjYtMGIzYTA1YjE2NTQ4-fef34d41-a5af-4a40-beb6-0b3a05b16548] Object was deleted but could not be found in the ZRC.
[http://chemistry.apache.org/MzliYzE1NTMtZmNkYi00ZjA2LTljZGEtNjEyYjA3NzQxZDM3-39bc1553-fcdb-4f06-9cda-612b07741d37] Object was created but could not be found in the DRC.
[http://chemistry.apache.org/Y2Y3ZjczMTktOTk5NS00YmYxLWEzN2QtNTI3MDE1MWQxNzZh-cf7f7319-9995-4bf1-a37d-5270151d176a] Object was created but could not be found in the DRC.
[http://chemistry.apache.org/Y2Y3ZjczMTktOTk5NS00YmYxLWEzN2QtNTI3MDE1MWQxNzZh-cf7f7319-9995-4bf1-a37d-5270151d176a] Object was deleted but could not be found in the ZRC.
[http://chemistry.apache.org/MzliYzE1NTMtZmNkYi00ZjA2LTljZGEtNjEyYjA3NzQxZDM3-39bc1553-fcdb-4f06-9cda-612b07741d37] Object was deleted but could not be found in the ZRC.
[http://chemistry.apache.org/ZjZhOTRhNTYtMzU4Mi00YmMzLTk0NmItYzk4ZDM1MzdlNTNi-f6a94a56-3582-4bc3-946b-c98d3537e53b] Object was created but could not be found in the DRC.
[http://chemistry.apache.org/YTJjMzMyZTktNTJkYy00NmZmLTk2NDktYjc2Y2UxODVmZjNk-a2c332e9-52dc-46ff-9649-b76ce185ff3d] Object was created but could not be found in the DRC.
[http://chemistry.apache.org/YTJjMzMyZTktNTJkYy00NmZmLTk2NDktYjc2Y2UxODVmZjNk-a2c332e9-52dc-46ff-9649-b76ce185ff3d] Object was deleted but could not be found in the ZRC.
[http://chemistry.apache.org/ZjZhOTRhNTYtMzU4Mi00YmMzLTk0NmItYzk4ZDM1MzdlNTNi-f6a94a56-3582-4bc3-946b-c98d3537e53b] Object was deleted but could not be found in the ZRC.
[http://chemistry.apache.org/YTZjMjYxMzAtNGI3OS00NWU3LThmMWEtMDRmZDM1ZmMyNjRl-a6c26130-4b79-45e7-8f1a-04fd35fc264e] Object was created but could not be found in the DRC.
[http://chemistry.apache.org/ODViMjA4ODEtNmQ3Yy00ZTg4LTkxMGMtNjI0ZmY1ZGIxYmNj-85b20881-6d7c-4e88-910c-624ff5db1bcc] Object was created but could not be found in the DRC.
[http://chemistry.apache.org/YjI2YWJmOTgtYjNmNy00MzY2LTkzMDItNDIwMTQ2NzAyODMy-b26abf98-b3f7-4366-9302-420146702832] Object was created but could not be found in the DRC.
[http://chemistry.apache.org/NTQxNTZkYmEtMDI2YS00ODJhLTkwOGItMzQzYzg5ODFiYTBkOzEuMA==-54156dba-026a-482a-908b-343c8981ba0d] Object was created but could not be found in the DRC.
[http://chemistry.apache.org/NTQxNTZkYmEtMDI2YS00ODJhLTkwOGItMzQzYzg5ODFiYTBkOzEuMA==-54156dba-026a-482a-908b-343c8981ba0d] Object was updated but could not be found in the DRC.
[http://chemistry.apache.org/ZTE2Y2IwZGUtY2RjMC00N2Y3LTlkYzQtODM3ZjAzMDNlNDhmOzEuMA==-e16cb0de-cdc0-47f7-9dc4-837f0303e48f] Object was created but could not be found in the DRC.
[http://chemistry.apache.org/ZTE2Y2IwZGUtY2RjMC00N2Y3LTlkYzQtODM3ZjAzMDNlNDhmOzEuMA==-e16cb0de-cdc0-47f7-9dc4-837f0303e48f] Object was updated but could not be found in the DRC.
[http://chemistry.apache.org/NTQxNTZkYmEtMDI2YS00ODJhLTkwOGItMzQzYzg5ODFiYTBkOzEuMA==-54156dba-026a-482a-908b-343c8981ba0d] Object was deleted but could not be found in the ZRC.
[http://chemistry.apache.org/ZTE2Y2IwZGUtY2RjMC00N2Y3LTlkYzQtODM3ZjAzMDNlNDhmOzEuMA==-e16cb0de-cdc0-47f7-9dc4-837f0303e48f] Object was deleted but could not be found in the ZRC.
[http://chemistry.apache.org/YjI2YWJmOTgtYjNmNy00MzY2LTkzMDItNDIwMTQ2NzAyODMy-b26abf98-b3f7-4366-9302-420146702832] Object was deleted but could not be found in the ZRC.
[http://chemistry.apache.org/ODViMjA4ODEtNmQ3Yy00ZTg4LTkxMGMtNjI0ZmY1ZGIxYmNj-85b20881-6d7c-4e88-910c-624ff5db1bcc] Object was deleted but could not be found in the ZRC.
[http://chemistry.apache.org/YTZjMjYxMzAtNGI3OS00NWU3LThmMWEtMDRmZDM1ZmMyNjRl-a6c26130-4b79-45e7-8f1a-04fd35fc264e] Object was deleted but could not be found in the ZRC.
[http://chemistry.apache.org/MzEyY2QzYWQtN2JkOS00ZDJmLTg3Y2QtZjFlOTNkZmI0NDY3-312cd3ad-7bd9-4d2f-87cd-f1e93dfb4467] Object was created but could not be found in the DRC.
[http://chemistry.apache.org/YzE1ZWU1NWQtMDc3My00NDhhLWJlMmMtZWQ2ODc3MzQ0MWM4-c15ee55d-0773-448a-be2c-ed68773441c8] Object was created but could not be found in the DRC.
[http://chemistry.apache.org/MzBiZWIzNGUtNDFjOC00OGRiLWI0OWYtZWEzMWE0OTQzY2Nl-30beb34e-41c8-48db-b49f-ea31a4943cce] Object was created but could not be found in the DRC.
[http://chemistry.apache.org/NWU2ZDg4YjctZWZlMy00YTBhLWE3ZDUtMmI1Y2RlZDFjNTdmOzEuMA==-5e6d88b7-efe3-4a0a-a7d5-2b5cded1c57f] Object was created but could not be found in the DRC.
[http://chemistry.apache.org/NWU2ZDg4YjctZWZlMy00YTBhLWE3ZDUtMmI1Y2RlZDFjNTdmOzEuMA==-5e6d88b7-efe3-4a0a-a7d5-2b5cded1c57f] Object was updated but could not be found in the DRC.
[http://chemistry.apache.org/NWU2ZDg4YjctZWZlMy00YTBhLWE3ZDUtMmI1Y2RlZDFjNTdmOzEuMA==-5e6d88b7-efe3-4a0a-a7d5-2b5cded1c57f] Object was deleted but could not be found in the ZRC.
[http://chemistry.apache.org/MzBiZWIzNGUtNDFjOC00OGRiLWI0OWYtZWEzMWE0OTQzY2Nl-30beb34e-41c8-48db-b49f-ea31a4943cce] Object was deleted but could not be found in the ZRC.
[http://chemistry.apache.org/YzE1ZWU1NWQtMDc3My00NDhhLWJlMmMtZWQ2ODc3MzQ0MWM4-c15ee55d-0773-448a-be2c-ed68773441c8] Object was deleted but could not be found in the ZRC.
[http://chemistry.apache.org/MzEyY2QzYWQtN2JkOS00ZDJmLTg3Y2QtZjFlOTNkZmI0NDY3-312cd3ad-7bd9-4d2f-87cd-f1e93dfb4467] Object was deleted but could not be found in the ZRC.
[http://chemistry.apache.org/YWE1YzIwYjktZGQ3ZS00ODBhLTlhNzgtNWUzYWYxM2E0ODk0-aa5c20b9-dd7e-480a-9a78-5e3af13a4894] Object was created but could not be found in the DRC.
[http://chemistry.apache.org/OTc5NDg0YzktYzYyOS00ZTBmLTgyZjUtMzIxZWNiNWRiMzY2-979484c9-c629-4e0f-82f5-321ecb5db366] Object was created but could not be found in the DRC.
[http://chemistry.apache.org/NjBiMWY5YzQtNTc3Zi00ZjhhLWFmNmQtMWM1Mjc4ZDA2OTQw-60b1f9c4-577f-4f8a-af6d-1c5278d06940] Object was created but could not be found in the DRC.
[http://chemistry.apache.org/NTE4YTVjNmYtYjZjZi00NDQzLWEyZDAtZDFjYjc5ZTllMWQyOzEuMA==-518a5c6f-b6cf-4443-a2d0-d1cb79e9e1d2] Object was created but could not be found in the DRC.
[http://chemistry.apache.org/NTE4YTVjNmYtYjZjZi00NDQzLWEyZDAtZDFjYjc5ZTllMWQyOzEuMA==-518a5c6f-b6cf-4443-a2d0-d1cb79e9e1d2] Object was updated but could not be found in the DRC.
[http://chemistry.apache.org/MTA4MzY3YmMtNWY4MC00NmFiLTljNzEtNDhiYTg3ZGViOGUxOzEuMA==-108367bc-5f80-46ab-9c71-48ba87deb8e1] Object was created but could not be found in the DRC.
[http://chemistry.apache.org/MTA4MzY3YmMtNWY4MC00NmFiLTljNzEtNDhiYTg3ZGViOGUxOzEuMA==-108367bc-5f80-46ab-9c71-48ba87deb8e1] Object was updated but could not be found in the DRC.
[http://chemistry.apache.org/MTA4MzY3YmMtNWY4MC00NmFiLTljNzEtNDhiYTg3ZGViOGUxOzEuMQ==-108367bc-5f80-46ab-9c71-48ba87deb8e1] Object was deleted but could not be found in the ZRC.
[http://chemistry.apache.org/NTE4YTVjNmYtYjZjZi00NDQzLWEyZDAtZDFjYjc5ZTllMWQyOzIuMA==-518a5c6f-b6cf-4443-a2d0-d1cb79e9e1d2] Object was deleted but could not be found in the ZRC.
[http://chemistry.apache.org/NjBiMWY5YzQtNTc3Zi00ZjhhLWFmNmQtMWM1Mjc4ZDA2OTQw-60b1f9c4-577f-4f8a-af6d-1c5278d06940] Object was deleted but could not be found in the ZRC.
[http://chemistry.apache.org/OTc5NDg0YzktYzYyOS00ZTBmLTgyZjUtMzIxZWNiNWRiMzY2-979484c9-c629-4e0f-82f5-321ecb5db366] Object was deleted but could not be found in the ZRC.
[http://chemistry.apache.org/YWE1YzIwYjktZGQ3ZS00ODBhLTlhNzgtNWUzYWYxM2E0ODk0-aa5c20b9-dd7e-480a-9a78-5e3af13a4894] Object was deleted but could not be found in the ZRC.
[http://chemistry.apache.org/OWUwMjUzNjYtNDNhMC00ZDAxLWE5NDYtNTFhMDk3ZjQ2ZDBj-9e025366-43a0-4d01-a946-51a097f46d0c] Object was created but could not be found in the DRC.
[http://chemistry.apache.org/NTFlZTMyODMtZTYzOS00NzVkLWIzZGQtYTkzM2QxZDNiZGJi-51ee3283-e639-475d-b3dd-a933d1d3bdbb] Object was created but could not be found in the DRC.
[http://chemistry.apache.org/ZDg5OTc2YTAtNWY4Mi00M2Q1LWE1YjctY2NjN2M2YjdjMGY5OzEuMA==-d89976a0-5f82-43d5-a5b7-ccc7c6b7c0f9] Object was created but could not be found in the DRC.
[http://chemistry.apache.org/ZDg5OTc2YTAtNWY4Mi00M2Q1LWE1YjctY2NjN2M2YjdjMGY5OzEuMA==-d89976a0-5f82-43d5-a5b7-ccc7c6b7c0f9] Object was updated but could not be found in the DRC.
]]>			</system-err>
		</testcase>
		<testcase classname="tests.tests.cmis_client.test_sync.CMISClientTests" file="tests/tests/cmis_client/test_sync.py" line="19" name="test_run_sync_dryrun" time="0.128" timestamp="2019-04-24T09:55:55">
			<system-out>
<![CDATA[]]>			</system-out>
			<system-err>
<![CDATA[]]>			</system-err>
		</testcase>
		<testcase classname="tests.tests.cmis_client.test_sync.CMISClientTests" file="tests/tests/cmis_client/test_sync.py" line="38" name="test_run_sync_twice" time="36.588" timestamp="2019-04-24T09:56:32">
			<system-out>
<![CDATA[]]>			</system-out>
			<system-err>
<![CDATA[[http://chemistry.apache.org/YmZmMGRiZWQtMzlkZC00NDAzLWE5ZGUtNjliODdlNzQ5NjM3-bff0dbed-39dd-4403-a9de-69b87e749637] Object was created but could not be found in the DRC.
[http://chemistry.apache.org/NGNjOTgzOTYtNzYwMi00YWI2LWFlYzMtZGZhMWE5YzRlMGJh-4cc98396-7602-4ab6-aec3-dfa1a9c4e0ba] Object was created but could not be found in the DRC.
[http://chemistry.apache.org/NjhmN2U4YTYtODBkYy00N2UzLWJhYjQtNjVhOGU5ZmY2MDdh-68f7e8a6-80dc-47e3-bab4-65a8e9ff607a] Object was created but could not be found in the DRC.
[http://chemistry.apache.org/NjhmN2U4YTYtODBkYy00N2UzLWJhYjQtNjVhOGU5ZmY2MDdh-68f7e8a6-80dc-47e3-bab4-65a8e9ff607a] Object was deleted but could not be found in the ZRC.
[http://chemistry.apache.org/NGNjOTgzOTYtNzYwMi00YWI2LWFlYzMtZGZhMWE5YzRlMGJh-4cc98396-7602-4ab6-aec3-dfa1a9c4e0ba] Object was deleted but could not be found in the ZRC.
[http://chemistry.apache.org/OGFhYmUxYTktMjAxYy00ZTA4LTllNGMtNjk0YmNiZTMyYTg5-8aabe1a9-201c-4e08-9e4c-694bcbe32a89] Object was created but could not be found in the DRC.
[http://chemistry.apache.org/MGU0MWRmY2MtZDA0YS00ZTljLTk4OTQtYjZjMDNkZGE5NWMy-0e41dfcc-d04a-4e9c-9894-b6c03dda95c2] Object was created but could not be found in the DRC.
[http://chemistry.apache.org/MGU0MWRmY2MtZDA0YS00ZTljLTk4OTQtYjZjMDNkZGE5NWMy-0e41dfcc-d04a-4e9c-9894-b6c03dda95c2] Object was deleted but could not be found in the ZRC.
[http://chemistry.apache.org/OGFhYmUxYTktMjAxYy00ZTA4LTllNGMtNjk0YmNiZTMyYTg5-8aabe1a9-201c-4e08-9e4c-694bcbe32a89] Object was deleted but could not be found in the ZRC.
[http://chemistry.apache.org/NmMyOTgzZmYtMzc1OS00NTVlLWI0YzUtODRjZTIwZGRjMWU3-6c2983ff-3759-455e-b4c5-84ce20ddc1e7] Object was created but could not be found in the DRC.
[http://chemistry.apache.org/NjVkNzhlMTMtZTgwOC00M2RmLTliZmUtYTAyYTI4OTU5Zjgx-65d78e13-e808-43df-9bfe-a02a28959f81] Object was created but could not be found in the DRC.
[http://chemistry.apache.org/NjVkNzhlMTMtZTgwOC00M2RmLTliZmUtYTAyYTI4OTU5Zjgx-65d78e13-e808-43df-9bfe-a02a28959f81] Object was deleted but could not be found in the ZRC.
[http://chemistry.apache.org/NmMyOTgzZmYtMzc1OS00NTVlLWI0YzUtODRjZTIwZGRjMWU3-6c2983ff-3759-455e-b4c5-84ce20ddc1e7] Object was deleted but could not be found in the ZRC.
[http://chemistry.apache.org/M2E1MDdhMzItMWQyMy00YTRjLWE3ZWYtNzA3MzkxYzAxNzI1-3a507a32-1d23-4a4c-a7ef-707391c01725] Object was created but could not be found in the DRC.
[http://chemistry.apache.org/NGEyN2JlNmMtNzIwOS00NjIxLTlhMzMtNzJhNzVkYmIxMGQ1-4a27be6c-7209-4621-9a33-72a75dbb10d5] Object was created but could not be found in the DRC.
[http://chemistry.apache.org/NGEyN2JlNmMtNzIwOS00NjIxLTlhMzMtNzJhNzVkYmIxMGQ1-4a27be6c-7209-4621-9a33-72a75dbb10d5] Object was deleted but could not be found in the ZRC.
[http://chemistry.apache.org/M2E1MDdhMzItMWQyMy00YTRjLWE3ZWYtNzA3MzkxYzAxNzI1-3a507a32-1d23-4a4c-a7ef-707391c01725] Object was deleted but could not be found in the ZRC.
[http://chemistry.apache.org/MjdhNWZiNWQtMjRiZS00ZTA2LWEyZDUtNzkzMGIyMDZhNTcz-27a5fb5d-24be-4e06-a2d5-7930b206a573] Object was created but could not be found in the DRC.
[http://chemistry.apache.org/MWViOGNiOTItMWE2Zi00Y2Q3LThkMDMtNDEyYWU3MGIzNTI0-1eb8cb92-1a6f-4cd7-8d03-412ae70b3524] Object was created but could not be found in the DRC.
[http://chemistry.apache.org/MWZiMGQyMTgtZGY0OC00MzliLTg5NTMtY2I1YmZhMTU5OGRiOzEuMA==-1fb0d218-df48-439b-8953-cb5bfa1598db] Object was created but could not be found in the DRC.
[http://chemistry.apache.org/MWZiMGQyMTgtZGY0OC00MzliLTg5NTMtY2I1YmZhMTU5OGRiOzEuMA==-1fb0d218-df48-439b-8953-cb5bfa1598db] Object was updated but could not be found in the DRC.
[http://chemistry.apache.org/N2MyYjVmYzQtNDcyOS00NmZlLWJkM2ItZDdkY2JkYzkzYzA0OzEuMA==-7c2b5fc4-4729-46fe-bd3b-d7dcbdc93c04] Object was created but could not be found in the DRC.
[http://chemistry.apache.org/N2MyYjVmYzQtNDcyOS00NmZlLWJkM2ItZDdkY2JkYzkzYzA0OzEuMA==-7c2b5fc4-4729-46fe-bd3b-d7dcbdc93c04] Object was updated but could not be found in the DRC.
[http://chemistry.apache.org/N2MyYjVmYzQtNDcyOS00NmZlLWJkM2ItZDdkY2JkYzkzYzA0OzEuMA==-7c2b5fc4-4729-46fe-bd3b-d7dcbdc93c04] Object was deleted but could not be found in the ZRC.
[http://chemistry.apache.org/MTA2NzU1M2QtYWM0My00MTk0LWI1MTQtNjNjODk0NGIxNWFkOzEuMA==-1067553d-ac43-4194-b514-63c8944b15ad] Object was created but could not be found in the DRC.
[http://chemistry.apache.org/MTA2NzU1M2QtYWM0My00MTk0LWI1MTQtNjNjODk0NGIxNWFkOzEuMA==-1067553d-ac43-4194-b514-63c8944b15ad] Object was updated but could not be found in the DRC.
[http://chemistry.apache.org/MWZiMGQyMTgtZGY0OC00MzliLTg5NTMtY2I1YmZhMTU5OGRiOzEuMA==-1fb0d218-df48-439b-8953-cb5bfa1598db] Object was deleted but could not be found in the ZRC.
[http://chemistry.apache.org/MTA2NzU1M2QtYWM0My00MTk0LWI1MTQtNjNjODk0NGIxNWFkOzEuMA==-1067553d-ac43-4194-b514-63c8944b15ad] Object was deleted but could not be found in the ZRC.
[http://chemistry.apache.org/MWViOGNiOTItMWE2Zi00Y2Q3LThkMDMtNDEyYWU3MGIzNTI0-1eb8cb92-1a6f-4cd7-8d03-412ae70b3524] Object was deleted but could not be found in the ZRC.
[http://chemistry.apache.org/MjdhNWZiNWQtMjRiZS00ZTA2LWEyZDUtNzkzMGIyMDZhNTcz-27a5fb5d-24be-4e06-a2d5-7930b206a573] Object was deleted but could not be found in the ZRC.
[http://chemistry.apache.org/MTI4NTZiOWUtYWJlNC00ODc1LWFlM2YtOTNiMjA4YjUzMTQy-12856b9e-abe4-4875-ae3f-93b208b53142] Object was created but could not be found in the DRC.
[http://chemistry.apache.org/MmQyNmJiNjMtMGQyZC00NGE3LThhN2YtMWU4NDQ5NTgxMTFi-2d26bb63-0d2d-44a7-8a7f-1e844958111b] Object was created but could not be found in the DRC.
[http://chemistry.apache.org/NjIwMWU0YjYtNTQ5ZS00ZTI1LWE5OWMtNWE4YjI3MTM5ZWMxOzEuMA==-6201e4b6-549e-4e25-a99c-5a8b27139ec1] Object was created but could not be found in the DRC.
[http://chemistry.apache.org/NjIwMWU0YjYtNTQ5ZS00ZTI1LWE5OWMtNWE4YjI3MTM5ZWMxOzEuMA==-6201e4b6-549e-4e25-a99c-5a8b27139ec1] Object was updated but could not be found in the DRC.
[http://chemistry.apache.org/OGQ0MmEzMjktOWE1My00MjY5LWJhM2UtNDNhMmIyNDE1MDUxOzEuMA==-8d42a329-9a53-4269-ba3e-43a2b2415051] Object was created but could not be found in the DRC.
[http://chemistry.apache.org/OGQ0MmEzMjktOWE1My00MjY5LWJhM2UtNDNhMmIyNDE1MDUxOzEuMA==-8d42a329-9a53-4269-ba3e-43a2b2415051] Object was updated but could not be found in the DRC.
[http://chemistry.apache.org/NjIwMWU0YjYtNTQ5ZS00ZTI1LWE5OWMtNWE4YjI3MTM5ZWMxOzEuMA==-6201e4b6-549e-4e25-a99c-5a8b27139ec1] Object was deleted but could not be found in the ZRC.
[http://chemistry.apache.org/OGQ0MmEzMjktOWE1My00MjY5LWJhM2UtNDNhMmIyNDE1MDUxOzEuMA==-8d42a329-9a53-4269-ba3e-43a2b2415051] Object was deleted but could not be found in the ZRC.
[http://chemistry.apache.org/MmQyNmJiNjMtMGQyZC00NGE3LThhN2YtMWU4NDQ5NTgxMTFi-2d26bb63-0d2d-44a7-8a7f-1e844958111b] Object was deleted but could not be found in the ZRC.
[http://chemistry.apache.org/MTI4NTZiOWUtYWJlNC00ODc1LWFlM2YtOTNiMjA4YjUzMTQy-12856b9e-abe4-4875-ae3f-93b208b53142] Object was deleted but could not be found in the ZRC.
[http://chemistry.apache.org/NjQwYzI4ZDctYzk3MS00OGE4LTk5NjUtODI4MjIzZDdmMDA2-640c28d7-c971-48a8-9965-828223d7f006] Object was created but could not be found in the DRC.
[http://chemistry.apache.org/NzViM2JjZGQtOGY2Ni00NjUzLThlMDAtYTNhZGNhNThlMTI0-75b3bcdd-8f66-4653-8e00-a3adca58e124] Object was created but could not be found in the DRC.
[http://chemistry.apache.org/MDcyNTcxNzQtZjljMi00MDQ0LTkwNmYtZGI5ZGY3YzNkZDBhOzEuMA==-07257174-f9c2-4044-906f-db9df7c3dd0a] Object was created but could not be found in the DRC.
[http://chemistry.apache.org/MDcyNTcxNzQtZjljMi00MDQ0LTkwNmYtZGI5ZGY3YzNkZDBhOzEuMA==-07257174-f9c2-4044-906f-db9df7c3dd0a] Object was updated but could not be found in the DRC.
[http://chemistry.apache.org/N2Y5OTMyOGUtOTU3ZS00OTg2LTk4NTYtOTc3ZmJhOGJhYTliOzEuMA==-7f99328e-957e-4986-9856-977fba8baa9b] Object was created but could not be found in the DRC.
[http://chemistry.apache.org/N2Y5OTMyOGUtOTU3ZS00OTg2LTk4NTYtOTc3ZmJhOGJhYTliOzEuMA==-7f99328e-957e-4986-9856-977fba8baa9b] Object was updated but could not be found in the DRC.
[http://chemistry.apache.org/MDcyNTcxNzQtZjljMi00MDQ0LTkwNmYtZGI5ZGY3YzNkZDBhOzEuMA==-07257174-f9c2-4044-906f-db9df7c3dd0a] Object was deleted but could not be found in the ZRC.
[http://chemistry.apache.org/N2Y5OTMyOGUtOTU3ZS00OTg2LTk4NTYtOTc3ZmJhOGJhYTliOzEuMA==-7f99328e-957e-4986-9856-977fba8baa9b] Object was deleted but could not be found in the ZRC.
[http://chemistry.apache.org/NzViM2JjZGQtOGY2Ni00NjUzLThlMDAtYTNhZGNhNThlMTI0-75b3bcdd-8f66-4653-8e00-a3adca58e124] Object was deleted but could not be found in the ZRC.
[http://chemistry.apache.org/NjQwYzI4ZDctYzk3MS00OGE4LTk5NjUtODI4MjIzZDdmMDA2-640c28d7-c971-48a8-9965-828223d7f006] Object was deleted but could not be found in the ZRC.
[http://chemistry.apache.org/ZTMwMjU5MDUtNzU4NS00YThjLWJkYTgtODA4YTczZjY3ZDZk-e3025905-7585-4a8c-bda8-808a73f67d6d] Object was created but could not be found in the DRC.
[http://chemistry.apache.org/NTBiNmFjMTQtZTc2Yy00ODg1LTg3NjAtODA0ODM3OWU4YjQz-50b6ac14-e76c-4885-8760-8048379e8b43] Object was created but could not be found in the DRC.
[http://chemistry.apache.org/OWViZWVhMDMtOGI4ZC00N2I3LWFiYWUtNDc5MWFiMzhmODkxOzEuMA==-9ebeea03-8b8d-47b7-abae-4791ab38f891] Object was created but could not be found in the DRC.
[http://chemistry.apache.org/OWViZWVhMDMtOGI4ZC00N2I3LWFiYWUtNDc5MWFiMzhmODkxOzEuMA==-9ebeea03-8b8d-47b7-abae-4791ab38f891] Object was updated but could not be found in the DRC.
[http://chemistry.apache.org/OGIwZGNiNWQtYmEzZC00YzRiLTgyMzYtMDJjZmEzYTA2ZTAyOzEuMA==-8b0dcb5d-ba3d-4c4b-8236-02cfa3a06e02] Object was created but could not be found in the DRC.
[http://chemistry.apache.org/OGIwZGNiNWQtYmEzZC00YzRiLTgyMzYtMDJjZmEzYTA2ZTAyOzEuMA==-8b0dcb5d-ba3d-4c4b-8236-02cfa3a06e02] Object was updated but could not be found in the DRC.
[http://chemistry.apache.org/OWViZWVhMDMtOGI4ZC00N2I3LWFiYWUtNDc5MWFiMzhmODkxOzEuMA==-9ebeea03-8b8d-47b7-abae-4791ab38f891] Object was deleted but could not be found in the ZRC.
[http://chemistry.apache.org/OGIwZGNiNWQtYmEzZC00YzRiLTgyMzYtMDJjZmEzYTA2ZTAyOzEuMA==-8b0dcb5d-ba3d-4c4b-8236-02cfa3a06e02] Object was deleted but could not be found in the ZRC.
[http://chemistry.apache.org/NTBiNmFjMTQtZTc2Yy00ODg1LTg3NjAtODA0ODM3OWU4YjQz-50b6ac14-e76c-4885-8760-8048379e8b43] Object was deleted but could not be found in the ZRC.
[http://chemistry.apache.org/ZTMwMjU5MDUtNzU4NS00YThjLWJkYTgtODA4YTczZjY3ZDZk-e3025905-7585-4a8c-bda8-808a73f67d6d] Object was deleted but could not be found in the ZRC.
[http://chemistry.apache.org/MzZmOWJlY2UtNGU5MS00ZjkwLWFjYTktNGY5OWUxYjFjZTU4-36f9bece-4e91-4f90-aca9-4f99e1b1ce58] Object was created but could not be found in the DRC.
[http://chemistry.apache.org/NTkyZTRmNjYtNTJhMy00NjZmLWJjN2YtMzg1ZDBhNmI5ZThj-592e4f66-52a3-466f-bc7f-385d0a6b9e8c] Object was created but could not be found in the DRC.
[http://chemistry.apache.org/NTkyZTRmNjYtNTJhMy00NjZmLWJjN2YtMzg1ZDBhNmI5ZThj-592e4f66-52a3-466f-bc7f-385d0a6b9e8c] Object was deleted but could not be found in the ZRC.
[http://chemistry.apache.org/MzZmOWJlY2UtNGU5MS00ZjkwLWFjYTktNGY5OWUxYjFjZTU4-36f9bece-4e91-4f90-aca9-4f99e1b1ce58] Object was deleted but could not be found in the ZRC.
[http://chemistry.apache.org/NjU2NjkzMTEtOGJlMy00MjEzLThlOTgtMzg2ODEzMGE4ODQ2-65669311-8be3-4213-8e98-3868130a8846] Object was created but could not be found in the DRC.
[http://chemistry.apache.org/N2I1NWU2N2EtNTdkNy00MWYwLWEzODAtNmQ3MDEwMzcyZDA3-7b55e67a-57d7-41f0-a380-6d7010372d07] Object was created but could not be found in the DRC.
[http://chemistry.apache.org/N2I1NWU2N2EtNTdkNy00MWYwLWEzODAtNmQ3MDEwMzcyZDA3-7b55e67a-57d7-41f0-a380-6d7010372d07] Object was deleted but could not be found in the ZRC.
[http://chemistry.apache.org/NjU2NjkzMTEtOGJlMy00MjEzLThlOTgtMzg2ODEzMGE4ODQ2-65669311-8be3-4213-8e98-3868130a8846] Object was deleted but could not be found in the ZRC.
[http://chemistry.apache.org/YzBkNTRlNTctZDI2YS00ZmM1LWI1OTAtNzhiNzE4MWUzYTM3-c0d54e57-d26a-4fc5-b590-78b7181e3a37] Object was created but could not be found in the DRC.
[http://chemistry.apache.org/NWFjYWRmNjgtOWZjZi00ZTJkLWIwZjItNmEzYjM1MjkyZWUx-5acadf68-9fcf-4e2d-b0f2-6a3b35292ee1] Object was created but could not be found in the DRC.
[http://chemistry.apache.org/Mjk1NTVjMmYtY2JmMC00NWE4LWJhY2EtMWU5NjM3ZWI2Zjhj-29555c2f-cbf0-45a8-baca-1e9637eb6f8c] Object was created but could not be found in the DRC.
[http://chemistry.apache.org/OWI0YmY2YTMtZmNiMy00NWRmLWI1ZWEtZjZlYWFlMmYwMGJiOzEuMA==-9b4bf6a3-fcb3-45df-b5ea-f6eaae2f00bb] Object was created but could not be found in the DRC.
[http://chemistry.apache.org/OWI0YmY2YTMtZmNiMy00NWRmLWI1ZWEtZjZlYWFlMmYwMGJiOzEuMA==-9b4bf6a3-fcb3-45df-b5ea-f6eaae2f00bb] Object was updated but could not be found in the DRC.
[http://chemistry.apache.org/MWJlYWM5MjgtYzNhOS00MzE5LWJkZGYtOGIxNDg0NzMyZjA3OzEuMA==-1beac928-c3a9-4319-bddf-8b1484732f07] Object was created but could not be found in the DRC.
[http://chemistry.apache.org/MWJlYWM5MjgtYzNhOS00MzE5LWJkZGYtOGIxNDg0NzMyZjA3OzEuMA==-1beac928-c3a9-4319-bddf-8b1484732f07] Object was updated but could not be found in the DRC.
[http://chemistry.apache.org/NWFjYWRmNjgtOWZjZi00ZTJkLWIwZjItNmEzYjM1MjkyZWUx-5acadf68-9fcf-4e2d-b0f2-6a3b35292ee1] Object was deleted but could not be found in the ZRC.
[http://chemistry.apache.org/YzBkNTRlNTctZDI2YS00ZmM1LWI1OTAtNzhiNzE4MWUzYTM3-c0d54e57-d26a-4fc5-b590-78b7181e3a37] Object was deleted but could not be found in the ZRC.
[http://chemistry.apache.org/NzNiYzIyYWUtM2VkMC00OGNkLThmZWEtNTQ2NzliOGNkYjk4-73bc22ae-3ed0-48cd-8fea-54679b8cdb98] Object was created but could not be found in the DRC.
[http://chemistry.apache.org/MmM0YzExMTQtYjg5Yi00ZDE5LTgwY2YtYWU1YmZkZGI4YzZm-2c4c1114-b89b-4d19-80cf-ae5bfddb8c6f] Object was created but could not be found in the DRC.
[http://chemistry.apache.org/MmM0YzExMTQtYjg5Yi00ZDE5LTgwY2YtYWU1YmZkZGI4YzZm-2c4c1114-b89b-4d19-80cf-ae5bfddb8c6f] Object was deleted but could not be found in the ZRC.
[http://chemistry.apache.org/NzNiYzIyYWUtM2VkMC00OGNkLThmZWEtNTQ2NzliOGNkYjk4-73bc22ae-3ed0-48cd-8fea-54679b8cdb98] Object was deleted but could not be found in the ZRC.
[http://chemistry.apache.org/Mjc3ZDlhNTMtYTk1NS00N2Y4LTk4Y2EtYTE0Nzk1YjljOGI1-277d9a53-a955-47f8-98ca-a14795b9c8b5] Object was created but could not be found in the DRC.
[http://chemistry.apache.org/NjM4OTBiODEtNjFmMi00MDM4LWI4OWMtY2NmMWRmMmViMGJh-63890b81-61f2-4038-b89c-ccf1df2eb0ba] Object was created but could not be found in the DRC.
[http://chemistry.apache.org/NjM4OTBiODEtNjFmMi00MDM4LWI4OWMtY2NmMWRmMmViMGJh-63890b81-61f2-4038-b89c-ccf1df2eb0ba] Object was deleted but could not be found in the ZRC.
[http://chemistry.apache.org/Mjc3ZDlhNTMtYTk1NS00N2Y4LTk4Y2EtYTE0Nzk1YjljOGI1-277d9a53-a955-47f8-98ca-a14795b9c8b5] Object was deleted but could not be found in the ZRC.
[http://chemistry.apache.org/YjJmNmVkMDYtNTIwZS00NzQ2LWEzYzQtNzkxNTY2Yjk2ZjA0-b2f6ed06-520e-4746-a3c4-791566b96f04] Object was created but could not be found in the DRC.
[http://chemistry.apache.org/MDQwMTI2YTEtOWM0ZC00OTZiLWE4NjctZDU3NDc2ZjExOGU1-040126a1-9c4d-496b-a867-d57476f118e5] Object was created but could not be found in the DRC.
[http://chemistry.apache.org/MDQwMTI2YTEtOWM0ZC00OTZiLWE4NjctZDU3NDc2ZjExOGU1-040126a1-9c4d-496b-a867-d57476f118e5] Object was deleted but could not be found in the ZRC.
[http://chemistry.apache.org/YjJmNmVkMDYtNTIwZS00NzQ2LWEzYzQtNzkxNTY2Yjk2ZjA0-b2f6ed06-520e-4746-a3c4-791566b96f04] Object was deleted but could not be found in the ZRC.
[http://chemistry.apache.org/N2Y2NDI2OTQtMThjNC00Y2VmLWIwMTgtNjMwMjUyNmMxOTA4-7f642694-18c4-4cef-b018-6302526c1908] Object was created but could not be found in the DRC.
[http://chemistry.apache.org/YjBlODAyMzMtY2E0ZC00ZjRjLWI4YTgtNGY3ODU2NTU1ZGU3-b0e80233-ca4d-4f4c-b8a8-4f7856555de7] Object was created but could not be found in the DRC.
[http://chemistry.apache.org/YjBlODAyMzMtY2E0ZC00ZjRjLWI4YTgtNGY3ODU2NTU1ZGU3-b0e80233-ca4d-4f4c-b8a8-4f7856555de7] Object was deleted but could not be found in the ZRC.
[http://chemistry.apache.org/N2Y2NDI2OTQtMThjNC00Y2VmLWIwMTgtNjMwMjUyNmMxOTA4-7f642694-18c4-4cef-b018-6302526c1908] Object was deleted but could not be found in the ZRC.
[http://chemistry.apache.org/ODUxNmQzMWItNjJmZi00MmMxLTg5MGQtZGFkMmFkMDcxMzQx-8516d31b-62ff-42c1-890d-dad2ad071341] Object was created but could not be found in the DRC.
[http://chemistry.apache.org/MDEyYjlmZTctN2RhYS00NTA5LTgzMTctNDI4ZWQ3M2JmZmNm-012b9fe7-7daa-4509-8317-428ed73bffcf] Object was created but could not be found in the DRC.
[http://chemistry.apache.org/MDEyYjlmZTctN2RhYS00NTA5LTgzMTctNDI4ZWQ3M2JmZmNm-012b9fe7-7daa-4509-8317-428ed73bffcf] Object was deleted but could not be found in the ZRC.
[http://chemistry.apache.org/ODUxNmQzMWItNjJmZi00MmMxLTg5MGQtZGFkMmFkMDcxMzQx-8516d31b-62ff-42c1-890d-dad2ad071341] Object was deleted but could not be found in the ZRC.
[http://chemistry.apache.org/ZDQ5M2MwNTgtNDEyMS00Y2E2LWI4ZjAtMTgxMzk5ZWM0NGJl-d493c058-4121-4ca6-b8f0-181399ec44be] Object was created but could not be found in the DRC.
[http://chemistry.apache.org/NjdjY2M3NjYtNmVjMi00OWFjLThjYWEtZTY3ZWNjZTk0YzQ3-67ccc766-6ec2-49ac-8caa-e67ecce94c47] Object was created but could not be found in the DRC.
[http://chemistry.apache.org/NjdjY2M3NjYtNmVjMi00OWFjLThjYWEtZTY3ZWNjZTk0YzQ3-67ccc766-6ec2-49ac-8caa-e67ecce94c47] Object was deleted but could not be found in the ZRC.
[http://chemistry.apache.org/ZDQ5M2MwNTgtNDEyMS00Y2E2LWI4ZjAtMTgxMzk5ZWM0NGJl-d493c058-4121-4ca6-b8f0-181399ec44be] Object was deleted but could not be found in the ZRC.
[http://chemistry.apache.org/MGQ2YmYxNjYtYjczNi00MDg3LWFiMzEtZjZlNjMwMGRjMDk0-0d6bf166-b736-4087-ab31-f6e6300dc094] Object was created but could not be found in the DRC.
[http://chemistry.apache.org/MjBlZjhkOTYtNWY3Ni00ZjdkLTg5M2YtYjQzOWRjMDU1ZmVh-20ef8d96-5f76-4f7d-893f-b439dc055fea] Object was created but could not be found in the DRC.
[http://chemistry.apache.org/MjBlZjhkOTYtNWY3Ni00ZjdkLTg5M2YtYjQzOWRjMDU1ZmVh-20ef8d96-5f76-4f7d-893f-b439dc055fea] Object was deleted but could not be found in the ZRC.
[http://chemistry.apache.org/MGQ2YmYxNjYtYjczNi00MDg3LWFiMzEtZjZlNjMwMGRjMDk0-0d6bf166-b736-4087-ab31-f6e6300dc094] Object was deleted but could not be found in the ZRC.
[http://chemistry.apache.org/NWZjZWY4ZDItMjRhYy00N2VkLWI5NjktZmZlZjZjN2RjMzhi-5fcef8d2-24ac-47ed-b969-ffef6c7dc38b] Object was created but could not be found in the DRC.
[http://chemistry.apache.org/OTRhNTQ4ODctNWI3MC00ZGJjLWJkNWEtZGYzYTdjMThjOWQx-94a54887-5b70-4dbc-bd5a-df3a7c18c9d1] Object was created but could not be found in the DRC.
[http://chemistry.apache.org/OTRhNTQ4ODctNWI3MC00ZGJjLWJkNWEtZGYzYTdjMThjOWQx-94a54887-5b70-4dbc-bd5a-df3a7c18c9d1] Object was deleted but could not be found in the ZRC.
[http://chemistry.apache.org/NWZjZWY4ZDItMjRhYy00N2VkLWI5NjktZmZlZjZjN2RjMzhi-5fcef8d2-24ac-47ed-b969-ffef6c7dc38b] Object was deleted but could not be found in the ZRC.
[http://chemistry.apache.org/ZWY2NjU1NDktYmQ2MC00MDU4LWJjZmMtZDI1YmFkZTJiYjM3-ef665549-bd60-4058-bcfc-d25bade2bb37] Object was created but could not be found in the DRC.
[http://chemistry.apache.org/YjM2OGU3ZjctN2MyNS00Y2M1LTlhNzctYzlhMWMzMTQ1NjVi-b368e7f7-7c25-4cc5-9a77-c9a1c314565b] Object was created but could not be found in the DRC.
[http://chemistry.apache.org/YjM2OGU3ZjctN2MyNS00Y2M1LTlhNzctYzlhMWMzMTQ1NjVi-b368e7f7-7c25-4cc5-9a77-c9a1c314565b] Object was deleted but could not be found in the ZRC.
[http://chemistry.apache.org/ZWY2NjU1NDktYmQ2MC00MDU4LWJjZmMtZDI1YmFkZTJiYjM3-ef665549-bd60-4058-bcfc-d25bade2bb37] Object was deleted but could not be found in the ZRC.
[http://chemistry.apache.org/MjgyNjYxNjEtMDJkYy00ZWQyLTgzZGItNzE2ZmYyZDNkZGVl-28266161-02dc-4ed2-83db-716ff2d3ddee] Object was created but could not be found in the DRC.
[http://chemistry.apache.org/M2NmNGQ1MmItY2ViOC00OTFjLThjMDAtMGMyODJhOTJhODIw-3cf4d52b-ceb8-491c-8c00-0c282a92a820] Object was created but could not be found in the DRC.
[http://chemistry.apache.org/NjhjODliY2QtMzViNi00MTM3LTkwNDktNzNmNzUxNWQ2MmJl-68c89bcd-35b6-4137-9049-73f7515d62be] Object was created but could not be found in the DRC.
[http://chemistry.apache.org/M2NmNGQ1MmItY2ViOC00OTFjLThjMDAtMGMyODJhOTJhODIw-3cf4d52b-ceb8-491c-8c00-0c282a92a820] Object was deleted but could not be found in the ZRC.
[http://chemistry.apache.org/NjhjODliY2QtMzViNi00MTM3LTkwNDktNzNmNzUxNWQ2MmJl-68c89bcd-35b6-4137-9049-73f7515d62be] Object was deleted but could not be found in the ZRC.
[http://chemistry.apache.org/MjgyNjYxNjEtMDJkYy00ZWQyLTgzZGItNzE2ZmYyZDNkZGVl-28266161-02dc-4ed2-83db-716ff2d3ddee] Object was deleted but could not be found in the ZRC.
[http://chemistry.apache.org/ZWMzMTI4MzItNTkwMS00NjA1LThhY2QtODViMThkYmRhZGIx-ec312832-5901-4605-8acd-85b18dbdadb1] Object was created but could not be found in the DRC.
[http://chemistry.apache.org/ZWI2MWIyMTctZmJiNS00NTNmLTg0YTYtNWNlNjBiZDdmMTUw-eb61b217-fbb5-453f-84a6-5ce60bd7f150] Object was created but could not be found in the DRC.
[http://chemistry.apache.org/ZWI2MWIyMTctZmJiNS00NTNmLTg0YTYtNWNlNjBiZDdmMTUw-eb61b217-fbb5-453f-84a6-5ce60bd7f150] Object was deleted but could not be found in the ZRC.
[http://chemistry.apache.org/ZWMzMTI4MzItNTkwMS00NjA1LThhY2QtODViMThkYmRhZGIx-ec312832-5901-4605-8acd-85b18dbdadb1] Object was deleted but could not be found in the ZRC.
[http://chemistry.apache.org/MTY3MzRhODYtODg4Yi00ZTdhLTg2NjUtMWJjNDMyZmQwMTdi-16734a86-888b-4e7a-8665-1bc432fd017b] Object was created but could not be found in the DRC.
[http://chemistry.apache.org/ZTdmOWFiM2YtNGUxMS00ZmRmLWI0NzEtMmQwMzVkZTY1YTVm-e7f9ab3f-4e11-4fdf-b471-2d035de65a5f] Object was created but could not be found in the DRC.
[http://chemistry.apache.org/ZTdmOWFiM2YtNGUxMS00ZmRmLWI0NzEtMmQwMzVkZTY1YTVm-e7f9ab3f-4e11-4fdf-b471-2d035de65a5f] Object was deleted but could not be found in the ZRC.
[http://chemistry.apache.org/MTY3MzRhODYtODg4Yi00ZTdhLTg2NjUtMWJjNDMyZmQwMTdi-16734a86-888b-4e7a-8665-1bc432fd017b] Object was deleted but could not be found in the ZRC.
[http://chemistry.apache.org/MTE4ZjE1ZTYtYWY2YS00OTg1LTlmOTktNTNmZTRmOTYxODU1-118f15e6-af6a-4985-9f99-53fe4f961855] Object was created but could not be found in the DRC.
[http://chemistry.apache.org/ZWZhMTVlNzAtZjNlMy00YTQ0LWI4MDgtYTcxYTFkNmI1MDdh-efa15e70-f3e3-4a44-b808-a71a1d6b507a] Object was created but could not be found in the DRC.
[http://chemistry.apache.org/ZWZhMTVlNzAtZjNlMy00YTQ0LWI4MDgtYTcxYTFkNmI1MDdh-efa15e70-f3e3-4a44-b808-a71a1d6b507a] Object was deleted but could not be found in the ZRC.
[http://chemistry.apache.org/MTE4ZjE1ZTYtYWY2YS00OTg1LTlmOTktNTNmZTRmOTYxODU1-118f15e6-af6a-4985-9f99-53fe4f961855] Object was deleted but could not be found in the ZRC.
[http://chemistry.apache.org/NTljYjUwYjItNzhjYS00NDEwLWEwZGMtMGVkNmE5MGIwYThl-59cb50b2-78ca-4410-a0dc-0ed6a90b0a8e] Object was created but could not be found in the DRC.
[http://chemistry.apache.org/NzUxMjZiN2YtNTNmMi00ZWFlLWJhYjUtNGJjNjcxMTBhOTg1-75126b7f-53f2-4eae-bab5-4bc67110a985] Object was created but could not be found in the DRC.
[http://chemistry.apache.org/NzUxMjZiN2YtNTNmMi00ZWFlLWJhYjUtNGJjNjcxMTBhOTg1-75126b7f-53f2-4eae-bab5-4bc67110a985] Object was deleted but could not be found in the ZRC.
[http://chemistry.apache.org/NTljYjUwYjItNzhjYS00NDEwLWEwZGMtMGVkNmE5MGIwYThl-59cb50b2-78ca-4410-a0dc-0ed6a90b0a8e] Object was deleted but could not be found in the ZRC.
[http://chemistry.apache.org/NDE3YmU3MjgtNzUxNi00MTk5LWEzMjktYTg5YzEwNmQyM2Y4-417be728-7516-4199-a329-a89c106d23f8] Object was created but could not be found in the DRC.
[http://chemistry.apache.org/NzU4Y2M5OGItMjQ2Yi00ZDM5LWFmMmItZWE0OGNkNDhkNWNk-758cc98b-246b-4d39-af2b-ea48cd48d5cd] Object was created but could not be found in the DRC.
[http://chemistry.apache.org/NzU4Y2M5OGItMjQ2Yi00ZDM5LWFmMmItZWE0OGNkNDhkNWNk-758cc98b-246b-4d39-af2b-ea48cd48d5cd] Object was deleted but could not be found in the ZRC.
[http://chemistry.apache.org/NDE3YmU3MjgtNzUxNi00MTk5LWEzMjktYTg5YzEwNmQyM2Y4-417be728-7516-4199-a329-a89c106d23f8] Object was deleted but could not be found in the ZRC.
[http://chemistry.apache.org/YTIxNGQ4YWQtMDg1My00ZGNhLWI3ZDUtZDA0NzljZWVhMzhj-a214d8ad-0853-4dca-b7d5-d0479ceea38c] Object was created but could not be found in the DRC.
[http://chemistry.apache.org/ZTI5NTVjMzgtOTc0YS00MmFhLWI1ZjItZjgzNDEzYTMzNGI1-e2955c38-974a-42aa-b5f2-f83413a334b5] Object was created but could not be found in the DRC.
[http://chemistry.apache.org/NzQzYTA1NDEtYmFkZC00ZGRiLWIxNjAtNzZlZTQxYzc2YjI0OzEuMA==-743a0541-badd-4ddb-b160-76ee41c76b24] Object was created but could not be found in the DRC.
[http://chemistry.apache.org/NzQzYTA1NDEtYmFkZC00ZGRiLWIxNjAtNzZlZTQxYzc2YjI0OzEuMA==-743a0541-badd-4ddb-b160-76ee41c76b24] Object was updated but could not be found in the DRC.
[http://chemistry.apache.org/NzQzYTA1NDEtYmFkZC00ZGRiLWIxNjAtNzZlZTQxYzc2YjI0OzEuMA==-743a0541-badd-4ddb-b160-76ee41c76b24] Object was deleted but could not be found in the ZRC.
[http://chemistry.apache.org/ZTI5NTVjMzgtOTc0YS00MmFhLWI1ZjItZjgzNDEzYTMzNGI1-e2955c38-974a-42aa-b5f2-f83413a334b5] Object was deleted but could not be found in the ZRC.
[http://chemistry.apache.org/YTIxNGQ4YWQtMDg1My00ZGNhLWI3ZDUtZDA0NzljZWVhMzhj-a214d8ad-0853-4dca-b7d5-d0479ceea38c] Object was deleted but could not be found in the ZRC.
[http://chemistry.apache.org/ZTRjZDEwOTYtYjFmYi00YjZjLTlhYzAtNTRiMTAzNDc2NzVk-e4cd1096-b1fb-4b6c-9ac0-54b10347675d] Object was created but could not be found in the DRC.
[http://chemistry.apache.org/ZGRjNDg3M2ItMmU0ZS00MTI5LTliOGMtZDk3ZThmZDc2ZmI1-ddc4873b-2e4e-4129-9b8c-d97e8fd76fb5] Object was created but could not be found in the DRC.
[http://chemistry.apache.org/ZGRjNDg3M2ItMmU0ZS00MTI5LTliOGMtZDk3ZThmZDc2ZmI1-ddc4873b-2e4e-4129-9b8c-d97e8fd76fb5] Object was deleted but could not be found in the ZRC.
[http://chemistry.apache.org/ZTRjZDEwOTYtYjFmYi00YjZjLTlhYzAtNTRiMTAzNDc2NzVk-e4cd1096-b1fb-4b6c-9ac0-54b10347675d] Object was deleted but could not be found in the ZRC.
[http://chemistry.apache.org/MDNmMDg2MjQtNGFiMC00NDk4LTlmNmYtNjRiOGI4OTZhNTQ4-03f08624-4ab0-4498-9f6f-64b8b896a548] Object was created but could not be found in the DRC.
[http://chemistry.apache.org/MzFhNWM1ZWEtM2I4Yi00YzQ5LTg1MzctNTJjOWIyZDM2ZDZm-31a5c5ea-3b8b-4c49-8537-52c9b2d36d6f] Object was created but could not be found in the DRC.
[http://chemistry.apache.org/MTFjNTJjODItZTk2OS00ZjcyLTkzYTktOGU1ZjhiNWY0YzM1OzEuMA==-11c52c82-e969-4f72-93a9-8e5f8b5f4c35] Object was created but could not be found in the DRC.
[http://chemistry.apache.org/MTFjNTJjODItZTk2OS00ZjcyLTkzYTktOGU1ZjhiNWY0YzM1OzEuMA==-11c52c82-e969-4f72-93a9-8e5f8b5f4c35] Object was updated but could not be found in the DRC.
[http://chemistry.apache.org/MTFjNTJjODItZTk2OS00ZjcyLTkzYTktOGU1ZjhiNWY0YzM1OzEuMA==-11c52c82-e969-4f72-93a9-8e5f8b5f4c35] Object was deleted but could not be found in the ZRC.
[http://chemistry.apache.org/MzFhNWM1ZWEtM2I4Yi00YzQ5LTg1MzctNTJjOWIyZDM2ZDZm-31a5c5ea-3b8b-4c49-8537-52c9b2d36d6f] Object was deleted but could not be found in the ZRC.
[http://chemistry.apache.org/MDNmMDg2MjQtNGFiMC00NDk4LTlmNmYtNjRiOGI4OTZhNTQ4-03f08624-4ab0-4498-9f6f-64b8b896a548] Object was deleted but could not be found in the ZRC.
[http://chemistry.apache.org/MWU1ZDQ2YjAtMjUzZS00NzE5LTgyM2ItY2FmY2I3NTQ4NDgx-1e5d46b0-253e-4719-823b-cafcb7548481] Object was created but could not be found in the DRC.
[http://chemistry.apache.org/Y2QzMGVhMzAtNzBhMy00ZDQyLWE0NDUtZmY4ZDcyM2IxYThm-cd30ea30-70a3-4d42-a445-ff8d723b1a8f] Object was created but could not be found in the DRC.
[http://chemistry.apache.org/NDg5MTljNjUtNzhlNC00NTNiLTgyYWEtMGJlZmJiYzgyMjRhOzEuMA==-48919c65-78e4-453b-82aa-0befbbc8224a] Object was created but could not be found in the DRC.
[http://chemistry.apache.org/NDg5MTljNjUtNzhlNC00NTNiLTgyYWEtMGJlZmJiYzgyMjRhOzEuMA==-48919c65-78e4-453b-82aa-0befbbc8224a] Object was updated but could not be found in the DRC.
[http://chemistry.apache.org/NDg5MTljNjUtNzhlNC00NTNiLTgyYWEtMGJlZmJiYzgyMjRhOzEuMA==-48919c65-78e4-453b-82aa-0befbbc8224a] Object was deleted but could not be found in the ZRC.
[http://chemistry.apache.org/Y2QzMGVhMzAtNzBhMy00ZDQyLWE0NDUtZmY4ZDcyM2IxYThm-cd30ea30-70a3-4d42-a445-ff8d723b1a8f] Object was deleted but could not be found in the ZRC.
[http://chemistry.apache.org/MWU1ZDQ2YjAtMjUzZS00NzE5LTgyM2ItY2FmY2I3NTQ4NDgx-1e5d46b0-253e-4719-823b-cafcb7548481] Object was deleted but could not be found in the ZRC.
[http://chemistry.apache.org/ODllMWE2MTYtMjkwOC00N2E2LWFiOGQtNGM2MmI1MDYwOTUw-89e1a616-2908-47a6-ab8d-4c62b5060950] Object was created but could not be found in the DRC.
[http://chemistry.apache.org/OWVlNDUyMTItYTlkMi00MmY3LWI3ZDItYWZlZGY5NTAyYWZj-9ee45212-a9d2-42f7-b7d2-afedf9502afc] Object was created but could not be found in the DRC.
[http://chemistry.apache.org/MDE5NmJkNjItYmNmMS00MmMwLTljZWUtNzBjNTZkYTMzMDYzOzEuMA==-0196bd62-bcf1-42c0-9cee-70c56da33063] Object was created but could not be found in the DRC.
[http://chemistry.apache.org/MDE5NmJkNjItYmNmMS00MmMwLTljZWUtNzBjNTZkYTMzMDYzOzEuMA==-0196bd62-bcf1-42c0-9cee-70c56da33063] Object was updated but could not be found in the DRC.
[http://chemistry.apache.org/MDE5NmJkNjItYmNmMS00MmMwLTljZWUtNzBjNTZkYTMzMDYzOzEuMA==-0196bd62-bcf1-42c0-9cee-70c56da33063] Object was deleted but could not be found in the ZRC.
[http://chemistry.apache.org/OWVlNDUyMTItYTlkMi00MmY3LWI3ZDItYWZlZGY5NTAyYWZj-9ee45212-a9d2-42f7-b7d2-afedf9502afc] Object was deleted but could not be found in the ZRC.
[http://chemistry.apache.org/ODllMWE2MTYtMjkwOC00N2E2LWFiOGQtNGM2MmI1MDYwOTUw-89e1a616-2908-47a6-ab8d-4c62b5060950] Object was deleted but could not be found in the ZRC.
[http://chemistry.apache.org/OWI5NTAyODItNGM5MC00ZDBkLThjNTMtYjRlYmVlOGMwMmIy-9b950282-4c90-4d0d-8c53-b4ebee8c02b2] Object was created but could not be found in the DRC.
[http://chemistry.apache.org/MzdhNmQ2YTUtY2NjOS00MWNjLWIxMTktOWUzMTg4YTM3MjVk-37a6d6a5-ccc9-41cc-b119-9e3188a3725d] Object was created but could not be found in the DRC.
[http://chemistry.apache.org/NGJhYzNlNDMtYjA4YS00YzlkLThjMjMtZWMwZjk4NDhkYTc0OzEuMA==-4bac3e43-b08a-4c9d-8c23-ec0f9848da74] Object was created but could not be found in the DRC.
[http://chemistry.apache.org/NGJhYzNlNDMtYjA4YS00YzlkLThjMjMtZWMwZjk4NDhkYTc0OzEuMA==-4bac3e43-b08a-4c9d-8c23-ec0f9848da74] Object was updated but could not be found in the DRC.
[http://chemistry.apache.org/YTEzMTBiNjctMDllNi00N2M2LTkzYmMtYmZkOGFmNGNlMmVi-a1310b67-09e6-47c6-93bc-bfd8af4ce2eb] Object was created but could not be found in the DRC.
[http://chemistry.apache.org/NGJhYzNlNDMtYjA4YS00YzlkLThjMjMtZWMwZjk4NDhkYTc0OzEuMA==-4bac3e43-b08a-4c9d-8c23-ec0f9848da74] Object was deleted but could not be found in the ZRC.
[http://chemistry.apache.org/YTEzMTBiNjctMDllNi00N2M2LTkzYmMtYmZkOGFmNGNlMmVi-a1310b67-09e6-47c6-93bc-bfd8af4ce2eb] Object was deleted but could not be found in the ZRC.
[http://chemistry.apache.org/MzdhNmQ2YTUtY2NjOS00MWNjLWIxMTktOWUzMTg4YTM3MjVk-37a6d6a5-ccc9-41cc-b119-9e3188a3725d] Object was deleted but could not be found in the ZRC.
[http://chemistry.apache.org/OWI5NTAyODItNGM5MC00ZDBkLThjNTMtYjRlYmVlOGMwMmIy-9b950282-4c90-4d0d-8c53-b4ebee8c02b2] Object was deleted but could not be found in the ZRC.
[http://chemistry.apache.org/MjE1ZDg4NjItN2Q0Yi00NGE5LTkxZWQtMDY5MGQwNDY5NjM5-215d8862-7d4b-44a9-91ed-0690d0469639] Object was created but could not be found in the DRC.
[http://chemistry.apache.org/OTFhZGI4OWQtN2RhOS00ZjIzLTkwNDctMGZlNzc2N2RjMjBm-91adb89d-7da9-4f23-9047-0fe7767dc20f] Object was created but could not be found in the DRC.
[http://chemistry.apache.org/OGUxOTRjYmUtNjI3My00NTljLThjMWQtYmZhNzE4OWFhNzUyOzEuMA==-8e194cbe-6273-459c-8c1d-bfa7189aa752] Object was created but could not be found in the DRC.
[http://chemistry.apache.org/OGUxOTRjYmUtNjI3My00NTljLThjMWQtYmZhNzE4OWFhNzUyOzEuMA==-8e194cbe-6273-459c-8c1d-bfa7189aa752] Object was updated but could not be found in the DRC.
[http://chemistry.apache.org/OGUxOTRjYmUtNjI3My00NTljLThjMWQtYmZhNzE4OWFhNzUyOzEuMA==-8e194cbe-6273-459c-8c1d-bfa7189aa752] Object was deleted but could not be found in the ZRC.
[http://chemistry.apache.org/OTFhZGI4OWQtN2RhOS00ZjIzLTkwNDctMGZlNzc2N2RjMjBm-91adb89d-7da9-4f23-9047-0fe7767dc20f] Object was deleted but could not be found in the ZRC.
[http://chemistry.apache.org/MjE1ZDg4NjItN2Q0Yi00NGE5LTkxZWQtMDY5MGQwNDY5NjM5-215d8862-7d4b-44a9-91ed-0690d0469639] Object was deleted but could not be found in the ZRC.
[http://chemistry.apache.org/NjQ3YjAwNzktOWM4YS00MmY2LWFhNzctNjYzNGJhNDM5NTQ1-647b0079-9c8a-42f6-aa77-6634ba439545] Object was created but could not be found in the DRC.
[http://chemistry.apache.org/ZGNjODE2NjYtMzVlMy00YTM5LWJhMGMtMGQ1OTY3MzAwZDQ2-dcc81666-35e3-4a39-ba0c-0d5967300d46] Object was created but could not be found in the DRC.
[http://chemistry.apache.org/ZmI4YjU3MWYtOTAyYy00MTIzLTg0MzctMGEzMzQzZDQxZWNmOzEuMA==-fb8b571f-902c-4123-8437-0a3343d41ecf] Object was created but could not be found in the DRC.
[http://chemistry.apache.org/ZmI4YjU3MWYtOTAyYy00MTIzLTg0MzctMGEzMzQzZDQxZWNmOzEuMA==-fb8b571f-902c-4123-8437-0a3343d41ecf] Object was updated but could not be found in the DRC.
[http://chemistry.apache.org/ZmI4YjU3MWYtOTAyYy00MTIzLTg0MzctMGEzMzQzZDQxZWNmOzEuMA==-fb8b571f-902c-4123-8437-0a3343d41ecf] Object was deleted but could not be found in the ZRC.
[http://chemistry.apache.org/OGM3OWM5NGItMzJjZC00YzNmLTg3MTgtYWI2MjgwMDU4MWEz-8c79c94b-32cd-4c3f-8718-ab62800581a3] Object was created but could not be found in the DRC.
[http://chemistry.apache.org/OGM3OWM5NGItMzJjZC00YzNmLTg3MTgtYWI2MjgwMDU4MWEz-8c79c94b-32cd-4c3f-8718-ab62800581a3] Object was deleted but could not be found in the ZRC.
[http://chemistry.apache.org/ZGNjODE2NjYtMzVlMy00YTM5LWJhMGMtMGQ1OTY3MzAwZDQ2-dcc81666-35e3-4a39-ba0c-0d5967300d46] Object was deleted but could not be found in the ZRC.
[http://chemistry.apache.org/NjQ3YjAwNzktOWM4YS00MmY2LWFhNzctNjYzNGJhNDM5NTQ1-647b0079-9c8a-42f6-aa77-6634ba439545] Object was deleted but could not be found in the ZRC.
[http://chemistry.apache.org/ODkwYjZiNmItNDM4MS00YTg3LTk0NDMtOTI1OWIwYTIyZmI1OzEuMA==-890b6b6b-4381-4a87-9443-9259b0a22fb5] Object was created but could not be found in the DRC.
[http://chemistry.apache.org/ODkwYjZiNmItNDM4MS00YTg3LTk0NDMtOTI1OWIwYTIyZmI1OzEuMA==-890b6b6b-4381-4a87-9443-9259b0a22fb5] Object was updated but could not be found in the DRC.
[http://chemistry.apache.org/NzNkZTNjMTgtZGU0OS00YTk1LTk0ZjgtOTUxNWE0M2UwNzU1-73de3c18-de49-4a95-94f8-9515a43e0755] Object was created but could not be found in the DRC.
[http://chemistry.apache.org/ZWIzNTZmMjgtYzViZS00MjNmLWIwY2MtMzFmNDJhMmNlMDRl-eb356f28-c5be-423f-b0cc-31f42a2ce04e] Object was created but could not be found in the DRC.
[http://chemistry.apache.org/ZWIzNTZmMjgtYzViZS00MjNmLWIwY2MtMzFmNDJhMmNlMDRl-eb356f28-c5be-423f-b0cc-31f42a2ce04e] Object was deleted but could not be found in the ZRC.
[http://chemistry.apache.org/NzNkZTNjMTgtZGU0OS00YTk1LTk0ZjgtOTUxNWE0M2UwNzU1-73de3c18-de49-4a95-94f8-9515a43e0755] Object was deleted but could not be found in the ZRC.
[http://chemistry.apache.org/YzcyYjNmYTQtYTU5ZC00YmM5LTliMDMtNDQ5YTM2NDdhYjg5-c72b3fa4-a59d-4bc9-9b03-449a3647ab89] Object was created but could not be found in the DRC.
[http://chemistry.apache.org/Mjk1ODYwYTUtODMyYS00YTA0LWI3ZDQtZWFlNTk0ZDgyYTMy-295860a5-832a-4a04-b7d4-eae594d82a32] Object was created but could not be found in the DRC.
[http://chemistry.apache.org/Mjk1ODYwYTUtODMyYS00YTA0LWI3ZDQtZWFlNTk0ZDgyYTMy-295860a5-832a-4a04-b7d4-eae594d82a32] Object was deleted but could not be found in the ZRC.
[http://chemistry.apache.org/YzcyYjNmYTQtYTU5ZC00YmM5LTliMDMtNDQ5YTM2NDdhYjg5-c72b3fa4-a59d-4bc9-9b03-449a3647ab89] Object was deleted but could not be found in the ZRC.
[http://chemistry.apache.org/OTViMGEwMDktZjI5OC00ZmE2LWFjMGYtOTZkZWRlNmU2ZGFi-95b0a009-f298-4fa6-ac0f-96dede6e6dab] Object was created but could not be found in the DRC.
[http://chemistry.apache.org/NzdlMjRjMTMtNWZhOC00NzBlLTlmNzItMjZhOGM2ZjI2NzAw-77e24c13-5fa8-470e-9f72-26a8c6f26700] Object was created but could not be found in the DRC.
[http://chemistry.apache.org/NzdlMjRjMTMtNWZhOC00NzBlLTlmNzItMjZhOGM2ZjI2NzAw-77e24c13-5fa8-470e-9f72-26a8c6f26700] Object was deleted but could not be found in the ZRC.
[http://chemistry.apache.org/OTViMGEwMDktZjI5OC00ZmE2LWFjMGYtOTZkZWRlNmU2ZGFi-95b0a009-f298-4fa6-ac0f-96dede6e6dab] Object was deleted but could not be found in the ZRC.
[http://chemistry.apache.org/OWE1MDQyZjAtODA5ZC00OWYzLWJlOWEtYjM2ZTNhMzAwMDFm-9a5042f0-809d-49f3-be9a-b36e3a30001f] Object was created but could not be found in the DRC.
[http://chemistry.apache.org/MTJkZTljY2UtY2FlNi00YWVmLWIxYjItOTA0YzU1NzA2ZDIy-12de9cce-cae6-4aef-b1b2-904c55706d22] Object was created but could not be found in the DRC.
[http://chemistry.apache.org/MTJkZTljY2UtY2FlNi00YWVmLWIxYjItOTA0YzU1NzA2ZDIy-12de9cce-cae6-4aef-b1b2-904c55706d22] Object was deleted but could not be found in the ZRC.
[http://chemistry.apache.org/OWE1MDQyZjAtODA5ZC00OWYzLWJlOWEtYjM2ZTNhMzAwMDFm-9a5042f0-809d-49f3-be9a-b36e3a30001f] Object was deleted but could not be found in the ZRC.
[http://chemistry.apache.org/MzI2NjFjN2QtMjIwZi00YjJmLTkzMWQtNDgwYmEzYzRiZGZh-32661c7d-220f-4b2f-931d-480ba3c4bdfa] Object was created but could not be found in the DRC.
[http://chemistry.apache.org/YmQzZmJiODgtOGRjYy00MDljLWE0NWQtMDJmZGY3ZmY0YjY3-bd3fbb88-8dcc-409c-a45d-02fdf7ff4b67] Object was created but could not be found in the DRC.
[http://chemistry.apache.org/YmQzZmJiODgtOGRjYy00MDljLWE0NWQtMDJmZGY3ZmY0YjY3-bd3fbb88-8dcc-409c-a45d-02fdf7ff4b67] Object was deleted but could not be found in the ZRC.
[http://chemistry.apache.org/MzI2NjFjN2QtMjIwZi00YjJmLTkzMWQtNDgwYmEzYzRiZGZh-32661c7d-220f-4b2f-931d-480ba3c4bdfa] Object was deleted but could not be found in the ZRC.
[http://chemistry.apache.org/ZGUxMGMzZjItOTU2ZC00NmQ1LThkODEtODdkMWNlNGIwYTRl-de10c3f2-956d-46d5-8d81-87d1ce4b0a4e] Object was created but could not be found in the DRC.
[http://chemistry.apache.org/MGYwMGZlNTYtODdlOS00MWZjLWJhMGUtYThjMzU2NTM2ZWMw-0f00fe56-87e9-41fc-ba0e-a8c356536ec0] Object was created but could not be found in the DRC.
[http://chemistry.apache.org/MGYwMGZlNTYtODdlOS00MWZjLWJhMGUtYThjMzU2NTM2ZWMw-0f00fe56-87e9-41fc-ba0e-a8c356536ec0] Object was deleted but could not be found in the ZRC.
[http://chemistry.apache.org/ZGUxMGMzZjItOTU2ZC00NmQ1LThkODEtODdkMWNlNGIwYTRl-de10c3f2-956d-46d5-8d81-87d1ce4b0a4e] Object was deleted but could not be found in the ZRC.
[http://chemistry.apache.org/MzA0OWUwMDItNDNiNC00NTg4LTk0MjUtNTBiYmYyNTE1OTRh-3049e002-43b4-4588-9425-50bbf251594a] Object was created but could not be found in the DRC.
[http://chemistry.apache.org/ZGVkMDYxYzAtM2FjMS00NjE2LWI2YWEtNjVjZWVlMzJhMGM5-ded061c0-3ac1-4616-b6aa-65ceee32a0c9] Object was created but could not be found in the DRC.
[http://chemistry.apache.org/ZGVkMDYxYzAtM2FjMS00NjE2LWI2YWEtNjVjZWVlMzJhMGM5-ded061c0-3ac1-4616-b6aa-65ceee32a0c9] Object was deleted but could not be found in the ZRC.
[http://chemistry.apache.org/MzA0OWUwMDItNDNiNC00NTg4LTk0MjUtNTBiYmYyNTE1OTRh-3049e002-43b4-4588-9425-50bbf251594a] Object was deleted but could not be found in the ZRC.
[http://chemistry.apache.org/ZDZkMWFkZWQtMTNmNS00N2Y1LTlkZTAtMzllNjE0MGFlZjll-d6d1aded-13f5-47f5-9de0-39e6140aef9e] Object was created but could not be found in the DRC.
[http://chemistry.apache.org/M2JjNzI2NzItZGVkYy00N2Y5LTgxODAtNTRhN2VkYWExMGNi-3bc72672-dedc-47f9-8180-54a7edaa10cb] Object was created but could not be found in the DRC.
[http://chemistry.apache.org/M2JjNzI2NzItZGVkYy00N2Y5LTgxODAtNTRhN2VkYWExMGNi-3bc72672-dedc-47f9-8180-54a7edaa10cb] Object was deleted but could not be found in the ZRC.
[http://chemistry.apache.org/ZDZkMWFkZWQtMTNmNS00N2Y1LTlkZTAtMzllNjE0MGFlZjll-d6d1aded-13f5-47f5-9de0-39e6140aef9e] Object was deleted but could not be found in the ZRC.
[http://chemistry.apache.org/ZTFjNDljY2UtMWVhYi00YWU2LTk3MmItOTE2MTlkMjFmNTA1-e1c49cce-1eab-4ae6-972b-91619d21f505] Object was created but could not be found in the DRC.
[http://chemistry.apache.org/YzU4MDk4NWQtNGNmZC00Mzc1LWEyMDctYjViNTkzNmY3MDYx-c580985d-4cfd-4375-a207-b5b5936f7061] Object was created but could not be found in the DRC.
[http://chemistry.apache.org/YzU4MDk4NWQtNGNmZC00Mzc1LWEyMDctYjViNTkzNmY3MDYx-c580985d-4cfd-4375-a207-b5b5936f7061] Object was deleted but could not be found in the ZRC.
[http://chemistry.apache.org/ZTFjNDljY2UtMWVhYi00YWU2LTk3MmItOTE2MTlkMjFmNTA1-e1c49cce-1eab-4ae6-972b-91619d21f505] Object was deleted but could not be found in the ZRC.
[http://chemistry.apache.org/MjNlNGU3YWItOTk4NC00NTY2LWI1NjgtMDg3YzNmOTJlYzY4-23e4e7ab-9984-4566-b568-087c3f92ec68] Object was created but could not be found in the DRC.
[http://chemistry.apache.org/NjgwYTFlNDktYmQ4MS00NmYzLTlkOWQtODVkY2EwMmU3NDgz-680a1e49-bd81-46f3-9d9d-85dca02e7483] Object was created but could not be found in the DRC.
[http://chemistry.apache.org/NjgwYTFlNDktYmQ4MS00NmYzLTlkOWQtODVkY2EwMmU3NDgz-680a1e49-bd81-46f3-9d9d-85dca02e7483] Object was deleted but could not be found in the ZRC.
[http://chemistry.apache.org/MjNlNGU3YWItOTk4NC00NTY2LWI1NjgtMDg3YzNmOTJlYzY4-23e4e7ab-9984-4566-b568-087c3f92ec68] Object was deleted but could not be found in the ZRC.
[http://chemistry.apache.org/NTg5NDU3YzctZGJiOS00MjY4LWFhZTQtYmUzYWMxNDA2NTBl-589457c7-dbb9-4268-aae4-be3ac140650e] Object was created but could not be found in the DRC.
[http://chemistry.apache.org/NWZmYjgzN2ItMmI2YS00M2M1LWEyMzItZGU1MWM0Zjk1NDIy-5ffb837b-2b6a-43c5-a232-de51c4f95422] Object was created but could not be found in the DRC.
[http://chemistry.apache.org/NWZmYjgzN2ItMmI2YS00M2M1LWEyMzItZGU1MWM0Zjk1NDIy-5ffb837b-2b6a-43c5-a232-de51c4f95422] Object was deleted but could not be found in the ZRC.
[http://chemistry.apache.org/NTg5NDU3YzctZGJiOS00MjY4LWFhZTQtYmUzYWMxNDA2NTBl-589457c7-dbb9-4268-aae4-be3ac140650e] Object was deleted but could not be found in the ZRC.
[http://chemistry.apache.org/MDVhZmRlOTQtMmE0OC00ZTRlLWE2YzEtMGJhNzY3YWQ2NDgx-05afde94-2a48-4e4e-a6c1-0ba767ad6481] Object was created but could not be found in the DRC.
[http://chemistry.apache.org/YmY2ZGQ0OWMtZGZkOS00OGRmLWI1OTMtZjNmY2Q1ZjI3MDM5-bf6dd49c-dfd9-48df-b593-f3fcd5f27039] Object was created but could not be found in the DRC.
[http://chemistry.apache.org/YmY2ZGQ0OWMtZGZkOS00OGRmLWI1OTMtZjNmY2Q1ZjI3MDM5-bf6dd49c-dfd9-48df-b593-f3fcd5f27039] Object was deleted but could not be found in the ZRC.
[http://chemistry.apache.org/MDVhZmRlOTQtMmE0OC00ZTRlLWE2YzEtMGJhNzY3YWQ2NDgx-05afde94-2a48-4e4e-a6c1-0ba767ad6481] Object was deleted but could not be found in the ZRC.
[http://chemistry.apache.org/NmU2ZWM0ZmEtODgzYy00NzM2LTkyMDQtNTJkOTUzOTVhMWJj-6e6ec4fa-883c-4736-9204-52d95395a1bc] Object was created but could not be found in the DRC.
[http://chemistry.apache.org/OGZmN2ZkZDYtNTlmYi00MzM2LWFjZTItY2EyZDZmYjc5MjVk-8ff7fdd6-59fb-4336-ace2-ca2d6fb7925d] Object was created but could not be found in the DRC.
[http://chemistry.apache.org/YjhjNTZjZWItMGNiNS00MDExLThiZDgtNzc0YTQwM2NmMTZm-b8c56ceb-0cb5-4011-8bd8-774a403cf16f] Object was created but could not be found in the DRC.
[http://chemistry.apache.org/OGZmN2ZkZDYtNTlmYi00MzM2LWFjZTItY2EyZDZmYjc5MjVk-8ff7fdd6-59fb-4336-ace2-ca2d6fb7925d] Object was deleted but could not be found in the ZRC.
[http://chemistry.apache.org/YjhjNTZjZWItMGNiNS00MDExLThiZDgtNzc0YTQwM2NmMTZm-b8c56ceb-0cb5-4011-8bd8-774a403cf16f] Object was deleted but could not be found in the ZRC.
[http://chemistry.apache.org/NmU2ZWM0ZmEtODgzYy00NzM2LTkyMDQtNTJkOTUzOTVhMWJj-6e6ec4fa-883c-4736-9204-52d95395a1bc] Object was deleted but could not be found in the ZRC.
[http://chemistry.apache.org/NWQyOTc4ODUtMzc2ZC00MTljLTkyNTEtYzBkNTJjNzFhYjJm-5d297885-376d-419c-9251-c0d52c71ab2f] Object was created but could not be found in the DRC.
[http://chemistry.apache.org/ZjIyMDAzOGItYjVlZC00NmM5LTlhNjEtNDE5ZTIzOWUwZmQ1-f220038b-b5ed-46c9-9a61-419e239e0fd5] Object was created but could not be found in the DRC.
[http://chemistry.apache.org/ZjIyMDAzOGItYjVlZC00NmM5LTlhNjEtNDE5ZTIzOWUwZmQ1-f220038b-b5ed-46c9-9a61-419e239e0fd5] Object was deleted but could not be found in the ZRC.
[http://chemistry.apache.org/NWQyOTc4ODUtMzc2ZC00MTljLTkyNTEtYzBkNTJjNzFhYjJm-5d297885-376d-419c-9251-c0d52c71ab2f] Object was deleted but could not be found in the ZRC.
[http://chemistry.apache.org/ZWE5NGY3MTYtZWQ2ZS00Y2QxLWJlMmMtNjUwOGFjMjNhNDc0-ea94f716-ed6e-4cd1-be2c-6508ac23a474] Object was created but could not be found in the DRC.
[http://chemistry.apache.org/ZjI2MjM3ZWUtMmE0My00YjgyLTk3ZTItNzNlODBjMjkyYmM4-f26237ee-2a43-4b82-97e2-73e80c292bc8] Object was created but could not be found in the DRC.
[http://chemistry.apache.org/ZjI2MjM3ZWUtMmE0My00YjgyLTk3ZTItNzNlODBjMjkyYmM4-f26237ee-2a43-4b82-97e2-73e80c292bc8] Object was deleted but could not be found in the ZRC.
[http://chemistry.apache.org/ZWE5NGY3MTYtZWQ2ZS00Y2QxLWJlMmMtNjUwOGFjMjNhNDc0-ea94f716-ed6e-4cd1-be2c-6508ac23a474] Object was deleted but could not be found in the ZRC.
[http://chemistry.apache.org/YjA5NDA2MjctYTc2ZS00MWU4LWI1NGUtYjczY2FjZjc5ODVm-b0940627-a76e-41e8-b54e-b73cacf7985f] Object was created but could not be found in the DRC.
[http://chemistry.apache.org/MGY0MjAzNTMtYjQ1Yy00OTU4LWJhYTYtYzM0NjczODJlZDQ4-0f420353-b45c-4958-baa6-c3467382ed48] Object was created but could not be found in the DRC.
[http://chemistry.apache.org/MGY0MjAzNTMtYjQ1Yy00OTU4LWJhYTYtYzM0NjczODJlZDQ4-0f420353-b45c-4958-baa6-c3467382ed48] Object was deleted but could not be found in the ZRC.
[http://chemistry.apache.org/YjA5NDA2MjctYTc2ZS00MWU4LWI1NGUtYjczY2FjZjc5ODVm-b0940627-a76e-41e8-b54e-b73cacf7985f] Object was deleted but could not be found in the ZRC.
[http://chemistry.apache.org/YmY5YTQ1MmUtYWEyMS00NWFmLTg1M2ItYTkzNWUzZDJiNjNk-bf9a452e-aa21-45af-853b-a935e3d2b63d] Object was created but could not be found in the DRC.
[http://chemistry.apache.org/YTVkODUyMGQtZTQ2ZS00YTRhLThmMTYtODVkN2Q2ZGUxYmI5-a5d8520d-e46e-4a4a-8f16-85d7d6de1bb9] Object was created but could not be found in the DRC.
[http://chemistry.apache.org/YTVkODUyMGQtZTQ2ZS00YTRhLThmMTYtODVkN2Q2ZGUxYmI5-a5d8520d-e46e-4a4a-8f16-85d7d6de1bb9] Object was deleted but could not be found in the ZRC.
[http://chemistry.apache.org/YmY5YTQ1MmUtYWEyMS00NWFmLTg1M2ItYTkzNWUzZDJiNjNk-bf9a452e-aa21-45af-853b-a935e3d2b63d] Object was deleted but could not be found in the ZRC.
[http://chemistry.apache.org/YTAxMzM2ODAtODlhZC00Yjk4LWJmYzUtYzI2N2Y4MmU2ZDYw-a0133680-89ad-4b98-bfc5-c267f82e6d60] Object was created but could not be found in the DRC.
[http://chemistry.apache.org/NTk2NjAxN2QtN2ZmNS00ZWViLWIxZjktZjUwY2EwZjc1ZjRk-5966017d-7ff5-4eeb-b1f9-f50ca0f75f4d] Object was created but could not be found in the DRC.
[http://chemistry.apache.org/NTk2NjAxN2QtN2ZmNS00ZWViLWIxZjktZjUwY2EwZjc1ZjRk-5966017d-7ff5-4eeb-b1f9-f50ca0f75f4d] Object was deleted but could not be found in the ZRC.
[http://chemistry.apache.org/YTAxMzM2ODAtODlhZC00Yjk4LWJmYzUtYzI2N2Y4MmU2ZDYw-a0133680-89ad-4b98-bfc5-c267f82e6d60] Object was deleted but could not be found in the ZRC.
[http://chemistry.apache.org/ODJjNzMyYjctNGIxYS00YjAxLTk0YzUtNTQ3MjYxYTA2NGRk-82c732b7-4b1a-4b01-94c5-547261a064dd] Object was created but could not be found in the DRC.
[http://chemistry.apache.org/ZDA2M2YxYjgtMDllMy00Njk4LWJhY2YtNmUxZWQ5NDdiZGU1-d063f1b8-09e3-4698-bacf-6e1ed947bde5] Object was created but could not be found in the DRC.
[http://chemistry.apache.org/Y2YzNTgwNmQtZWRjMC00ZGQ1LWE5NzAtNTFmYjEzMzJjY2I0OzEuMA==-cf35806d-edc0-4dd5-a970-51fb1332ccb4] Object was created but could not be found in the DRC.
[http://chemistry.apache.org/Y2YzNTgwNmQtZWRjMC00ZGQ1LWE5NzAtNTFmYjEzMzJjY2I0OzEuMA==-cf35806d-edc0-4dd5-a970-51fb1332ccb4] Object was updated but could not be found in the DRC.
[http://chemistry.apache.org/Y2YzNTgwNmQtZWRjMC00ZGQ1LWE5NzAtNTFmYjEzMzJjY2I0OzEuMA==-cf35806d-edc0-4dd5-a970-51fb1332ccb4] Object was deleted but could not be found in the ZRC.
[http://chemistry.apache.org/ZDA2M2YxYjgtMDllMy00Njk4LWJhY2YtNmUxZWQ5NDdiZGU1-d063f1b8-09e3-4698-bacf-6e1ed947bde5] Object was deleted but could not be found in the ZRC.
[http://chemistry.apache.org/ODJjNzMyYjctNGIxYS00YjAxLTk0YzUtNTQ3MjYxYTA2NGRk-82c732b7-4b1a-4b01-94c5-547261a064dd] Object was deleted but could not be found in the ZRC.
[http://chemistry.apache.org/NDgwNzcyZTktOWM0Yi00MDU3LWJjZDctMjdjZGMwNDNlNjZj-480772e9-9c4b-4057-bcd7-27cdc043e66c] Object was created but could not be found in the DRC.
[http://chemistry.apache.org/ZTIzYzFhMmUtOTBhZC00YmI4LWJhNjEtYTFkZTE1MWJmM2E5-e23c1a2e-90ad-4bb8-ba61-a1de151bf3a9] Object was created but could not be found in the DRC.
[http://chemistry.apache.org/ZTIzYzFhMmUtOTBhZC00YmI4LWJhNjEtYTFkZTE1MWJmM2E5-e23c1a2e-90ad-4bb8-ba61-a1de151bf3a9] Object was deleted but could not be found in the ZRC.
[http://chemistry.apache.org/NDgwNzcyZTktOWM0Yi00MDU3LWJjZDctMjdjZGMwNDNlNjZj-480772e9-9c4b-4057-bcd7-27cdc043e66c] Object was deleted but could not be found in the ZRC.
[http://chemistry.apache.org/OTYwNmFmNTAtZmY1ZC00MGZjLWFlMTUtODgyNGZiMDFlNDk3-9606af50-ff5d-40fc-ae15-8824fb01e497] Object was created but could not be found in the DRC.
[http://chemistry.apache.org/ZWI3MDgwY2UtYzY3My00OWY0LWI4N2ItNmZjMDhkZTVjNmU3-eb7080ce-c673-49f4-b87b-6fc08de5c6e7] Object was created but could not be found in the DRC.
[http://chemistry.apache.org/Zjc3ZWYxYjEtZDE2NS00NGE2LTk2YzQtMDNjNWViY2Y5MDVjOzEuMA==-f77ef1b1-d165-44a6-96c4-03c5ebcf905c] Object was created but could not be found in the DRC.
[http://chemistry.apache.org/Zjc3ZWYxYjEtZDE2NS00NGE2LTk2YzQtMDNjNWViY2Y5MDVjOzEuMA==-f77ef1b1-d165-44a6-96c4-03c5ebcf905c] Object was updated but could not be found in the DRC.
[http://chemistry.apache.org/Zjc3ZWYxYjEtZDE2NS00NGE2LTk2YzQtMDNjNWViY2Y5MDVjOzEuMA==-f77ef1b1-d165-44a6-96c4-03c5ebcf905c] Object was deleted but could not be found in the ZRC.
[http://chemistry.apache.org/ZWI3MDgwY2UtYzY3My00OWY0LWI4N2ItNmZjMDhkZTVjNmU3-eb7080ce-c673-49f4-b87b-6fc08de5c6e7] Object was deleted but could not be found in the ZRC.
[http://chemistry.apache.org/OTYwNmFmNTAtZmY1ZC00MGZjLWFlMTUtODgyNGZiMDFlNDk3-9606af50-ff5d-40fc-ae15-8824fb01e497] Object was deleted but could not be found in the ZRC.
[http://chemistry.apache.org/YWRiZGI0OTQtMzJhNC00Nzc5LTg3YzYtNmI0ZjcxZTA3NDVk-adbdb494-32a4-4779-87c6-6b4f71e0745d] Object was created but could not be found in the DRC.
[http://chemistry.apache.org/OTRjYjUzODUtN2YxNy00NTkzLWE0MzYtMDEyZDFmMzZjMmM1-94cb5385-7f17-4593-a436-012d1f36c2c5] Object was created but could not be found in the DRC.
[http://chemistry.apache.org/YTM5MGE4MzgtZTJlMS00NDUwLTlhMmMtMzI4ZDE4NjkzZWQzOzEuMA==-a390a838-e2e1-4450-9a2c-328d18693ed3] Object was created but could not be found in the DRC.
[http://chemistry.apache.org/YTM5MGE4MzgtZTJlMS00NDUwLTlhMmMtMzI4ZDE4NjkzZWQzOzEuMA==-a390a838-e2e1-4450-9a2c-328d18693ed3] Object was updated but could not be found in the DRC.
[http://chemistry.apache.org/YTM5MGE4MzgtZTJlMS00NDUwLTlhMmMtMzI4ZDE4NjkzZWQzOzEuMA==-a390a838-e2e1-4450-9a2c-328d18693ed3] Object was deleted but could not be found in the ZRC.
[http://chemistry.apache.org/OTRjYjUzODUtN2YxNy00NTkzLWE0MzYtMDEyZDFmMzZjMmM1-94cb5385-7f17-4593-a436-012d1f36c2c5] Object was deleted but could not be found in the ZRC.
[http://chemistry.apache.org/YWRiZGI0OTQtMzJhNC00Nzc5LTg3YzYtNmI0ZjcxZTA3NDVk-adbdb494-32a4-4779-87c6-6b4f71e0745d] Object was deleted but could not be found in the ZRC.
[http://chemistry.apache.org/MmI2MDIxMjYtOTlkYi00NTAzLWE3YTEtZjg5YTU3ZTZmYmI5-2b602126-99db-4503-a7a1-f89a57e6fbb9] Object was created but could not be found in the DRC.
[http://chemistry.apache.org/ZjhmNGYwMmMtMjNhYS00YzVmLWE5YzAtMTUxYzM1ZmVkNWQ0-f8f4f02c-23aa-4c5f-a9c0-151c35fed5d4] Object was created but could not be found in the DRC.
[http://chemistry.apache.org/ZWI0MmExMTUtY2Q5MC00MzYzLWE5NDItYWU4MGI2OGEwMTU0OzEuMA==-eb42a115-cd90-4363-a942-ae80b68a0154] Object was created but could not be found in the DRC.
[http://chemistry.apache.org/ZWI0MmExMTUtY2Q5MC00MzYzLWE5NDItYWU4MGI2OGEwMTU0OzEuMA==-eb42a115-cd90-4363-a942-ae80b68a0154] Object was updated but could not be found in the DRC.
[http://chemistry.apache.org/ZWI0MmExMTUtY2Q5MC00MzYzLWE5NDItYWU4MGI2OGEwMTU0OzEuMA==-eb42a115-cd90-4363-a942-ae80b68a0154] Object was deleted but could not be found in the ZRC.
[http://chemistry.apache.org/ZjhmNGYwMmMtMjNhYS00YzVmLWE5YzAtMTUxYzM1ZmVkNWQ0-f8f4f02c-23aa-4c5f-a9c0-151c35fed5d4] Object was deleted but could not be found in the ZRC.
[http://chemistry.apache.org/MmI2MDIxMjYtOTlkYi00NTAzLWE3YTEtZjg5YTU3ZTZmYmI5-2b602126-99db-4503-a7a1-f89a57e6fbb9] Object was deleted but could not be found in the ZRC.
[http://chemistry.apache.org/MTUxMjFjOTEtODQyNy00MGIyLThlYWYtZThkMDY2ZDZmYjM3-15121c91-8427-40b2-8eaf-e8d066d6fb37] Object was created but could not be found in the DRC.
[http://chemistry.apache.org/ZDRlODBiZGQtZWIxZi00OTQxLWIwMTEtYjMyMDAwMGJjYjFm-d4e80bdd-eb1f-4941-b011-b320000bcb1f] Object was created but could not be found in the DRC.
[http://chemistry.apache.org/MzFlMTEzOGEtZWU3OS00YmRhLWI2ZWUtNjRkY2IyODUwZThiOzEuMA==-31e1138a-ee79-4bda-b6ee-64dcb2850e8b] Object was created but could not be found in the DRC.
[http://chemistry.apache.org/MzFlMTEzOGEtZWU3OS00YmRhLWI2ZWUtNjRkY2IyODUwZThiOzEuMA==-31e1138a-ee79-4bda-b6ee-64dcb2850e8b] Object was updated but could not be found in the DRC.
[http://chemistry.apache.org/ZGExYzU4NjQtNjJiMC00NTcwLTlkZGUtOGIyM2MwNDc5NTQ2-da1c5864-62b0-4570-9dde-8b23c0479546] Object was created but could not be found in the DRC.
[http://chemistry.apache.org/MzFlMTEzOGEtZWU3OS00YmRhLWI2ZWUtNjRkY2IyODUwZThiOzEuMA==-31e1138a-ee79-4bda-b6ee-64dcb2850e8b] Object was deleted but could not be found in the ZRC.
[http://chemistry.apache.org/ZGExYzU4NjQtNjJiMC00NTcwLTlkZGUtOGIyM2MwNDc5NTQ2-da1c5864-62b0-4570-9dde-8b23c0479546] Object was deleted but could not be found in the ZRC.
[http://chemistry.apache.org/ZDRlODBiZGQtZWIxZi00OTQxLWIwMTEtYjMyMDAwMGJjYjFm-d4e80bdd-eb1f-4941-b011-b320000bcb1f] Object was deleted but could not be found in the ZRC.
[http://chemistry.apache.org/MTUxMjFjOTEtODQyNy00MGIyLThlYWYtZThkMDY2ZDZmYjM3-15121c91-8427-40b2-8eaf-e8d066d6fb37] Object was deleted but could not be found in the ZRC.
[http://chemistry.apache.org/OTZlYzJhYTYtYjc2OS00ZDliLTk3ZmItZmQyNmFiOGI2MWEz-96ec2aa6-b769-4d9b-97fb-fd26ab8b61a3] Object was created but could not be found in the DRC.
[http://chemistry.apache.org/NGQ5ZmJmYmItZGQ4ZC00YmRlLTg2MTEtNDExMjZjY2Y1YjE0-4d9fbfbb-dd8d-4bde-8611-41126ccf5b14] Object was created but could not be found in the DRC.
[http://chemistry.apache.org/ZmRjZDdjNWYtMTQ0Zi00ZTY5LWFhOTYtYjhhNDVhODhjMWM5OzEuMA==-fdcd7c5f-144f-4e69-aa96-b8a45a88c1c9] Object was created but could not be found in the DRC.
[http://chemistry.apache.org/ZmRjZDdjNWYtMTQ0Zi00ZTY5LWFhOTYtYjhhNDVhODhjMWM5OzEuMA==-fdcd7c5f-144f-4e69-aa96-b8a45a88c1c9] Object was updated but could not be found in the DRC.
[http://chemistry.apache.org/ZmRjZDdjNWYtMTQ0Zi00ZTY5LWFhOTYtYjhhNDVhODhjMWM5OzEuMA==-fdcd7c5f-144f-4e69-aa96-b8a45a88c1c9] Object was deleted but could not be found in the ZRC.
[http://chemistry.apache.org/NGQ5ZmJmYmItZGQ4ZC00YmRlLTg2MTEtNDExMjZjY2Y1YjE0-4d9fbfbb-dd8d-4bde-8611-41126ccf5b14] Object was deleted but could not be found in the ZRC.
[http://chemistry.apache.org/OTZlYzJhYTYtYjc2OS00ZDliLTk3ZmItZmQyNmFiOGI2MWEz-96ec2aa6-b769-4d9b-97fb-fd26ab8b61a3] Object was deleted but could not be found in the ZRC.
[http://chemistry.apache.org/YzEwM2Q5OGYtZjVjMi00YzU2LThmYjMtNGQ0MmJlZDUyODRh-c103d98f-f5c2-4c56-8fb3-4d42bed5284a] Object was created but could not be found in the DRC.
[http://chemistry.apache.org/NDIwZTgzNWYtNWNlYS00YWE2LTg0MDgtMTE3NDljMGZjMTdl-420e835f-5cea-4aa6-8408-11749c0fc17e] Object was created but could not be found in the DRC.
[http://chemistry.apache.org/MjJjYjYwZWMtM2M2Mi00M2ZhLWJhY2UtYWI1ZTQ3NjUyOTViOzEuMA==-22cb60ec-3c62-43fa-bace-ab5e4765295b] Object was created but could not be found in the DRC.
[http://chemistry.apache.org/MjJjYjYwZWMtM2M2Mi00M2ZhLWJhY2UtYWI1ZTQ3NjUyOTViOzEuMA==-22cb60ec-3c62-43fa-bace-ab5e4765295b] Object was updated but could not be found in the DRC.
[http://chemistry.apache.org/MjJjYjYwZWMtM2M2Mi00M2ZhLWJhY2UtYWI1ZTQ3NjUyOTViOzEuMA==-22cb60ec-3c62-43fa-bace-ab5e4765295b] Object was deleted but could not be found in the ZRC.
[http://chemistry.apache.org/NjljM2JlNTQtNTk0Yy00ZjMzLTg2MzQtYzUyNDJiYmY0NmIw-69c3be54-594c-4f33-8634-c5242bbf46b0] Object was created but could not be found in the DRC.
[http://chemistry.apache.org/NjljM2JlNTQtNTk0Yy00ZjMzLTg2MzQtYzUyNDJiYmY0NmIw-69c3be54-594c-4f33-8634-c5242bbf46b0] Object was deleted but could not be found in the ZRC.
[http://chemistry.apache.org/NDIwZTgzNWYtNWNlYS00YWE2LTg0MDgtMTE3NDljMGZjMTdl-420e835f-5cea-4aa6-8408-11749c0fc17e] Object was deleted but could not be found in the ZRC.
[http://chemistry.apache.org/YzEwM2Q5OGYtZjVjMi00YzU2LThmYjMtNGQ0MmJlZDUyODRh-c103d98f-f5c2-4c56-8fb3-4d42bed5284a] Object was deleted but could not be found in the ZRC.
[http://chemistry.apache.org/MjNhNDVkMmQtZDVjMy00YjhiLWE5YWQtZTVlNjc4YzI4YjUxOzEuMA==-23a45d2d-d5c3-4b8b-a9ad-e5e678c28b51] Object was created but could not be found in the DRC.
[http://chemistry.apache.org/MjNhNDVkMmQtZDVjMy00YjhiLWE5YWQtZTVlNjc4YzI4YjUxOzEuMA==-23a45d2d-d5c3-4b8b-a9ad-e5e678c28b51] Object was updated but could not be found in the DRC.
[http://chemistry.apache.org/ZWJmZWM3MjYtNzBlZi00OWJiLTliY2MtMDFmYzQ3YTA4ZjEx-ebfec726-70ef-49bb-9bcc-01fc47a08f11] Object was created but could not be found in the DRC.
[http://chemistry.apache.org/OGI4N2EwYjYtZmYzOC00MDg3LTlkNTUtMDk2MjY1ZjU1Y2I2-8b87a0b6-ff38-4087-9d55-096265f55cb6] Object was created but could not be found in the DRC.
[http://chemistry.apache.org/OWZkYmRiNGYtMTUyMi00Yjg4LWIzNTktNmRmNDQ3MTkwOTFkOzEuMA==-9fdbdb4f-1522-4b88-b359-6df44719091d] Object was created but could not be found in the DRC.
[http://chemistry.apache.org/OWZkYmRiNGYtMTUyMi00Yjg4LWIzNTktNmRmNDQ3MTkwOTFkOzEuMA==-9fdbdb4f-1522-4b88-b359-6df44719091d] Object was updated but could not be found in the DRC.
[http://chemistry.apache.org/OWZkYmRiNGYtMTUyMi00Yjg4LWIzNTktNmRmNDQ3MTkwOTFkOzEuMA==-9fdbdb4f-1522-4b88-b359-6df44719091d] Object was deleted but could not be found in the ZRC.
[http://chemistry.apache.org/OGI4N2EwYjYtZmYzOC00MDg3LTlkNTUtMDk2MjY1ZjU1Y2I2-8b87a0b6-ff38-4087-9d55-096265f55cb6] Object was deleted but could not be found in the ZRC.
[http://chemistry.apache.org/ZWJmZWM3MjYtNzBlZi00OWJiLTliY2MtMDFmYzQ3YTA4ZjEx-ebfec726-70ef-49bb-9bcc-01fc47a08f11] Object was deleted but could not be found in the ZRC.
[http://chemistry.apache.org/NWI4NTc1YmQtYmI4Yy00NmZhLWE5OWItNTQyMzJiZThlM2Vh-5b8575bd-bb8c-46fa-a99b-54232be8e3ea] Object was created but could not be found in the DRC.
[http://chemistry.apache.org/ZmU1ZWE2YTUtMDQ5Mi00MDQyLThlMGEtZDYyYjY0NjVhZDRj-fe5ea6a5-0492-4042-8e0a-d62b6465ad4c] Object was created but could not be found in the DRC.
[http://chemistry.apache.org/ZmU1ZWE2YTUtMDQ5Mi00MDQyLThlMGEtZDYyYjY0NjVhZDRj-fe5ea6a5-0492-4042-8e0a-d62b6465ad4c] Object was deleted but could not be found in the ZRC.
[http://chemistry.apache.org/NWI4NTc1YmQtYmI4Yy00NmZhLWE5OWItNTQyMzJiZThlM2Vh-5b8575bd-bb8c-46fa-a99b-54232be8e3ea] Object was deleted but could not be found in the ZRC.
[http://chemistry.apache.org/ZTBmMzQ3MjYtZTRmYy00MTc2LWI1NWQtNjIwNDk4ODc4MWNi-e0f34726-e4fc-4176-b55d-6204988781cb] Object was created but could not be found in the DRC.
[http://chemistry.apache.org/ZTE3MzVkNzItMzdjMS00M2JmLTk2NzUtYjRjNjc5NzMxZDlk-e1735d72-37c1-43bf-9675-b4c679731d9d] Object was created but could not be found in the DRC.
[http://chemistry.apache.org/NjNjNDgwNjktYjczMS00MWQxLTg5OGYtYmZmZTcxZjYxZWQ5OzEuMA==-63c48069-b731-41d1-898f-bffe71f61ed9] Object was created but could not be found in the DRC.
[http://chemistry.apache.org/NjNjNDgwNjktYjczMS00MWQxLTg5OGYtYmZmZTcxZjYxZWQ5OzEuMA==-63c48069-b731-41d1-898f-bffe71f61ed9] Object was updated but could not be found in the DRC.
[http://chemistry.apache.org/NjNjNDgwNjktYjczMS00MWQxLTg5OGYtYmZmZTcxZjYxZWQ5OzEuMA==-63c48069-b731-41d1-898f-bffe71f61ed9] Object was deleted but could not be found in the ZRC.
[http://chemistry.apache.org/ZTE3MzVkNzItMzdjMS00M2JmLTk2NzUtYjRjNjc5NzMxZDlk-e1735d72-37c1-43bf-9675-b4c679731d9d] Object was deleted but could not be found in the ZRC.
[http://chemistry.apache.org/ZTBmMzQ3MjYtZTRmYy00MTc2LWI1NWQtNjIwNDk4ODc4MWNi-e0f34726-e4fc-4176-b55d-6204988781cb] Object was deleted but could not be found in the ZRC.
[http://chemistry.apache.org/ZmMxYWNjZjQtNTlhYy00NTUwLWI0MWQtMmQwYThjYjY5MmNk-fc1accf4-59ac-4550-b41d-2d0a8cb692cd] Object was created but could not be found in the DRC.
[http://chemistry.apache.org/ZjA4MzRkMjktMGVlMS00MmNmLTg0YmMtMGZmODhhOGNlYzI2-f0834d29-0ee1-42cf-84bc-0ff88a8cec26] Object was created but could not be found in the DRC.
[http://chemistry.apache.org/YWFmZjRkZGEtOGEwMS00YmE0LWIwZDQtMzlmMWI4YTM1MDNkOzEuMA==-aaff4dda-8a01-4ba4-b0d4-39f1b8a3503d] Object was created but could not be found in the DRC.
[http://chemistry.apache.org/YWFmZjRkZGEtOGEwMS00YmE0LWIwZDQtMzlmMWI4YTM1MDNkOzEuMA==-aaff4dda-8a01-4ba4-b0d4-39f1b8a3503d] Object was updated but could not be found in the DRC.
[http://chemistry.apache.org/YWFmZjRkZGEtOGEwMS00YmE0LWIwZDQtMzlmMWI4YTM1MDNkOzEuMA==-aaff4dda-8a01-4ba4-b0d4-39f1b8a3503d] Object was deleted but could not be found in the ZRC.
[http://chemistry.apache.org/ZjA4MzRkMjktMGVlMS00MmNmLTg0YmMtMGZmODhhOGNlYzI2-f0834d29-0ee1-42cf-84bc-0ff88a8cec26] Object was deleted but could not be found in the ZRC.
[http://chemistry.apache.org/ZmMxYWNjZjQtNTlhYy00NTUwLWI0MWQtMmQwYThjYjY5MmNk-fc1accf4-59ac-4550-b41d-2d0a8cb692cd] Object was deleted but could not be found in the ZRC.
[http://chemistry.apache.org/MzBkNGQwMmUtZjU3YS00NzZiLWI3NGYtMGRiOTliOGFhYzM3-30d4d02e-f57a-476b-b74f-0db99b8aac37] Object was created but could not be found in the DRC.
[http://chemistry.apache.org/YTIxYjE5ODAtMTM4Yi00MTA2LWFhYmQtYTIwZmU1MTdiN2E1-a21b1980-138b-4106-aabd-a20fe517b7a5] Object was created but could not be found in the DRC.
[http://chemistry.apache.org/YWU5ZTk3OTItZDAxMy00MjQ2LThlOTQtYjg2ODAyODc4MzVjOzEuMA==-ae9e9792-d013-4246-8e94-b8680287835c] Object was created but could not be found in the DRC.
[http://chemistry.apache.org/YWU5ZTk3OTItZDAxMy00MjQ2LThlOTQtYjg2ODAyODc4MzVjOzEuMA==-ae9e9792-d013-4246-8e94-b8680287835c] Object was updated but could not be found in the DRC.
[http://chemistry.apache.org/YWU5ZTk3OTItZDAxMy00MjQ2LThlOTQtYjg2ODAyODc4MzVjOzEuMA==-ae9e9792-d013-4246-8e94-b8680287835c] Object was deleted but could not be found in the ZRC.
[http://chemistry.apache.org/YTIxYjE5ODAtMTM4Yi00MTA2LWFhYmQtYTIwZmU1MTdiN2E1-a21b1980-138b-4106-aabd-a20fe517b7a5] Object was deleted but could not be found in the ZRC.
[http://chemistry.apache.org/MzBkNGQwMmUtZjU3YS00NzZiLWI3NGYtMGRiOTliOGFhYzM3-30d4d02e-f57a-476b-b74f-0db99b8aac37] Object was deleted but could not be found in the ZRC.
[http://chemistry.apache.org/ZjYxMThkMDItODU1MC00ZTUzLTk5NzItZGNhMWRiYmM2MTgx-f6118d02-8550-4e53-9972-dca1dbbc6181] Object was created but could not be found in the DRC.
[http://chemistry.apache.org/Yjg3ZmQ0MjEtNGM4Yi00OWY5LTlmNzctYTAwZjBmYmE0OWIy-b87fd421-4c8b-49f9-9f77-a00f0fba49b2] Object was created but could not be found in the DRC.
[http://chemistry.apache.org/MGNmYTJiYmEtM2Y5NS00YzI4LWFmNWYtYTQ4MDUyNTAxZDJhOzEuMA==-0cfa2bba-3f95-4c28-af5f-a48052501d2a] Object was created but could not be found in the DRC.
[http://chemistry.apache.org/MGNmYTJiYmEtM2Y5NS00YzI4LWFmNWYtYTQ4MDUyNTAxZDJhOzEuMA==-0cfa2bba-3f95-4c28-af5f-a48052501d2a] Object was updated but could not be found in the DRC.
[http://chemistry.apache.org/MmVlZTUxM2UtNWIwZC00MjYwLWJiODMtMDQ5NTcwOTgzMWNi-2eee513e-5b0d-4260-bb83-0495709831cb] Object was created but could not be found in the DRC.
[http://chemistry.apache.org/MGNmYTJiYmEtM2Y5NS00YzI4LWFmNWYtYTQ4MDUyNTAxZDJhOzEuMA==-0cfa2bba-3f95-4c28-af5f-a48052501d2a] Object was deleted but could not be found in the ZRC.
[http://chemistry.apache.org/MmVlZTUxM2UtNWIwZC00MjYwLWJiODMtMDQ5NTcwOTgzMWNi-2eee513e-5b0d-4260-bb83-0495709831cb] Object was deleted but could not be found in the ZRC.
[http://chemistry.apache.org/Yjg3ZmQ0MjEtNGM4Yi00OWY5LTlmNzctYTAwZjBmYmE0OWIy-b87fd421-4c8b-49f9-9f77-a00f0fba49b2] Object was deleted but could not be found in the ZRC.
[http://chemistry.apache.org/ZjYxMThkMDItODU1MC00ZTUzLTk5NzItZGNhMWRiYmM2MTgx-f6118d02-8550-4e53-9972-dca1dbbc6181] Object was deleted but could not be found in the ZRC.
[http://chemistry.apache.org/YTFiMDI3NjItOWUwNi00NGEzLTlmOTEtMTE5YTllYjc4ZDJi-a1b02762-9e06-44a3-9f91-119a9eb78d2b] Object was created but could not be found in the DRC.
[http://chemistry.apache.org/NDJkNDIyN2MtYzdlYS00MGMwLWFiZjAtZWUyMzFkODg2MGVh-42d4227c-c7ea-40c0-abf0-ee231d8860ea] Object was created but could not be found in the DRC.
[http://chemistry.apache.org/ZGY3MDg2ZWYtNTg3Yy00MmFkLWI1ZjktNzRlNGViZDY1NWY4OzEuMA==-df7086ef-587c-42ad-b5f9-74e4ebd655f8] Object was created but could not be found in the DRC.
[http://chemistry.apache.org/ZGY3MDg2ZWYtNTg3Yy00MmFkLWI1ZjktNzRlNGViZDY1NWY4OzEuMA==-df7086ef-587c-42ad-b5f9-74e4ebd655f8] Object was updated but could not be found in the DRC.
[http://chemistry.apache.org/ZGY3MDg2ZWYtNTg3Yy00MmFkLWI1ZjktNzRlNGViZDY1NWY4OzEuMA==-df7086ef-587c-42ad-b5f9-74e4ebd655f8] Object was deleted but could not be found in the ZRC.
[http://chemistry.apache.org/NDJkNDIyN2MtYzdlYS00MGMwLWFiZjAtZWUyMzFkODg2MGVh-42d4227c-c7ea-40c0-abf0-ee231d8860ea] Object was deleted but could not be found in the ZRC.
[http://chemistry.apache.org/YTFiMDI3NjItOWUwNi00NGEzLTlmOTEtMTE5YTllYjc4ZDJi-a1b02762-9e06-44a3-9f91-119a9eb78d2b] Object was deleted but could not be found in the ZRC.
[http://chemistry.apache.org/MmQ3NGE3NDgtOTkzYS00NDljLWI2MDUtNGI0NDBiYThjZWJh-2d74a748-993a-449c-b605-4b440ba8ceba] Object was created but could not be found in the DRC.
[http://chemistry.apache.org/YmE5ZmZmMmQtMDk3NS00OWYzLWFiNTMtZDQxMjZmZTBkNWUz-ba9fff2d-0975-49f3-ab53-d4126fe0d5e3] Object was created but could not be found in the DRC.
[http://chemistry.apache.org/ZmMyZDRiYzgtMWY1MS00ZTQ0LTk1YmQtMzFkNzE2MmJhNjA3OzEuMA==-fc2d4bc8-1f51-4e44-95bd-31d7162ba607] Object was created but could not be found in the DRC.
[http://chemistry.apache.org/ZmMyZDRiYzgtMWY1MS00ZTQ0LTk1YmQtMzFkNzE2MmJhNjA3OzEuMA==-fc2d4bc8-1f51-4e44-95bd-31d7162ba607] Object was updated but could not be found in the DRC.
[http://chemistry.apache.org/ZmMyZDRiYzgtMWY1MS00ZTQ0LTk1YmQtMzFkNzE2MmJhNjA3OzEuMA==-fc2d4bc8-1f51-4e44-95bd-31d7162ba607] Object was deleted but could not be found in the ZRC.
[http://chemistry.apache.org/NzgzNjQ0ZWMtNTU4Yy00ZDE0LThmZmUtMjIxZGNhMWY3MTg0-783644ec-558c-4d14-8ffe-221dca1f7184] Object was created but could not be found in the DRC.
[http://chemistry.apache.org/NzgzNjQ0ZWMtNTU4Yy00ZDE0LThmZmUtMjIxZGNhMWY3MTg0-783644ec-558c-4d14-8ffe-221dca1f7184] Object was deleted but could not be found in the ZRC.
[http://chemistry.apache.org/YmE5ZmZmMmQtMDk3NS00OWYzLWFiNTMtZDQxMjZmZTBkNWUz-ba9fff2d-0975-49f3-ab53-d4126fe0d5e3] Object was deleted but could not be found in the ZRC.
[http://chemistry.apache.org/MmQ3NGE3NDgtOTkzYS00NDljLWI2MDUtNGI0NDBiYThjZWJh-2d74a748-993a-449c-b605-4b440ba8ceba] Object was deleted but could not be found in the ZRC.
[http://chemistry.apache.org/ODBiY2JhOTUtNDczMC00Y2E4LTkxZTQtN2Q1YjI4MjJlMzVmOzEuMA==-80bcba95-4730-4ca8-91e4-7d5b2822e35f] Object was created but could not be found in the DRC.
[http://chemistry.apache.org/ODBiY2JhOTUtNDczMC00Y2E4LTkxZTQtN2Q1YjI4MjJlMzVmOzEuMA==-80bcba95-4730-4ca8-91e4-7d5b2822e35f] Object was updated but could not be found in the DRC.
[http://chemistry.apache.org/MDE3NjkwZTgtMGJkNi00NmRiLTg5NmYtZGU4NTYxMDRhZjMz-017690e8-0bd6-46db-896f-de856104af33] Object was created but could not be found in the DRC.
[http://chemistry.apache.org/NTVjODEyYTMtYjVjZi00YTJkLWI1MzItMDhmZDQyN2Q3ODdi-55c812a3-b5cf-4a2d-b532-08fd427d787b] Object was created but could not be found in the DRC.
[http://chemistry.apache.org/MDY5ODBjN2UtYzk3MS00ZjZiLTgyNDctZTUwMTE0MGNlN2I2OzEuMA==-06980c7e-c971-4f6b-8247-e501140ce7b6] Object was created but could not be found in the DRC.
[http://chemistry.apache.org/MDY5ODBjN2UtYzk3MS00ZjZiLTgyNDctZTUwMTE0MGNlN2I2OzEuMA==-06980c7e-c971-4f6b-8247-e501140ce7b6] Object was updated but could not be found in the DRC.
[http://chemistry.apache.org/MDY5ODBjN2UtYzk3MS00ZjZiLTgyNDctZTUwMTE0MGNlN2I2OzEuMQ==-06980c7e-c971-4f6b-8247-e501140ce7b6] Object was deleted but could not be found in the ZRC.
[http://chemistry.apache.org/NTVjODEyYTMtYjVjZi00YTJkLWI1MzItMDhmZDQyN2Q3ODdi-55c812a3-b5cf-4a2d-b532-08fd427d787b] Object was deleted but could not be found in the ZRC.
[http://chemistry.apache.org/MDE3NjkwZTgtMGJkNi00NmRiLTg5NmYtZGU4NTYxMDRhZjMz-017690e8-0bd6-46db-896f-de856104af33] Object was deleted but could not be found in the ZRC.
[http://chemistry.apache.org/OGQ1YWQxZWYtZmE3ZC00MGZlLThjZjgtZjg3NmJiNTVhN2I3-8d5ad1ef-fa7d-40fe-8cf8-f876bb55a7b7] Object was created but could not be found in the DRC.
[http://chemistry.apache.org/NzZiNjkzOWUtOGM1YS00ZGI5LWIzNjEtM2VlNTRkNjVkNDcz-76b6939e-8c5a-4db9-b361-3ee54d65d473] Object was created but could not be found in the DRC.
[http://chemistry.apache.org/NzZiNjkzOWUtOGM1YS00ZGI5LWIzNjEtM2VlNTRkNjVkNDcz-76b6939e-8c5a-4db9-b361-3ee54d65d473] Object was deleted but could not be found in the ZRC.
[http://chemistry.apache.org/OGQ1YWQxZWYtZmE3ZC00MGZlLThjZjgtZjg3NmJiNTVhN2I3-8d5ad1ef-fa7d-40fe-8cf8-f876bb55a7b7] Object was deleted but could not be found in the ZRC.
[http://chemistry.apache.org/ZTlkZWIxMjQtNzQ3Zi00ZjdmLTg4NWYtOTY1Mjg2MDQxNGMy-e9deb124-747f-4f7f-885f-9652860414c2] Object was created but could not be found in the DRC.
[http://chemistry.apache.org/NjY5MDVmMjQtZmIyZC00ZTJiLWFmNDAtMzUxMTA0MTI3NTg4-66905f24-fb2d-4e2b-af40-351104127588] Object was created but could not be found in the DRC.
[http://chemistry.apache.org/NTUyMzRjMmQtMmI5NC00YjAxLTljMjUtY2VjOTg1MGEzZmY5OzEuMA==-55234c2d-2b94-4b01-9c25-cec9850a3ff9] Object was created but could not be found in the DRC.
[http://chemistry.apache.org/NTUyMzRjMmQtMmI5NC00YjAxLTljMjUtY2VjOTg1MGEzZmY5OzEuMA==-55234c2d-2b94-4b01-9c25-cec9850a3ff9] Object was updated but could not be found in the DRC.
[http://chemistry.apache.org/NTUyMzRjMmQtMmI5NC00YjAxLTljMjUtY2VjOTg1MGEzZmY5OzEuMA==-55234c2d-2b94-4b01-9c25-cec9850a3ff9] Object was deleted but could not be found in the ZRC.
[http://chemistry.apache.org/NjY5MDVmMjQtZmIyZC00ZTJiLWFmNDAtMzUxMTA0MTI3NTg4-66905f24-fb2d-4e2b-af40-351104127588] Object was deleted but could not be found in the ZRC.
[http://chemistry.apache.org/ZTlkZWIxMjQtNzQ3Zi00ZjdmLTg4NWYtOTY1Mjg2MDQxNGMy-e9deb124-747f-4f7f-885f-9652860414c2] Object was deleted but could not be found in the ZRC.
[http://chemistry.apache.org/NTE2NTVlN2YtZWNkMC00NzZlLWIxNGQtOWQ5NTEwYmE1M2I1-51655e7f-ecd0-476e-b14d-9d9510ba53b5] Object was created but could not be found in the DRC.
[http://chemistry.apache.org/ZjU3M2U1NzAtNzZlMS00ZjI5LTg3ZGEtNDEyZDhiYTk0YzJj-f573e570-76e1-4f29-87da-412d8ba94c2c] Object was created but could not be found in the DRC.
[http://chemistry.apache.org/N2MyZGE5MzItZDlkNS00OWIxLWJjMDQtODgxZjljMjVkYTUxOzEuMA==-7c2da932-d9d5-49b1-bc04-881f9c25da51] Object was created but could not be found in the DRC.
[http://chemistry.apache.org/N2MyZGE5MzItZDlkNS00OWIxLWJjMDQtODgxZjljMjVkYTUxOzEuMA==-7c2da932-d9d5-49b1-bc04-881f9c25da51] Object was updated but could not be found in the DRC.
[http://chemistry.apache.org/N2MyZGE5MzItZDlkNS00OWIxLWJjMDQtODgxZjljMjVkYTUxOzEuMA==-7c2da932-d9d5-49b1-bc04-881f9c25da51] Object was deleted but could not be found in the ZRC.
[http://chemistry.apache.org/ZjU3M2U1NzAtNzZlMS00ZjI5LTg3ZGEtNDEyZDhiYTk0YzJj-f573e570-76e1-4f29-87da-412d8ba94c2c] Object was deleted but could not be found in the ZRC.
[http://chemistry.apache.org/NTE2NTVlN2YtZWNkMC00NzZlLWIxNGQtOWQ5NTEwYmE1M2I1-51655e7f-ecd0-476e-b14d-9d9510ba53b5] Object was deleted but could not be found in the ZRC.
[http://chemistry.apache.org/NjRiM2NkZTItMGY4ZS00MzYxLTkyOWEtZGU0YWYyODRjODY0-64b3cde2-0f8e-4361-929a-de4af284c864] Object was created but could not be found in the DRC.
[http://chemistry.apache.org/ZjkxNTgyNDItZDMxMC00MWYxLWI1MDgtZGQ5YjM2NDRlZjBi-f9158242-d310-41f1-b508-dd9b3644ef0b] Object was created but could not be found in the DRC.
[http://chemistry.apache.org/NmVjMDEyN2UtMzRiYy00MGE0LTk5ZGEtNGI5YzQyOTQxOWUwOzEuMA==-6ec0127e-34bc-40a4-99da-4b9c429419e0] Object was created but could not be found in the DRC.
[http://chemistry.apache.org/NmVjMDEyN2UtMzRiYy00MGE0LTk5ZGEtNGI5YzQyOTQxOWUwOzEuMA==-6ec0127e-34bc-40a4-99da-4b9c429419e0] Object was updated but could not be found in the DRC.
[http://chemistry.apache.org/NmVjMDEyN2UtMzRiYy00MGE0LTk5ZGEtNGI5YzQyOTQxOWUwOzEuMA==-6ec0127e-34bc-40a4-99da-4b9c429419e0] Object was deleted but could not be found in the ZRC.
[http://chemistry.apache.org/ZjkxNTgyNDItZDMxMC00MWYxLWI1MDgtZGQ5YjM2NDRlZjBi-f9158242-d310-41f1-b508-dd9b3644ef0b] Object was deleted but could not be found in the ZRC.
[http://chemistry.apache.org/NjRiM2NkZTItMGY4ZS00MzYxLTkyOWEtZGU0YWYyODRjODY0-64b3cde2-0f8e-4361-929a-de4af284c864] Object was deleted but could not be found in the ZRC.
[http://chemistry.apache.org/Mzg4ZTI2NjEtOTliNS00ZDMwLWIzZTctNzljMTA3OGM3ZjZi-388e2661-99b5-4d30-b3e7-79c1078c7f6b] Object was created but could not be found in the DRC.
[http://chemistry.apache.org/ZWU2MDU0NDktNGMzZi00ODI3LWIyNTYtNzhiYWMxNmYwYmI0-ee605449-4c3f-4827-b256-78bac16f0bb4] Object was created but could not be found in the DRC.
[http://chemistry.apache.org/Y2IzMWUxNGYtZDMzNC00NDUxLTlkNjUtZWNkNTBhMTg2YmM2OzEuMA==-cb31e14f-d334-4451-9d65-ecd50a186bc6] Object was created but could not be found in the DRC.
[http://chemistry.apache.org/Y2IzMWUxNGYtZDMzNC00NDUxLTlkNjUtZWNkNTBhMTg2YmM2OzEuMA==-cb31e14f-d334-4451-9d65-ecd50a186bc6] Object was updated but could not be found in the DRC.
[http://chemistry.apache.org/YTRkODUxYTItYjdmYy00NWE2LWE5M2EtMDU0ZDVlZDYwYWU4-a4d851a2-b7fc-45a6-a93a-054d5ed60ae8] Object was created but could not be found in the DRC.
[http://chemistry.apache.org/Y2IzMWUxNGYtZDMzNC00NDUxLTlkNjUtZWNkNTBhMTg2YmM2OzEuMA==-cb31e14f-d334-4451-9d65-ecd50a186bc6] Object was deleted but could not be found in the ZRC.
[http://chemistry.apache.org/YTRkODUxYTItYjdmYy00NWE2LWE5M2EtMDU0ZDVlZDYwYWU4-a4d851a2-b7fc-45a6-a93a-054d5ed60ae8] Object was deleted but could not be found in the ZRC.
[http://chemistry.apache.org/ZWU2MDU0NDktNGMzZi00ODI3LWIyNTYtNzhiYWMxNmYwYmI0-ee605449-4c3f-4827-b256-78bac16f0bb4] Object was deleted but could not be found in the ZRC.
[http://chemistry.apache.org/Mzg4ZTI2NjEtOTliNS00ZDMwLWIzZTctNzljMTA3OGM3ZjZi-388e2661-99b5-4d30-b3e7-79c1078c7f6b] Object was deleted but could not be found in the ZRC.
[http://chemistry.apache.org/ZTI4NDgwYWYtYTBlNy00ODEyLTg5NWYtYmU2NDI2ZmQwNTdi-e28480af-a0e7-4812-895f-be6426fd057b] Object was created but could not be found in the DRC.
[http://chemistry.apache.org/ZGVlOTdiODUtNGIzNC00NTNiLWFmYzUtOTM0MTdmNzgwYjc0-dee97b85-4b34-453b-afc5-93417f780b74] Object was created but could not be found in the DRC.
[http://chemistry.apache.org/MDg1NmYxNWItNzY2Yi00MzlhLWEwZDktN2FiY2E3YTdmZGRhOzEuMA==-0856f15b-766b-439a-a0d9-7abca7a7fdda] Object was created but could not be found in the DRC.
[http://chemistry.apache.org/MDg1NmYxNWItNzY2Yi00MzlhLWEwZDktN2FiY2E3YTdmZGRhOzEuMA==-0856f15b-766b-439a-a0d9-7abca7a7fdda] Object was updated but could not be found in the DRC.
[http://chemistry.apache.org/MDg1NmYxNWItNzY2Yi00MzlhLWEwZDktN2FiY2E3YTdmZGRhOzEuMA==-0856f15b-766b-439a-a0d9-7abca7a7fdda] Object was deleted but could not be found in the ZRC.
[http://chemistry.apache.org/ZGVlOTdiODUtNGIzNC00NTNiLWFmYzUtOTM0MTdmNzgwYjc0-dee97b85-4b34-453b-afc5-93417f780b74] Object was deleted but could not be found in the ZRC.
[http://chemistry.apache.org/ZTI4NDgwYWYtYTBlNy00ODEyLTg5NWYtYmU2NDI2ZmQwNTdi-e28480af-a0e7-4812-895f-be6426fd057b] Object was deleted but could not be found in the ZRC.
[http://chemistry.apache.org/Y2JkM2U4NzctOWNkNC00MTAxLWJiMmUtYjU3YzA4MmRjZmJm-cbd3e877-9cd4-4101-bb2e-b57c082dcfbf] Object was created but could not be found in the DRC.
[http://chemistry.apache.org/MzViNDQ2MDAtM2QyYS00ODUxLTg1OGUtMDZmNDYxN2FlNmFl-35b44600-3d2a-4851-858e-06f4617ae6ae] Object was created but could not be found in the DRC.
[http://chemistry.apache.org/OTI3OTRhNjAtZGRlMy00ODc0LTk3ZjYtZDkxMGFlMzFjZjVjOzEuMA==-92794a60-dde3-4874-97f6-d910ae31cf5c] Object was created but could not be found in the DRC.
[http://chemistry.apache.org/OTI3OTRhNjAtZGRlMy00ODc0LTk3ZjYtZDkxMGFlMzFjZjVjOzEuMA==-92794a60-dde3-4874-97f6-d910ae31cf5c] Object was updated but could not be found in the DRC.
[http://chemistry.apache.org/OTI3OTRhNjAtZGRlMy00ODc0LTk3ZjYtZDkxMGFlMzFjZjVjOzEuMA==-92794a60-dde3-4874-97f6-d910ae31cf5c] Object was deleted but could not be found in the ZRC.
[http://chemistry.apache.org/MDUzMTBmNmYtYmEwOS00NGZlLTlkNWYtZTk0ZGQyMzM2MWNk-05310f6f-ba09-44fe-9d5f-e94dd23361cd] Object was created but could not be found in the DRC.
[http://chemistry.apache.org/MDUzMTBmNmYtYmEwOS00NGZlLTlkNWYtZTk0ZGQyMzM2MWNk-05310f6f-ba09-44fe-9d5f-e94dd23361cd] Object was deleted but could not be found in the ZRC.
[http://chemistry.apache.org/MzViNDQ2MDAtM2QyYS00ODUxLTg1OGUtMDZmNDYxN2FlNmFl-35b44600-3d2a-4851-858e-06f4617ae6ae] Object was deleted but could not be found in the ZRC.
[http://chemistry.apache.org/Y2JkM2U4NzctOWNkNC00MTAxLWJiMmUtYjU3YzA4MmRjZmJm-cbd3e877-9cd4-4101-bb2e-b57c082dcfbf] Object was deleted but could not be found in the ZRC.
[http://chemistry.apache.org/ZDkwOTAzYTktMGE4ZS00OGZhLWEyZDAtZTQwMzg2MjYxMTcyOzEuMA==-d90903a9-0a8e-48fa-a2d0-e40386261172] Object was created but could not be found in the DRC.
[http://chemistry.apache.org/ZDkwOTAzYTktMGE4ZS00OGZhLWEyZDAtZTQwMzg2MjYxMTcyOzEuMA==-d90903a9-0a8e-48fa-a2d0-e40386261172] Object was updated but could not be found in the DRC.
[http://chemistry.apache.org/NjVhZDE5MmYtMTg4YS00MzllLThiMzAtMzc4MDEyZWEyNGMx-65ad192f-188a-439e-8b30-378012ea24c1] Object was created but could not be found in the DRC.
[http://chemistry.apache.org/ODJhMmFkNzItNmIyMC00NjI4LTk1NGItZTFiMTZmNGNlMDFk-82a2ad72-6b20-4628-954b-e1b16f4ce01d] Object was created but could not be found in the DRC.
[http://chemistry.apache.org/ZmM5ZmRkZTgtYTEwYS00NzNjLWFkMDgtNzkxYzg3ODYzNTA0OzEuMA==-fc9fdde8-a10a-473c-ad08-791c87863504] Object was created but could not be found in the DRC.
[http://chemistry.apache.org/ZmM5ZmRkZTgtYTEwYS00NzNjLWFkMDgtNzkxYzg3ODYzNTA0OzEuMA==-fc9fdde8-a10a-473c-ad08-791c87863504] Object was updated but could not be found in the DRC.
[http://chemistry.apache.org/ZmM5ZmRkZTgtYTEwYS00NzNjLWFkMDgtNzkxYzg3ODYzNTA0OzEuMQ==-fc9fdde8-a10a-473c-ad08-791c87863504] Object was deleted but could not be found in the ZRC.
[http://chemistry.apache.org/ODJhMmFkNzItNmIyMC00NjI4LTk1NGItZTFiMTZmNGNlMDFk-82a2ad72-6b20-4628-954b-e1b16f4ce01d] Object was deleted but could not be found in the ZRC.
[http://chemistry.apache.org/NjVhZDE5MmYtMTg4YS00MzllLThiMzAtMzc4MDEyZWEyNGMx-65ad192f-188a-439e-8b30-378012ea24c1] Object was deleted but could not be found in the ZRC.
[http://chemistry.apache.org/YjcyM2U1MzQtMTY1MS00MDIyLThjZTgtNWZlN2M3NGE5YjYw-b723e534-1651-4022-8ce8-5fe7c74a9b60] Object was created but could not be found in the DRC.
[http://chemistry.apache.org/ODI0NTA3NDEtYWY3OS00MzNkLWFkZmItM2E2ZGMyMmJjYjEz-82450741-af79-433d-adfb-3a6dc22bcb13] Object was created but could not be found in the DRC.
[http://chemistry.apache.org/ODI0NTA3NDEtYWY3OS00MzNkLWFkZmItM2E2ZGMyMmJjYjEz-82450741-af79-433d-adfb-3a6dc22bcb13] Object was deleted but could not be found in the ZRC.
[http://chemistry.apache.org/YjcyM2U1MzQtMTY1MS00MDIyLThjZTgtNWZlN2M3NGE5YjYw-b723e534-1651-4022-8ce8-5fe7c74a9b60] Object was deleted but could not be found in the ZRC.
[http://chemistry.apache.org/NjZlZGM0NjYtYTY2My00ODNkLWFkZDktMWFkNWYzZmQ1OGUy-66edc466-a663-483d-add9-1ad5f3fd58e2] Object was created but could not be found in the DRC.
[http://chemistry.apache.org/MDFkNmZlNDYtODFjYS00MjhiLTgwN2UtY2FjZjU3ZmU3OTEx-01d6fe46-81ca-428b-807e-cacf57fe7911] Object was created but could not be found in the DRC.
[http://chemistry.apache.org/ZmZlZDI5YTMtY2E1OS00NTlmLWJmYjMtNTc5Y2U1ZTg0ZThlOzEuMA==-ffed29a3-ca59-459f-bfb3-579ce5e84e8e] Object was created but could not be found in the DRC.
[http://chemistry.apache.org/ZmZlZDI5YTMtY2E1OS00NTlmLWJmYjMtNTc5Y2U1ZTg0ZThlOzEuMA==-ffed29a3-ca59-459f-bfb3-579ce5e84e8e] Object was updated but could not be found in the DRC.
[http://chemistry.apache.org/ZmZlZDI5YTMtY2E1OS00NTlmLWJmYjMtNTc5Y2U1ZTg0ZThlOzEuMA==-ffed29a3-ca59-459f-bfb3-579ce5e84e8e] Object was deleted but could not be found in the ZRC.
[http://chemistry.apache.org/MDFkNmZlNDYtODFjYS00MjhiLTgwN2UtY2FjZjU3ZmU3OTEx-01d6fe46-81ca-428b-807e-cacf57fe7911] Object was deleted but could not be found in the ZRC.
[http://chemistry.apache.org/NjZlZGM0NjYtYTY2My00ODNkLWFkZDktMWFkNWYzZmQ1OGUy-66edc466-a663-483d-add9-1ad5f3fd58e2] Object was deleted but could not be found in the ZRC.
[http://chemistry.apache.org/NzRmYmE2YjQtMWU5MS00YjNhLTg4ZWMtOGVlZjY1M2MyNTYy-74fba6b4-1e91-4b3a-88ec-8eef653c2562] Object was created but could not be found in the DRC.
[http://chemistry.apache.org/NDVhZDk2NjMtMWJjOS00YzhiLWFiNTUtN2UwNmFhYWYwNjlm-45ad9663-1bc9-4c8b-ab55-7e06aaaf069f] Object was created but could not be found in the DRC.
[http://chemistry.apache.org/NDVkOTA4MmUtNGYyYS00ZWIzLTlkN2QtNGJkNmQ0NDk0N2M2OzEuMA==-45d9082e-4f2a-4eb3-9d7d-4bd6d44947c6] Object was created but could not be found in the DRC.
[http://chemistry.apache.org/NDVkOTA4MmUtNGYyYS00ZWIzLTlkN2QtNGJkNmQ0NDk0N2M2OzEuMA==-45d9082e-4f2a-4eb3-9d7d-4bd6d44947c6] Object was updated but could not be found in the DRC.
[http://chemistry.apache.org/NDVkOTA4MmUtNGYyYS00ZWIzLTlkN2QtNGJkNmQ0NDk0N2M2OzEuMA==-45d9082e-4f2a-4eb3-9d7d-4bd6d44947c6] Object was deleted but could not be found in the ZRC.
[http://chemistry.apache.org/NDVhZDk2NjMtMWJjOS00YzhiLWFiNTUtN2UwNmFhYWYwNjlm-45ad9663-1bc9-4c8b-ab55-7e06aaaf069f] Object was deleted but could not be found in the ZRC.
[http://chemistry.apache.org/NzRmYmE2YjQtMWU5MS00YjNhLTg4ZWMtOGVlZjY1M2MyNTYy-74fba6b4-1e91-4b3a-88ec-8eef653c2562] Object was deleted but could not be found in the ZRC.
[http://chemistry.apache.org/MmRkNTU0ZDUtNjg1YS00OTVhLWJiNDAtOWYyZWEzNTdkZTcw-2dd554d5-685a-495a-bb40-9f2ea357de70] Object was created but could not be found in the DRC.
[http://chemistry.apache.org/Yjg0MGZhYTktNzIzNy00NmRmLTk3NjQtMzZkYTYxYTk0YzFk-b840faa9-7237-46df-9764-36da61a94c1d] Object was created but could not be found in the DRC.
[http://chemistry.apache.org/NGEwNWQyYmEtYTljZC00YjA2LWIyNGUtMWFiMTM4MzgyMGZmOzEuMA==-4a05d2ba-a9cd-4b06-b24e-1ab1383820ff] Object was created but could not be found in the DRC.
[http://chemistry.apache.org/NGEwNWQyYmEtYTljZC00YjA2LWIyNGUtMWFiMTM4MzgyMGZmOzEuMA==-4a05d2ba-a9cd-4b06-b24e-1ab1383820ff] Object was updated but could not be found in the DRC.
[http://chemistry.apache.org/NGEwNWQyYmEtYTljZC00YjA2LWIyNGUtMWFiMTM4MzgyMGZmOzEuMA==-4a05d2ba-a9cd-4b06-b24e-1ab1383820ff] Object was deleted but could not be found in the ZRC.
[http://chemistry.apache.org/Yjg0MGZhYTktNzIzNy00NmRmLTk3NjQtMzZkYTYxYTk0YzFk-b840faa9-7237-46df-9764-36da61a94c1d] Object was deleted but could not be found in the ZRC.
[http://chemistry.apache.org/MmRkNTU0ZDUtNjg1YS00OTVhLWJiNDAtOWYyZWEzNTdkZTcw-2dd554d5-685a-495a-bb40-9f2ea357de70] Object was deleted but could not be found in the ZRC.
[http://chemistry.apache.org/YWNjZWFhMDMtYzI5OS00MzkwLTg1NjEtMzA5NzQ2OGFiNmNm-acceaa03-c299-4390-8561-3097468ab6cf] Object was created but could not be found in the DRC.
[http://chemistry.apache.org/MDg3MTNhZjctNThhMC00NWIxLTkxMWEtODYwY2UyZDk5MTZj-08713af7-58a0-45b1-911a-860ce2d9916c] Object was created but could not be found in the DRC.
[http://chemistry.apache.org/NThjNDA0MDQtN2Q5YS00OWEzLTlhNmEtMzFiN2U1OGZhNzZmOzEuMA==-58c40404-7d9a-49a3-9a6a-31b7e58fa76f] Object was created but could not be found in the DRC.
[http://chemistry.apache.org/NThjNDA0MDQtN2Q5YS00OWEzLTlhNmEtMzFiN2U1OGZhNzZmOzEuMA==-58c40404-7d9a-49a3-9a6a-31b7e58fa76f] Object was updated but could not be found in the DRC.
[http://chemistry.apache.org/ZWJiNzRiYWEtMDg2OC00MGY4LWEwODgtZTY0YjRhODkyMjYy-ebb74baa-0868-40f8-a088-e64b4a892262] Object was created but could not be found in the DRC.
[http://chemistry.apache.org/NThjNDA0MDQtN2Q5YS00OWEzLTlhNmEtMzFiN2U1OGZhNzZmOzEuMA==-58c40404-7d9a-49a3-9a6a-31b7e58fa76f] Object was deleted but could not be found in the ZRC.
[http://chemistry.apache.org/ZWJiNzRiYWEtMDg2OC00MGY4LWEwODgtZTY0YjRhODkyMjYy-ebb74baa-0868-40f8-a088-e64b4a892262] Object was deleted but could not be found in the ZRC.
[http://chemistry.apache.org/MDg3MTNhZjctNThhMC00NWIxLTkxMWEtODYwY2UyZDk5MTZj-08713af7-58a0-45b1-911a-860ce2d9916c] Object was deleted but could not be found in the ZRC.
[http://chemistry.apache.org/YWNjZWFhMDMtYzI5OS00MzkwLTg1NjEtMzA5NzQ2OGFiNmNm-acceaa03-c299-4390-8561-3097468ab6cf] Object was deleted but could not be found in the ZRC.
[http://chemistry.apache.org/NWE2Zjc1MWYtNDhkZS00OTM4LWE0NmItZDM4YTRjYmM2NTVh-5a6f751f-48de-4938-a46b-d38a4cbc655a] Object was created but could not be found in the DRC.
[http://chemistry.apache.org/MWYxZWFkYzAtZDE5Ny00ZTY2LWJlZTAtNjA1ZTJmYzUzMmQ5-1f1eadc0-d197-4e66-bee0-605e2fc532d9] Object was created but could not be found in the DRC.
[http://chemistry.apache.org/NDA3MDZiNTAtZDhkYy00ZWI1LTgyMjAtODNmM2M1ZjViMjJjOzEuMA==-40706b50-d8dc-4eb5-8220-83f3c5f5b22c] Object was created but could not be found in the DRC.
[http://chemistry.apache.org/NDA3MDZiNTAtZDhkYy00ZWI1LTgyMjAtODNmM2M1ZjViMjJjOzEuMA==-40706b50-d8dc-4eb5-8220-83f3c5f5b22c] Object was updated but could not be found in the DRC.
[http://chemistry.apache.org/NDA3MDZiNTAtZDhkYy00ZWI1LTgyMjAtODNmM2M1ZjViMjJjOzEuMA==-40706b50-d8dc-4eb5-8220-83f3c5f5b22c] Object was deleted but could not be found in the ZRC.
[http://chemistry.apache.org/MWYxZWFkYzAtZDE5Ny00ZTY2LWJlZTAtNjA1ZTJmYzUzMmQ5-1f1eadc0-d197-4e66-bee0-605e2fc532d9] Object was deleted but could not be found in the ZRC.
[http://chemistry.apache.org/NWE2Zjc1MWYtNDhkZS00OTM4LWE0NmItZDM4YTRjYmM2NTVh-5a6f751f-48de-4938-a46b-d38a4cbc655a] Object was deleted but could not be found in the ZRC.
[http://chemistry.apache.org/MjNhOTE4MWEtNGIxMi00ZmM1LWExNGMtY2RjYTFlMDVmNDBm-23a9181a-4b12-4fc5-a14c-cdca1e05f40f] Object was created but could not be found in the DRC.
[http://chemistry.apache.org/YWQyZjg3NWQtODRiZC00ODQxLTliODktZmJhMjI5YmIzZWUy-ad2f875d-84bd-4841-9b89-fba229bb3ee2] Object was created but could not be found in the DRC.
[http://chemistry.apache.org/YjllM2ViYjYtOWFmNC00MTFjLTg2ZWItY2M2Yjk1NzU1MmEzOzEuMA==-b9e3ebb6-9af4-411c-86eb-cc6b957552a3] Object was created but could not be found in the DRC.
[http://chemistry.apache.org/YjllM2ViYjYtOWFmNC00MTFjLTg2ZWItY2M2Yjk1NzU1MmEzOzEuMA==-b9e3ebb6-9af4-411c-86eb-cc6b957552a3] Object was updated but could not be found in the DRC.
[http://chemistry.apache.org/YjllM2ViYjYtOWFmNC00MTFjLTg2ZWItY2M2Yjk1NzU1MmEzOzEuMA==-b9e3ebb6-9af4-411c-86eb-cc6b957552a3] Object was deleted but could not be found in the ZRC.
[http://chemistry.apache.org/YTQxZGU2OWQtNmZlMi00OTA2LWI0NjEtNWQ0MzUwN2M0YjM1-a41de69d-6fe2-4906-b461-5d43507c4b35] Object was created but could not be found in the DRC.
[http://chemistry.apache.org/YTQxZGU2OWQtNmZlMi00OTA2LWI0NjEtNWQ0MzUwN2M0YjM1-a41de69d-6fe2-4906-b461-5d43507c4b35] Object was deleted but could not be found in the ZRC.
[http://chemistry.apache.org/YWQyZjg3NWQtODRiZC00ODQxLTliODktZmJhMjI5YmIzZWUy-ad2f875d-84bd-4841-9b89-fba229bb3ee2] Object was deleted but could not be found in the ZRC.
[http://chemistry.apache.org/MjNhOTE4MWEtNGIxMi00ZmM1LWExNGMtY2RjYTFlMDVmNDBm-23a9181a-4b12-4fc5-a14c-cdca1e05f40f] Object was deleted but could not be found in the ZRC.
[http://chemistry.apache.org/MDdlMjAxYTgtN2E3ZS00NTFlLTlmZWUtODA3ZGMwNmZkMDc3OzEuMA==-07e201a8-7a7e-451e-9fee-807dc06fd077] Object was created but could not be found in the DRC.
[http://chemistry.apache.org/MDdlMjAxYTgtN2E3ZS00NTFlLTlmZWUtODA3ZGMwNmZkMDc3OzEuMA==-07e201a8-7a7e-451e-9fee-807dc06fd077] Object was updated but could not be found in the DRC.
[http://chemistry.apache.org/NjVhNWRmY2EtZDkzMC00MzliLWE1NGUtNWE0ZjE3ODQyZjI0-65a5dfca-d930-439b-a54e-5a4f17842f24] Object was created but could not be found in the DRC.
[http://chemistry.apache.org/NDcwNzViYWUtZDJkNy00ZGRkLWE4MjMtMDRlOGNjYzJmNzM1-47075bae-d2d7-4ddd-a823-04e8ccc2f735] Object was created but could not be found in the DRC.
[http://chemistry.apache.org/MTk0N2FiZGQtYWI0Zi00NDM3LWE3YjctN2MwODE1YTRjMjVjOzEuMA==-1947abdd-ab4f-4437-a7b7-7c0815a4c25c] Object was created but could not be found in the DRC.
[http://chemistry.apache.org/MTk0N2FiZGQtYWI0Zi00NDM3LWE3YjctN2MwODE1YTRjMjVjOzEuMA==-1947abdd-ab4f-4437-a7b7-7c0815a4c25c] Object was updated but could not be found in the DRC.
[http://chemistry.apache.org/MTk0N2FiZGQtYWI0Zi00NDM3LWE3YjctN2MwODE1YTRjMjVjOzEuMQ==-1947abdd-ab4f-4437-a7b7-7c0815a4c25c] Object was deleted but could not be found in the ZRC.
[http://chemistry.apache.org/NDcwNzViYWUtZDJkNy00ZGRkLWE4MjMtMDRlOGNjYzJmNzM1-47075bae-d2d7-4ddd-a823-04e8ccc2f735] Object was deleted but could not be found in the ZRC.
[http://chemistry.apache.org/NjVhNWRmY2EtZDkzMC00MzliLWE1NGUtNWE0ZjE3ODQyZjI0-65a5dfca-d930-439b-a54e-5a4f17842f24] Object was deleted but could not be found in the ZRC.
[http://chemistry.apache.org/OTVhMWU3MGItZDA5Ny00MjcyLTk1ODMtNWQ3MjllM2IwMDQz-95a1e70b-d097-4272-9583-5d729e3b0043] Object was created but could not be found in the DRC.
[http://chemistry.apache.org/NWIyZGI5YmYtZGY0NS00M2Y5LWI3NDYtMGIyOGIzZDdjZWE2-5b2db9bf-df45-43f9-b746-0b28b3d7cea6] Object was created but could not be found in the DRC.
[http://chemistry.apache.org/NWIyZGI5YmYtZGY0NS00M2Y5LWI3NDYtMGIyOGIzZDdjZWE2-5b2db9bf-df45-43f9-b746-0b28b3d7cea6] Object was deleted but could not be found in the ZRC.
[http://chemistry.apache.org/OTVhMWU3MGItZDA5Ny00MjcyLTk1ODMtNWQ3MjllM2IwMDQz-95a1e70b-d097-4272-9583-5d729e3b0043] Object was deleted but could not be found in the ZRC.
[http://chemistry.apache.org/ZGUzYWNiZTItMWQzZS00MWJhLWExNjQtYmJlZmRkOGM4YmFm-de3acbe2-1d3e-41ba-a164-bbefdd8c8baf] Object was created but could not be found in the DRC.
[http://chemistry.apache.org/OGE4M2I0NzYtZGEzNy00ZjJhLWJiNDUtMjhmMTdhMTJlMWM5-8a83b476-da37-4f2a-bb45-28f17a12e1c9] Object was created but could not be found in the DRC.
[http://chemistry.apache.org/ZTFhOTVmODEtMzgyZS00NjEwLTlmOTctNTk5Y2Y0NTcwNTgxOzEuMA==-e1a95f81-382e-4610-9f97-599cf4570581] Object was created but could not be found in the DRC.
[http://chemistry.apache.org/ZTFhOTVmODEtMzgyZS00NjEwLTlmOTctNTk5Y2Y0NTcwNTgxOzEuMA==-e1a95f81-382e-4610-9f97-599cf4570581] Object was updated but could not be found in the DRC.
[http://chemistry.apache.org/ZTFhOTVmODEtMzgyZS00NjEwLTlmOTctNTk5Y2Y0NTcwNTgxOzEuMA==-e1a95f81-382e-4610-9f97-599cf4570581] Object was deleted but could not be found in the ZRC.
[http://chemistry.apache.org/OGE4M2I0NzYtZGEzNy00ZjJhLWJiNDUtMjhmMTdhMTJlMWM5-8a83b476-da37-4f2a-bb45-28f17a12e1c9] Object was deleted but could not be found in the ZRC.
[http://chemistry.apache.org/ZGUzYWNiZTItMWQzZS00MWJhLWExNjQtYmJlZmRkOGM4YmFm-de3acbe2-1d3e-41ba-a164-bbefdd8c8baf] Object was deleted but could not be found in the ZRC.
[http://chemistry.apache.org/MjE5MTI0NTYtZWI2Ny00ODI3LThkMWUtZTNiMDM4ZjU4NWRh-21912456-eb67-4827-8d1e-e3b038f585da] Object was created but could not be found in the DRC.
[http://chemistry.apache.org/MzNhOGFlNTUtOGYxNy00MTY2LWI1M2EtZTNmNDNjYTZjYWI3-33a8ae55-8f17-4166-b53a-e3f43ca6cab7] Object was created but could not be found in the DRC.
[http://chemistry.apache.org/MGZiOTRiZGQtMjE4YS00M2VlLTg3NzItNGYzOTU3OTQ2ZWM4OzEuMA==-0fb94bdd-218a-43ee-8772-4f3957946ec8] Object was created but could not be found in the DRC.
[http://chemistry.apache.org/MGZiOTRiZGQtMjE4YS00M2VlLTg3NzItNGYzOTU3OTQ2ZWM4OzEuMA==-0fb94bdd-218a-43ee-8772-4f3957946ec8] Object was updated but could not be found in the DRC.
[http://chemistry.apache.org/MGZiOTRiZGQtMjE4YS00M2VlLTg3NzItNGYzOTU3OTQ2ZWM4OzEuMA==-0fb94bdd-218a-43ee-8772-4f3957946ec8] Object was deleted but could not be found in the ZRC.
[http://chemistry.apache.org/MzNhOGFlNTUtOGYxNy00MTY2LWI1M2EtZTNmNDNjYTZjYWI3-33a8ae55-8f17-4166-b53a-e3f43ca6cab7] Object was deleted but could not be found in the ZRC.
[http://chemistry.apache.org/MjE5MTI0NTYtZWI2Ny00ODI3LThkMWUtZTNiMDM4ZjU4NWRh-21912456-eb67-4827-8d1e-e3b038f585da] Object was deleted but could not be found in the ZRC.
[http://chemistry.apache.org/ZTNiMGVlYzItYzlmZi00NjE5LTk1ZGUtYWEwNzRlMWQ2ZTEw-e3b0eec2-c9ff-4619-95de-aa074e1d6e10] Object was created but could not be found in the DRC.
[http://chemistry.apache.org/NzVkMTJhNTctZWRkNC00YTBhLThiNDEtZTk0ZjM2NmViYjU4-75d12a57-edd4-4a0a-8b41-e94f366ebb58] Object was created but could not be found in the DRC.
[http://chemistry.apache.org/Njc3NTY3NTgtNjI5OC00MzRhLWI1MDAtNzQzZDY1ZWU2ZGU4OzEuMA==-67756758-6298-434a-b500-743d65ee6de8] Object was created but could not be found in the DRC.
[http://chemistry.apache.org/Njc3NTY3NTgtNjI5OC00MzRhLWI1MDAtNzQzZDY1ZWU2ZGU4OzEuMA==-67756758-6298-434a-b500-743d65ee6de8] Object was updated but could not be found in the DRC.
[http://chemistry.apache.org/Njc3NTY3NTgtNjI5OC00MzRhLWI1MDAtNzQzZDY1ZWU2ZGU4OzEuMA==-67756758-6298-434a-b500-743d65ee6de8] Object was deleted but could not be found in the ZRC.
[http://chemistry.apache.org/NzVkMTJhNTctZWRkNC00YTBhLThiNDEtZTk0ZjM2NmViYjU4-75d12a57-edd4-4a0a-8b41-e94f366ebb58] Object was deleted but could not be found in the ZRC.
[http://chemistry.apache.org/ZTNiMGVlYzItYzlmZi00NjE5LTk1ZGUtYWEwNzRlMWQ2ZTEw-e3b0eec2-c9ff-4619-95de-aa074e1d6e10] Object was deleted but could not be found in the ZRC.
[http://chemistry.apache.org/ODA3OTE3OGYtNjkyNy00NjRjLTkxMjAtYzZlYTU5Mjk5YmE5-8079178f-6927-464c-9120-c6ea59299ba9] Object was created but could not be found in the DRC.
[http://chemistry.apache.org/MDZiMDNjMTItOGM4NC00NjllLTkyZDAtYWYyNDQ4NjdhYmYx-06b03c12-8c84-469e-92d0-af244867abf1] Object was created but could not be found in the DRC.
[http://chemistry.apache.org/ODM3NzQwYzgtYmE5Ny00OTFlLThmMGItZDU1ZDRhZmQ0MDE1OzEuMA==-837740c8-ba97-491e-8f0b-d55d4afd4015] Object was created but could not be found in the DRC.
[http://chemistry.apache.org/ODM3NzQwYzgtYmE5Ny00OTFlLThmMGItZDU1ZDRhZmQ0MDE1OzEuMA==-837740c8-ba97-491e-8f0b-d55d4afd4015] Object was updated but could not be found in the DRC.
[http://chemistry.apache.org/ZTVmZmExYzEtZTU3ZS00Y2UyLWJlNjgtM2JiNDBlMWJiNTg2-e5ffa1c1-e57e-4ce2-be68-3bb40e1bb586] Object was created but could not be found in the DRC.
[http://chemistry.apache.org/ODM3NzQwYzgtYmE5Ny00OTFlLThmMGItZDU1ZDRhZmQ0MDE1OzEuMA==-837740c8-ba97-491e-8f0b-d55d4afd4015] Object was deleted but could not be found in the ZRC.
[http://chemistry.apache.org/ZTVmZmExYzEtZTU3ZS00Y2UyLWJlNjgtM2JiNDBlMWJiNTg2-e5ffa1c1-e57e-4ce2-be68-3bb40e1bb586] Object was deleted but could not be found in the ZRC.
[http://chemistry.apache.org/MDZiMDNjMTItOGM4NC00NjllLTkyZDAtYWYyNDQ4NjdhYmYx-06b03c12-8c84-469e-92d0-af244867abf1] Object was deleted but could not be found in the ZRC.
[http://chemistry.apache.org/ODA3OTE3OGYtNjkyNy00NjRjLTkxMjAtYzZlYTU5Mjk5YmE5-8079178f-6927-464c-9120-c6ea59299ba9] Object was deleted but could not be found in the ZRC.
[http://chemistry.apache.org/NjQ5ZDYxNWItMjc4YS00NWFhLWFiMWUtNWRhODBkODFkOTQ5-649d615b-278a-45aa-ab1e-5da80d81d949] Object was created but could not be found in the DRC.
[http://chemistry.apache.org/N2U1NDllODUtZjU5YS00OGMyLThkOGYtM2UyYmM1N2ZkZTM0-7e549e85-f59a-48c2-8d8f-3e2bc57fde34] Object was created but could not be found in the DRC.
[http://chemistry.apache.org/YmE3YjQwODUtNmU5NC00M2MwLTg0ZjktMmQ3NDBkZjc0NTNmOzEuMA==-ba7b4085-6e94-43c0-84f9-2d740df7453f] Object was created but could not be found in the DRC.
[http://chemistry.apache.org/YmE3YjQwODUtNmU5NC00M2MwLTg0ZjktMmQ3NDBkZjc0NTNmOzEuMA==-ba7b4085-6e94-43c0-84f9-2d740df7453f] Object was updated but could not be found in the DRC.
[http://chemistry.apache.org/YmE3YjQwODUtNmU5NC00M2MwLTg0ZjktMmQ3NDBkZjc0NTNmOzEuMA==-ba7b4085-6e94-43c0-84f9-2d740df7453f] Object was deleted but could not be found in the ZRC.
[http://chemistry.apache.org/N2U1NDllODUtZjU5YS00OGMyLThkOGYtM2UyYmM1N2ZkZTM0-7e549e85-f59a-48c2-8d8f-3e2bc57fde34] Object was deleted but could not be found in the ZRC.
[http://chemistry.apache.org/NjQ5ZDYxNWItMjc4YS00NWFhLWFiMWUtNWRhODBkODFkOTQ5-649d615b-278a-45aa-ab1e-5da80d81d949] Object was deleted but could not be found in the ZRC.
[http://chemistry.apache.org/NDNkNjRkZjQtZjBhZS00N2YxLWI2OWItNWQ0ZTlmYTkzMGQx-43d64df4-f0ae-47f1-b69b-5d4e9fa930d1] Object was created but could not be found in the DRC.
[http://chemistry.apache.org/MzM4ODU3ODQtM2MyNy00MzZkLTliZmItMDdjY2E1N2JjNzU3-33885784-3c27-436d-9bfb-07cca57bc757] Object was created but could not be found in the DRC.
[http://chemistry.apache.org/MGZmZDFjZDYtYTc4ZC00ZWNjLTg3N2UtYjFjMjY4OGE0YWY4OzEuMA==-0ffd1cd6-a78d-4ecc-877e-b1c2688a4af8] Object was created but could not be found in the DRC.
[http://chemistry.apache.org/MGZmZDFjZDYtYTc4ZC00ZWNjLTg3N2UtYjFjMjY4OGE0YWY4OzEuMA==-0ffd1cd6-a78d-4ecc-877e-b1c2688a4af8] Object was updated but could not be found in the DRC.
[http://chemistry.apache.org/MGZmZDFjZDYtYTc4ZC00ZWNjLTg3N2UtYjFjMjY4OGE0YWY4OzEuMA==-0ffd1cd6-a78d-4ecc-877e-b1c2688a4af8] Object was deleted but could not be found in the ZRC.
[http://chemistry.apache.org/YjcyODYzZmEtZTNmMS00N2E3LWFhNDQtNzEyYWRlZTBkMDJm-b72863fa-e3f1-47a7-aa44-712adee0d02f] Object was created but could not be found in the DRC.
[http://chemistry.apache.org/YjcyODYzZmEtZTNmMS00N2E3LWFhNDQtNzEyYWRlZTBkMDJm-b72863fa-e3f1-47a7-aa44-712adee0d02f] Object was deleted but could not be found in the ZRC.
[http://chemistry.apache.org/MzM4ODU3ODQtM2MyNy00MzZkLTliZmItMDdjY2E1N2JjNzU3-33885784-3c27-436d-9bfb-07cca57bc757] Object was deleted but could not be found in the ZRC.
[http://chemistry.apache.org/NDNkNjRkZjQtZjBhZS00N2YxLWI2OWItNWQ0ZTlmYTkzMGQx-43d64df4-f0ae-47f1-b69b-5d4e9fa930d1] Object was deleted but could not be found in the ZRC.
[http://chemistry.apache.org/YjYzMjc3MGQtZDVhMy00ZTEzLTk4NTAtYTMyMDhkNDkwNmJhOzEuMA==-b632770d-d5a3-4e13-9850-a3208d4906ba] Object was created but could not be found in the DRC.
[http://chemistry.apache.org/YjYzMjc3MGQtZDVhMy00ZTEzLTk4NTAtYTMyMDhkNDkwNmJhOzEuMA==-b632770d-d5a3-4e13-9850-a3208d4906ba] Object was updated but could not be found in the DRC.
[http://chemistry.apache.org/MTVmNjcyZWQtMWFjNy00Y2EyLWE4N2ItOWQ2ODNiZDQwNzNm-15f672ed-1ac7-4ca2-a87b-9d683bd4073f] Object was created but could not be found in the DRC.
[http://chemistry.apache.org/ZjdhNTdkYWMtZjg3NC00MTcwLTk1NjEtNjVhM2UwMzcyM2Fl-f7a57dac-f874-4170-9561-65a3e03723ae] Object was created but could not be found in the DRC.
[http://chemistry.apache.org/YzY1YTVkNGQtZGMyNS00ZDAzLTgwMmEtYTc5MDA5NzlhMGY2OzEuMA==-c65a5d4d-dc25-4d03-802a-a7900979a0f6] Object was created but could not be found in the DRC.
[http://chemistry.apache.org/YzY1YTVkNGQtZGMyNS00ZDAzLTgwMmEtYTc5MDA5NzlhMGY2OzEuMA==-c65a5d4d-dc25-4d03-802a-a7900979a0f6] Object was updated but could not be found in the DRC.
[http://chemistry.apache.org/YzY1YTVkNGQtZGMyNS00ZDAzLTgwMmEtYTc5MDA5NzlhMGY2OzEuMQ==-c65a5d4d-dc25-4d03-802a-a7900979a0f6] Object was deleted but could not be found in the ZRC.
[http://chemistry.apache.org/ZjdhNTdkYWMtZjg3NC00MTcwLTk1NjEtNjVhM2UwMzcyM2Fl-f7a57dac-f874-4170-9561-65a3e03723ae] Object was deleted but could not be found in the ZRC.
[http://chemistry.apache.org/MTVmNjcyZWQtMWFjNy00Y2EyLWE4N2ItOWQ2ODNiZDQwNzNm-15f672ed-1ac7-4ca2-a87b-9d683bd4073f] Object was deleted but could not be found in the ZRC.
[http://chemistry.apache.org/ZjNkM2I5MjAtMDNhMi00MWU1LWFhZGUtNWM4NWFkZTQyOTRk-f3d3b920-03a2-41e5-aade-5c85ade4294d] Object was created but could not be found in the DRC.
[http://chemistry.apache.org/MTNhZTliNTgtOTE1Ni00NDdmLThjN2ItZTJjNTcyZjBkZjI0-13ae9b58-9156-447f-8c7b-e2c572f0df24] Object was created but could not be found in the DRC.
[http://chemistry.apache.org/MTNhZTliNTgtOTE1Ni00NDdmLThjN2ItZTJjNTcyZjBkZjI0-13ae9b58-9156-447f-8c7b-e2c572f0df24] Object was deleted but could not be found in the ZRC.
[http://chemistry.apache.org/ZjNkM2I5MjAtMDNhMi00MWU1LWFhZGUtNWM4NWFkZTQyOTRk-f3d3b920-03a2-41e5-aade-5c85ade4294d] Object was deleted but could not be found in the ZRC.
[http://chemistry.apache.org/Nzk1M2M3YmQtM2IxYi00NzNmLTgxYzctYTQ5NWQ3ZjJkZGEy-7953c7bd-3b1b-473f-81c7-a495d7f2dda2] Object was created but could not be found in the DRC.
[http://chemistry.apache.org/MDA0OWNmYTItNTNlMy00YWQxLTk3MGQtM2ZmNmRhODQ4MmM2-0049cfa2-53e3-4ad1-970d-3ff6da8482c6] Object was created but could not be found in the DRC.
[http://chemistry.apache.org/NGJjMzExZjEtYTJiOS00MTU3LWE0NjEtOTVjMzIxNTE2Zjc1OzEuMA==-4bc311f1-a2b9-4157-a461-95c321516f75] Object was created but could not be found in the DRC.
[http://chemistry.apache.org/NGJjMzExZjEtYTJiOS00MTU3LWE0NjEtOTVjMzIxNTE2Zjc1OzEuMA==-4bc311f1-a2b9-4157-a461-95c321516f75] Object was updated but could not be found in the DRC.
[http://chemistry.apache.org/NGJjMzExZjEtYTJiOS00MTU3LWE0NjEtOTVjMzIxNTE2Zjc1OzEuMA==-4bc311f1-a2b9-4157-a461-95c321516f75] Object was deleted but could not be found in the ZRC.
[http://chemistry.apache.org/MDA0OWNmYTItNTNlMy00YWQxLTk3MGQtM2ZmNmRhODQ4MmM2-0049cfa2-53e3-4ad1-970d-3ff6da8482c6] Object was deleted but could not be found in the ZRC.
[http://chemistry.apache.org/Nzk1M2M3YmQtM2IxYi00NzNmLTgxYzctYTQ5NWQ3ZjJkZGEy-7953c7bd-3b1b-473f-81c7-a495d7f2dda2] Object was deleted but could not be found in the ZRC.
[http://chemistry.apache.org/NzZkMTg4MzItZDgzMi00YmYwLThmYzctYzY5YmYyNmM3YzZl-76d18832-d832-4bf0-8fc7-c69bf26c7c6e] Object was created but could not be found in the DRC.
[http://chemistry.apache.org/NTkyMjgzMmMtNzQ1ZC00ZTJhLTljNGItMmM2MWQzMzhlN2My-5922832c-745d-4e2a-9c4b-2c61d338e7c2] Object was created but could not be found in the DRC.
[http://chemistry.apache.org/OTQ2YzJjNTEtZWFlMy00YzU3LWJhNTctY2ZlYWRlNWNhZTBjOzEuMA==-946c2c51-eae3-4c57-ba57-cfeade5cae0c] Object was created but could not be found in the DRC.
[http://chemistry.apache.org/OTQ2YzJjNTEtZWFlMy00YzU3LWJhNTctY2ZlYWRlNWNhZTBjOzEuMA==-946c2c51-eae3-4c57-ba57-cfeade5cae0c] Object was updated but could not be found in the DRC.
[http://chemistry.apache.org/OTQ2YzJjNTEtZWFlMy00YzU3LWJhNTctY2ZlYWRlNWNhZTBjOzEuMA==-946c2c51-eae3-4c57-ba57-cfeade5cae0c] Object was deleted but could not be found in the ZRC.
[http://chemistry.apache.org/NTkyMjgzMmMtNzQ1ZC00ZTJhLTljNGItMmM2MWQzMzhlN2My-5922832c-745d-4e2a-9c4b-2c61d338e7c2] Object was deleted but could not be found in the ZRC.
[http://chemistry.apache.org/NzZkMTg4MzItZDgzMi00YmYwLThmYzctYzY5YmYyNmM3YzZl-76d18832-d832-4bf0-8fc7-c69bf26c7c6e] Object was deleted but could not be found in the ZRC.
[http://chemistry.apache.org/ZDQ3YmZiNjYtZDMyYS00Yzk1LTkxZjUtOWViMDQ3N2RlNTVl-d47bfb66-d32a-4c95-91f5-9eb0477de55e] Object was created but could not be found in the DRC.
[http://chemistry.apache.org/NWExYzc5YTAtYTI1ZC00NDRhLThlNjUtNDg0ZjdkMjEwNmVh-5a1c79a0-a25d-444a-8e65-484f7d2106ea] Object was created but could not be found in the DRC.
[http://chemistry.apache.org/Y2U4OWM0ZmYtZTM1YS00NzMzLThjNjEtM2EwNDQzODgxZWZjOzEuMA==-ce89c4ff-e35a-4733-8c61-3a0443881efc] Object was created but could not be found in the DRC.
[http://chemistry.apache.org/Y2U4OWM0ZmYtZTM1YS00NzMzLThjNjEtM2EwNDQzODgxZWZjOzEuMA==-ce89c4ff-e35a-4733-8c61-3a0443881efc] Object was updated but could not be found in the DRC.
[http://chemistry.apache.org/Y2U4OWM0ZmYtZTM1YS00NzMzLThjNjEtM2EwNDQzODgxZWZjOzEuMA==-ce89c4ff-e35a-4733-8c61-3a0443881efc] Object was deleted but could not be found in the ZRC.
[http://chemistry.apache.org/NWExYzc5YTAtYTI1ZC00NDRhLThlNjUtNDg0ZjdkMjEwNmVh-5a1c79a0-a25d-444a-8e65-484f7d2106ea] Object was deleted but could not be found in the ZRC.
[http://chemistry.apache.org/ZDQ3YmZiNjYtZDMyYS00Yzk1LTkxZjUtOWViMDQ3N2RlNTVl-d47bfb66-d32a-4c95-91f5-9eb0477de55e] Object was deleted but could not be found in the ZRC.
[http://chemistry.apache.org/Y2FlMzg0ZDUtZGRiYS00NDA4LWFhZTEtZTQxNDYxNjM2NmQ2-cae384d5-ddba-4408-aae1-e414616366d6] Object was created but could not be found in the DRC.
[http://chemistry.apache.org/OWQ5YWY2ZmItNTc0Mi00MjU0LWE0MzAtMWZhOTNiMDU3NWI0-9d9af6fb-5742-4254-a430-1fa93b0575b4] Object was created but could not be found in the DRC.
[http://chemistry.apache.org/ZjJhZjE4NTEtMDQxMy00OGUxLTlmODktNWM5NDIzODRkYzU0OzEuMA==-f2af1851-0413-48e1-9f89-5c942384dc54] Object was created but could not be found in the DRC.
[http://chemistry.apache.org/ZjJhZjE4NTEtMDQxMy00OGUxLTlmODktNWM5NDIzODRkYzU0OzEuMA==-f2af1851-0413-48e1-9f89-5c942384dc54] Object was updated but could not be found in the DRC.
[http://chemistry.apache.org/ZWE1OWY1MWEtOTZmYS00YjcyLTk0NTAtN2Y2MjAzNTlkZjMw-ea59f51a-96fa-4b72-9450-7f620359df30] Object was created but could not be found in the DRC.
[http://chemistry.apache.org/ZjJhZjE4NTEtMDQxMy00OGUxLTlmODktNWM5NDIzODRkYzU0OzEuMA==-f2af1851-0413-48e1-9f89-5c942384dc54] Object was deleted but could not be found in the ZRC.
[http://chemistry.apache.org/ZWE1OWY1MWEtOTZmYS00YjcyLTk0NTAtN2Y2MjAzNTlkZjMw-ea59f51a-96fa-4b72-9450-7f620359df30] Object was deleted but could not be found in the ZRC.
[http://chemistry.apache.org/OWQ5YWY2ZmItNTc0Mi00MjU0LWE0MzAtMWZhOTNiMDU3NWI0-9d9af6fb-5742-4254-a430-1fa93b0575b4] Object was deleted but could not be found in the ZRC.
[http://chemistry.apache.org/Y2FlMzg0ZDUtZGRiYS00NDA4LWFhZTEtZTQxNDYxNjM2NmQ2-cae384d5-ddba-4408-aae1-e414616366d6] Object was deleted but could not be found in the ZRC.
[http://chemistry.apache.org/NWZjZGUyMWMtNWVjNS00NmNiLThhNjMtMDg4ZmEwOTFiMDYz-5fcde21c-5ec5-46cb-8a63-088fa091b063] Object was created but could not be found in the DRC.
[http://chemistry.apache.org/MGQ3YjYyMGYtMzA4YS00M2FlLTg5ODItYjkwYmExODNlZjIw-0d7b620f-308a-43ae-8982-b90ba183ef20] Object was created but could not be found in the DRC.
[http://chemistry.apache.org/M2MwODUwNTItN2Y1Zi00ZjEzLThlNzktOWVkOWY0ZmIzMTc5OzEuMA==-3c085052-7f5f-4f13-8e79-9ed9f4fb3179] Object was created but could not be found in the DRC.
[http://chemistry.apache.org/M2MwODUwNTItN2Y1Zi00ZjEzLThlNzktOWVkOWY0ZmIzMTc5OzEuMA==-3c085052-7f5f-4f13-8e79-9ed9f4fb3179] Object was updated but could not be found in the DRC.
[http://chemistry.apache.org/M2MwODUwNTItN2Y1Zi00ZjEzLThlNzktOWVkOWY0ZmIzMTc5OzEuMA==-3c085052-7f5f-4f13-8e79-9ed9f4fb3179] Object was deleted but could not be found in the ZRC.
[http://chemistry.apache.org/MGQ3YjYyMGYtMzA4YS00M2FlLTg5ODItYjkwYmExODNlZjIw-0d7b620f-308a-43ae-8982-b90ba183ef20] Object was deleted but could not be found in the ZRC.
[http://chemistry.apache.org/NWZjZGUyMWMtNWVjNS00NmNiLThhNjMtMDg4ZmEwOTFiMDYz-5fcde21c-5ec5-46cb-8a63-088fa091b063] Object was deleted but could not be found in the ZRC.
[http://chemistry.apache.org/NDU1MjJhY2YtNWM1MS00YTY2LTk0ODctZGEwODNiMjQwYjEz-45522acf-5c51-4a66-9487-da083b240b13] Object was created but could not be found in the DRC.
[http://chemistry.apache.org/YjgzOTI5M2QtNzVjOC00ZWEyLWI3MzgtZmFhMmU2MjZmN2I1-b839293d-75c8-4ea2-b738-faa2e626f7b5] Object was created but could not be found in the DRC.
[http://chemistry.apache.org/Y2U0OGVjZGMtMTMxMC00NTI2LTllOTgtZjc1ZjRhOWU5YjEyOzEuMA==-ce48ecdc-1310-4526-9e98-f75f4a9e9b12] Object was created but could not be found in the DRC.
[http://chemistry.apache.org/Y2U0OGVjZGMtMTMxMC00NTI2LTllOTgtZjc1ZjRhOWU5YjEyOzEuMA==-ce48ecdc-1310-4526-9e98-f75f4a9e9b12] Object was updated but could not be found in the DRC.
[http://chemistry.apache.org/Y2U0OGVjZGMtMTMxMC00NTI2LTllOTgtZjc1ZjRhOWU5YjEyOzEuMA==-ce48ecdc-1310-4526-9e98-f75f4a9e9b12] Object was deleted but could not be found in the ZRC.
[http://chemistry.apache.org/MzRhMzQ3ZjAtMTMxOC00NWQyLTg2ZDItOGE4Njk0OGU1N2Nm-34a347f0-1318-45d2-86d2-8a86948e57cf] Object was created but could not be found in the DRC.
[http://chemistry.apache.org/MzRhMzQ3ZjAtMTMxOC00NWQyLTg2ZDItOGE4Njk0OGU1N2Nm-34a347f0-1318-45d2-86d2-8a86948e57cf] Object was deleted but could not be found in the ZRC.
[http://chemistry.apache.org/YjgzOTI5M2QtNzVjOC00ZWEyLWI3MzgtZmFhMmU2MjZmN2I1-b839293d-75c8-4ea2-b738-faa2e626f7b5] Object was deleted but could not be found in the ZRC.
[http://chemistry.apache.org/NDU1MjJhY2YtNWM1MS00YTY2LTk0ODctZGEwODNiMjQwYjEz-45522acf-5c51-4a66-9487-da083b240b13] Object was deleted but could not be found in the ZRC.
[http://chemistry.apache.org/MDI1YmI0MDMtMzBmNi00YzZmLTk0MDEtOWQzODBhNDMyYThmOzEuMA==-025bb403-30f6-4c6f-9401-9d380a432a8f] Object was created but could not be found in the DRC.
[http://chemistry.apache.org/MDI1YmI0MDMtMzBmNi00YzZmLTk0MDEtOWQzODBhNDMyYThmOzEuMA==-025bb403-30f6-4c6f-9401-9d380a432a8f] Object was updated but could not be found in the DRC.
[http://chemistry.apache.org/MTA3YTdmMTItNjgxZi00MTQ1LWIzODEtOTAzMDExZGIyNDU5-107a7f12-681f-4145-b381-903011db2459] Object was created but could not be found in the DRC.
[http://chemistry.apache.org/NWJiYjk3MTQtMDU4ZC00MTA0LThmMzctNDE1OTEwYTE1YjA0-5bbb9714-058d-4104-8f37-415910a15b04] Object was created but could not be found in the DRC.
[http://chemistry.apache.org/OGFmN2ZhMjctY2IyYS00YzYyLWE2NjgtMTA1MjE5N2Q5NjZiOzEuMA==-8af7fa27-cb2a-4c62-a668-1052197d966b] Object was created but could not be found in the DRC.
[http://chemistry.apache.org/OGFmN2ZhMjctY2IyYS00YzYyLWE2NjgtMTA1MjE5N2Q5NjZiOzEuMA==-8af7fa27-cb2a-4c62-a668-1052197d966b] Object was updated but could not be found in the DRC.
[http://chemistry.apache.org/OGFmN2ZhMjctY2IyYS00YzYyLWE2NjgtMTA1MjE5N2Q5NjZiOzEuMQ==-8af7fa27-cb2a-4c62-a668-1052197d966b] Object was deleted but could not be found in the ZRC.
[http://chemistry.apache.org/NWJiYjk3MTQtMDU4ZC00MTA0LThmMzctNDE1OTEwYTE1YjA0-5bbb9714-058d-4104-8f37-415910a15b04] Object was deleted but could not be found in the ZRC.
[http://chemistry.apache.org/MTA3YTdmMTItNjgxZi00MTQ1LWIzODEtOTAzMDExZGIyNDU5-107a7f12-681f-4145-b381-903011db2459] Object was deleted but could not be found in the ZRC.
[http://chemistry.apache.org/YTQxMDIzNzYtN2FiMC00Njk5LTk1NDktNzVhZTUxNDRkY2Mz-a4102376-7ab0-4699-9549-75ae5144dcc3] Object was created but could not be found in the DRC.
[http://chemistry.apache.org/OTcxZGQ3MjYtZTFiNS00YzQzLTgxNTgtODE4Yzg4MzA5NjQ4-971dd726-e1b5-4c43-8158-818c88309648] Object was created but could not be found in the DRC.
[http://chemistry.apache.org/OTcxZGQ3MjYtZTFiNS00YzQzLTgxNTgtODE4Yzg4MzA5NjQ4-971dd726-e1b5-4c43-8158-818c88309648] Object was deleted but could not be found in the ZRC.
[http://chemistry.apache.org/YTQxMDIzNzYtN2FiMC00Njk5LTk1NDktNzVhZTUxNDRkY2Mz-a4102376-7ab0-4699-9549-75ae5144dcc3] Object was deleted but could not be found in the ZRC.
[http://chemistry.apache.org/MzZhMWNhMTctMWY1Yy00MzgzLThhYzAtMzM0OGEzNjUyM2Vk-36a1ca17-1f5c-4383-8ac0-3348a36523ed] Object was created but could not be found in the DRC.
[http://chemistry.apache.org/MTcxMGJkM2YtY2Q2My00NDNkLWJlMzEtODRhYWIxOTBiMzNk-1710bd3f-cd63-443d-be31-84aab190b33d] Object was created but could not be found in the DRC.
[http://chemistry.apache.org/ZGRiM2UwODQtMTc1ZC00ZTM2LTljZTUtOGZjM2U3NWI5M2E2OzEuMA==-ddb3e084-175d-4e36-9ce5-8fc3e75b93a6] Object was created but could not be found in the DRC.
[http://chemistry.apache.org/ZGRiM2UwODQtMTc1ZC00ZTM2LTljZTUtOGZjM2U3NWI5M2E2OzEuMA==-ddb3e084-175d-4e36-9ce5-8fc3e75b93a6] Object was updated but could not be found in the DRC.
[http://chemistry.apache.org/ZGRiM2UwODQtMTc1ZC00ZTM2LTljZTUtOGZjM2U3NWI5M2E2OzEuMA==-ddb3e084-175d-4e36-9ce5-8fc3e75b93a6] Object was deleted but could not be found in the ZRC.
[http://chemistry.apache.org/MTcxMGJkM2YtY2Q2My00NDNkLWJlMzEtODRhYWIxOTBiMzNk-1710bd3f-cd63-443d-be31-84aab190b33d] Object was deleted but could not be found in the ZRC.
[http://chemistry.apache.org/MzZhMWNhMTctMWY1Yy00MzgzLThhYzAtMzM0OGEzNjUyM2Vk-36a1ca17-1f5c-4383-8ac0-3348a36523ed] Object was deleted but could not be found in the ZRC.
[http://chemistry.apache.org/YzMwYTA4MGUtNzczYy00Njk0LWJkMzItZjMwNTJiNzIxY2Vi-c30a080e-773c-4694-bd32-f3052b721ceb] Object was created but could not be found in the DRC.
[http://chemistry.apache.org/ZjI3OTFiMDMtZjIxNy00ZDUxLTliNjgtZmQzZDZjODlhMWQ3-f2791b03-f217-4d51-9b68-fd3d6c89a1d7] Object was created but could not be found in the DRC.
[http://chemistry.apache.org/YzNjYWZjMWEtOWEyNC00OGY3LThmMDItYjZiZTVjYzZkYzY2OzEuMA==-c3cafc1a-9a24-48f7-8f02-b6be5cc6dc66] Object was created but could not be found in the DRC.
[http://chemistry.apache.org/YzNjYWZjMWEtOWEyNC00OGY3LThmMDItYjZiZTVjYzZkYzY2OzEuMA==-c3cafc1a-9a24-48f7-8f02-b6be5cc6dc66] Object was updated but could not be found in the DRC.
[http://chemistry.apache.org/YzNjYWZjMWEtOWEyNC00OGY3LThmMDItYjZiZTVjYzZkYzY2OzEuMA==-c3cafc1a-9a24-48f7-8f02-b6be5cc6dc66] Object was deleted but could not be found in the ZRC.
[http://chemistry.apache.org/ZjI3OTFiMDMtZjIxNy00ZDUxLTliNjgtZmQzZDZjODlhMWQ3-f2791b03-f217-4d51-9b68-fd3d6c89a1d7] Object was deleted but could not be found in the ZRC.
[http://chemistry.apache.org/YzMwYTA4MGUtNzczYy00Njk0LWJkMzItZjMwNTJiNzIxY2Vi-c30a080e-773c-4694-bd32-f3052b721ceb] Object was deleted but could not be found in the ZRC.
[http://chemistry.apache.org/NWJmYTMxMGEtZjgwMS00YWE1LTkxZjktMzkxYWRhNjY3MGRj-5bfa310a-f801-4aa5-91f9-391ada6670dc] Object was created but could not be found in the DRC.
[http://chemistry.apache.org/NWU2ZDg1M2EtZDVhMC00YjkzLThkNDktNTI1ZjY1YTVkMmY5-5e6d853a-d5a0-4b93-8d49-525f65a5d2f9] Object was created but could not be found in the DRC.
[http://chemistry.apache.org/MWZhMDczMDEtZDcyZC00OTNhLTg5MzktODZmMjI5NmQyZmQ1OzEuMA==-1fa07301-d72d-493a-8939-86f2296d2fd5] Object was created but could not be found in the DRC.
[http://chemistry.apache.org/MWZhMDczMDEtZDcyZC00OTNhLTg5MzktODZmMjI5NmQyZmQ1OzEuMA==-1fa07301-d72d-493a-8939-86f2296d2fd5] Object was updated but could not be found in the DRC.
[http://chemistry.apache.org/MWZhMDczMDEtZDcyZC00OTNhLTg5MzktODZmMjI5NmQyZmQ1OzEuMA==-1fa07301-d72d-493a-8939-86f2296d2fd5] Object was deleted but could not be found in the ZRC.
[http://chemistry.apache.org/NWU2ZDg1M2EtZDVhMC00YjkzLThkNDktNTI1ZjY1YTVkMmY5-5e6d853a-d5a0-4b93-8d49-525f65a5d2f9] Object was deleted but could not be found in the ZRC.
[http://chemistry.apache.org/NWJmYTMxMGEtZjgwMS00YWE1LTkxZjktMzkxYWRhNjY3MGRj-5bfa310a-f801-4aa5-91f9-391ada6670dc] Object was deleted but could not be found in the ZRC.
[http://chemistry.apache.org/MmIzYmRmYWUtZDQ0OC00YThiLWEzODktMTRhOTgwYzYyOWI0-2b3bdfae-d448-4a8b-a389-14a980c629b4] Object was created but could not be found in the DRC.
[http://chemistry.apache.org/YjFlN2VjMDYtNTBhNy00NWYxLWJlYjMtNTk4MzQyZTZlYjE2-b1e7ec06-50a7-45f1-beb3-598342e6eb16] Object was created but could not be found in the DRC.
[http://chemistry.apache.org/Y2U3YzVjMWItMDQ1Yy00NmM5LTk4YTItMTY4OWNmZjg2ZDBiOzEuMA==-ce7c5c1b-045c-46c9-98a2-1689cff86d0b] Object was created but could not be found in the DRC.
[http://chemistry.apache.org/Y2U3YzVjMWItMDQ1Yy00NmM5LTk4YTItMTY4OWNmZjg2ZDBiOzEuMA==-ce7c5c1b-045c-46c9-98a2-1689cff86d0b] Object was updated but could not be found in the DRC.
[http://chemistry.apache.org/MDdiMTA3YzctMmRmOC00MWRhLWJkMjUtMDA5NDdmNmZlZjYx-07b107c7-2df8-41da-bd25-00947f6fef61] Object was created but could not be found in the DRC.
[http://chemistry.apache.org/Y2U3YzVjMWItMDQ1Yy00NmM5LTk4YTItMTY4OWNmZjg2ZDBiOzEuMA==-ce7c5c1b-045c-46c9-98a2-1689cff86d0b] Object was deleted but could not be found in the ZRC.
[http://chemistry.apache.org/MDdiMTA3YzctMmRmOC00MWRhLWJkMjUtMDA5NDdmNmZlZjYx-07b107c7-2df8-41da-bd25-00947f6fef61] Object was deleted but could not be found in the ZRC.
[http://chemistry.apache.org/YjFlN2VjMDYtNTBhNy00NWYxLWJlYjMtNTk4MzQyZTZlYjE2-b1e7ec06-50a7-45f1-beb3-598342e6eb16] Object was deleted but could not be found in the ZRC.
[http://chemistry.apache.org/MmIzYmRmYWUtZDQ0OC00YThiLWEzODktMTRhOTgwYzYyOWI0-2b3bdfae-d448-4a8b-a389-14a980c629b4] Object was deleted but could not be found in the ZRC.
[http://chemistry.apache.org/YWRkZTY4NGQtYjU5OS00NGIzLWFmZmQtZjg1Y2ZlMGNhNWYy-adde684d-b599-44b3-affd-f85cfe0ca5f2] Object was created but could not be found in the DRC.
[http://chemistry.apache.org/ZGQ0MDE3MjMtZWYwNy00YzQxLWE5NDgtYzc1MTBhMTE5ODNl-dd401723-ef07-4c41-a948-c7510a11983e] Object was created but could not be found in the DRC.
[http://chemistry.apache.org/OGVjNGJlMDctZTdlNC00NzYwLWE1YzQtNWVkZmM2NDYxOTFhOzEuMA==-8ec4be07-e7e4-4760-a5c4-5edfc646191a] Object was created but could not be found in the DRC.
[http://chemistry.apache.org/OGVjNGJlMDctZTdlNC00NzYwLWE1YzQtNWVkZmM2NDYxOTFhOzEuMA==-8ec4be07-e7e4-4760-a5c4-5edfc646191a] Object was updated but could not be found in the DRC.
[http://chemistry.apache.org/OGVjNGJlMDctZTdlNC00NzYwLWE1YzQtNWVkZmM2NDYxOTFhOzEuMA==-8ec4be07-e7e4-4760-a5c4-5edfc646191a] Object was deleted but could not be found in the ZRC.
[http://chemistry.apache.org/ZGQ0MDE3MjMtZWYwNy00YzQxLWE5NDgtYzc1MTBhMTE5ODNl-dd401723-ef07-4c41-a948-c7510a11983e] Object was deleted but could not be found in the ZRC.
[http://chemistry.apache.org/YWRkZTY4NGQtYjU5OS00NGIzLWFmZmQtZjg1Y2ZlMGNhNWYy-adde684d-b599-44b3-affd-f85cfe0ca5f2] Object was deleted but could not be found in the ZRC.
[http://chemistry.apache.org/MmNhMjY5MjMtMDRiNy00OTI2LWIxMjYtNTEwYTk0MDE3NDBl-2ca26923-04b7-4926-b126-510a9401740e] Object was created but could not be found in the DRC.
[http://chemistry.apache.org/NWFhNTI4NGUtY2FkZi00YTEwLWFlOTYtOWQzMDVlOGQyMDg3-5aa5284e-cadf-4a10-ae96-9d305e8d2087] Object was created but could not be found in the DRC.
[http://chemistry.apache.org/ZWMxYzBiN2ItOTY1NS00YTRlLTkyOTQtODBlOThiZWUzY2FkOzEuMA==-ec1c0b7b-9655-4a4e-9294-80e98bee3cad] Object was created but could not be found in the DRC.
[http://chemistry.apache.org/ZWMxYzBiN2ItOTY1NS00YTRlLTkyOTQtODBlOThiZWUzY2FkOzEuMA==-ec1c0b7b-9655-4a4e-9294-80e98bee3cad] Object was updated but could not be found in the DRC.
[http://chemistry.apache.org/ZWMxYzBiN2ItOTY1NS00YTRlLTkyOTQtODBlOThiZWUzY2FkOzEuMA==-ec1c0b7b-9655-4a4e-9294-80e98bee3cad] Object was deleted but could not be found in the ZRC.
[http://chemistry.apache.org/NGFiYmMxYWYtNjQyNy00ZmVhLWE0NWItNzhiOTRiYTNjMTNh-4abbc1af-6427-4fea-a45b-78b94ba3c13a] Object was created but could not be found in the DRC.
[http://chemistry.apache.org/NGFiYmMxYWYtNjQyNy00ZmVhLWE0NWItNzhiOTRiYTNjMTNh-4abbc1af-6427-4fea-a45b-78b94ba3c13a] Object was deleted but could not be found in the ZRC.
[http://chemistry.apache.org/NWFhNTI4NGUtY2FkZi00YTEwLWFlOTYtOWQzMDVlOGQyMDg3-5aa5284e-cadf-4a10-ae96-9d305e8d2087] Object was deleted but could not be found in the ZRC.
[http://chemistry.apache.org/MmNhMjY5MjMtMDRiNy00OTI2LWIxMjYtNTEwYTk0MDE3NDBl-2ca26923-04b7-4926-b126-510a9401740e] Object was deleted but could not be found in the ZRC.
[http://chemistry.apache.org/MThkN2M2MjctYTBhMC00MDc5LTg0NDctZTI0OTRlZDNlNThkOzEuMA==-18d7c627-a0a0-4079-8447-e2494ed3e58d] Object was created but could not be found in the DRC.
[http://chemistry.apache.org/MThkN2M2MjctYTBhMC00MDc5LTg0NDctZTI0OTRlZDNlNThkOzEuMA==-18d7c627-a0a0-4079-8447-e2494ed3e58d] Object was updated but could not be found in the DRC.
[http://chemistry.apache.org/MmJkMmE0NTItNTk4YS00MzNiLTg1NGItZDliNTU1MGRhODQw-2bd2a452-598a-433b-854b-d9b5550da840] Object was created but could not be found in the DRC.
[http://chemistry.apache.org/NjNmN2JjNWMtMGMyYS00MDQyLWFkZDMtYWZkNjYzNWQwNjlk-63f7bc5c-0c2a-4042-add3-afd6635d069d] Object was created but could not be found in the DRC.
[http://chemistry.apache.org/MWZkMmMxODItYTlmMi00ZmY2LTg0MWMtYjRmMWEzMzhlMzRhOzEuMA==-1fd2c182-a9f2-4ff6-841c-b4f1a338e34a] Object was created but could not be found in the DRC.
[http://chemistry.apache.org/MWZkMmMxODItYTlmMi00ZmY2LTg0MWMtYjRmMWEzMzhlMzRhOzEuMA==-1fd2c182-a9f2-4ff6-841c-b4f1a338e34a] Object was updated but could not be found in the DRC.
[http://chemistry.apache.org/MWZkMmMxODItYTlmMi00ZmY2LTg0MWMtYjRmMWEzMzhlMzRhOzEuMQ==-1fd2c182-a9f2-4ff6-841c-b4f1a338e34a] Object was deleted but could not be found in the ZRC.
[http://chemistry.apache.org/NjNmN2JjNWMtMGMyYS00MDQyLWFkZDMtYWZkNjYzNWQwNjlk-63f7bc5c-0c2a-4042-add3-afd6635d069d] Object was deleted but could not be found in the ZRC.
[http://chemistry.apache.org/MmJkMmE0NTItNTk4YS00MzNiLTg1NGItZDliNTU1MGRhODQw-2bd2a452-598a-433b-854b-d9b5550da840] Object was deleted but could not be found in the ZRC.
[http://chemistry.apache.org/YzZkODNlODMtMjg5NS00NGM1LTg3NGMtMWM0ZWVmN2NhNjkz-c6d83e83-2895-44c5-874c-1c4eef7ca693] Object was created but could not be found in the DRC.
[http://chemistry.apache.org/MTcwMDk0MDQtNWIyNC00MTI1LWE4OWYtMWNjNjZmMWQ0NGY1-17009404-5b24-4125-a89f-1cc66f1d44f5] Object was created but could not be found in the DRC.
[http://chemistry.apache.org/MTcwMDk0MDQtNWIyNC00MTI1LWE4OWYtMWNjNjZmMWQ0NGY1-17009404-5b24-4125-a89f-1cc66f1d44f5] Object was deleted but could not be found in the ZRC.
[http://chemistry.apache.org/YzZkODNlODMtMjg5NS00NGM1LTg3NGMtMWM0ZWVmN2NhNjkz-c6d83e83-2895-44c5-874c-1c4eef7ca693] Object was deleted but could not be found in the ZRC.
[http://chemistry.apache.org/YTc0ZDUzNjYtODE3Yi00ODdiLThkZTAtMDM1MmJiY2RlMzkz-a74d5366-817b-487b-8de0-0352bbcde393] Object was created but could not be found in the DRC.
[http://chemistry.apache.org/MjE2MmRjYzEtOWJmNS00MzE3LTgxNmYtZGNhMmFjYjA0OTQx-2162dcc1-9bf5-4317-816f-dca2acb04941] Object was created but could not be found in the DRC.
[http://chemistry.apache.org/YzBkNDU4NGUtNTIzYS00Y2IxLWFhOTgtNzRjODRlNDlkNmI4OzEuMA==-c0d4584e-523a-4cb1-aa98-74c84e49d6b8] Object was created but could not be found in the DRC.
[http://chemistry.apache.org/YzBkNDU4NGUtNTIzYS00Y2IxLWFhOTgtNzRjODRlNDlkNmI4OzEuMA==-c0d4584e-523a-4cb1-aa98-74c84e49d6b8] Object was updated but could not be found in the DRC.
[http://chemistry.apache.org/YzBkNDU4NGUtNTIzYS00Y2IxLWFhOTgtNzRjODRlNDlkNmI4OzEuMA==-c0d4584e-523a-4cb1-aa98-74c84e49d6b8] Object was deleted but could not be found in the ZRC.
[http://chemistry.apache.org/MjE2MmRjYzEtOWJmNS00MzE3LTgxNmYtZGNhMmFjYjA0OTQx-2162dcc1-9bf5-4317-816f-dca2acb04941] Object was deleted but could not be found in the ZRC.
[http://chemistry.apache.org/YTc0ZDUzNjYtODE3Yi00ODdiLThkZTAtMDM1MmJiY2RlMzkz-a74d5366-817b-487b-8de0-0352bbcde393] Object was deleted but could not be found in the ZRC.
[http://chemistry.apache.org/M2FmNDhiYWUtZTUwYi00MTA0LTlmZmQtNDM5ZjQ2MTRiYTVk-3af48bae-e50b-4104-9ffd-439f4614ba5d] Object was created but could not be found in the DRC.
[http://chemistry.apache.org/MWYwOGE1MzgtYzMyZC00YzYxLTgzNmUtZDc1M2MxZDY0NGVm-1f08a538-c32d-4c61-836e-d753c1d644ef] Object was created but could not be found in the DRC.
[http://chemistry.apache.org/ZTFkODcwYTctOTlhYS00MGZjLTgxYjMtZDA0NTM2ZTFiZjY4OzEuMA==-e1d870a7-99aa-40fc-81b3-d04536e1bf68] Object was created but could not be found in the DRC.
[http://chemistry.apache.org/ZTFkODcwYTctOTlhYS00MGZjLTgxYjMtZDA0NTM2ZTFiZjY4OzEuMA==-e1d870a7-99aa-40fc-81b3-d04536e1bf68] Object was updated but could not be found in the DRC.
[http://chemistry.apache.org/ZTFkODcwYTctOTlhYS00MGZjLTgxYjMtZDA0NTM2ZTFiZjY4OzEuMA==-e1d870a7-99aa-40fc-81b3-d04536e1bf68] Object was deleted but could not be found in the ZRC.
[http://chemistry.apache.org/MWYwOGE1MzgtYzMyZC00YzYxLTgzNmUtZDc1M2MxZDY0NGVm-1f08a538-c32d-4c61-836e-d753c1d644ef] Object was deleted but could not be found in the ZRC.
[http://chemistry.apache.org/M2FmNDhiYWUtZTUwYi00MTA0LTlmZmQtNDM5ZjQ2MTRiYTVk-3af48bae-e50b-4104-9ffd-439f4614ba5d] Object was deleted but could not be found in the ZRC.
[http://chemistry.apache.org/NzQ1YzIwZjktY2MzYi00MjdkLWI0ZDYtYzQ4MjljNjViYjAx-745c20f9-cc3b-427d-b4d6-c4829c65bb01] Object was created but could not be found in the DRC.
[http://chemistry.apache.org/NDUwOTkwMTYtMzI1NS00NDJjLThjMzktODhkMjg0MGY2ZTJl-45099016-3255-442c-8c39-88d2840f6e2e] Object was created but could not be found in the DRC.
[http://chemistry.apache.org/ODFkMGVhNDUtMmY2Ni00ZGFiLWE5Y2QtNWVmNDU1OGM2ZDQ5OzEuMA==-81d0ea45-2f66-4dab-a9cd-5ef4558c6d49] Object was created but could not be found in the DRC.
[http://chemistry.apache.org/ODFkMGVhNDUtMmY2Ni00ZGFiLWE5Y2QtNWVmNDU1OGM2ZDQ5OzEuMA==-81d0ea45-2f66-4dab-a9cd-5ef4558c6d49] Object was updated but could not be found in the DRC.
[http://chemistry.apache.org/ODFkMGVhNDUtMmY2Ni00ZGFiLWE5Y2QtNWVmNDU1OGM2ZDQ5OzEuMA==-81d0ea45-2f66-4dab-a9cd-5ef4558c6d49] Object was deleted but could not be found in the ZRC.
[http://chemistry.apache.org/NDUwOTkwMTYtMzI1NS00NDJjLThjMzktODhkMjg0MGY2ZTJl-45099016-3255-442c-8c39-88d2840f6e2e] Object was deleted but could not be found in the ZRC.
[http://chemistry.apache.org/NzQ1YzIwZjktY2MzYi00MjdkLWI0ZDYtYzQ4MjljNjViYjAx-745c20f9-cc3b-427d-b4d6-c4829c65bb01] Object was deleted but could not be found in the ZRC.
[http://chemistry.apache.org/MDAwOGM3MDctOTM0Mi00ODE5LWE4YjgtZjYxMmQ4Mzc2NmQ0-0008c707-9342-4819-a8b8-f612d83766d4] Object was created but could not be found in the DRC.
[http://chemistry.apache.org/YzllM2QwMmEtYzllYy00ODcyLThkMDgtYzZhODAxOGRmYWFk-c9e3d02a-c9ec-4872-8d08-c6a8018dfaad] Object was created but could not be found in the DRC.
[http://chemistry.apache.org/YWZiNDllYzEtNWE5Ni00NWZjLTg3MTMtY2Q2NjMxZmI0Y2NiOzEuMA==-afb49ec1-5a96-45fc-8713-cd6631fb4ccb] Object was created but could not be found in the DRC.
[http://chemistry.apache.org/YWZiNDllYzEtNWE5Ni00NWZjLTg3MTMtY2Q2NjMxZmI0Y2NiOzEuMA==-afb49ec1-5a96-45fc-8713-cd6631fb4ccb] Object was updated but could not be found in the DRC.
[http://chemistry.apache.org/MWM2ZDk0NTUtMjAwOS00MmIzLThlYjUtMjJjZDQ4M2FmYmQz-1c6d9455-2009-42b3-8eb5-22cd483afbd3] Object was created but could not be found in the DRC.
[http://chemistry.apache.org/YWZiNDllYzEtNWE5Ni00NWZjLTg3MTMtY2Q2NjMxZmI0Y2NiOzEuMA==-afb49ec1-5a96-45fc-8713-cd6631fb4ccb] Object was deleted but could not be found in the ZRC.
[http://chemistry.apache.org/MWM2ZDk0NTUtMjAwOS00MmIzLThlYjUtMjJjZDQ4M2FmYmQz-1c6d9455-2009-42b3-8eb5-22cd483afbd3] Object was deleted but could not be found in the ZRC.
[http://chemistry.apache.org/YzllM2QwMmEtYzllYy00ODcyLThkMDgtYzZhODAxOGRmYWFk-c9e3d02a-c9ec-4872-8d08-c6a8018dfaad] Object was deleted but could not be found in the ZRC.
[http://chemistry.apache.org/MDAwOGM3MDctOTM0Mi00ODE5LWE4YjgtZjYxMmQ4Mzc2NmQ0-0008c707-9342-4819-a8b8-f612d83766d4] Object was deleted but could not be found in the ZRC.
[http://chemistry.apache.org/ZjQxZGU2MDYtNzBhZi00NTU4LWJhZmMtOGJjN2YwMmQ2Zjll-f41de606-70af-4558-bafc-8bc7f02d6f9e] Object was created but could not be found in the DRC.
[http://chemistry.apache.org/NTA5OTZjNDctNGY2Ny00ZDE1LTg2YTItNzcyZTZmMDIwMWQ1-50996c47-4f67-4d15-86a2-772e6f0201d5] Object was created but could not be found in the DRC.
[http://chemistry.apache.org/MDRlMjExZWUtNzNkMS00NjA0LTg2ZmMtNzQ1M2U1NDExYzM0OzEuMA==-04e211ee-73d1-4604-86fc-7453e5411c34] Object was created but could not be found in the DRC.
[http://chemistry.apache.org/MDRlMjExZWUtNzNkMS00NjA0LTg2ZmMtNzQ1M2U1NDExYzM0OzEuMA==-04e211ee-73d1-4604-86fc-7453e5411c34] Object was updated but could not be found in the DRC.
[http://chemistry.apache.org/MDRlMjExZWUtNzNkMS00NjA0LTg2ZmMtNzQ1M2U1NDExYzM0OzEuMA==-04e211ee-73d1-4604-86fc-7453e5411c34] Object was deleted but could not be found in the ZRC.
[http://chemistry.apache.org/NTA5OTZjNDctNGY2Ny00ZDE1LTg2YTItNzcyZTZmMDIwMWQ1-50996c47-4f67-4d15-86a2-772e6f0201d5] Object was deleted but could not be found in the ZRC.
[http://chemistry.apache.org/ZjQxZGU2MDYtNzBhZi00NTU4LWJhZmMtOGJjN2YwMmQ2Zjll-f41de606-70af-4558-bafc-8bc7f02d6f9e] Object was deleted but could not be found in the ZRC.
[http://chemistry.apache.org/ZmRlNTI2ZGYtMDgzNi00NGU4LWJkODktMDM1MDkyNDUxM2Y1-fde526df-0836-44e8-bd89-0350924513f5] Object was created but could not be found in the DRC.
[http://chemistry.apache.org/NTA1N2IxZDktODI3ZC00MjhmLTgzZjktMjYyNmRhODE5ZThi-5057b1d9-827d-428f-83f9-2626da819e8b] Object was created but could not be found in the DRC.
[http://chemistry.apache.org/ZWVkYjhiMzMtZDIzZS00NmUxLWI1NmQtZmRmOWM5MzJhNGM0OzEuMA==-eedb8b33-d23e-46e1-b56d-fdf9c932a4c4] Object was created but could not be found in the DRC.
[http://chemistry.apache.org/ZWVkYjhiMzMtZDIzZS00NmUxLWI1NmQtZmRmOWM5MzJhNGM0OzEuMA==-eedb8b33-d23e-46e1-b56d-fdf9c932a4c4] Object was updated but could not be found in the DRC.
[http://chemistry.apache.org/ZWVkYjhiMzMtZDIzZS00NmUxLWI1NmQtZmRmOWM5MzJhNGM0OzEuMA==-eedb8b33-d23e-46e1-b56d-fdf9c932a4c4] Object was deleted but could not be found in the ZRC.
[http://chemistry.apache.org/YWI2YjgzNmYtZjY0Mi00NGI1LWE0YmMtNDFjZjAwOTJkZWM5-ab6b836f-f642-44b5-a4bc-41cf0092dec9] Object was created but could not be found in the DRC.
[http://chemistry.apache.org/YWI2YjgzNmYtZjY0Mi00NGI1LWE0YmMtNDFjZjAwOTJkZWM5-ab6b836f-f642-44b5-a4bc-41cf0092dec9] Object was deleted but could not be found in the ZRC.
[http://chemistry.apache.org/NTA1N2IxZDktODI3ZC00MjhmLTgzZjktMjYyNmRhODE5ZThi-5057b1d9-827d-428f-83f9-2626da819e8b] Object was deleted but could not be found in the ZRC.
[http://chemistry.apache.org/ZmRlNTI2ZGYtMDgzNi00NGU4LWJkODktMDM1MDkyNDUxM2Y1-fde526df-0836-44e8-bd89-0350924513f5] Object was deleted but could not be found in the ZRC.
[http://chemistry.apache.org/NWViZDkxNjMtYWY5Ny00OTg2LWJjZmMtMzdmMDkwZWU2NTFhOzEuMA==-5ebd9163-af97-4986-bcfc-37f090ee651a] Object was created but could not be found in the DRC.
[http://chemistry.apache.org/NWViZDkxNjMtYWY5Ny00OTg2LWJjZmMtMzdmMDkwZWU2NTFhOzEuMA==-5ebd9163-af97-4986-bcfc-37f090ee651a] Object was updated but could not be found in the DRC.
[http://chemistry.apache.org/YzdiMzRkZDEtZGUxYi00OGEyLWE3MGQtMzU1OTZjZTVkOGM5-c7b34dd1-de1b-48a2-a70d-35596ce5d8c9] Object was created but could not be found in the DRC.
[http://chemistry.apache.org/OGNmZDU3ODYtMWY4OC00NjFlLWE3YTktYTAwMjgwZTNjYmU2-8cfd5786-1f88-461e-a7a9-a00280e3cbe6] Object was created but could not be found in the DRC.
[http://chemistry.apache.org/OGNmZDU3ODYtMWY4OC00NjFlLWE3YTktYTAwMjgwZTNjYmU2-8cfd5786-1f88-461e-a7a9-a00280e3cbe6] Object was deleted but could not be found in the ZRC.
[http://chemistry.apache.org/YzdiMzRkZDEtZGUxYi00OGEyLWE3MGQtMzU1OTZjZTVkOGM5-c7b34dd1-de1b-48a2-a70d-35596ce5d8c9] Object was deleted but could not be found in the ZRC.
[http://chemistry.apache.org/NjBmNWViM2YtNDUwNC00N2I2LWFmNDYtZmJkYTI5MDgxZTE2-60f5eb3f-4504-47b6-af46-fbda29081e16] Object was created but could not be found in the DRC.
[http://chemistry.apache.org/MDhmYmRmZmUtN2YzMS00N2YzLTg1OWEtZTMyNzhmMzA4M2Q2-08fbdffe-7f31-47f3-859a-e3278f3083d6] Object was created but could not be found in the DRC.
[http://chemistry.apache.org/MDhmYmRmZmUtN2YzMS00N2YzLTg1OWEtZTMyNzhmMzA4M2Q2-08fbdffe-7f31-47f3-859a-e3278f3083d6] Object was deleted but could not be found in the ZRC.
[http://chemistry.apache.org/NjBmNWViM2YtNDUwNC00N2I2LWFmNDYtZmJkYTI5MDgxZTE2-60f5eb3f-4504-47b6-af46-fbda29081e16] Object was deleted but could not be found in the ZRC.
[http://chemistry.apache.org/MWY0MDgxNTYtZmUxYS00YjEwLWI2M2ItNDkwMzYxNGUyNmM1-1f408156-fe1a-4b10-b63b-4903614e26c5] Object was created but could not be found in the DRC.
[http://chemistry.apache.org/Y2EyMGNhNmMtYmQyNy00YjRjLTg0MDEtZjRhYTM3YzJhNWM1-ca20ca6c-bd27-4b4c-8401-f4aa37c2a5c5] Object was created but could not be found in the DRC.
[http://chemistry.apache.org/Y2EyMGNhNmMtYmQyNy00YjRjLTg0MDEtZjRhYTM3YzJhNWM1-ca20ca6c-bd27-4b4c-8401-f4aa37c2a5c5] Object was deleted but could not be found in the ZRC.
[http://chemistry.apache.org/MWY0MDgxNTYtZmUxYS00YjEwLWI2M2ItNDkwMzYxNGUyNmM1-1f408156-fe1a-4b10-b63b-4903614e26c5] Object was deleted but could not be found in the ZRC.
[http://chemistry.apache.org/ZjIxZDJlZTAtNWJjZC00YmRhLTlhM2EtNzFmOWJmYzE5YWNl-f21d2ee0-5bcd-4bda-9a3a-71f9bfc19ace] Object was created but could not be found in the DRC.
[http://chemistry.apache.org/YjFhOWY0OWQtNzlkZS00YWY5LTk4NTctYzlkNGI5MDJlODIw-b1a9f49d-79de-4af9-9857-c9d4b902e820] Object was created but could not be found in the DRC.
[http://chemistry.apache.org/YjFhOWY0OWQtNzlkZS00YWY5LTk4NTctYzlkNGI5MDJlODIw-b1a9f49d-79de-4af9-9857-c9d4b902e820] Object was deleted but could not be found in the ZRC.
[http://chemistry.apache.org/ZjIxZDJlZTAtNWJjZC00YmRhLTlhM2EtNzFmOWJmYzE5YWNl-f21d2ee0-5bcd-4bda-9a3a-71f9bfc19ace] Object was deleted but could not be found in the ZRC.
[http://chemistry.apache.org/ZmEzZTAyZTYtYWUyNS00Zjg4LWIyY2QtYmFhNDgwZmJiMWQ5-fa3e02e6-ae25-4f88-b2cd-baa480fbb1d9] Object was created but could not be found in the DRC.
[http://chemistry.apache.org/NmVmZWZmMjYtNGYyNi00OTA5LWFjZDYtYTkxM2Q1Mzk4MGFj-6efeff26-4f26-4909-acd6-a913d53980ac] Object was created but could not be found in the DRC.
[http://chemistry.apache.org/NmVmZWZmMjYtNGYyNi00OTA5LWFjZDYtYTkxM2Q1Mzk4MGFj-6efeff26-4f26-4909-acd6-a913d53980ac] Object was deleted but could not be found in the ZRC.
[http://chemistry.apache.org/ZmEzZTAyZTYtYWUyNS00Zjg4LWIyY2QtYmFhNDgwZmJiMWQ5-fa3e02e6-ae25-4f88-b2cd-baa480fbb1d9] Object was deleted but could not be found in the ZRC.
[http://chemistry.apache.org/NTcyMzg1NmEtM2YwNS00OTdkLTk4NDItOTdhYWQyMDZjN2Q0-5723856a-3f05-497d-9842-97aad206c7d4] Object was created but could not be found in the DRC.
[http://chemistry.apache.org/ZmNiNGRhMGEtZDZmNi00ZWY0LTg4NDQtOTY1Y2MzNDhkZjgx-fcb4da0a-d6f6-4ef4-8844-965cc348df81] Object was created but could not be found in the DRC.
[http://chemistry.apache.org/ZmNiNGRhMGEtZDZmNi00ZWY0LTg4NDQtOTY1Y2MzNDhkZjgx-fcb4da0a-d6f6-4ef4-8844-965cc348df81] Object was deleted but could not be found in the ZRC.
[http://chemistry.apache.org/NTcyMzg1NmEtM2YwNS00OTdkLTk4NDItOTdhYWQyMDZjN2Q0-5723856a-3f05-497d-9842-97aad206c7d4] Object was deleted but could not be found in the ZRC.
[http://chemistry.apache.org/OTRmOTNlMTYtZGJmNi00OGFkLTkyN2UtZmJkZDA0NTU5MmEw-94f93e16-dbf6-48ad-927e-fbdd045592a0] Object was created but could not be found in the DRC.
[http://chemistry.apache.org/NmQ1Yjk2YTgtMDJiMi00Y2MxLWJkYjktMTk0Mjg3ZTdmNDEy-6d5b96a8-02b2-4cc1-bdb9-194287e7f412] Object was created but could not be found in the DRC.
[http://chemistry.apache.org/NmQ1Yjk2YTgtMDJiMi00Y2MxLWJkYjktMTk0Mjg3ZTdmNDEy-6d5b96a8-02b2-4cc1-bdb9-194287e7f412] Object was deleted but could not be found in the ZRC.
[http://chemistry.apache.org/OTRmOTNlMTYtZGJmNi00OGFkLTkyN2UtZmJkZDA0NTU5MmEw-94f93e16-dbf6-48ad-927e-fbdd045592a0] Object was deleted but could not be found in the ZRC.
[http://chemistry.apache.org/NzY0NDkyZGMtZjdjMS00Y2RjLTkxODgtMzA0NTEyNzFiMWIy-764492dc-f7c1-4cdc-9188-30451271b1b2] Object was created but could not be found in the DRC.
[http://chemistry.apache.org/ZTFmNTczZmQtMDAyNC00ZjZlLTk4NmMtM2Y2Zjc1ZTc1ZTZm-e1f573fd-0024-4f6e-986c-3f6f75e75e6f] Object was created but could not be found in the DRC.
[http://chemistry.apache.org/ZTFmNTczZmQtMDAyNC00ZjZlLTk4NmMtM2Y2Zjc1ZTc1ZTZm-e1f573fd-0024-4f6e-986c-3f6f75e75e6f] Object was deleted but could not be found in the ZRC.
[http://chemistry.apache.org/NzY0NDkyZGMtZjdjMS00Y2RjLTkxODgtMzA0NTEyNzFiMWIy-764492dc-f7c1-4cdc-9188-30451271b1b2] Object was deleted but could not be found in the ZRC.
[http://chemistry.apache.org/ZGM0YjYwOGItMWUzMC00ZDc0LWJjMjgtMzMzMTE0OWE1OTk4-dc4b608b-1e30-4d74-bc28-3331149a5998] Object was created but could not be found in the DRC.
[http://chemistry.apache.org/M2I0MGY1Y2ItNmEyYS00NmZlLTg2MTYtNDQxNGMxNmE0ZTNl-3b40f5cb-6a2a-46fe-8616-4414c16a4e3e] Object was created but could not be found in the DRC.
[http://chemistry.apache.org/M2I0MGY1Y2ItNmEyYS00NmZlLTg2MTYtNDQxNGMxNmE0ZTNl-3b40f5cb-6a2a-46fe-8616-4414c16a4e3e] Object was deleted but could not be found in the ZRC.
[http://chemistry.apache.org/ZGM0YjYwOGItMWUzMC00ZDc0LWJjMjgtMzMzMTE0OWE1OTk4-dc4b608b-1e30-4d74-bc28-3331149a5998] Object was deleted but could not be found in the ZRC.
[http://chemistry.apache.org/OTE1YTY2ZmEtYmFjZC00ZjczLWIzMzgtMGIwZjdlNzgwZWNk-915a66fa-bacd-4f73-b338-0b0f7e780ecd] Object was created but could not be found in the DRC.
[http://chemistry.apache.org/MzVlMGYxM2UtYmYwMC00MzVhLWI5YmEtZGJjNzg2YzIzMmQx-35e0f13e-bf00-435a-b9ba-dbc786c232d1] Object was created but could not be found in the DRC.
[http://chemistry.apache.org/MzVlMGYxM2UtYmYwMC00MzVhLWI5YmEtZGJjNzg2YzIzMmQx-35e0f13e-bf00-435a-b9ba-dbc786c232d1] Object was deleted but could not be found in the ZRC.
[http://chemistry.apache.org/OTE1YTY2ZmEtYmFjZC00ZjczLWIzMzgtMGIwZjdlNzgwZWNk-915a66fa-bacd-4f73-b338-0b0f7e780ecd] Object was deleted but could not be found in the ZRC.
[http://chemistry.apache.org/NDNjYjc2NTgtMmQ0Ny00MjA5LTk4NTctOTcxMjMyZTNjMDUx-43cb7658-2d47-4209-9857-971232e3c051] Object was created but could not be found in the DRC.
[http://chemistry.apache.org/NjM2NWFhNmItYmI5ZS00Y2U3LWFlYjAtN2NmMjI0ODg0N2Jj-6365aa6b-bb9e-4ce7-aeb0-7cf2248847bc] Object was created but could not be found in the DRC.
[http://chemistry.apache.org/NjM2NWFhNmItYmI5ZS00Y2U3LWFlYjAtN2NmMjI0ODg0N2Jj-6365aa6b-bb9e-4ce7-aeb0-7cf2248847bc] Object was deleted but could not be found in the ZRC.
[http://chemistry.apache.org/NDNjYjc2NTgtMmQ0Ny00MjA5LTk4NTctOTcxMjMyZTNjMDUx-43cb7658-2d47-4209-9857-971232e3c051] Object was deleted but could not be found in the ZRC.
[http://chemistry.apache.org/ZTkwYmQ4MGQtMWE4Ni00ZjE1LTkwNWQtYzhkOGVkOGJlNGI0-e90bd80d-1a86-4f15-905d-c8d8ed8be4b4] Object was created but could not be found in the DRC.
[http://chemistry.apache.org/ZmYzOGIzYWUtNWQ0My00NGY3LWE4Y2QtNDEzYmYxM2U2Mzc2-ff38b3ae-5d43-44f7-a8cd-413bf13e6376] Object was created but could not be found in the DRC.
[http://chemistry.apache.org/ZmYzOGIzYWUtNWQ0My00NGY3LWE4Y2QtNDEzYmYxM2U2Mzc2-ff38b3ae-5d43-44f7-a8cd-413bf13e6376] Object was deleted but could not be found in the ZRC.
[http://chemistry.apache.org/ZTkwYmQ4MGQtMWE4Ni00ZjE1LTkwNWQtYzhkOGVkOGJlNGI0-e90bd80d-1a86-4f15-905d-c8d8ed8be4b4] Object was deleted but could not be found in the ZRC.
[http://chemistry.apache.org/ZTJiOWMwNDMtNzg2YS00ODYwLWIwMzgtYzhkODIzYmFkNmMx-e2b9c043-786a-4860-b038-c8d823bad6c1] Object was created but could not be found in the DRC.
[http://chemistry.apache.org/Njg0NTRmOTItZTE4Ny00OTU3LTg0ODUtMDc1ZmY5MWZhOGNk-68454f92-e187-4957-8485-075ff91fa8cd] Object was created but could not be found in the DRC.
[http://chemistry.apache.org/MjU0NmE3MjAtZGU1OS00Y2NlLTgzOTEtOWVjNTM3N2Y1ZTc3-2546a720-de59-4cce-8391-9ec5377f5e77] Object was created but could not be found in the DRC.
[http://chemistry.apache.org/Njg0NTRmOTItZTE4Ny00OTU3LTg0ODUtMDc1ZmY5MWZhOGNk-68454f92-e187-4957-8485-075ff91fa8cd] Object was deleted but could not be found in the ZRC.
[http://chemistry.apache.org/MjU0NmE3MjAtZGU1OS00Y2NlLTgzOTEtOWVjNTM3N2Y1ZTc3-2546a720-de59-4cce-8391-9ec5377f5e77] Object was deleted but could not be found in the ZRC.
[http://chemistry.apache.org/ZTJiOWMwNDMtNzg2YS00ODYwLWIwMzgtYzhkODIzYmFkNmMx-e2b9c043-786a-4860-b038-c8d823bad6c1] Object was deleted but could not be found in the ZRC.
[http://chemistry.apache.org/ZTlmNGUyZjktNDgwZS00YTczLTg1YjktZjcwZGU0OTZlY2My-e9f4e2f9-480e-4a73-85b9-f70de496ecc2] Object was created but could not be found in the DRC.
[http://chemistry.apache.org/M2I5ZWJkZDktYmQ4ZC00ODU5LWFjZDItZjEwMjMxNGI0ZWE5-3b9ebdd9-bd8d-4859-acd2-f102314b4ea9] Object was created but could not be found in the DRC.
[http://chemistry.apache.org/M2I5ZWJkZDktYmQ4ZC00ODU5LWFjZDItZjEwMjMxNGI0ZWE5-3b9ebdd9-bd8d-4859-acd2-f102314b4ea9] Object was deleted but could not be found in the ZRC.
[http://chemistry.apache.org/ZTlmNGUyZjktNDgwZS00YTczLTg1YjktZjcwZGU0OTZlY2My-e9f4e2f9-480e-4a73-85b9-f70de496ecc2] Object was deleted but could not be found in the ZRC.
[http://chemistry.apache.org/NWMwZTBiYmMtN2ZiYS00MmM2LWExYTYtZThhNmVmNGM3NmQ1-5c0e0bbc-7fba-42c6-a1a6-e8a6ef4c76d5] Object was created but could not be found in the DRC.
[http://chemistry.apache.org/ZWY5NzRhMTctZjVlYi00M2I1LTkwZDUtMTEzY2EwYWVkYzUw-ef974a17-f5eb-43b5-90d5-113ca0aedc50] Object was created but could not be found in the DRC.
[http://chemistry.apache.org/ZWY5NzRhMTctZjVlYi00M2I1LTkwZDUtMTEzY2EwYWVkYzUw-ef974a17-f5eb-43b5-90d5-113ca0aedc50] Object was deleted but could not be found in the ZRC.
[http://chemistry.apache.org/NWMwZTBiYmMtN2ZiYS00MmM2LWExYTYtZThhNmVmNGM3NmQ1-5c0e0bbc-7fba-42c6-a1a6-e8a6ef4c76d5] Object was deleted but could not be found in the ZRC.
[http://chemistry.apache.org/ZWE4NTAyNWItNDdiOC00NzUzLWIzZDEtNjhkZmE3NmI2ZDMx-ea85025b-47b8-4753-b3d1-68dfa76b6d31] Object was created but could not be found in the DRC.
[http://chemistry.apache.org/NzhiMjhiYWUtZjhhZi00YTgxLTk4Y2UtNGI5NTE2NDc4MjBi-78b28bae-f8af-4a81-98ce-4b951647820b] Object was created but could not be found in the DRC.
[http://chemistry.apache.org/NzhiMjhiYWUtZjhhZi00YTgxLTk4Y2UtNGI5NTE2NDc4MjBi-78b28bae-f8af-4a81-98ce-4b951647820b] Object was deleted but could not be found in the ZRC.
[http://chemistry.apache.org/ZWE4NTAyNWItNDdiOC00NzUzLWIzZDEtNjhkZmE3NmI2ZDMx-ea85025b-47b8-4753-b3d1-68dfa76b6d31] Object was deleted but could not be found in the ZRC.
[http://chemistry.apache.org/ODlmMmUwZWEtMTJiMi00MzhkLTk1MGUtMmRiODZkNDMxOWNl-89f2e0ea-12b2-438d-950e-2db86d4319ce] Object was created but could not be found in the DRC.
[http://chemistry.apache.org/MWVjODRlYmEtOTA1Mi00MzUxLTk4YWQtOGMxYTMyYWM5MGM2-1ec84eba-9052-4351-98ad-8c1a32ac90c6] Object was created but could not be found in the DRC.
[http://chemistry.apache.org/MWVjODRlYmEtOTA1Mi00MzUxLTk4YWQtOGMxYTMyYWM5MGM2-1ec84eba-9052-4351-98ad-8c1a32ac90c6] Object was deleted but could not be found in the ZRC.
[http://chemistry.apache.org/ODlmMmUwZWEtMTJiMi00MzhkLTk1MGUtMmRiODZkNDMxOWNl-89f2e0ea-12b2-438d-950e-2db86d4319ce] Object was deleted but could not be found in the ZRC.
[http://chemistry.apache.org/M2Q1ZGQ2ZjctZTk5Mi00NTc2LTgyOWUtYzdmZGNjOWJiNjdj-3d5dd6f7-e992-4576-829e-c7fdcc9bb67c] Object was created but could not be found in the DRC.
[http://chemistry.apache.org/Zjc0ZjY2MGYtNzZlYS00YzQ3LTgxYTktZjQ5ODFkMWZiNTAx-f74f660f-76ea-4c47-81a9-f4981d1fb501] Object was created but could not be found in the DRC.
[http://chemistry.apache.org/Zjc0ZjY2MGYtNzZlYS00YzQ3LTgxYTktZjQ5ODFkMWZiNTAx-f74f660f-76ea-4c47-81a9-f4981d1fb501] Object was deleted but could not be found in the ZRC.
[http://chemistry.apache.org/M2Q1ZGQ2ZjctZTk5Mi00NTc2LTgyOWUtYzdmZGNjOWJiNjdj-3d5dd6f7-e992-4576-829e-c7fdcc9bb67c] Object was deleted but could not be found in the ZRC.
[http://chemistry.apache.org/YjFkZjlmZDAtYWE0Yy00MWVmLWJkMzgtNjEyZmNiNGI5NjIy-b1df9fd0-aa4c-41ef-bd38-612fcb4b9622] Object was created but could not be found in the DRC.
[http://chemistry.apache.org/NmMyMDljMWQtYWE2Yi00ZTE1LTkxOTgtMzJiMzU4NDI4ZWRk-6c209c1d-aa6b-4e15-9198-32b358428edd] Object was created but could not be found in the DRC.
[http://chemistry.apache.org/NWE0OTRlZTgtOTIyMi00YzAwLWFhNDAtMDE1MzBlMGE5NjAzOzEuMA==-5a494ee8-9222-4c00-aa40-01530e0a9603] Object was created but could not be found in the DRC.
[http://chemistry.apache.org/NWE0OTRlZTgtOTIyMi00YzAwLWFhNDAtMDE1MzBlMGE5NjAzOzEuMA==-5a494ee8-9222-4c00-aa40-01530e0a9603] Object was updated but could not be found in the DRC.
[http://chemistry.apache.org/NWE0OTRlZTgtOTIyMi00YzAwLWFhNDAtMDE1MzBlMGE5NjAzOzEuMQ==-5a494ee8-9222-4c00-aa40-01530e0a9603] Object was deleted but could not be found in the ZRC.
[http://chemistry.apache.org/NmMyMDljMWQtYWE2Yi00ZTE1LTkxOTgtMzJiMzU4NDI4ZWRk-6c209c1d-aa6b-4e15-9198-32b358428edd] Object was deleted but could not be found in the ZRC.
[http://chemistry.apache.org/YjFkZjlmZDAtYWE0Yy00MWVmLWJkMzgtNjEyZmNiNGI5NjIy-b1df9fd0-aa4c-41ef-bd38-612fcb4b9622] Object was deleted but could not be found in the ZRC.
[http://chemistry.apache.org/YjQxZTU4ODEtZjdjMi00ZGRjLThlMWMtZGQyZjJmMTIxOThh-b41e5881-f7c2-4ddc-8e1c-dd2f2f12198a] Object was created but could not be found in the DRC.
[http://chemistry.apache.org/MjhiMGY0NzQtZjRiNS00MTRhLTk3NTQtMDdkYzcyOGE3MDE0-28b0f474-f4b5-414a-9754-07dc728a7014] Object was created but could not be found in the DRC.
[http://chemistry.apache.org/MjhiMGY0NzQtZjRiNS00MTRhLTk3NTQtMDdkYzcyOGE3MDE0-28b0f474-f4b5-414a-9754-07dc728a7014] Object was deleted but could not be found in the ZRC.
[http://chemistry.apache.org/YjQxZTU4ODEtZjdjMi00ZGRjLThlMWMtZGQyZjJmMTIxOThh-b41e5881-f7c2-4ddc-8e1c-dd2f2f12198a] Object was deleted but could not be found in the ZRC.
[http://chemistry.apache.org/MGMyMTI3NDAtZGFkMy00OTY1LWI0OGQtM2EyMTIxMzM5ZDRj-0c212740-dad3-4965-b48d-3a2121339d4c] Object was created but could not be found in the DRC.
[http://chemistry.apache.org/NTA4Njc5NzUtYTNlYy00N2I5LWFlNzktOTQzN2FhM2E1MDFk-50867975-a3ec-47b9-ae79-9437aa3a501d] Object was created but could not be found in the DRC.
[http://chemistry.apache.org/MjUyY2I3ZjAtZDE4ZC00NzYwLWJmMzQtNzVmMWY2MzBmOTQ3OzEuMA==-252cb7f0-d18d-4760-bf34-75f1f630f947] Object was created but could not be found in the DRC.
[http://chemistry.apache.org/MjUyY2I3ZjAtZDE4ZC00NzYwLWJmMzQtNzVmMWY2MzBmOTQ3OzEuMA==-252cb7f0-d18d-4760-bf34-75f1f630f947] Object was updated but could not be found in the DRC.
[http://chemistry.apache.org/MjUyY2I3ZjAtZDE4ZC00NzYwLWJmMzQtNzVmMWY2MzBmOTQ3OzEuMA==-252cb7f0-d18d-4760-bf34-75f1f630f947] Object was deleted but could not be found in the ZRC.
[http://chemistry.apache.org/NTA4Njc5NzUtYTNlYy00N2I5LWFlNzktOTQzN2FhM2E1MDFk-50867975-a3ec-47b9-ae79-9437aa3a501d] Object was deleted but could not be found in the ZRC.
[http://chemistry.apache.org/MGMyMTI3NDAtZGFkMy00OTY1LWI0OGQtM2EyMTIxMzM5ZDRj-0c212740-dad3-4965-b48d-3a2121339d4c] Object was deleted but could not be found in the ZRC.
[http://chemistry.apache.org/MWJiMDAyOTMtNzBhZi00ZGQxLWE0MzUtYjA2ZjZhNTQ2ZTNj-1bb00293-70af-4dd1-a435-b06f6a546e3c] Object was created but could not be found in the DRC.
[http://chemistry.apache.org/NjAzMzJhYmItYWU3Mi00MTUxLWIwYjQtMjI2Yjc3MzljMTY1-60332abb-ae72-4151-b0b4-226b7739c165] Object was created but could not be found in the DRC.
[http://chemistry.apache.org/OTMzYWI5MGMtZjYyNy00YThkLTg2OTAtNmMxYzUwNWVhZTcwOzEuMA==-933ab90c-f627-4a8d-8690-6c1c505eae70] Object was created but could not be found in the DRC.
[http://chemistry.apache.org/OTMzYWI5MGMtZjYyNy00YThkLTg2OTAtNmMxYzUwNWVhZTcwOzEuMA==-933ab90c-f627-4a8d-8690-6c1c505eae70] Object was updated but could not be found in the DRC.
[http://chemistry.apache.org/OTMzYWI5MGMtZjYyNy00YThkLTg2OTAtNmMxYzUwNWVhZTcwOzEuMA==-933ab90c-f627-4a8d-8690-6c1c505eae70] Object was deleted but could not be found in the ZRC.
[http://chemistry.apache.org/NjAzMzJhYmItYWU3Mi00MTUxLWIwYjQtMjI2Yjc3MzljMTY1-60332abb-ae72-4151-b0b4-226b7739c165] Object was deleted but could not be found in the ZRC.
[http://chemistry.apache.org/MWJiMDAyOTMtNzBhZi00ZGQxLWE0MzUtYjA2ZjZhNTQ2ZTNj-1bb00293-70af-4dd1-a435-b06f6a546e3c] Object was deleted but could not be found in the ZRC.
[http://chemistry.apache.org/MTNmMzdhMWUtNzdhYy00M2ZhLTk3OTktODI2OTI2NzQ3YjM5-13f37a1e-77ac-43fa-9799-826926747b39] Object was created but could not be found in the DRC.
[http://chemistry.apache.org/ZTNjYzgwMTYtMWJiYS00NTIxLWJiY2ItMzM3MzhmNjJiMDE0-e3cc8016-1bba-4521-bbcb-33738f62b014] Object was created but could not be found in the DRC.
[http://chemistry.apache.org/ZDVkOTUyMjQtYjRkNS00ZWFjLTkzNDMtYTJlOTY4YWFhYjdlOzEuMA==-d5d95224-b4d5-4eac-9343-a2e968aaab7e] Object was created but could not be found in the DRC.
[http://chemistry.apache.org/ZDVkOTUyMjQtYjRkNS00ZWFjLTkzNDMtYTJlOTY4YWFhYjdlOzEuMA==-d5d95224-b4d5-4eac-9343-a2e968aaab7e] Object was updated but could not be found in the DRC.
[http://chemistry.apache.org/ZDVkOTUyMjQtYjRkNS00ZWFjLTkzNDMtYTJlOTY4YWFhYjdlOzEuMA==-d5d95224-b4d5-4eac-9343-a2e968aaab7e] Object was deleted but could not be found in the ZRC.
[http://chemistry.apache.org/ZTNjYzgwMTYtMWJiYS00NTIxLWJiY2ItMzM3MzhmNjJiMDE0-e3cc8016-1bba-4521-bbcb-33738f62b014] Object was deleted but could not be found in the ZRC.
[http://chemistry.apache.org/MTNmMzdhMWUtNzdhYy00M2ZhLTk3OTktODI2OTI2NzQ3YjM5-13f37a1e-77ac-43fa-9799-826926747b39] Object was deleted but could not be found in the ZRC.
[http://chemistry.apache.org/Yjk4ZDYxZjMtY2RlOS00MGY4LWE0NGUtOTM4OWVkNWEyZDQy-b98d61f3-cde9-40f8-a44e-9389ed5a2d42] Object was created but could not be found in the DRC.
[http://chemistry.apache.org/MDYyNjI1ODgtM2EwOS00N2VkLTkxYzMtYWY3YjNjODU1ZDdi-06262588-3a09-47ed-91c3-af7b3c855d7b] Object was created but could not be found in the DRC.
[http://chemistry.apache.org/YjZjZjg0OTMtMWExNy00OGU1LTkxMWQtNmIzNGEyYTE5M2VjOzEuMA==-b6cf8493-1a17-48e5-911d-6b34a2a193ec] Object was created but could not be found in the DRC.
[http://chemistry.apache.org/YjZjZjg0OTMtMWExNy00OGU1LTkxMWQtNmIzNGEyYTE5M2VjOzEuMA==-b6cf8493-1a17-48e5-911d-6b34a2a193ec] Object was updated but could not be found in the DRC.
[http://chemistry.apache.org/NGYzNGIyNWEtYmE3NC00ZmY0LTk3NGQtOTliMDdiYWI5ZWYy-4f34b25a-ba74-4ff4-974d-99b07bab9ef2] Object was created but could not be found in the DRC.
[http://chemistry.apache.org/YjZjZjg0OTMtMWExNy00OGU1LTkxMWQtNmIzNGEyYTE5M2VjOzEuMA==-b6cf8493-1a17-48e5-911d-6b34a2a193ec] Object was deleted but could not be found in the ZRC.
[http://chemistry.apache.org/NGYzNGIyNWEtYmE3NC00ZmY0LTk3NGQtOTliMDdiYWI5ZWYy-4f34b25a-ba74-4ff4-974d-99b07bab9ef2] Object was deleted but could not be found in the ZRC.
[http://chemistry.apache.org/MDYyNjI1ODgtM2EwOS00N2VkLTkxYzMtYWY3YjNjODU1ZDdi-06262588-3a09-47ed-91c3-af7b3c855d7b] Object was deleted but could not be found in the ZRC.
[http://chemistry.apache.org/Yjk4ZDYxZjMtY2RlOS00MGY4LWE0NGUtOTM4OWVkNWEyZDQy-b98d61f3-cde9-40f8-a44e-9389ed5a2d42] Object was deleted but could not be found in the ZRC.
[http://chemistry.apache.org/NjA1YmMxZGYtMTVjNS00NzRkLWE2M2MtMGE5NzE1YTIzMWRl-605bc1df-15c5-474d-a63c-0a9715a231de] Object was created but could not be found in the DRC.
[http://chemistry.apache.org/NDdkZDI5ZWUtZjk4Ni00OWE3LTgxOGQtNGQxZjAxNzgzMjFk-47dd29ee-f986-49a7-818d-4d1f0178321d] Object was created but could not be found in the DRC.
[http://chemistry.apache.org/ZjcxMjcxYmYtMmNjMy00ZjdhLWIxMWQtZmYwOWVkY2FiZTIyOzEuMA==-f71271bf-2cc3-4f7a-b11d-ff09edcabe22] Object was created but could not be found in the DRC.
[http://chemistry.apache.org/ZjcxMjcxYmYtMmNjMy00ZjdhLWIxMWQtZmYwOWVkY2FiZTIyOzEuMA==-f71271bf-2cc3-4f7a-b11d-ff09edcabe22] Object was updated but could not be found in the DRC.
[http://chemistry.apache.org/ZjcxMjcxYmYtMmNjMy00ZjdhLWIxMWQtZmYwOWVkY2FiZTIyOzEuMA==-f71271bf-2cc3-4f7a-b11d-ff09edcabe22] Object was deleted but could not be found in the ZRC.
[http://chemistry.apache.org/NDdkZDI5ZWUtZjk4Ni00OWE3LTgxOGQtNGQxZjAxNzgzMjFk-47dd29ee-f986-49a7-818d-4d1f0178321d] Object was deleted but could not be found in the ZRC.
[http://chemistry.apache.org/NjA1YmMxZGYtMTVjNS00NzRkLWE2M2MtMGE5NzE1YTIzMWRl-605bc1df-15c5-474d-a63c-0a9715a231de] Object was deleted but could not be found in the ZRC.
[http://chemistry.apache.org/NTY2YmMxZWQtZjc0Yy00NjliLThhOTItZjY5ZjgwZjA0OWFk-566bc1ed-f74c-469b-8a92-f69f80f049ad] Object was created but could not be found in the DRC.
[http://chemistry.apache.org/MDhkOTU5ZWYtMTkzMC00NjJlLTkzNzktNjE2NTc4MzVkNjll-08d959ef-1930-462e-9379-61657835d69e] Object was created but could not be found in the DRC.
[http://chemistry.apache.org/YWQyOTY0N2EtMGYzMy00NzkxLWI5OGItYzQzZjdkNDIwM2ZhOzEuMA==-ad29647a-0f33-4791-b98b-c43f7d4203fa] Object was created but could not be found in the DRC.
[http://chemistry.apache.org/YWQyOTY0N2EtMGYzMy00NzkxLWI5OGItYzQzZjdkNDIwM2ZhOzEuMA==-ad29647a-0f33-4791-b98b-c43f7d4203fa] Object was updated but could not be found in the DRC.
[http://chemistry.apache.org/YWQyOTY0N2EtMGYzMy00NzkxLWI5OGItYzQzZjdkNDIwM2ZhOzEuMA==-ad29647a-0f33-4791-b98b-c43f7d4203fa] Object was deleted but could not be found in the ZRC.
[http://chemistry.apache.org/MGU0ZjhiZWUtY2ZiZi00YjZkLThjYjQtZDBiMzg1ZDUzY2Vk-0e4f8bee-cfbf-4b6d-8cb4-d0b385d53ced] Object was created but could not be found in the DRC.
[http://chemistry.apache.org/MGU0ZjhiZWUtY2ZiZi00YjZkLThjYjQtZDBiMzg1ZDUzY2Vk-0e4f8bee-cfbf-4b6d-8cb4-d0b385d53ced] Object was deleted but could not be found in the ZRC.
[http://chemistry.apache.org/MDhkOTU5ZWYtMTkzMC00NjJlLTkzNzktNjE2NTc4MzVkNjll-08d959ef-1930-462e-9379-61657835d69e] Object was deleted but could not be found in the ZRC.
[http://chemistry.apache.org/NTY2YmMxZWQtZjc0Yy00NjliLThhOTItZjY5ZjgwZjA0OWFk-566bc1ed-f74c-469b-8a92-f69f80f049ad] Object was deleted but could not be found in the ZRC.
[http://chemistry.apache.org/ZmExOTM3YjMtOTA4Ni00N2IxLWE2NjYtMmZlNjczZTk5MGE1OzEuMA==-fa1937b3-9086-47b1-a666-2fe673e990a5] Object was created but could not be found in the DRC.
[http://chemistry.apache.org/ZmExOTM3YjMtOTA4Ni00N2IxLWE2NjYtMmZlNjczZTk5MGE1OzEuMA==-fa1937b3-9086-47b1-a666-2fe673e990a5] Object was updated but could not be found in the DRC.
[http://chemistry.apache.org/OWVlMmU5OTMtNzBjZS00OWY0LWJlOGQtOWMxZmQ5NmE0ODlh-9ee2e993-70ce-49f4-be8d-9c1fd96a489a] Object was created but could not be found in the DRC.
[http://chemistry.apache.org/MjNjZDVkOWItZmY2Ny00MTcwLWJjYmMtNmYxZTRlNTc4MzE4-23cd5d9b-ff67-4170-bcbc-6f1e4e578318] Object was created but could not be found in the DRC.
[http://chemistry.apache.org/MjNjZDVkOWItZmY2Ny00MTcwLWJjYmMtNmYxZTRlNTc4MzE4-23cd5d9b-ff67-4170-bcbc-6f1e4e578318] Object was deleted but could not be found in the ZRC.
[http://chemistry.apache.org/OWVlMmU5OTMtNzBjZS00OWY0LWJlOGQtOWMxZmQ5NmE0ODlh-9ee2e993-70ce-49f4-be8d-9c1fd96a489a] Object was deleted but could not be found in the ZRC.
[http://chemistry.apache.org/OGVjMmU3YWUtYzY5Yy00MmVkLTk3Y2YtNjE5OTMwNjAyN2Q1-8ec2e7ae-c69c-42ed-97cf-6199306027d5] Object was created but could not be found in the DRC.
[http://chemistry.apache.org/NDcyYjM2ZDktZjI5Mi00ZDFlLWEyYTktMGQyMjIzMTJlYjBi-472b36d9-f292-4d1e-a2a9-0d222312eb0b] Object was created but could not be found in the DRC.
[http://chemistry.apache.org/NDcyYjM2ZDktZjI5Mi00ZDFlLWEyYTktMGQyMjIzMTJlYjBi-472b36d9-f292-4d1e-a2a9-0d222312eb0b] Object was deleted but could not be found in the ZRC.
[http://chemistry.apache.org/OGVjMmU3YWUtYzY5Yy00MmVkLTk3Y2YtNjE5OTMwNjAyN2Q1-8ec2e7ae-c69c-42ed-97cf-6199306027d5] Object was deleted but could not be found in the ZRC.
[http://chemistry.apache.org/Yzc3YzFjNjUtMGZlMS00OTNmLWJjZTQtMjMzNzAzNmU5ZDVh-c77c1c65-0fe1-493f-bce4-2337036e9d5a] Object was created but could not be found in the DRC.
[http://chemistry.apache.org/ZGM2MDBlMGQtNWMxZi00NTgzLWEwMjUtNmE4M2U5ZWRlNTRk-dc600e0d-5c1f-4583-a025-6a83e9ede54d] Object was created but could not be found in the DRC.
[http://chemistry.apache.org/ZGM2MDBlMGQtNWMxZi00NTgzLWEwMjUtNmE4M2U5ZWRlNTRk-dc600e0d-5c1f-4583-a025-6a83e9ede54d] Object was deleted but could not be found in the ZRC.
[http://chemistry.apache.org/Yzc3YzFjNjUtMGZlMS00OTNmLWJjZTQtMjMzNzAzNmU5ZDVh-c77c1c65-0fe1-493f-bce4-2337036e9d5a] Object was deleted but could not be found in the ZRC.
[http://chemistry.apache.org/MmYyNmIwMDQtYjhkMy00Y2FhLWFkMmYtODEzYzVmNWI3Yjg4-2f26b004-b8d3-4caa-ad2f-813c5f5b7b88] Object was created but could not be found in the DRC.
[http://chemistry.apache.org/Nzc5ZTg5ODQtYjQzZC00NWI3LWFjMzUtZDljZGQ3MTEyMmM4-779e8984-b43d-45b7-ac35-d9cdd71122c8] Object was created but could not be found in the DRC.
[http://chemistry.apache.org/Nzc5ZTg5ODQtYjQzZC00NWI3LWFjMzUtZDljZGQ3MTEyMmM4-779e8984-b43d-45b7-ac35-d9cdd71122c8] Object was deleted but could not be found in the ZRC.
[http://chemistry.apache.org/MmYyNmIwMDQtYjhkMy00Y2FhLWFkMmYtODEzYzVmNWI3Yjg4-2f26b004-b8d3-4caa-ad2f-813c5f5b7b88] Object was deleted but could not be found in the ZRC.
[http://chemistry.apache.org/ZjU1YzIzNDUtOTk0My00YjEwLWFlYjUtODdiZTMzMmQ0Mzdm-f55c2345-9943-4b10-aeb5-87be332d437f] Object was created but could not be found in the DRC.
[http://chemistry.apache.org/Mjc0NGExODYtY2E5OS00YzA2LTk3YjctNThkYTg1NmRkY2Jm-2744a186-ca99-4c06-97b7-58da856ddcbf] Object was created but could not be found in the DRC.
[http://chemistry.apache.org/Mjc0NGExODYtY2E5OS00YzA2LTk3YjctNThkYTg1NmRkY2Jm-2744a186-ca99-4c06-97b7-58da856ddcbf] Object was deleted but could not be found in the ZRC.
[http://chemistry.apache.org/ZjU1YzIzNDUtOTk0My00YjEwLWFlYjUtODdiZTMzMmQ0Mzdm-f55c2345-9943-4b10-aeb5-87be332d437f] Object was deleted but could not be found in the ZRC.
[http://chemistry.apache.org/ZjUxYWVlNTAtMzY1NC00ZjUzLWEzNjItODIyZjEzZGRkZmMx-f51aee50-3654-4f53-a362-822f13dddfc1] Object was created but could not be found in the DRC.
[http://chemistry.apache.org/OThmMjhiZDktYjE2MS00Y2EzLTgxMmQtYTAyMWU0N2JiMmIz-98f28bd9-b161-4ca3-812d-a021e47bb2b3] Object was created but could not be found in the DRC.
[http://chemistry.apache.org/OThmMjhiZDktYjE2MS00Y2EzLTgxMmQtYTAyMWU0N2JiMmIz-98f28bd9-b161-4ca3-812d-a021e47bb2b3] Object was deleted but could not be found in the ZRC.
[http://chemistry.apache.org/ZjUxYWVlNTAtMzY1NC00ZjUzLWEzNjItODIyZjEzZGRkZmMx-f51aee50-3654-4f53-a362-822f13dddfc1] Object was deleted but could not be found in the ZRC.
[http://chemistry.apache.org/NDNmMjExZDUtNGM4Mi00NWU5LTliMDktNWUzMWVlYjkzNzYy-43f211d5-4c82-45e9-9b09-5e31eeb93762] Object was created but could not be found in the DRC.
[http://chemistry.apache.org/ODZmNzc0NDktNGU2ZS00OTc0LWE2YWItNGI3MGJhMWIyNmY3-86f77449-4e6e-4974-a6ab-4b70ba1b26f7] Object was created but could not be found in the DRC.
[http://chemistry.apache.org/ODZmNzc0NDktNGU2ZS00OTc0LWE2YWItNGI3MGJhMWIyNmY3-86f77449-4e6e-4974-a6ab-4b70ba1b26f7] Object was deleted but could not be found in the ZRC.
[http://chemistry.apache.org/NDNmMjExZDUtNGM4Mi00NWU5LTliMDktNWUzMWVlYjkzNzYy-43f211d5-4c82-45e9-9b09-5e31eeb93762] Object was deleted but could not be found in the ZRC.
[http://chemistry.apache.org/ZTJjMTFjNDktYzM1ZS00NDE2LWJlN2UtMmY4OTYyMmE5NDNi-e2c11c49-c35e-4416-be7e-2f89622a943b] Object was created but could not be found in the DRC.
[http://chemistry.apache.org/M2RlZTA2YzYtMjM0OS00MTI5LTk1MmMtZTA2YmVjMzk3Nzgw-3dee06c6-2349-4129-952c-e06bec397780] Object was created but could not be found in the DRC.
[http://chemistry.apache.org/M2RlZTA2YzYtMjM0OS00MTI5LTk1MmMtZTA2YmVjMzk3Nzgw-3dee06c6-2349-4129-952c-e06bec397780] Object was deleted but could not be found in the ZRC.
[http://chemistry.apache.org/ZTJjMTFjNDktYzM1ZS00NDE2LWJlN2UtMmY4OTYyMmE5NDNi-e2c11c49-c35e-4416-be7e-2f89622a943b] Object was deleted but could not be found in the ZRC.
[http://chemistry.apache.org/M2I0NGQyZWItNDAwNC00YzEwLWIzMDItOTYzYmM2YjJjNjMy-3b44d2eb-4004-4c10-b302-963bc6b2c632] Object was created but could not be found in the DRC.
[http://chemistry.apache.org/NTU5NmQyN2UtYjA1Ny00MGI3LTlhYWItOTQ3ZDI0ZGIxZDQ2-5596d27e-b057-40b7-9aab-947d24db1d46] Object was created but could not be found in the DRC.
[http://chemistry.apache.org/NTU5NmQyN2UtYjA1Ny00MGI3LTlhYWItOTQ3ZDI0ZGIxZDQ2-5596d27e-b057-40b7-9aab-947d24db1d46] Object was deleted but could not be found in the ZRC.
[http://chemistry.apache.org/M2I0NGQyZWItNDAwNC00YzEwLWIzMDItOTYzYmM2YjJjNjMy-3b44d2eb-4004-4c10-b302-963bc6b2c632] Object was deleted but could not be found in the ZRC.
[http://chemistry.apache.org/ZDRiNThhYWYtMTAwMy00ZGYzLTkwMGEtYmIwMjVkZDNiZGEw-d4b58aaf-1003-4df3-900a-bb025dd3bda0] Object was created but could not be found in the DRC.
[http://chemistry.apache.org/M2EyMmQ4ZWUtOGM1Mi00NjJkLThjMTAtNTY0MDgzOWYxY2Uw-3a22d8ee-8c52-462d-8c10-5640839f1ce0] Object was created but could not be found in the DRC.
[http://chemistry.apache.org/M2EyMmQ4ZWUtOGM1Mi00NjJkLThjMTAtNTY0MDgzOWYxY2Uw-3a22d8ee-8c52-462d-8c10-5640839f1ce0] Object was deleted but could not be found in the ZRC.
[http://chemistry.apache.org/ZDRiNThhYWYtMTAwMy00ZGYzLTkwMGEtYmIwMjVkZDNiZGEw-d4b58aaf-1003-4df3-900a-bb025dd3bda0] Object was deleted but could not be found in the ZRC.
[http://chemistry.apache.org/OGVjYTQzMDItMWVlMC00MDVmLTk2ZTEtMzI2MTA5Y2ZjOGJj-8eca4302-1ee0-405f-96e1-326109cfc8bc] Object was created but could not be found in the DRC.
[http://chemistry.apache.org/NDgyZjU0NDgtOGQ1Ni00NDU2LWEzNDAtYzMwZDg3YmVkM2Nh-482f5448-8d56-4456-a340-c30d87bed3ca] Object was created but could not be found in the DRC.
[http://chemistry.apache.org/NDgyZjU0NDgtOGQ1Ni00NDU2LWEzNDAtYzMwZDg3YmVkM2Nh-482f5448-8d56-4456-a340-c30d87bed3ca] Object was deleted but could not be found in the ZRC.
[http://chemistry.apache.org/OGVjYTQzMDItMWVlMC00MDVmLTk2ZTEtMzI2MTA5Y2ZjOGJj-8eca4302-1ee0-405f-96e1-326109cfc8bc] Object was deleted but could not be found in the ZRC.
[http://chemistry.apache.org/OTUwMjQyM2UtMjljMy00MDZiLWExODQtM2IwZjMyOTM3NTZi-9502423e-29c3-406b-a184-3b0f3293756b] Object was created but could not be found in the DRC.
[http://chemistry.apache.org/MjQ2MWYyMWQtYTgyYy00ZGQ1LThlYmItYjY5MGUxYjlkODU4-2461f21d-a82c-4dd5-8ebb-b690e1b9d858] Object was created but could not be found in the DRC.
[http://chemistry.apache.org/MjQ2MWYyMWQtYTgyYy00ZGQ1LThlYmItYjY5MGUxYjlkODU4-2461f21d-a82c-4dd5-8ebb-b690e1b9d858] Object was deleted but could not be found in the ZRC.
[http://chemistry.apache.org/OTUwMjQyM2UtMjljMy00MDZiLWExODQtM2IwZjMyOTM3NTZi-9502423e-29c3-406b-a184-3b0f3293756b] Object was deleted but could not be found in the ZRC.
[http://chemistry.apache.org/NWZiMzM2NDctODgxOS00MzBkLWJlMzgtM2YyZDVkM2MyMDBi-5fb33647-8819-430d-be38-3f2d5d3c200b] Object was created but could not be found in the DRC.
[http://chemistry.apache.org/ZDNjYTE0MDUtNzQ0Zi00Y2UwLWI1OGItN2Y4MjE5OTQzY2E4-d3ca1405-744f-4ce0-b58b-7f8219943ca8] Object was created but could not be found in the DRC.
[http://chemistry.apache.org/ZDNjYTE0MDUtNzQ0Zi00Y2UwLWI1OGItN2Y4MjE5OTQzY2E4-d3ca1405-744f-4ce0-b58b-7f8219943ca8] Object was deleted but could not be found in the ZRC.
[http://chemistry.apache.org/NWZiMzM2NDctODgxOS00MzBkLWJlMzgtM2YyZDVkM2MyMDBi-5fb33647-8819-430d-be38-3f2d5d3c200b] Object was deleted but could not be found in the ZRC.
[http://chemistry.apache.org/ZGVjYmRlMWYtNjU4ZS00NjFmLWE0YmEtN2Q4YjRkYjhhNjFh-decbde1f-658e-461f-a4ba-7d8b4db8a61a] Object was created but could not be found in the DRC.
[http://chemistry.apache.org/NDFmYWEyY2MtMTY5NC00Yzc5LWEzZWYtYTNhZWI5OGM0OTBi-41faa2cc-1694-4c79-a3ef-a3aeb98c490b] Object was created but could not be found in the DRC.
[http://chemistry.apache.org/NDFmYWEyY2MtMTY5NC00Yzc5LWEzZWYtYTNhZWI5OGM0OTBi-41faa2cc-1694-4c79-a3ef-a3aeb98c490b] Object was deleted but could not be found in the ZRC.
[http://chemistry.apache.org/ZGVjYmRlMWYtNjU4ZS00NjFmLWE0YmEtN2Q4YjRkYjhhNjFh-decbde1f-658e-461f-a4ba-7d8b4db8a61a] Object was deleted but could not be found in the ZRC.
[http://chemistry.apache.org/NzM2N2M1MzQtMWMyOS00NmJlLWJmZDctNDBiMTFhZjAxZTI3-7367c534-1c29-46be-bfd7-40b11af01e27] Object was created but could not be found in the DRC.
[http://chemistry.apache.org/NmZjN2VlNmEtYmE5NS00MmRiLWI3ZTItNjA2MThlYzJkOGJi-6fc7ee6a-ba95-42db-b7e2-60618ec2d8bb] Object was created but could not be found in the DRC.
[http://chemistry.apache.org/NmZjN2VlNmEtYmE5NS00MmRiLWI3ZTItNjA2MThlYzJkOGJi-6fc7ee6a-ba95-42db-b7e2-60618ec2d8bb] Object was deleted but could not be found in the ZRC.
[http://chemistry.apache.org/NzM2N2M1MzQtMWMyOS00NmJlLWJmZDctNDBiMTFhZjAxZTI3-7367c534-1c29-46be-bfd7-40b11af01e27] Object was deleted but could not be found in the ZRC.
[http://chemistry.apache.org/ZDVmOGI5NWUtZjBjOS00YWI3LThmN2UtODY1ZTYzODk2MTU4-d5f8b95e-f0c9-4ab7-8f7e-865e63896158] Object was created but could not be found in the DRC.
[http://chemistry.apache.org/MzUzNGMwOWQtZjA2Ni00ZWQ2LWIyNTMtNTQ0NzY3ODZiMjlm-3534c09d-f066-4ed6-b253-54476786b29f] Object was created but could not be found in the DRC.
[http://chemistry.apache.org/MzUzNGMwOWQtZjA2Ni00ZWQ2LWIyNTMtNTQ0NzY3ODZiMjlm-3534c09d-f066-4ed6-b253-54476786b29f] Object was deleted but could not be found in the ZRC.
[http://chemistry.apache.org/ZDVmOGI5NWUtZjBjOS00YWI3LThmN2UtODY1ZTYzODk2MTU4-d5f8b95e-f0c9-4ab7-8f7e-865e63896158] Object was deleted but could not be found in the ZRC.
[http://chemistry.apache.org/MGYzYmYwY2EtMjYzMy00YjRlLTg1YmItYWE2NTAxNzYwYmEy-0f3bf0ca-2633-4b4e-85bb-aa6501760ba2] Object was created but could not be found in the DRC.
[http://chemistry.apache.org/ZTFmOWJjNjQtMTIyNC00ODcwLWE1NjUtMjFmMWRlYjljZWQ5-e1f9bc64-1224-4870-a565-21f1deb9ced9] Object was created but could not be found in the DRC.
[http://chemistry.apache.org/ZTFmOWJjNjQtMTIyNC00ODcwLWE1NjUtMjFmMWRlYjljZWQ5-e1f9bc64-1224-4870-a565-21f1deb9ced9] Object was deleted but could not be found in the ZRC.
[http://chemistry.apache.org/MGYzYmYwY2EtMjYzMy00YjRlLTg1YmItYWE2NTAxNzYwYmEy-0f3bf0ca-2633-4b4e-85bb-aa6501760ba2] Object was deleted but could not be found in the ZRC.
[http://chemistry.apache.org/NWNjMjE1Y2MtY2RlMC00M2ZjLWE2ZTUtYTA3MmQ5NDMwOGM4-5cc215cc-cde0-43fc-a6e5-a072d94308c8] Object was created but could not be found in the DRC.
[http://chemistry.apache.org/ZTRmYmEwN2QtNGRmYS00ODZjLWE0ZDItMjQ3OGQ0ZGU3OWMz-e4fba07d-4dfa-486c-a4d2-2478d4de79c3] Object was created but could not be found in the DRC.
[http://chemistry.apache.org/ZTRmYmEwN2QtNGRmYS00ODZjLWE0ZDItMjQ3OGQ0ZGU3OWMz-e4fba07d-4dfa-486c-a4d2-2478d4de79c3] Object was deleted but could not be found in the ZRC.
[http://chemistry.apache.org/NWNjMjE1Y2MtY2RlMC00M2ZjLWE2ZTUtYTA3MmQ5NDMwOGM4-5cc215cc-cde0-43fc-a6e5-a072d94308c8] Object was deleted but could not be found in the ZRC.
[http://chemistry.apache.org/ODIwYjY0MmItMmNlNS00MTQ2LTliZDEtMmFmN2E3M2EwOWVi-820b642b-2ce5-4146-9bd1-2af7a73a09eb] Object was created but could not be found in the DRC.
[http://chemistry.apache.org/OTVlZjU5ODItZjc1Ni00ZTU2LWI0YzktYTA1OGI0ZjM0YmJm-95ef5982-f756-4e56-b4c9-a058b4f34bbf] Object was created but could not be found in the DRC.
[http://chemistry.apache.org/OTVlZjU5ODItZjc1Ni00ZTU2LWI0YzktYTA1OGI0ZjM0YmJm-95ef5982-f756-4e56-b4c9-a058b4f34bbf] Object was deleted but could not be found in the ZRC.
[http://chemistry.apache.org/ODIwYjY0MmItMmNlNS00MTQ2LTliZDEtMmFmN2E3M2EwOWVi-820b642b-2ce5-4146-9bd1-2af7a73a09eb] Object was deleted but could not be found in the ZRC.
[http://chemistry.apache.org/YWIwNzg1NjctODcxYi00MGQzLWJhZmMtNTI4YmI3YTI3ZDIw-ab078567-871b-40d3-bafc-528bb7a27d20] Object was created but could not be found in the DRC.
[http://chemistry.apache.org/YjQ0NGUwNGMtNjU3My00ZjkxLWI2ZTEtNDEwNzlkMTViYjAy-b444e04c-6573-4f91-b6e1-41079d15bb02] Object was created but could not be found in the DRC.
[http://chemistry.apache.org/YjQ0NGUwNGMtNjU3My00ZjkxLWI2ZTEtNDEwNzlkMTViYjAy-b444e04c-6573-4f91-b6e1-41079d15bb02] Object was deleted but could not be found in the ZRC.
[http://chemistry.apache.org/YWIwNzg1NjctODcxYi00MGQzLWJhZmMtNTI4YmI3YTI3ZDIw-ab078567-871b-40d3-bafc-528bb7a27d20] Object was deleted but could not be found in the ZRC.
[http://chemistry.apache.org/YjQ2MzE4NTItMDUzNC00NjkzLTlkYmMtOWJkYzMyYzNlYjFk-b4631852-0534-4693-9dbc-9bdc32c3eb1d] Object was created but could not be found in the DRC.
[http://chemistry.apache.org/YTUwODVlYTMtZjUzMC00MTk4LWI1ZGItZTVkOWQxYzUzMTY3-a5085ea3-f530-4198-b5db-e5d9d1c53167] Object was created but could not be found in the DRC.
[http://chemistry.apache.org/YTUwODVlYTMtZjUzMC00MTk4LWI1ZGItZTVkOWQxYzUzMTY3-a5085ea3-f530-4198-b5db-e5d9d1c53167] Object was deleted but could not be found in the ZRC.
[http://chemistry.apache.org/YjQ2MzE4NTItMDUzNC00NjkzLTlkYmMtOWJkYzMyYzNlYjFk-b4631852-0534-4693-9dbc-9bdc32c3eb1d] Object was deleted but could not be found in the ZRC.
[http://chemistry.apache.org/ZjJlMTZmNWMtMmZjMS00ZjlkLWI2ZDctZDA1YjkwYTI3YTYy-f2e16f5c-2fc1-4f9d-b6d7-d05b90a27a62] Object was created but could not be found in the DRC.
[http://chemistry.apache.org/NzUzYmJmYTEtMmU5Zi00NjA0LWE4YTEtOGUxNDhlNmI1NmNh-753bbfa1-2e9f-4604-a8a1-8e148e6b56ca] Object was created but could not be found in the DRC.
[http://chemistry.apache.org/NzUzYmJmYTEtMmU5Zi00NjA0LWE4YTEtOGUxNDhlNmI1NmNh-753bbfa1-2e9f-4604-a8a1-8e148e6b56ca] Object was deleted but could not be found in the ZRC.
[http://chemistry.apache.org/ZjJlMTZmNWMtMmZjMS00ZjlkLWI2ZDctZDA1YjkwYTI3YTYy-f2e16f5c-2fc1-4f9d-b6d7-d05b90a27a62] Object was deleted but could not be found in the ZRC.
[http://chemistry.apache.org/MTE2MTFjY2ItMDI1Ny00YTAyLTg1NzQtZWQ5OTVlNzNhMDQ2-11611ccb-0257-4a02-8574-ed995e73a046] Object was created but could not be found in the DRC.
[http://chemistry.apache.org/M2VkNjdkZWEtZjg2My00ODQ1LWE0YTItYjZkZmE2OTNlYThj-3ed67dea-f863-4845-a4a2-b6dfa693ea8c] Object was created but could not be found in the DRC.
[http://chemistry.apache.org/M2VkNjdkZWEtZjg2My00ODQ1LWE0YTItYjZkZmE2OTNlYThj-3ed67dea-f863-4845-a4a2-b6dfa693ea8c] Object was deleted but could not be found in the ZRC.
[http://chemistry.apache.org/MTE2MTFjY2ItMDI1Ny00YTAyLTg1NzQtZWQ5OTVlNzNhMDQ2-11611ccb-0257-4a02-8574-ed995e73a046] Object was deleted but could not be found in the ZRC.
[http://chemistry.apache.org/NTBhM2I0YjctNGZiNS00ZjE0LTgyMGQtMmRjMzRhOThlOGE1-50a3b4b7-4fb5-4f14-820d-2dc34a98e8a5] Object was created but could not be found in the DRC.
[http://chemistry.apache.org/MzcwYmM1MzAtZDgzMS00ZGVhLTg1MzQtNjUzOTc5YTY3MjU4-370bc530-d831-4dea-8534-653979a67258] Object was created but could not be found in the DRC.
[http://chemistry.apache.org/MzcwYmM1MzAtZDgzMS00ZGVhLTg1MzQtNjUzOTc5YTY3MjU4-370bc530-d831-4dea-8534-653979a67258] Object was deleted but could not be found in the ZRC.
[http://chemistry.apache.org/NTBhM2I0YjctNGZiNS00ZjE0LTgyMGQtMmRjMzRhOThlOGE1-50a3b4b7-4fb5-4f14-820d-2dc34a98e8a5] Object was deleted but could not be found in the ZRC.
[http://chemistry.apache.org/ZGE1MTU5MWQtZWQ5ZC00OWY2LTg0OGQtMzNhY2UxZWJiYjE1-da51591d-ed9d-49f6-848d-33ace1ebbb15] Object was created but could not be found in the DRC.
[http://chemistry.apache.org/YjA5OGQ5MmQtMzlkOS00MzkyLWE1OWYtNTUzZGI4MWIwNDdi-b098d92d-39d9-4392-a59f-553db81b047b] Object was created but could not be found in the DRC.
[http://chemistry.apache.org/YjA5OGQ5MmQtMzlkOS00MzkyLWE1OWYtNTUzZGI4MWIwNDdi-b098d92d-39d9-4392-a59f-553db81b047b] Object was deleted but could not be found in the ZRC.
[http://chemistry.apache.org/ZGE1MTU5MWQtZWQ5ZC00OWY2LTg0OGQtMzNhY2UxZWJiYjE1-da51591d-ed9d-49f6-848d-33ace1ebbb15] Object was deleted but could not be found in the ZRC.
[http://chemistry.apache.org/ODA2ZDFkNDgtYzQyNS00NGJmLTlmNTYtZjA5ZDBkYTQyODNi-806d1d48-c425-44bf-9f56-f09d0da4283b] Object was created but could not be found in the DRC.
[http://chemistry.apache.org/NTFjMTAwYjMtOGRjZS00OTU4LWIyYjItNTI5ODkzNzRkOTk1-51c100b3-8dce-4958-b2b2-52989374d995] Object was created but could not be found in the DRC.
[http://chemistry.apache.org/NTFjMTAwYjMtOGRjZS00OTU4LWIyYjItNTI5ODkzNzRkOTk1-51c100b3-8dce-4958-b2b2-52989374d995] Object was deleted but could not be found in the ZRC.
[http://chemistry.apache.org/ODA2ZDFkNDgtYzQyNS00NGJmLTlmNTYtZjA5ZDBkYTQyODNi-806d1d48-c425-44bf-9f56-f09d0da4283b] Object was deleted but could not be found in the ZRC.
[http://chemistry.apache.org/ZDNjZWRmMTItZDNjZC00ZGZhLWJlNmItOTRkNjRmZjhkZGE3-d3cedf12-d3cd-4dfa-be6b-94d64ff8dda7] Object was created but could not be found in the DRC.
[http://chemistry.apache.org/YzRmYmY5ODctZjU2Ni00MWUwLTljNTktMjFlODA2OGUzYmJi-c4fbf987-f566-41e0-9c59-21e8068e3bbb] Object was created but could not be found in the DRC.
[http://chemistry.apache.org/YzRmYmY5ODctZjU2Ni00MWUwLTljNTktMjFlODA2OGUzYmJi-c4fbf987-f566-41e0-9c59-21e8068e3bbb] Object was deleted but could not be found in the ZRC.
[http://chemistry.apache.org/ZDNjZWRmMTItZDNjZC00ZGZhLWJlNmItOTRkNjRmZjhkZGE3-d3cedf12-d3cd-4dfa-be6b-94d64ff8dda7] Object was deleted but could not be found in the ZRC.
[http://chemistry.apache.org/ZDEyNWQyYmItZTBjMi00NDQ5LWFmYTEtZjU1ODU1NzM3ZDYy-d125d2bb-e0c2-4449-afa1-f55855737d62] Object was created but could not be found in the DRC.
[http://chemistry.apache.org/MjM4MTE5NWYtNjhkMS00OWY5LWI4YWItOWM0N2Q4YTA4NGFi-2381195f-68d1-49f9-b8ab-9c47d8a084ab] Object was created but could not be found in the DRC.
[http://chemistry.apache.org/OWI5NjQ4MmYtMzc1Zi00YzIxLWEwOTUtODc2YzE4ZTc4ZDA0-9b96482f-375f-4c21-a095-876c18e78d04] Object was created but could not be found in the DRC.
[http://chemistry.apache.org/MjM4MTE5NWYtNjhkMS00OWY5LWI4YWItOWM0N2Q4YTA4NGFi-2381195f-68d1-49f9-b8ab-9c47d8a084ab] Object was deleted but could not be found in the ZRC.
[http://chemistry.apache.org/OWI5NjQ4MmYtMzc1Zi00YzIxLWEwOTUtODc2YzE4ZTc4ZDA0-9b96482f-375f-4c21-a095-876c18e78d04] Object was deleted but could not be found in the ZRC.
[http://chemistry.apache.org/ZDEyNWQyYmItZTBjMi00NDQ5LWFmYTEtZjU1ODU1NzM3ZDYy-d125d2bb-e0c2-4449-afa1-f55855737d62] Object was deleted but could not be found in the ZRC.
[http://chemistry.apache.org/Nzc2MjhjM2QtYjlkYy00NDQwLWE0NzItODBhZjI4ODY5ZjE2-77628c3d-b9dc-4440-a472-80af28869f16] Object was created but could not be found in the DRC.
[http://chemistry.apache.org/ZTcyNTMwNTUtYjc2ZS00YTU0LThlYzEtMWRiZDk4NDMzNzI2-e7253055-b76e-4a54-8ec1-1dbd98433726] Object was created but could not be found in the DRC.
[http://chemistry.apache.org/ZTcyNTMwNTUtYjc2ZS00YTU0LThlYzEtMWRiZDk4NDMzNzI2-e7253055-b76e-4a54-8ec1-1dbd98433726] Object was deleted but could not be found in the ZRC.
[http://chemistry.apache.org/Nzc2MjhjM2QtYjlkYy00NDQwLWE0NzItODBhZjI4ODY5ZjE2-77628c3d-b9dc-4440-a472-80af28869f16] Object was deleted but could not be found in the ZRC.
[http://chemistry.apache.org/MTJmNDQwMzQtY2IyYS00MmJlLThiY2UtMjU1NzdhYTRhMGQ5-12f44034-cb2a-42be-8bce-25577aa4a0d9] Object was created but could not be found in the DRC.
[http://chemistry.apache.org/MWY5YmY3NzUtNzlkMy00MGNiLWFmYjMtNDEzNGU1ZTZlNGE2-1f9bf775-79d3-40cb-afb3-4134e5e6e4a6] Object was created but could not be found in the DRC.
[http://chemistry.apache.org/MWY5YmY3NzUtNzlkMy00MGNiLWFmYjMtNDEzNGU1ZTZlNGE2-1f9bf775-79d3-40cb-afb3-4134e5e6e4a6] Object was deleted but could not be found in the ZRC.
[http://chemistry.apache.org/MTJmNDQwMzQtY2IyYS00MmJlLThiY2UtMjU1NzdhYTRhMGQ5-12f44034-cb2a-42be-8bce-25577aa4a0d9] Object was deleted but could not be found in the ZRC.
[http://chemistry.apache.org/MGYyYjFhYmYtMDc5ZS00N2MwLTliNGItNWIzNGRjZGFmYWJm-0f2b1abf-079e-47c0-9b4b-5b34dcdafabf] Object was created but could not be found in the DRC.
[http://chemistry.apache.org/M2ViMzFlODAtMWE0OC00ZTg3LTgyOWItYjMxZDQxZGNkNDVi-3eb31e80-1a48-4e87-829b-b31d41dcd45b] Object was created but could not be found in the DRC.
[http://chemistry.apache.org/M2ViMzFlODAtMWE0OC00ZTg3LTgyOWItYjMxZDQxZGNkNDVi-3eb31e80-1a48-4e87-829b-b31d41dcd45b] Object was deleted but could not be found in the ZRC.
[http://chemistry.apache.org/MGYyYjFhYmYtMDc5ZS00N2MwLTliNGItNWIzNGRjZGFmYWJm-0f2b1abf-079e-47c0-9b4b-5b34dcdafabf] Object was deleted but could not be found in the ZRC.
[http://chemistry.apache.org/NjgyYTAyOGEtNzBjZS00MTM2LWI0OWUtMmVmMGEwNGZjMjE3-682a028a-70ce-4136-b49e-2ef0a04fc217] Object was created but could not be found in the DRC.
[http://chemistry.apache.org/MWRlZjUwNzktZDY3ZS00YWFiLWEzMzAtNzg4NTU5MTJjMzNk-1def5079-d67e-4aab-a330-78855912c33d] Object was created but could not be found in the DRC.
[http://chemistry.apache.org/MWRlZjUwNzktZDY3ZS00YWFiLWEzMzAtNzg4NTU5MTJjMzNk-1def5079-d67e-4aab-a330-78855912c33d] Object was deleted but could not be found in the ZRC.
[http://chemistry.apache.org/NjgyYTAyOGEtNzBjZS00MTM2LWI0OWUtMmVmMGEwNGZjMjE3-682a028a-70ce-4136-b49e-2ef0a04fc217] Object was deleted but could not be found in the ZRC.
[http://chemistry.apache.org/MjNmMWEyMzQtOGFjNC00ZDVmLTgzYTMtYTMzNzVlZTg4Yjdh-23f1a234-8ac4-4d5f-83a3-a3375ee88b7a] Object was created but could not be found in the DRC.
[http://chemistry.apache.org/NjBjYWRkOWMtOTE0MC00ZGE5LWJlODktZjY2NjZkYTU2N2Zi-60cadd9c-9140-4da9-be89-f6666da567fb] Object was created but could not be found in the DRC.
[http://chemistry.apache.org/NjBjYWRkOWMtOTE0MC00ZGE5LWJlODktZjY2NjZkYTU2N2Zi-60cadd9c-9140-4da9-be89-f6666da567fb] Object was deleted but could not be found in the ZRC.
[http://chemistry.apache.org/MjNmMWEyMzQtOGFjNC00ZDVmLTgzYTMtYTMzNzVlZTg4Yjdh-23f1a234-8ac4-4d5f-83a3-a3375ee88b7a] Object was deleted but could not be found in the ZRC.
[http://chemistry.apache.org/OWVjMzAyMmMtYTE1Zi00MzNkLWI2MTEtNTQzMDM3MTZhMGM0-9ec3022c-a15f-433d-b611-54303716a0c4] Object was created but could not be found in the DRC.
[http://chemistry.apache.org/MzEzMDVlMGYtMTZlMy00YWZkLTk2NDUtOTU0NWEyYzdlNmQ2-31305e0f-16e3-4afd-9645-9545a2c7e6d6] Object was created but could not be found in the DRC.
[http://chemistry.apache.org/ZmVmZDlmNzgtMzZjMC00YjQ3LWI1MDUtMzA2ZjNmZTA2ZDU2OzEuMA==-fefd9f78-36c0-4b47-b505-306f3fe06d56] Object was created but could not be found in the DRC.
[http://chemistry.apache.org/ZmVmZDlmNzgtMzZjMC00YjQ3LWI1MDUtMzA2ZjNmZTA2ZDU2OzEuMA==-fefd9f78-36c0-4b47-b505-306f3fe06d56] Object was updated but could not be found in the DRC.
[http://chemistry.apache.org/ZmVmZDlmNzgtMzZjMC00YjQ3LWI1MDUtMzA2ZjNmZTA2ZDU2OzEuMQ==-fefd9f78-36c0-4b47-b505-306f3fe06d56] Object was deleted but could not be found in the ZRC.
[http://chemistry.apache.org/MzEzMDVlMGYtMTZlMy00YWZkLTk2NDUtOTU0NWEyYzdlNmQ2-31305e0f-16e3-4afd-9645-9545a2c7e6d6] Object was deleted but could not be found in the ZRC.
[http://chemistry.apache.org/OWVjMzAyMmMtYTE1Zi00MzNkLWI2MTEtNTQzMDM3MTZhMGM0-9ec3022c-a15f-433d-b611-54303716a0c4] Object was deleted but could not be found in the ZRC.
[http://chemistry.apache.org/OGNiNjhmMWEtMmIxMC00MTY2LTljNmEtMTIwNmU0OGM5MGNl-8cb68f1a-2b10-4166-9c6a-1206e48c90ce] Object was created but could not be found in the DRC.
[http://chemistry.apache.org/NDhkZDdjOTItNDE4My00NWM4LWFiMjMtOGE4MGUxMTk0ZjBm-48dd7c92-4183-45c8-ab23-8a80e1194f0f] Object was created but could not be found in the DRC.
[http://chemistry.apache.org/NDhkZDdjOTItNDE4My00NWM4LWFiMjMtOGE4MGUxMTk0ZjBm-48dd7c92-4183-45c8-ab23-8a80e1194f0f] Object was deleted but could not be found in the ZRC.
[http://chemistry.apache.org/OGNiNjhmMWEtMmIxMC00MTY2LTljNmEtMTIwNmU0OGM5MGNl-8cb68f1a-2b10-4166-9c6a-1206e48c90ce] Object was deleted but could not be found in the ZRC.
[http://chemistry.apache.org/OGZhNzZhODAtOTkwNi00YzJkLTk0N2UtMTczNzM4NmVjMGVi-8fa76a80-9906-4c2d-947e-1737386ec0eb] Object was created but could not be found in the DRC.
[http://chemistry.apache.org/YjdjNjllNjQtODM4OS00YmNkLTg2NzctMDlhMDhlZTE0MDkw-b7c69e64-8389-4bcd-8677-09a08ee14090] Object was created but could not be found in the DRC.
[http://chemistry.apache.org/YjkyYTZjYjAtMTA3ZS00YmJlLWFkNzAtYTE2YjMwMTg0ZmY1OzEuMA==-b92a6cb0-107e-4bbe-ad70-a16b30184ff5] Object was created but could not be found in the DRC.
[http://chemistry.apache.org/YjkyYTZjYjAtMTA3ZS00YmJlLWFkNzAtYTE2YjMwMTg0ZmY1OzEuMA==-b92a6cb0-107e-4bbe-ad70-a16b30184ff5] Object was updated but could not be found in the DRC.
[http://chemistry.apache.org/YjkyYTZjYjAtMTA3ZS00YmJlLWFkNzAtYTE2YjMwMTg0ZmY1OzEuMA==-b92a6cb0-107e-4bbe-ad70-a16b30184ff5] Object was deleted but could not be found in the ZRC.
[http://chemistry.apache.org/YjdjNjllNjQtODM4OS00YmNkLTg2NzctMDlhMDhlZTE0MDkw-b7c69e64-8389-4bcd-8677-09a08ee14090] Object was deleted but could not be found in the ZRC.
[http://chemistry.apache.org/OGZhNzZhODAtOTkwNi00YzJkLTk0N2UtMTczNzM4NmVjMGVi-8fa76a80-9906-4c2d-947e-1737386ec0eb] Object was deleted but could not be found in the ZRC.
[http://chemistry.apache.org/NmYxYTMxNDEtNzc1ZC00NjI3LWI3YjgtMDE3ZDlkMjUyOGUy-6f1a3141-775d-4627-b7b8-017d9d2528e2] Object was created but could not be found in the DRC.
[http://chemistry.apache.org/NjU2NDA0YjItMTA2Yy00OTVhLWJiZjktNDRlZWIxMDFkZDk3-656404b2-106c-495a-bbf9-44eeb101dd97] Object was created but could not be found in the DRC.
[http://chemistry.apache.org/YzYxMjdkYjUtMTk3MS00ZWUxLThkNzctYjM2YjZjZWUyN2NmOzEuMA==-c6127db5-1971-4ee1-8d77-b36b6cee27cf] Object was created but could not be found in the DRC.
[http://chemistry.apache.org/YzYxMjdkYjUtMTk3MS00ZWUxLThkNzctYjM2YjZjZWUyN2NmOzEuMA==-c6127db5-1971-4ee1-8d77-b36b6cee27cf] Object was updated but could not be found in the DRC.
[http://chemistry.apache.org/YzYxMjdkYjUtMTk3MS00ZWUxLThkNzctYjM2YjZjZWUyN2NmOzEuMA==-c6127db5-1971-4ee1-8d77-b36b6cee27cf] Object was deleted but could not be found in the ZRC.
[http://chemistry.apache.org/NjU2NDA0YjItMTA2Yy00OTVhLWJiZjktNDRlZWIxMDFkZDk3-656404b2-106c-495a-bbf9-44eeb101dd97] Object was deleted but could not be found in the ZRC.
[http://chemistry.apache.org/NmYxYTMxNDEtNzc1ZC00NjI3LWI3YjgtMDE3ZDlkMjUyOGUy-6f1a3141-775d-4627-b7b8-017d9d2528e2] Object was deleted but could not be found in the ZRC.
[http://chemistry.apache.org/MDBlYzQ1ZjYtNGU1Yi00ZDY2LTg3ZjMtYTVlMTQzYTY5MWU1-00ec45f6-4e5b-4d66-87f3-a5e143a691e5] Object was created but could not be found in the DRC.
[http://chemistry.apache.org/ZWMwNTQ3Y2ItZmRiYS00MmRlLTllYTktZGRiNzVmN2I5NjA1-ec0547cb-fdba-42de-9ea9-ddb75f7b9605] Object was created but could not be found in the DRC.
[http://chemistry.apache.org/NjliNGNjZGQtYzhiZi00NDY5LTg2NWMtMjRkYzQ1ZjhhNzVkOzEuMA==-69b4ccdd-c8bf-4469-865c-24dc45f8a75d] Object was created but could not be found in the DRC.
[http://chemistry.apache.org/NjliNGNjZGQtYzhiZi00NDY5LTg2NWMtMjRkYzQ1ZjhhNzVkOzEuMA==-69b4ccdd-c8bf-4469-865c-24dc45f8a75d] Object was updated but could not be found in the DRC.
[http://chemistry.apache.org/NjliNGNjZGQtYzhiZi00NDY5LTg2NWMtMjRkYzQ1ZjhhNzVkOzEuMA==-69b4ccdd-c8bf-4469-865c-24dc45f8a75d] Object was deleted but could not be found in the ZRC.
[http://chemistry.apache.org/ZWMwNTQ3Y2ItZmRiYS00MmRlLTllYTktZGRiNzVmN2I5NjA1-ec0547cb-fdba-42de-9ea9-ddb75f7b9605] Object was deleted but could not be found in the ZRC.
[http://chemistry.apache.org/MDBlYzQ1ZjYtNGU1Yi00ZDY2LTg3ZjMtYTVlMTQzYTY5MWU1-00ec45f6-4e5b-4d66-87f3-a5e143a691e5] Object was deleted but could not be found in the ZRC.
[http://chemistry.apache.org/OThmYTg1NGItOGFmYS00Y2Y3LWE2NmYtOWMyMmM4NDhjZThi-98fa854b-8afa-4cf7-a66f-9c22c848ce8b] Object was created but could not be found in the DRC.
[http://chemistry.apache.org/MjY1N2E0MjctNzkwZi00N2MyLWJhZjYtNGIyMGQ5YzM0Yzg3-2657a427-790f-47c2-baf6-4b20d9c34c87] Object was created but could not be found in the DRC.
[http://chemistry.apache.org/NTZjOTg1NTktYTNkZi00MzM3LTg2MmEtNGMxMWEyZjlmMzU0OzEuMA==-56c98559-a3df-4337-862a-4c11a2f9f354] Object was created but could not be found in the DRC.
[http://chemistry.apache.org/NTZjOTg1NTktYTNkZi00MzM3LTg2MmEtNGMxMWEyZjlmMzU0OzEuMA==-56c98559-a3df-4337-862a-4c11a2f9f354] Object was updated but could not be found in the DRC.
[http://chemistry.apache.org/MDhlNDg0MWItYTAyMi00ZWQ5LThlNTEtY2I3ODVmZWM4YjBk-08e4841b-a022-4ed9-8e51-cb785fec8b0d] Object was created but could not be found in the DRC.
[http://chemistry.apache.org/NTZjOTg1NTktYTNkZi00MzM3LTg2MmEtNGMxMWEyZjlmMzU0OzEuMA==-56c98559-a3df-4337-862a-4c11a2f9f354] Object was deleted but could not be found in the ZRC.
[http://chemistry.apache.org/MDhlNDg0MWItYTAyMi00ZWQ5LThlNTEtY2I3ODVmZWM4YjBk-08e4841b-a022-4ed9-8e51-cb785fec8b0d] Object was deleted but could not be found in the ZRC.
[http://chemistry.apache.org/MjY1N2E0MjctNzkwZi00N2MyLWJhZjYtNGIyMGQ5YzM0Yzg3-2657a427-790f-47c2-baf6-4b20d9c34c87] Object was deleted but could not be found in the ZRC.
[http://chemistry.apache.org/OThmYTg1NGItOGFmYS00Y2Y3LWE2NmYtOWMyMmM4NDhjZThi-98fa854b-8afa-4cf7-a66f-9c22c848ce8b] Object was deleted but could not be found in the ZRC.
[http://chemistry.apache.org/M2IxM2UzOWEtMjRiNi00ZDM0LTkxNTEtM2RiYmM1MjEzZGI4-3b13e39a-24b6-4d34-9151-3dbbc5213db8] Object was created but could not be found in the DRC.
[http://chemistry.apache.org/ZWE1MGY0MTMtODE3Yi00YWI2LTgzYTEtYjExZmVlOWE3MmU5-ea50f413-817b-4ab6-83a1-b11fee9a72e9] Object was created but could not be found in the DRC.
[http://chemistry.apache.org/MGUyNDA2NzctOTI4ZS00ZGM4LWFhMGUtMTJjZjQzOTAyZGEwOzEuMA==-0e240677-928e-4dc8-aa0e-12cf43902da0] Object was created but could not be found in the DRC.
[http://chemistry.apache.org/MGUyNDA2NzctOTI4ZS00ZGM4LWFhMGUtMTJjZjQzOTAyZGEwOzEuMA==-0e240677-928e-4dc8-aa0e-12cf43902da0] Object was updated but could not be found in the DRC.
[http://chemistry.apache.org/MGUyNDA2NzctOTI4ZS00ZGM4LWFhMGUtMTJjZjQzOTAyZGEwOzEuMA==-0e240677-928e-4dc8-aa0e-12cf43902da0] Object was deleted but could not be found in the ZRC.
[http://chemistry.apache.org/ZWE1MGY0MTMtODE3Yi00YWI2LTgzYTEtYjExZmVlOWE3MmU5-ea50f413-817b-4ab6-83a1-b11fee9a72e9] Object was deleted but could not be found in the ZRC.
[http://chemistry.apache.org/M2IxM2UzOWEtMjRiNi00ZDM0LTkxNTEtM2RiYmM1MjEzZGI4-3b13e39a-24b6-4d34-9151-3dbbc5213db8] Object was deleted but could not be found in the ZRC.
[http://chemistry.apache.org/OGI2YTVjYWUtOTkwYi00YjJhLWEzZDEtYmMyOWI1NGE2MjYy-8b6a5cae-990b-4b2a-a3d1-bc29b54a6262] Object was created but could not be found in the DRC.
[http://chemistry.apache.org/NWU2N2UwYTItZTIxZS00MGE2LWIwZWQtMWY4ZWQ4OTNlZTZl-5e67e0a2-e21e-40a6-b0ed-1f8ed893ee6e] Object was created but could not be found in the DRC.
[http://chemistry.apache.org/ZjUwMTdjOTUtMjMxZi00MmRjLWJkYmUtYTEwNDczZDk3MjA4OzEuMA==-f5017c95-231f-42dc-bdbe-a10473d97208] Object was created but could not be found in the DRC.
[http://chemistry.apache.org/ZjUwMTdjOTUtMjMxZi00MmRjLWJkYmUtYTEwNDczZDk3MjA4OzEuMA==-f5017c95-231f-42dc-bdbe-a10473d97208] Object was updated but could not be found in the DRC.
[http://chemistry.apache.org/ZjUwMTdjOTUtMjMxZi00MmRjLWJkYmUtYTEwNDczZDk3MjA4OzEuMA==-f5017c95-231f-42dc-bdbe-a10473d97208] Object was deleted but could not be found in the ZRC.
[http://chemistry.apache.org/YWY2MDUyOTItMDZkOC00ODc0LTg5ZGEtODFmMjBmMWVhNWM5-af605292-06d8-4874-89da-81f20f1ea5c9] Object was created but could not be found in the DRC.
[http://chemistry.apache.org/YWY2MDUyOTItMDZkOC00ODc0LTg5ZGEtODFmMjBmMWVhNWM5-af605292-06d8-4874-89da-81f20f1ea5c9] Object was deleted but could not be found in the ZRC.
[http://chemistry.apache.org/NWU2N2UwYTItZTIxZS00MGE2LWIwZWQtMWY4ZWQ4OTNlZTZl-5e67e0a2-e21e-40a6-b0ed-1f8ed893ee6e] Object was deleted but could not be found in the ZRC.
[http://chemistry.apache.org/OGI2YTVjYWUtOTkwYi00YjJhLWEzZDEtYmMyOWI1NGE2MjYy-8b6a5cae-990b-4b2a-a3d1-bc29b54a6262] Object was deleted but could not be found in the ZRC.
[http://chemistry.apache.org/MjhkZWQ1OTgtNmI5Ny00MGIyLWI3ZDktZTNhNDZhMDIwZTRlOzEuMA==-28ded598-6b97-40b2-b7d9-e3a46a020e4e] Object was created but could not be found in the DRC.
[http://chemistry.apache.org/MjhkZWQ1OTgtNmI5Ny00MGIyLWI3ZDktZTNhNDZhMDIwZTRlOzEuMA==-28ded598-6b97-40b2-b7d9-e3a46a020e4e] Object was updated but could not be found in the DRC.
[http://chemistry.apache.org/MTJhM2YwODktMzc3Zi00M2I4LTk0MmItYjY0NGVhZDllZjMx-12a3f089-377f-43b8-942b-b644ead9ef31] Object was created but could not be found in the DRC.
[http://chemistry.apache.org/NWVhODEwMDItMmRjMS00MmYzLWE4MWEtMDg4MzI4Y2RiMDAx-5ea81002-2dc1-42f3-a81a-088328cdb001] Object was created but could not be found in the DRC.
[http://chemistry.apache.org/NWVhODEwMDItMmRjMS00MmYzLWE4MWEtMDg4MzI4Y2RiMDAx-5ea81002-2dc1-42f3-a81a-088328cdb001] Object was deleted but could not be found in the ZRC.
[http://chemistry.apache.org/MTJhM2YwODktMzc3Zi00M2I4LTk0MmItYjY0NGVhZDllZjMx-12a3f089-377f-43b8-942b-b644ead9ef31] Object was deleted but could not be found in the ZRC.
[http://chemistry.apache.org/MmYzNTI3ZGMtNTQ5My00ODJjLWE0ZjMtZjI1MTJhZmNmOTgy-2f3527dc-5493-482c-a4f3-f2512afcf982] Object was created but could not be found in the DRC.
[http://chemistry.apache.org/NjFkMmM3MGUtNjk1Yi00MTBlLTkzMmUtNDViMjE1YmNjY2Jm-61d2c70e-695b-410e-932e-45b215bcccbf] Object was created but could not be found in the DRC.
[http://chemistry.apache.org/NjFkMmM3MGUtNjk1Yi00MTBlLTkzMmUtNDViMjE1YmNjY2Jm-61d2c70e-695b-410e-932e-45b215bcccbf] Object was deleted but could not be found in the ZRC.
[http://chemistry.apache.org/MmYzNTI3ZGMtNTQ5My00ODJjLWE0ZjMtZjI1MTJhZmNmOTgy-2f3527dc-5493-482c-a4f3-f2512afcf982] Object was deleted but could not be found in the ZRC.
[http://chemistry.apache.org/Nzc5MWRlMDItZjI5Mi00ODM5LWI0NWQtZjliYzRhNjg2ZDU3-7791de02-f292-4839-b45d-f9bc4a686d57] Object was created but could not be found in the DRC.
[http://chemistry.apache.org/ODU1NGIyOTEtZjNkZS00NmI1LWJmNmEtNjRiYmI5M2E1ZTBl-8554b291-f3de-46b5-bf6a-64bbb93a5e0e] Object was created but could not be found in the DRC.
[http://chemistry.apache.org/ODU1NGIyOTEtZjNkZS00NmI1LWJmNmEtNjRiYmI5M2E1ZTBl-8554b291-f3de-46b5-bf6a-64bbb93a5e0e] Object was deleted but could not be found in the ZRC.
[http://chemistry.apache.org/Nzc5MWRlMDItZjI5Mi00ODM5LWI0NWQtZjliYzRhNjg2ZDU3-7791de02-f292-4839-b45d-f9bc4a686d57] Object was deleted but could not be found in the ZRC.
[http://chemistry.apache.org/ZDQwYjZjZTItMTk3Mi00ZjZhLTg1ZjItMWU3OWUzZTI4NTE5-d40b6ce2-1972-4f6a-85f2-1e79e3e28519] Object was created but could not be found in the DRC.
[http://chemistry.apache.org/MjhiMTg3NTMtOWQ5Ni00MzZmLWEwZTktNGIxNjhlYmFjNDlj-28b18753-9d96-436f-a0e9-4b168ebac49c] Object was created but could not be found in the DRC.
[http://chemistry.apache.org/MjhiMTg3NTMtOWQ5Ni00MzZmLWEwZTktNGIxNjhlYmFjNDlj-28b18753-9d96-436f-a0e9-4b168ebac49c] Object was deleted but could not be found in the ZRC.
[http://chemistry.apache.org/ZDQwYjZjZTItMTk3Mi00ZjZhLTg1ZjItMWU3OWUzZTI4NTE5-d40b6ce2-1972-4f6a-85f2-1e79e3e28519] Object was deleted but could not be found in the ZRC.
[http://chemistry.apache.org/Yzg3NmMzOTEtMDZiMC00ODc3LTg1YmYtMjFhYWQyNjIzZTNj-c876c391-06b0-4877-85bf-21aad2623e3c] Object was created but could not be found in the DRC.
[http://chemistry.apache.org/YWRhYjQ5MzgtNDlmOC00ZjcyLTgxNDItNmY1Mzk3YzE5NzBm-adab4938-49f8-4f72-8142-6f5397c1970f] Object was created but could not be found in the DRC.
[http://chemistry.apache.org/YWRhYjQ5MzgtNDlmOC00ZjcyLTgxNDItNmY1Mzk3YzE5NzBm-adab4938-49f8-4f72-8142-6f5397c1970f] Object was deleted but could not be found in the ZRC.
[http://chemistry.apache.org/Yzg3NmMzOTEtMDZiMC00ODc3LTg1YmYtMjFhYWQyNjIzZTNj-c876c391-06b0-4877-85bf-21aad2623e3c] Object was deleted but could not be found in the ZRC.
[http://chemistry.apache.org/YjgyM2ExYzAtYjJiNy00NzVkLWI3OTktMmY0ODE4ZDM0OGVj-b823a1c0-b2b7-475d-b799-2f4818d348ec] Object was created but could not be found in the DRC.
[http://chemistry.apache.org/NTBlYmFkN2EtZGRhOC00YzdhLWI4MTAtMTg5NzQ3ZGFjMmQ0-50ebad7a-dda8-4c7a-b810-189747dac2d4] Object was created but could not be found in the DRC.
[http://chemistry.apache.org/ZTVjM2JmMTEtMjZkNi00NWMzLWE3YmUtZmQwMzY1OGU1MTIxOzEuMA==-e5c3bf11-26d6-45c3-a7be-fd03658e5121] Object was created but could not be found in the DRC.
[http://chemistry.apache.org/ZTVjM2JmMTEtMjZkNi00NWMzLWE3YmUtZmQwMzY1OGU1MTIxOzEuMA==-e5c3bf11-26d6-45c3-a7be-fd03658e5121] Object was updated but could not be found in the DRC.
[http://chemistry.apache.org/YTkwNzQzZmQtZDg1Mi00OWIwLWJjOTUtZGRlZGE1ODljZTg2OzEuMA==-a90743fd-d852-49b0-bc95-ddeda589ce86] Object was created but could not be found in the DRC.
[http://chemistry.apache.org/YTkwNzQzZmQtZDg1Mi00OWIwLWJjOTUtZGRlZGE1ODljZTg2OzEuMA==-a90743fd-d852-49b0-bc95-ddeda589ce86] Object was updated but could not be found in the DRC.
[http://chemistry.apache.org/YTkwNzQzZmQtZDg1Mi00OWIwLWJjOTUtZGRlZGE1ODljZTg2OzEuMA==-a90743fd-d852-49b0-bc95-ddeda589ce86] Object was deleted but could not be found in the ZRC.
[http://chemistry.apache.org/ZDI1OTRmNTgtOWM2OC00N2I5LWJmNTUtYjk1YTJmYTJhNzJkOzEuMA==-d2594f58-9c68-47b9-bf55-b95a2fa2a72d] Object was created but could not be found in the DRC.
[http://chemistry.apache.org/ZDI1OTRmNTgtOWM2OC00N2I5LWJmNTUtYjk1YTJmYTJhNzJkOzEuMA==-d2594f58-9c68-47b9-bf55-b95a2fa2a72d] Object was updated but could not be found in the DRC.
[http://chemistry.apache.org/ZTVjM2JmMTEtMjZkNi00NWMzLWE3YmUtZmQwMzY1OGU1MTIxOzEuMA==-e5c3bf11-26d6-45c3-a7be-fd03658e5121] Object was deleted but could not be found in the ZRC.
[http://chemistry.apache.org/ZDI1OTRmNTgtOWM2OC00N2I5LWJmNTUtYjk1YTJmYTJhNzJkOzEuMA==-d2594f58-9c68-47b9-bf55-b95a2fa2a72d] Object was deleted but could not be found in the ZRC.
[http://chemistry.apache.org/NTBlYmFkN2EtZGRhOC00YzdhLWI4MTAtMTg5NzQ3ZGFjMmQ0-50ebad7a-dda8-4c7a-b810-189747dac2d4] Object was deleted but could not be found in the ZRC.
[http://chemistry.apache.org/YjgyM2ExYzAtYjJiNy00NzVkLWI3OTktMmY0ODE4ZDM0OGVj-b823a1c0-b2b7-475d-b799-2f4818d348ec] Object was deleted but could not be found in the ZRC.
[http://chemistry.apache.org/NzdkYTZhMjItZjE1MS00OGMxLTk4YjQtNDZmYjE2YzFmZGY5-77da6a22-f151-48c1-98b4-46fb16c1fdf9] Object was created but could not be found in the DRC.
[http://chemistry.apache.org/NGU0NjAxNTUtN2FkNC00YzlhLTgzNmMtYzIwNjQ2ZTI0N2Rk-4e460155-7ad4-4c9a-836c-c20646e247dd] Object was created but could not be found in the DRC.
[http://chemistry.apache.org/OTQ1MzY4NjctNmUxYi00NzgyLWI0Y2UtNzFhOTIyYzJiZWYwOzEuMA==-94536867-6e1b-4782-b4ce-71a922c2bef0] Object was created but could not be found in the DRC.
[http://chemistry.apache.org/OTQ1MzY4NjctNmUxYi00NzgyLWI0Y2UtNzFhOTIyYzJiZWYwOzEuMA==-94536867-6e1b-4782-b4ce-71a922c2bef0] Object was updated but could not be found in the DRC.
[http://chemistry.apache.org/ZDAwMGRmY2YtZDRjNS00NzcxLWJhYjktNjVkMTZmYTJiOGEyOzEuMA==-d000dfcf-d4c5-4771-bab9-65d16fa2b8a2] Object was created but could not be found in the DRC.
[http://chemistry.apache.org/ZDAwMGRmY2YtZDRjNS00NzcxLWJhYjktNjVkMTZmYTJiOGEyOzEuMA==-d000dfcf-d4c5-4771-bab9-65d16fa2b8a2] Object was updated but could not be found in the DRC.
[http://chemistry.apache.org/OTQ1MzY4NjctNmUxYi00NzgyLWI0Y2UtNzFhOTIyYzJiZWYwOzEuMA==-94536867-6e1b-4782-b4ce-71a922c2bef0] Object was deleted but could not be found in the ZRC.
[http://chemistry.apache.org/ZDAwMGRmY2YtZDRjNS00NzcxLWJhYjktNjVkMTZmYTJiOGEyOzEuMA==-d000dfcf-d4c5-4771-bab9-65d16fa2b8a2] Object was deleted but could not be found in the ZRC.
[http://chemistry.apache.org/NGU0NjAxNTUtN2FkNC00YzlhLTgzNmMtYzIwNjQ2ZTI0N2Rk-4e460155-7ad4-4c9a-836c-c20646e247dd] Object was deleted but could not be found in the ZRC.
[http://chemistry.apache.org/NzdkYTZhMjItZjE1MS00OGMxLTk4YjQtNDZmYjE2YzFmZGY5-77da6a22-f151-48c1-98b4-46fb16c1fdf9] Object was deleted but could not be found in the ZRC.
[http://chemistry.apache.org/N2I5ZGU0NDYtM2FjOC00ZmI4LTg5MGQtY2Q2MjM1MDhiNzlj-7b9de446-3ac8-4fb8-890d-cd623508b79c] Object was created but could not be found in the DRC.
[http://chemistry.apache.org/MmJiN2MxM2ItYWVhYy00ZTZmLWIwMTUtMjU0ODQ1ODU2NmNk-2bb7c13b-aeac-4e6f-b015-2548458566cd] Object was created but could not be found in the DRC.
[http://chemistry.apache.org/NGE0ZmRiNjgtOGUyZC00NmZlLWJhYzktMWQ1NGRkNDU1YjY4OzEuMA==-4a4fdb68-8e2d-46fe-bac9-1d54dd455b68] Object was created but could not be found in the DRC.
[http://chemistry.apache.org/NGE0ZmRiNjgtOGUyZC00NmZlLWJhYzktMWQ1NGRkNDU1YjY4OzEuMA==-4a4fdb68-8e2d-46fe-bac9-1d54dd455b68] Object was updated but could not be found in the DRC.
[http://chemistry.apache.org/ZjgzMjQzN2YtM2M1OC00MTQyLWFlZmUtNTU2M2NiYTgyMDU1OzEuMA==-f832437f-3c58-4142-aefe-5563cba82055] Object was created but could not be found in the DRC.
[http://chemistry.apache.org/ZjgzMjQzN2YtM2M1OC00MTQyLWFlZmUtNTU2M2NiYTgyMDU1OzEuMA==-f832437f-3c58-4142-aefe-5563cba82055] Object was updated but could not be found in the DRC.
[http://chemistry.apache.org/NGE0ZmRiNjgtOGUyZC00NmZlLWJhYzktMWQ1NGRkNDU1YjY4OzEuMA==-4a4fdb68-8e2d-46fe-bac9-1d54dd455b68] Object was deleted but could not be found in the ZRC.
[http://chemistry.apache.org/ZjgzMjQzN2YtM2M1OC00MTQyLWFlZmUtNTU2M2NiYTgyMDU1OzEuMA==-f832437f-3c58-4142-aefe-5563cba82055] Object was deleted but could not be found in the ZRC.
[http://chemistry.apache.org/MmJiN2MxM2ItYWVhYy00ZTZmLWIwMTUtMjU0ODQ1ODU2NmNk-2bb7c13b-aeac-4e6f-b015-2548458566cd] Object was deleted but could not be found in the ZRC.
[http://chemistry.apache.org/N2I5ZGU0NDYtM2FjOC00ZmI4LTg5MGQtY2Q2MjM1MDhiNzlj-7b9de446-3ac8-4fb8-890d-cd623508b79c] Object was deleted but could not be found in the ZRC.
[http://chemistry.apache.org/ZTQ3M2EzZjktNjZkYS00YjQ2LTg5OTgtYTllZTA1Nzk5ZDNh-e473a3f9-66da-4b46-8998-a9ee05799d3a] Object was created but could not be found in the DRC.
[http://chemistry.apache.org/M2U3ZWM4NzUtMzA0OC00NTA5LTg0NzYtMDkxOGJkYjNmNzU1-3e7ec875-3048-4509-8476-0918bdb3f755] Object was created but could not be found in the DRC.
[http://chemistry.apache.org/NjhlNDE5MGEtZmFiOC00OWE3LTg4NTItYzVjNTA4ZWE5ZGVhOzEuMA==-68e4190a-fab8-49a7-8852-c5c508ea9dea] Object was created but could not be found in the DRC.
[http://chemistry.apache.org/NjhlNDE5MGEtZmFiOC00OWE3LTg4NTItYzVjNTA4ZWE5ZGVhOzEuMA==-68e4190a-fab8-49a7-8852-c5c508ea9dea] Object was updated but could not be found in the DRC.
[http://chemistry.apache.org/MGZmZDJlMDUtYjRhMC00NjBmLTk3N2QtOWYyNzRkMWY4MjM0OzEuMA==-0ffd2e05-b4a0-460f-977d-9f274d1f8234] Object was created but could not be found in the DRC.
[http://chemistry.apache.org/MGZmZDJlMDUtYjRhMC00NjBmLTk3N2QtOWYyNzRkMWY4MjM0OzEuMA==-0ffd2e05-b4a0-460f-977d-9f274d1f8234] Object was updated but could not be found in the DRC.
[http://chemistry.apache.org/MGZmZDJlMDUtYjRhMC00NjBmLTk3N2QtOWYyNzRkMWY4MjM0OzEuMA==-0ffd2e05-b4a0-460f-977d-9f274d1f8234] Object was deleted but could not be found in the ZRC.
[http://chemistry.apache.org/NjhlNDE5MGEtZmFiOC00OWE3LTg4NTItYzVjNTA4ZWE5ZGVhOzEuMA==-68e4190a-fab8-49a7-8852-c5c508ea9dea] Object was deleted but could not be found in the ZRC.
[http://chemistry.apache.org/M2U3ZWM4NzUtMzA0OC00NTA5LTg0NzYtMDkxOGJkYjNmNzU1-3e7ec875-3048-4509-8476-0918bdb3f755] Object was deleted but could not be found in the ZRC.
[http://chemistry.apache.org/ZTQ3M2EzZjktNjZkYS00YjQ2LTg5OTgtYTllZTA1Nzk5ZDNh-e473a3f9-66da-4b46-8998-a9ee05799d3a] Object was deleted but could not be found in the ZRC.
[http://chemistry.apache.org/ZGZiYzJmNGUtYWQwZi00YmZkLThkM2QtOTA0NmYzMmU3MzEx-dfbc2f4e-ad0f-4bfd-8d3d-9046f32e7311] Object was created but could not be found in the DRC.
[http://chemistry.apache.org/MTg0MmYzYjktNjc3My00ZjRlLTgzZDUtZDFjZDdlNzlmYmRl-1842f3b9-6773-4f4e-83d5-d1cd7e79fbde] Object was created but could not be found in the DRC.
[http://chemistry.apache.org/MTg0MmYzYjktNjc3My00ZjRlLTgzZDUtZDFjZDdlNzlmYmRl-1842f3b9-6773-4f4e-83d5-d1cd7e79fbde] Object was deleted but could not be found in the ZRC.
[http://chemistry.apache.org/ZGZiYzJmNGUtYWQwZi00YmZkLThkM2QtOTA0NmYzMmU3MzEx-dfbc2f4e-ad0f-4bfd-8d3d-9046f32e7311] Object was deleted but could not be found in the ZRC.
[http://chemistry.apache.org/YWRhYjEwZjYtMWE1Yy00MjUzLTlkMzAtNTZmMzk3YWU5ZTZl-adab10f6-1a5c-4253-9d30-56f397ae9e6e] Object was created but could not be found in the DRC.
[http://chemistry.apache.org/YzQ4M2QxMDktYWI5Ny00NzU4LWFiNzgtYTE4ZjBmNTA1Y2Zj-c483d109-ab97-4758-ab78-a18f0f505cfc] Object was created but could not be found in the DRC.
[http://chemistry.apache.org/YzQ4M2QxMDktYWI5Ny00NzU4LWFiNzgtYTE4ZjBmNTA1Y2Zj-c483d109-ab97-4758-ab78-a18f0f505cfc] Object was deleted but could not be found in the ZRC.
[http://chemistry.apache.org/YWRhYjEwZjYtMWE1Yy00MjUzLTlkMzAtNTZmMzk3YWU5ZTZl-adab10f6-1a5c-4253-9d30-56f397ae9e6e] Object was deleted but could not be found in the ZRC.
[http://chemistry.apache.org/Njg3ZDc2NDctMGZjYi00YzhkLWJkNzMtMTViZGIwZGQyYzNh-687d7647-0fcb-4c8d-bd73-15bdb0dd2c3a] Object was created but could not be found in the DRC.
[http://chemistry.apache.org/ZThhNWE4OTUtZTAyMC00OTExLTgwMTAtOTY4ZGY5MzI2MWY5-e8a5a895-e020-4911-8010-968df93261f9] Object was created but could not be found in the DRC.
[http://chemistry.apache.org/ZThhNWE4OTUtZTAyMC00OTExLTgwMTAtOTY4ZGY5MzI2MWY5-e8a5a895-e020-4911-8010-968df93261f9] Object was deleted but could not be found in the ZRC.
[http://chemistry.apache.org/Njg3ZDc2NDctMGZjYi00YzhkLWJkNzMtMTViZGIwZGQyYzNh-687d7647-0fcb-4c8d-bd73-15bdb0dd2c3a] Object was deleted but could not be found in the ZRC.
[http://chemistry.apache.org/NTUyOGViZGQtYTdkNC00N2Q3LThkYzItOTM0NzQwNGRhY2Ix-5528ebdd-a7d4-47d7-8dc2-9347404dacb1] Object was created but could not be found in the DRC.
[http://chemistry.apache.org/ZjE1YmQ4MzMtMTJkYi00Yzc0LWI4M2UtNzllYWQ3OTY4YTAz-f15bd833-12db-4c74-b83e-79ead7968a03] Object was created but could not be found in the DRC.
[http://chemistry.apache.org/NzgyMTM4OTgtOWVjZC00NDlkLThmMGYtOGQ4ZGQwNTY4OWVi-78213898-9ecd-449d-8f0f-8d8dd05689eb] Object was created but could not be found in the DRC.
[http://chemistry.apache.org/ZjE1YmQ4MzMtMTJkYi00Yzc0LWI4M2UtNzllYWQ3OTY4YTAz-f15bd833-12db-4c74-b83e-79ead7968a03] Object was deleted but could not be found in the ZRC.
[http://chemistry.apache.org/NzgyMTM4OTgtOWVjZC00NDlkLThmMGYtOGQ4ZGQwNTY4OWVi-78213898-9ecd-449d-8f0f-8d8dd05689eb] Object was deleted but could not be found in the ZRC.
[http://chemistry.apache.org/NTUyOGViZGQtYTdkNC00N2Q3LThkYzItOTM0NzQwNGRhY2Ix-5528ebdd-a7d4-47d7-8dc2-9347404dacb1] Object was deleted but could not be found in the ZRC.
[http://chemistry.apache.org/ZmQ1MzQwMzctZTM4My00ZGQ1LWJjY2EtMjI2MGIxNGI1NWE4-fd534037-e383-4dd5-bcca-2260b14b55a8] Object was created but could not be found in the DRC.
[http://chemistry.apache.org/NDJjYzQxYTMtNzJmYy00ZjhkLWFiNWItYTc4NjlhMjg1MjUx-42cc41a3-72fc-4f8d-ab5b-a7869a285251] Object was created but could not be found in the DRC.
[http://chemistry.apache.org/NDJjYzQxYTMtNzJmYy00ZjhkLWFiNWItYTc4NjlhMjg1MjUx-42cc41a3-72fc-4f8d-ab5b-a7869a285251] Object was deleted but could not be found in the ZRC.
[http://chemistry.apache.org/ZmQ1MzQwMzctZTM4My00ZGQ1LWJjY2EtMjI2MGIxNGI1NWE4-fd534037-e383-4dd5-bcca-2260b14b55a8] Object was deleted but could not be found in the ZRC.
[http://chemistry.apache.org/ODg3NGEwOTItZDkyYi00YWEwLTkxZDctMjIxOGU0NDI0NDlj-8874a092-d92b-4aa0-91d7-2218e442449c] Object was created but could not be found in the DRC.
[http://chemistry.apache.org/N2QzNmExYmEtYmY4Zi00ZDE2LWJhYzUtYTg3ZTE3NmVmMGUw-7d36a1ba-bf8f-4d16-bac5-a87e176ef0e0] Object was created but could not be found in the DRC.
[http://chemistry.apache.org/N2QzNmExYmEtYmY4Zi00ZDE2LWJhYzUtYTg3ZTE3NmVmMGUw-7d36a1ba-bf8f-4d16-bac5-a87e176ef0e0] Object was deleted but could not be found in the ZRC.
[http://chemistry.apache.org/ODg3NGEwOTItZDkyYi00YWEwLTkxZDctMjIxOGU0NDI0NDlj-8874a092-d92b-4aa0-91d7-2218e442449c] Object was deleted but could not be found in the ZRC.
[http://chemistry.apache.org/NmQwZWRlM2UtNGNlNi00OWQyLTk5MzItNTAxYWZjODBhZWY0-6d0ede3e-4ce6-49d2-9932-501afc80aef4] Object was created but could not be found in the DRC.
[http://chemistry.apache.org/ZWNiNzc5NTAtYzFmOS00YTFhLWE3YjgtY2Y4NTY4NWYyMGI4-ecb77950-c1f9-4a1a-a7b8-cf85685f20b8] Object was created but could not be found in the DRC.
[http://chemistry.apache.org/ZWNiNzc5NTAtYzFmOS00YTFhLWE3YjgtY2Y4NTY4NWYyMGI4-ecb77950-c1f9-4a1a-a7b8-cf85685f20b8] Object was deleted but could not be found in the ZRC.
[http://chemistry.apache.org/NmQwZWRlM2UtNGNlNi00OWQyLTk5MzItNTAxYWZjODBhZWY0-6d0ede3e-4ce6-49d2-9932-501afc80aef4] Object was deleted but could not be found in the ZRC.
[http://chemistry.apache.org/YWY0YTQ1N2ItMDM4NC00ZjVmLWE0OTItZTJlMDEwZDdjZWM5-af4a457b-0384-4f5f-a492-e2e010d7cec9] Object was created but could not be found in the DRC.
[http://chemistry.apache.org/ZGNmODI3ODMtNjhmOS00MDg4LWI3MDgtNjRkMGZhZWI2ZGYz-dcf82783-68f9-4088-b708-64d0faeb6df3] Object was created but could not be found in the DRC.
[http://chemistry.apache.org/ZGNmODI3ODMtNjhmOS00MDg4LWI3MDgtNjRkMGZhZWI2ZGYz-dcf82783-68f9-4088-b708-64d0faeb6df3] Object was deleted but could not be found in the ZRC.
[http://chemistry.apache.org/YWY0YTQ1N2ItMDM4NC00ZjVmLWE0OTItZTJlMDEwZDdjZWM5-af4a457b-0384-4f5f-a492-e2e010d7cec9] Object was deleted but could not be found in the ZRC.
[http://chemistry.apache.org/MzlmYjExMjUtNWZmOS00MjNjLTk5MmYtZTI4MDViOTAxNTU0-39fb1125-5ff9-423c-992f-e2805b901554] Object was created but could not be found in the DRC.
[http://chemistry.apache.org/NmQ1MDU0ZGItNDlhOS00MTZmLThjOGItMTMxMjM4YjBjNmYx-6d5054db-49a9-416f-8c8b-131238b0c6f1] Object was created but could not be found in the DRC.
[http://chemistry.apache.org/NmQ1MDU0ZGItNDlhOS00MTZmLThjOGItMTMxMjM4YjBjNmYx-6d5054db-49a9-416f-8c8b-131238b0c6f1] Object was deleted but could not be found in the ZRC.
[http://chemistry.apache.org/MzlmYjExMjUtNWZmOS00MjNjLTk5MmYtZTI4MDViOTAxNTU0-39fb1125-5ff9-423c-992f-e2805b901554] Object was deleted but could not be found in the ZRC.
[http://chemistry.apache.org/OGYxNDg2ZTEtZDkyOC00NzM4LWIyMGUtNDJmZGU1YzAxOTRk-8f1486e1-d928-4738-b20e-42fde5c0194d] Object was created but could not be found in the DRC.
[http://chemistry.apache.org/Mzc3ZjgyYzMtMjVkZS00ZmZmLThmZDEtNDFlNjhhNzNlMGJl-377f82c3-25de-4fff-8fd1-41e68a73e0be] Object was created but could not be found in the DRC.
[http://chemistry.apache.org/MGMyODYzMmYtMGE1Mi00NDJhLWI1ZjctYzFhNTU0ZmY3M2I0OzEuMA==-0c28632f-0a52-442a-b5f7-c1a554ff73b4] Object was created but could not be found in the DRC.
[http://chemistry.apache.org/MGMyODYzMmYtMGE1Mi00NDJhLWI1ZjctYzFhNTU0ZmY3M2I0OzEuMA==-0c28632f-0a52-442a-b5f7-c1a554ff73b4] Object was updated but could not be found in the DRC.
[http://chemistry.apache.org/MGMyODYzMmYtMGE1Mi00NDJhLWI1ZjctYzFhNTU0ZmY3M2I0OzEuMQ==-0c28632f-0a52-442a-b5f7-c1a554ff73b4] Object was deleted but could not be found in the ZRC.
[http://chemistry.apache.org/Mzc3ZjgyYzMtMjVkZS00ZmZmLThmZDEtNDFlNjhhNzNlMGJl-377f82c3-25de-4fff-8fd1-41e68a73e0be] Object was deleted but could not be found in the ZRC.
[http://chemistry.apache.org/OGYxNDg2ZTEtZDkyOC00NzM4LWIyMGUtNDJmZGU1YzAxOTRk-8f1486e1-d928-4738-b20e-42fde5c0194d] Object was deleted but could not be found in the ZRC.
[http://chemistry.apache.org/ZWU5MTkzNDAtMjlhOC00MzhlLTkyMjAtYTYzYTJiY2RkMzdm-ee919340-29a8-438e-9220-a63a2bcdd37f] Object was created but could not be found in the DRC.
[http://chemistry.apache.org/ZmU0NGU1ZjktY2MyYy00NDlkLThlZmEtMDRiYmRiM2NkZjE2-fe44e5f9-cc2c-449d-8efa-04bbdb3cdf16] Object was created but could not be found in the DRC.
[http://chemistry.apache.org/ZmU0NGU1ZjktY2MyYy00NDlkLThlZmEtMDRiYmRiM2NkZjE2-fe44e5f9-cc2c-449d-8efa-04bbdb3cdf16] Object was deleted but could not be found in the ZRC.
[http://chemistry.apache.org/ZWU5MTkzNDAtMjlhOC00MzhlLTkyMjAtYTYzYTJiY2RkMzdm-ee919340-29a8-438e-9220-a63a2bcdd37f] Object was deleted but could not be found in the ZRC.
[http://chemistry.apache.org/Mjc1MmVlMDQtYTMyMS00ZTRlLThhMTctNzI4MjY2OGRmZDQ1-2752ee04-a321-4e4e-8a17-7282668dfd45] Object was created but could not be found in the DRC.
[http://chemistry.apache.org/MzExMGQ0MjktYmQ4ZC00NmYyLWIyNWQtYTAyZTg5ZGMxOWE4-3110d429-bd8d-46f2-b25d-a02e89dc19a8] Object was created but could not be found in the DRC.
[http://chemistry.apache.org/MGY1NjkwYTItMDBmZC00YzczLWFiZDEtNzQ4MGYxMDc2ZTEwOzEuMA==-0f5690a2-00fd-4c73-abd1-7480f1076e10] Object was created but could not be found in the DRC.
[http://chemistry.apache.org/MGY1NjkwYTItMDBmZC00YzczLWFiZDEtNzQ4MGYxMDc2ZTEwOzEuMA==-0f5690a2-00fd-4c73-abd1-7480f1076e10] Object was updated but could not be found in the DRC.
[http://chemistry.apache.org/MGY1NjkwYTItMDBmZC00YzczLWFiZDEtNzQ4MGYxMDc2ZTEwOzEuMA==-0f5690a2-00fd-4c73-abd1-7480f1076e10] Object was deleted but could not be found in the ZRC.
[http://chemistry.apache.org/MzExMGQ0MjktYmQ4ZC00NmYyLWIyNWQtYTAyZTg5ZGMxOWE4-3110d429-bd8d-46f2-b25d-a02e89dc19a8] Object was deleted but could not be found in the ZRC.
[http://chemistry.apache.org/Mjc1MmVlMDQtYTMyMS00ZTRlLThhMTctNzI4MjY2OGRmZDQ1-2752ee04-a321-4e4e-8a17-7282668dfd45] Object was deleted but could not be found in the ZRC.
[http://chemistry.apache.org/YjQ2ZmU4YjYtMGIwNi00Y2U0LWI5NzgtOWVhYmE5OTRkNmE5-b46fe8b6-0b06-4ce4-b978-9eaba994d6a9] Object was created but could not be found in the DRC.
[http://chemistry.apache.org/ZmI2YTQxNzUtMjM1ZS00N2M0LWFlZGYtNTBkM2Q1NmJiYzgw-fb6a4175-235e-47c4-aedf-50d3d56bbc80] Object was created but could not be found in the DRC.
[http://chemistry.apache.org/Y2EzMDIwOTYtYzhmYS00MDMxLTg0OWUtNjcyZmE4M2U5MWI0OzEuMA==-ca302096-c8fa-4031-849e-672fa83e91b4] Object was created but could not be found in the DRC.
[http://chemistry.apache.org/Y2EzMDIwOTYtYzhmYS00MDMxLTg0OWUtNjcyZmE4M2U5MWI0OzEuMA==-ca302096-c8fa-4031-849e-672fa83e91b4] Object was updated but could not be found in the DRC.
[http://chemistry.apache.org/Y2EzMDIwOTYtYzhmYS00MDMxLTg0OWUtNjcyZmE4M2U5MWI0OzEuMA==-ca302096-c8fa-4031-849e-672fa83e91b4] Object was deleted but could not be found in the ZRC.
[http://chemistry.apache.org/ZmI2YTQxNzUtMjM1ZS00N2M0LWFlZGYtNTBkM2Q1NmJiYzgw-fb6a4175-235e-47c4-aedf-50d3d56bbc80] Object was deleted but could not be found in the ZRC.
[http://chemistry.apache.org/YjQ2ZmU4YjYtMGIwNi00Y2U0LWI5NzgtOWVhYmE5OTRkNmE5-b46fe8b6-0b06-4ce4-b978-9eaba994d6a9] Object was deleted but could not be found in the ZRC.
[http://chemistry.apache.org/MTk4YTg2N2YtODU1Yi00Yjk5LWJiYTQtMWFkNzQwYmUzM2Fl-198a867f-855b-4b99-bba4-1ad740be33ae] Object was created but could not be found in the DRC.
[http://chemistry.apache.org/OGY1MDY5ZWUtMzRmNy00NTNhLTkxODQtMDNhNGQyNjQxODk1-8f5069ee-34f7-453a-9184-03a4d2641895] Object was created but could not be found in the DRC.
[http://chemistry.apache.org/Y2FjZGMyNTAtMjk0Yy00ZjFmLWJkOTEtZmNjOWRlMDc0YWI5OzEuMA==-cacdc250-294c-4f1f-bd91-fcc9de074ab9] Object was created but could not be found in the DRC.
[http://chemistry.apache.org/Y2FjZGMyNTAtMjk0Yy00ZjFmLWJkOTEtZmNjOWRlMDc0YWI5OzEuMA==-cacdc250-294c-4f1f-bd91-fcc9de074ab9] Object was updated but could not be found in the DRC.
[http://chemistry.apache.org/Y2FjZGMyNTAtMjk0Yy00ZjFmLWJkOTEtZmNjOWRlMDc0YWI5OzEuMA==-cacdc250-294c-4f1f-bd91-fcc9de074ab9] Object was deleted but could not be found in the ZRC.
[http://chemistry.apache.org/OGY1MDY5ZWUtMzRmNy00NTNhLTkxODQtMDNhNGQyNjQxODk1-8f5069ee-34f7-453a-9184-03a4d2641895] Object was deleted but could not be found in the ZRC.
[http://chemistry.apache.org/MTk4YTg2N2YtODU1Yi00Yjk5LWJiYTQtMWFkNzQwYmUzM2Fl-198a867f-855b-4b99-bba4-1ad740be33ae] Object was deleted but could not be found in the ZRC.
[http://chemistry.apache.org/MDIxNjQ2MmMtZTBjMy00MGMzLTkwNmYtMmE1ZGJiZmQ2YWQ5-0216462c-e0c3-40c3-906f-2a5dbbfd6ad9] Object was created but could not be found in the DRC.
[http://chemistry.apache.org/ZDFjMjRiM2YtNWUxZC00ZWQ0LWIzZjEtNTMxYjczOGViYzJm-d1c24b3f-5e1d-4ed4-b3f1-531b738ebc2f] Object was created but could not be found in the DRC.
[http://chemistry.apache.org/MGUxN2JlM2QtZjUyYy00ZDQwLThhZDItZjhiOTNhYmFhYTgyOzEuMA==-0e17be3d-f52c-4d40-8ad2-f8b93abaaa82] Object was created but could not be found in the DRC.
[http://chemistry.apache.org/MGUxN2JlM2QtZjUyYy00ZDQwLThhZDItZjhiOTNhYmFhYTgyOzEuMA==-0e17be3d-f52c-4d40-8ad2-f8b93abaaa82] Object was updated but could not be found in the DRC.
[http://chemistry.apache.org/MzJkZTJjMGUtNjRhNy00N2VkLWI5NTYtZWRkN2MyM2JhYTM1-32de2c0e-64a7-47ed-b956-edd7c23baa35] Object was created but could not be found in the DRC.
[http://chemistry.apache.org/MGUxN2JlM2QtZjUyYy00ZDQwLThhZDItZjhiOTNhYmFhYTgyOzEuMA==-0e17be3d-f52c-4d40-8ad2-f8b93abaaa82] Object was deleted but could not be found in the ZRC.
[http://chemistry.apache.org/MzJkZTJjMGUtNjRhNy00N2VkLWI5NTYtZWRkN2MyM2JhYTM1-32de2c0e-64a7-47ed-b956-edd7c23baa35] Object was deleted but could not be found in the ZRC.
[http://chemistry.apache.org/ZDFjMjRiM2YtNWUxZC00ZWQ0LWIzZjEtNTMxYjczOGViYzJm-d1c24b3f-5e1d-4ed4-b3f1-531b738ebc2f] Object was deleted but could not be found in the ZRC.
[http://chemistry.apache.org/MDIxNjQ2MmMtZTBjMy00MGMzLTkwNmYtMmE1ZGJiZmQ2YWQ5-0216462c-e0c3-40c3-906f-2a5dbbfd6ad9] Object was deleted but could not be found in the ZRC.
[http://chemistry.apache.org/YTg1NjUzNDQtYjdiNy00MjA0LWExZTAtOTlmYmU4MTYwN2U4-a8565344-b7b7-4204-a1e0-99fbe81607e8] Object was created but could not be found in the DRC.
[http://chemistry.apache.org/NDE0MjgzNDEtNmI0ZS00ZmMwLThhM2MtOTM1ZTM1NzcxY2Vh-41428341-6b4e-4fc0-8a3c-935e35771cea] Object was created but could not be found in the DRC.
[http://chemistry.apache.org/ZjA0MGE4NWMtM2M4My00NjE0LWIzM2QtNGVjMjc3MjJiNjBkOzEuMA==-f040a85c-3c83-4614-b33d-4ec27722b60d] Object was created but could not be found in the DRC.
[http://chemistry.apache.org/ZjA0MGE4NWMtM2M4My00NjE0LWIzM2QtNGVjMjc3MjJiNjBkOzEuMA==-f040a85c-3c83-4614-b33d-4ec27722b60d] Object was updated but could not be found in the DRC.
[http://chemistry.apache.org/ZjA0MGE4NWMtM2M4My00NjE0LWIzM2QtNGVjMjc3MjJiNjBkOzEuMA==-f040a85c-3c83-4614-b33d-4ec27722b60d] Object was deleted but could not be found in the ZRC.
[http://chemistry.apache.org/NDE0MjgzNDEtNmI0ZS00ZmMwLThhM2MtOTM1ZTM1NzcxY2Vh-41428341-6b4e-4fc0-8a3c-935e35771cea] Object was deleted but could not be found in the ZRC.
[http://chemistry.apache.org/YTg1NjUzNDQtYjdiNy00MjA0LWExZTAtOTlmYmU4MTYwN2U4-a8565344-b7b7-4204-a1e0-99fbe81607e8] Object was deleted but could not be found in the ZRC.
[http://chemistry.apache.org/MmFjYTAxNTctZDE1MC00MDBlLWIwMDktNzU2NTljZDhmZTcw-2aca0157-d150-400e-b009-75659cd8fe70] Object was created but could not be found in the DRC.
[http://chemistry.apache.org/ZTQwYjY5MWYtNGY5ZC00Y2NjLTk3MjktMjE2MGUwYWQ1ZjYy-e40b691f-4f9d-4ccc-9729-2160e0ad5f62] Object was created but could not be found in the DRC.
[http://chemistry.apache.org/MWI4MDdiY2MtZWQyYy00M2Q4LTg2ZmUtYWRiNTNhZjM4YTA1OzEuMA==-1b807bcc-ed2c-43d8-86fe-adb53af38a05] Object was created but could not be found in the DRC.
[http://chemistry.apache.org/MWI4MDdiY2MtZWQyYy00M2Q4LTg2ZmUtYWRiNTNhZjM4YTA1OzEuMA==-1b807bcc-ed2c-43d8-86fe-adb53af38a05] Object was updated but could not be found in the DRC.
[http://chemistry.apache.org/MWI4MDdiY2MtZWQyYy00M2Q4LTg2ZmUtYWRiNTNhZjM4YTA1OzEuMA==-1b807bcc-ed2c-43d8-86fe-adb53af38a05] Object was deleted but could not be found in the ZRC.
[http://chemistry.apache.org/YzJjYjJkNmEtOTIzZC00ZjAwLTk5YWUtZDU4Yjk1ZDRhYWFh-c2cb2d6a-923d-4f00-99ae-d58b95d4aaaa] Object was created but could not be found in the DRC.
[http://chemistry.apache.org/YzJjYjJkNmEtOTIzZC00ZjAwLTk5YWUtZDU4Yjk1ZDRhYWFh-c2cb2d6a-923d-4f00-99ae-d58b95d4aaaa] Object was deleted but could not be found in the ZRC.
[http://chemistry.apache.org/ZTQwYjY5MWYtNGY5ZC00Y2NjLTk3MjktMjE2MGUwYWQ1ZjYy-e40b691f-4f9d-4ccc-9729-2160e0ad5f62] Object was deleted but could not be found in the ZRC.
[http://chemistry.apache.org/MmFjYTAxNTctZDE1MC00MDBlLWIwMDktNzU2NTljZDhmZTcw-2aca0157-d150-400e-b009-75659cd8fe70] Object was deleted but could not be found in the ZRC.
[http://chemistry.apache.org/ZTcyMDJiMTktOWI4ZS00ZTViLWFhNTAtOTcwYjQzZjJiODg4OzEuMA==-e7202b19-9b8e-4e5b-aa50-970b43f2b888] Object was created but could not be found in the DRC.
[http://chemistry.apache.org/ZTcyMDJiMTktOWI4ZS00ZTViLWFhNTAtOTcwYjQzZjJiODg4OzEuMA==-e7202b19-9b8e-4e5b-aa50-970b43f2b888] Object was updated but could not be found in the DRC.
[http://chemistry.apache.org/NTZmZTBiYTktMTYyOS00OTY3LTg4NTktZTc1YzJjNDYwZjBi-56fe0ba9-1629-4967-8859-e75c2c460f0b] Object was created but could not be found in the DRC.
[http://chemistry.apache.org/YTQ2NDU5Y2EtODNhNy00MTkzLWE0MjEtMzY1ZmVjNjU2YmU1-a46459ca-83a7-4193-a421-365fec656be5] Object was created but could not be found in the DRC.
[http://chemistry.apache.org/YTQ2NDU5Y2EtODNhNy00MTkzLWE0MjEtMzY1ZmVjNjU2YmU1-a46459ca-83a7-4193-a421-365fec656be5] Object was deleted but could not be found in the ZRC.
[http://chemistry.apache.org/NTZmZTBiYTktMTYyOS00OTY3LTg4NTktZTc1YzJjNDYwZjBi-56fe0ba9-1629-4967-8859-e75c2c460f0b] Object was deleted but could not be found in the ZRC.
[http://chemistry.apache.org/ZDEzMjdjNTEtMDMxOS00YzdhLWI4ZmEtZWQxZGY5OTQ1Njg3-d1327c51-0319-4c7a-b8fa-ed1df9945687] Object was created but could not be found in the DRC.
[http://chemistry.apache.org/YmY5M2ZiYzktNjA1NC00OTkyLWJmNTAtNDdiNjNjMDc4ODY1-bf93fbc9-6054-4992-bf50-47b63c078865] Object was created but could not be found in the DRC.
[http://chemistry.apache.org/YmY5M2ZiYzktNjA1NC00OTkyLWJmNTAtNDdiNjNjMDc4ODY1-bf93fbc9-6054-4992-bf50-47b63c078865] Object was deleted but could not be found in the ZRC.
[http://chemistry.apache.org/ZDEzMjdjNTEtMDMxOS00YzdhLWI4ZmEtZWQxZGY5OTQ1Njg3-d1327c51-0319-4c7a-b8fa-ed1df9945687] Object was deleted but could not be found in the ZRC.
[http://chemistry.apache.org/YzJmNDJlYTAtODE1MS00N2YxLTk2ODctMWYzMzBhMTFhNDNi-c2f42ea0-8151-47f1-9687-1f330a11a43b] Object was created but could not be found in the DRC.
[http://chemistry.apache.org/MDNiMTljYjItZTM1OC00NTE2LWIyMTYtNzc3NTNkMjA4ZGUx-03b19cb2-e358-4516-b216-77753d208de1] Object was created but could not be found in the DRC.
[http://chemistry.apache.org/MDNiMTljYjItZTM1OC00NTE2LWIyMTYtNzc3NTNkMjA4ZGUx-03b19cb2-e358-4516-b216-77753d208de1] Object was deleted but could not be found in the ZRC.
[http://chemistry.apache.org/YzJmNDJlYTAtODE1MS00N2YxLTk2ODctMWYzMzBhMTFhNDNi-c2f42ea0-8151-47f1-9687-1f330a11a43b] Object was deleted but could not be found in the ZRC.
[http://chemistry.apache.org/YjA5N2JmNDItMmIyZC00N2IwLWEzY2QtMzljNjBjZWVkZDRm-b097bf42-2b2d-47b0-a3cd-39c60ceedd4f] Object was created but could not be found in the DRC.
[http://chemistry.apache.org/Y2RhZDA1NGYtYTNjYi00MGFjLWIzMTItNWVhOTQ4MDVjNzBh-cdad054f-a3cb-40ac-b312-5ea94805c70a] Object was created but could not be found in the DRC.
[http://chemistry.apache.org/Y2RhZDA1NGYtYTNjYi00MGFjLWIzMTItNWVhOTQ4MDVjNzBh-cdad054f-a3cb-40ac-b312-5ea94805c70a] Object was deleted but could not be found in the ZRC.
[http://chemistry.apache.org/YjA5N2JmNDItMmIyZC00N2IwLWEzY2QtMzljNjBjZWVkZDRm-b097bf42-2b2d-47b0-a3cd-39c60ceedd4f] Object was deleted but could not be found in the ZRC.
[http://chemistry.apache.org/NmEzNWI0MzQtNzJkYi00ZGJlLWE3ZjAtYmU0MmQyMmM0Nzg3-6a35b434-72db-4dbe-a7f0-be42d22c4787] Object was created but could not be found in the DRC.
[http://chemistry.apache.org/ODI2ZDM2NmMtNmE3Yy00MmVhLTgzMzctYTcwOTMyNTYzMjc5-826d366c-6a7c-42ea-8337-a70932563279] Object was created but could not be found in the DRC.
[http://chemistry.apache.org/ODI2ZDM2NmMtNmE3Yy00MmVhLTgzMzctYTcwOTMyNTYzMjc5-826d366c-6a7c-42ea-8337-a70932563279] Object was deleted but could not be found in the ZRC.
[http://chemistry.apache.org/NmEzNWI0MzQtNzJkYi00ZGJlLWE3ZjAtYmU0MmQyMmM0Nzg3-6a35b434-72db-4dbe-a7f0-be42d22c4787] Object was deleted but could not be found in the ZRC.
[http://chemistry.apache.org/OTM3MGY4NDEtZWNkOS00NTE1LWE0YmYtYjZjNDQxZjZmMjU1-9370f841-ecd9-4515-a4bf-b6c441f6f255] Object was created but could not be found in the DRC.
[http://chemistry.apache.org/MTU5NjA2MzUtYmNhNC00ZjQ0LThiZDQtMDUyZDA4MDAzYzkz-15960635-bca4-4f44-8bd4-052d08003c93] Object was created but could not be found in the DRC.
[http://chemistry.apache.org/NzgxYmVjMGYtNzIzZS00MDcyLWJkYWMtMzdhNGVlMWI3OGZkOzEuMA==-781bec0f-723e-4072-bdac-37a4ee1b78fd] Object was created but could not be found in the DRC.
[http://chemistry.apache.org/NzgxYmVjMGYtNzIzZS00MDcyLWJkYWMtMzdhNGVlMWI3OGZkOzEuMA==-781bec0f-723e-4072-bdac-37a4ee1b78fd] Object was updated but could not be found in the DRC.
[http://chemistry.apache.org/YjRjZTU4MmYtM2Y5MS00YWY3LWIwN2QtMzM3NThiNTdmM2VkOzEuMA==-b4ce582f-3f91-4af7-b07d-33758b57f3ed] Object was created but could not be found in the DRC.
[http://chemistry.apache.org/YjRjZTU4MmYtM2Y5MS00YWY3LWIwN2QtMzM3NThiNTdmM2VkOzEuMA==-b4ce582f-3f91-4af7-b07d-33758b57f3ed] Object was updated but could not be found in the DRC.
[http://chemistry.apache.org/YjRjZTU4MmYtM2Y5MS00YWY3LWIwN2QtMzM3NThiNTdmM2VkOzEuMA==-b4ce582f-3f91-4af7-b07d-33758b57f3ed] Object was deleted but could not be found in the ZRC.
[http://chemistry.apache.org/MWE1ZjI4NDAtZGI5ZS00ZjEwLThkYmItNDM3MmRhZTYwMmE0OzEuMA==-1a5f2840-db9e-4f10-8dbb-4372dae602a4] Object was created but could not be found in the DRC.
[http://chemistry.apache.org/MWE1ZjI4NDAtZGI5ZS00ZjEwLThkYmItNDM3MmRhZTYwMmE0OzEuMA==-1a5f2840-db9e-4f10-8dbb-4372dae602a4] Object was updated but could not be found in the DRC.
[http://chemistry.apache.org/NzgxYmVjMGYtNzIzZS00MDcyLWJkYWMtMzdhNGVlMWI3OGZkOzEuMA==-781bec0f-723e-4072-bdac-37a4ee1b78fd] Object was deleted but could not be found in the ZRC.
[http://chemistry.apache.org/MWE1ZjI4NDAtZGI5ZS00ZjEwLThkYmItNDM3MmRhZTYwMmE0OzEuMA==-1a5f2840-db9e-4f10-8dbb-4372dae602a4] Object was deleted but could not be found in the ZRC.
[http://chemistry.apache.org/MTU5NjA2MzUtYmNhNC00ZjQ0LThiZDQtMDUyZDA4MDAzYzkz-15960635-bca4-4f44-8bd4-052d08003c93] Object was deleted but could not be found in the ZRC.
[http://chemistry.apache.org/OTM3MGY4NDEtZWNkOS00NTE1LWE0YmYtYjZjNDQxZjZmMjU1-9370f841-ecd9-4515-a4bf-b6c441f6f255] Object was deleted but could not be found in the ZRC.
[http://chemistry.apache.org/MTMzNWY2MzEtOTg5My00NTI0LWExZmEtMGQxNGI2MzRlNTA0-1335f631-9893-4524-a1fa-0d14b634e504] Object was created but could not be found in the DRC.
[http://chemistry.apache.org/ZmEwMTVmZjQtM2RjZi00MzdhLTk3OTYtMWQ0Yzc2YTU0ZTA5-fa015ff4-3dcf-437a-9796-1d4c76a54e09] Object was created but could not be found in the DRC.
[http://chemistry.apache.org/YmVhYjc0ZmItYWE5MS00Mzk3LThmYTctYzc5NTk5ZDA2N2E4OzEuMA==-beab74fb-aa91-4397-8fa7-c79599d067a8] Object was created but could not be found in the DRC.
[http://chemistry.apache.org/YmVhYjc0ZmItYWE5MS00Mzk3LThmYTctYzc5NTk5ZDA2N2E4OzEuMA==-beab74fb-aa91-4397-8fa7-c79599d067a8] Object was updated but could not be found in the DRC.
[http://chemistry.apache.org/NGZmODc0OTEtMWFjOS00OTZmLTk1NDctN2M1OTBlMDEyOTU3OzEuMA==-4ff87491-1ac9-496f-9547-7c590e012957] Object was created but could not be found in the DRC.
[http://chemistry.apache.org/NGZmODc0OTEtMWFjOS00OTZmLTk1NDctN2M1OTBlMDEyOTU3OzEuMA==-4ff87491-1ac9-496f-9547-7c590e012957] Object was updated but could not be found in the DRC.
[http://chemistry.apache.org/YmVhYjc0ZmItYWE5MS00Mzk3LThmYTctYzc5NTk5ZDA2N2E4OzEuMA==-beab74fb-aa91-4397-8fa7-c79599d067a8] Object was deleted but could not be found in the ZRC.
[http://chemistry.apache.org/NGZmODc0OTEtMWFjOS00OTZmLTk1NDctN2M1OTBlMDEyOTU3OzEuMA==-4ff87491-1ac9-496f-9547-7c590e012957] Object was deleted but could not be found in the ZRC.
[http://chemistry.apache.org/ZmEwMTVmZjQtM2RjZi00MzdhLTk3OTYtMWQ0Yzc2YTU0ZTA5-fa015ff4-3dcf-437a-9796-1d4c76a54e09] Object was deleted but could not be found in the ZRC.
[http://chemistry.apache.org/MTMzNWY2MzEtOTg5My00NTI0LWExZmEtMGQxNGI2MzRlNTA0-1335f631-9893-4524-a1fa-0d14b634e504] Object was deleted but could not be found in the ZRC.
[http://chemistry.apache.org/MWY1MzVlYTUtMGMwMC00MmVlLWI1OWYtMjcwYzMzOWMzZTJl-1f535ea5-0c00-42ee-b59f-270c339c3e2e] Object was created but could not be found in the DRC.
[http://chemistry.apache.org/OWI4NTIwNWQtMDEzMS00YWZlLWI4YzAtYzE2N2I1Nzg0ZjA3-9b85205d-0131-4afe-b8c0-c167b5784f07] Object was created but could not be found in the DRC.
[http://chemistry.apache.org/YTdjMzk2NDItNDZiZC00ZDk1LThkMWUtMTE1NjNmNjVhMjVlOzEuMA==-a7c39642-46bd-4d95-8d1e-11563f65a25e] Object was created but could not be found in the DRC.
[http://chemistry.apache.org/YTdjMzk2NDItNDZiZC00ZDk1LThkMWUtMTE1NjNmNjVhMjVlOzEuMA==-a7c39642-46bd-4d95-8d1e-11563f65a25e] Object was updated but could not be found in the DRC.
[http://chemistry.apache.org/NzFjZWI1MDEtNzBjYi00MWMyLThiYTEtYmVmOTg0ZTQ2NWM5OzEuMA==-71ceb501-70cb-41c2-8ba1-bef984e465c9] Object was created but could not be found in the DRC.
[http://chemistry.apache.org/NzFjZWI1MDEtNzBjYi00MWMyLThiYTEtYmVmOTg0ZTQ2NWM5OzEuMA==-71ceb501-70cb-41c2-8ba1-bef984e465c9] Object was updated but could not be found in the DRC.
[http://chemistry.apache.org/YTdjMzk2NDItNDZiZC00ZDk1LThkMWUtMTE1NjNmNjVhMjVlOzEuMA==-a7c39642-46bd-4d95-8d1e-11563f65a25e] Object was deleted but could not be found in the ZRC.
[http://chemistry.apache.org/NzFjZWI1MDEtNzBjYi00MWMyLThiYTEtYmVmOTg0ZTQ2NWM5OzEuMA==-71ceb501-70cb-41c2-8ba1-bef984e465c9] Object was deleted but could not be found in the ZRC.
[http://chemistry.apache.org/OWI4NTIwNWQtMDEzMS00YWZlLWI4YzAtYzE2N2I1Nzg0ZjA3-9b85205d-0131-4afe-b8c0-c167b5784f07] Object was deleted but could not be found in the ZRC.
[http://chemistry.apache.org/MWY1MzVlYTUtMGMwMC00MmVlLWI1OWYtMjcwYzMzOWMzZTJl-1f535ea5-0c00-42ee-b59f-270c339c3e2e] Object was deleted but could not be found in the ZRC.
[http://chemistry.apache.org/NzdjOTEzNmYtZmZhZS00ZmRhLTkzNGMtNmRjOWM1NjZkMjU5-77c9136f-ffae-4fda-934c-6dc9c566d259] Object was created but could not be found in the DRC.
[http://chemistry.apache.org/NzY2ZGRjZTEtNGI1My00OTQ4LThiMTctZGYzMWQ5OWIyZjAx-766ddce1-4b53-4948-8b17-df31d99b2f01] Object was created but could not be found in the DRC.
[http://chemistry.apache.org/YWU3OWU2YmItZjJiMC00YTkxLWE3YmYtMDVkZjdjNTIyYmM1OzEuMA==-ae79e6bb-f2b0-4a91-a7bf-05df7c522bc5] Object was created but could not be found in the DRC.
[http://chemistry.apache.org/YWU3OWU2YmItZjJiMC00YTkxLWE3YmYtMDVkZjdjNTIyYmM1OzEuMA==-ae79e6bb-f2b0-4a91-a7bf-05df7c522bc5] Object was updated but could not be found in the DRC.
[http://chemistry.apache.org/MGU2OWM4YjAtYThmYS00NjVhLTlkYzQtMmZjOTNjMGVlMzA0OzEuMA==-0e69c8b0-a8fa-465a-9dc4-2fc93c0ee304] Object was created but could not be found in the DRC.
[http://chemistry.apache.org/MGU2OWM4YjAtYThmYS00NjVhLTlkYzQtMmZjOTNjMGVlMzA0OzEuMA==-0e69c8b0-a8fa-465a-9dc4-2fc93c0ee304] Object was updated but could not be found in the DRC.
[http://chemistry.apache.org/YWU3OWU2YmItZjJiMC00YTkxLWE3YmYtMDVkZjdjNTIyYmM1OzEuMA==-ae79e6bb-f2b0-4a91-a7bf-05df7c522bc5] Object was deleted but could not be found in the ZRC.
[http://chemistry.apache.org/MGU2OWM4YjAtYThmYS00NjVhLTlkYzQtMmZjOTNjMGVlMzA0OzEuMA==-0e69c8b0-a8fa-465a-9dc4-2fc93c0ee304] Object was deleted but could not be found in the ZRC.
[http://chemistry.apache.org/NzY2ZGRjZTEtNGI1My00OTQ4LThiMTctZGYzMWQ5OWIyZjAx-766ddce1-4b53-4948-8b17-df31d99b2f01] Object was deleted but could not be found in the ZRC.
[http://chemistry.apache.org/NzdjOTEzNmYtZmZhZS00ZmRhLTkzNGMtNmRjOWM1NjZkMjU5-77c9136f-ffae-4fda-934c-6dc9c566d259] Object was deleted but could not be found in the ZRC.
[http://chemistry.apache.org/MGE2NTk2MjAtYTg3OC00ZGY3LWI3ZmMtN2QxZGYyZGY2ZTll-0a659620-a878-4df7-b7fc-7d1df2df6e9e] Object was created but could not be found in the DRC.
[http://chemistry.apache.org/ZTUxNzFmYjItYzQ1OC00MWJlLWExOGYtMTRlZWQ2NWY1Y2Uy-e5171fb2-c458-41be-a18f-14eed65f5ce2] Object was created but could not be found in the DRC.
[http://chemistry.apache.org/ZTUxNzFmYjItYzQ1OC00MWJlLWExOGYtMTRlZWQ2NWY1Y2Uy-e5171fb2-c458-41be-a18f-14eed65f5ce2] Object was deleted but could not be found in the ZRC.
[http://chemistry.apache.org/MGE2NTk2MjAtYTg3OC00ZGY3LWI3ZmMtN2QxZGYyZGY2ZTll-0a659620-a878-4df7-b7fc-7d1df2df6e9e] Object was deleted but could not be found in the ZRC.
[http://chemistry.apache.org/NTk1YmVlOGYtNWJlZC00OTE1LWI3YzYtZDRkYmMzNGQyMWZl-595bee8f-5bed-4915-b7c6-d4dbc34d21fe] Object was created but could not be found in the DRC.
[http://chemistry.apache.org/NjA4MzFmMzktNDhmNS00Nzk3LWFkYzMtYTQxMGQzZjY0YzRh-60831f39-48f5-4797-adc3-a410d3f64c4a] Object was created but could not be found in the DRC.
[http://chemistry.apache.org/NjA4MzFmMzktNDhmNS00Nzk3LWFkYzMtYTQxMGQzZjY0YzRh-60831f39-48f5-4797-adc3-a410d3f64c4a] Object was deleted but could not be found in the ZRC.
[http://chemistry.apache.org/NTk1YmVlOGYtNWJlZC00OTE1LWI3YzYtZDRkYmMzNGQyMWZl-595bee8f-5bed-4915-b7c6-d4dbc34d21fe] Object was deleted but could not be found in the ZRC.
[http://chemistry.apache.org/ZWEzNGYxNWMtOWQ3Yi00MGMxLTlkNmItZTJkZDg1YjJkOGE5-ea34f15c-9d7b-40c1-9d6b-e2dd85b2d8a9] Object was created but could not be found in the DRC.
[http://chemistry.apache.org/MDNmMTBhNmUtMTcxMC00ZGRlLTlmMGYtZmYxNjAyMTYwODk0-03f10a6e-1710-4dde-9f0f-ff1602160894] Object was created but could not be found in the DRC.
[http://chemistry.apache.org/MDNmMTBhNmUtMTcxMC00ZGRlLTlmMGYtZmYxNjAyMTYwODk0-03f10a6e-1710-4dde-9f0f-ff1602160894] Object was deleted but could not be found in the ZRC.
[http://chemistry.apache.org/ZWEzNGYxNWMtOWQ3Yi00MGMxLTlkNmItZTJkZDg1YjJkOGE5-ea34f15c-9d7b-40c1-9d6b-e2dd85b2d8a9] Object was deleted but could not be found in the ZRC.
[http://chemistry.apache.org/ODhmMTE3NjMtMTZmYy00MTZkLWExZTctZjdiZTY1NGUxZTJm-88f11763-16fc-416d-a1e7-f7be654e1e2f] Object was created but could not be found in the DRC.
[http://chemistry.apache.org/NjQwN2I5M2YtODM2Zi00ZGE1LTg2ZDQtZGM2YzhjZDM5ODky-6407b93f-836f-4da5-86d4-dc6c8cd39892] Object was created but could not be found in the DRC.
[http://chemistry.apache.org/MTEwZTRhZmMtZDhhOC00NmRiLTgyOTctZmU2OGNlZTU2OGU0-110e4afc-d8a8-46db-8297-fe68cee568e4] Object was created but could not be found in the DRC.
[http://chemistry.apache.org/NjQwN2I5M2YtODM2Zi00ZGE1LTg2ZDQtZGM2YzhjZDM5ODky-6407b93f-836f-4da5-86d4-dc6c8cd39892] Object was deleted but could not be found in the ZRC.
[http://chemistry.apache.org/MTEwZTRhZmMtZDhhOC00NmRiLTgyOTctZmU2OGNlZTU2OGU0-110e4afc-d8a8-46db-8297-fe68cee568e4] Object was deleted but could not be found in the ZRC.
[http://chemistry.apache.org/ODhmMTE3NjMtMTZmYy00MTZkLWExZTctZjdiZTY1NGUxZTJm-88f11763-16fc-416d-a1e7-f7be654e1e2f] Object was deleted but could not be found in the ZRC.
[http://chemistry.apache.org/NDNhMmQ0YjYtNjA4OC00N2IwLThlMjgtZWVmNDg3NzRjYTUx-43a2d4b6-6088-47b0-8e28-eef48774ca51] Object was created but could not be found in the DRC.
[http://chemistry.apache.org/Mjk4MDJmNDMtZmJkNC00N2VmLWIwOWUtN2FkMzg2MGU0MmEz-29802f43-fbd4-47ef-b09e-7ad3860e42a3] Object was created but could not be found in the DRC.
[http://chemistry.apache.org/Mjk4MDJmNDMtZmJkNC00N2VmLWIwOWUtN2FkMzg2MGU0MmEz-29802f43-fbd4-47ef-b09e-7ad3860e42a3] Object was deleted but could not be found in the ZRC.
[http://chemistry.apache.org/NDNhMmQ0YjYtNjA4OC00N2IwLThlMjgtZWVmNDg3NzRjYTUx-43a2d4b6-6088-47b0-8e28-eef48774ca51] Object was deleted but could not be found in the ZRC.
[http://chemistry.apache.org/N2M1N2Q5YzktOGU1ZS00MzQwLTkwYjctMTVmNmMwOTA0MTg0-7c57d9c9-8e5e-4340-90b7-15f6c0904184] Object was created but could not be found in the DRC.
[http://chemistry.apache.org/ZmIzMGNmNjItN2FjMS00MzZiLTgzNzMtNDI5MjgyMGY4N2Fm-fb30cf62-7ac1-436b-8373-4292820f87af] Object was created but could not be found in the DRC.
[http://chemistry.apache.org/ZmIzMGNmNjItN2FjMS00MzZiLTgzNzMtNDI5MjgyMGY4N2Fm-fb30cf62-7ac1-436b-8373-4292820f87af] Object was deleted but could not be found in the ZRC.
[http://chemistry.apache.org/N2M1N2Q5YzktOGU1ZS00MzQwLTkwYjctMTVmNmMwOTA0MTg0-7c57d9c9-8e5e-4340-90b7-15f6c0904184] Object was deleted but could not be found in the ZRC.
[http://chemistry.apache.org/Y2UwNjViYWQtMmQzMy00ZTEzLTkxMWQtNzA0MGUzNjgwMzVh-ce065bad-2d33-4e13-911d-7040e368035a] Object was created but could not be found in the DRC.
[http://chemistry.apache.org/YWFkZjIyODAtMGFkNy00OGZlLWFiNjAtMjQ5NWFmMDAwNzgx-aadf2280-0ad7-48fe-ab60-2495af000781] Object was created but could not be found in the DRC.
[http://chemistry.apache.org/YWFkZjIyODAtMGFkNy00OGZlLWFiNjAtMjQ5NWFmMDAwNzgx-aadf2280-0ad7-48fe-ab60-2495af000781] Object was deleted but could not be found in the ZRC.
[http://chemistry.apache.org/Y2UwNjViYWQtMmQzMy00ZTEzLTkxMWQtNzA0MGUzNjgwMzVh-ce065bad-2d33-4e13-911d-7040e368035a] Object was deleted but could not be found in the ZRC.
[http://chemistry.apache.org/NjBiOWY1YWItZjcwNi00Yzg4LWIxZTMtZTZhOTAzYjRiZTQx-60b9f5ab-f706-4c88-b1e3-e6a903b4be41] Object was created but could not be found in the DRC.
[http://chemistry.apache.org/YjI2ZjgzNDktNzc4Yi00ODI5LTgwZjYtYmI5NDQ2Yjk1NjIz-b26f8349-778b-4829-80f6-bb9446b95623] Object was created but could not be found in the DRC.
[http://chemistry.apache.org/YjI2ZjgzNDktNzc4Yi00ODI5LTgwZjYtYmI5NDQ2Yjk1NjIz-b26f8349-778b-4829-80f6-bb9446b95623] Object was deleted but could not be found in the ZRC.
[http://chemistry.apache.org/NjBiOWY1YWItZjcwNi00Yzg4LWIxZTMtZTZhOTAzYjRiZTQx-60b9f5ab-f706-4c88-b1e3-e6a903b4be41] Object was deleted but could not be found in the ZRC.
[http://chemistry.apache.org/YWQ4NzU0YzItNjQ5ZS00NzNjLTllMTEtNjA0Y2U3NThlZjBm-ad8754c2-649e-473c-9e11-604ce758ef0f] Object was created but could not be found in the DRC.
[http://chemistry.apache.org/MzdjMDBhM2EtZjA3My00YzllLWJmMzctM2FjYTc4MzllNWM1-37c00a3a-f073-4c9e-bf37-3aca7839e5c5] Object was created but could not be found in the DRC.
[http://chemistry.apache.org/MzdjMDBhM2EtZjA3My00YzllLWJmMzctM2FjYTc4MzllNWM1-37c00a3a-f073-4c9e-bf37-3aca7839e5c5] Object was deleted but could not be found in the ZRC.
[http://chemistry.apache.org/YWQ4NzU0YzItNjQ5ZS00NzNjLTllMTEtNjA0Y2U3NThlZjBm-ad8754c2-649e-473c-9e11-604ce758ef0f] Object was deleted but could not be found in the ZRC.
[http://chemistry.apache.org/Y2ZiYjI0YzgtNGZkOS00OGZjLWFjZTAtYjg4MjJlMjRkZmQ2-cfbb24c8-4fd9-48fc-ace0-b8822e24dfd6] Object was created but could not be found in the DRC.
[http://chemistry.apache.org/MjI4MjUyZGEtMzJiZS00ZjlhLThlZTctZTQxMzQ2M2UwNDU5-228252da-32be-4f9a-8ee7-e413463e0459] Object was created but could not be found in the DRC.
[http://chemistry.apache.org/NDQ5NzRhM2EtODQyMy00ODRlLTg3NTItNGZiYjMxOTVhNTRiOzEuMA==-44974a3a-8423-484e-8752-4fbb3195a54b] Object was created but could not be found in the DRC.
[http://chemistry.apache.org/NDQ5NzRhM2EtODQyMy00ODRlLTg3NTItNGZiYjMxOTVhNTRiOzEuMA==-44974a3a-8423-484e-8752-4fbb3195a54b] Object was updated but could not be found in the DRC.
[http://chemistry.apache.org/NDQ5NzRhM2EtODQyMy00ODRlLTg3NTItNGZiYjMxOTVhNTRiOzEuMQ==-44974a3a-8423-484e-8752-4fbb3195a54b] Object was deleted but could not be found in the ZRC.
[http://chemistry.apache.org/MjI4MjUyZGEtMzJiZS00ZjlhLThlZTctZTQxMzQ2M2UwNDU5-228252da-32be-4f9a-8ee7-e413463e0459] Object was deleted but could not be found in the ZRC.
[http://chemistry.apache.org/Y2ZiYjI0YzgtNGZkOS00OGZjLWFjZTAtYjg4MjJlMjRkZmQ2-cfbb24c8-4fd9-48fc-ace0-b8822e24dfd6] Object was deleted but could not be found in the ZRC.
[http://chemistry.apache.org/ZWE1ZTc2YTgtZTczYy00MDJkLWJjMzQtMWYxMzU4MDNkN2M0-ea5e76a8-e73c-402d-bc34-1f135803d7c4] Object was created but could not be found in the DRC.
[http://chemistry.apache.org/MWIzZWQ3YWYtMjM5MS00N2MxLWFmN2YtYzhlODgyMDI1Mzc1-1b3ed7af-2391-47c1-af7f-c8e882025375] Object was created but could not be found in the DRC.
[http://chemistry.apache.org/MWIzZWQ3YWYtMjM5MS00N2MxLWFmN2YtYzhlODgyMDI1Mzc1-1b3ed7af-2391-47c1-af7f-c8e882025375] Object was deleted but could not be found in the ZRC.
[http://chemistry.apache.org/ZWE1ZTc2YTgtZTczYy00MDJkLWJjMzQtMWYxMzU4MDNkN2M0-ea5e76a8-e73c-402d-bc34-1f135803d7c4] Object was deleted but could not be found in the ZRC.
[http://chemistry.apache.org/MTgzMmQ1YzYtZjc5NC00YTI1LTg5NTMtYTA0MTMwMGJmNWIw-1832d5c6-f794-4a25-8953-a041300bf5b0] Object was created but could not be found in the DRC.
[http://chemistry.apache.org/OGFiZTQwNTgtNzI3ZC00YTlmLThjNmEtYTAxNWFiZmJlMDc2-8abe4058-727d-4a9f-8c6a-a015abfbe076] Object was created but could not be found in the DRC.
[http://chemistry.apache.org/OWZmNTEzNmEtMzRiNy00NWJkLTgyNTQtYTBmM2QzZWE2YWU0OzEuMA==-9ff5136a-34b7-45bd-8254-a0f3d3ea6ae4] Object was created but could not be found in the DRC.
[http://chemistry.apache.org/OWZmNTEzNmEtMzRiNy00NWJkLTgyNTQtYTBmM2QzZWE2YWU0OzEuMA==-9ff5136a-34b7-45bd-8254-a0f3d3ea6ae4] Object was updated but could not be found in the DRC.
[http://chemistry.apache.org/OWZmNTEzNmEtMzRiNy00NWJkLTgyNTQtYTBmM2QzZWE2YWU0OzEuMA==-9ff5136a-34b7-45bd-8254-a0f3d3ea6ae4] Object was deleted but could not be found in the ZRC.
[http://chemistry.apache.org/OGFiZTQwNTgtNzI3ZC00YTlmLThjNmEtYTAxNWFiZmJlMDc2-8abe4058-727d-4a9f-8c6a-a015abfbe076] Object was deleted but could not be found in the ZRC.
[http://chemistry.apache.org/MTgzMmQ1YzYtZjc5NC00YTI1LTg5NTMtYTA0MTMwMGJmNWIw-1832d5c6-f794-4a25-8953-a041300bf5b0] Object was deleted but could not be found in the ZRC.
[http://chemistry.apache.org/ZjI2OGQ0ODctODhkMy00ZjI2LWFmZWQtZjEzZTAwN2NkMDY5-f268d487-88d3-4f26-afed-f13e007cd069] Object was created but could not be found in the DRC.
[http://chemistry.apache.org/MTI2NjNhYzItMzkyNy00ZTkwLTllZjctZDNlM2Y0NzJmNTk5-12663ac2-3927-4e90-9ef7-d3e3f472f599] Object was created but could not be found in the DRC.
[http://chemistry.apache.org/ZWUxYjI3MzUtZjBlMy00MzRkLTg1MGYtMjI5OWI5NWZmZTRjOzEuMA==-ee1b2735-f0e3-434d-850f-2299b95ffe4c] Object was created but could not be found in the DRC.
[http://chemistry.apache.org/ZWUxYjI3MzUtZjBlMy00MzRkLTg1MGYtMjI5OWI5NWZmZTRjOzEuMA==-ee1b2735-f0e3-434d-850f-2299b95ffe4c] Object was updated but could not be found in the DRC.
[http://chemistry.apache.org/ZWUxYjI3MzUtZjBlMy00MzRkLTg1MGYtMjI5OWI5NWZmZTRjOzEuMA==-ee1b2735-f0e3-434d-850f-2299b95ffe4c] Object was deleted but could not be found in the ZRC.
[http://chemistry.apache.org/MTI2NjNhYzItMzkyNy00ZTkwLTllZjctZDNlM2Y0NzJmNTk5-12663ac2-3927-4e90-9ef7-d3e3f472f599] Object was deleted but could not be found in the ZRC.
[http://chemistry.apache.org/ZjI2OGQ0ODctODhkMy00ZjI2LWFmZWQtZjEzZTAwN2NkMDY5-f268d487-88d3-4f26-afed-f13e007cd069] Object was deleted but could not be found in the ZRC.
[http://chemistry.apache.org/MTJhMDk4NDMtMmMwMi00YjhlLTlkZGItZjQ5MzJkMzcxMGRj-12a09843-2c02-4b8e-9ddb-f4932d3710dc] Object was created but could not be found in the DRC.
[http://chemistry.apache.org/ZWVjZjc3YjgtY2FlZS00OTk4LWIxNTctNWUwNWM0NWRjZDNj-eecf77b8-caee-4998-b157-5e05c45dcd3c] Object was created but could not be found in the DRC.
[http://chemistry.apache.org/MDQ3YTYwODEtNDg3Ni00ZjNkLThhZDUtODkwNWQyNjNjZDUyOzEuMA==-047a6081-4876-4f3d-8ad5-8905d263cd52] Object was created but could not be found in the DRC.
[http://chemistry.apache.org/MDQ3YTYwODEtNDg3Ni00ZjNkLThhZDUtODkwNWQyNjNjZDUyOzEuMA==-047a6081-4876-4f3d-8ad5-8905d263cd52] Object was updated but could not be found in the DRC.
[http://chemistry.apache.org/MDQ3YTYwODEtNDg3Ni00ZjNkLThhZDUtODkwNWQyNjNjZDUyOzEuMA==-047a6081-4876-4f3d-8ad5-8905d263cd52] Object was deleted but could not be found in the ZRC.
[http://chemistry.apache.org/ZWVjZjc3YjgtY2FlZS00OTk4LWIxNTctNWUwNWM0NWRjZDNj-eecf77b8-caee-4998-b157-5e05c45dcd3c] Object was deleted but could not be found in the ZRC.
[http://chemistry.apache.org/MTJhMDk4NDMtMmMwMi00YjhlLTlkZGItZjQ5MzJkMzcxMGRj-12a09843-2c02-4b8e-9ddb-f4932d3710dc] Object was deleted but could not be found in the ZRC.
[http://chemistry.apache.org/NjhmY2ViOTAtNjliMS00NGE0LWE4MTEtNDkyZDQ4MzdiOGZh-68fceb90-69b1-44a4-a811-492d4837b8fa] Object was created but could not be found in the DRC.
[http://chemistry.apache.org/MzYwNWNlM2YtNmVkZS00NzZmLWFkMzMtMzUzZDYzNWM3Nzlj-3605ce3f-6ede-476f-ad33-353d635c779c] Object was created but could not be found in the DRC.
[http://chemistry.apache.org/ZmVmNzJlYzUtZDQ0YS00NTFhLWJlN2YtYTc0YTNmMDQ3NDgzOzEuMA==-fef72ec5-d44a-451a-be7f-a74a3f047483] Object was created but could not be found in the DRC.
[http://chemistry.apache.org/ZmVmNzJlYzUtZDQ0YS00NTFhLWJlN2YtYTc0YTNmMDQ3NDgzOzEuMA==-fef72ec5-d44a-451a-be7f-a74a3f047483] Object was updated but could not be found in the DRC.
[http://chemistry.apache.org/M2YzZDgzNzUtOWMwMC00YjEwLWI5OTEtZmFiZTdkMmY0M2Jm-3f3d8375-9c00-4b10-b991-fabe7d2f43bf] Object was created but could not be found in the DRC.
[http://chemistry.apache.org/ZmVmNzJlYzUtZDQ0YS00NTFhLWJlN2YtYTc0YTNmMDQ3NDgzOzEuMA==-fef72ec5-d44a-451a-be7f-a74a3f047483] Object was deleted but could not be found in the ZRC.
[http://chemistry.apache.org/M2YzZDgzNzUtOWMwMC00YjEwLWI5OTEtZmFiZTdkMmY0M2Jm-3f3d8375-9c00-4b10-b991-fabe7d2f43bf] Object was deleted but could not be found in the ZRC.
[http://chemistry.apache.org/MzYwNWNlM2YtNmVkZS00NzZmLWFkMzMtMzUzZDYzNWM3Nzlj-3605ce3f-6ede-476f-ad33-353d635c779c] Object was deleted but could not be found in the ZRC.
[http://chemistry.apache.org/NjhmY2ViOTAtNjliMS00NGE0LWE4MTEtNDkyZDQ4MzdiOGZh-68fceb90-69b1-44a4-a811-492d4837b8fa] Object was deleted but could not be found in the ZRC.
[http://chemistry.apache.org/MTA5MmMzZWUtNjZlYi00OTIyLTg3MjgtZjMzODc0MWJkOGRh-1092c3ee-66eb-4922-8728-f338741bd8da] Object was created but could not be found in the DRC.
[http://chemistry.apache.org/ZDQ3ZTFkYjktZjQxMi00MWQ2LTk4Y2QtMWU2YWY5ZGNkNjRl-d47e1db9-f412-41d6-98cd-1e6af9dcd64e] Object was created but could not be found in the DRC.
[http://chemistry.apache.org/MGNlNDY2ZTUtMDZmMC00NzhmLThkMmUtNGMzYmRjNTYxM2VhOzEuMA==-0ce466e5-06f0-478f-8d2e-4c3bdc5613ea] Object was created but could not be found in the DRC.
[http://chemistry.apache.org/MGNlNDY2ZTUtMDZmMC00NzhmLThkMmUtNGMzYmRjNTYxM2VhOzEuMA==-0ce466e5-06f0-478f-8d2e-4c3bdc5613ea] Object was updated but could not be found in the DRC.
[http://chemistry.apache.org/MGNlNDY2ZTUtMDZmMC00NzhmLThkMmUtNGMzYmRjNTYxM2VhOzEuMA==-0ce466e5-06f0-478f-8d2e-4c3bdc5613ea] Object was deleted but could not be found in the ZRC.
[http://chemistry.apache.org/ZDQ3ZTFkYjktZjQxMi00MWQ2LTk4Y2QtMWU2YWY5ZGNkNjRl-d47e1db9-f412-41d6-98cd-1e6af9dcd64e] Object was deleted but could not be found in the ZRC.
[http://chemistry.apache.org/MTA5MmMzZWUtNjZlYi00OTIyLTg3MjgtZjMzODc0MWJkOGRh-1092c3ee-66eb-4922-8728-f338741bd8da] Object was deleted but could not be found in the ZRC.
[http://chemistry.apache.org/NmFkOTUwNzEtNTdkNy00ZjYyLTkzOGEtZDRiMjExMjM0NWIz-6ad95071-57d7-4f62-938a-d4b2112345b3] Object was created but could not be found in the DRC.
[http://chemistry.apache.org/NGJlOWJjZjctMmM2Yi00NGNiLWI0MDMtMDE3YzYyZTllNDcz-4be9bcf7-2c6b-44cb-b403-017c62e9e473] Object was created but could not be found in the DRC.
[http://chemistry.apache.org/YTkwN2FlZDMtOGIwZi00M2I3LWFhYmQtYTAxOGVlZDNjOTE0OzEuMA==-a907aed3-8b0f-43b7-aabd-a018eed3c914] Object was created but could not be found in the DRC.
[http://chemistry.apache.org/YTkwN2FlZDMtOGIwZi00M2I3LWFhYmQtYTAxOGVlZDNjOTE0OzEuMA==-a907aed3-8b0f-43b7-aabd-a018eed3c914] Object was updated but could not be found in the DRC.
[http://chemistry.apache.org/YTkwN2FlZDMtOGIwZi00M2I3LWFhYmQtYTAxOGVlZDNjOTE0OzEuMA==-a907aed3-8b0f-43b7-aabd-a018eed3c914] Object was deleted but could not be found in the ZRC.
[http://chemistry.apache.org/YjcxMGFkYTYtNmUzZS00NmFiLTg5N2MtZjFiM2E2MmNkZTYx-b710ada6-6e3e-46ab-897c-f1b3a62cde61] Object was created but could not be found in the DRC.
[http://chemistry.apache.org/YjcxMGFkYTYtNmUzZS00NmFiLTg5N2MtZjFiM2E2MmNkZTYx-b710ada6-6e3e-46ab-897c-f1b3a62cde61] Object was deleted but could not be found in the ZRC.
[http://chemistry.apache.org/NGJlOWJjZjctMmM2Yi00NGNiLWI0MDMtMDE3YzYyZTllNDcz-4be9bcf7-2c6b-44cb-b403-017c62e9e473] Object was deleted but could not be found in the ZRC.
[http://chemistry.apache.org/NmFkOTUwNzEtNTdkNy00ZjYyLTkzOGEtZDRiMjExMjM0NWIz-6ad95071-57d7-4f62-938a-d4b2112345b3] Object was deleted but could not be found in the ZRC.
[http://chemistry.apache.org/OGVlZjcxMTMtZjE1Yi00NjE1LTg0ZGQtZjI1OTQ1NTJhYWE4OzEuMA==-8eef7113-f15b-4615-84dd-f2594552aaa8] Object was created but could not be found in the DRC.
[http://chemistry.apache.org/OGVlZjcxMTMtZjE1Yi00NjE1LTg0ZGQtZjI1OTQ1NTJhYWE4OzEuMA==-8eef7113-f15b-4615-84dd-f2594552aaa8] Object was updated but could not be found in the DRC.
[http://chemistry.apache.org/M2EzZTAxZmQtNjQzZi00ZDEyLTliZmEtMTVhNzNmNWM4N2U5-3a3e01fd-643f-4d12-9bfa-15a73f5c87e9] Object was created but could not be found in the DRC.
[http://chemistry.apache.org/YmM2YjQ2MDktYmVhMy00ZTc5LWEwMzktOWZiMmIzZWVjN2My-bc6b4609-bea3-4e79-a039-9fb2b3eec7c2] Object was created but could not be found in the DRC.
[http://chemistry.apache.org/YmM2YjQ2MDktYmVhMy00ZTc5LWEwMzktOWZiMmIzZWVjN2My-bc6b4609-bea3-4e79-a039-9fb2b3eec7c2] Object was deleted but could not be found in the ZRC.
[http://chemistry.apache.org/M2EzZTAxZmQtNjQzZi00ZDEyLTliZmEtMTVhNzNmNWM4N2U5-3a3e01fd-643f-4d12-9bfa-15a73f5c87e9] Object was deleted but could not be found in the ZRC.
[http://chemistry.apache.org/YTJmNjBiYTYtZDNiMS00YTIzLTgxOWMtOTgzN2JhYzEzYjg0-a2f60ba6-d3b1-4a23-819c-9837bac13b84] Object was created but could not be found in the DRC.
[http://chemistry.apache.org/YTExZTAyM2QtYzkzMi00ZmViLWE0NzMtNWFiMmFiMGY2Yjgy-a11e023d-c932-4feb-a473-5ab2ab0f6b82] Object was created but could not be found in the DRC.
[http://chemistry.apache.org/YTExZTAyM2QtYzkzMi00ZmViLWE0NzMtNWFiMmFiMGY2Yjgy-a11e023d-c932-4feb-a473-5ab2ab0f6b82] Object was deleted but could not be found in the ZRC.
[http://chemistry.apache.org/YTJmNjBiYTYtZDNiMS00YTIzLTgxOWMtOTgzN2JhYzEzYjg0-a2f60ba6-d3b1-4a23-819c-9837bac13b84] Object was deleted but could not be found in the ZRC.
[http://chemistry.apache.org/N2MwNjU4Y2QtNzYxOS00ZmJjLWIwYTUtMzhlZGMyOWFkMTUw-7c0658cd-7619-4fbc-b0a5-38edc29ad150] Object was created but could not be found in the DRC.
[http://chemistry.apache.org/YmNmMmUwYjMtY2ViOS00NTY1LThhMDItNTZlY2M5ZTIyNTE0-bcf2e0b3-ceb9-4565-8a02-56ecc9e22514] Object was created but could not be found in the DRC.
[http://chemistry.apache.org/YmNmMmUwYjMtY2ViOS00NTY1LThhMDItNTZlY2M5ZTIyNTE0-bcf2e0b3-ceb9-4565-8a02-56ecc9e22514] Object was deleted but could not be found in the ZRC.
[http://chemistry.apache.org/N2MwNjU4Y2QtNzYxOS00ZmJjLWIwYTUtMzhlZGMyOWFkMTUw-7c0658cd-7619-4fbc-b0a5-38edc29ad150] Object was deleted but could not be found in the ZRC.
[http://chemistry.apache.org/YTg3ZTQ1ZGQtYjBiOS00YTY1LTgwMGMtYjBkMTcwZjMxNDMx-a87e45dd-b0b9-4a65-800c-b0d170f31431] Object was created but could not be found in the DRC.
[http://chemistry.apache.org/MzM3OGM1NjgtNzRjYy00OWRjLWEyMDAtMjM4MGJiM2M5ZTg0-3378c568-74cc-49dc-a200-2380bb3c9e84] Object was created but could not be found in the DRC.
[http://chemistry.apache.org/MzM3OGM1NjgtNzRjYy00OWRjLWEyMDAtMjM4MGJiM2M5ZTg0-3378c568-74cc-49dc-a200-2380bb3c9e84] Object was deleted but could not be found in the ZRC.
[http://chemistry.apache.org/YTg3ZTQ1ZGQtYjBiOS00YTY1LTgwMGMtYjBkMTcwZjMxNDMx-a87e45dd-b0b9-4a65-800c-b0d170f31431] Object was deleted but could not be found in the ZRC.
[http://chemistry.apache.org/NjY5OWE5ZDEtNGUwMS00M2RhLWFmMjItZGY2ZThiNGIwNzVl-6699a9d1-4e01-43da-af22-df6e8b4b075e] Object was created but could not be found in the DRC.
[http://chemistry.apache.org/YjAxZGZlZWItNTkzYy00OWUxLWFkZWItYmI1MDg2Yjg1NWQ3-b01dfeeb-593c-49e1-adeb-bb5086b855d7] Object was created but could not be found in the DRC.
[http://chemistry.apache.org/YjAxZGZlZWItNTkzYy00OWUxLWFkZWItYmI1MDg2Yjg1NWQ3-b01dfeeb-593c-49e1-adeb-bb5086b855d7] Object was deleted but could not be found in the ZRC.
[http://chemistry.apache.org/NjY5OWE5ZDEtNGUwMS00M2RhLWFmMjItZGY2ZThiNGIwNzVl-6699a9d1-4e01-43da-af22-df6e8b4b075e] Object was deleted but could not be found in the ZRC.
[http://chemistry.apache.org/ZGU0ODY5NjAtNDY5NS00ZDZiLTkwNTUtYzEzMzRjNGNhN2E0-de486960-4695-4d6b-9055-c1334c4ca7a4] Object was created but could not be found in the DRC.
[http://chemistry.apache.org/ZWE1ZDM5MjktYjU3YS00MDQ1LTg5NjktZWQyYjllMzdjNjkw-ea5d3929-b57a-4045-8969-ed2b9e37c690] Object was created but could not be found in the DRC.
[http://chemistry.apache.org/ZGYzMzk2MDUtNjE4Mi00ZDI4LTkzYzgtODlkZTQ1OTNhYzFiOzEuMA==-df339605-6182-4d28-93c8-89de4593ac1b] Object was created but could not be found in the DRC.
[http://chemistry.apache.org/ZGYzMzk2MDUtNjE4Mi00ZDI4LTkzYzgtODlkZTQ1OTNhYzFiOzEuMA==-df339605-6182-4d28-93c8-89de4593ac1b] Object was updated but could not be found in the DRC.
[http://chemistry.apache.org/ODA5ZWNjNjItMGMzMy00ZTlmLWE1NmUtZGZiNTlhMTFjN2U4OzEuMA==-809ecc62-0c33-4e9f-a56e-dfb59a11c7e8] Object was created but could not be found in the DRC.
[http://chemistry.apache.org/ODA5ZWNjNjItMGMzMy00ZTlmLWE1NmUtZGZiNTlhMTFjN2U4OzEuMA==-809ecc62-0c33-4e9f-a56e-dfb59a11c7e8] Object was updated but could not be found in the DRC.
[http://chemistry.apache.org/ODA5ZWNjNjItMGMzMy00ZTlmLWE1NmUtZGZiNTlhMTFjN2U4OzEuMA==-809ecc62-0c33-4e9f-a56e-dfb59a11c7e8] Object was deleted but could not be found in the ZRC.
[http://chemistry.apache.org/ZjVjYzhkODMtNmE4NS00MGI1LTg2MWMtNzdhNzhkYTI4NGQwOzEuMA==-f5cc8d83-6a85-40b5-861c-77a78da284d0] Object was created but could not be found in the DRC.
[http://chemistry.apache.org/ZjVjYzhkODMtNmE4NS00MGI1LTg2MWMtNzdhNzhkYTI4NGQwOzEuMA==-f5cc8d83-6a85-40b5-861c-77a78da284d0] Object was updated but could not be found in the DRC.
[http://chemistry.apache.org/ZGYzMzk2MDUtNjE4Mi00ZDI4LTkzYzgtODlkZTQ1OTNhYzFiOzEuMA==-df339605-6182-4d28-93c8-89de4593ac1b] Object was deleted but could not be found in the ZRC.
[http://chemistry.apache.org/ZjVjYzhkODMtNmE4NS00MGI1LTg2MWMtNzdhNzhkYTI4NGQwOzEuMA==-f5cc8d83-6a85-40b5-861c-77a78da284d0] Object was deleted but could not be found in the ZRC.
[http://chemistry.apache.org/ZWE1ZDM5MjktYjU3YS00MDQ1LTg5NjktZWQyYjllMzdjNjkw-ea5d3929-b57a-4045-8969-ed2b9e37c690] Object was deleted but could not be found in the ZRC.
[http://chemistry.apache.org/ZGU0ODY5NjAtNDY5NS00ZDZiLTkwNTUtYzEzMzRjNGNhN2E0-de486960-4695-4d6b-9055-c1334c4ca7a4] Object was deleted but could not be found in the ZRC.
[http://chemistry.apache.org/M2M2MDYwMDUtMzY1YS00YzY3LWFlM2YtNjM1YTU4NjkxYWU2-3c606005-365a-4c67-ae3f-635a58691ae6] Object was created but could not be found in the DRC.
[http://chemistry.apache.org/YzFiYTgyZjUtMjFiNy00ZWZhLTgwZWUtNTAzMTE4NzFiYTVi-c1ba82f5-21b7-4efa-80ee-50311871ba5b] Object was created but could not be found in the DRC.
[http://chemistry.apache.org/MjE0Y2M4MDQtYjc2Mi00M2I4LWE0MGYtNTFiMTEyZDJiNDllOzEuMA==-214cc804-b762-43b8-a40f-51b112d2b49e] Object was created but could not be found in the DRC.
[http://chemistry.apache.org/MjE0Y2M4MDQtYjc2Mi00M2I4LWE0MGYtNTFiMTEyZDJiNDllOzEuMA==-214cc804-b762-43b8-a40f-51b112d2b49e] Object was updated but could not be found in the DRC.
[http://chemistry.apache.org/ZTMxMGE3NzUtZTYxYy00ZTgwLWE3NTQtODFiOTRiYWY2YTgyOzEuMA==-e310a775-e61c-4e80-a754-81b94baf6a82] Object was created but could not be found in the DRC.
[http://chemistry.apache.org/ZTMxMGE3NzUtZTYxYy00ZTgwLWE3NTQtODFiOTRiYWY2YTgyOzEuMA==-e310a775-e61c-4e80-a754-81b94baf6a82] Object was updated but could not be found in the DRC.
[http://chemistry.apache.org/MjE0Y2M4MDQtYjc2Mi00M2I4LWE0MGYtNTFiMTEyZDJiNDllOzEuMA==-214cc804-b762-43b8-a40f-51b112d2b49e] Object was deleted but could not be found in the ZRC.
[http://chemistry.apache.org/ZTMxMGE3NzUtZTYxYy00ZTgwLWE3NTQtODFiOTRiYWY2YTgyOzEuMA==-e310a775-e61c-4e80-a754-81b94baf6a82] Object was deleted but could not be found in the ZRC.
[http://chemistry.apache.org/YzFiYTgyZjUtMjFiNy00ZWZhLTgwZWUtNTAzMTE4NzFiYTVi-c1ba82f5-21b7-4efa-80ee-50311871ba5b] Object was deleted but could not be found in the ZRC.
[http://chemistry.apache.org/M2M2MDYwMDUtMzY1YS00YzY3LWFlM2YtNjM1YTU4NjkxYWU2-3c606005-365a-4c67-ae3f-635a58691ae6] Object was deleted but could not be found in the ZRC.
[http://chemistry.apache.org/NWRmZjhiOWEtZDA2Mi00ZGI3LWE3ZmQtNmI3YTk1ZjkzOGM3-5dff8b9a-d062-4db7-a7fd-6b7a95f938c7] Object was created but could not be found in the DRC.
[http://chemistry.apache.org/MWI0ZTgwODAtYjg4MC00Zjc4LTgyMzMtZjczNzYzOGNmMGZi-1b4e8080-b880-4f78-8233-f737638cf0fb] Object was created but could not be found in the DRC.
[http://chemistry.apache.org/NTM5NDc0ZjMtZGIzMi00MTVhLTg2ZmYtZWQ3NGRhMTkwYjc4OzEuMA==-539474f3-db32-415a-86ff-ed74da190b78] Object was created but could not be found in the DRC.
[http://chemistry.apache.org/NTM5NDc0ZjMtZGIzMi00MTVhLTg2ZmYtZWQ3NGRhMTkwYjc4OzEuMA==-539474f3-db32-415a-86ff-ed74da190b78] Object was updated but could not be found in the DRC.
[http://chemistry.apache.org/ZTY1NTk2OWUtMDdhZC00ZTZmLTgyMWEtNzQ2MzNhMDJlZjc2OzEuMA==-e655969e-07ad-4e6f-821a-74633a02ef76] Object was created but could not be found in the DRC.
[http://chemistry.apache.org/ZTY1NTk2OWUtMDdhZC00ZTZmLTgyMWEtNzQ2MzNhMDJlZjc2OzEuMA==-e655969e-07ad-4e6f-821a-74633a02ef76] Object was updated but could not be found in the DRC.
[http://chemistry.apache.org/NTM5NDc0ZjMtZGIzMi00MTVhLTg2ZmYtZWQ3NGRhMTkwYjc4OzEuMA==-539474f3-db32-415a-86ff-ed74da190b78] Object was deleted but could not be found in the ZRC.
[http://chemistry.apache.org/ZTY1NTk2OWUtMDdhZC00ZTZmLTgyMWEtNzQ2MzNhMDJlZjc2OzEuMA==-e655969e-07ad-4e6f-821a-74633a02ef76] Object was deleted but could not be found in the ZRC.
[http://chemistry.apache.org/MWI0ZTgwODAtYjg4MC00Zjc4LTgyMzMtZjczNzYzOGNmMGZi-1b4e8080-b880-4f78-8233-f737638cf0fb] Object was deleted but could not be found in the ZRC.
[http://chemistry.apache.org/NWRmZjhiOWEtZDA2Mi00ZGI3LWE3ZmQtNmI3YTk1ZjkzOGM3-5dff8b9a-d062-4db7-a7fd-6b7a95f938c7] Object was deleted but could not be found in the ZRC.
[http://chemistry.apache.org/NjQyMGE0NTYtZDk4ZC00Y2QwLTlkYzQtMTg5ODEyZWYzMmEx-6420a456-d98d-4cd0-9dc4-189812ef32a1] Object was created but could not be found in the DRC.
[http://chemistry.apache.org/ZDg5ODgyYmUtZjU3MC00YWIzLWFjNjEtZDVhNTI1ODZkODA2-d89882be-f570-4ab3-ac61-d5a52586d806] Object was created but could not be found in the DRC.
[http://chemistry.apache.org/MjkzNDVhMTAtMWI5OC00OWQ1LTk4NWMtMzg5NDFjMjMzMjNhOzEuMA==-29345a10-1b98-49d5-985c-38941c23323a] Object was created but could not be found in the DRC.
[http://chemistry.apache.org/MjkzNDVhMTAtMWI5OC00OWQ1LTk4NWMtMzg5NDFjMjMzMjNhOzEuMA==-29345a10-1b98-49d5-985c-38941c23323a] Object was updated but could not be found in the DRC.
[http://chemistry.apache.org/NDEyMjJmMmUtNzZkZi00MzU2LTg3N2EtN2UwZjNjNTRlY2UxOzEuMA==-41222f2e-76df-4356-877a-7e0f3c54ece1] Object was created but could not be found in the DRC.
[http://chemistry.apache.org/NDEyMjJmMmUtNzZkZi00MzU2LTg3N2EtN2UwZjNjNTRlY2UxOzEuMA==-41222f2e-76df-4356-877a-7e0f3c54ece1] Object was updated but could not be found in the DRC.
[http://chemistry.apache.org/MjkzNDVhMTAtMWI5OC00OWQ1LTk4NWMtMzg5NDFjMjMzMjNhOzEuMA==-29345a10-1b98-49d5-985c-38941c23323a] Object was deleted but could not be found in the ZRC.
[http://chemistry.apache.org/NDEyMjJmMmUtNzZkZi00MzU2LTg3N2EtN2UwZjNjNTRlY2UxOzEuMA==-41222f2e-76df-4356-877a-7e0f3c54ece1] Object was deleted but could not be found in the ZRC.
[http://chemistry.apache.org/ZDg5ODgyYmUtZjU3MC00YWIzLWFjNjEtZDVhNTI1ODZkODA2-d89882be-f570-4ab3-ac61-d5a52586d806] Object was deleted but could not be found in the ZRC.
[http://chemistry.apache.org/NjQyMGE0NTYtZDk4ZC00Y2QwLTlkYzQtMTg5ODEyZWYzMmEx-6420a456-d98d-4cd0-9dc4-189812ef32a1] Object was deleted but could not be found in the ZRC.
[http://chemistry.apache.org/NjdjNzQ1NzktYjNhMi00MzIxLWFmZjMtMzgyZTMwYjY4ZGI2-67c74579-b3a2-4321-aff3-382e30b68db6] Object was created but could not be found in the DRC.
[http://chemistry.apache.org/NGZjOTI1MGEtMjFhMy00N2Y2LTkwYTItMTBhNjAyMjBlNGY5-4fc9250a-21a3-47f6-90a2-10a60220e4f9] Object was created but could not be found in the DRC.
[http://chemistry.apache.org/NGZjOTI1MGEtMjFhMy00N2Y2LTkwYTItMTBhNjAyMjBlNGY5-4fc9250a-21a3-47f6-90a2-10a60220e4f9] Object was deleted but could not be found in the ZRC.
[http://chemistry.apache.org/NjdjNzQ1NzktYjNhMi00MzIxLWFmZjMtMzgyZTMwYjY4ZGI2-67c74579-b3a2-4321-aff3-382e30b68db6] Object was deleted but could not be found in the ZRC.
[http://chemistry.apache.org/N2I4NWVkNzEtZGZiOC00NDFlLTljYWYtMzM0Y2RmNmMwODVm-7b85ed71-dfb8-441e-9caf-334cdf6c085f] Object was created but could not be found in the DRC.
[http://chemistry.apache.org/YzUxZmY0Y2UtOGJlZi00MTIwLWI2YWQtMGUwYTA0ODYxNzM2-c51ff4ce-8bef-4120-b6ad-0e0a04861736] Object was created but could not be found in the DRC.
[http://chemistry.apache.org/YzUxZmY0Y2UtOGJlZi00MTIwLWI2YWQtMGUwYTA0ODYxNzM2-c51ff4ce-8bef-4120-b6ad-0e0a04861736] Object was deleted but could not be found in the ZRC.
[http://chemistry.apache.org/N2I4NWVkNzEtZGZiOC00NDFlLTljYWYtMzM0Y2RmNmMwODVm-7b85ed71-dfb8-441e-9caf-334cdf6c085f] Object was deleted but could not be found in the ZRC.
[http://chemistry.apache.org/ZWJhYWQ0MjItMjhkZC00NWI2LTgxZDctNWQ0YjYzMDk2YjAw-ebaad422-28dd-45b6-81d7-5d4b63096b00] Object was created but could not be found in the DRC.
[http://chemistry.apache.org/MjY5MjFlNzEtODk0MS00Mjk4LTg1ZTYtZDc3MjRkODkxMjcz-26921e71-8941-4298-85e6-d7724d891273] Object was created but could not be found in the DRC.
[http://chemistry.apache.org/MjY5MjFlNzEtODk0MS00Mjk4LTg1ZTYtZDc3MjRkODkxMjcz-26921e71-8941-4298-85e6-d7724d891273] Object was deleted but could not be found in the ZRC.
[http://chemistry.apache.org/ZWJhYWQ0MjItMjhkZC00NWI2LTgxZDctNWQ0YjYzMDk2YjAw-ebaad422-28dd-45b6-81d7-5d4b63096b00] Object was deleted but could not be found in the ZRC.
[http://chemistry.apache.org/MGQzYTg5OGYtYzFjMC00ZTllLThkZDYtM2Y0YWQ5NThlODNh-0d3a898f-c1c0-4e9e-8dd6-3f4ad958e83a] Object was created but could not be found in the DRC.
[http://chemistry.apache.org/YjgzNmYwOGYtYjc2MS00MmJiLTlkYjItNmYwODcwOWE4MmRl-b836f08f-b761-42bb-9db2-6f08709a82de] Object was created but could not be found in the DRC.
[http://chemistry.apache.org/N2RiM2NlNzctMTQ5YS00MmMzLWIwMTktYThkOGRhMmEyYTkw-7db3ce77-149a-42c3-b019-a8d8da2a2a90] Object was created but could not be found in the DRC.
[http://chemistry.apache.org/YjgzNmYwOGYtYjc2MS00MmJiLTlkYjItNmYwODcwOWE4MmRl-b836f08f-b761-42bb-9db2-6f08709a82de] Object was deleted but could not be found in the ZRC.
[http://chemistry.apache.org/N2RiM2NlNzctMTQ5YS00MmMzLWIwMTktYThkOGRhMmEyYTkw-7db3ce77-149a-42c3-b019-a8d8da2a2a90] Object was deleted but could not be found in the ZRC.
[http://chemistry.apache.org/MGQzYTg5OGYtYzFjMC00ZTllLThkZDYtM2Y0YWQ5NThlODNh-0d3a898f-c1c0-4e9e-8dd6-3f4ad958e83a] Object was deleted but could not be found in the ZRC.
[http://chemistry.apache.org/MWVmN2ZjNTktMzM5ZC00ZGIyLTkxZTktMTk2YzEwNWNhNzZm-1ef7fc59-339d-4db2-91e9-196c105ca76f] Object was created but could not be found in the DRC.
[http://chemistry.apache.org/YTZmYjRjMjctYTY4Zi00NDU2LTk4YWItODMwOTljYTA2N2I0-a6fb4c27-a68f-4456-98ab-83099ca067b4] Object was created but could not be found in the DRC.
[http://chemistry.apache.org/YTZmYjRjMjctYTY4Zi00NDU2LTk4YWItODMwOTljYTA2N2I0-a6fb4c27-a68f-4456-98ab-83099ca067b4] Object was deleted but could not be found in the ZRC.
[http://chemistry.apache.org/MWVmN2ZjNTktMzM5ZC00ZGIyLTkxZTktMTk2YzEwNWNhNzZm-1ef7fc59-339d-4db2-91e9-196c105ca76f] Object was deleted but could not be found in the ZRC.
[http://chemistry.apache.org/MGUwNzgyZTEtMTVmNy00MjdjLWE2ZDAtYTVmZDJmNjE3MGE5-0e0782e1-15f7-427c-a6d0-a5fd2f6170a9] Object was created but could not be found in the DRC.
[http://chemistry.apache.org/ZjNkMzM1ZWMtZjZlOS00ZTQyLWI0OTAtNjE5YmQwMzQyOTNj-f3d335ec-f6e9-4e42-b490-619bd034293c] Object was created but could not be found in the DRC.
[http://chemistry.apache.org/ZjNkMzM1ZWMtZjZlOS00ZTQyLWI0OTAtNjE5YmQwMzQyOTNj-f3d335ec-f6e9-4e42-b490-619bd034293c] Object was deleted but could not be found in the ZRC.
[http://chemistry.apache.org/MGUwNzgyZTEtMTVmNy00MjdjLWE2ZDAtYTVmZDJmNjE3MGE5-0e0782e1-15f7-427c-a6d0-a5fd2f6170a9] Object was deleted but could not be found in the ZRC.
[http://chemistry.apache.org/NWI1MGQxNjItZjgzYi00ZTRjLTlkOTQtY2IxZDM3YzAzNGNl-5b50d162-f83b-4e4c-9d94-cb1d37c034ce] Object was created but could not be found in the DRC.
[http://chemistry.apache.org/ZGYwNjIzNDYtMjliYi00ZmUyLWI2NjgtMzhhMDYzMWE1MTVm-df062346-29bb-4fe2-b668-38a0631a515f] Object was created but could not be found in the DRC.
[http://chemistry.apache.org/ZGYwNjIzNDYtMjliYi00ZmUyLWI2NjgtMzhhMDYzMWE1MTVm-df062346-29bb-4fe2-b668-38a0631a515f] Object was deleted but could not be found in the ZRC.
[http://chemistry.apache.org/NWI1MGQxNjItZjgzYi00ZTRjLTlkOTQtY2IxZDM3YzAzNGNl-5b50d162-f83b-4e4c-9d94-cb1d37c034ce] Object was deleted but could not be found in the ZRC.
[http://chemistry.apache.org/MTlmZmQ1YzQtMjM5NC00ZTVjLTgyNDUtZWE5MzNjYjFlZDNj-19ffd5c4-2394-4e5c-8245-ea933cb1ed3c] Object was created but could not be found in the DRC.
[http://chemistry.apache.org/Nzg1NDQ1MjgtN2UxMC00ODBhLThlNzQtZTQ2MjBkYTczZTNk-78544528-7e10-480a-8e74-e4620da73e3d] Object was created but could not be found in the DRC.
[http://chemistry.apache.org/Nzg1NDQ1MjgtN2UxMC00ODBhLThlNzQtZTQ2MjBkYTczZTNk-78544528-7e10-480a-8e74-e4620da73e3d] Object was deleted but could not be found in the ZRC.
[http://chemistry.apache.org/MTlmZmQ1YzQtMjM5NC00ZTVjLTgyNDUtZWE5MzNjYjFlZDNj-19ffd5c4-2394-4e5c-8245-ea933cb1ed3c] Object was deleted but could not be found in the ZRC.
[http://chemistry.apache.org/MTg1YmI1NzItMzNhYi00MDhiLTkxNDktZTJhZWU0ODI5ZTAz-185bb572-33ab-408b-9149-e2aee4829e03] Object was created but could not be found in the DRC.
[http://chemistry.apache.org/YWQ5Zjc0MjYtNThkYS00NDI4LTgwNGItZjhlYjNlNmVmNGRm-ad9f7426-58da-4428-804b-f8eb3e6ef4df] Object was created but could not be found in the DRC.
[http://chemistry.apache.org/YWQ5Zjc0MjYtNThkYS00NDI4LTgwNGItZjhlYjNlNmVmNGRm-ad9f7426-58da-4428-804b-f8eb3e6ef4df] Object was deleted but could not be found in the ZRC.
[http://chemistry.apache.org/MTg1YmI1NzItMzNhYi00MDhiLTkxNDktZTJhZWU0ODI5ZTAz-185bb572-33ab-408b-9149-e2aee4829e03] Object was deleted but could not be found in the ZRC.
[http://chemistry.apache.org/MDhjMjk4NjQtMmYyMy00MGI0LTllNDAtNGQ0NmU0YWE5YzYy-08c29864-2f23-40b4-9e40-4d46e4aa9c62] Object was created but could not be found in the DRC.
[http://chemistry.apache.org/NTgzNDhkNDQtYzEyYi00NzAzLThjYTktMTk1ODUwOGNiOGQ0-58348d44-c12b-4703-8ca9-1958508cb8d4] Object was created but could not be found in the DRC.
[http://chemistry.apache.org/ZWFkOTc2NmItZTFkNi00NDU5LTllOTQtYmE3N2MxNzFlZTYwOzEuMA==-ead9766b-e1d6-4459-9e94-ba77c171ee60] Object was created but could not be found in the DRC.
[http://chemistry.apache.org/ZWFkOTc2NmItZTFkNi00NDU5LTllOTQtYmE3N2MxNzFlZTYwOzEuMA==-ead9766b-e1d6-4459-9e94-ba77c171ee60] Object was updated but could not be found in the DRC.
[http://chemistry.apache.org/ZWFkOTc2NmItZTFkNi00NDU5LTllOTQtYmE3N2MxNzFlZTYwOzEuMQ==-ead9766b-e1d6-4459-9e94-ba77c171ee60] Object was deleted but could not be found in the ZRC.
[http://chemistry.apache.org/NTgzNDhkNDQtYzEyYi00NzAzLThjYTktMTk1ODUwOGNiOGQ0-58348d44-c12b-4703-8ca9-1958508cb8d4] Object was deleted but could not be found in the ZRC.
[http://chemistry.apache.org/MDhjMjk4NjQtMmYyMy00MGI0LTllNDAtNGQ0NmU0YWE5YzYy-08c29864-2f23-40b4-9e40-4d46e4aa9c62] Object was deleted but could not be found in the ZRC.
[http://chemistry.apache.org/ODc0ZjYyM2MtNzAwMS00MDBlLTliYjEtNDczM2RkZWUxZGY4-874f623c-7001-400e-9bb1-4733ddee1df8] Object was created but could not be found in the DRC.
[http://chemistry.apache.org/MzU4Njk5NjEtM2NhNy00NzU4LWE0YWEtZGM3Y2RkZWQ0ZTAy-35869961-3ca7-4758-a4aa-dc7cdded4e02] Object was created but could not be found in the DRC.
[http://chemistry.apache.org/MzU4Njk5NjEtM2NhNy00NzU4LWE0YWEtZGM3Y2RkZWQ0ZTAy-35869961-3ca7-4758-a4aa-dc7cdded4e02] Object was deleted but could not be found in the ZRC.
[http://chemistry.apache.org/ODc0ZjYyM2MtNzAwMS00MDBlLTliYjEtNDczM2RkZWUxZGY4-874f623c-7001-400e-9bb1-4733ddee1df8] Object was deleted but could not be found in the ZRC.
[http://chemistry.apache.org/NGQwMzAzM2YtYmU3Mi00ZDQ0LWExZDgtZDFjOTM3MjllZjgw-4d03033f-be72-4d44-a1d8-d1c93729ef80] Object was created but could not be found in the DRC.
[http://chemistry.apache.org/NmE4OWJjMzctOWIwZi00MDAxLWJkNjItYTA3Y2QxMDAwOGIx-6a89bc37-9b0f-4001-bd62-a07cd10008b1] Object was created but could not be found in the DRC.
[http://chemistry.apache.org/MDk5NzY3ZDMtMTBmZC00ZDcyLTkyMDMtZGEyOTcxNjlhMmZlOzEuMA==-099767d3-10fd-4d72-9203-da297169a2fe] Object was created but could not be found in the DRC.
[http://chemistry.apache.org/MDk5NzY3ZDMtMTBmZC00ZDcyLTkyMDMtZGEyOTcxNjlhMmZlOzEuMA==-099767d3-10fd-4d72-9203-da297169a2fe] Object was updated but could not be found in the DRC.
[http://chemistry.apache.org/MDk5NzY3ZDMtMTBmZC00ZDcyLTkyMDMtZGEyOTcxNjlhMmZlOzEuMA==-099767d3-10fd-4d72-9203-da297169a2fe] Object was deleted but could not be found in the ZRC.
[http://chemistry.apache.org/NmE4OWJjMzctOWIwZi00MDAxLWJkNjItYTA3Y2QxMDAwOGIx-6a89bc37-9b0f-4001-bd62-a07cd10008b1] Object was deleted but could not be found in the ZRC.
[http://chemistry.apache.org/NGQwMzAzM2YtYmU3Mi00ZDQ0LWExZDgtZDFjOTM3MjllZjgw-4d03033f-be72-4d44-a1d8-d1c93729ef80] Object was deleted but could not be found in the ZRC.
[http://chemistry.apache.org/OTdkMjQ5ZWItM2Y5YS00YmYyLWEzZDMtOThlODE1YmQ3NjVl-97d249eb-3f9a-4bf2-a3d3-98e815bd765e] Object was created but could not be found in the DRC.
[http://chemistry.apache.org/ZDYzZjg4YjYtMzBmYy00NzI1LWE2NjMtZWYwNTA3MzQ3NTJl-d63f88b6-30fc-4725-a663-ef050734752e] Object was created but could not be found in the DRC.
[http://chemistry.apache.org/NmQ1ZjM1ZmUtODgyNS00ZjgyLTg2ZTItOTJmNjZkNWUyYWJjOzEuMA==-6d5f35fe-8825-4f82-86e2-92f66d5e2abc] Object was created but could not be found in the DRC.
[http://chemistry.apache.org/NmQ1ZjM1ZmUtODgyNS00ZjgyLTg2ZTItOTJmNjZkNWUyYWJjOzEuMA==-6d5f35fe-8825-4f82-86e2-92f66d5e2abc] Object was updated but could not be found in the DRC.
[http://chemistry.apache.org/NmQ1ZjM1ZmUtODgyNS00ZjgyLTg2ZTItOTJmNjZkNWUyYWJjOzEuMA==-6d5f35fe-8825-4f82-86e2-92f66d5e2abc] Object was deleted but could not be found in the ZRC.
[http://chemistry.apache.org/ZDYzZjg4YjYtMzBmYy00NzI1LWE2NjMtZWYwNTA3MzQ3NTJl-d63f88b6-30fc-4725-a663-ef050734752e] Object was deleted but could not be found in the ZRC.
[http://chemistry.apache.org/OTdkMjQ5ZWItM2Y5YS00YmYyLWEzZDMtOThlODE1YmQ3NjVl-97d249eb-3f9a-4bf2-a3d3-98e815bd765e] Object was deleted but could not be found in the ZRC.
[http://chemistry.apache.org/YzMxYjlhMTYtMTcxNS00YmY2LWExYWEtYTUzMTgxNWYzYzhl-c31b9a16-1715-4bf6-a1aa-a531815f3c8e] Object was created but could not be found in the DRC.
[http://chemistry.apache.org/ZmExMmEzNTktMDk0OS00ZGU5LWFkMWQtOGI4YzVlZmQ3ZTI4-fa12a359-0949-4de9-ad1d-8b8c5efd7e28] Object was created but could not be found in the DRC.
[http://chemistry.apache.org/YzY2MmI1MjQtMmZhMy00NjdkLWJlY2MtN2YxYWU2NWQ4YTZjOzEuMA==-c662b524-2fa3-467d-becc-7f1ae65d8a6c] Object was created but could not be found in the DRC.
[http://chemistry.apache.org/YzY2MmI1MjQtMmZhMy00NjdkLWJlY2MtN2YxYWU2NWQ4YTZjOzEuMA==-c662b524-2fa3-467d-becc-7f1ae65d8a6c] Object was updated but could not be found in the DRC.
[http://chemistry.apache.org/YzY2MmI1MjQtMmZhMy00NjdkLWJlY2MtN2YxYWU2NWQ4YTZjOzEuMA==-c662b524-2fa3-467d-becc-7f1ae65d8a6c] Object was deleted but could not be found in the ZRC.
[http://chemistry.apache.org/ZmExMmEzNTktMDk0OS00ZGU5LWFkMWQtOGI4YzVlZmQ3ZTI4-fa12a359-0949-4de9-ad1d-8b8c5efd7e28] Object was deleted but could not be found in the ZRC.
[http://chemistry.apache.org/YzMxYjlhMTYtMTcxNS00YmY2LWExYWEtYTUzMTgxNWYzYzhl-c31b9a16-1715-4bf6-a1aa-a531815f3c8e] Object was deleted but could not be found in the ZRC.
[http://chemistry.apache.org/NmJlOTQ0OWYtY2EzMS00MDI1LWE5NzgtMmE1MmMyY2MwNmVh-6be9449f-ca31-4025-a978-2a52c2cc06ea] Object was created but could not be found in the DRC.
[http://chemistry.apache.org/NTViOTU0ODctZjZlMy00YjYxLWI5YTMtNTkyNzJhMzQ4NGNh-55b95487-f6e3-4b61-b9a3-59272a3484ca] Object was created but could not be found in the DRC.
[http://chemistry.apache.org/N2YwNWE4OTAtMzU5Mi00YWJhLWI4MjQtZjExNWQ5ZmI0ODk1OzEuMA==-7f05a890-3592-4aba-b824-f115d9fb4895] Object was created but could not be found in the DRC.
[http://chemistry.apache.org/N2YwNWE4OTAtMzU5Mi00YWJhLWI4MjQtZjExNWQ5ZmI0ODk1OzEuMA==-7f05a890-3592-4aba-b824-f115d9fb4895] Object was updated but could not be found in the DRC.
[http://chemistry.apache.org/ZDEzNjBhMzItMWRjYi00MWFiLTkwOTktOGVjNzI3MmYzZWQ0-d1360a32-1dcb-41ab-9099-8ec7272f3ed4] Object was created but could not be found in the DRC.
[http://chemistry.apache.org/N2YwNWE4OTAtMzU5Mi00YWJhLWI4MjQtZjExNWQ5ZmI0ODk1OzEuMA==-7f05a890-3592-4aba-b824-f115d9fb4895] Object was deleted but could not be found in the ZRC.
[http://chemistry.apache.org/ZDEzNjBhMzItMWRjYi00MWFiLTkwOTktOGVjNzI3MmYzZWQ0-d1360a32-1dcb-41ab-9099-8ec7272f3ed4] Object was deleted but could not be found in the ZRC.
[http://chemistry.apache.org/NTViOTU0ODctZjZlMy00YjYxLWI5YTMtNTkyNzJhMzQ4NGNh-55b95487-f6e3-4b61-b9a3-59272a3484ca] Object was deleted but could not be found in the ZRC.
[http://chemistry.apache.org/NmJlOTQ0OWYtY2EzMS00MDI1LWE5NzgtMmE1MmMyY2MwNmVh-6be9449f-ca31-4025-a978-2a52c2cc06ea] Object was deleted but could not be found in the ZRC.
[http://chemistry.apache.org/ODhmNmQzN2UtNjNkMC00YTQzLWFlYTMtNmEzNzlmM2NiZGJl-88f6d37e-63d0-4a43-aea3-6a379f3cbdbe] Object was created but could not be found in the DRC.
[http://chemistry.apache.org/YjViMGQyYTUtNWI0Yi00YTJkLWJhMTctYTA2NzVhYmEyMDRj-b5b0d2a5-5b4b-4a2d-ba17-a0675aba204c] Object was created but could not be found in the DRC.
[http://chemistry.apache.org/MjNkZDAxMzYtNThiZi00OGM0LWEwYjMtZWY3MDFiZTliODNiOzEuMA==-23dd0136-58bf-48c4-a0b3-ef701be9b83b] Object was created but could not be found in the DRC.
[http://chemistry.apache.org/MjNkZDAxMzYtNThiZi00OGM0LWEwYjMtZWY3MDFiZTliODNiOzEuMA==-23dd0136-58bf-48c4-a0b3-ef701be9b83b] Object was updated but could not be found in the DRC.
[http://chemistry.apache.org/MjNkZDAxMzYtNThiZi00OGM0LWEwYjMtZWY3MDFiZTliODNiOzEuMA==-23dd0136-58bf-48c4-a0b3-ef701be9b83b] Object was deleted but could not be found in the ZRC.
[http://chemistry.apache.org/YjViMGQyYTUtNWI0Yi00YTJkLWJhMTctYTA2NzVhYmEyMDRj-b5b0d2a5-5b4b-4a2d-ba17-a0675aba204c] Object was deleted but could not be found in the ZRC.
[http://chemistry.apache.org/ODhmNmQzN2UtNjNkMC00YTQzLWFlYTMtNmEzNzlmM2NiZGJl-88f6d37e-63d0-4a43-aea3-6a379f3cbdbe] Object was deleted but could not be found in the ZRC.
[http://chemistry.apache.org/YTRiMzVmMGUtMGQ1MS00MTE5LTg3MjYtZjVjMTg2NDQxOWVi-a4b35f0e-0d51-4119-8726-f5c1864419eb] Object was created but could not be found in the DRC.
[http://chemistry.apache.org/NmFkNWYyNTQtZDg2Mi00NTMwLWFkZjMtY2EwMGI2NzE1Yzkz-6ad5f254-d862-4530-adf3-ca00b6715c93] Object was created but could not be found in the DRC.
[http://chemistry.apache.org/NDBmMjdiN2UtNzdmMS00N2IwLTk5M2ItNTdlNjc2YTIyZjhhOzEuMA==-40f27b7e-77f1-47b0-993b-57e676a22f8a] Object was created but could not be found in the DRC.
[http://chemistry.apache.org/NDBmMjdiN2UtNzdmMS00N2IwLTk5M2ItNTdlNjc2YTIyZjhhOzEuMA==-40f27b7e-77f1-47b0-993b-57e676a22f8a] Object was updated but could not be found in the DRC.
[http://chemistry.apache.org/NDBmMjdiN2UtNzdmMS00N2IwLTk5M2ItNTdlNjc2YTIyZjhhOzEuMA==-40f27b7e-77f1-47b0-993b-57e676a22f8a] Object was deleted but could not be found in the ZRC.
[http://chemistry.apache.org/ZjdlZGM1NWMtNzk4Mi00M2Q5LTk0ZjUtNGUzMzAyOTIyMDNh-f7edc55c-7982-43d9-94f5-4e330292203a] Object was created but could not be found in the DRC.
[http://chemistry.apache.org/ZjdlZGM1NWMtNzk4Mi00M2Q5LTk0ZjUtNGUzMzAyOTIyMDNh-f7edc55c-7982-43d9-94f5-4e330292203a] Object was deleted but could not be found in the ZRC.
[http://chemistry.apache.org/NmFkNWYyNTQtZDg2Mi00NTMwLWFkZjMtY2EwMGI2NzE1Yzkz-6ad5f254-d862-4530-adf3-ca00b6715c93] Object was deleted but could not be found in the ZRC.
[http://chemistry.apache.org/YTRiMzVmMGUtMGQ1MS00MTE5LTg3MjYtZjVjMTg2NDQxOWVi-a4b35f0e-0d51-4119-8726-f5c1864419eb] Object was deleted but could not be found in the ZRC.
[http://chemistry.apache.org/MWI2YTA1ZGEtOGFiNS00ZmM4LWI2ODctY2FjYzUyZWFmMTE0OzEuMA==-1b6a05da-8ab5-4fc8-b687-cacc52eaf114] Object was created but could not be found in the DRC.
[http://chemistry.apache.org/MWI2YTA1ZGEtOGFiNS00ZmM4LWI2ODctY2FjYzUyZWFmMTE0OzEuMA==-1b6a05da-8ab5-4fc8-b687-cacc52eaf114] Object was updated but could not be found in the DRC.
[http://chemistry.apache.org/MGQ4NjJjM2UtNTE0ZC00OTZkLWIxZDQtYzAxMGNhYTc0MTQ3-0d862c3e-514d-496d-b1d4-c010caa74147] Object was created but could not be found in the DRC.
[http://chemistry.apache.org/NjlmYjhhZTYtMGNhYS00ZGZmLWE2ZjYtNzQ3ZjJlYzIwNmIw-69fb8ae6-0caa-4dff-a6f6-747f2ec206b0] Object was created but could not be found in the DRC.
[http://chemistry.apache.org/NjlmYjhhZTYtMGNhYS00ZGZmLWE2ZjYtNzQ3ZjJlYzIwNmIw-69fb8ae6-0caa-4dff-a6f6-747f2ec206b0] Object was deleted but could not be found in the ZRC.
[http://chemistry.apache.org/MGQ4NjJjM2UtNTE0ZC00OTZkLWIxZDQtYzAxMGNhYTc0MTQ3-0d862c3e-514d-496d-b1d4-c010caa74147] Object was deleted but could not be found in the ZRC.
[http://chemistry.apache.org/NGYxNTBiODEtNTM5NS00NWQ5LTg2YmEtMzQ4MWNkYzllYTQw-4f150b81-5395-45d9-86ba-3481cdc9ea40] Object was created but could not be found in the DRC.
[http://chemistry.apache.org/NzVkNjdjMzUtZTUyNy00NmEzLWI0ZTItMjYwNDNlMDUyNGY3-75d67c35-e527-46a3-b4e2-26043e0524f7] Object was created but could not be found in the DRC.
[http://chemistry.apache.org/NzVkNjdjMzUtZTUyNy00NmEzLWI0ZTItMjYwNDNlMDUyNGY3-75d67c35-e527-46a3-b4e2-26043e0524f7] Object was deleted but could not be found in the ZRC.
[http://chemistry.apache.org/NGYxNTBiODEtNTM5NS00NWQ5LTg2YmEtMzQ4MWNkYzllYTQw-4f150b81-5395-45d9-86ba-3481cdc9ea40] Object was deleted but could not be found in the ZRC.
[http://chemistry.apache.org/ZDdkNGYzOTctMDU5Yi00MTUzLTllZDEtY2FkNmNjYzA4MjNj-d7d4f397-059b-4153-9ed1-cad6ccc0823c] Object was created but could not be found in the DRC.
[http://chemistry.apache.org/NmI4ZTFhYmYtMDc4Yi00NmMwLWFiM2MtZGI1MzRhMDkxYTI0-6b8e1abf-078b-46c0-ab3c-db534a091a24] Object was created but could not be found in the DRC.
[http://chemistry.apache.org/NmI4ZTFhYmYtMDc4Yi00NmMwLWFiM2MtZGI1MzRhMDkxYTI0-6b8e1abf-078b-46c0-ab3c-db534a091a24] Object was deleted but could not be found in the ZRC.
[http://chemistry.apache.org/ZDdkNGYzOTctMDU5Yi00MTUzLTllZDEtY2FkNmNjYzA4MjNj-d7d4f397-059b-4153-9ed1-cad6ccc0823c] Object was deleted but could not be found in the ZRC.
[http://chemistry.apache.org/MTFkZTViNjYtMTAyYS00ZDc3LWIyM2ItM2QwMjgzMjI1ZTM1-11de5b66-102a-4d77-b23b-3d0283225e35] Object was created but could not be found in the DRC.
[http://chemistry.apache.org/YjEyNGJhOWUtOGNhZi00ZDMwLWE5ZTYtZjdhMDU1YTI1MDNl-b124ba9e-8caf-4d30-a9e6-f7a055a2503e] Object was created but could not be found in the DRC.
[http://chemistry.apache.org/YjEyNGJhOWUtOGNhZi00ZDMwLWE5ZTYtZjdhMDU1YTI1MDNl-b124ba9e-8caf-4d30-a9e6-f7a055a2503e] Object was deleted but could not be found in the ZRC.
[http://chemistry.apache.org/MTFkZTViNjYtMTAyYS00ZDc3LWIyM2ItM2QwMjgzMjI1ZTM1-11de5b66-102a-4d77-b23b-3d0283225e35] Object was deleted but could not be found in the ZRC.
[http://chemistry.apache.org/ZWI1OGY1OWItN2JiYi00NzNiLThmYWItMjIwYjE3NGE1ZmJi-eb58f59b-7bbb-473b-8fab-220b174a5fbb] Object was created but could not be found in the DRC.
[http://chemistry.apache.org/YmJmNzQ4NWUtMTYyZi00NjA1LThiNTMtODhhMjdhOTUwNTM2-bbf7485e-162f-4605-8b53-88a27a950536] Object was created but could not be found in the DRC.
[http://chemistry.apache.org/YmJmNzQ4NWUtMTYyZi00NjA1LThiNTMtODhhMjdhOTUwNTM2-bbf7485e-162f-4605-8b53-88a27a950536] Object was deleted but could not be found in the ZRC.
[http://chemistry.apache.org/ZWI1OGY1OWItN2JiYi00NzNiLThmYWItMjIwYjE3NGE1ZmJi-eb58f59b-7bbb-473b-8fab-220b174a5fbb] Object was deleted but could not be found in the ZRC.
[http://chemistry.apache.org/MmI0MjdhMTYtNDhmNS00ODNkLTkxZTctNTBmNzM4NzBiMWVh-2b427a16-48f5-483d-91e7-50f73870b1ea] Object was created but could not be found in the DRC.
[http://chemistry.apache.org/ZWM5MTljMzMtMTA0My00MGRmLTlkYTctMDBiODQ0Y2U5MDk3-ec919c33-1043-40df-9da7-00b844ce9097] Object was created but could not be found in the DRC.
[http://chemistry.apache.org/NjI4NjkyZGEtNDM0ZC00M2ZjLTk0ODItZWIzM2NmYWYyZDAyOzEuMA==-628692da-434d-43fc-9482-eb33cfaf2d02] Object was created but could not be found in the DRC.
[http://chemistry.apache.org/NjI4NjkyZGEtNDM0ZC00M2ZjLTk0ODItZWIzM2NmYWYyZDAyOzEuMA==-628692da-434d-43fc-9482-eb33cfaf2d02] Object was updated but could not be found in the DRC.
[http://chemistry.apache.org/MTk3ODgwNDMtYzM1NS00ZDU0LWFiNTMtYjQ3Y2Q4M2MxODdlOzEuMA==-19788043-c355-4d54-ab53-b47cd83c187e] Object was created but could not be found in the DRC.
[http://chemistry.apache.org/MTk3ODgwNDMtYzM1NS00ZDU0LWFiNTMtYjQ3Y2Q4M2MxODdlOzEuMA==-19788043-c355-4d54-ab53-b47cd83c187e] Object was updated but could not be found in the DRC.
[http://chemistry.apache.org/MTk3ODgwNDMtYzM1NS00ZDU0LWFiNTMtYjQ3Y2Q4M2MxODdlOzEuMA==-19788043-c355-4d54-ab53-b47cd83c187e] Object was deleted but could not be found in the ZRC.
[http://chemistry.apache.org/MTljNTllNjUtOTU0NS00NzQ5LTlmMzEtMTI4YTEzMjYwZTY4OzEuMA==-19c59e65-9545-4749-9f31-128a13260e68] Object was created but could not be found in the DRC.
[http://chemistry.apache.org/MTljNTllNjUtOTU0NS00NzQ5LTlmMzEtMTI4YTEzMjYwZTY4OzEuMA==-19c59e65-9545-4749-9f31-128a13260e68] Object was updated but could not be found in the DRC.
[http://chemistry.apache.org/NjI4NjkyZGEtNDM0ZC00M2ZjLTk0ODItZWIzM2NmYWYyZDAyOzEuMA==-628692da-434d-43fc-9482-eb33cfaf2d02] Object was deleted but could not be found in the ZRC.
[http://chemistry.apache.org/MTljNTllNjUtOTU0NS00NzQ5LTlmMzEtMTI4YTEzMjYwZTY4OzEuMA==-19c59e65-9545-4749-9f31-128a13260e68] Object was deleted but could not be found in the ZRC.
[http://chemistry.apache.org/ZWM5MTljMzMtMTA0My00MGRmLTlkYTctMDBiODQ0Y2U5MDk3-ec919c33-1043-40df-9da7-00b844ce9097] Object was deleted but could not be found in the ZRC.
[http://chemistry.apache.org/MmI0MjdhMTYtNDhmNS00ODNkLTkxZTctNTBmNzM4NzBiMWVh-2b427a16-48f5-483d-91e7-50f73870b1ea] Object was deleted but could not be found in the ZRC.
[http://chemistry.apache.org/ZDRmMGQwNjItNGUxZC00YTZkLWFkMWQtNmQzMzUwMTEzMjk2-d4f0d062-4e1d-4a6d-ad1d-6d3350113296] Object was created but could not be found in the DRC.
[http://chemistry.apache.org/YWNmNDBmYjEtODAwMS00OTFkLTg4ZjItNjRkYjM1OTkwOTc5-acf40fb1-8001-491d-88f2-64db35990979] Object was created but could not be found in the DRC.
[http://chemistry.apache.org/ODMwODllNzEtYWMxYy00NDVkLWJiZWItNGJiZDAxNjE1NGNlOzEuMA==-83089e71-ac1c-445d-bbeb-4bbd016154ce] Object was created but could not be found in the DRC.
[http://chemistry.apache.org/ODMwODllNzEtYWMxYy00NDVkLWJiZWItNGJiZDAxNjE1NGNlOzEuMA==-83089e71-ac1c-445d-bbeb-4bbd016154ce] Object was updated but could not be found in the DRC.
[http://chemistry.apache.org/OTUyNWUxZWEtN2RmMy00MDk4LWE2MTUtODVlMzg3MDFkODg5OzEuMA==-9525e1ea-7df3-4098-a615-85e38701d889] Object was created but could not be found in the DRC.
[http://chemistry.apache.org/OTUyNWUxZWEtN2RmMy00MDk4LWE2MTUtODVlMzg3MDFkODg5OzEuMA==-9525e1ea-7df3-4098-a615-85e38701d889] Object was updated but could not be found in the DRC.
[http://chemistry.apache.org/ODMwODllNzEtYWMxYy00NDVkLWJiZWItNGJiZDAxNjE1NGNlOzEuMA==-83089e71-ac1c-445d-bbeb-4bbd016154ce] Object was deleted but could not be found in the ZRC.
[http://chemistry.apache.org/OTUyNWUxZWEtN2RmMy00MDk4LWE2MTUtODVlMzg3MDFkODg5OzEuMA==-9525e1ea-7df3-4098-a615-85e38701d889] Object was deleted but could not be found in the ZRC.
[http://chemistry.apache.org/YWNmNDBmYjEtODAwMS00OTFkLTg4ZjItNjRkYjM1OTkwOTc5-acf40fb1-8001-491d-88f2-64db35990979] Object was deleted but could not be found in the ZRC.
[http://chemistry.apache.org/ZDRmMGQwNjItNGUxZC00YTZkLWFkMWQtNmQzMzUwMTEzMjk2-d4f0d062-4e1d-4a6d-ad1d-6d3350113296] Object was deleted but could not be found in the ZRC.
[http://chemistry.apache.org/YWFkZjY5NzgtYmI5NS00MWFkLWFmMmQtNmU0Njg5OTYyZDE3-aadf6978-bb95-41ad-af2d-6e4689962d17] Object was created but could not be found in the DRC.
[http://chemistry.apache.org/ZDVmYjY4YTQtNWMxNS00OTEwLWJkYWEtNTNkNjgzOTg0NDk2-d5fb68a4-5c15-4910-bdaa-53d683984496] Object was created but could not be found in the DRC.
[http://chemistry.apache.org/Y2JkMjgwMzUtOGM5MC00YjgzLWFjODItMzk4OTJhMDA5MmQ1OzEuMA==-cbd28035-8c90-4b83-ac82-39892a0092d5] Object was created but could not be found in the DRC.
[http://chemistry.apache.org/Y2JkMjgwMzUtOGM5MC00YjgzLWFjODItMzk4OTJhMDA5MmQ1OzEuMA==-cbd28035-8c90-4b83-ac82-39892a0092d5] Object was updated but could not be found in the DRC.
[http://chemistry.apache.org/ZGQ3MTkyMGQtODE5MS00MTMxLWI0NzEtOWZkY2ZiMWIwOWViOzEuMA==-dd71920d-8191-4131-b471-9fdcfb1b09eb] Object was created but could not be found in the DRC.
[http://chemistry.apache.org/ZGQ3MTkyMGQtODE5MS00MTMxLWI0NzEtOWZkY2ZiMWIwOWViOzEuMA==-dd71920d-8191-4131-b471-9fdcfb1b09eb] Object was updated but could not be found in the DRC.
[http://chemistry.apache.org/Y2JkMjgwMzUtOGM5MC00YjgzLWFjODItMzk4OTJhMDA5MmQ1OzEuMA==-cbd28035-8c90-4b83-ac82-39892a0092d5] Object was deleted but could not be found in the ZRC.
[http://chemistry.apache.org/ZGQ3MTkyMGQtODE5MS00MTMxLWI0NzEtOWZkY2ZiMWIwOWViOzEuMA==-dd71920d-8191-4131-b471-9fdcfb1b09eb] Object was deleted but could not be found in the ZRC.
[http://chemistry.apache.org/ZDVmYjY4YTQtNWMxNS00OTEwLWJkYWEtNTNkNjgzOTg0NDk2-d5fb68a4-5c15-4910-bdaa-53d683984496] Object was deleted but could not be found in the ZRC.
[http://chemistry.apache.org/YWFkZjY5NzgtYmI5NS00MWFkLWFmMmQtNmU0Njg5OTYyZDE3-aadf6978-bb95-41ad-af2d-6e4689962d17] Object was deleted but could not be found in the ZRC.
[http://chemistry.apache.org/NWViYWFlOWEtZmQzZi00YWMxLWFkMWMtN2I2ODVjMTJkMzE3-5ebaae9a-fd3f-4ac1-ad1c-7b685c12d317] Object was created but could not be found in the DRC.
[http://chemistry.apache.org/MDE3MzY3M2ItMzdjMi00NTU2LWFlYzUtZTE1OWY2OTYzYjYz-0173673b-37c2-4556-aec5-e159f6963b63] Object was created but could not be found in the DRC.
[http://chemistry.apache.org/NjEzZDQ4NjMtYmYzOS00MDM0LWFiMTQtNWMwODJiNDgyNTI0OzEuMA==-613d4863-bf39-4034-ab14-5c082b482524] Object was created but could not be found in the DRC.
[http://chemistry.apache.org/NjEzZDQ4NjMtYmYzOS00MDM0LWFiMTQtNWMwODJiNDgyNTI0OzEuMA==-613d4863-bf39-4034-ab14-5c082b482524] Object was updated but could not be found in the DRC.
[http://chemistry.apache.org/YzdlMTMyOGItOTdiYy00M2UwLTg2YjAtZWQ2NWNlMzVlNmViOzEuMA==-c7e1328b-97bc-43e0-86b0-ed65ce35e6eb] Object was created but could not be found in the DRC.
[http://chemistry.apache.org/YzdlMTMyOGItOTdiYy00M2UwLTg2YjAtZWQ2NWNlMzVlNmViOzEuMA==-c7e1328b-97bc-43e0-86b0-ed65ce35e6eb] Object was updated but could not be found in the DRC.
[http://chemistry.apache.org/NjEzZDQ4NjMtYmYzOS00MDM0LWFiMTQtNWMwODJiNDgyNTI0OzEuMA==-613d4863-bf39-4034-ab14-5c082b482524] Object was deleted but could not be found in the ZRC.
[http://chemistry.apache.org/YzdlMTMyOGItOTdiYy00M2UwLTg2YjAtZWQ2NWNlMzVlNmViOzEuMA==-c7e1328b-97bc-43e0-86b0-ed65ce35e6eb] Object was deleted but could not be found in the ZRC.
[http://chemistry.apache.org/MDE3MzY3M2ItMzdjMi00NTU2LWFlYzUtZTE1OWY2OTYzYjYz-0173673b-37c2-4556-aec5-e159f6963b63] Object was deleted but could not be found in the ZRC.
[http://chemistry.apache.org/NWViYWFlOWEtZmQzZi00YWMxLWFkMWMtN2I2ODVjMTJkMzE3-5ebaae9a-fd3f-4ac1-ad1c-7b685c12d317] Object was deleted but could not be found in the ZRC.
[http://chemistry.apache.org/MjE0MjMxMjctYTA5Yi00MWIwLWE0MDMtNTU0M2Y0ZDcxZTE2-21423127-a09b-41b0-a403-5543f4d71e16] Object was created but could not be found in the DRC.
[http://chemistry.apache.org/ZmM2ZDc5ZGYtMTAyYy00MjA1LWE4ZmQtZmE2YjhiYzU4ODBm-fc6d79df-102c-4205-a8fd-fa6b8bc5880f] Object was created but could not be found in the DRC.
[http://chemistry.apache.org/ZmM2ZDc5ZGYtMTAyYy00MjA1LWE4ZmQtZmE2YjhiYzU4ODBm-fc6d79df-102c-4205-a8fd-fa6b8bc5880f] Object was deleted but could not be found in the ZRC.
[http://chemistry.apache.org/MjE0MjMxMjctYTA5Yi00MWIwLWE0MDMtNTU0M2Y0ZDcxZTE2-21423127-a09b-41b0-a403-5543f4d71e16] Object was deleted but could not be found in the ZRC.
[http://chemistry.apache.org/M2FhNjE3MzctYjdlZS00MDM2LTg1OGEtYTA5ZGRkN2U1Y2Vm-3aa61737-b7ee-4036-858a-a09ddd7e5cef] Object was created but could not be found in the DRC.
[http://chemistry.apache.org/ZDk2NjBhZmYtNDI3NC00OTA2LWE3YWItZDk4ZWVhODdmNjlk-d9660aff-4274-4906-a7ab-d98eea87f69d] Object was created but could not be found in the DRC.
[http://chemistry.apache.org/ZDk2NjBhZmYtNDI3NC00OTA2LWE3YWItZDk4ZWVhODdmNjlk-d9660aff-4274-4906-a7ab-d98eea87f69d] Object was deleted but could not be found in the ZRC.
[http://chemistry.apache.org/M2FhNjE3MzctYjdlZS00MDM2LTg1OGEtYTA5ZGRkN2U1Y2Vm-3aa61737-b7ee-4036-858a-a09ddd7e5cef] Object was deleted but could not be found in the ZRC.
[http://chemistry.apache.org/YjdiYmQyZjAtNzRkOS00YzIzLWIyNWQtMDYzODJkOWI3ZTc5-b7bbd2f0-74d9-4c23-b25d-06382d9b7e79] Object was created but could not be found in the DRC.
[http://chemistry.apache.org/MDI4YzU1MTAtMzhiMi00ZGM4LTgxZTAtZTBjYTU1ODE3MGQ4-028c5510-38b2-4dc8-81e0-e0ca558170d8] Object was created but could not be found in the DRC.
[http://chemistry.apache.org/MDI4YzU1MTAtMzhiMi00ZGM4LTgxZTAtZTBjYTU1ODE3MGQ4-028c5510-38b2-4dc8-81e0-e0ca558170d8] Object was deleted but could not be found in the ZRC.
[http://chemistry.apache.org/YjdiYmQyZjAtNzRkOS00YzIzLWIyNWQtMDYzODJkOWI3ZTc5-b7bbd2f0-74d9-4c23-b25d-06382d9b7e79] Object was deleted but could not be found in the ZRC.
[http://chemistry.apache.org/MzIxOTY3OGQtY2FiNC00Zjk4LWI4ODQtOGMzYmU0NTI3MWIz-3219678d-cab4-4f98-b884-8c3be45271b3] Object was created but could not be found in the DRC.
[http://chemistry.apache.org/MThjYmI2ZWEtOTcwZS00OThkLTkyY2UtNWM5ZTgwMDY2M2Ji-18cbb6ea-970e-498d-92ce-5c9e800663bb] Object was created but could not be found in the DRC.
[http://chemistry.apache.org/MTU0ODBiZjItZDhiNi00NjcxLWJlOWQtYTgzOTVlMjZmZDQ1-15480bf2-d8b6-4671-be9d-a8395e26fd45] Object was created but could not be found in the DRC.
[http://chemistry.apache.org/MThjYmI2ZWEtOTcwZS00OThkLTkyY2UtNWM5ZTgwMDY2M2Ji-18cbb6ea-970e-498d-92ce-5c9e800663bb] Object was deleted but could not be found in the ZRC.
[http://chemistry.apache.org/MTU0ODBiZjItZDhiNi00NjcxLWJlOWQtYTgzOTVlMjZmZDQ1-15480bf2-d8b6-4671-be9d-a8395e26fd45] Object was deleted but could not be found in the ZRC.
[http://chemistry.apache.org/MzIxOTY3OGQtY2FiNC00Zjk4LWI4ODQtOGMzYmU0NTI3MWIz-3219678d-cab4-4f98-b884-8c3be45271b3] Object was deleted but could not be found in the ZRC.
[http://chemistry.apache.org/NTU2ZjY5M2UtN2I0NS00YjBlLTg4NmItNGMzZGQxYjAxYThj-556f693e-7b45-4b0e-886b-4c3dd1b01a8c] Object was created but could not be found in the DRC.
[http://chemistry.apache.org/MzdlZWMzNGYtMTJlMS00YWVmLTkyMjgtNGNhMDMzNGYzYTk5-37eec34f-12e1-4aef-9228-4ca0334f3a99] Object was created but could not be found in the DRC.
[http://chemistry.apache.org/MzdlZWMzNGYtMTJlMS00YWVmLTkyMjgtNGNhMDMzNGYzYTk5-37eec34f-12e1-4aef-9228-4ca0334f3a99] Object was deleted but could not be found in the ZRC.
[http://chemistry.apache.org/NTU2ZjY5M2UtN2I0NS00YjBlLTg4NmItNGMzZGQxYjAxYThj-556f693e-7b45-4b0e-886b-4c3dd1b01a8c] Object was deleted but could not be found in the ZRC.
[http://chemistry.apache.org/YzMwMmE3YTAtMWM4Yy00MzVhLWFiMDMtMTE2ZDNlMmQxMmJk-c302a7a0-1c8c-435a-ab03-116d3e2d12bd] Object was created but could not be found in the DRC.
[http://chemistry.apache.org/NDQzMzhkODMtNzc2MS00ODI4LTllOTQtZTUzN2FhMWM4MWJi-44338d83-7761-4828-9e94-e537aa1c81bb] Object was created but could not be found in the DRC.
[http://chemistry.apache.org/NDQzMzhkODMtNzc2MS00ODI4LTllOTQtZTUzN2FhMWM4MWJi-44338d83-7761-4828-9e94-e537aa1c81bb] Object was deleted but could not be found in the ZRC.
[http://chemistry.apache.org/YzMwMmE3YTAtMWM4Yy00MzVhLWFiMDMtMTE2ZDNlMmQxMmJk-c302a7a0-1c8c-435a-ab03-116d3e2d12bd] Object was deleted but could not be found in the ZRC.
[http://chemistry.apache.org/NTIxNGQ0MjQtYWJmNy00OTFjLTliMWMtY2MxOGI1N2QzMzJl-5214d424-abf7-491c-9b1c-cc18b57d332e] Object was created but could not be found in the DRC.
[http://chemistry.apache.org/MDEyYjM2OWYtNGVjMC00YjJiLThkOWEtOWI5MDg2MTZiOGU1-012b369f-4ec0-4b2b-8d9a-9b908616b8e5] Object was created but could not be found in the DRC.
[http://chemistry.apache.org/MDEyYjM2OWYtNGVjMC00YjJiLThkOWEtOWI5MDg2MTZiOGU1-012b369f-4ec0-4b2b-8d9a-9b908616b8e5] Object was deleted but could not be found in the ZRC.
[http://chemistry.apache.org/NTIxNGQ0MjQtYWJmNy00OTFjLTliMWMtY2MxOGI1N2QzMzJl-5214d424-abf7-491c-9b1c-cc18b57d332e] Object was deleted but could not be found in the ZRC.
[http://chemistry.apache.org/YTZkY2ViN2YtYTNkZi00OTFjLTgzZmMtYTg1YzZkMGEwNjNm-a6dceb7f-a3df-491c-83fc-a85c6d0a063f] Object was created but could not be found in the DRC.
[http://chemistry.apache.org/YTcyYjQyNDktY2Y1MC00OTk5LTk2ZWMtY2U1OGFjNThjZDJj-a72b4249-cf50-4999-96ec-ce58ac58cd2c] Object was created but could not be found in the DRC.
[http://chemistry.apache.org/YTcyYjQyNDktY2Y1MC00OTk5LTk2ZWMtY2U1OGFjNThjZDJj-a72b4249-cf50-4999-96ec-ce58ac58cd2c] Object was deleted but could not be found in the ZRC.
[http://chemistry.apache.org/YTZkY2ViN2YtYTNkZi00OTFjLTgzZmMtYTg1YzZkMGEwNjNm-a6dceb7f-a3df-491c-83fc-a85c6d0a063f] Object was deleted but could not be found in the ZRC.
[http://chemistry.apache.org/MmViZTk0ODktZDQ5Zi00NWM0LWJiNGMtMWFmYmJiZjgyOTU4-2ebe9489-d49f-45c4-bb4c-1afbbbf82958] Object was created but could not be found in the DRC.
[http://chemistry.apache.org/ODNkYjczMDgtNTY5Ny00NDY2LWFmMGMtYzkzOTk4YjVmODE0-83db7308-5697-4466-af0c-c93998b5f814] Object was created but could not be found in the DRC.
[http://chemistry.apache.org/ODNkYjczMDgtNTY5Ny00NDY2LWFmMGMtYzkzOTk4YjVmODE0-83db7308-5697-4466-af0c-c93998b5f814] Object was deleted but could not be found in the ZRC.
[http://chemistry.apache.org/MmViZTk0ODktZDQ5Zi00NWM0LWJiNGMtMWFmYmJiZjgyOTU4-2ebe9489-d49f-45c4-bb4c-1afbbbf82958] Object was deleted but could not be found in the ZRC.
[http://chemistry.apache.org/ZjVkODg2NzEtMWYxMS00ODYzLWEyM2MtYzNhMzQ1NzMyMDY1-f5d88671-1f11-4863-a23c-c3a345732065] Object was created but could not be found in the DRC.
[http://chemistry.apache.org/NjA5OTNmZTYtODRmZC00YzA2LTgyYjUtMDk3YjAzNjgxMDU2-60993fe6-84fd-4c06-82b5-097b03681056] Object was created but could not be found in the DRC.
[http://chemistry.apache.org/YzAwNDU4YTQtNjU1NC00NzhlLWEzZDQtYjkyYWJiNjg5YTU4OzEuMA==-c00458a4-6554-478e-a3d4-b92abb689a58] Object was created but could not be found in the DRC.
[http://chemistry.apache.org/YzAwNDU4YTQtNjU1NC00NzhlLWEzZDQtYjkyYWJiNjg5YTU4OzEuMA==-c00458a4-6554-478e-a3d4-b92abb689a58] Object was updated but could not be found in the DRC.
[http://chemistry.apache.org/YzAwNDU4YTQtNjU1NC00NzhlLWEzZDQtYjkyYWJiNjg5YTU4OzEuMQ==-c00458a4-6554-478e-a3d4-b92abb689a58] Object was deleted but could not be found in the ZRC.
[http://chemistry.apache.org/NjA5OTNmZTYtODRmZC00YzA2LTgyYjUtMDk3YjAzNjgxMDU2-60993fe6-84fd-4c06-82b5-097b03681056] Object was deleted but could not be found in the ZRC.
[http://chemistry.apache.org/ZjVkODg2NzEtMWYxMS00ODYzLWEyM2MtYzNhMzQ1NzMyMDY1-f5d88671-1f11-4863-a23c-c3a345732065] Object was deleted but could not be found in the ZRC.
[http://chemistry.apache.org/MjY3YWYwZDktNzBkZi00Yzg3LWE2MTgtYTcwNjEyNzU0OGFh-267af0d9-70df-4c87-a618-a706127548aa] Object was created but could not be found in the DRC.
[http://chemistry.apache.org/MTNhNjUxZDUtZGIyNi00NmFiLTk5YzUtYTIyY2MyZDc3M2Q2-13a651d5-db26-46ab-99c5-a22cc2d773d6] Object was created but could not be found in the DRC.
[http://chemistry.apache.org/MTNhNjUxZDUtZGIyNi00NmFiLTk5YzUtYTIyY2MyZDc3M2Q2-13a651d5-db26-46ab-99c5-a22cc2d773d6] Object was deleted but could not be found in the ZRC.
[http://chemistry.apache.org/MjY3YWYwZDktNzBkZi00Yzg3LWE2MTgtYTcwNjEyNzU0OGFh-267af0d9-70df-4c87-a618-a706127548aa] Object was deleted but could not be found in the ZRC.
[http://chemistry.apache.org/ODM2ODI5OWUtYmJjYy00MTZiLWEwOWQtNzRmYzU5ZDIyYjlj-8368299e-bbcc-416b-a09d-74fc59d22b9c] Object was created but could not be found in the DRC.
[http://chemistry.apache.org/Zjc5NWEzY2EtYjc0NC00NGUwLTg4ZmItNWIxMGY5NzQ0Yjhj-f795a3ca-b744-44e0-88fb-5b10f9744b8c] Object was created but could not be found in the DRC.
[http://chemistry.apache.org/MGIzZmI0ZDktOWQ4YS00NGQzLWE3MGEtMWE5MDdiMmRiNGQ2OzEuMA==-0b3fb4d9-9d8a-44d3-a70a-1a907b2db4d6] Object was created but could not be found in the DRC.
[http://chemistry.apache.org/MGIzZmI0ZDktOWQ4YS00NGQzLWE3MGEtMWE5MDdiMmRiNGQ2OzEuMA==-0b3fb4d9-9d8a-44d3-a70a-1a907b2db4d6] Object was updated but could not be found in the DRC.
[http://chemistry.apache.org/MGIzZmI0ZDktOWQ4YS00NGQzLWE3MGEtMWE5MDdiMmRiNGQ2OzEuMA==-0b3fb4d9-9d8a-44d3-a70a-1a907b2db4d6] Object was deleted but could not be found in the ZRC.
[http://chemistry.apache.org/Zjc5NWEzY2EtYjc0NC00NGUwLTg4ZmItNWIxMGY5NzQ0Yjhj-f795a3ca-b744-44e0-88fb-5b10f9744b8c] Object was deleted but could not be found in the ZRC.
[http://chemistry.apache.org/ODM2ODI5OWUtYmJjYy00MTZiLWEwOWQtNzRmYzU5ZDIyYjlj-8368299e-bbcc-416b-a09d-74fc59d22b9c] Object was deleted but could not be found in the ZRC.
[http://chemistry.apache.org/OGE4ZjkyMDUtMDAwMC00MzRjLWExMTUtZGZlOWY3Zjc4Y2E4-8a8f9205-0000-434c-a115-dfe9f7f78ca8] Object was created but could not be found in the DRC.
[http://chemistry.apache.org/Y2Q5OTQ4YmItMzQ5Mi00YTY2LWI1YTMtYzc2NjJhMWU4NmEy-cd9948bb-3492-4a66-b5a3-c7662a1e86a2] Object was created but could not be found in the DRC.
[http://chemistry.apache.org/MzRhOWE1MjktNzM1NS00MmIyLTlkNDctNjRlOWRmZjA4ZjIxOzEuMA==-34a9a529-7355-42b2-9d47-64e9dff08f21] Object was created but could not be found in the DRC.
[http://chemistry.apache.org/MzRhOWE1MjktNzM1NS00MmIyLTlkNDctNjRlOWRmZjA4ZjIxOzEuMA==-34a9a529-7355-42b2-9d47-64e9dff08f21] Object was updated but could not be found in the DRC.
[http://chemistry.apache.org/MzRhOWE1MjktNzM1NS00MmIyLTlkNDctNjRlOWRmZjA4ZjIxOzEuMA==-34a9a529-7355-42b2-9d47-64e9dff08f21] Object was deleted but could not be found in the ZRC.
[http://chemistry.apache.org/Y2Q5OTQ4YmItMzQ5Mi00YTY2LWI1YTMtYzc2NjJhMWU4NmEy-cd9948bb-3492-4a66-b5a3-c7662a1e86a2] Object was deleted but could not be found in the ZRC.
[http://chemistry.apache.org/OGE4ZjkyMDUtMDAwMC00MzRjLWExMTUtZGZlOWY3Zjc4Y2E4-8a8f9205-0000-434c-a115-dfe9f7f78ca8] Object was deleted but could not be found in the ZRC.
[http://chemistry.apache.org/NTdmYjc5MzItZWY1Yy00MjIxLWFlYmMtZThkNmJlMTY0Mzc1-57fb7932-ef5c-4221-aebc-e8d6be164375] Object was created but could not be found in the DRC.
[http://chemistry.apache.org/Mjk2ZGI2OTYtNGMxMy00ZTI1LTllMDMtYzRmYjQzMjE1NmU3-296db696-4c13-4e25-9e03-c4fb432156e7] Object was created but could not be found in the DRC.
[http://chemistry.apache.org/NjYzZmY2YjMtM2Y2My00MTM0LTgxNTgtODdjMWM1ODVjYzc4OzEuMA==-663ff6b3-3f63-4134-8158-87c1c585cc78] Object was created but could not be found in the DRC.
[http://chemistry.apache.org/NjYzZmY2YjMtM2Y2My00MTM0LTgxNTgtODdjMWM1ODVjYzc4OzEuMA==-663ff6b3-3f63-4134-8158-87c1c585cc78] Object was updated but could not be found in the DRC.
[http://chemistry.apache.org/NjYzZmY2YjMtM2Y2My00MTM0LTgxNTgtODdjMWM1ODVjYzc4OzEuMA==-663ff6b3-3f63-4134-8158-87c1c585cc78] Object was deleted but could not be found in the ZRC.
[http://chemistry.apache.org/Mjk2ZGI2OTYtNGMxMy00ZTI1LTllMDMtYzRmYjQzMjE1NmU3-296db696-4c13-4e25-9e03-c4fb432156e7] Object was deleted but could not be found in the ZRC.
[http://chemistry.apache.org/NTdmYjc5MzItZWY1Yy00MjIxLWFlYmMtZThkNmJlMTY0Mzc1-57fb7932-ef5c-4221-aebc-e8d6be164375] Object was deleted but could not be found in the ZRC.
[http://chemistry.apache.org/OTIxZGU2NTAtN2YxMC00ZGI5LTg5MWQtZDI1MzcyZDc3ZjNi-921de650-7f10-4db9-891d-d25372d77f3b] Object was created but could not be found in the DRC.
[http://chemistry.apache.org/MTYwMjI2ZGQtMDE1ZS00YTI0LWEyNzQtZjQ2YjE0ODNhOGU0-160226dd-015e-4a24-a274-f46b1483a8e4] Object was created but could not be found in the DRC.
[http://chemistry.apache.org/NDAzYTJkMzctNDU1My00MDU4LWJkMTYtNzhlY2Q3NGRkOGVlOzEuMA==-403a2d37-4553-4058-bd16-78ecd74dd8ee] Object was created but could not be found in the DRC.
[http://chemistry.apache.org/NDAzYTJkMzctNDU1My00MDU4LWJkMTYtNzhlY2Q3NGRkOGVlOzEuMA==-403a2d37-4553-4058-bd16-78ecd74dd8ee] Object was updated but could not be found in the DRC.
[http://chemistry.apache.org/NzNjNjcwYzUtZDczNC00MzZkLWFhMWYtNzFjMTgyM2E4NTA0-73c670c5-d734-436d-aa1f-71c1823a8504] Object was created but could not be found in the DRC.
[http://chemistry.apache.org/NDAzYTJkMzctNDU1My00MDU4LWJkMTYtNzhlY2Q3NGRkOGVlOzEuMA==-403a2d37-4553-4058-bd16-78ecd74dd8ee] Object was deleted but could not be found in the ZRC.
[http://chemistry.apache.org/NzNjNjcwYzUtZDczNC00MzZkLWFhMWYtNzFjMTgyM2E4NTA0-73c670c5-d734-436d-aa1f-71c1823a8504] Object was deleted but could not be found in the ZRC.
[http://chemistry.apache.org/MTYwMjI2ZGQtMDE1ZS00YTI0LWEyNzQtZjQ2YjE0ODNhOGU0-160226dd-015e-4a24-a274-f46b1483a8e4] Object was deleted but could not be found in the ZRC.
[http://chemistry.apache.org/OTIxZGU2NTAtN2YxMC00ZGI5LTg5MWQtZDI1MzcyZDc3ZjNi-921de650-7f10-4db9-891d-d25372d77f3b] Object was deleted but could not be found in the ZRC.
[http://chemistry.apache.org/MzYzMGM4YzYtOWViOC00YWNkLWE4YzYtODQwNjk1ZjI0MGY0-3630c8c6-9eb8-4acd-a8c6-840695f240f4] Object was created but could not be found in the DRC.
[http://chemistry.apache.org/YTllN2FlYTctZjY1MS00M2RmLTg2MjYtNzc0OWRlN2ZjMjBj-a9e7aea7-f651-43df-8626-7749de7fc20c] Object was created but could not be found in the DRC.
[http://chemistry.apache.org/Y2RiN2FjZTAtNzFiZC00YTZlLWJlNGQtM2M4YTNlNGZmNjQ4OzEuMA==-cdb7ace0-71bd-4a6e-be4d-3c8a3e4ff648] Object was created but could not be found in the DRC.
[http://chemistry.apache.org/Y2RiN2FjZTAtNzFiZC00YTZlLWJlNGQtM2M4YTNlNGZmNjQ4OzEuMA==-cdb7ace0-71bd-4a6e-be4d-3c8a3e4ff648] Object was updated but could not be found in the DRC.
[http://chemistry.apache.org/Y2RiN2FjZTAtNzFiZC00YTZlLWJlNGQtM2M4YTNlNGZmNjQ4OzEuMA==-cdb7ace0-71bd-4a6e-be4d-3c8a3e4ff648] Object was deleted but could not be found in the ZRC.
[http://chemistry.apache.org/YTllN2FlYTctZjY1MS00M2RmLTg2MjYtNzc0OWRlN2ZjMjBj-a9e7aea7-f651-43df-8626-7749de7fc20c] Object was deleted but could not be found in the ZRC.
[http://chemistry.apache.org/MzYzMGM4YzYtOWViOC00YWNkLWE4YzYtODQwNjk1ZjI0MGY0-3630c8c6-9eb8-4acd-a8c6-840695f240f4] Object was deleted but could not be found in the ZRC.
[http://chemistry.apache.org/MDg4OGIwOGItZTEyOS00N2VhLWFiNjUtZjYxZDk4YjFiODZh-0888b08b-e129-47ea-ab65-f61d98b1b86a] Object was created but could not be found in the DRC.
[http://chemistry.apache.org/YmYyMzljZjAtYTc5ZS00Mjc4LWJkMmMtZTA4MDRjMWQ2N2Fh-bf239cf0-a79e-4278-bd2c-e0804c1d67aa] Object was created but could not be found in the DRC.
[http://chemistry.apache.org/N2U1NTU5ODMtOGZkZi00YzQ3LWIwNzMtZTU3NzdlYjI4ODk1OzEuMA==-7e555983-8fdf-4c47-b073-e5777eb28895] Object was created but could not be found in the DRC.
[http://chemistry.apache.org/N2U1NTU5ODMtOGZkZi00YzQ3LWIwNzMtZTU3NzdlYjI4ODk1OzEuMA==-7e555983-8fdf-4c47-b073-e5777eb28895] Object was updated but could not be found in the DRC.
[http://chemistry.apache.org/N2U1NTU5ODMtOGZkZi00YzQ3LWIwNzMtZTU3NzdlYjI4ODk1OzEuMA==-7e555983-8fdf-4c47-b073-e5777eb28895] Object was deleted but could not be found in the ZRC.
[http://chemistry.apache.org/NGFjN2U2OWQtNWJlYi00OTgzLWE1ZGMtNTA2MzBhOGE0M2Nj-4ac7e69d-5beb-4983-a5dc-50630a8a43cc] Object was created but could not be found in the DRC.
[http://chemistry.apache.org/NGFjN2U2OWQtNWJlYi00OTgzLWE1ZGMtNTA2MzBhOGE0M2Nj-4ac7e69d-5beb-4983-a5dc-50630a8a43cc] Object was deleted but could not be found in the ZRC.
[http://chemistry.apache.org/YmYyMzljZjAtYTc5ZS00Mjc4LWJkMmMtZTA4MDRjMWQ2N2Fh-bf239cf0-a79e-4278-bd2c-e0804c1d67aa] Object was deleted but could not be found in the ZRC.
[http://chemistry.apache.org/MDg4OGIwOGItZTEyOS00N2VhLWFiNjUtZjYxZDk4YjFiODZh-0888b08b-e129-47ea-ab65-f61d98b1b86a] Object was deleted but could not be found in the ZRC.
[http://chemistry.apache.org/ZWE4ZWYwOWItOTVmZC00MDEwLTgyZGEtYjE2ODk4MDcwYmZmOzEuMA==-ea8ef09b-95fd-4010-82da-b16898070bff] Object was created but could not be found in the DRC.
[http://chemistry.apache.org/ZWE4ZWYwOWItOTVmZC00MDEwLTgyZGEtYjE2ODk4MDcwYmZmOzEuMA==-ea8ef09b-95fd-4010-82da-b16898070bff] Object was updated but could not be found in the DRC.
[http://chemistry.apache.org/MTI3M2QzMjQtMGJlMC00YWQwLWI0NWUtYzQzZTE5NjBjYWEy-1273d324-0be0-4ad0-b45e-c43e1960caa2] Object was created but could not be found in the DRC.
[http://chemistry.apache.org/MDYwYWY3ZDktZmUxZC00ZjU3LWJhNjAtZDljYmJmMGI5NTM1-060af7d9-fe1d-4f57-ba60-d9cbbf0b9535] Object was created but could not be found in the DRC.
[http://chemistry.apache.org/MDYwYWY3ZDktZmUxZC00ZjU3LWJhNjAtZDljYmJmMGI5NTM1-060af7d9-fe1d-4f57-ba60-d9cbbf0b9535] Object was deleted but could not be found in the ZRC.
[http://chemistry.apache.org/MTI3M2QzMjQtMGJlMC00YWQwLWI0NWUtYzQzZTE5NjBjYWEy-1273d324-0be0-4ad0-b45e-c43e1960caa2] Object was deleted but could not be found in the ZRC.
[http://chemistry.apache.org/NGU3MDc1NmItNTM5OC00NDlmLTgxZjYtOWFkOWMyNTE1ODM0-4e70756b-5398-449f-81f6-9ad9c2515834] Object was created but could not be found in the DRC.
[http://chemistry.apache.org/ZWRhNjRjZmEtNjBiNC00NDgxLWEwMGQtZjFiNzkwODkzNTI3-eda64cfa-60b4-4481-a00d-f1b790893527] Object was created but could not be found in the DRC.
[http://chemistry.apache.org/ZWRhNjRjZmEtNjBiNC00NDgxLWEwMGQtZjFiNzkwODkzNTI3-eda64cfa-60b4-4481-a00d-f1b790893527] Object was deleted but could not be found in the ZRC.
[http://chemistry.apache.org/NGU3MDc1NmItNTM5OC00NDlmLTgxZjYtOWFkOWMyNTE1ODM0-4e70756b-5398-449f-81f6-9ad9c2515834] Object was deleted but could not be found in the ZRC.
[http://chemistry.apache.org/ZTI1NmI4MjUtY2E5NS00ZjU3LWFiMDQtNDk3MjUzM2YxODYz-e256b825-ca95-4f57-ab04-4972533f1863] Object was created but could not be found in the DRC.
[http://chemistry.apache.org/ZmQxNWQ0YTItNmNlMS00OWRmLWE1Y2ItM2RkMDQ0NDQ5MDJl-fd15d4a2-6ce1-49df-a5cb-3dd04444902e] Object was created but could not be found in the DRC.
[http://chemistry.apache.org/ZmQxNWQ0YTItNmNlMS00OWRmLWE1Y2ItM2RkMDQ0NDQ5MDJl-fd15d4a2-6ce1-49df-a5cb-3dd04444902e] Object was deleted but could not be found in the ZRC.
[http://chemistry.apache.org/ZTI1NmI4MjUtY2E5NS00ZjU3LWFiMDQtNDk3MjUzM2YxODYz-e256b825-ca95-4f57-ab04-4972533f1863] Object was deleted but could not be found in the ZRC.
[http://chemistry.apache.org/NDYwNDc3NGQtYmE3MC00Yzk1LWFhN2MtNGFiNzA3NDY5MGJi-4604774d-ba70-4c95-aa7c-4ab7074690bb] Object was created but could not be found in the DRC.
[http://chemistry.apache.org/NDgzNTJlNjYtOTlkMC00ZDYyLWJiNGItMjQ3NGNiYjE1YWRm-48352e66-99d0-4d62-bb4b-2474cbb15adf] Object was created but could not be found in the DRC.
[http://chemistry.apache.org/NDgzNTJlNjYtOTlkMC00ZDYyLWJiNGItMjQ3NGNiYjE1YWRm-48352e66-99d0-4d62-bb4b-2474cbb15adf] Object was deleted but could not be found in the ZRC.
[http://chemistry.apache.org/NDYwNDc3NGQtYmE3MC00Yzk1LWFhN2MtNGFiNzA3NDY5MGJi-4604774d-ba70-4c95-aa7c-4ab7074690bb] Object was deleted but could not be found in the ZRC.
[http://chemistry.apache.org/NzA3NmZjMTUtMjdhMi00ODczLWFkNDUtMjZjNTJkNDQ4MTMw-7076fc15-27a2-4873-ad45-26c52d448130] Object was created but could not be found in the DRC.
[http://chemistry.apache.org/N2NmNDYwMTQtOGI5My00NmMzLTg0ZTgtYjYzM2EzNmU0Y2Iy-7cf46014-8b93-46c3-84e8-b633a36e4cb2] Object was created but could not be found in the DRC.
[http://chemistry.apache.org/N2NmNDYwMTQtOGI5My00NmMzLTg0ZTgtYjYzM2EzNmU0Y2Iy-7cf46014-8b93-46c3-84e8-b633a36e4cb2] Object was deleted but could not be found in the ZRC.
[http://chemistry.apache.org/NzA3NmZjMTUtMjdhMi00ODczLWFkNDUtMjZjNTJkNDQ4MTMw-7076fc15-27a2-4873-ad45-26c52d448130] Object was deleted but could not be found in the ZRC.
[http://chemistry.apache.org/MDc0M2JjZjQtZTU5Yy00YmM0LTg4M2MtY2E0OTI5YWFlMTBj-0743bcf4-e59c-4bc4-883c-ca4929aae10c] Object was created but could not be found in the DRC.
[http://chemistry.apache.org/ZTE1NzRiNmEtYzkwNi00NjU1LWJhYjYtNzU4MWIyNzU4NDM4-e1574b6a-c906-4655-bab6-7581b2758438] Object was created but could not be found in the DRC.
[http://chemistry.apache.org/NDgwMGY5ZWUtMGE4Mi00ZDY0LTg0NzktZTFkZWEzY2Q1OGIwOzEuMA==-4800f9ee-0a82-4d64-8479-e1dea3cd58b0] Object was created but could not be found in the DRC.
[http://chemistry.apache.org/NDgwMGY5ZWUtMGE4Mi00ZDY0LTg0NzktZTFkZWEzY2Q1OGIwOzEuMA==-4800f9ee-0a82-4d64-8479-e1dea3cd58b0] Object was updated but could not be found in the DRC.
[http://chemistry.apache.org/NzExZWYwOGMtMDFlMy00M2JjLTk4YWQtNjI3MjU5NjhiZjBiOzEuMA==-711ef08c-01e3-43bc-98ad-62725968bf0b] Object was created but could not be found in the DRC.
[http://chemistry.apache.org/NzExZWYwOGMtMDFlMy00M2JjLTk4YWQtNjI3MjU5NjhiZjBiOzEuMA==-711ef08c-01e3-43bc-98ad-62725968bf0b] Object was updated but could not be found in the DRC.
[http://chemistry.apache.org/NzExZWYwOGMtMDFlMy00M2JjLTk4YWQtNjI3MjU5NjhiZjBiOzEuMA==-711ef08c-01e3-43bc-98ad-62725968bf0b] Object was deleted but could not be found in the ZRC.
[http://chemistry.apache.org/M2MzYzY2NDYtMDJlYi00NjM1LWE0OTYtY2YwZTk4MDQ1NzAyOzEuMA==-3c3c6646-02eb-4635-a496-cf0e98045702] Object was created but could not be found in the DRC.
[http://chemistry.apache.org/M2MzYzY2NDYtMDJlYi00NjM1LWE0OTYtY2YwZTk4MDQ1NzAyOzEuMA==-3c3c6646-02eb-4635-a496-cf0e98045702] Object was updated but could not be found in the DRC.
[http://chemistry.apache.org/NDgwMGY5ZWUtMGE4Mi00ZDY0LTg0NzktZTFkZWEzY2Q1OGIwOzEuMA==-4800f9ee-0a82-4d64-8479-e1dea3cd58b0] Object was deleted but could not be found in the ZRC.
[http://chemistry.apache.org/M2MzYzY2NDYtMDJlYi00NjM1LWE0OTYtY2YwZTk4MDQ1NzAyOzEuMA==-3c3c6646-02eb-4635-a496-cf0e98045702] Object was deleted but could not be found in the ZRC.
[http://chemistry.apache.org/ZTE1NzRiNmEtYzkwNi00NjU1LWJhYjYtNzU4MWIyNzU4NDM4-e1574b6a-c906-4655-bab6-7581b2758438] Object was deleted but could not be found in the ZRC.
[http://chemistry.apache.org/MDc0M2JjZjQtZTU5Yy00YmM0LTg4M2MtY2E0OTI5YWFlMTBj-0743bcf4-e59c-4bc4-883c-ca4929aae10c] Object was deleted but could not be found in the ZRC.
[http://chemistry.apache.org/ZTVkNzE5YjUtMDFkYy00ZmZjLWFkNzktMzBiZmUzZDA5YTg2-e5d719b5-01dc-4ffc-ad79-30bfe3d09a86] Object was created but could not be found in the DRC.
[http://chemistry.apache.org/MzQ3OGU5YjAtYjk4Mi00MTQ1LTk0ZTQtYzlmODZjZGJjZWUx-3478e9b0-b982-4145-94e4-c9f86cdbcee1] Object was created but could not be found in the DRC.
[http://chemistry.apache.org/Y2ZlODczNzgtMTdkMy00ZjA0LTg5ZDQtMDIzYWI5Y2MyMTBmOzEuMA==-cfe87378-17d3-4f04-89d4-023ab9cc210f] Object was created but could not be found in the DRC.
[http://chemistry.apache.org/Y2ZlODczNzgtMTdkMy00ZjA0LTg5ZDQtMDIzYWI5Y2MyMTBmOzEuMA==-cfe87378-17d3-4f04-89d4-023ab9cc210f] Object was updated but could not be found in the DRC.
[http://chemistry.apache.org/ZjU4MGUzZDQtMTA3Ni00ZDk1LTgxYmItM2YwMDBiNTI1ODFlOzEuMA==-f580e3d4-1076-4d95-81bb-3f000b52581e] Object was created but could not be found in the DRC.
[http://chemistry.apache.org/ZjU4MGUzZDQtMTA3Ni00ZDk1LTgxYmItM2YwMDBiNTI1ODFlOzEuMA==-f580e3d4-1076-4d95-81bb-3f000b52581e] Object was updated but could not be found in the DRC.
[http://chemistry.apache.org/Y2ZlODczNzgtMTdkMy00ZjA0LTg5ZDQtMDIzYWI5Y2MyMTBmOzEuMA==-cfe87378-17d3-4f04-89d4-023ab9cc210f] Object was deleted but could not be found in the ZRC.
[http://chemistry.apache.org/ZjU4MGUzZDQtMTA3Ni00ZDk1LTgxYmItM2YwMDBiNTI1ODFlOzEuMA==-f580e3d4-1076-4d95-81bb-3f000b52581e] Object was deleted but could not be found in the ZRC.
[http://chemistry.apache.org/MzQ3OGU5YjAtYjk4Mi00MTQ1LTk0ZTQtYzlmODZjZGJjZWUx-3478e9b0-b982-4145-94e4-c9f86cdbcee1] Object was deleted but could not be found in the ZRC.
[http://chemistry.apache.org/ZTVkNzE5YjUtMDFkYy00ZmZjLWFkNzktMzBiZmUzZDA5YTg2-e5d719b5-01dc-4ffc-ad79-30bfe3d09a86] Object was deleted but could not be found in the ZRC.
[http://chemistry.apache.org/ZGU4ZDMwZGUtYmVhZS00NjVhLWE4MTYtNTNkMjljN2NmZTcw-de8d30de-beae-465a-a816-53d29c7cfe70] Object was created but could not be found in the DRC.
[http://chemistry.apache.org/NWMyZWE0MWQtYmU3NS00NDc1LThjMTQtMjliOGM5ZWUwMTVk-5c2ea41d-be75-4475-8c14-29b8c9ee015d] Object was created but could not be found in the DRC.
[http://chemistry.apache.org/MzgzZmMzODItODlkNC00OTFiLTliMTQtOTU4Y2QwOThjY2EyOzEuMA==-383fc382-89d4-491b-9b14-958cd098cca2] Object was created but could not be found in the DRC.
[http://chemistry.apache.org/MzgzZmMzODItODlkNC00OTFiLTliMTQtOTU4Y2QwOThjY2EyOzEuMA==-383fc382-89d4-491b-9b14-958cd098cca2] Object was updated but could not be found in the DRC.
[http://chemistry.apache.org/MWVlOTY1ZDgtZmRmNS00NmFlLWE1ZjYtYzE4MDJjMTU3NThmOzEuMA==-1ee965d8-fdf5-46ae-a5f6-c1802c15758f] Object was created but could not be found in the DRC.
[http://chemistry.apache.org/MWVlOTY1ZDgtZmRmNS00NmFlLWE1ZjYtYzE4MDJjMTU3NThmOzEuMA==-1ee965d8-fdf5-46ae-a5f6-c1802c15758f] Object was updated but could not be found in the DRC.
[http://chemistry.apache.org/MzgzZmMzODItODlkNC00OTFiLTliMTQtOTU4Y2QwOThjY2EyOzEuMA==-383fc382-89d4-491b-9b14-958cd098cca2] Object was deleted but could not be found in the ZRC.
[http://chemistry.apache.org/MWVlOTY1ZDgtZmRmNS00NmFlLWE1ZjYtYzE4MDJjMTU3NThmOzEuMA==-1ee965d8-fdf5-46ae-a5f6-c1802c15758f] Object was deleted but could not be found in the ZRC.
[http://chemistry.apache.org/NWMyZWE0MWQtYmU3NS00NDc1LThjMTQtMjliOGM5ZWUwMTVk-5c2ea41d-be75-4475-8c14-29b8c9ee015d] Object was deleted but could not be found in the ZRC.
[http://chemistry.apache.org/ZGU4ZDMwZGUtYmVhZS00NjVhLWE4MTYtNTNkMjljN2NmZTcw-de8d30de-beae-465a-a816-53d29c7cfe70] Object was deleted but could not be found in the ZRC.
[http://chemistry.apache.org/YjNjZjExYmQtYjE1NC00MmYyLTk0YTItMjdjMjFkOTZmMjgz-b3cf11bd-b154-42f2-94a2-27c21d96f283] Object was created but could not be found in the DRC.
[http://chemistry.apache.org/NTE5NTZhMzEtNjIyNi00NjczLWIzYTMtOTYzM2QwYmRkNDdl-51956a31-6226-4673-b3a3-9633d0bdd47e] Object was created but could not be found in the DRC.
[http://chemistry.apache.org/MzRhYjk5NjQtNzJlMC00ZTIzLWFjOWItNTYzNmI1MGI2NGVjOzEuMA==-34ab9964-72e0-4e23-ac9b-5636b50b64ec] Object was created but could not be found in the DRC.
[http://chemistry.apache.org/MzRhYjk5NjQtNzJlMC00ZTIzLWFjOWItNTYzNmI1MGI2NGVjOzEuMA==-34ab9964-72e0-4e23-ac9b-5636b50b64ec] Object was updated but could not be found in the DRC.
[http://chemistry.apache.org/YTUyNjdiOWItMWE2Zi00NzIxLWEwODItZWQwNDAyYjJhOTg3OzEuMA==-a5267b9b-1a6f-4721-a082-ed0402b2a987] Object was created but could not be found in the DRC.
[http://chemistry.apache.org/YTUyNjdiOWItMWE2Zi00NzIxLWEwODItZWQwNDAyYjJhOTg3OzEuMA==-a5267b9b-1a6f-4721-a082-ed0402b2a987] Object was updated but could not be found in the DRC.
[http://chemistry.apache.org/MzRhYjk5NjQtNzJlMC00ZTIzLWFjOWItNTYzNmI1MGI2NGVjOzEuMA==-34ab9964-72e0-4e23-ac9b-5636b50b64ec] Object was deleted but could not be found in the ZRC.
[http://chemistry.apache.org/YTUyNjdiOWItMWE2Zi00NzIxLWEwODItZWQwNDAyYjJhOTg3OzEuMA==-a5267b9b-1a6f-4721-a082-ed0402b2a987] Object was deleted but could not be found in the ZRC.
[http://chemistry.apache.org/NTE5NTZhMzEtNjIyNi00NjczLWIzYTMtOTYzM2QwYmRkNDdl-51956a31-6226-4673-b3a3-9633d0bdd47e] Object was deleted but could not be found in the ZRC.
[http://chemistry.apache.org/YjNjZjExYmQtYjE1NC00MmYyLTk0YTItMjdjMjFkOTZmMjgz-b3cf11bd-b154-42f2-94a2-27c21d96f283] Object was deleted but could not be found in the ZRC.
[http://chemistry.apache.org/ZjkxNWQyNmQtYTNjOS00ODg4LWFmNzgtOGRmODZhOWYyZjA5-f915d26d-a3c9-4888-af78-8df86a9f2f09] Object was created but could not be found in the DRC.
[http://chemistry.apache.org/N2RkMmEzNDYtMDM0Ny00YzMxLWFjYjgtNDQxZDc2ZTA1NTU1-7dd2a346-0347-4c31-acb8-441d76e05555] Object was created but could not be found in the DRC.
[http://chemistry.apache.org/N2RkMmEzNDYtMDM0Ny00YzMxLWFjYjgtNDQxZDc2ZTA1NTU1-7dd2a346-0347-4c31-acb8-441d76e05555] Object was deleted but could not be found in the ZRC.
[http://chemistry.apache.org/ZjkxNWQyNmQtYTNjOS00ODg4LWFmNzgtOGRmODZhOWYyZjA5-f915d26d-a3c9-4888-af78-8df86a9f2f09] Object was deleted but could not be found in the ZRC.
[http://chemistry.apache.org/MmU4NDlkNDEtNDdjZi00OWFiLWEwZDEtYmZkZjkxMDA5MmE3-2e849d41-47cf-49ab-a0d1-bfdf910092a7] Object was created but could not be found in the DRC.
[http://chemistry.apache.org/NDkwNmU2NmItMTNjNC00NTc0LTkxYjktZDllZGNiYmUzMGY5-4906e66b-13c4-4574-91b9-d9edcbbe30f9] Object was created but could not be found in the DRC.
[http://chemistry.apache.org/NDkwNmU2NmItMTNjNC00NTc0LTkxYjktZDllZGNiYmUzMGY5-4906e66b-13c4-4574-91b9-d9edcbbe30f9] Object was deleted but could not be found in the ZRC.
[http://chemistry.apache.org/MmU4NDlkNDEtNDdjZi00OWFiLWEwZDEtYmZkZjkxMDA5MmE3-2e849d41-47cf-49ab-a0d1-bfdf910092a7] Object was deleted but could not be found in the ZRC.
[http://chemistry.apache.org/OTFhODUwNTAtZGNhNS00MTc3LWIwYWMtZTc1Y2ZjZTAyYmQ2-91a85050-dca5-4177-b0ac-e75cfce02bd6] Object was created but could not be found in the DRC.
[http://chemistry.apache.org/ODVjNGU5ZGQtMjFlNS00ZjcxLWEyNTYtZmI3YWI2ZGIwMTg1-85c4e9dd-21e5-4f71-a256-fb7ab6db0185] Object was created but could not be found in the DRC.
[http://chemistry.apache.org/ODVjNGU5ZGQtMjFlNS00ZjcxLWEyNTYtZmI3YWI2ZGIwMTg1-85c4e9dd-21e5-4f71-a256-fb7ab6db0185] Object was deleted but could not be found in the ZRC.
[http://chemistry.apache.org/OTFhODUwNTAtZGNhNS00MTc3LWIwYWMtZTc1Y2ZjZTAyYmQ2-91a85050-dca5-4177-b0ac-e75cfce02bd6] Object was deleted but could not be found in the ZRC.
[http://chemistry.apache.org/OWJiNjMyMTQtZWMwYy00MmRiLTgyMTQtOGYzMjBhMzUyZGU2-9bb63214-ec0c-42db-8214-8f320a352de6] Object was created but could not be found in the DRC.
[http://chemistry.apache.org/NTE4OTU4ZDEtNzM4OC00NjE4LThkYzktMGNiOGNmYzUyOGNk-518958d1-7388-4618-8dc9-0cb8cfc528cd] Object was created but could not be found in the DRC.
[http://chemistry.apache.org/NTg3MTQ0MzctZmY3NS00YWJjLWFkNmYtZDc3NWE3ZjJiM2U4-58714437-ff75-4abc-ad6f-d775a7f2b3e8] Object was created but could not be found in the DRC.
[http://chemistry.apache.org/NTE4OTU4ZDEtNzM4OC00NjE4LThkYzktMGNiOGNmYzUyOGNk-518958d1-7388-4618-8dc9-0cb8cfc528cd] Object was deleted but could not be found in the ZRC.
[http://chemistry.apache.org/NTg3MTQ0MzctZmY3NS00YWJjLWFkNmYtZDc3NWE3ZjJiM2U4-58714437-ff75-4abc-ad6f-d775a7f2b3e8] Object was deleted but could not be found in the ZRC.
[http://chemistry.apache.org/OWJiNjMyMTQtZWMwYy00MmRiLTgyMTQtOGYzMjBhMzUyZGU2-9bb63214-ec0c-42db-8214-8f320a352de6] Object was deleted but could not be found in the ZRC.
[http://chemistry.apache.org/NzYwYjI5OWItNDgxMi00YmJlLWE3MDItN2Q3MWM1ODM0YTA4-760b299b-4812-4bbe-a702-7d71c5834a08] Object was created but could not be found in the DRC.
[http://chemistry.apache.org/ZGFkMDZjYmEtYWQ2ZC00OTA5LWE1N2QtMzc2Y2RmZTQ5Y2Fm-dad06cba-ad6d-4909-a57d-376cdfe49caf] Object was created but could not be found in the DRC.
[http://chemistry.apache.org/ZGFkMDZjYmEtYWQ2ZC00OTA5LWE1N2QtMzc2Y2RmZTQ5Y2Fm-dad06cba-ad6d-4909-a57d-376cdfe49caf] Object was deleted but could not be found in the ZRC.
[http://chemistry.apache.org/NzYwYjI5OWItNDgxMi00YmJlLWE3MDItN2Q3MWM1ODM0YTA4-760b299b-4812-4bbe-a702-7d71c5834a08] Object was deleted but could not be found in the ZRC.
[http://chemistry.apache.org/MGRjY2EzYjktM2MxOS00ZDFkLWI4NjEtZjdiMTg3ZDg1M2E5-0dcca3b9-3c19-4d1d-b861-f7b187d853a9] Object was created but could not be found in the DRC.
[http://chemistry.apache.org/ZDVhMjVjY2ItOGY0Zi00YjUyLTkxMjctMzE2NGQ5ZTk4YWY1-d5a25ccb-8f4f-4b52-9127-3164d9e98af5] Object was created but could not be found in the DRC.
[http://chemistry.apache.org/ZDVhMjVjY2ItOGY0Zi00YjUyLTkxMjctMzE2NGQ5ZTk4YWY1-d5a25ccb-8f4f-4b52-9127-3164d9e98af5] Object was deleted but could not be found in the ZRC.
[http://chemistry.apache.org/MGRjY2EzYjktM2MxOS00ZDFkLWI4NjEtZjdiMTg3ZDg1M2E5-0dcca3b9-3c19-4d1d-b861-f7b187d853a9] Object was deleted but could not be found in the ZRC.
[http://chemistry.apache.org/MDAyNmNjNDItY2ZkMi00YTVjLWIxNjUtZTAwY2VlM2Q0OWJh-0026cc42-cfd2-4a5c-b165-e00cee3d49ba] Object was created but could not be found in the DRC.
[http://chemistry.apache.org/NzZiZmI4YTktY2M4ZS00ZjliLTk0MDUtZTYwYjNkNWNlNDhl-76bfb8a9-cc8e-4f9b-9405-e60b3d5ce48e] Object was created but could not be found in the DRC.
[http://chemistry.apache.org/NzZiZmI4YTktY2M4ZS00ZjliLTk0MDUtZTYwYjNkNWNlNDhl-76bfb8a9-cc8e-4f9b-9405-e60b3d5ce48e] Object was deleted but could not be found in the ZRC.
[http://chemistry.apache.org/MDAyNmNjNDItY2ZkMi00YTVjLWIxNjUtZTAwY2VlM2Q0OWJh-0026cc42-cfd2-4a5c-b165-e00cee3d49ba] Object was deleted but could not be found in the ZRC.
[http://chemistry.apache.org/ZDhlYTA2M2UtZTExNi00MjIzLWE5YzgtM2ExMTcyZDFlNjNj-d8ea063e-e116-4223-a9c8-3a1172d1e63c] Object was created but could not be found in the DRC.
[http://chemistry.apache.org/YzRlZTY5MmUtNWI2MS00YmQwLTg0YmItZTVmY2JiZmM2YTA5-c4ee692e-5b61-4bd0-84bb-e5fcbbfc6a09] Object was created but could not be found in the DRC.
[http://chemistry.apache.org/YzRlZTY5MmUtNWI2MS00YmQwLTg0YmItZTVmY2JiZmM2YTA5-c4ee692e-5b61-4bd0-84bb-e5fcbbfc6a09] Object was deleted but could not be found in the ZRC.
[http://chemistry.apache.org/ZDhlYTA2M2UtZTExNi00MjIzLWE5YzgtM2ExMTcyZDFlNjNj-d8ea063e-e116-4223-a9c8-3a1172d1e63c] Object was deleted but could not be found in the ZRC.
[http://chemistry.apache.org/MmY2OTRhOGMtYzFlOC00ZjZiLWI4MjMtZTE4YmJkOWRjMjcz-2f694a8c-c1e8-4f6b-b823-e18bbd9dc273] Object was created but could not be found in the DRC.
[http://chemistry.apache.org/OTQ1OTI5ODItNDMyNS00MTI1LWFkYmMtNzEwMjQyMTE3MDZk-94592982-4325-4125-adbc-71024211706d] Object was created but could not be found in the DRC.
[http://chemistry.apache.org/OTQ1OTI5ODItNDMyNS00MTI1LWFkYmMtNzEwMjQyMTE3MDZk-94592982-4325-4125-adbc-71024211706d] Object was deleted but could not be found in the ZRC.
[http://chemistry.apache.org/MmY2OTRhOGMtYzFlOC00ZjZiLWI4MjMtZTE4YmJkOWRjMjcz-2f694a8c-c1e8-4f6b-b823-e18bbd9dc273] Object was deleted but could not be found in the ZRC.
[http://chemistry.apache.org/NDEzODdlNGItMWYwMS00ZTJkLTk4ZWQtN2VkZmJjMWQwMjU2-41387e4b-1f01-4e2d-98ed-7edfbc1d0256] Object was created but could not be found in the DRC.
[http://chemistry.apache.org/OGJmNDI4NTUtODNiYi00MGUwLTkxZWUtMzM2NTIxOWUzYzc5-8bf42855-83bb-40e0-91ee-3365219e3c79] Object was created but could not be found in the DRC.
[http://chemistry.apache.org/NDA0MzkxZDgtYWU4Zi00Yzg1LTgyOTAtZDFlZmNiYzhhZWE4OzEuMA==-404391d8-ae8f-4c85-8290-d1efcbc8aea8] Object was created but could not be found in the DRC.
[http://chemistry.apache.org/NDA0MzkxZDgtYWU4Zi00Yzg1LTgyOTAtZDFlZmNiYzhhZWE4OzEuMA==-404391d8-ae8f-4c85-8290-d1efcbc8aea8] Object was updated but could not be found in the DRC.
[http://chemistry.apache.org/NDA0MzkxZDgtYWU4Zi00Yzg1LTgyOTAtZDFlZmNiYzhhZWE4OzEuMQ==-404391d8-ae8f-4c85-8290-d1efcbc8aea8] Object was deleted but could not be found in the ZRC.
[http://chemistry.apache.org/OGJmNDI4NTUtODNiYi00MGUwLTkxZWUtMzM2NTIxOWUzYzc5-8bf42855-83bb-40e0-91ee-3365219e3c79] Object was deleted but could not be found in the ZRC.
[http://chemistry.apache.org/NDEzODdlNGItMWYwMS00ZTJkLTk4ZWQtN2VkZmJjMWQwMjU2-41387e4b-1f01-4e2d-98ed-7edfbc1d0256] Object was deleted but could not be found in the ZRC.
[http://chemistry.apache.org/NWI4YTM2ZDYtZDMzOC00OTM4LWIxYjMtNzNjYTI5NzBlOGE0-5b8a36d6-d338-4938-b1b3-73ca2970e8a4] Object was created but could not be found in the DRC.
[http://chemistry.apache.org/MzZjZWMzOTEtNGNjMC00ZDgzLTg3YjUtMTRmNDdhYmJlNjUw-36cec391-4cc0-4d83-87b5-14f47abbe650] Object was created but could not be found in the DRC.
[http://chemistry.apache.org/MzZjZWMzOTEtNGNjMC00ZDgzLTg3YjUtMTRmNDdhYmJlNjUw-36cec391-4cc0-4d83-87b5-14f47abbe650] Object was deleted but could not be found in the ZRC.
[http://chemistry.apache.org/NWI4YTM2ZDYtZDMzOC00OTM4LWIxYjMtNzNjYTI5NzBlOGE0-5b8a36d6-d338-4938-b1b3-73ca2970e8a4] Object was deleted but could not be found in the ZRC.
[http://chemistry.apache.org/NzA5NTU5NGMtMjFmMy00MmZhLTk0YWMtOWIxMmJmMDg2ZWIx-7095594c-21f3-42fa-94ac-9b12bf086eb1] Object was created but could not be found in the DRC.
[http://chemistry.apache.org/YzU4NTY0NTMtM2MzOS00OWZmLWFlMDYtYzIxNmQxYWQ5MjBi-c5856453-3c39-49ff-ae06-c216d1ad920b] Object was created but could not be found in the DRC.
[http://chemistry.apache.org/ZjZkMzYyYjEtOGMwNS00NDAyLThkNDYtNGU3YWE4NjEyN2UxOzEuMA==-f6d362b1-8c05-4402-8d46-4e7aa86127e1] Object was created but could not be found in the DRC.
[http://chemistry.apache.org/ZjZkMzYyYjEtOGMwNS00NDAyLThkNDYtNGU3YWE4NjEyN2UxOzEuMA==-f6d362b1-8c05-4402-8d46-4e7aa86127e1] Object was updated but could not be found in the DRC.
[http://chemistry.apache.org/ZjZkMzYyYjEtOGMwNS00NDAyLThkNDYtNGU3YWE4NjEyN2UxOzEuMA==-f6d362b1-8c05-4402-8d46-4e7aa86127e1] Object was deleted but could not be found in the ZRC.
[http://chemistry.apache.org/YzU4NTY0NTMtM2MzOS00OWZmLWFlMDYtYzIxNmQxYWQ5MjBi-c5856453-3c39-49ff-ae06-c216d1ad920b] Object was deleted but could not be found in the ZRC.
[http://chemistry.apache.org/NzA5NTU5NGMtMjFmMy00MmZhLTk0YWMtOWIxMmJmMDg2ZWIx-7095594c-21f3-42fa-94ac-9b12bf086eb1] Object was deleted but could not be found in the ZRC.
[http://chemistry.apache.org/ODIxZTQwODMtZGE3NC00NjgzLWE3ODItNTZjYTZjNzFiYjcz-821e4083-da74-4683-a782-56ca6c71bb73] Object was created but could not be found in the DRC.
[http://chemistry.apache.org/ZmUzODg3ZjMtNzFjZS00YzdhLTgzNTItY2E4ZTljYzliMDRm-fe3887f3-71ce-4c7a-8352-ca8e9cc9b04f] Object was created but could not be found in the DRC.
[http://chemistry.apache.org/M2YwODRiMDYtMTg4Ni00NjFkLTk1MzAtYzhjYWNmOTJkODA1OzEuMA==-3f084b06-1886-461d-9530-c8cacf92d805] Object was created but could not be found in the DRC.
[http://chemistry.apache.org/M2YwODRiMDYtMTg4Ni00NjFkLTk1MzAtYzhjYWNmOTJkODA1OzEuMA==-3f084b06-1886-461d-9530-c8cacf92d805] Object was updated but could not be found in the DRC.
[http://chemistry.apache.org/M2YwODRiMDYtMTg4Ni00NjFkLTk1MzAtYzhjYWNmOTJkODA1OzEuMA==-3f084b06-1886-461d-9530-c8cacf92d805] Object was deleted but could not be found in the ZRC.
[http://chemistry.apache.org/ZmUzODg3ZjMtNzFjZS00YzdhLTgzNTItY2E4ZTljYzliMDRm-fe3887f3-71ce-4c7a-8352-ca8e9cc9b04f] Object was deleted but could not be found in the ZRC.
[http://chemistry.apache.org/ODIxZTQwODMtZGE3NC00NjgzLWE3ODItNTZjYTZjNzFiYjcz-821e4083-da74-4683-a782-56ca6c71bb73] Object was deleted but could not be found in the ZRC.
[http://chemistry.apache.org/NzUyODkxYTItMTViNy00MDgyLTllN2YtNDc2NDEwMDE1MTAx-752891a2-15b7-4082-9e7f-476410015101] Object was created but could not be found in the DRC.
[http://chemistry.apache.org/ZWIyYjk0ZDItMThiZi00NTg2LThiYjItMDZlYmQ1ZTQwMTE3-eb2b94d2-18bf-4586-8bb2-06ebd5e40117] Object was created but could not be found in the DRC.
[http://chemistry.apache.org/OTg0NjgwMTAtMDAxMS00NGM3LTkyYTQtMDZjNjhhNWUzYjJjOzEuMA==-98468010-0011-44c7-92a4-06c68a5e3b2c] Object was created but could not be found in the DRC.
[http://chemistry.apache.org/OTg0NjgwMTAtMDAxMS00NGM3LTkyYTQtMDZjNjhhNWUzYjJjOzEuMA==-98468010-0011-44c7-92a4-06c68a5e3b2c] Object was updated but could not be found in the DRC.
[http://chemistry.apache.org/OTg0NjgwMTAtMDAxMS00NGM3LTkyYTQtMDZjNjhhNWUzYjJjOzEuMA==-98468010-0011-44c7-92a4-06c68a5e3b2c] Object was deleted but could not be found in the ZRC.
[http://chemistry.apache.org/ZWIyYjk0ZDItMThiZi00NTg2LThiYjItMDZlYmQ1ZTQwMTE3-eb2b94d2-18bf-4586-8bb2-06ebd5e40117] Object was deleted but could not be found in the ZRC.
[http://chemistry.apache.org/NzUyODkxYTItMTViNy00MDgyLTllN2YtNDc2NDEwMDE1MTAx-752891a2-15b7-4082-9e7f-476410015101] Object was deleted but could not be found in the ZRC.
[http://chemistry.apache.org/Mjg5NWFkZTAtMTJjZi00NzdhLWExMzEtOTQ1YzliZTY5MmU0-2895ade0-12cf-477a-a131-945c9be692e4] Object was created but could not be found in the DRC.
[http://chemistry.apache.org/MjRkZTY4ZDctNjYzNy00ODE4LTgzZTAtNzJmNjA3NjcwNDI1-24de68d7-6637-4818-83e0-72f607670425] Object was created but could not be found in the DRC.
[http://chemistry.apache.org/MGY5OWJjNjQtZGYxYy00YWVmLTk0N2ItZWUxNGI1YWRkOGJhOzEuMA==-0f99bc64-df1c-4aef-947b-ee14b5add8ba] Object was created but could not be found in the DRC.
[http://chemistry.apache.org/MGY5OWJjNjQtZGYxYy00YWVmLTk0N2ItZWUxNGI1YWRkOGJhOzEuMA==-0f99bc64-df1c-4aef-947b-ee14b5add8ba] Object was updated but could not be found in the DRC.
[http://chemistry.apache.org/YzRhNTk4MjQtMjdkOS00NzNhLWI3NGQtYWRiMWU1Mjk1ZGQ4-c4a59824-27d9-473a-b74d-adb1e5295dd8] Object was created but could not be found in the DRC.
[http://chemistry.apache.org/MGY5OWJjNjQtZGYxYy00YWVmLTk0N2ItZWUxNGI1YWRkOGJhOzEuMA==-0f99bc64-df1c-4aef-947b-ee14b5add8ba] Object was deleted but could not be found in the ZRC.
[http://chemistry.apache.org/YzRhNTk4MjQtMjdkOS00NzNhLWI3NGQtYWRiMWU1Mjk1ZGQ4-c4a59824-27d9-473a-b74d-adb1e5295dd8] Object was deleted but could not be found in the ZRC.
[http://chemistry.apache.org/MjRkZTY4ZDctNjYzNy00ODE4LTgzZTAtNzJmNjA3NjcwNDI1-24de68d7-6637-4818-83e0-72f607670425] Object was deleted but could not be found in the ZRC.
[http://chemistry.apache.org/Mjg5NWFkZTAtMTJjZi00NzdhLWExMzEtOTQ1YzliZTY5MmU0-2895ade0-12cf-477a-a131-945c9be692e4] Object was deleted but could not be found in the ZRC.
[http://chemistry.apache.org/NGZjOGI0ZmYtZGU1Yy00NzBiLTkyYmMtMTRhZmQ0YWJlZDI0-4fc8b4ff-de5c-470b-92bc-14afd4abed24] Object was created but could not be found in the DRC.
[http://chemistry.apache.org/NjJhYTIzYjgtNmU1MS00NTIzLWFhMDctMDljMTE2NGNkN2Nk-62aa23b8-6e51-4523-aa07-09c1164cd7cd] Object was created but could not be found in the DRC.
[http://chemistry.apache.org/MjliMDhlZDItODI1Ni00NjJkLThiMTAtZjhlMWNjMmE0Zjg5OzEuMA==-29b08ed2-8256-462d-8b10-f8e1cc2a4f89] Object was created but could not be found in the DRC.
[http://chemistry.apache.org/MjliMDhlZDItODI1Ni00NjJkLThiMTAtZjhlMWNjMmE0Zjg5OzEuMA==-29b08ed2-8256-462d-8b10-f8e1cc2a4f89] Object was updated but could not be found in the DRC.
[http://chemistry.apache.org/MjliMDhlZDItODI1Ni00NjJkLThiMTAtZjhlMWNjMmE0Zjg5OzEuMA==-29b08ed2-8256-462d-8b10-f8e1cc2a4f89] Object was deleted but could not be found in the ZRC.
[http://chemistry.apache.org/NjJhYTIzYjgtNmU1MS00NTIzLWFhMDctMDljMTE2NGNkN2Nk-62aa23b8-6e51-4523-aa07-09c1164cd7cd] Object was deleted but could not be found in the ZRC.
[http://chemistry.apache.org/NGZjOGI0ZmYtZGU1Yy00NzBiLTkyYmMtMTRhZmQ0YWJlZDI0-4fc8b4ff-de5c-470b-92bc-14afd4abed24] Object was deleted but could not be found in the ZRC.
[http://chemistry.apache.org/NWRjMWMwNzgtNWNkNi00YmYxLWFjYTYtYWQwOGU0ZjYyZDk1-5dc1c078-5cd6-4bf1-aca6-ad08e4f62d95] Object was created but could not be found in the DRC.
[http://chemistry.apache.org/YWRlOWExMWQtOTkwYy00NzE2LTk1YmUtZmY0N2U3ZDU2YWM3-ade9a11d-990c-4716-95be-ff47e7d56ac7] Object was created but could not be found in the DRC.
[http://chemistry.apache.org/MmIzNDFkZWYtYjgwYy00MjBjLTllODUtMGYwODI0NDZhZGQ4OzEuMA==-2b341def-b80c-420c-9e85-0f082446add8] Object was created but could not be found in the DRC.
[http://chemistry.apache.org/MmIzNDFkZWYtYjgwYy00MjBjLTllODUtMGYwODI0NDZhZGQ4OzEuMA==-2b341def-b80c-420c-9e85-0f082446add8] Object was updated but could not be found in the DRC.
[http://chemistry.apache.org/MmIzNDFkZWYtYjgwYy00MjBjLTllODUtMGYwODI0NDZhZGQ4OzEuMA==-2b341def-b80c-420c-9e85-0f082446add8] Object was deleted but could not be found in the ZRC.
[http://chemistry.apache.org/MWEzY2NjNzUtZmFhNy00Njk5LWIyNmItYjU4YWMwYmY3Nzlm-1a3ccc75-faa7-4699-b26b-b58ac0bf779f] Object was created but could not be found in the DRC.
[http://chemistry.apache.org/MWEzY2NjNzUtZmFhNy00Njk5LWIyNmItYjU4YWMwYmY3Nzlm-1a3ccc75-faa7-4699-b26b-b58ac0bf779f] Object was deleted but could not be found in the ZRC.
[http://chemistry.apache.org/YWRlOWExMWQtOTkwYy00NzE2LTk1YmUtZmY0N2U3ZDU2YWM3-ade9a11d-990c-4716-95be-ff47e7d56ac7] Object was deleted but could not be found in the ZRC.
[http://chemistry.apache.org/NWRjMWMwNzgtNWNkNi00YmYxLWFjYTYtYWQwOGU0ZjYyZDk1-5dc1c078-5cd6-4bf1-aca6-ad08e4f62d95] Object was deleted but could not be found in the ZRC.
[http://chemistry.apache.org/OWY2YjYyMTAtNzI3Ny00YmFlLWFiZDMtMjI4NDFjOWQ1NzRhOzEuMA==-9f6b6210-7277-4bae-abd3-22841c9d574a] Object was created but could not be found in the DRC.
[http://chemistry.apache.org/OWY2YjYyMTAtNzI3Ny00YmFlLWFiZDMtMjI4NDFjOWQ1NzRhOzEuMA==-9f6b6210-7277-4bae-abd3-22841c9d574a] Object was updated but could not be found in the DRC.
[http://chemistry.apache.org/MDQzNTFkNmEtYzYxMy00OTBhLTkwYTUtYTVhMDcwYTc4NzIw-04351d6a-c613-490a-90a5-a5a070a78720] Object was created but could not be found in the DRC.
[http://chemistry.apache.org/ZThmYzBkMzUtYmQ5NS00OWQwLTg3MDYtMjIwMzRjYmQ0Y2Iz-e8fc0d35-bd95-49d0-8706-22034cbd4cb3] Object was created but could not be found in the DRC.
[http://chemistry.apache.org/ZThmYzBkMzUtYmQ5NS00OWQwLTg3MDYtMjIwMzRjYmQ0Y2Iz-e8fc0d35-bd95-49d0-8706-22034cbd4cb3] Object was deleted but could not be found in the ZRC.
[http://chemistry.apache.org/MDQzNTFkNmEtYzYxMy00OTBhLTkwYTUtYTVhMDcwYTc4NzIw-04351d6a-c613-490a-90a5-a5a070a78720] Object was deleted but could not be found in the ZRC.
[http://chemistry.apache.org/OTIxNTI4YjItNDYwMS00N2U0LWEwZTMtNzkzMDIzMmZiYWEy-921528b2-4601-47e4-a0e3-7930232fbaa2] Object was created but could not be found in the DRC.
[http://chemistry.apache.org/Mjc0OGJhYTQtYjg2YS00ZTFkLTg5NTItZjg1OGY1YzJmNjZk-2748baa4-b86a-4e1d-8952-f858f5c2f66d] Object was created but could not be found in the DRC.
[http://chemistry.apache.org/Mjc0OGJhYTQtYjg2YS00ZTFkLTg5NTItZjg1OGY1YzJmNjZk-2748baa4-b86a-4e1d-8952-f858f5c2f66d] Object was deleted but could not be found in the ZRC.
[http://chemistry.apache.org/OTIxNTI4YjItNDYwMS00N2U0LWEwZTMtNzkzMDIzMmZiYWEy-921528b2-4601-47e4-a0e3-7930232fbaa2] Object was deleted but could not be found in the ZRC.
[http://chemistry.apache.org/ZmExYjk2ZjgtMzJkOC00ZDUyLTg2ZjEtZWRhZjYyZTMwZjJi-fa1b96f8-32d8-4d52-86f1-edaf62e30f2b] Object was created but could not be found in the DRC.
[http://chemistry.apache.org/NDcxMDhhZGQtZjgzOC00NDVkLTliZTctOGNhYTY0NjkxODdk-47108add-f838-445d-9be7-8caa6469187d] Object was created but could not be found in the DRC.
[http://chemistry.apache.org/NDcxMDhhZGQtZjgzOC00NDVkLTliZTctOGNhYTY0NjkxODdk-47108add-f838-445d-9be7-8caa6469187d] Object was deleted but could not be found in the ZRC.
[http://chemistry.apache.org/ZmExYjk2ZjgtMzJkOC00ZDUyLTg2ZjEtZWRhZjYyZTMwZjJi-fa1b96f8-32d8-4d52-86f1-edaf62e30f2b] Object was deleted but could not be found in the ZRC.
[http://chemistry.apache.org/MWVhMmEwOWQtNzE0Yy00M2E3LWJiMTMtZTc3M2U2YTNmMWYy-1ea2a09d-714c-43a7-bb13-e773e6a3f1f2] Object was created but could not be found in the DRC.
[http://chemistry.apache.org/NmE4YmQ4OWYtNjMxNC00ZTk5LWExM2QtZDdhY2I3MjAzOGY0-6a8bd89f-6314-4e99-a13d-d7acb72038f4] Object was created but could not be found in the DRC.
[http://chemistry.apache.org/NmE4YmQ4OWYtNjMxNC00ZTk5LWExM2QtZDdhY2I3MjAzOGY0-6a8bd89f-6314-4e99-a13d-d7acb72038f4] Object was deleted but could not be found in the ZRC.
[http://chemistry.apache.org/MWVhMmEwOWQtNzE0Yy00M2E3LWJiMTMtZTc3M2U2YTNmMWYy-1ea2a09d-714c-43a7-bb13-e773e6a3f1f2] Object was deleted but could not be found in the ZRC.
[http://chemistry.apache.org/Y2FkMWFkODUtODhkOS00OGM5LWJiYTUtMzNjNDc1YTgxODlh-cad1ad85-88d9-48c9-bba5-33c475a8189a] Object was created but could not be found in the DRC.
[http://chemistry.apache.org/NGUzZmEyOTAtYjMwNy00MmRlLWE1NTktODNmZTQzMDYxNDFl-4e3fa290-b307-42de-a559-83fe4306141e] Object was created but could not be found in the DRC.
[http://chemistry.apache.org/NGUzZmEyOTAtYjMwNy00MmRlLWE1NTktODNmZTQzMDYxNDFl-4e3fa290-b307-42de-a559-83fe4306141e] Object was deleted but could not be found in the ZRC.
[http://chemistry.apache.org/Y2FkMWFkODUtODhkOS00OGM5LWJiYTUtMzNjNDc1YTgxODlh-cad1ad85-88d9-48c9-bba5-33c475a8189a] Object was deleted but could not be found in the ZRC.
[http://chemistry.apache.org/YzA4MGVmNzYtNDBkNy00Yjk0LWI0NTQtYWJhYTZlZDY0ZTg1-c080ef76-40d7-4b94-b454-abaa6ed64e85] Object was created but could not be found in the DRC.
[http://chemistry.apache.org/MjUxZTcyODEtYjk5ZS00ODI3LWE4OTAtYjZjZTA1NTZkZDgx-251e7281-b99e-4827-a890-b6ce0556dd81] Object was created but could not be found in the DRC.
[http://chemistry.apache.org/ZDNkNjY2YTctYTJiNS00NTU2LWIwYjItNjFmZmQ5OGFmYjllOzEuMA==-d3d666a7-a2b5-4556-b0b2-61ffd98afb9e] Object was created but could not be found in the DRC.
[http://chemistry.apache.org/ZDNkNjY2YTctYTJiNS00NTU2LWIwYjItNjFmZmQ5OGFmYjllOzEuMA==-d3d666a7-a2b5-4556-b0b2-61ffd98afb9e] Object was updated but could not be found in the DRC.
[http://chemistry.apache.org/NjFlYjAwNDEtNzE1MS00MWUxLWE5NmEtYjlkYjY2YTkzNWY0OzEuMA==-61eb0041-7151-41e1-a96a-b9db66a935f4] Object was created but could not be found in the DRC.
[http://chemistry.apache.org/NjFlYjAwNDEtNzE1MS00MWUxLWE5NmEtYjlkYjY2YTkzNWY0OzEuMA==-61eb0041-7151-41e1-a96a-b9db66a935f4] Object was updated but could not be found in the DRC.
[http://chemistry.apache.org/NjFlYjAwNDEtNzE1MS00MWUxLWE5NmEtYjlkYjY2YTkzNWY0OzEuMA==-61eb0041-7151-41e1-a96a-b9db66a935f4] Object was deleted but could not be found in the ZRC.
[http://chemistry.apache.org/YmE4NTBmOTUtNDViOC00YjZlLTlmOWMtMDZhNmNiYzEwYWU1OzEuMA==-ba850f95-45b8-4b6e-9f9c-06a6cbc10ae5] Object was created but could not be found in the DRC.
[http://chemistry.apache.org/YmE4NTBmOTUtNDViOC00YjZlLTlmOWMtMDZhNmNiYzEwYWU1OzEuMA==-ba850f95-45b8-4b6e-9f9c-06a6cbc10ae5] Object was updated but could not be found in the DRC.
[http://chemistry.apache.org/ZDNkNjY2YTctYTJiNS00NTU2LWIwYjItNjFmZmQ5OGFmYjllOzEuMA==-d3d666a7-a2b5-4556-b0b2-61ffd98afb9e] Object was deleted but could not be found in the ZRC.
[http://chemistry.apache.org/YmE4NTBmOTUtNDViOC00YjZlLTlmOWMtMDZhNmNiYzEwYWU1OzEuMA==-ba850f95-45b8-4b6e-9f9c-06a6cbc10ae5] Object was deleted but could not be found in the ZRC.
[http://chemistry.apache.org/MjUxZTcyODEtYjk5ZS00ODI3LWE4OTAtYjZjZTA1NTZkZDgx-251e7281-b99e-4827-a890-b6ce0556dd81] Object was deleted but could not be found in the ZRC.
[http://chemistry.apache.org/YzA4MGVmNzYtNDBkNy00Yjk0LWI0NTQtYWJhYTZlZDY0ZTg1-c080ef76-40d7-4b94-b454-abaa6ed64e85] Object was deleted but could not be found in the ZRC.
[http://chemistry.apache.org/NTc2NTliYzctZTJlNS00OTAzLThlNzMtMGQ4OGViYTYwZjZm-57659bc7-e2e5-4903-8e73-0d88eba60f6f] Object was created but could not be found in the DRC.
[http://chemistry.apache.org/MTkxOGZiYjItODk5My00OWU2LTg0NjUtMTI2N2E1MGYyNGRh-1918fbb2-8993-49e6-8465-1267a50f24da] Object was created but could not be found in the DRC.
[http://chemistry.apache.org/MzUzZmQwYjItN2RhMy00YmQzLTgxNWUtMTA2NTA2YWQ4NmFjOzEuMA==-353fd0b2-7da3-4bd3-815e-106506ad86ac] Object was created but could not be found in the DRC.
[http://chemistry.apache.org/MzUzZmQwYjItN2RhMy00YmQzLTgxNWUtMTA2NTA2YWQ4NmFjOzEuMA==-353fd0b2-7da3-4bd3-815e-106506ad86ac] Object was updated but could not be found in the DRC.
[http://chemistry.apache.org/ZjA0YWIwNGUtYjEyMS00NmUwLTgxODYtMWZlNjdmYTJlZGViOzEuMA==-f04ab04e-b121-46e0-8186-1fe67fa2edeb] Object was created but could not be found in the DRC.
[http://chemistry.apache.org/ZjA0YWIwNGUtYjEyMS00NmUwLTgxODYtMWZlNjdmYTJlZGViOzEuMA==-f04ab04e-b121-46e0-8186-1fe67fa2edeb] Object was updated but could not be found in the DRC.
[http://chemistry.apache.org/MzUzZmQwYjItN2RhMy00YmQzLTgxNWUtMTA2NTA2YWQ4NmFjOzEuMA==-353fd0b2-7da3-4bd3-815e-106506ad86ac] Object was deleted but could not be found in the ZRC.
[http://chemistry.apache.org/ZjA0YWIwNGUtYjEyMS00NmUwLTgxODYtMWZlNjdmYTJlZGViOzEuMA==-f04ab04e-b121-46e0-8186-1fe67fa2edeb] Object was deleted but could not be found in the ZRC.
[http://chemistry.apache.org/MTkxOGZiYjItODk5My00OWU2LTg0NjUtMTI2N2E1MGYyNGRh-1918fbb2-8993-49e6-8465-1267a50f24da] Object was deleted but could not be found in the ZRC.
[http://chemistry.apache.org/NTc2NTliYzctZTJlNS00OTAzLThlNzMtMGQ4OGViYTYwZjZm-57659bc7-e2e5-4903-8e73-0d88eba60f6f] Object was deleted but could not be found in the ZRC.
[http://chemistry.apache.org/NjgyYTE0ZWMtOGRmOC00YmEyLWEyNTktOTlhYTAxNjU5Zjk1-682a14ec-8df8-4ba2-a259-99aa01659f95] Object was created but could not be found in the DRC.
[http://chemistry.apache.org/ZDhhYjIyZjQtZDc2MC00YzIyLTk3NGEtOTI5NmRhYmViZThm-d8ab22f4-d760-4c22-974a-9296dabebe8f] Object was created but could not be found in the DRC.
[http://chemistry.apache.org/MmI0NGE1ZWItNjYwMC00NjVmLThiZmItOGViMGMwYTI0MmFlOzEuMA==-2b44a5eb-6600-465f-8bfb-8eb0c0a242ae] Object was created but could not be found in the DRC.
[http://chemistry.apache.org/MmI0NGE1ZWItNjYwMC00NjVmLThiZmItOGViMGMwYTI0MmFlOzEuMA==-2b44a5eb-6600-465f-8bfb-8eb0c0a242ae] Object was updated but could not be found in the DRC.
[http://chemistry.apache.org/Y2E2OTQ3YjAtNDBiMi00ZmIzLTgyZTMtYjUyNDUxZTc1Yjc4OzEuMA==-ca6947b0-40b2-4fb3-82e3-b52451e75b78] Object was created but could not be found in the DRC.
[http://chemistry.apache.org/Y2E2OTQ3YjAtNDBiMi00ZmIzLTgyZTMtYjUyNDUxZTc1Yjc4OzEuMA==-ca6947b0-40b2-4fb3-82e3-b52451e75b78] Object was updated but could not be found in the DRC.
[http://chemistry.apache.org/MmI0NGE1ZWItNjYwMC00NjVmLThiZmItOGViMGMwYTI0MmFlOzEuMA==-2b44a5eb-6600-465f-8bfb-8eb0c0a242ae] Object was deleted but could not be found in the ZRC.
[http://chemistry.apache.org/Y2E2OTQ3YjAtNDBiMi00ZmIzLTgyZTMtYjUyNDUxZTc1Yjc4OzEuMA==-ca6947b0-40b2-4fb3-82e3-b52451e75b78] Object was deleted but could not be found in the ZRC.
[http://chemistry.apache.org/ZDhhYjIyZjQtZDc2MC00YzIyLTk3NGEtOTI5NmRhYmViZThm-d8ab22f4-d760-4c22-974a-9296dabebe8f] Object was deleted but could not be found in the ZRC.
[http://chemistry.apache.org/NjgyYTE0ZWMtOGRmOC00YmEyLWEyNTktOTlhYTAxNjU5Zjk1-682a14ec-8df8-4ba2-a259-99aa01659f95] Object was deleted but could not be found in the ZRC.
[http://chemistry.apache.org/NTY4NGFjODItNjVhMi00NDhlLWIxZTQtZTQ2ZGI0ZjRjYTlm-5684ac82-65a2-448e-b1e4-e46db4f4ca9f] Object was created but could not be found in the DRC.
[http://chemistry.apache.org/MjNkZWFiZDAtYjRmYS00MTZkLTlkNWItZDc5YzE0ODIzYTc5-23deabd0-b4fa-416d-9d5b-d79c14823a79] Object was created but could not be found in the DRC.
[http://chemistry.apache.org/Njc5OTZiMzUtYmYxYS00ZmIyLTg3Y2EtZDcwZWU1NDU0MzY2OzEuMA==-67996b35-bf1a-4fb2-87ca-d70ee5454366] Object was created but could not be found in the DRC.
[http://chemistry.apache.org/Njc5OTZiMzUtYmYxYS00ZmIyLTg3Y2EtZDcwZWU1NDU0MzY2OzEuMA==-67996b35-bf1a-4fb2-87ca-d70ee5454366] Object was updated but could not be found in the DRC.
[http://chemistry.apache.org/NTQ5YzY5NGMtOGU4MS00OThkLTkwMWYtNWQyNzRmZmJhZmY4OzEuMA==-549c694c-8e81-498d-901f-5d274ffbaff8] Object was created but could not be found in the DRC.
[http://chemistry.apache.org/NTQ5YzY5NGMtOGU4MS00OThkLTkwMWYtNWQyNzRmZmJhZmY4OzEuMA==-549c694c-8e81-498d-901f-5d274ffbaff8] Object was updated but could not be found in the DRC.
[http://chemistry.apache.org/Njc5OTZiMzUtYmYxYS00ZmIyLTg3Y2EtZDcwZWU1NDU0MzY2OzEuMA==-67996b35-bf1a-4fb2-87ca-d70ee5454366] Object was deleted but could not be found in the ZRC.
[http://chemistry.apache.org/NTQ5YzY5NGMtOGU4MS00OThkLTkwMWYtNWQyNzRmZmJhZmY4OzEuMA==-549c694c-8e81-498d-901f-5d274ffbaff8] Object was deleted but could not be found in the ZRC.
[http://chemistry.apache.org/MjNkZWFiZDAtYjRmYS00MTZkLTlkNWItZDc5YzE0ODIzYTc5-23deabd0-b4fa-416d-9d5b-d79c14823a79] Object was deleted but could not be found in the ZRC.
[http://chemistry.apache.org/NTY4NGFjODItNjVhMi00NDhlLWIxZTQtZTQ2ZGI0ZjRjYTlm-5684ac82-65a2-448e-b1e4-e46db4f4ca9f] Object was deleted but could not be found in the ZRC.
[http://chemistry.apache.org/YTVlNWY1NWItYWNhYy00YTkwLWI2NjQtY2Q1MjkzYTU2Yjk3-a5e5f55b-acac-4a90-b664-cd5293a56b97] Object was created but could not be found in the DRC.
[http://chemistry.apache.org/YTEyYWYwYWItZDkxNy00NzVkLTgxYmEtODhjMTQ2NDEwMWQ5-a12af0ab-d917-475d-81ba-88c1464101d9] Object was created but could not be found in the DRC.
[http://chemistry.apache.org/YTEyYWYwYWItZDkxNy00NzVkLTgxYmEtODhjMTQ2NDEwMWQ5-a12af0ab-d917-475d-81ba-88c1464101d9] Object was deleted but could not be found in the ZRC.
[http://chemistry.apache.org/YTVlNWY1NWItYWNhYy00YTkwLWI2NjQtY2Q1MjkzYTU2Yjk3-a5e5f55b-acac-4a90-b664-cd5293a56b97] Object was deleted but could not be found in the ZRC.
[http://chemistry.apache.org/ZDRkZTExYzAtMjBhZS00Yzk4LTg5ZTQtZmUzNjQ2Y2I3Mjcz-d4de11c0-20ae-4c98-89e4-fe3646cb7273] Object was created but could not be found in the DRC.
[http://chemistry.apache.org/NzQzYjQwOTktYzIwZi00NGNhLTgyMGYtMjEzMTM2YjQ4ZDFm-743b4099-c20f-44ca-820f-213136b48d1f] Object was created but could not be found in the DRC.
[http://chemistry.apache.org/NzQzYjQwOTktYzIwZi00NGNhLTgyMGYtMjEzMTM2YjQ4ZDFm-743b4099-c20f-44ca-820f-213136b48d1f] Object was deleted but could not be found in the ZRC.
[http://chemistry.apache.org/ZDRkZTExYzAtMjBhZS00Yzk4LTg5ZTQtZmUzNjQ2Y2I3Mjcz-d4de11c0-20ae-4c98-89e4-fe3646cb7273] Object was deleted but could not be found in the ZRC.
[http://chemistry.apache.org/YWUzNGE2NGMtZjMxYy00MzgxLTljMTItM2M0YjA0M2JkNTli-ae34a64c-f31c-4381-9c12-3c4b043bd59b] Object was created but could not be found in the DRC.
[http://chemistry.apache.org/NzJkYzk1MDYtZjBmOC00ODg1LTk2YmUtNDc4YjdjZGE1ZDgx-72dc9506-f0f8-4885-96be-478b7cda5d81] Object was created but could not be found in the DRC.
[http://chemistry.apache.org/NzJkYzk1MDYtZjBmOC00ODg1LTk2YmUtNDc4YjdjZGE1ZDgx-72dc9506-f0f8-4885-96be-478b7cda5d81] Object was deleted but could not be found in the ZRC.
[http://chemistry.apache.org/YWUzNGE2NGMtZjMxYy00MzgxLTljMTItM2M0YjA0M2JkNTli-ae34a64c-f31c-4381-9c12-3c4b043bd59b] Object was deleted but could not be found in the ZRC.
[http://chemistry.apache.org/OGU5ZTdhYmMtZjY3ZS00YzJkLWExOWUtN2ZjNDVjOGI0ZmI5-8e9e7abc-f67e-4c2d-a19e-7fc45c8b4fb9] Object was created but could not be found in the DRC.
[http://chemistry.apache.org/ODA5YjNlNmUtZmM4My00NDg2LWFjMmYtNmE3MTIwNjgzYjE4-809b3e6e-fc83-4486-ac2f-6a7120683b18] Object was created but could not be found in the DRC.
[http://chemistry.apache.org/MzRjMGM3NzAtNGJiNy00MzA4LWE5ZDQtZTVhNzY5MjZhNjY0-34c0c770-4bb7-4308-a9d4-e5a76926a664] Object was created but could not be found in the DRC.
[http://chemistry.apache.org/ODA5YjNlNmUtZmM4My00NDg2LWFjMmYtNmE3MTIwNjgzYjE4-809b3e6e-fc83-4486-ac2f-6a7120683b18] Object was deleted but could not be found in the ZRC.
[http://chemistry.apache.org/MzRjMGM3NzAtNGJiNy00MzA4LWE5ZDQtZTVhNzY5MjZhNjY0-34c0c770-4bb7-4308-a9d4-e5a76926a664] Object was deleted but could not be found in the ZRC.
[http://chemistry.apache.org/OGU5ZTdhYmMtZjY3ZS00YzJkLWExOWUtN2ZjNDVjOGI0ZmI5-8e9e7abc-f67e-4c2d-a19e-7fc45c8b4fb9] Object was deleted but could not be found in the ZRC.
[http://chemistry.apache.org/YzQ2NTFjYTgtMGFmMS00OWNlLThhMzItMTA2ODAwMWM0M2I5-c4651ca8-0af1-49ce-8a32-1068001c43b9] Object was created but could not be found in the DRC.
[http://chemistry.apache.org/MmM0YzI1YmMtZDBiNy00ZjY1LWIyMGItYjIyZDU2YWM1NTkx-2c4c25bc-d0b7-4f65-b20b-b22d56ac5591] Object was created but could not be found in the DRC.
[http://chemistry.apache.org/MmM0YzI1YmMtZDBiNy00ZjY1LWIyMGItYjIyZDU2YWM1NTkx-2c4c25bc-d0b7-4f65-b20b-b22d56ac5591] Object was deleted but could not be found in the ZRC.
[http://chemistry.apache.org/YzQ2NTFjYTgtMGFmMS00OWNlLThhMzItMTA2ODAwMWM0M2I5-c4651ca8-0af1-49ce-8a32-1068001c43b9] Object was deleted but could not be found in the ZRC.
[http://chemistry.apache.org/NWJhOGRiNWItNWU2My00YjgwLWI5NzAtNDYyZjUzNmZmMTA0-5ba8db5b-5e63-4b80-b970-462f536ff104] Object was created but could not be found in the DRC.
[http://chemistry.apache.org/OTZjNDdlOTgtMTVlOC00NjMwLThmYjEtNzY0MzVjMjA2M2Vi-96c47e98-15e8-4630-8fb1-76435c2063eb] Object was created but could not be found in the DRC.
[http://chemistry.apache.org/OTZjNDdlOTgtMTVlOC00NjMwLThmYjEtNzY0MzVjMjA2M2Vi-96c47e98-15e8-4630-8fb1-76435c2063eb] Object was deleted but could not be found in the ZRC.
[http://chemistry.apache.org/NWJhOGRiNWItNWU2My00YjgwLWI5NzAtNDYyZjUzNmZmMTA0-5ba8db5b-5e63-4b80-b970-462f536ff104] Object was deleted but could not be found in the ZRC.
[http://chemistry.apache.org/ZjBmMjg2ODEtODZmZC00ZGIyLWJmMjMtNTgyZDU4ZjZhNTY0-f0f28681-86fd-4db2-bf23-582d58f6a564] Object was created but could not be found in the DRC.
[http://chemistry.apache.org/ZTBhMjE2YzUtMDE0OC00NzI0LWEyMDgtZjQ0OGNmMjAyNWNl-e0a216c5-0148-4724-a208-f448cf2025ce] Object was created but could not be found in the DRC.
[http://chemistry.apache.org/ZTBhMjE2YzUtMDE0OC00NzI0LWEyMDgtZjQ0OGNmMjAyNWNl-e0a216c5-0148-4724-a208-f448cf2025ce] Object was deleted but could not be found in the ZRC.
[http://chemistry.apache.org/ZjBmMjg2ODEtODZmZC00ZGIyLWJmMjMtNTgyZDU4ZjZhNTY0-f0f28681-86fd-4db2-bf23-582d58f6a564] Object was deleted but could not be found in the ZRC.
[http://chemistry.apache.org/M2JhYjc0Y2MtYTE2OC00ZWE0LTk1ODgtMmJkZTBmNjU4ZWMz-3bab74cc-a168-4ea4-9588-2bde0f658ec3] Object was created but could not be found in the DRC.
[http://chemistry.apache.org/YTA3ZjQwYzktYjllOC00ZDkyLWFjOWQtM2UzM2M5MTU4NDJh-a07f40c9-b9e8-4d92-ac9d-3e33c915842a] Object was created but could not be found in the DRC.
[http://chemistry.apache.org/YTA3ZjQwYzktYjllOC00ZDkyLWFjOWQtM2UzM2M5MTU4NDJh-a07f40c9-b9e8-4d92-ac9d-3e33c915842a] Object was deleted but could not be found in the ZRC.
[http://chemistry.apache.org/M2JhYjc0Y2MtYTE2OC00ZWE0LTk1ODgtMmJkZTBmNjU4ZWMz-3bab74cc-a168-4ea4-9588-2bde0f658ec3] Object was deleted but could not be found in the ZRC.
[http://chemistry.apache.org/NDg3ODg2OTktNmQxMi00NGI4LTk4ZjMtODExMmNiNWFlODNi-48788699-6d12-44b8-98f3-8112cb5ae83b] Object was created but could not be found in the DRC.
[http://chemistry.apache.org/YmQ2MDVhM2ItYWI3Yy00NTZkLWIwNWEtNmE5MTc5NzMzZGZi-bd605a3b-ab7c-456d-b05a-6a9179733dfb] Object was created but could not be found in the DRC.
[http://chemistry.apache.org/YmQ2MDVhM2ItYWI3Yy00NTZkLWIwNWEtNmE5MTc5NzMzZGZi-bd605a3b-ab7c-456d-b05a-6a9179733dfb] Object was deleted but could not be found in the ZRC.
[http://chemistry.apache.org/NDg3ODg2OTktNmQxMi00NGI4LTk4ZjMtODExMmNiNWFlODNi-48788699-6d12-44b8-98f3-8112cb5ae83b] Object was deleted but could not be found in the ZRC.
[http://chemistry.apache.org/ODA1YmUyNGItOTQ5Mi00MWY0LWI3MWYtYjJkODJlMTU4NzVl-805be24b-9492-41f4-b71f-b2d82e15875e] Object was created but could not be found in the DRC.
[http://chemistry.apache.org/NjliZjU2NDgtMDEzOC00YjZmLTk0MGItZjRlYmY4ZTNiMmQ4-69bf5648-0138-4b6f-940b-f4ebf8e3b2d8] Object was created but could not be found in the DRC.
[http://chemistry.apache.org/ZmYyZWE4YmItNzA3YS00MGQwLWEwNGItNTFjMDljOWFjOTk2OzEuMA==-ff2ea8bb-707a-40d0-a04b-51c09c9ac996] Object was created but could not be found in the DRC.
[http://chemistry.apache.org/ZmYyZWE4YmItNzA3YS00MGQwLWEwNGItNTFjMDljOWFjOTk2OzEuMA==-ff2ea8bb-707a-40d0-a04b-51c09c9ac996] Object was updated but could not be found in the DRC.
[http://chemistry.apache.org/ZmYyZWE4YmItNzA3YS00MGQwLWEwNGItNTFjMDljOWFjOTk2OzEuMQ==-ff2ea8bb-707a-40d0-a04b-51c09c9ac996] Object was deleted but could not be found in the ZRC.
[http://chemistry.apache.org/NjliZjU2NDgtMDEzOC00YjZmLTk0MGItZjRlYmY4ZTNiMmQ4-69bf5648-0138-4b6f-940b-f4ebf8e3b2d8] Object was deleted but could not be found in the ZRC.
[http://chemistry.apache.org/ODA1YmUyNGItOTQ5Mi00MWY0LWI3MWYtYjJkODJlMTU4NzVl-805be24b-9492-41f4-b71f-b2d82e15875e] Object was deleted but could not be found in the ZRC.
[http://chemistry.apache.org/ZTZmZWFkNGItZjQ2Mi00M2ZmLTk1YzktOGQ1ODg5ODhjOGM2-e6fead4b-f462-43ff-95c9-8d588988c8c6] Object was created but could not be found in the DRC.
[http://chemistry.apache.org/YWNkZDA5ZTYtYjg2Ni00MDY5LWJjMTUtMWM0ZDk1MjNjNGNl-acdd09e6-b866-4069-bc15-1c4d9523c4ce] Object was created but could not be found in the DRC.
[http://chemistry.apache.org/YWNkZDA5ZTYtYjg2Ni00MDY5LWJjMTUtMWM0ZDk1MjNjNGNl-acdd09e6-b866-4069-bc15-1c4d9523c4ce] Object was deleted but could not be found in the ZRC.
[http://chemistry.apache.org/ZTZmZWFkNGItZjQ2Mi00M2ZmLTk1YzktOGQ1ODg5ODhjOGM2-e6fead4b-f462-43ff-95c9-8d588988c8c6] Object was deleted but could not be found in the ZRC.
[http://chemistry.apache.org/N2M1ZjQ3NzgtOGY4Ny00Y2Q1LWIwNzEtOTE3MmI0ZGI1NTBm-7c5f4778-8f87-4cd5-b071-9172b4db550f] Object was created but could not be found in the DRC.
[http://chemistry.apache.org/NDRmZjI3MTgtOTc3OC00NTU5LWJiOWEtZDMyZWNkNzQzN2Mx-44ff2718-9778-4559-bb9a-d32ecd7437c1] Object was created but could not be found in the DRC.
[http://chemistry.apache.org/MzVlYjViNmItOWFlYS00MzBmLWIyNmEtYjQxZjU1ODQwNTRhOzEuMA==-35eb5b6b-9aea-430f-b26a-b41f5584054a] Object was created but could not be found in the DRC.
[http://chemistry.apache.org/MzVlYjViNmItOWFlYS00MzBmLWIyNmEtYjQxZjU1ODQwNTRhOzEuMA==-35eb5b6b-9aea-430f-b26a-b41f5584054a] Object was updated but could not be found in the DRC.
[http://chemistry.apache.org/MzVlYjViNmItOWFlYS00MzBmLWIyNmEtYjQxZjU1ODQwNTRhOzEuMA==-35eb5b6b-9aea-430f-b26a-b41f5584054a] Object was deleted but could not be found in the ZRC.
[http://chemistry.apache.org/NDRmZjI3MTgtOTc3OC00NTU5LWJiOWEtZDMyZWNkNzQzN2Mx-44ff2718-9778-4559-bb9a-d32ecd7437c1] Object was deleted but could not be found in the ZRC.
[http://chemistry.apache.org/N2M1ZjQ3NzgtOGY4Ny00Y2Q1LWIwNzEtOTE3MmI0ZGI1NTBm-7c5f4778-8f87-4cd5-b071-9172b4db550f] Object was deleted but could not be found in the ZRC.
[http://chemistry.apache.org/NTJiOTY3ZmYtZjllMC00ZTE2LTgzMmEtMDdmOWI3M2U3NWZm-52b967ff-f9e0-4e16-832a-07f9b73e75ff] Object was created but could not be found in the DRC.
[http://chemistry.apache.org/NWIzMWVkMTItMjZmYy00ZjAyLTkyNTctNWJkZjIyOGJhMmFl-5b31ed12-26fc-4f02-9257-5bdf228ba2ae] Object was created but could not be found in the DRC.
[http://chemistry.apache.org/NDc5M2NlYjktNjZkZS00YTc1LWFmMTUtZmM2NWE0Y2Q2OTdiOzEuMA==-4793ceb9-66de-4a75-af15-fc65a4cd697b] Object was created but could not be found in the DRC.
[http://chemistry.apache.org/NDc5M2NlYjktNjZkZS00YTc1LWFmMTUtZmM2NWE0Y2Q2OTdiOzEuMA==-4793ceb9-66de-4a75-af15-fc65a4cd697b] Object was updated but could not be found in the DRC.
[http://chemistry.apache.org/NDc5M2NlYjktNjZkZS00YTc1LWFmMTUtZmM2NWE0Y2Q2OTdiOzEuMA==-4793ceb9-66de-4a75-af15-fc65a4cd697b] Object was deleted but could not be found in the ZRC.
[http://chemistry.apache.org/NWIzMWVkMTItMjZmYy00ZjAyLTkyNTctNWJkZjIyOGJhMmFl-5b31ed12-26fc-4f02-9257-5bdf228ba2ae] Object was deleted but could not be found in the ZRC.
[http://chemistry.apache.org/NTJiOTY3ZmYtZjllMC00ZTE2LTgzMmEtMDdmOWI3M2U3NWZm-52b967ff-f9e0-4e16-832a-07f9b73e75ff] Object was deleted but could not be found in the ZRC.
[http://chemistry.apache.org/ZDllYTQxZWEtZjIyNC00OTNhLWJiMDktYWQ0M2ZhNmE3OTc3-d9ea41ea-f224-493a-bb09-ad43fa6a7977] Object was created but could not be found in the DRC.
[http://chemistry.apache.org/MTY4NzhkNDYtZmQxNC00MzA1LTk1MzMtZTg2MDI2NDBhZDE4-16878d46-fd14-4305-9533-e8602640ad18] Object was created but could not be found in the DRC.
[http://chemistry.apache.org/M2MzNTUxYWMtOGI1YS00M2NlLTg3N2MtNmRhNDc3OWIwZTdmOzEuMA==-3c3551ac-8b5a-43ce-877c-6da4779b0e7f] Object was created but could not be found in the DRC.
[http://chemistry.apache.org/M2MzNTUxYWMtOGI1YS00M2NlLTg3N2MtNmRhNDc3OWIwZTdmOzEuMA==-3c3551ac-8b5a-43ce-877c-6da4779b0e7f] Object was updated but could not be found in the DRC.
[http://chemistry.apache.org/M2MzNTUxYWMtOGI1YS00M2NlLTg3N2MtNmRhNDc3OWIwZTdmOzEuMA==-3c3551ac-8b5a-43ce-877c-6da4779b0e7f] Object was deleted but could not be found in the ZRC.
[http://chemistry.apache.org/MTY4NzhkNDYtZmQxNC00MzA1LTk1MzMtZTg2MDI2NDBhZDE4-16878d46-fd14-4305-9533-e8602640ad18] Object was deleted but could not be found in the ZRC.
[http://chemistry.apache.org/ZDllYTQxZWEtZjIyNC00OTNhLWJiMDktYWQ0M2ZhNmE3OTc3-d9ea41ea-f224-493a-bb09-ad43fa6a7977] Object was deleted but could not be found in the ZRC.
[http://chemistry.apache.org/MmMwMjdjY2MtYzU5MS00NTI2LThhNmYtMzkyOTU1YWI2MjA5-2c027ccc-c591-4526-8a6f-392955ab6209] Object was created but could not be found in the DRC.
[http://chemistry.apache.org/M2UyMDg5NjAtOWQ2MS00MzVkLTk0M2MtMzlhY2FjOWUyNjE1-3e208960-9d61-435d-943c-39acac9e2615] Object was created but could not be found in the DRC.
[http://chemistry.apache.org/NzFkYzNjNGUtMjBhMy00NDUxLWIyY2MtNWUxMmIxNTBlZWU3OzEuMA==-71dc3c4e-20a3-4451-b2cc-5e12b150eee7] Object was created but could not be found in the DRC.
[http://chemistry.apache.org/NzFkYzNjNGUtMjBhMy00NDUxLWIyY2MtNWUxMmIxNTBlZWU3OzEuMA==-71dc3c4e-20a3-4451-b2cc-5e12b150eee7] Object was updated but could not be found in the DRC.
[http://chemistry.apache.org/NTYyOTNiOWEtM2FiYy00NDI2LWEwYjEtNjBkZDMwNGE2MzIz-56293b9a-3abc-4426-a0b1-60dd304a6323] Object was created but could not be found in the DRC.
[http://chemistry.apache.org/NzFkYzNjNGUtMjBhMy00NDUxLWIyY2MtNWUxMmIxNTBlZWU3OzEuMA==-71dc3c4e-20a3-4451-b2cc-5e12b150eee7] Object was deleted but could not be found in the ZRC.
[http://chemistry.apache.org/NTYyOTNiOWEtM2FiYy00NDI2LWEwYjEtNjBkZDMwNGE2MzIz-56293b9a-3abc-4426-a0b1-60dd304a6323] Object was deleted but could not be found in the ZRC.
[http://chemistry.apache.org/M2UyMDg5NjAtOWQ2MS00MzVkLTk0M2MtMzlhY2FjOWUyNjE1-3e208960-9d61-435d-943c-39acac9e2615] Object was deleted but could not be found in the ZRC.
[http://chemistry.apache.org/MmMwMjdjY2MtYzU5MS00NTI2LThhNmYtMzkyOTU1YWI2MjA5-2c027ccc-c591-4526-8a6f-392955ab6209] Object was deleted but could not be found in the ZRC.
[http://chemistry.apache.org/NDBhNjQxZjQtMWQ0ZC00ZGNiLWI4MDMtNTAyNTJlYTJhZTk3-40a641f4-1d4d-4dcb-b803-50252ea2ae97] Object was created but could not be found in the DRC.
[http://chemistry.apache.org/YTVhMzQwMjAtYTUxNy00YjA1LTg1YzgtMmQ2MTdkZjQ2MmE4-a5a34020-a517-4b05-85c8-2d617df462a8] Object was created but could not be found in the DRC.
[http://chemistry.apache.org/M2NkZmM2MWYtZTVmZi00Y2JmLTlmNDQtOGZmMGQ3Y2VmZmViOzEuMA==-3cdfc61f-e5ff-4cbf-9f44-8ff0d7ceffeb] Object was created but could not be found in the DRC.
[http://chemistry.apache.org/M2NkZmM2MWYtZTVmZi00Y2JmLTlmNDQtOGZmMGQ3Y2VmZmViOzEuMA==-3cdfc61f-e5ff-4cbf-9f44-8ff0d7ceffeb] Object was updated but could not be found in the DRC.
[http://chemistry.apache.org/M2NkZmM2MWYtZTVmZi00Y2JmLTlmNDQtOGZmMGQ3Y2VmZmViOzEuMA==-3cdfc61f-e5ff-4cbf-9f44-8ff0d7ceffeb] Object was deleted but could not be found in the ZRC.
[http://chemistry.apache.org/YTVhMzQwMjAtYTUxNy00YjA1LTg1YzgtMmQ2MTdkZjQ2MmE4-a5a34020-a517-4b05-85c8-2d617df462a8] Object was deleted but could not be found in the ZRC.
[http://chemistry.apache.org/NDBhNjQxZjQtMWQ0ZC00ZGNiLWI4MDMtNTAyNTJlYTJhZTk3-40a641f4-1d4d-4dcb-b803-50252ea2ae97] Object was deleted but could not be found in the ZRC.
[http://chemistry.apache.org/NjRkYmMzZDgtZjQ1Zi00MjViLWE4MTQtZjdjNWFmYzRkMGE0-64dbc3d8-f45f-425b-a814-f7c5afc4d0a4] Object was created but could not be found in the DRC.
[http://chemistry.apache.org/NThiMjUwNWQtOTIzZS00ZmVlLWIyZTUtODM1MDE5YjE5ODhm-58b2505d-923e-4fee-b2e5-835019b1988f] Object was created but could not be found in the DRC.
[http://chemistry.apache.org/MmY3ZGI4NjktOTQwMS00NWIxLWI0MDItN2FiOTIzOGI2MjY2OzEuMA==-2f7db869-9401-45b1-b402-7ab9238b6266] Object was created but could not be found in the DRC.
[http://chemistry.apache.org/MmY3ZGI4NjktOTQwMS00NWIxLWI0MDItN2FiOTIzOGI2MjY2OzEuMA==-2f7db869-9401-45b1-b402-7ab9238b6266] Object was updated but could not be found in the DRC.
[http://chemistry.apache.org/MmY3ZGI4NjktOTQwMS00NWIxLWI0MDItN2FiOTIzOGI2MjY2OzEuMA==-2f7db869-9401-45b1-b402-7ab9238b6266] Object was deleted but could not be found in the ZRC.
[http://chemistry.apache.org/NWRiZDUwMGEtNzY4Yi00MWU2LWI5YjItZDM3NzE1NTdkZDgz-5dbd500a-768b-41e6-b9b2-d3771557dd83] Object was created but could not be found in the DRC.
[http://chemistry.apache.org/NWRiZDUwMGEtNzY4Yi00MWU2LWI5YjItZDM3NzE1NTdkZDgz-5dbd500a-768b-41e6-b9b2-d3771557dd83] Object was deleted but could not be found in the ZRC.
[http://chemistry.apache.org/NThiMjUwNWQtOTIzZS00ZmVlLWIyZTUtODM1MDE5YjE5ODhm-58b2505d-923e-4fee-b2e5-835019b1988f] Object was deleted but could not be found in the ZRC.
[http://chemistry.apache.org/NjRkYmMzZDgtZjQ1Zi00MjViLWE4MTQtZjdjNWFmYzRkMGE0-64dbc3d8-f45f-425b-a814-f7c5afc4d0a4] Object was deleted but could not be found in the ZRC.
[http://chemistry.apache.org/N2M0YjFkMTctMjJiMy00ZmJkLTlkZDEtNzM4ZTI4MjNhZjAwOzEuMA==-7c4b1d17-22b3-4fbd-9dd1-738e2823af00] Object was created but could not be found in the DRC.
[http://chemistry.apache.org/N2M0YjFkMTctMjJiMy00ZmJkLTlkZDEtNzM4ZTI4MjNhZjAwOzEuMA==-7c4b1d17-22b3-4fbd-9dd1-738e2823af00] Object was updated but could not be found in the DRC.
[http://chemistry.apache.org/Yzg2OGExYTItOWRkMy00OTIxLTliYTAtMDQ5ODg4YmZjNDA3OzEuMA==-c868a1a2-9dd3-4921-9ba0-049888bfc407] Object was created but could not be found in the DRC.
[http://chemistry.apache.org/Yzg2OGExYTItOWRkMy00OTIxLTliYTAtMDQ5ODg4YmZjNDA3OzEuMA==-c868a1a2-9dd3-4921-9ba0-049888bfc407] Object was updated but could not be found in the DRC.
[http://chemistry.apache.org/MTFhMWU4YWUtMTNjZS00NjIwLThiOTMtYmQyODhmMzk3MzYx-11a1e8ae-13ce-4620-8b93-bd288f397361] Object was created but could not be found in the DRC.
[http://chemistry.apache.org/MmVjNTNhZGQtNWJlNC00YTJmLThlMWQtMWE3NDEwMDAyNjhm-2ec53add-5be4-4a2f-8e1d-1a741000268f] Object was created but could not be found in the DRC.
[http://chemistry.apache.org/MmVjNTNhZGQtNWJlNC00YTJmLThlMWQtMWE3NDEwMDAyNjhm-2ec53add-5be4-4a2f-8e1d-1a741000268f] Object was deleted but could not be found in the ZRC.
[http://chemistry.apache.org/MTFhMWU4YWUtMTNjZS00NjIwLThiOTMtYmQyODhmMzk3MzYx-11a1e8ae-13ce-4620-8b93-bd288f397361] Object was deleted but could not be found in the ZRC.
[http://chemistry.apache.org/NzIzMWVlYTItM2JjYi00OTE2LTgwNWEtNDczM2JiMDQ4MzYz-7231eea2-3bcb-4916-805a-4733bb048363] Object was created but could not be found in the DRC.
[http://chemistry.apache.org/OGU5MTgxODAtN2YzNS00YTcxLWJiYzgtZjZiYzlkODViMmFh-8e918180-7f35-4a71-bbc8-f6bc9d85b2aa] Object was created but could not be found in the DRC.
[http://chemistry.apache.org/MTBkMDFkZjUtNTJjZS00NTVkLTk2OGYtNWYyZTk5ODE3NGE1OzEuMA==-10d01df5-52ce-455d-968f-5f2e998174a5] Object was created but could not be found in the DRC.
[http://chemistry.apache.org/MTBkMDFkZjUtNTJjZS00NTVkLTk2OGYtNWYyZTk5ODE3NGE1OzEuMA==-10d01df5-52ce-455d-968f-5f2e998174a5] Object was updated but could not be found in the DRC.
[http://chemistry.apache.org/OGNlZjViM2YtMDQzZi00YjI5LTkzMzUtYTkxZjU4Njg5YTBiOzEuMA==-8cef5b3f-043f-4b29-9335-a91f58689a0b] Object was created but could not be found in the DRC.
[http://chemistry.apache.org/OGNlZjViM2YtMDQzZi00YjI5LTkzMzUtYTkxZjU4Njg5YTBiOzEuMA==-8cef5b3f-043f-4b29-9335-a91f58689a0b] Object was updated but could not be found in the DRC.
[http://chemistry.apache.org/OGU5MTgxODAtN2YzNS00YTcxLWJiYzgtZjZiYzlkODViMmFh-8e918180-7f35-4a71-bbc8-f6bc9d85b2aa] Object was deleted but could not be found in the ZRC.
[http://chemistry.apache.org/NzIzMWVlYTItM2JjYi00OTE2LTgwNWEtNDczM2JiMDQ4MzYz-7231eea2-3bcb-4916-805a-4733bb048363] Object was deleted but could not be found in the ZRC.
[http://chemistry.apache.org/MDdlODZjNGYtMmJmOC00MjBlLTk5YTUtOGU2MzRmZGJlMzE1-07e86c4f-2bf8-420e-99a5-8e634fdbe315] Object was created but could not be found in the DRC.
[http://chemistry.apache.org/NjM4YmFjYzctNTBjZS00Y2E0LWFkNmQtMzc5ZWJjZTE2MDFh-638bacc7-50ce-4ca4-ad6d-379ebce1601a] Object was created but could not be found in the DRC.
[http://chemistry.apache.org/NGY4ZDQ4ZjMtZjg1Yy00NWEwLTk4MjUtYzRjOGNiY2FlOWNiOzEuMA==-4f8d48f3-f85c-45a0-9825-c4c8cbcae9cb] Object was created but could not be found in the DRC.
[http://chemistry.apache.org/NGY4ZDQ4ZjMtZjg1Yy00NWEwLTk4MjUtYzRjOGNiY2FlOWNiOzEuMA==-4f8d48f3-f85c-45a0-9825-c4c8cbcae9cb] Object was updated but could not be found in the DRC.
[http://chemistry.apache.org/YThkNTFkZTItYTJiNC00MmIzLWE3NzEtOTk4N2UyYWRjNjg0OzEuMA==-a8d51de2-a2b4-42b3-a771-9987e2adc684] Object was created but could not be found in the DRC.
[http://chemistry.apache.org/YThkNTFkZTItYTJiNC00MmIzLWE3NzEtOTk4N2UyYWRjNjg0OzEuMA==-a8d51de2-a2b4-42b3-a771-9987e2adc684] Object was updated but could not be found in the DRC.
[http://chemistry.apache.org/NjM4YmFjYzctNTBjZS00Y2E0LWFkNmQtMzc5ZWJjZTE2MDFh-638bacc7-50ce-4ca4-ad6d-379ebce1601a] Object was deleted but could not be found in the ZRC.
[http://chemistry.apache.org/MDdlODZjNGYtMmJmOC00MjBlLTk5YTUtOGU2MzRmZGJlMzE1-07e86c4f-2bf8-420e-99a5-8e634fdbe315] Object was deleted but could not be found in the ZRC.
[http://chemistry.apache.org/YTA2MjU2NGQtMTRmOS00ZjI2LTlhZmItMjc2MTk1ZGVkZGY5-a062564d-14f9-4f26-9afb-276195deddf9] Object was created but could not be found in the DRC.
[http://chemistry.apache.org/MDVlOGFlZTctYmQ3ZS00NTk4LWJlZDctOTllNzhkN2Y4ZWQy-05e8aee7-bd7e-4598-bed7-99e78d7f8ed2] Object was created but could not be found in the DRC.
[http://chemistry.apache.org/Njc4ZGViNmMtMjI4MC00NTMyLTg0NGMtZDQ3ODQ4MDI3ZGVhOzEuMA==-678deb6c-2280-4532-844c-d47848027dea] Object was created but could not be found in the DRC.
[http://chemistry.apache.org/Njc4ZGViNmMtMjI4MC00NTMyLTg0NGMtZDQ3ODQ4MDI3ZGVhOzEuMA==-678deb6c-2280-4532-844c-d47848027dea] Object was updated but could not be found in the DRC.
[http://chemistry.apache.org/MDVlOGFlZTctYmQ3ZS00NTk4LWJlZDctOTllNzhkN2Y4ZWQy-05e8aee7-bd7e-4598-bed7-99e78d7f8ed2] Object was deleted but could not be found in the ZRC.
[http://chemistry.apache.org/YTA2MjU2NGQtMTRmOS00ZjI2LTlhZmItMjc2MTk1ZGVkZGY5-a062564d-14f9-4f26-9afb-276195deddf9] Object was deleted but could not be found in the ZRC.
[http://chemistry.apache.org/NGJjZDFmY2ItNGI4YS00OGM4LTk1MTEtYTlkOWY2NGJhZDk1-4bcd1fcb-4b8a-48c8-9511-a9d9f64bad95] Object was created but could not be found in the DRC.
[http://chemistry.apache.org/MjZmMmUyZjYtN2YyZS00ZDA5LWExZTQtMGMyNmM4ZTI1Njk4-26f2e2f6-7f2e-4d09-a1e4-0c26c8e25698] Object was created but could not be found in the DRC.
[http://chemistry.apache.org/ODE5ZDcwYTAtM2VjOC00ZmU5LWFmZGYtZGY2YWM4NGQ2NzA5OzEuMA==-819d70a0-3ec8-4fe9-afdf-df6ac84d6709] Object was created but could not be found in the DRC.
[http://chemistry.apache.org/ODE5ZDcwYTAtM2VjOC00ZmU5LWFmZGYtZGY2YWM4NGQ2NzA5OzEuMA==-819d70a0-3ec8-4fe9-afdf-df6ac84d6709] Object was updated but could not be found in the DRC.
[http://chemistry.apache.org/M2VkZmYxYmQtMGQ5OC00MDM5LWIzM2MtYWY1NjQ5MzNhOTFjOzEuMA==-3edff1bd-0d98-4039-b33c-af564933a91c] Object was created but could not be found in the DRC.
[http://chemistry.apache.org/M2VkZmYxYmQtMGQ5OC00MDM5LWIzM2MtYWY1NjQ5MzNhOTFjOzEuMA==-3edff1bd-0d98-4039-b33c-af564933a91c] Object was updated but could not be found in the DRC.
[http://chemistry.apache.org/MjZmMmUyZjYtN2YyZS00ZDA5LWExZTQtMGMyNmM4ZTI1Njk4-26f2e2f6-7f2e-4d09-a1e4-0c26c8e25698] Object was deleted but could not be found in the ZRC.
[http://chemistry.apache.org/NGJjZDFmY2ItNGI4YS00OGM4LTk1MTEtYTlkOWY2NGJhZDk1-4bcd1fcb-4b8a-48c8-9511-a9d9f64bad95] Object was deleted but could not be found in the ZRC.
[http://chemistry.apache.org/MzJiNGFjNWQtMDIxYi00MjYyLWIwNTktOTczMGU4OWNmNDg0-32b4ac5d-021b-4262-b059-9730e89cf484] Object was created but could not be found in the DRC.
[http://chemistry.apache.org/YmM4Yjc2ZjEtZWQ0NC00OTA5LWE2YmUtNzRkNGI0MmQ2NzY0-bc8b76f1-ed44-4909-a6be-74d4b42d6764] Object was created but could not be found in the DRC.
[http://chemistry.apache.org/N2JmZjFlMDEtY2YzMC00MDZmLWFlY2MtNTk5MTNlM2Y1MzY2OzEuMA==-7bff1e01-cf30-406f-aecc-59913e3f5366] Object was created but could not be found in the DRC.
[http://chemistry.apache.org/N2JmZjFlMDEtY2YzMC00MDZmLWFlY2MtNTk5MTNlM2Y1MzY2OzEuMA==-7bff1e01-cf30-406f-aecc-59913e3f5366] Object was updated but could not be found in the DRC.
[http://chemistry.apache.org/MTczYTNjZjAtYzU4MS00Nzg5LTlmZDMtYWIwZjgyN2YwNGVmOzEuMA==-173a3cf0-c581-4789-9fd3-ab0f827f04ef] Object was created but could not be found in the DRC.
[http://chemistry.apache.org/MTczYTNjZjAtYzU4MS00Nzg5LTlmZDMtYWIwZjgyN2YwNGVmOzEuMA==-173a3cf0-c581-4789-9fd3-ab0f827f04ef] Object was updated but could not be found in the DRC.
[http://chemistry.apache.org/YmM4Yjc2ZjEtZWQ0NC00OTA5LWE2YmUtNzRkNGI0MmQ2NzY0-bc8b76f1-ed44-4909-a6be-74d4b42d6764] Object was deleted but could not be found in the ZRC.
[http://chemistry.apache.org/MzJiNGFjNWQtMDIxYi00MjYyLWIwNTktOTczMGU4OWNmNDg0-32b4ac5d-021b-4262-b059-9730e89cf484] Object was deleted but could not be found in the ZRC.
[http://chemistry.apache.org/NWExMmU5NTUtN2M2MC00ZDIzLWE4ZTktYzZjZGI2YzJmZmEx-5a12e955-7c60-4d23-a8e9-c6cdb6c2ffa1] Object was created but could not be found in the DRC.
[http://chemistry.apache.org/ZWU3NjM2N2YtYzA0Zi00OGY5LWI3OWYtYWQ4NzgwMTJhYzJj-ee76367f-c04f-48f9-b79f-ad878012ac2c] Object was created but could not be found in the DRC.
[http://chemistry.apache.org/OGNmN2Q5NTktYWRjMy00YzFkLThlNTQtNjE1MDJhNWQ1MzUxOzEuMA==-8cf7d959-adc3-4c1d-8e54-61502a5d5351] Object was created but could not be found in the DRC.
[http://chemistry.apache.org/OGNmN2Q5NTktYWRjMy00YzFkLThlNTQtNjE1MDJhNWQ1MzUxOzEuMA==-8cf7d959-adc3-4c1d-8e54-61502a5d5351] Object was updated but could not be found in the DRC.
[http://chemistry.apache.org/ZWU3NjM2N2YtYzA0Zi00OGY5LWI3OWYtYWQ4NzgwMTJhYzJj-ee76367f-c04f-48f9-b79f-ad878012ac2c] Object was deleted but could not be found in the ZRC.
[http://chemistry.apache.org/NWExMmU5NTUtN2M2MC00ZDIzLWE4ZTktYzZjZGI2YzJmZmEx-5a12e955-7c60-4d23-a8e9-c6cdb6c2ffa1] Object was deleted but could not be found in the ZRC.
[http://chemistry.apache.org/NGYwNGVmMTYtYTA2Ni00MGQxLTk0MWEtYTFiNzk3MzQyYTRl-4f04ef16-a066-40d1-941a-a1b797342a4e] Object was created but could not be found in the DRC.
[http://chemistry.apache.org/ODNmMjAyMzMtMWNhNi00MTYyLTg3YjEtMzlmNzJlOTQ3ODkz-83f20233-1ca6-4162-87b1-39f72e947893] Object was created but could not be found in the DRC.
[http://chemistry.apache.org/NDhhMWU3NGUtZWRkMi00Mjk3LTg3YTUtNDM3OWZmZGZmMGI0OzEuMA==-48a1e74e-edd2-4297-87a5-4379ffdff0b4] Object was created but could not be found in the DRC.
[http://chemistry.apache.org/NDhhMWU3NGUtZWRkMi00Mjk3LTg3YTUtNDM3OWZmZGZmMGI0OzEuMA==-48a1e74e-edd2-4297-87a5-4379ffdff0b4] Object was updated but could not be found in the DRC.
[http://chemistry.apache.org/Y2JjNjgzZjQtM2FkYi00NTQ3LTgzNzUtMWZjZDhmZTlkMDhjOzEuMA==-cbc683f4-3adb-4547-8375-1fcd8fe9d08c] Object was created but could not be found in the DRC.
[http://chemistry.apache.org/Y2JjNjgzZjQtM2FkYi00NTQ3LTgzNzUtMWZjZDhmZTlkMDhjOzEuMA==-cbc683f4-3adb-4547-8375-1fcd8fe9d08c] Object was updated but could not be found in the DRC.
[http://chemistry.apache.org/ODNmMjAyMzMtMWNhNi00MTYyLTg3YjEtMzlmNzJlOTQ3ODkz-83f20233-1ca6-4162-87b1-39f72e947893] Object was deleted but could not be found in the ZRC.
[http://chemistry.apache.org/NGYwNGVmMTYtYTA2Ni00MGQxLTk0MWEtYTFiNzk3MzQyYTRl-4f04ef16-a066-40d1-941a-a1b797342a4e] Object was deleted but could not be found in the ZRC.
[http://chemistry.apache.org/ZjUwZGIyZjctOTRhZS00MzEzLWIyMDktMDE5MDA5YzQ3YTYy-f50db2f7-94ae-4313-b209-019009c47a62] Object was created but could not be found in the DRC.
[http://chemistry.apache.org/ZDk0ZWRjODAtMzcxYS00ZDgwLWEyYmEtOTYzY2MwZDJhODZj-d94edc80-371a-4d80-a2ba-963cc0d2a86c] Object was created but could not be found in the DRC.
[http://chemistry.apache.org/OWZlNTg1YzktNDEwYi00MjFiLWIwMDctZjE2NTkyYzZiZTNjOzEuMA==-9fe585c9-410b-421b-b007-f16592c6be3c] Object was created but could not be found in the DRC.
[http://chemistry.apache.org/OWZlNTg1YzktNDEwYi00MjFiLWIwMDctZjE2NTkyYzZiZTNjOzEuMA==-9fe585c9-410b-421b-b007-f16592c6be3c] Object was updated but could not be found in the DRC.
[http://chemistry.apache.org/MGQzYjIzOTgtMmY4ZS00ODM5LWE0ZDctYTEwNDFhZWJiMmZmOzEuMA==-0d3b2398-2f8e-4839-a4d7-a1041aebb2ff] Object was created but could not be found in the DRC.
[http://chemistry.apache.org/MGQzYjIzOTgtMmY4ZS00ODM5LWE0ZDctYTEwNDFhZWJiMmZmOzEuMA==-0d3b2398-2f8e-4839-a4d7-a1041aebb2ff] Object was updated but could not be found in the DRC.
[http://chemistry.apache.org/ZDk0ZWRjODAtMzcxYS00ZDgwLWEyYmEtOTYzY2MwZDJhODZj-d94edc80-371a-4d80-a2ba-963cc0d2a86c] Object was deleted but could not be found in the ZRC.
[http://chemistry.apache.org/ZjUwZGIyZjctOTRhZS00MzEzLWIyMDktMDE5MDA5YzQ3YTYy-f50db2f7-94ae-4313-b209-019009c47a62] Object was deleted but could not be found in the ZRC.
[http://chemistry.apache.org/NzMzZjY4M2ItZjk2My00ZGRjLWFjN2UtNzczYjg0ZGEwNTgx-733f683b-f963-4ddc-ac7e-773b84da0581] Object was created but could not be found in the DRC.
[http://chemistry.apache.org/OTdiZTI5ODItN2E2NS00OTI2LWIwMjktZDgyNjhjMzJmNmVm-97be2982-7a65-4926-b029-d8268c32f6ef] Object was created but could not be found in the DRC.
[http://chemistry.apache.org/ZmUyZWNhZWQtNGU2OS00ZDlmLTllYWItMjI2ZTg0ZDBlYjA2OzEuMA==-fe2ecaed-4e69-4d9f-9eab-226e84d0eb06] Object was created but could not be found in the DRC.
[http://chemistry.apache.org/ZmUyZWNhZWQtNGU2OS00ZDlmLTllYWItMjI2ZTg0ZDBlYjA2OzEuMA==-fe2ecaed-4e69-4d9f-9eab-226e84d0eb06] Object was updated but could not be found in the DRC.
[http://chemistry.apache.org/OTdiZTI5ODItN2E2NS00OTI2LWIwMjktZDgyNjhjMzJmNmVm-97be2982-7a65-4926-b029-d8268c32f6ef] Object was deleted but could not be found in the ZRC.
[http://chemistry.apache.org/NzMzZjY4M2ItZjk2My00ZGRjLWFjN2UtNzczYjg0ZGEwNTgx-733f683b-f963-4ddc-ac7e-773b84da0581] Object was deleted but could not be found in the ZRC.
[http://chemistry.apache.org/NTZhMTBiNWQtODZkZi00YzAzLWJjYmUtYzczMmJjZmVlOWZj-56a10b5d-86df-4c03-bcbe-c732bcfee9fc] Object was created but could not be found in the DRC.
[http://chemistry.apache.org/NjM4NTA5YWItYjlhMi00OGI1LWI5NTItOGEwNDllMGQ1YTIx-638509ab-b9a2-48b5-b952-8a049e0d5a21] Object was created but could not be found in the DRC.
[http://chemistry.apache.org/ZDYyOWZlZGUtNzZiZi00YjdkLTlhM2EtYjY0NDE3ZThlMDYzOzEuMA==-d629fede-76bf-4b7d-9a3a-b64417e8e063] Object was created but could not be found in the DRC.
[http://chemistry.apache.org/ZDYyOWZlZGUtNzZiZi00YjdkLTlhM2EtYjY0NDE3ZThlMDYzOzEuMA==-d629fede-76bf-4b7d-9a3a-b64417e8e063] Object was updated but could not be found in the DRC.
[http://chemistry.apache.org/NWI0NGM0MmUtODQ0NS00OGRhLTgwYWUtMzE3N2FlZDg3NzY5OzEuMA==-5b44c42e-8445-48da-80ae-3177aed87769] Object was created but could not be found in the DRC.
[http://chemistry.apache.org/NWI0NGM0MmUtODQ0NS00OGRhLTgwYWUtMzE3N2FlZDg3NzY5OzEuMA==-5b44c42e-8445-48da-80ae-3177aed87769] Object was updated but could not be found in the DRC.
[http://chemistry.apache.org/NjM4NTA5YWItYjlhMi00OGI1LWI5NTItOGEwNDllMGQ1YTIx-638509ab-b9a2-48b5-b952-8a049e0d5a21] Object was deleted but could not be found in the ZRC.
[http://chemistry.apache.org/NTZhMTBiNWQtODZkZi00YzAzLWJjYmUtYzczMmJjZmVlOWZj-56a10b5d-86df-4c03-bcbe-c732bcfee9fc] Object was deleted but could not be found in the ZRC.
[http://chemistry.apache.org/MmI5M2Y2YzYtZjYzZi00N2Y0LTkwYmItMDUxY2VkZjFkYjE0-2b93f6c6-f63f-47f4-90bb-051cedf1db14] Object was created but could not be found in the DRC.
[http://chemistry.apache.org/MGJmNDMzMjUtOWI1Ny00YWU1LWFhMTItNzFmZWQwYTQ5NWRi-0bf43325-9b57-4ae5-aa12-71fed0a495db] Object was created but could not be found in the DRC.
[http://chemistry.apache.org/MGJmNDMzMjUtOWI1Ny00YWU1LWFhMTItNzFmZWQwYTQ5NWRi-0bf43325-9b57-4ae5-aa12-71fed0a495db] Object was deleted but could not be found in the ZRC.
[http://chemistry.apache.org/MmI5M2Y2YzYtZjYzZi00N2Y0LTkwYmItMDUxY2VkZjFkYjE0-2b93f6c6-f63f-47f4-90bb-051cedf1db14] Object was deleted but could not be found in the ZRC.
[http://chemistry.apache.org/OGQxNjQ5OGQtNGQxZS00NDU5LThhNjQtYjViM2VkZDNjYTJl-8d16498d-4d1e-4459-8a64-b5b3edd3ca2e] Object was created but could not be found in the DRC.
[http://chemistry.apache.org/Y2NlOTQ3YTEtZTczYS00M2NlLTkyZDEtNTY3NDZlYTRhNjEx-cce947a1-e73a-43ce-92d1-56746ea4a611] Object was created but could not be found in the DRC.
[http://chemistry.apache.org/Y2NlOTQ3YTEtZTczYS00M2NlLTkyZDEtNTY3NDZlYTRhNjEx-cce947a1-e73a-43ce-92d1-56746ea4a611] Object was deleted but could not be found in the ZRC.
[http://chemistry.apache.org/OGQxNjQ5OGQtNGQxZS00NDU5LThhNjQtYjViM2VkZDNjYTJl-8d16498d-4d1e-4459-8a64-b5b3edd3ca2e] Object was deleted but could not be found in the ZRC.
[http://chemistry.apache.org/YTNjMzk0NTktNzI5Yi00ZGU0LTgzMzgtNzE4ZmZiZWQ5ODUz-a3c39459-729b-4de4-8338-718ffbed9853] Object was created but could not be found in the DRC.
[http://chemistry.apache.org/MDAyZmE1ZTMtNGZkMi00YTZjLTkxNGQtMTA2YjM3YzU0OGZk-002fa5e3-4fd2-4a6c-914d-106b37c548fd] Object was created but could not be found in the DRC.
[http://chemistry.apache.org/OTljNDhlZDAtYTI0Zi00NmYwLTgxNDYtNmE1MDcyZDZiYzA2OzEuMA==-99c48ed0-a24f-46f0-8146-6a5072d6bc06] Object was created but could not be found in the DRC.
[http://chemistry.apache.org/OTljNDhlZDAtYTI0Zi00NmYwLTgxNDYtNmE1MDcyZDZiYzA2OzEuMA==-99c48ed0-a24f-46f0-8146-6a5072d6bc06] Object was updated but could not be found in the DRC.
[http://chemistry.apache.org/ZDBiMGNlODctMjM4My00OTA3LWJmMWEtZGRiMDU0ZjkwMjhlOzEuMA==-d0b0ce87-2383-4907-bf1a-ddb054f9028e] Object was created but could not be found in the DRC.
[http://chemistry.apache.org/ZDBiMGNlODctMjM4My00OTA3LWJmMWEtZGRiMDU0ZjkwMjhlOzEuMA==-d0b0ce87-2383-4907-bf1a-ddb054f9028e] Object was updated but could not be found in the DRC.
[http://chemistry.apache.org/MDAyZmE1ZTMtNGZkMi00YTZjLTkxNGQtMTA2YjM3YzU0OGZk-002fa5e3-4fd2-4a6c-914d-106b37c548fd] Object was deleted but could not be found in the ZRC.
[http://chemistry.apache.org/YTNjMzk0NTktNzI5Yi00ZGU0LTgzMzgtNzE4ZmZiZWQ5ODUz-a3c39459-729b-4de4-8338-718ffbed9853] Object was deleted but could not be found in the ZRC.
[http://chemistry.apache.org/MGRkMmQ2NWUtZjYxYS00Y2I4LTk0ZWItNmM1YzI4M2NlNzg3-0dd2d65e-f61a-4cb8-94eb-6c5c283ce787] Object was created but could not be found in the DRC.
[http://chemistry.apache.org/YzdiZDg2YjUtNjc4OC00MTJkLWIxYmEtMWFmMzlkYzIyZGQw-c7bd86b5-6788-412d-b1ba-1af39dc22dd0] Object was created but could not be found in the DRC.
[http://chemistry.apache.org/ZjQ2NTFmYTItZjk1YS00ZDdlLThlNTAtY2U2YTg3NWFkNzFjOzEuMA==-f4651fa2-f95a-4d7e-8e50-ce6a875ad71c] Object was created but could not be found in the DRC.
[http://chemistry.apache.org/ZjQ2NTFmYTItZjk1YS00ZDdlLThlNTAtY2U2YTg3NWFkNzFjOzEuMA==-f4651fa2-f95a-4d7e-8e50-ce6a875ad71c] Object was updated but could not be found in the DRC.
[http://chemistry.apache.org/YzdiZDg2YjUtNjc4OC00MTJkLWIxYmEtMWFmMzlkYzIyZGQw-c7bd86b5-6788-412d-b1ba-1af39dc22dd0] Object was deleted but could not be found in the ZRC.
[http://chemistry.apache.org/MGRkMmQ2NWUtZjYxYS00Y2I4LTk0ZWItNmM1YzI4M2NlNzg3-0dd2d65e-f61a-4cb8-94eb-6c5c283ce787] Object was deleted but could not be found in the ZRC.
[http://chemistry.apache.org/ZDUzMjk1MDMtNWQ0Ni00NmQxLWIwNTYtNmFlMGZkMjE1NWNl-d5329503-5d46-46d1-b056-6ae0fd2155ce] Object was created but could not be found in the DRC.
[http://chemistry.apache.org/MDA3NzA4NTItODQ1ZS00MDQ5LWIyYWEtZDZjNTQ3YTZiZWM5-00770852-845e-4049-b2aa-d6c547a6bec9] Object was created but could not be found in the DRC.
[http://chemistry.apache.org/NGM4MTcwNmQtYzdiNy00MzcxLWE2MDMtMDIwMjIxZTU5YzRlOzEuMA==-4c81706d-c7b7-4371-a603-020221e59c4e] Object was created but could not be found in the DRC.
[http://chemistry.apache.org/NGM4MTcwNmQtYzdiNy00MzcxLWE2MDMtMDIwMjIxZTU5YzRlOzEuMA==-4c81706d-c7b7-4371-a603-020221e59c4e] Object was updated but could not be found in the DRC.
[http://chemistry.apache.org/ZGM0YjI2M2YtMTllNi00M2VkLWFlOGQtYTZkZmZiZWIzN2IxOzEuMA==-dc4b263f-19e6-43ed-ae8d-a6dffbeb37b1] Object was created but could not be found in the DRC.
[http://chemistry.apache.org/ZGM0YjI2M2YtMTllNi00M2VkLWFlOGQtYTZkZmZiZWIzN2IxOzEuMA==-dc4b263f-19e6-43ed-ae8d-a6dffbeb37b1] Object was updated but could not be found in the DRC.
[http://chemistry.apache.org/MDA3NzA4NTItODQ1ZS00MDQ5LWIyYWEtZDZjNTQ3YTZiZWM5-00770852-845e-4049-b2aa-d6c547a6bec9] Object was deleted but could not be found in the ZRC.
[http://chemistry.apache.org/ZDUzMjk1MDMtNWQ0Ni00NmQxLWIwNTYtNmFlMGZkMjE1NWNl-d5329503-5d46-46d1-b056-6ae0fd2155ce] Object was deleted but could not be found in the ZRC.
[http://chemistry.apache.org/M2NjMjI2ZjMtODhiNi00OWM4LWJlNDMtYzdmMmUzYTA1ODdi-3cc226f3-88b6-49c8-be43-c7f2e3a0587b] Object was created but could not be found in the DRC.
[http://chemistry.apache.org/MjcyMmVjN2EtMGViNy00ZGJmLTk2YTQtZWY3YmVmZDZkYWEx-2722ec7a-0eb7-4dbf-96a4-ef7befd6daa1] Object was created but could not be found in the DRC.
[http://chemistry.apache.org/MjZjYTc1YjQtNjk2My00NTY4LTllYWMtMGM0NmJlMTJlODExOzEuMA==-26ca75b4-6963-4568-9eac-0c46be12e811] Object was created but could not be found in the DRC.
[http://chemistry.apache.org/MjZjYTc1YjQtNjk2My00NTY4LTllYWMtMGM0NmJlMTJlODExOzEuMA==-26ca75b4-6963-4568-9eac-0c46be12e811] Object was updated but could not be found in the DRC.
[http://chemistry.apache.org/MjAwOGZhZjYtZDc5MS00MGRhLTk2NTEtYjhhOTAwMmY4ODIzOzEuMA==-2008faf6-d791-40da-9651-b8a9002f8823] Object was created but could not be found in the DRC.
[http://chemistry.apache.org/MjAwOGZhZjYtZDc5MS00MGRhLTk2NTEtYjhhOTAwMmY4ODIzOzEuMA==-2008faf6-d791-40da-9651-b8a9002f8823] Object was updated but could not be found in the DRC.
[http://chemistry.apache.org/MjAwOGZhZjYtZDc5MS00MGRhLTk2NTEtYjhhOTAwMmY4ODIzOzEuMA==-2008faf6-d791-40da-9651-b8a9002f8823] Object was deleted but could not be found in the ZRC.
[http://chemistry.apache.org/ZTg5MmE2ZmItNTYzMC00YTk5LTkyZjEtYTdjYzdkYzE0ZjE3OzEuMA==-e892a6fb-5630-4a99-92f1-a7cc7dc14f17] Object was created but could not be found in the DRC.
[http://chemistry.apache.org/ZTg5MmE2ZmItNTYzMC00YTk5LTkyZjEtYTdjYzdkYzE0ZjE3OzEuMA==-e892a6fb-5630-4a99-92f1-a7cc7dc14f17] Object was updated but could not be found in the DRC.
[http://chemistry.apache.org/MjZjYTc1YjQtNjk2My00NTY4LTllYWMtMGM0NmJlMTJlODExOzEuMA==-26ca75b4-6963-4568-9eac-0c46be12e811] Object was deleted but could not be found in the ZRC.
[http://chemistry.apache.org/ZTg5MmE2ZmItNTYzMC00YTk5LTkyZjEtYTdjYzdkYzE0ZjE3OzEuMA==-e892a6fb-5630-4a99-92f1-a7cc7dc14f17] Object was deleted but could not be found in the ZRC.
[http://chemistry.apache.org/MjcyMmVjN2EtMGViNy00ZGJmLTk2YTQtZWY3YmVmZDZkYWEx-2722ec7a-0eb7-4dbf-96a4-ef7befd6daa1] Object was deleted but could not be found in the ZRC.
[http://chemistry.apache.org/M2NjMjI2ZjMtODhiNi00OWM4LWJlNDMtYzdmMmUzYTA1ODdi-3cc226f3-88b6-49c8-be43-c7f2e3a0587b] Object was deleted but could not be found in the ZRC.
[http://chemistry.apache.org/NmM2YjAyOTUtMGFjZS00OTFiLWFiODEtMjg1MGQwYzI0ZGQw-6c6b0295-0ace-491b-ab81-2850d0c24dd0] Object was created but could not be found in the DRC.
[http://chemistry.apache.org/ZTJiZGVmYTAtZmY0MC00YWNkLTg3ODEtZGJlOTdkZTFlOWZj-e2bdefa0-ff40-4acd-8781-dbe97de1e9fc] Object was created but could not be found in the DRC.
[http://chemistry.apache.org/ODNjMzU1NzctNTA3Ni00MjM4LWJlZWItNDRjN2E3ZDE0ZTI4OzEuMA==-83c35577-5076-4238-beeb-44c7a7d14e28] Object was created but could not be found in the DRC.
[http://chemistry.apache.org/ODNjMzU1NzctNTA3Ni00MjM4LWJlZWItNDRjN2E3ZDE0ZTI4OzEuMA==-83c35577-5076-4238-beeb-44c7a7d14e28] Object was updated but could not be found in the DRC.
[http://chemistry.apache.org/Yzk4MGQyOWEtNjFiYy00NTg2LWI3MzMtMzcwZTBhMzdhMDA1OzEuMA==-c980d29a-61bc-4586-b733-370e0a37a005] Object was created but could not be found in the DRC.
[http://chemistry.apache.org/Yzk4MGQyOWEtNjFiYy00NTg2LWI3MzMtMzcwZTBhMzdhMDA1OzEuMA==-c980d29a-61bc-4586-b733-370e0a37a005] Object was updated but could not be found in the DRC.
[http://chemistry.apache.org/ODNjMzU1NzctNTA3Ni00MjM4LWJlZWItNDRjN2E3ZDE0ZTI4OzEuMA==-83c35577-5076-4238-beeb-44c7a7d14e28] Object was deleted but could not be found in the ZRC.
[http://chemistry.apache.org/Yzk4MGQyOWEtNjFiYy00NTg2LWI3MzMtMzcwZTBhMzdhMDA1OzEuMA==-c980d29a-61bc-4586-b733-370e0a37a005] Object was deleted but could not be found in the ZRC.
[http://chemistry.apache.org/ZTJiZGVmYTAtZmY0MC00YWNkLTg3ODEtZGJlOTdkZTFlOWZj-e2bdefa0-ff40-4acd-8781-dbe97de1e9fc] Object was deleted but could not be found in the ZRC.
[http://chemistry.apache.org/NmM2YjAyOTUtMGFjZS00OTFiLWFiODEtMjg1MGQwYzI0ZGQw-6c6b0295-0ace-491b-ab81-2850d0c24dd0] Object was deleted but could not be found in the ZRC.
[http://chemistry.apache.org/NDExNjI3ZDktZTcyOC00OTNmLTk3MzctMTc3NWM0YWZkOWU1-411627d9-e728-493f-9737-1775c4afd9e5] Object was created but could not be found in the DRC.
[http://chemistry.apache.org/ZmFhZjlkYzEtNjUyMC00MTlkLTg2YTUtMDcxNTBiMjVkMjY3-faaf9dc1-6520-419d-86a5-07150b25d267] Object was created but could not be found in the DRC.
[http://chemistry.apache.org/MmFiNmYzZWQtYmFkZS00OTliLTllNTUtYWJlZTFmZWFhMGZkOzEuMA==-2ab6f3ed-bade-499b-9e55-abee1feaa0fd] Object was created but could not be found in the DRC.
[http://chemistry.apache.org/MmFiNmYzZWQtYmFkZS00OTliLTllNTUtYWJlZTFmZWFhMGZkOzEuMA==-2ab6f3ed-bade-499b-9e55-abee1feaa0fd] Object was updated but could not be found in the DRC.
[http://chemistry.apache.org/OGIyNGEzYWYtYmMwMy00OTlmLTkzZTMtNjRjMGY0ZGI2OGQ5OzEuMA==-8b24a3af-bc03-499f-93e3-64c0f4db68d9] Object was created but could not be found in the DRC.
[http://chemistry.apache.org/OGIyNGEzYWYtYmMwMy00OTlmLTkzZTMtNjRjMGY0ZGI2OGQ5OzEuMA==-8b24a3af-bc03-499f-93e3-64c0f4db68d9] Object was updated but could not be found in the DRC.
[http://chemistry.apache.org/MmFiNmYzZWQtYmFkZS00OTliLTllNTUtYWJlZTFmZWFhMGZkOzEuMA==-2ab6f3ed-bade-499b-9e55-abee1feaa0fd] Object was deleted but could not be found in the ZRC.
[http://chemistry.apache.org/OGIyNGEzYWYtYmMwMy00OTlmLTkzZTMtNjRjMGY0ZGI2OGQ5OzEuMA==-8b24a3af-bc03-499f-93e3-64c0f4db68d9] Object was deleted but could not be found in the ZRC.
[http://chemistry.apache.org/ZmFhZjlkYzEtNjUyMC00MTlkLTg2YTUtMDcxNTBiMjVkMjY3-faaf9dc1-6520-419d-86a5-07150b25d267] Object was deleted but could not be found in the ZRC.
[http://chemistry.apache.org/NDExNjI3ZDktZTcyOC00OTNmLTk3MzctMTc3NWM0YWZkOWU1-411627d9-e728-493f-9737-1775c4afd9e5] Object was deleted but could not be found in the ZRC.
[http://chemistry.apache.org/ZmJmZGExMTUtNjYxMi00Y2FlLThkZTctOWUxYzU3MGRmZTM5-fbfda115-6612-4cae-8de7-9e1c570dfe39] Object was created but could not be found in the DRC.
[http://chemistry.apache.org/YjU0NzJkNzctMjQ3Yi00NGM4LTljMmUtOGY0ODY2MmRiNGFi-b5472d77-247b-44c8-9c2e-8f48662db4ab] Object was created but could not be found in the DRC.
[http://chemistry.apache.org/YWM0ODJiMmUtYzJjNy00ZDFhLTlkM2MtZDA2MGViODBhMDlmOzEuMA==-ac482b2e-c2c7-4d1a-9d3c-d060eb80a09f] Object was created but could not be found in the DRC.
[http://chemistry.apache.org/YWM0ODJiMmUtYzJjNy00ZDFhLTlkM2MtZDA2MGViODBhMDlmOzEuMA==-ac482b2e-c2c7-4d1a-9d3c-d060eb80a09f] Object was updated but could not be found in the DRC.
[http://chemistry.apache.org/YWQzNGMzYWMtNGJmMS00NmIxLWE0OWYtMjYxOWQwMjZkY2ZiOzEuMA==-ad34c3ac-4bf1-46b1-a49f-2619d026dcfb] Object was created but could not be found in the DRC.
[http://chemistry.apache.org/YWQzNGMzYWMtNGJmMS00NmIxLWE0OWYtMjYxOWQwMjZkY2ZiOzEuMA==-ad34c3ac-4bf1-46b1-a49f-2619d026dcfb] Object was updated but could not be found in the DRC.
[http://chemistry.apache.org/YWM0ODJiMmUtYzJjNy00ZDFhLTlkM2MtZDA2MGViODBhMDlmOzEuMA==-ac482b2e-c2c7-4d1a-9d3c-d060eb80a09f] Object was deleted but could not be found in the ZRC.
[http://chemistry.apache.org/YWQzNGMzYWMtNGJmMS00NmIxLWE0OWYtMjYxOWQwMjZkY2ZiOzEuMA==-ad34c3ac-4bf1-46b1-a49f-2619d026dcfb] Object was deleted but could not be found in the ZRC.
[http://chemistry.apache.org/YjU0NzJkNzctMjQ3Yi00NGM4LTljMmUtOGY0ODY2MmRiNGFi-b5472d77-247b-44c8-9c2e-8f48662db4ab] Object was deleted but could not be found in the ZRC.
[http://chemistry.apache.org/ZmJmZGExMTUtNjYxMi00Y2FlLThkZTctOWUxYzU3MGRmZTM5-fbfda115-6612-4cae-8de7-9e1c570dfe39] Object was deleted but could not be found in the ZRC.
[http://chemistry.apache.org/NWQ2YmNkNTUtZDRiZi00M2QwLTg2ZTYtZGNmNzIyYjgxM2Ix-5d6bcd55-d4bf-43d0-86e6-dcf722b813b1] Object was created but could not be found in the DRC.
[http://chemistry.apache.org/ZDYzMDZkMmEtNmRmMi00ZWMyLWE3YTgtY2I1NTVkNzA3MGI4-d6306d2a-6df2-4ec2-a7a8-cb555d7070b8] Object was created but could not be found in the DRC.
[http://chemistry.apache.org/ZDYzMDZkMmEtNmRmMi00ZWMyLWE3YTgtY2I1NTVkNzA3MGI4-d6306d2a-6df2-4ec2-a7a8-cb555d7070b8] Object was deleted but could not be found in the ZRC.
[http://chemistry.apache.org/NWQ2YmNkNTUtZDRiZi00M2QwLTg2ZTYtZGNmNzIyYjgxM2Ix-5d6bcd55-d4bf-43d0-86e6-dcf722b813b1] Object was deleted but could not be found in the ZRC.
[http://chemistry.apache.org/ZGExZTg3MWEtNDI2NC00OGM4LWEyYjItMmZmOTg4OTUwY2M1-da1e871a-4264-48c8-a2b2-2ff988950cc5] Object was created but could not be found in the DRC.
[http://chemistry.apache.org/ZDAzZWJhNDUtOTc1MS00MjkwLThlZDAtNDJlMTllNTBlMjlk-d03eba45-9751-4290-8ed0-42e19e50e29d] Object was created but could not be found in the DRC.
[http://chemistry.apache.org/ZDAzZWJhNDUtOTc1MS00MjkwLThlZDAtNDJlMTllNTBlMjlk-d03eba45-9751-4290-8ed0-42e19e50e29d] Object was deleted but could not be found in the ZRC.
[http://chemistry.apache.org/ZGExZTg3MWEtNDI2NC00OGM4LWEyYjItMmZmOTg4OTUwY2M1-da1e871a-4264-48c8-a2b2-2ff988950cc5] Object was deleted but could not be found in the ZRC.
[http://chemistry.apache.org/MzNlNTdiMDQtYWZkMS00MjgzLTg3YTEtOTMzZDVkYzRlMTg0-33e57b04-afd1-4283-87a1-933d5dc4e184] Object was created but could not be found in the DRC.
[http://chemistry.apache.org/YmE0NjY4MmYtMmMwZC00ZjczLTgyMTItY2UyMDE0MmU0OTA1-ba46682f-2c0d-4f73-8212-ce20142e4905] Object was created but could not be found in the DRC.
[http://chemistry.apache.org/YmE0NjY4MmYtMmMwZC00ZjczLTgyMTItY2UyMDE0MmU0OTA1-ba46682f-2c0d-4f73-8212-ce20142e4905] Object was deleted but could not be found in the ZRC.
[http://chemistry.apache.org/MzNlNTdiMDQtYWZkMS00MjgzLTg3YTEtOTMzZDVkYzRlMTg0-33e57b04-afd1-4283-87a1-933d5dc4e184] Object was deleted but could not be found in the ZRC.
[http://chemistry.apache.org/YmY3MmRhNjgtMTg0My00OGRlLWIwYzAtY2Y2YjBhNmQzYjZl-bf72da68-1843-48de-b0c0-cf6b0a6d3b6e] Object was created but could not be found in the DRC.
[http://chemistry.apache.org/MjhlNjVhNzgtZThlZC00MzBjLTg2YjctYWM0OWJjZTYzNzBi-28e65a78-e8ed-430c-86b7-ac49bce6370b] Object was created but could not be found in the DRC.
[http://chemistry.apache.org/ZTYxNmE4OGQtMGYzYS00OGNlLWE5OGEtZjEzZGQyMjhlOWVj-e616a88d-0f3a-48ce-a98a-f13dd228e9ec] Object was created but could not be found in the DRC.
[http://chemistry.apache.org/MjhlNjVhNzgtZThlZC00MzBjLTg2YjctYWM0OWJjZTYzNzBi-28e65a78-e8ed-430c-86b7-ac49bce6370b] Object was deleted but could not be found in the ZRC.
[http://chemistry.apache.org/ZTYxNmE4OGQtMGYzYS00OGNlLWE5OGEtZjEzZGQyMjhlOWVj-e616a88d-0f3a-48ce-a98a-f13dd228e9ec] Object was deleted but could not be found in the ZRC.
[http://chemistry.apache.org/YmY3MmRhNjgtMTg0My00OGRlLWIwYzAtY2Y2YjBhNmQzYjZl-bf72da68-1843-48de-b0c0-cf6b0a6d3b6e] Object was deleted but could not be found in the ZRC.
[http://chemistry.apache.org/NWViNmRjZjYtMjA5Mi00ZTIyLThhMmQtNjEzY2NjOGJjY2Jm-5eb6dcf6-2092-4e22-8a2d-613ccc8bccbf] Object was created but could not be found in the DRC.
[http://chemistry.apache.org/ZWE1NGVlMzgtZDEwOS00NDc0LWI4M2EtZDM0MzkzYjRiZjQw-ea54ee38-d109-4474-b83a-d34393b4bf40] Object was created but could not be found in the DRC.
[http://chemistry.apache.org/ZWE1NGVlMzgtZDEwOS00NDc0LWI4M2EtZDM0MzkzYjRiZjQw-ea54ee38-d109-4474-b83a-d34393b4bf40] Object was deleted but could not be found in the ZRC.
[http://chemistry.apache.org/NWViNmRjZjYtMjA5Mi00ZTIyLThhMmQtNjEzY2NjOGJjY2Jm-5eb6dcf6-2092-4e22-8a2d-613ccc8bccbf] Object was deleted but could not be found in the ZRC.
[http://chemistry.apache.org/MGExODczNzgtZmViZi00ZjRhLWJiOWMtOTZkYWE2ZmM1MGY5-0a187378-febf-4f4a-bb9c-96daa6fc50f9] Object was created but could not be found in the DRC.
[http://chemistry.apache.org/MDI2MWFhNGYtZTA3Zi00N2RmLWI1YWItMmVhOGYxNzkxYzJk-0261aa4f-e07f-47df-b5ab-2ea8f1791c2d] Object was created but could not be found in the DRC.
[http://chemistry.apache.org/MDI2MWFhNGYtZTA3Zi00N2RmLWI1YWItMmVhOGYxNzkxYzJk-0261aa4f-e07f-47df-b5ab-2ea8f1791c2d] Object was deleted but could not be found in the ZRC.
[http://chemistry.apache.org/MGExODczNzgtZmViZi00ZjRhLWJiOWMtOTZkYWE2ZmM1MGY5-0a187378-febf-4f4a-bb9c-96daa6fc50f9] Object was deleted but could not be found in the ZRC.
[http://chemistry.apache.org/MTRjNmE0ODQtZGI5MS00NjZmLWI2YjgtNmJmOWE0ZWJmMThm-14c6a484-db91-466f-b6b8-6bf9a4ebf18f] Object was created but could not be found in the DRC.
[http://chemistry.apache.org/ZWRhMGY3YjQtOTBhYS00N2IwLWE5MmEtNThlN2YyN2E0NzUy-eda0f7b4-90aa-47b0-a92a-58e7f27a4752] Object was created but could not be found in the DRC.
[http://chemistry.apache.org/ZWRhMGY3YjQtOTBhYS00N2IwLWE5MmEtNThlN2YyN2E0NzUy-eda0f7b4-90aa-47b0-a92a-58e7f27a4752] Object was deleted but could not be found in the ZRC.
[http://chemistry.apache.org/MTRjNmE0ODQtZGI5MS00NjZmLWI2YjgtNmJmOWE0ZWJmMThm-14c6a484-db91-466f-b6b8-6bf9a4ebf18f] Object was deleted but could not be found in the ZRC.
[http://chemistry.apache.org/ODMwN2ZhNTktNTRmNS00MWMzLTliZjEtYzU2ZWZmYTJmNGMx-8307fa59-54f5-41c3-9bf1-c56effa2f4c1] Object was created but could not be found in the DRC.
[http://chemistry.apache.org/OWI2Y2Q3ODYtZTc1MS00ZDgzLTgzZDgtMThjNmY5MDk1YmUx-9b6cd786-e751-4d83-83d8-18c6f9095be1] Object was created but could not be found in the DRC.
[http://chemistry.apache.org/OWI2Y2Q3ODYtZTc1MS00ZDgzLTgzZDgtMThjNmY5MDk1YmUx-9b6cd786-e751-4d83-83d8-18c6f9095be1] Object was deleted but could not be found in the ZRC.
[http://chemistry.apache.org/ODMwN2ZhNTktNTRmNS00MWMzLTliZjEtYzU2ZWZmYTJmNGMx-8307fa59-54f5-41c3-9bf1-c56effa2f4c1] Object was deleted but could not be found in the ZRC.
[http://chemistry.apache.org/ZjgwNTY3OTMtNmIzYS00MjYxLTkxYmMtNWFmMjIyYjgxNGNj-f8056793-6b3a-4261-91bc-5af222b814cc] Object was created but could not be found in the DRC.
[http://chemistry.apache.org/YzJjNzdmODYtYzJhZS00NjJlLWIyYjUtOTdmYWRmNDUwMTQx-c2c77f86-c2ae-462e-b2b5-97fadf450141] Object was created but could not be found in the DRC.
[http://chemistry.apache.org/YzJjNzdmODYtYzJhZS00NjJlLWIyYjUtOTdmYWRmNDUwMTQx-c2c77f86-c2ae-462e-b2b5-97fadf450141] Object was deleted but could not be found in the ZRC.
[http://chemistry.apache.org/ZjgwNTY3OTMtNmIzYS00MjYxLTkxYmMtNWFmMjIyYjgxNGNj-f8056793-6b3a-4261-91bc-5af222b814cc] Object was deleted but could not be found in the ZRC.
[http://chemistry.apache.org/ODk4OWIwNTUtYjQ2Zi00OTEwLWEyODEtNWM4NzcyNDY3NGM2-8989b055-b46f-4910-a281-5c87724674c6] Object was created but could not be found in the DRC.
[http://chemistry.apache.org/N2I1ZTg0ZDQtNGIwMy00NDA2LTkyZDUtMWVkZWIxODk3YjBl-7b5e84d4-4b03-4406-92d5-1edeb1897b0e] Object was created but could not be found in the DRC.
[http://chemistry.apache.org/M2RiZDdmZTQtNGVmYy00YjRhLWE2NzktMjAxN2I0MTA4YzcwOzEuMA==-3dbd7fe4-4efc-4b4a-a679-2017b4108c70] Object was created but could not be found in the DRC.
[http://chemistry.apache.org/M2RiZDdmZTQtNGVmYy00YjRhLWE2NzktMjAxN2I0MTA4YzcwOzEuMA==-3dbd7fe4-4efc-4b4a-a679-2017b4108c70] Object was updated but could not be found in the DRC.
[http://chemistry.apache.org/M2RiZDdmZTQtNGVmYy00YjRhLWE2NzktMjAxN2I0MTA4YzcwOzEuMQ==-3dbd7fe4-4efc-4b4a-a679-2017b4108c70] Object was deleted but could not be found in the ZRC.
[http://chemistry.apache.org/N2I1ZTg0ZDQtNGIwMy00NDA2LTkyZDUtMWVkZWIxODk3YjBl-7b5e84d4-4b03-4406-92d5-1edeb1897b0e] Object was deleted but could not be found in the ZRC.
[http://chemistry.apache.org/ODk4OWIwNTUtYjQ2Zi00OTEwLWEyODEtNWM4NzcyNDY3NGM2-8989b055-b46f-4910-a281-5c87724674c6] Object was deleted but could not be found in the ZRC.
[http://chemistry.apache.org/YThkOTI1YjAtM2M4Yi00MmFiLThhNWMtZjcyZGRmOTI3NjY1-a8d925b0-3c8b-42ab-8a5c-f72ddf927665] Object was created but could not be found in the DRC.
[http://chemistry.apache.org/YzRhMGJkYTQtOWMyZS00ODk0LTliYTctN2M4ODg5MTViNDU0-c4a0bda4-9c2e-4894-9ba7-7c888915b454] Object was created but could not be found in the DRC.
[http://chemistry.apache.org/YzRhMGJkYTQtOWMyZS00ODk0LTliYTctN2M4ODg5MTViNDU0-c4a0bda4-9c2e-4894-9ba7-7c888915b454] Object was deleted but could not be found in the ZRC.
[http://chemistry.apache.org/YThkOTI1YjAtM2M4Yi00MmFiLThhNWMtZjcyZGRmOTI3NjY1-a8d925b0-3c8b-42ab-8a5c-f72ddf927665] Object was deleted but could not be found in the ZRC.
[http://chemistry.apache.org/ZDI2M2UzZGMtYWVjNS00NmUzLTg0MDctYmEwM2QzYzY5NTU1-d263e3dc-aec5-46e3-8407-ba03d3c69555] Object was created but could not be found in the DRC.
[http://chemistry.apache.org/OWQ0MjkxMTUtN2M4Mi00ZGYzLTgyYTAtN2U3YTBhMjlkOWZk-9d429115-7c82-4df3-82a0-7e7a0a29d9fd] Object was created but could not be found in the DRC.
[http://chemistry.apache.org/YjdlODdkZjYtM2UzYy00ZDNhLTk0YWItODNjMzRjYWE2YWNkOzEuMA==-b7e87df6-3e3c-4d3a-94ab-83c34caa6acd] Object was created but could not be found in the DRC.
[http://chemistry.apache.org/YjdlODdkZjYtM2UzYy00ZDNhLTk0YWItODNjMzRjYWE2YWNkOzEuMA==-b7e87df6-3e3c-4d3a-94ab-83c34caa6acd] Object was updated but could not be found in the DRC.
[http://chemistry.apache.org/YjdlODdkZjYtM2UzYy00ZDNhLTk0YWItODNjMzRjYWE2YWNkOzEuMA==-b7e87df6-3e3c-4d3a-94ab-83c34caa6acd] Object was deleted but could not be found in the ZRC.
[http://chemistry.apache.org/OWQ0MjkxMTUtN2M4Mi00ZGYzLTgyYTAtN2U3YTBhMjlkOWZk-9d429115-7c82-4df3-82a0-7e7a0a29d9fd] Object was deleted but could not be found in the ZRC.
[http://chemistry.apache.org/ZDI2M2UzZGMtYWVjNS00NmUzLTg0MDctYmEwM2QzYzY5NTU1-d263e3dc-aec5-46e3-8407-ba03d3c69555] Object was deleted but could not be found in the ZRC.
[http://chemistry.apache.org/ZTIwYzFkZGEtMjg3MS00ZjIxLTk2YjctZDc1MGZmYzJlNzNl-e20c1dda-2871-4f21-96b7-d750ffc2e73e] Object was created but could not be found in the DRC.
[http://chemistry.apache.org/NDg2NGFkM2MtMDcwMy00YzI2LWFlMmQtYzQxMWNlNDliYjgz-4864ad3c-0703-4c26-ae2d-c411ce49bb83] Object was created but could not be found in the DRC.
[http://chemistry.apache.org/NmIwOTY5MzktNDczMC00ZmJmLWE5ZDgtODg1NTdkMjZlNTNmOzEuMA==-6b096939-4730-4fbf-a9d8-88557d26e53f] Object was created but could not be found in the DRC.
[http://chemistry.apache.org/NmIwOTY5MzktNDczMC00ZmJmLWE5ZDgtODg1NTdkMjZlNTNmOzEuMA==-6b096939-4730-4fbf-a9d8-88557d26e53f] Object was updated but could not be found in the DRC.
[http://chemistry.apache.org/NmIwOTY5MzktNDczMC00ZmJmLWE5ZDgtODg1NTdkMjZlNTNmOzEuMA==-6b096939-4730-4fbf-a9d8-88557d26e53f] Object was deleted but could not be found in the ZRC.
[http://chemistry.apache.org/NDg2NGFkM2MtMDcwMy00YzI2LWFlMmQtYzQxMWNlNDliYjgz-4864ad3c-0703-4c26-ae2d-c411ce49bb83] Object was deleted but could not be found in the ZRC.
[http://chemistry.apache.org/ZTIwYzFkZGEtMjg3MS00ZjIxLTk2YjctZDc1MGZmYzJlNzNl-e20c1dda-2871-4f21-96b7-d750ffc2e73e] Object was deleted but could not be found in the ZRC.
[http://chemistry.apache.org/ZGY3MmQ3OTMtN2FkZS00ZWY1LWEwZWMtNWM0ZTFkNzVkN2M4-df72d793-7ade-4ef5-a0ec-5c4e1d75d7c8] Object was created but could not be found in the DRC.
[http://chemistry.apache.org/NTU4MjhiNTMtMTQyMC00NzRiLTg3N2UtNDg5ZTExZTE5ZmIy-55828b53-1420-474b-877e-489e11e19fb2] Object was created but could not be found in the DRC.
[http://chemistry.apache.org/N2QyMWE5ZDYtODgyNS00NTMxLThkMDEtMDNkMTY5YTg2ODU1OzEuMA==-7d21a9d6-8825-4531-8d01-03d169a86855] Object was created but could not be found in the DRC.
[http://chemistry.apache.org/N2QyMWE5ZDYtODgyNS00NTMxLThkMDEtMDNkMTY5YTg2ODU1OzEuMA==-7d21a9d6-8825-4531-8d01-03d169a86855] Object was updated but could not be found in the DRC.
[http://chemistry.apache.org/N2QyMWE5ZDYtODgyNS00NTMxLThkMDEtMDNkMTY5YTg2ODU1OzEuMA==-7d21a9d6-8825-4531-8d01-03d169a86855] Object was deleted but could not be found in the ZRC.
[http://chemistry.apache.org/NTU4MjhiNTMtMTQyMC00NzRiLTg3N2UtNDg5ZTExZTE5ZmIy-55828b53-1420-474b-877e-489e11e19fb2] Object was deleted but could not be found in the ZRC.
[http://chemistry.apache.org/ZGY3MmQ3OTMtN2FkZS00ZWY1LWEwZWMtNWM0ZTFkNzVkN2M4-df72d793-7ade-4ef5-a0ec-5c4e1d75d7c8] Object was deleted but could not be found in the ZRC.
[http://chemistry.apache.org/NWY1YWNiZTYtZmZmZi00ZGM4LWEyNjgtNjEwODY5NzQ4Y2Ez-5f5acbe6-ffff-4dc8-a268-610869748ca3] Object was created but could not be found in the DRC.
[http://chemistry.apache.org/MDllMzc3N2YtMDE2NC00OGRkLWEyNjMtNmQ5N2ViMjgyMTAx-09e3777f-0164-48dd-a263-6d97eb282101] Object was created but could not be found in the DRC.
[http://chemistry.apache.org/N2QwODAwNTQtOTg4Zi00MTQ4LWI1OGUtNmI5YzhjODMzNmFlOzEuMA==-7d080054-988f-4148-b58e-6b9c8c8336ae] Object was created but could not be found in the DRC.
[http://chemistry.apache.org/N2QwODAwNTQtOTg4Zi00MTQ4LWI1OGUtNmI5YzhjODMzNmFlOzEuMA==-7d080054-988f-4148-b58e-6b9c8c8336ae] Object was updated but could not be found in the DRC.
[http://chemistry.apache.org/YWU0ODk4MDUtYzUyNi00NGU5LWFhYTEtZDEyYmI1N2I1MzY0-ae489805-c526-44e9-aaa1-d12bb57b5364] Object was created but could not be found in the DRC.
[http://chemistry.apache.org/N2QwODAwNTQtOTg4Zi00MTQ4LWI1OGUtNmI5YzhjODMzNmFlOzEuMA==-7d080054-988f-4148-b58e-6b9c8c8336ae] Object was deleted but could not be found in the ZRC.
[http://chemistry.apache.org/YWU0ODk4MDUtYzUyNi00NGU5LWFhYTEtZDEyYmI1N2I1MzY0-ae489805-c526-44e9-aaa1-d12bb57b5364] Object was deleted but could not be found in the ZRC.
[http://chemistry.apache.org/MDllMzc3N2YtMDE2NC00OGRkLWEyNjMtNmQ5N2ViMjgyMTAx-09e3777f-0164-48dd-a263-6d97eb282101] Object was deleted but could not be found in the ZRC.
[http://chemistry.apache.org/NWY1YWNiZTYtZmZmZi00ZGM4LWEyNjgtNjEwODY5NzQ4Y2Ez-5f5acbe6-ffff-4dc8-a268-610869748ca3] Object was deleted but could not be found in the ZRC.
[http://chemistry.apache.org/OWE1NWJiZGYtZGY5MC00YjMwLWEzNGUtZWQwYTYyZTY5ZGVj-9a55bbdf-df90-4b30-a34e-ed0a62e69dec] Object was created but could not be found in the DRC.
[http://chemistry.apache.org/ZDg1Yjk0N2UtZjJhYy00ZThkLTgwOTYtZjc2ZTQ2NGZiZTA2-d85b947e-f2ac-4e8d-8096-f76e464fbe06] Object was created but could not be found in the DRC.
[http://chemistry.apache.org/MmIxMDQ3YjYtOTZhYi00ZDkzLWI4MzItMmRiZmJjMmE2MzQwOzEuMA==-2b1047b6-96ab-4d93-b832-2dbfbc2a6340] Object was created but could not be found in the DRC.
[http://chemistry.apache.org/MmIxMDQ3YjYtOTZhYi00ZDkzLWI4MzItMmRiZmJjMmE2MzQwOzEuMA==-2b1047b6-96ab-4d93-b832-2dbfbc2a6340] Object was updated but could not be found in the DRC.
[http://chemistry.apache.org/MmIxMDQ3YjYtOTZhYi00ZDkzLWI4MzItMmRiZmJjMmE2MzQwOzEuMA==-2b1047b6-96ab-4d93-b832-2dbfbc2a6340] Object was deleted but could not be found in the ZRC.
[http://chemistry.apache.org/ZDg1Yjk0N2UtZjJhYy00ZThkLTgwOTYtZjc2ZTQ2NGZiZTA2-d85b947e-f2ac-4e8d-8096-f76e464fbe06] Object was deleted but could not be found in the ZRC.
[http://chemistry.apache.org/OWE1NWJiZGYtZGY5MC00YjMwLWEzNGUtZWQwYTYyZTY5ZGVj-9a55bbdf-df90-4b30-a34e-ed0a62e69dec] Object was deleted but could not be found in the ZRC.
[http://chemistry.apache.org/M2FkMjcyZWYtZjQ4MS00M2FjLWI1NmMtMzdmNTE4ODQ0OWFm-3ad272ef-f481-43ac-b56c-37f5188449af] Object was created but could not be found in the DRC.
[http://chemistry.apache.org/OTExYjVmYjktY2ZiZS00YTRkLTk5NDctNDRjZjkwNWQ2YjQ0-911b5fb9-cfbe-4a4d-9947-44cf905d6b44] Object was created but could not be found in the DRC.
[http://chemistry.apache.org/ODdmZDRjZjEtM2ZkMi00MjVkLTg0ODktYmQyOTI4YmMzMjg4OzEuMA==-87fd4cf1-3fd2-425d-8489-bd2928bc3288] Object was created but could not be found in the DRC.
[http://chemistry.apache.org/ODdmZDRjZjEtM2ZkMi00MjVkLTg0ODktYmQyOTI4YmMzMjg4OzEuMA==-87fd4cf1-3fd2-425d-8489-bd2928bc3288] Object was updated but could not be found in the DRC.
[http://chemistry.apache.org/ODdmZDRjZjEtM2ZkMi00MjVkLTg0ODktYmQyOTI4YmMzMjg4OzEuMA==-87fd4cf1-3fd2-425d-8489-bd2928bc3288] Object was deleted but could not be found in the ZRC.
[http://chemistry.apache.org/ODIyOWQ0NjMtNjZhZC00YzllLWEzMzUtMGMxNmRmOWU2NDBm-8229d463-66ad-4c9e-a335-0c16df9e640f] Object was created but could not be found in the DRC.
[http://chemistry.apache.org/ODIyOWQ0NjMtNjZhZC00YzllLWEzMzUtMGMxNmRmOWU2NDBm-8229d463-66ad-4c9e-a335-0c16df9e640f] Object was deleted but could not be found in the ZRC.
[http://chemistry.apache.org/OTExYjVmYjktY2ZiZS00YTRkLTk5NDctNDRjZjkwNWQ2YjQ0-911b5fb9-cfbe-4a4d-9947-44cf905d6b44] Object was deleted but could not be found in the ZRC.
[http://chemistry.apache.org/M2FkMjcyZWYtZjQ4MS00M2FjLWI1NmMtMzdmNTE4ODQ0OWFm-3ad272ef-f481-43ac-b56c-37f5188449af] Object was deleted but could not be found in the ZRC.
[http://chemistry.apache.org/NjEwYzZkNjQtY2ViZC00Y2ZiLWEyZGMtMGViNWQzM2NhZmQzOzEuMA==-610c6d64-cebd-4cfb-a2dc-0eb5d33cafd3] Object was created but could not be found in the DRC.
[http://chemistry.apache.org/NjEwYzZkNjQtY2ViZC00Y2ZiLWEyZGMtMGViNWQzM2NhZmQzOzEuMA==-610c6d64-cebd-4cfb-a2dc-0eb5d33cafd3] Object was updated but could not be found in the DRC.
[http://chemistry.apache.org/ZjYxNmU2OTEtZTMyMC00NWM2LTk3M2YtYjNkYzc5ZWUyNDBh-f616e691-e320-45c6-973f-b3dc79ee240a] Object was created but could not be found in the DRC.
[http://chemistry.apache.org/ZmIxMjhjMzItNTY2NS00MTBjLWE0NDAtMDAzN2JlYTI0ODhh-fb128c32-5665-410c-a440-0037bea2488a] Object was created but could not be found in the DRC.
[http://chemistry.apache.org/ZmIxMjhjMzItNTY2NS00MTBjLWE0NDAtMDAzN2JlYTI0ODhh-fb128c32-5665-410c-a440-0037bea2488a] Object was deleted but could not be found in the ZRC.
[http://chemistry.apache.org/ZjYxNmU2OTEtZTMyMC00NWM2LTk3M2YtYjNkYzc5ZWUyNDBh-f616e691-e320-45c6-973f-b3dc79ee240a] Object was deleted but could not be found in the ZRC.
[http://chemistry.apache.org/ZWFjNWM0YWYtYmNlNC00ZDU2LThmMjgtODJhY2QyZDNlODli-eac5c4af-bce4-4d56-8f28-82acd2d3e89b] Object was created but could not be found in the DRC.
[http://chemistry.apache.org/OGE5NTFhOWYtYzdiNy00NGY4LTkyOGMtOTUyY2E4YWUwM2Fj-8a951a9f-c7b7-44f8-928c-952ca8ae03ac] Object was created but could not be found in the DRC.
[http://chemistry.apache.org/OGE5NTFhOWYtYzdiNy00NGY4LTkyOGMtOTUyY2E4YWUwM2Fj-8a951a9f-c7b7-44f8-928c-952ca8ae03ac] Object was deleted but could not be found in the ZRC.
[http://chemistry.apache.org/ZWFjNWM0YWYtYmNlNC00ZDU2LThmMjgtODJhY2QyZDNlODli-eac5c4af-bce4-4d56-8f28-82acd2d3e89b] Object was deleted but could not be found in the ZRC.
[http://chemistry.apache.org/Y2JlYzk5YmEtYjRjNi00OTY3LTg5MTUtZDc5ZTZhOGFjNTVl-cbec99ba-b4c6-4967-8915-d79e6a8ac55e] Object was created but could not be found in the DRC.
[http://chemistry.apache.org/N2EwZjFlYTQtY2JmMC00NDhiLThjODYtNWVlNGVhMmI5YjU5-7a0f1ea4-cbf0-448b-8c86-5ee4ea2b9b59] Object was created but could not be found in the DRC.
[http://chemistry.apache.org/YTExMWQxNzUtYzJhZi00ZGNmLTgyOWItZGFhZDBjOTc1YmE2OzEuMA==-a111d175-c2af-4dcf-829b-daad0c975ba6] Object was created but could not be found in the DRC.
[http://chemistry.apache.org/YTExMWQxNzUtYzJhZi00ZGNmLTgyOWItZGFhZDBjOTc1YmE2OzEuMA==-a111d175-c2af-4dcf-829b-daad0c975ba6] Object was updated but could not be found in the DRC.
[http://chemistry.apache.org/NWYyMmQyOGQtMjQxZC00OWJkLTk4YmItNmQ0YzRmZDU4NTNhOzEuMA==-5f22d28d-241d-49bd-98bb-6d4c4fd5853a] Object was created but could not be found in the DRC.
[http://chemistry.apache.org/NWYyMmQyOGQtMjQxZC00OWJkLTk4YmItNmQ0YzRmZDU4NTNhOzEuMA==-5f22d28d-241d-49bd-98bb-6d4c4fd5853a] Object was updated but could not be found in the DRC.
[http://chemistry.apache.org/N2EwZjFlYTQtY2JmMC00NDhiLThjODYtNWVlNGVhMmI5YjU5-7a0f1ea4-cbf0-448b-8c86-5ee4ea2b9b59] Object was deleted but could not be found in the ZRC.
[http://chemistry.apache.org/Y2JlYzk5YmEtYjRjNi00OTY3LTg5MTUtZDc5ZTZhOGFjNTVl-cbec99ba-b4c6-4967-8915-d79e6a8ac55e] Object was deleted but could not be found in the ZRC.
[http://chemistry.apache.org/MTg3MmM0NmYtNTVmYi00ZTBkLTliM2EtYzg2ZTg5ODZjYWQ5-1872c46f-55fb-4e0d-9b3a-c86e8986cad9] Object was created but could not be found in the DRC.
[http://chemistry.apache.org/ZTE4MTRhMmUtYzVmOS00MDFmLThiNmEtNDVlZDQ3ODM1OThk-e1814a2e-c5f9-401f-8b6a-45ed4783598d] Object was created but could not be found in the DRC.
[http://chemistry.apache.org/NGNlMWZjNGEtMDViZC00YzQ2LTliYWQtMDFmOTQ5YmU1YzYzOzEuMA==-4ce1fc4a-05bd-4c46-9bad-01f949be5c63] Object was created but could not be found in the DRC.
[http://chemistry.apache.org/NGNlMWZjNGEtMDViZC00YzQ2LTliYWQtMDFmOTQ5YmU1YzYzOzEuMA==-4ce1fc4a-05bd-4c46-9bad-01f949be5c63] Object was updated but could not be found in the DRC.
[http://chemistry.apache.org/ZTE4MTRhMmUtYzVmOS00MDFmLThiNmEtNDVlZDQ3ODM1OThk-e1814a2e-c5f9-401f-8b6a-45ed4783598d] Object was deleted but could not be found in the ZRC.
[http://chemistry.apache.org/MTg3MmM0NmYtNTVmYi00ZTBkLTliM2EtYzg2ZTg5ODZjYWQ5-1872c46f-55fb-4e0d-9b3a-c86e8986cad9] Object was deleted but could not be found in the ZRC.
[http://chemistry.apache.org/MjI3MmVmMTItZmYyZS00MmM3LWIyY2QtYzE2YTBiODgxMGNl-2272ef12-ff2e-42c7-b2cd-c16a0b8810ce] Object was created but could not be found in the DRC.
[http://chemistry.apache.org/MzQxOTUxNTItMzNhYS00MWY1LWJiODUtZDJhNzRmNTY4MmUx-34195152-33aa-41f5-bb85-d2a74f5682e1] Object was created but could not be found in the DRC.
[http://chemistry.apache.org/OTRiM2Q2YzctYWUzYy00M2YyLTk4NmMtOWZhMDZjMjVhMzE1OzEuMA==-94b3d6c7-ae3c-43f2-986c-9fa06c25a315] Object was created but could not be found in the DRC.
[http://chemistry.apache.org/OTRiM2Q2YzctYWUzYy00M2YyLTk4NmMtOWZhMDZjMjVhMzE1OzEuMA==-94b3d6c7-ae3c-43f2-986c-9fa06c25a315] Object was updated but could not be found in the DRC.
[http://chemistry.apache.org/ZTFlZTk4YzItNGM0NS00ZDBlLThmYjEtNmE5MjdmMmE4OWU5OzEuMA==-e1ee98c2-4c45-4d0e-8fb1-6a927f2a89e9] Object was created but could not be found in the DRC.
[http://chemistry.apache.org/ZTFlZTk4YzItNGM0NS00ZDBlLThmYjEtNmE5MjdmMmE4OWU5OzEuMA==-e1ee98c2-4c45-4d0e-8fb1-6a927f2a89e9] Object was updated but could not be found in the DRC.
[http://chemistry.apache.org/MzQxOTUxNTItMzNhYS00MWY1LWJiODUtZDJhNzRmNTY4MmUx-34195152-33aa-41f5-bb85-d2a74f5682e1] Object was deleted but could not be found in the ZRC.
[http://chemistry.apache.org/MjI3MmVmMTItZmYyZS00MmM3LWIyY2QtYzE2YTBiODgxMGNl-2272ef12-ff2e-42c7-b2cd-c16a0b8810ce] Object was deleted but could not be found in the ZRC.
[http://chemistry.apache.org/MGY3MGY1YWItZjBjOC00OTI3LWI2YzgtYTA3ZWQxNWM2OTYz-0f70f5ab-f0c8-4927-b6c8-a07ed15c6963] Object was created but could not be found in the DRC.
[http://chemistry.apache.org/M2NkMjBkMDQtNTFhZS00N2MzLWFjOGUtNWQ1YTI0Mjc1MDIw-3cd20d04-51ae-47c3-ac8e-5d5a24275020] Object was created but could not be found in the DRC.
[http://chemistry.apache.org/NjdmOWMyZjctNzE3OC00MjFlLWI0YWYtN2NjMWIwYjI2NDgxOzEuMA==-67f9c2f7-7178-421e-b4af-7cc1b0b26481] Object was created but could not be found in the DRC.
[http://chemistry.apache.org/NjdmOWMyZjctNzE3OC00MjFlLWI0YWYtN2NjMWIwYjI2NDgxOzEuMA==-67f9c2f7-7178-421e-b4af-7cc1b0b26481] Object was updated but could not be found in the DRC.
[http://chemistry.apache.org/MjEyMmJkMmItZmUyNi00ZjBmLWExNmMtOTgzNzQyNTg4NDk5OzEuMA==-2122bd2b-fe26-4f0f-a16c-983742588499] Object was created but could not be found in the DRC.
[http://chemistry.apache.org/MjEyMmJkMmItZmUyNi00ZjBmLWExNmMtOTgzNzQyNTg4NDk5OzEuMA==-2122bd2b-fe26-4f0f-a16c-983742588499] Object was updated but could not be found in the DRC.
[http://chemistry.apache.org/MjEyMmJkMmItZmUyNi00ZjBmLWExNmMtOTgzNzQyNTg4NDk5OzEuMA==-2122bd2b-fe26-4f0f-a16c-983742588499] Object was deleted but could not be found in the ZRC.
[http://chemistry.apache.org/NjI0YmFmMmMtMzNlNy00YmE5LTgxZTAtZGU1ZGEyYmJhZGUyOzEuMA==-624baf2c-33e7-4ba9-81e0-de5da2bbade2] Object was created but could not be found in the DRC.
[http://chemistry.apache.org/NjI0YmFmMmMtMzNlNy00YmE5LTgxZTAtZGU1ZGEyYmJhZGUyOzEuMA==-624baf2c-33e7-4ba9-81e0-de5da2bbade2] Object was updated but could not be found in the DRC.
[http://chemistry.apache.org/NjdmOWMyZjctNzE3OC00MjFlLWI0YWYtN2NjMWIwYjI2NDgxOzEuMA==-67f9c2f7-7178-421e-b4af-7cc1b0b26481] Object was deleted but could not be found in the ZRC.
[http://chemistry.apache.org/NjI0YmFmMmMtMzNlNy00YmE5LTgxZTAtZGU1ZGEyYmJhZGUyOzEuMA==-624baf2c-33e7-4ba9-81e0-de5da2bbade2] Object was deleted but could not be found in the ZRC.
[http://chemistry.apache.org/M2NkMjBkMDQtNTFhZS00N2MzLWFjOGUtNWQ1YTI0Mjc1MDIw-3cd20d04-51ae-47c3-ac8e-5d5a24275020] Object was deleted but could not be found in the ZRC.
[http://chemistry.apache.org/MGY3MGY1YWItZjBjOC00OTI3LWI2YzgtYTA3ZWQxNWM2OTYz-0f70f5ab-f0c8-4927-b6c8-a07ed15c6963] Object was deleted but could not be found in the ZRC.
[http://chemistry.apache.org/MTcwZDU3ZWUtODFkNS00N2FmLTgzOGQtMzk1ZmRkYjFmMGIz-170d57ee-81d5-47af-838d-395fddb1f0b3] Object was created but could not be found in the DRC.
[http://chemistry.apache.org/MzRkZDUyNjItMWVlMS00NzlmLTg0OWYtNGE5ZmUyMjkxZDhl-34dd5262-1ee1-479f-849f-4a9fe2291d8e] Object was created but could not be found in the DRC.
[http://chemistry.apache.org/YjM0MWY2NTMtNWZkOC00MDMwLWFmOWMtMjU4Nzg2MzcwNzYyOzEuMA==-b341f653-5fd8-4030-af9c-258786370762] Object was created but could not be found in the DRC.
[http://chemistry.apache.org/YjM0MWY2NTMtNWZkOC00MDMwLWFmOWMtMjU4Nzg2MzcwNzYyOzEuMA==-b341f653-5fd8-4030-af9c-258786370762] Object was updated but could not be found in the DRC.
[http://chemistry.apache.org/NDUyZTIxNDItMjIxMC00NTM4LTkxYmYtNTdjYWEyMzhkNDI5OzEuMA==-452e2142-2210-4538-91bf-57caa238d429] Object was created but could not be found in the DRC.
[http://chemistry.apache.org/NDUyZTIxNDItMjIxMC00NTM4LTkxYmYtNTdjYWEyMzhkNDI5OzEuMA==-452e2142-2210-4538-91bf-57caa238d429] Object was updated but could not be found in the DRC.
[http://chemistry.apache.org/YjM0MWY2NTMtNWZkOC00MDMwLWFmOWMtMjU4Nzg2MzcwNzYyOzEuMA==-b341f653-5fd8-4030-af9c-258786370762] Object was deleted but could not be found in the ZRC.
[http://chemistry.apache.org/NDUyZTIxNDItMjIxMC00NTM4LTkxYmYtNTdjYWEyMzhkNDI5OzEuMA==-452e2142-2210-4538-91bf-57caa238d429] Object was deleted but could not be found in the ZRC.
[http://chemistry.apache.org/MzRkZDUyNjItMWVlMS00NzlmLTg0OWYtNGE5ZmUyMjkxZDhl-34dd5262-1ee1-479f-849f-4a9fe2291d8e] Object was deleted but could not be found in the ZRC.
[http://chemistry.apache.org/MTcwZDU3ZWUtODFkNS00N2FmLTgzOGQtMzk1ZmRkYjFmMGIz-170d57ee-81d5-47af-838d-395fddb1f0b3] Object was deleted but could not be found in the ZRC.
[http://chemistry.apache.org/NTEwMTFjZmQtN2MxNS00OTk4LWIxYzQtNjQzMGViMDRlZjE3-51011cfd-7c15-4998-b1c4-6430eb04ef17] Object was created but could not be found in the DRC.
[http://chemistry.apache.org/MjUxYmE3ZGMtOTBhZC00ZjM4LWEwODItYTk2ZmVmMTg4NDUy-251ba7dc-90ad-4f38-a082-a96fef188452] Object was created but could not be found in the DRC.
[http://chemistry.apache.org/MWMxYjgxY2ItMjczYi00YmQ5LTg1YjItOTI3YWViMDJhZjMyOzEuMA==-1c1b81cb-273b-4bd9-85b2-927aeb02af32] Object was created but could not be found in the DRC.
[http://chemistry.apache.org/MWMxYjgxY2ItMjczYi00YmQ5LTg1YjItOTI3YWViMDJhZjMyOzEuMA==-1c1b81cb-273b-4bd9-85b2-927aeb02af32] Object was updated but could not be found in the DRC.
[http://chemistry.apache.org/YTI0ZjY5ZGEtZmU1Yi00NmYxLWJhMGItYzYxODk2MDJjYWMwOzEuMA==-a24f69da-fe5b-46f1-ba0b-c6189602cac0] Object was created but could not be found in the DRC.
[http://chemistry.apache.org/YTI0ZjY5ZGEtZmU1Yi00NmYxLWJhMGItYzYxODk2MDJjYWMwOzEuMA==-a24f69da-fe5b-46f1-ba0b-c6189602cac0] Object was updated but could not be found in the DRC.
[http://chemistry.apache.org/MWMxYjgxY2ItMjczYi00YmQ5LTg1YjItOTI3YWViMDJhZjMyOzEuMA==-1c1b81cb-273b-4bd9-85b2-927aeb02af32] Object was deleted but could not be found in the ZRC.
[http://chemistry.apache.org/YTI0ZjY5ZGEtZmU1Yi00NmYxLWJhMGItYzYxODk2MDJjYWMwOzEuMA==-a24f69da-fe5b-46f1-ba0b-c6189602cac0] Object was deleted but could not be found in the ZRC.
[http://chemistry.apache.org/MjUxYmE3ZGMtOTBhZC00ZjM4LWEwODItYTk2ZmVmMTg4NDUy-251ba7dc-90ad-4f38-a082-a96fef188452] Object was deleted but could not be found in the ZRC.
[http://chemistry.apache.org/NTEwMTFjZmQtN2MxNS00OTk4LWIxYzQtNjQzMGViMDRlZjE3-51011cfd-7c15-4998-b1c4-6430eb04ef17] Object was deleted but could not be found in the ZRC.
[http://chemistry.apache.org/Y2NjYTQxMzEtMzQ0NS00OTJhLTllOTgtYTA0MjRmMWFmOTk5-ccca4131-3445-492a-9e98-a0424f1af999] Object was created but could not be found in the DRC.
[http://chemistry.apache.org/MmUwMmJhYWYtZDZhNi00OTQ5LTk2MmEtNjRjNjAxZTI2OTZl-2e02baaf-d6a6-4949-962a-64c601e2696e] Object was created but could not be found in the DRC.
[http://chemistry.apache.org/ZjNiMDE2YmItZDE2Ni00ZTg0LTk5NTAtNmE4M2U0NWUyMjMxOzEuMA==-f3b016bb-d166-4e84-9950-6a83e45e2231] Object was created but could not be found in the DRC.
[http://chemistry.apache.org/ZjNiMDE2YmItZDE2Ni00ZTg0LTk5NTAtNmE4M2U0NWUyMjMxOzEuMA==-f3b016bb-d166-4e84-9950-6a83e45e2231] Object was updated but could not be found in the DRC.
[http://chemistry.apache.org/NjdmNDM3N2EtNGE0My00NWQxLTlhMTUtYjA4ZGU5NWRhYzIyOzEuMA==-67f4377a-4a43-45d1-9a15-b08de95dac22] Object was created but could not be found in the DRC.
[http://chemistry.apache.org/NjdmNDM3N2EtNGE0My00NWQxLTlhMTUtYjA4ZGU5NWRhYzIyOzEuMA==-67f4377a-4a43-45d1-9a15-b08de95dac22] Object was updated but could not be found in the DRC.
[http://chemistry.apache.org/ZjNiMDE2YmItZDE2Ni00ZTg0LTk5NTAtNmE4M2U0NWUyMjMxOzEuMA==-f3b016bb-d166-4e84-9950-6a83e45e2231] Object was deleted but could not be found in the ZRC.
[http://chemistry.apache.org/NjdmNDM3N2EtNGE0My00NWQxLTlhMTUtYjA4ZGU5NWRhYzIyOzEuMA==-67f4377a-4a43-45d1-9a15-b08de95dac22] Object was deleted but could not be found in the ZRC.
[http://chemistry.apache.org/MmUwMmJhYWYtZDZhNi00OTQ5LTk2MmEtNjRjNjAxZTI2OTZl-2e02baaf-d6a6-4949-962a-64c601e2696e] Object was deleted but could not be found in the ZRC.
[http://chemistry.apache.org/Y2NjYTQxMzEtMzQ0NS00OTJhLTllOTgtYTA0MjRmMWFmOTk5-ccca4131-3445-492a-9e98-a0424f1af999] Object was deleted but could not be found in the ZRC.
[http://chemistry.apache.org/MGEwM2MzNGItMGZiZi00YTNiLTk3YzctYThjZGU5ZDk4Y2Nh-0a03c34b-0fbf-4a3b-97c7-a8cde9d98cca] Object was created but could not be found in the DRC.
[http://chemistry.apache.org/NWFjN2QzMzgtNDY3Ni00NjU5LWExMGQtMDdmYjE1MjMxMTBh-5ac7d338-4676-4659-a10d-07fb1523110a] Object was created but could not be found in the DRC.
[http://chemistry.apache.org/NWFjN2QzMzgtNDY3Ni00NjU5LWExMGQtMDdmYjE1MjMxMTBh-5ac7d338-4676-4659-a10d-07fb1523110a] Object was deleted but could not be found in the ZRC.
[http://chemistry.apache.org/MGEwM2MzNGItMGZiZi00YTNiLTk3YzctYThjZGU5ZDk4Y2Nh-0a03c34b-0fbf-4a3b-97c7-a8cde9d98cca] Object was deleted but could not be found in the ZRC.
[http://chemistry.apache.org/MWYyZTU3ZWMtMWI4ZS00ZjY5LWJjZjQtNzJiNmNhMzEzM2E3-1f2e57ec-1b8e-4f69-bcf4-72b6ca3133a7] Object was created but could not be found in the DRC.
[http://chemistry.apache.org/M2Q2ZmVlYTctMjM3My00YzdjLTlmNzUtZWNlYWEzNzdiOTg2-3d6feea7-2373-4c7c-9f75-eceaa377b986] Object was created but could not be found in the DRC.
[http://chemistry.apache.org/M2Q2ZmVlYTctMjM3My00YzdjLTlmNzUtZWNlYWEzNzdiOTg2-3d6feea7-2373-4c7c-9f75-eceaa377b986] Object was deleted but could not be found in the ZRC.
[http://chemistry.apache.org/MWYyZTU3ZWMtMWI4ZS00ZjY5LWJjZjQtNzJiNmNhMzEzM2E3-1f2e57ec-1b8e-4f69-bcf4-72b6ca3133a7] Object was deleted but could not be found in the ZRC.
[http://chemistry.apache.org/M2I3ODg1M2YtNjBmZS00MjhmLTkzNmMtNTk5ZGY1YWZkODQz-3b78853f-60fe-428f-936c-599df5afd843] Object was created but could not be found in the DRC.
[http://chemistry.apache.org/NGE0OGNmMWUtZDVjNC00MmI5LTg5YWMtM2Q0ZjMwODMzMzVk-4a48cf1e-d5c4-42b9-89ac-3d4f3083335d] Object was created but could not be found in the DRC.
[http://chemistry.apache.org/NGE0OGNmMWUtZDVjNC00MmI5LTg5YWMtM2Q0ZjMwODMzMzVk-4a48cf1e-d5c4-42b9-89ac-3d4f3083335d] Object was deleted but could not be found in the ZRC.
[http://chemistry.apache.org/M2I3ODg1M2YtNjBmZS00MjhmLTkzNmMtNTk5ZGY1YWZkODQz-3b78853f-60fe-428f-936c-599df5afd843] Object was deleted but could not be found in the ZRC.
[http://chemistry.apache.org/YWJlZjcwZmQtZGFhNy00ZTU4LWI1ZTEtZDJkMzUwZGRkZGYx-abef70fd-daa7-4e58-b5e1-d2d350ddddf1] Object was created but could not be found in the DRC.
[http://chemistry.apache.org/NTgxNzhiNzctMzJjNC00YzMyLThlYjUtZDQ3NDEyMGEwZjM2-58178b77-32c4-4c32-8eb5-d474120a0f36] Object was created but could not be found in the DRC.
[http://chemistry.apache.org/OTg4ZjIzZmItZjUzNC00N2UyLTk3YTktM2ZkZWNlODFiYTFl-988f23fb-f534-47e2-97a9-3fdece81ba1e] Object was created but could not be found in the DRC.
[http://chemistry.apache.org/NTgxNzhiNzctMzJjNC00YzMyLThlYjUtZDQ3NDEyMGEwZjM2-58178b77-32c4-4c32-8eb5-d474120a0f36] Object was deleted but could not be found in the ZRC.
[http://chemistry.apache.org/OTg4ZjIzZmItZjUzNC00N2UyLTk3YTktM2ZkZWNlODFiYTFl-988f23fb-f534-47e2-97a9-3fdece81ba1e] Object was deleted but could not be found in the ZRC.
[http://chemistry.apache.org/YWJlZjcwZmQtZGFhNy00ZTU4LWI1ZTEtZDJkMzUwZGRkZGYx-abef70fd-daa7-4e58-b5e1-d2d350ddddf1] Object was deleted but could not be found in the ZRC.
[http://chemistry.apache.org/NzA1ZWMzMWYtZWE5ZC00MGNmLWEyYjctOGQwMTIxYzAyMzI0-705ec31f-ea9d-40cf-a2b7-8d0121c02324] Object was created but could not be found in the DRC.
[http://chemistry.apache.org/M2Y1NTc0ZGQtNzZkMi00NTBjLWE4YjYtOTEyNTRmOGQ5YzU5-3f5574dd-76d2-450c-a8b6-91254f8d9c59] Object was created but could not be found in the DRC.
[http://chemistry.apache.org/ZWNlNmQ4YTgtZjZiZi00NjEzLWIxNWEtYTExODc1ZTRhMGFjOzEuMA==-ece6d8a8-f6bf-4613-b15a-a11875e4a0ac] Object was created but could not be found in the DRC.
[http://chemistry.apache.org/ZWNlNmQ4YTgtZjZiZi00NjEzLWIxNWEtYTExODc1ZTRhMGFjOzEuMA==-ece6d8a8-f6bf-4613-b15a-a11875e4a0ac] Object was updated but could not be found in the DRC.
[http://chemistry.apache.org/Zjc0NmJiMGUtMzFlYS00NDQyLTlmMTAtNTRjN2RmZTQyNzI1OzEuMA==-f746bb0e-31ea-4442-9f10-54c7dfe42725] Object was created but could not be found in the DRC.
[http://chemistry.apache.org/Zjc0NmJiMGUtMzFlYS00NDQyLTlmMTAtNTRjN2RmZTQyNzI1OzEuMA==-f746bb0e-31ea-4442-9f10-54c7dfe42725] Object was updated but could not be found in the DRC.
[http://chemistry.apache.org/M2Y1NTc0ZGQtNzZkMi00NTBjLWE4YjYtOTEyNTRmOGQ5YzU5-3f5574dd-76d2-450c-a8b6-91254f8d9c59] Object was deleted but could not be found in the ZRC.
[http://chemistry.apache.org/NzA1ZWMzMWYtZWE5ZC00MGNmLWEyYjctOGQwMTIxYzAyMzI0-705ec31f-ea9d-40cf-a2b7-8d0121c02324] Object was deleted but could not be found in the ZRC.
[http://chemistry.apache.org/ZDA4ZmMzZDctY2Q4Yi00ZWY3LWI4MDgtYWIwY2U2MjEyMWY1-d08fc3d7-cd8b-4ef7-b808-ab0ce62121f5] Object was created but could not be found in the DRC.
[http://chemistry.apache.org/ZGNjNzI5ZDQtYTZlNC00ZDhhLWFiNGItYThiMmY5NzY0MDQ0-dcc729d4-a6e4-4d8a-ab4b-a8b2f9764044] Object was created but could not be found in the DRC.
[http://chemistry.apache.org/YTUzOGFhMGEtODY3YS00NzZhLTk1ZDktYzY1YjUyNmFkMTA0OzEuMA==-a538aa0a-867a-476a-95d9-c65b526ad104] Object was created but could not be found in the DRC.
[http://chemistry.apache.org/YTUzOGFhMGEtODY3YS00NzZhLTk1ZDktYzY1YjUyNmFkMTA0OzEuMA==-a538aa0a-867a-476a-95d9-c65b526ad104] Object was updated but could not be found in the DRC.
[http://chemistry.apache.org/MzAyOGRjNzUtNjc5Mi00ZGNjLWIxOGQtMmM5ZmMzYjRmNjAyOzEuMA==-3028dc75-6792-4dcc-b18d-2c9fc3b4f602] Object was created but could not be found in the DRC.
[http://chemistry.apache.org/MzAyOGRjNzUtNjc5Mi00ZGNjLWIxOGQtMmM5ZmMzYjRmNjAyOzEuMA==-3028dc75-6792-4dcc-b18d-2c9fc3b4f602] Object was updated but could not be found in the DRC.
[http://chemistry.apache.org/ZGNjNzI5ZDQtYTZlNC00ZDhhLWFiNGItYThiMmY5NzY0MDQ0-dcc729d4-a6e4-4d8a-ab4b-a8b2f9764044] Object was deleted but could not be found in the ZRC.
[http://chemistry.apache.org/ZDA4ZmMzZDctY2Q4Yi00ZWY3LWI4MDgtYWIwY2U2MjEyMWY1-d08fc3d7-cd8b-4ef7-b808-ab0ce62121f5] Object was deleted but could not be found in the ZRC.
[http://chemistry.apache.org/YTYzNGRjODMtZTk2OS00OWNjLTk5MDQtODdiNTIyYzI1Yzky-a634dc83-e969-49cc-9904-87b522c25c92] Object was created but could not be found in the DRC.
[http://chemistry.apache.org/OTBlYjY1ZmMtNTMxZS00Mzk5LWE1ZmEtNDE0MWU2NmY1YTI4-90eb65fc-531e-4399-a5fa-4141e66f5a28] Object was created but could not be found in the DRC.
[http://chemistry.apache.org/MDIwYmNiNjQtNzU5MC00Mzk0LWE1YTItYzhlNTc1N2E2MzYzOzEuMA==-020bcb64-7590-4394-a5a2-c8e5757a6363] Object was created but could not be found in the DRC.
[http://chemistry.apache.org/MDIwYmNiNjQtNzU5MC00Mzk0LWE1YTItYzhlNTc1N2E2MzYzOzEuMA==-020bcb64-7590-4394-a5a2-c8e5757a6363] Object was updated but could not be found in the DRC.
[http://chemistry.apache.org/MmFiMWIyY2MtZjZiMS00OWY2LWJmYjYtMGRhZWNjMWZkMWQ1OzEuMA==-2ab1b2cc-f6b1-49f6-bfb6-0daecc1fd1d5] Object was created but could not be found in the DRC.
[http://chemistry.apache.org/MmFiMWIyY2MtZjZiMS00OWY2LWJmYjYtMGRhZWNjMWZkMWQ1OzEuMA==-2ab1b2cc-f6b1-49f6-bfb6-0daecc1fd1d5] Object was updated but could not be found in the DRC.
[http://chemistry.apache.org/OTBlYjY1ZmMtNTMxZS00Mzk5LWE1ZmEtNDE0MWU2NmY1YTI4-90eb65fc-531e-4399-a5fa-4141e66f5a28] Object was deleted but could not be found in the ZRC.
[http://chemistry.apache.org/YTYzNGRjODMtZTk2OS00OWNjLTk5MDQtODdiNTIyYzI1Yzky-a634dc83-e969-49cc-9904-87b522c25c92] Object was deleted but could not be found in the ZRC.
[http://chemistry.apache.org/M2IyODliZDktOWExYi00MTUzLWE5MjEtNDA1NjY0NzBhZmI3-3b289bd9-9a1b-4153-a921-40566470afb7] Object was created but could not be found in the DRC.
[http://chemistry.apache.org/NjE2NjBiODgtOTkyNC00YjRjLWE0ZTgtZjg3MzlhZDdlZGE1-61660b88-9924-4b4c-a4e8-f8739ad7eda5] Object was created but could not be found in the DRC.
[http://chemistry.apache.org/NzgzMGZlMTMtNWYyNS00YTI0LWFiNDMtOTNjM2QyNzdmMjA4OzEuMA==-7830fe13-5f25-4a24-ab43-93c3d277f208] Object was created but could not be found in the DRC.
[http://chemistry.apache.org/NzgzMGZlMTMtNWYyNS00YTI0LWFiNDMtOTNjM2QyNzdmMjA4OzEuMA==-7830fe13-5f25-4a24-ab43-93c3d277f208] Object was updated but could not be found in the DRC.
[http://chemistry.apache.org/NjE2NjBiODgtOTkyNC00YjRjLWE0ZTgtZjg3MzlhZDdlZGE1-61660b88-9924-4b4c-a4e8-f8739ad7eda5] Object was deleted but could not be found in the ZRC.
[http://chemistry.apache.org/M2IyODliZDktOWExYi00MTUzLWE5MjEtNDA1NjY0NzBhZmI3-3b289bd9-9a1b-4153-a921-40566470afb7] Object was deleted but could not be found in the ZRC.
[http://chemistry.apache.org/MjJkZjhjZWMtZDRjOS00YTU2LWExOGMtMDllYmIxNTQ2MzA3-22df8cec-d4c9-4a56-a18c-09ebb1546307] Object was created but could not be found in the DRC.
[http://chemistry.apache.org/ODQxMGNjNmYtZTBlNi00NmI3LWE5NmEtOTBiZTZiNjVmYTM4-8410cc6f-e0e6-46b7-a96a-90be6b65fa38] Object was created but could not be found in the DRC.
[http://chemistry.apache.org/ODljMDNiNTYtYmNkOS00NTQ0LTk0OWQtYWI3NDU4OWVjYjllOzEuMA==-89c03b56-bcd9-4544-949d-ab74589ecb9e] Object was created but could not be found in the DRC.
[http://chemistry.apache.org/ODljMDNiNTYtYmNkOS00NTQ0LTk0OWQtYWI3NDU4OWVjYjllOzEuMA==-89c03b56-bcd9-4544-949d-ab74589ecb9e] Object was updated but could not be found in the DRC.
[http://chemistry.apache.org/ODQxMGNjNmYtZTBlNi00NmI3LWE5NmEtOTBiZTZiNjVmYTM4-8410cc6f-e0e6-46b7-a96a-90be6b65fa38] Object was deleted but could not be found in the ZRC.
[http://chemistry.apache.org/MjJkZjhjZWMtZDRjOS00YTU2LWExOGMtMDllYmIxNTQ2MzA3-22df8cec-d4c9-4a56-a18c-09ebb1546307] Object was deleted but could not be found in the ZRC.
[http://chemistry.apache.org/MGQwMTFjMzYtOWE2MS00N2QxLTljYWItMGI2ZThiNjc2MTRk-0d011c36-9a61-47d1-9cab-0b6e8b67614d] Object was created but could not be found in the DRC.
[http://chemistry.apache.org/ZjgzZTQ4NjEtYmI3Zi00NzBkLThmZTUtNTQ1YTIzMzVkOTk5-f83e4861-bb7f-470d-8fe5-545a2335d999] Object was created but could not be found in the DRC.
[http://chemistry.apache.org/N2U1MDIwYjQtNzRiZC00YWU0LWE0ZTYtMWIxMjhiY2MwNGIzOzEuMA==-7e5020b4-74bd-4ae4-a4e6-1b128bcc04b3] Object was created but could not be found in the DRC.
[http://chemistry.apache.org/N2U1MDIwYjQtNzRiZC00YWU0LWE0ZTYtMWIxMjhiY2MwNGIzOzEuMA==-7e5020b4-74bd-4ae4-a4e6-1b128bcc04b3] Object was updated but could not be found in the DRC.
[http://chemistry.apache.org/N2U1MDIwYjQtNzRiZC00YWU0LWE0ZTYtMWIxMjhiY2MwNGIzOzEuMQ==-7e5020b4-74bd-4ae4-a4e6-1b128bcc04b3] Object was deleted but could not be found in the ZRC.
[http://chemistry.apache.org/ZjgzZTQ4NjEtYmI3Zi00NzBkLThmZTUtNTQ1YTIzMzVkOTk5-f83e4861-bb7f-470d-8fe5-545a2335d999] Object was deleted but could not be found in the ZRC.
[http://chemistry.apache.org/MGQwMTFjMzYtOWE2MS00N2QxLTljYWItMGI2ZThiNjc2MTRk-0d011c36-9a61-47d1-9cab-0b6e8b67614d] Object was deleted but could not be found in the ZRC.
[http://chemistry.apache.org/MzdhMzNkNjEtNDY2NC00OTZmLThhMGUtMTFjMThjZDFiMzA1-37a33d61-4664-496f-8a0e-11c18cd1b305] Object was created but could not be found in the DRC.
[http://chemistry.apache.org/MThmOGNhZDEtNmRkOC00MzIyLWExZjgtYmRhZTJlMzc1NmU2-18f8cad1-6dd8-4322-a1f8-bdae2e3756e6] Object was created but could not be found in the DRC.
[http://chemistry.apache.org/MThmOGNhZDEtNmRkOC00MzIyLWExZjgtYmRhZTJlMzc1NmU2-18f8cad1-6dd8-4322-a1f8-bdae2e3756e6] Object was deleted but could not be found in the ZRC.
[http://chemistry.apache.org/MzdhMzNkNjEtNDY2NC00OTZmLThhMGUtMTFjMThjZDFiMzA1-37a33d61-4664-496f-8a0e-11c18cd1b305] Object was deleted but could not be found in the ZRC.
[http://chemistry.apache.org/Y2ViZTdiNmEtZTdkYi00ZWJhLWE3NjQtYjIxYTQ0MDUxYzcw-cebe7b6a-e7db-4eba-a764-b21a44051c70] Object was created but could not be found in the DRC.
[http://chemistry.apache.org/NGI0ZmE5YTUtOTJkYy00Mzk5LThhYmItODFmYWU4N2I0OWQ4-4b4fa9a5-92dc-4399-8abb-81fae87b49d8] Object was created but could not be found in the DRC.
[http://chemistry.apache.org/YWQxYjNiNjktNzIwMS00ZjkxLTg1M2QtYTQyZDAxNTFkOTliOzEuMA==-ad1b3b69-7201-4f91-853d-a42d0151d99b] Object was created but could not be found in the DRC.
[http://chemistry.apache.org/YWQxYjNiNjktNzIwMS00ZjkxLTg1M2QtYTQyZDAxNTFkOTliOzEuMA==-ad1b3b69-7201-4f91-853d-a42d0151d99b] Object was updated but could not be found in the DRC.
[http://chemistry.apache.org/YWQxYjNiNjktNzIwMS00ZjkxLTg1M2QtYTQyZDAxNTFkOTliOzEuMA==-ad1b3b69-7201-4f91-853d-a42d0151d99b] Object was deleted but could not be found in the ZRC.
[http://chemistry.apache.org/NGI0ZmE5YTUtOTJkYy00Mzk5LThhYmItODFmYWU4N2I0OWQ4-4b4fa9a5-92dc-4399-8abb-81fae87b49d8] Object was deleted but could not be found in the ZRC.
[http://chemistry.apache.org/Y2ViZTdiNmEtZTdkYi00ZWJhLWE3NjQtYjIxYTQ0MDUxYzcw-cebe7b6a-e7db-4eba-a764-b21a44051c70] Object was deleted but could not be found in the ZRC.
[http://chemistry.apache.org/NThjNmFjYmItZTU2MC00NmExLWJlZTAtNjUxNDc3OGM0Mjky-58c6acbb-e560-46a1-bee0-6514778c4292] Object was created but could not be found in the DRC.
[http://chemistry.apache.org/Yjg2N2IxMjEtYjJiOS00MTA4LTk2NDctNmFkNjIzMGVmOTcz-b867b121-b2b9-4108-9647-6ad6230ef973] Object was created but could not be found in the DRC.
[http://chemistry.apache.org/ZWFjZDY3MWItNTg4Yi00MGEyLWE4YTItNWJlNDM1MzMxZThkOzEuMA==-eacd671b-588b-40a2-a8a2-5be435331e8d] Object was created but could not be found in the DRC.
[http://chemistry.apache.org/ZWFjZDY3MWItNTg4Yi00MGEyLWE4YTItNWJlNDM1MzMxZThkOzEuMA==-eacd671b-588b-40a2-a8a2-5be435331e8d] Object was updated but could not be found in the DRC.
[http://chemistry.apache.org/ZWFjZDY3MWItNTg4Yi00MGEyLWE4YTItNWJlNDM1MzMxZThkOzEuMA==-eacd671b-588b-40a2-a8a2-5be435331e8d] Object was deleted but could not be found in the ZRC.
[http://chemistry.apache.org/Yjg2N2IxMjEtYjJiOS00MTA4LTk2NDctNmFkNjIzMGVmOTcz-b867b121-b2b9-4108-9647-6ad6230ef973] Object was deleted but could not be found in the ZRC.
[http://chemistry.apache.org/NThjNmFjYmItZTU2MC00NmExLWJlZTAtNjUxNDc3OGM0Mjky-58c6acbb-e560-46a1-bee0-6514778c4292] Object was deleted but could not be found in the ZRC.
[http://chemistry.apache.org/Mjc5ODcxOGYtYTU1Ni00YzJmLTgyZGUtZTUzOTdhNWU3YjA0-2798718f-a556-4c2f-82de-e5397a5e7b04] Object was created but could not be found in the DRC.
[http://chemistry.apache.org/MWQ2OGI0YjAtZmQ2Ni00ZjFiLWI5MjMtMTU0NTZlNzAwOTA3-1d68b4b0-fd66-4f1b-b923-15456e700907] Object was created but could not be found in the DRC.
[http://chemistry.apache.org/ZWZlZjBhOTMtYTI1ZC00MmYyLThmNzctZmI0N2ZiYWI5YjAzOzEuMA==-efef0a93-a25d-42f2-8f77-fb47fbab9b03] Object was created but could not be found in the DRC.
[http://chemistry.apache.org/ZWZlZjBhOTMtYTI1ZC00MmYyLThmNzctZmI0N2ZiYWI5YjAzOzEuMA==-efef0a93-a25d-42f2-8f77-fb47fbab9b03] Object was updated but could not be found in the DRC.
[http://chemistry.apache.org/ZWZlZjBhOTMtYTI1ZC00MmYyLThmNzctZmI0N2ZiYWI5YjAzOzEuMA==-efef0a93-a25d-42f2-8f77-fb47fbab9b03] Object was deleted but could not be found in the ZRC.
[http://chemistry.apache.org/MWQ2OGI0YjAtZmQ2Ni00ZjFiLWI5MjMtMTU0NTZlNzAwOTA3-1d68b4b0-fd66-4f1b-b923-15456e700907] Object was deleted but could not be found in the ZRC.
[http://chemistry.apache.org/Mjc5ODcxOGYtYTU1Ni00YzJmLTgyZGUtZTUzOTdhNWU3YjA0-2798718f-a556-4c2f-82de-e5397a5e7b04] Object was deleted but could not be found in the ZRC.
[http://chemistry.apache.org/NGYyNmIyNjktNDRkNC00ODRkLTk2OTAtYmE4MWYzMjE0ZjY4-4f26b269-44d4-484d-9690-ba81f3214f68] Object was created but could not be found in the DRC.
[http://chemistry.apache.org/MTQ5ZTE4OTQtMWM2NC00YjI2LTgyZjMtOTIzYWZhOTM0NmU2-149e1894-1c64-4b26-82f3-923afa9346e6] Object was created but could not be found in the DRC.
[http://chemistry.apache.org/MTFlNDUyYTYtZWI0YS00NmVhLTkwOTYtNGQyYTRiZTUxNWRhOzEuMA==-11e452a6-eb4a-46ea-9096-4d2a4be515da] Object was created but could not be found in the DRC.
[http://chemistry.apache.org/MTFlNDUyYTYtZWI0YS00NmVhLTkwOTYtNGQyYTRiZTUxNWRhOzEuMA==-11e452a6-eb4a-46ea-9096-4d2a4be515da] Object was updated but could not be found in the DRC.
[http://chemistry.apache.org/M2FlYzRjMzEtNTQ5NS00MjIzLTk0ZjktMTc5OWE5YWI3Mjcw-3aec4c31-5495-4223-94f9-1799a9ab7270] Object was created but could not be found in the DRC.
[http://chemistry.apache.org/MTFlNDUyYTYtZWI0YS00NmVhLTkwOTYtNGQyYTRiZTUxNWRhOzEuMA==-11e452a6-eb4a-46ea-9096-4d2a4be515da] Object was deleted but could not be found in the ZRC.
[http://chemistry.apache.org/M2FlYzRjMzEtNTQ5NS00MjIzLTk0ZjktMTc5OWE5YWI3Mjcw-3aec4c31-5495-4223-94f9-1799a9ab7270] Object was deleted but could not be found in the ZRC.
[http://chemistry.apache.org/MTQ5ZTE4OTQtMWM2NC00YjI2LTgyZjMtOTIzYWZhOTM0NmU2-149e1894-1c64-4b26-82f3-923afa9346e6] Object was deleted but could not be found in the ZRC.
[http://chemistry.apache.org/NGYyNmIyNjktNDRkNC00ODRkLTk2OTAtYmE4MWYzMjE0ZjY4-4f26b269-44d4-484d-9690-ba81f3214f68] Object was deleted but could not be found in the ZRC.
[http://chemistry.apache.org/ZTI1M2I0YmYtNTgzMy00YmJhLWE4ZTYtZjg5Zjk5YzMyMzQ0-e253b4bf-5833-4bba-a8e6-f89f99c32344] Object was created but could not be found in the DRC.
[http://chemistry.apache.org/ODEyMjQ3MzYtMjA2ZS00ZDQ5LThjMmUtYmVkODhiZjhmMDI5-81224736-206e-4d49-8c2e-bed88bf8f029] Object was created but could not be found in the DRC.
[http://chemistry.apache.org/MDdmYmYzOWQtNDdiOC00MjBkLTk3NTgtMmU2ZDQyZGQxYWM1OzEuMA==-07fbf39d-47b8-420d-9758-2e6d42dd1ac5] Object was created but could not be found in the DRC.
[http://chemistry.apache.org/MDdmYmYzOWQtNDdiOC00MjBkLTk3NTgtMmU2ZDQyZGQxYWM1OzEuMA==-07fbf39d-47b8-420d-9758-2e6d42dd1ac5] Object was updated but could not be found in the DRC.
[http://chemistry.apache.org/MDdmYmYzOWQtNDdiOC00MjBkLTk3NTgtMmU2ZDQyZGQxYWM1OzEuMA==-07fbf39d-47b8-420d-9758-2e6d42dd1ac5] Object was deleted but could not be found in the ZRC.
[http://chemistry.apache.org/ODEyMjQ3MzYtMjA2ZS00ZDQ5LThjMmUtYmVkODhiZjhmMDI5-81224736-206e-4d49-8c2e-bed88bf8f029] Object was deleted but could not be found in the ZRC.
[http://chemistry.apache.org/ZTI1M2I0YmYtNTgzMy00YmJhLWE4ZTYtZjg5Zjk5YzMyMzQ0-e253b4bf-5833-4bba-a8e6-f89f99c32344] Object was deleted but could not be found in the ZRC.
[http://chemistry.apache.org/ZDUzYmNhZTYtMjAyYy00ODhkLTgwMTQtZjM5NDhlNjZkMzFm-d53bcae6-202c-488d-8014-f3948e66d31f] Object was created but could not be found in the DRC.
[http://chemistry.apache.org/YmU4ZGIyZDYtZDJlZS00MTJhLWI4OTctNjgyYzJhNDhkN2M2-be8db2d6-d2ee-412a-b897-682c2a48d7c6] Object was created but could not be found in the DRC.
[http://chemistry.apache.org/MmMyMzJkNWEtZDRkOS00ZDlhLTgxZTMtZmM0MGEwZmQ1NDNkOzEuMA==-2c232d5a-d4d9-4d9a-81e3-fc40a0fd543d] Object was created but could not be found in the DRC.
[http://chemistry.apache.org/MmMyMzJkNWEtZDRkOS00ZDlhLTgxZTMtZmM0MGEwZmQ1NDNkOzEuMA==-2c232d5a-d4d9-4d9a-81e3-fc40a0fd543d] Object was updated but could not be found in the DRC.
[http://chemistry.apache.org/MmMyMzJkNWEtZDRkOS00ZDlhLTgxZTMtZmM0MGEwZmQ1NDNkOzEuMA==-2c232d5a-d4d9-4d9a-81e3-fc40a0fd543d] Object was deleted but could not be found in the ZRC.
[http://chemistry.apache.org/Y2EwYzUwNzUtZDJlZi00ZmE5LWEzMWEtMzMwYjNmMjRlZWJi-ca0c5075-d2ef-4fa9-a31a-330b3f24eebb] Object was created but could not be found in the DRC.
[http://chemistry.apache.org/Y2EwYzUwNzUtZDJlZi00ZmE5LWEzMWEtMzMwYjNmMjRlZWJi-ca0c5075-d2ef-4fa9-a31a-330b3f24eebb] Object was deleted but could not be found in the ZRC.
[http://chemistry.apache.org/YmU4ZGIyZDYtZDJlZS00MTJhLWI4OTctNjgyYzJhNDhkN2M2-be8db2d6-d2ee-412a-b897-682c2a48d7c6] Object was deleted but could not be found in the ZRC.
[http://chemistry.apache.org/ZDUzYmNhZTYtMjAyYy00ODhkLTgwMTQtZjM5NDhlNjZkMzFm-d53bcae6-202c-488d-8014-f3948e66d31f] Object was deleted but could not be found in the ZRC.
[http://chemistry.apache.org/YmI0MjY4ZGQtYThiNi00MzY3LWI0ZTktZDk4YWUxNWMyMDdiOzEuMA==-bb4268dd-a8b6-4367-b4e9-d98ae15c207b] Object was created but could not be found in the DRC.
[http://chemistry.apache.org/YmI0MjY4ZGQtYThiNi00MzY3LWI0ZTktZDk4YWUxNWMyMDdiOzEuMA==-bb4268dd-a8b6-4367-b4e9-d98ae15c207b] Object was updated but could not be found in the DRC.
[http://chemistry.apache.org/YzMzMGFkOTUtMzBiNS00MDhhLTg3NjUtOTU4YmQ5YjNkZDEw-c330ad95-30b5-408a-8765-958bd9b3dd10] Object was created but could not be found in the DRC.
[http://chemistry.apache.org/OGYxODZmOGItZDRlOC00OTNlLWJmMzAtMTBhOTBhZmZhNzkx-8f186f8b-d4e8-493e-bf30-10a90affa791] Object was created but could not be found in the DRC.
[http://chemistry.apache.org/OGYxODZmOGItZDRlOC00OTNlLWJmMzAtMTBhOTBhZmZhNzkx-8f186f8b-d4e8-493e-bf30-10a90affa791] Object was deleted but could not be found in the ZRC.
[http://chemistry.apache.org/YzMzMGFkOTUtMzBiNS00MDhhLTg3NjUtOTU4YmQ5YjNkZDEw-c330ad95-30b5-408a-8765-958bd9b3dd10] Object was deleted but could not be found in the ZRC.
[http://chemistry.apache.org/YWQxZGUzZWUtZTRjMC00MzA4LTk5ODItOWEyM2Q3OGEyZTE5-ad1de3ee-e4c0-4308-9982-9a23d78a2e19] Object was created but could not be found in the DRC.
[http://chemistry.apache.org/MThkMmFhYTAtZTE5ZC00MWY4LTkxNGEtMzk3ZmUzMmU4YjUx-18d2aaa0-e19d-41f8-914a-397fe32e8b51] Object was created but could not be found in the DRC.
[http://chemistry.apache.org/MThkMmFhYTAtZTE5ZC00MWY4LTkxNGEtMzk3ZmUzMmU4YjUx-18d2aaa0-e19d-41f8-914a-397fe32e8b51] Object was deleted but could not be found in the ZRC.
[http://chemistry.apache.org/YWQxZGUzZWUtZTRjMC00MzA4LTk5ODItOWEyM2Q3OGEyZTE5-ad1de3ee-e4c0-4308-9982-9a23d78a2e19] Object was deleted but could not be found in the ZRC.
[http://chemistry.apache.org/YjU3MDE2MDEtYjgwYS00M2NiLTk5ZGYtY2YzYzE4N2U2MzAx-b5701601-b80a-43cb-99df-cf3c187e6301] Object was created but could not be found in the DRC.
[http://chemistry.apache.org/ODJhYzk1ZWUtYmYxNy00ZDUzLWI1ZWItN2YyYmE2OGJjMDRi-82ac95ee-bf17-4d53-b5eb-7f2ba68bc04b] Object was created but could not be found in the DRC.
[http://chemistry.apache.org/NzI1ZmMxNmUtODIwMi00OGFlLTkwZDAtNjA0NDUzN2ZjYTRhOzEuMA==-725fc16e-8202-48ae-90d0-6044537fca4a] Object was created but could not be found in the DRC.
[http://chemistry.apache.org/NzI1ZmMxNmUtODIwMi00OGFlLTkwZDAtNjA0NDUzN2ZjYTRhOzEuMA==-725fc16e-8202-48ae-90d0-6044537fca4a] Object was updated but could not be found in the DRC.
[http://chemistry.apache.org/ODI2MDhkOTUtYjZlYS00ZWQyLWEwYTAtYjJkODk4ZGU2NjZhOzEuMA==-82608d95-b6ea-4ed2-a0a0-b2d898de666a] Object was created but could not be found in the DRC.
[http://chemistry.apache.org/ODI2MDhkOTUtYjZlYS00ZWQyLWEwYTAtYjJkODk4ZGU2NjZhOzEuMA==-82608d95-b6ea-4ed2-a0a0-b2d898de666a] Object was updated but could not be found in the DRC.
[http://chemistry.apache.org/ODJhYzk1ZWUtYmYxNy00ZDUzLWI1ZWItN2YyYmE2OGJjMDRi-82ac95ee-bf17-4d53-b5eb-7f2ba68bc04b] Object was deleted but could not be found in the ZRC.
[http://chemistry.apache.org/YjU3MDE2MDEtYjgwYS00M2NiLTk5ZGYtY2YzYzE4N2U2MzAx-b5701601-b80a-43cb-99df-cf3c187e6301] Object was deleted but could not be found in the ZRC.
[http://chemistry.apache.org/ODljZGMyYmYtM2Q2Mi00YWM2LWIwOTMtZjNhMGMxNjZkOTg2-89cdc2bf-3d62-4ac6-b093-f3a0c166d986] Object was created but could not be found in the DRC.
[http://chemistry.apache.org/ZDlmOTkyYTctMzM3ZC00MTFmLWFhNmYtYzA0MTgzNWVjMWIz-d9f992a7-337d-411f-aa6f-c041835ec1b3] Object was created but could not be found in the DRC.
[http://chemistry.apache.org/NDJiMGE3MTUtZTdmOS00OWU2LTk1YTAtMmRiNWI3YzkwNzc1OzEuMA==-42b0a715-e7f9-49e6-95a0-2db5b7c90775] Object was created but could not be found in the DRC.
[http://chemistry.apache.org/NDJiMGE3MTUtZTdmOS00OWU2LTk1YTAtMmRiNWI3YzkwNzc1OzEuMA==-42b0a715-e7f9-49e6-95a0-2db5b7c90775] Object was updated but could not be found in the DRC.
[http://chemistry.apache.org/ZDlmOTkyYTctMzM3ZC00MTFmLWFhNmYtYzA0MTgzNWVjMWIz-d9f992a7-337d-411f-aa6f-c041835ec1b3] Object was deleted but could not be found in the ZRC.
[http://chemistry.apache.org/ODljZGMyYmYtM2Q2Mi00YWM2LWIwOTMtZjNhMGMxNjZkOTg2-89cdc2bf-3d62-4ac6-b093-f3a0c166d986] Object was deleted but could not be found in the ZRC.
[http://chemistry.apache.org/OTU5ZWM5OWEtYTU0My00ZWI5LTk2OTYtZThmYTM2MThmNDgw-959ec99a-a543-4eb9-9696-e8fa3618f480] Object was created but could not be found in the DRC.
[http://chemistry.apache.org/MjE1MmE1NjUtZDI1Mi00YTY0LTlmNGItZTdkYjU4ZmJmZGQ5-2152a565-d252-4a64-9f4b-e7db58fbfdd9] Object was created but could not be found in the DRC.
[http://chemistry.apache.org/Y2VjMmNiNGUtNjZiMy00NDEzLTgxMmMtYWM2NWM3ZThhMjQyOzEuMA==-cec2cb4e-66b3-4413-812c-ac65c7e8a242] Object was created but could not be found in the DRC.
[http://chemistry.apache.org/Y2VjMmNiNGUtNjZiMy00NDEzLTgxMmMtYWM2NWM3ZThhMjQyOzEuMA==-cec2cb4e-66b3-4413-812c-ac65c7e8a242] Object was updated but could not be found in the DRC.
[http://chemistry.apache.org/ZGVlZWMzZmEtY2NkYy00Mzc1LWI0MjMtYTZlOWZiY2IxNTA2OzEuMA==-deeec3fa-ccdc-4375-b423-a6e9fbcb1506] Object was created but could not be found in the DRC.
[http://chemistry.apache.org/ZGVlZWMzZmEtY2NkYy00Mzc1LWI0MjMtYTZlOWZiY2IxNTA2OzEuMA==-deeec3fa-ccdc-4375-b423-a6e9fbcb1506] Object was updated but could not be found in the DRC.
[http://chemistry.apache.org/MjE1MmE1NjUtZDI1Mi00YTY0LTlmNGItZTdkYjU4ZmJmZGQ5-2152a565-d252-4a64-9f4b-e7db58fbfdd9] Object was deleted but could not be found in the ZRC.
[http://chemistry.apache.org/OTU5ZWM5OWEtYTU0My00ZWI5LTk2OTYtZThmYTM2MThmNDgw-959ec99a-a543-4eb9-9696-e8fa3618f480] Object was deleted but could not be found in the ZRC.
[http://chemistry.apache.org/ZjBhM2JmOGQtYTYzMC00MWUyLTllNDctODY5MmUzMjA0YzUw-f0a3bf8d-a630-41e2-9e47-8692e3204c50] Object was created but could not be found in the DRC.
[http://chemistry.apache.org/ZmZmOGM3OTQtNjY4Ni00MDM4LWFjMmMtNTEzYTE3NjZhNTUz-fff8c794-6686-4038-ac2c-513a1766a553] Object was created but could not be found in the DRC.
[http://chemistry.apache.org/ZWMwZjE1NjgtMGRkZC00MTQ0LTg3Y2ItOTMxNTNkNzg0MWI5OzEuMA==-ec0f1568-0ddd-4144-87cb-93153d7841b9] Object was created but could not be found in the DRC.
[http://chemistry.apache.org/ZWMwZjE1NjgtMGRkZC00MTQ0LTg3Y2ItOTMxNTNkNzg0MWI5OzEuMA==-ec0f1568-0ddd-4144-87cb-93153d7841b9] Object was updated but could not be found in the DRC.
[http://chemistry.apache.org/Mzk2MTkzMjQtYjg4Zi00YmNhLWIxYWEtZDkxMzgxYWE0Y2ViOzEuMA==-39619324-b88f-4bca-b1aa-d91381aa4ceb] Object was created but could not be found in the DRC.
[http://chemistry.apache.org/Mzk2MTkzMjQtYjg4Zi00YmNhLWIxYWEtZDkxMzgxYWE0Y2ViOzEuMA==-39619324-b88f-4bca-b1aa-d91381aa4ceb] Object was updated but could not be found in the DRC.
[http://chemistry.apache.org/Mzk2MTkzMjQtYjg4Zi00YmNhLWIxYWEtZDkxMzgxYWE0Y2ViOzEuMA==-39619324-b88f-4bca-b1aa-d91381aa4ceb] Object was deleted but could not be found in the ZRC.
[http://chemistry.apache.org/Y2QxZGE5NjAtYTcxMy00YTcyLTg5YzAtMmIxNDdlOGYzNTZmOzEuMA==-cd1da960-a713-4a72-89c0-2b147e8f356f] Object was created but could not be found in the DRC.
[http://chemistry.apache.org/Y2QxZGE5NjAtYTcxMy00YTcyLTg5YzAtMmIxNDdlOGYzNTZmOzEuMA==-cd1da960-a713-4a72-89c0-2b147e8f356f] Object was updated but could not be found in the DRC.
[http://chemistry.apache.org/ZWMwZjE1NjgtMGRkZC00MTQ0LTg3Y2ItOTMxNTNkNzg0MWI5OzEuMA==-ec0f1568-0ddd-4144-87cb-93153d7841b9] Object was deleted but could not be found in the ZRC.
[http://chemistry.apache.org/Y2QxZGE5NjAtYTcxMy00YTcyLTg5YzAtMmIxNDdlOGYzNTZmOzEuMA==-cd1da960-a713-4a72-89c0-2b147e8f356f] Object was deleted but could not be found in the ZRC.
[http://chemistry.apache.org/ZmZmOGM3OTQtNjY4Ni00MDM4LWFjMmMtNTEzYTE3NjZhNTUz-fff8c794-6686-4038-ac2c-513a1766a553] Object was deleted but could not be found in the ZRC.
[http://chemistry.apache.org/ZjBhM2JmOGQtYTYzMC00MWUyLTllNDctODY5MmUzMjA0YzUw-f0a3bf8d-a630-41e2-9e47-8692e3204c50] Object was deleted but could not be found in the ZRC.
[http://chemistry.apache.org/M2MwYTU2NGMtOTViNy00MTkzLWIwMmItYjZhZDNlMTU5ZTZm-3c0a564c-95b7-4193-b02b-b6ad3e159e6f] Object was created but could not be found in the DRC.
[http://chemistry.apache.org/Y2RmZGZkMGUtMmMzNy00YTNhLThkYTctMWE3N2Q1MzUzMDJh-cdfdfd0e-2c37-4a3a-8da7-1a77d535302a] Object was created but could not be found in the DRC.
[http://chemistry.apache.org/MzIyZGE2MWItZjcwMi00NjEyLTlkY2QtODIyMTU5YTQwNWMwOzEuMA==-322da61b-f702-4612-9dcd-822159a405c0] Object was created but could not be found in the DRC.
[http://chemistry.apache.org/MzIyZGE2MWItZjcwMi00NjEyLTlkY2QtODIyMTU5YTQwNWMwOzEuMA==-322da61b-f702-4612-9dcd-822159a405c0] Object was updated but could not be found in the DRC.
[http://chemistry.apache.org/NWE5OGU4OGQtNjM2Ny00NDgyLTk3YjYtMzJmNzMxMWJjZjQ5OzEuMA==-5a98e88d-6367-4482-97b6-32f7311bcf49] Object was created but could not be found in the DRC.
[http://chemistry.apache.org/NWE5OGU4OGQtNjM2Ny00NDgyLTk3YjYtMzJmNzMxMWJjZjQ5OzEuMA==-5a98e88d-6367-4482-97b6-32f7311bcf49] Object was updated but could not be found in the DRC.
[http://chemistry.apache.org/MzIyZGE2MWItZjcwMi00NjEyLTlkY2QtODIyMTU5YTQwNWMwOzEuMA==-322da61b-f702-4612-9dcd-822159a405c0] Object was deleted but could not be found in the ZRC.
[http://chemistry.apache.org/NWE5OGU4OGQtNjM2Ny00NDgyLTk3YjYtMzJmNzMxMWJjZjQ5OzEuMA==-5a98e88d-6367-4482-97b6-32f7311bcf49] Object was deleted but could not be found in the ZRC.
[http://chemistry.apache.org/Y2RmZGZkMGUtMmMzNy00YTNhLThkYTctMWE3N2Q1MzUzMDJh-cdfdfd0e-2c37-4a3a-8da7-1a77d535302a] Object was deleted but could not be found in the ZRC.
[http://chemistry.apache.org/M2MwYTU2NGMtOTViNy00MTkzLWIwMmItYjZhZDNlMTU5ZTZm-3c0a564c-95b7-4193-b02b-b6ad3e159e6f] Object was deleted but could not be found in the ZRC.
[http://chemistry.apache.org/ZmViZDBhMzctZmQ1My00MjE5LTlhNzMtNjg2MWFmODIzNGIz-febd0a37-fd53-4219-9a73-6861af8234b3] Object was created but could not be found in the DRC.
[http://chemistry.apache.org/NDViNTliMzYtZDM5MS00ZWJmLWJjOTItODQ3ZGM1NTg3N2I4-45b59b36-d391-4ebf-bc92-847dc55877b8] Object was created but could not be found in the DRC.
[http://chemistry.apache.org/ZTljZTE0MWUtNDk3Yi00NTIzLWFhMzktNzc5NTA1MWIyYTU4OzEuMA==-e9ce141e-497b-4523-aa39-7795051b2a58] Object was created but could not be found in the DRC.
[http://chemistry.apache.org/ZTljZTE0MWUtNDk3Yi00NTIzLWFhMzktNzc5NTA1MWIyYTU4OzEuMA==-e9ce141e-497b-4523-aa39-7795051b2a58] Object was updated but could not be found in the DRC.
[http://chemistry.apache.org/MWY4NTE1MmQtMGIwMC00NzQxLTkyZDctNGJmZDQyYjMxMTMyOzEuMA==-1f85152d-0b00-4741-92d7-4bfd42b31132] Object was created but could not be found in the DRC.
[http://chemistry.apache.org/MWY4NTE1MmQtMGIwMC00NzQxLTkyZDctNGJmZDQyYjMxMTMyOzEuMA==-1f85152d-0b00-4741-92d7-4bfd42b31132] Object was updated but could not be found in the DRC.
[http://chemistry.apache.org/ZTljZTE0MWUtNDk3Yi00NTIzLWFhMzktNzc5NTA1MWIyYTU4OzEuMA==-e9ce141e-497b-4523-aa39-7795051b2a58] Object was deleted but could not be found in the ZRC.
[http://chemistry.apache.org/MWY4NTE1MmQtMGIwMC00NzQxLTkyZDctNGJmZDQyYjMxMTMyOzEuMA==-1f85152d-0b00-4741-92d7-4bfd42b31132] Object was deleted but could not be found in the ZRC.
[http://chemistry.apache.org/NDViNTliMzYtZDM5MS00ZWJmLWJjOTItODQ3ZGM1NTg3N2I4-45b59b36-d391-4ebf-bc92-847dc55877b8] Object was deleted but could not be found in the ZRC.
[http://chemistry.apache.org/ZmViZDBhMzctZmQ1My00MjE5LTlhNzMtNjg2MWFmODIzNGIz-febd0a37-fd53-4219-9a73-6861af8234b3] Object was deleted but could not be found in the ZRC.
[http://chemistry.apache.org/Y2Q0MzVjNzUtYTUxZS00ZGFlLWI4ZmMtYjI0MGJlMjJkZDkz-cd435c75-a51e-4dae-b8fc-b240be22dd93] Object was created but could not be found in the DRC.
[http://chemistry.apache.org/Y2ZhNjY5NjUtMmY1Yi00MDgwLWE2ZTYtODRlNjIyMGViMjYz-cfa66965-2f5b-4080-a6e6-84e6220eb263] Object was created but could not be found in the DRC.
[http://chemistry.apache.org/ODNmMmZhNTQtYmMzMi00NDdlLThlOGQtNmM3ZTdhNzAyNjc5OzEuMA==-83f2fa54-bc32-447e-8e8d-6c7e7a702679] Object was created but could not be found in the DRC.
[http://chemistry.apache.org/ODNmMmZhNTQtYmMzMi00NDdlLThlOGQtNmM3ZTdhNzAyNjc5OzEuMA==-83f2fa54-bc32-447e-8e8d-6c7e7a702679] Object was updated but could not be found in the DRC.
[http://chemistry.apache.org/Zjg2ODEzZmEtMzY2ZC00MGI2LWI3NWQtNWUwNTdhMmQ3ZDQxOzEuMA==-f86813fa-366d-40b6-b75d-5e057a2d7d41] Object was created but could not be found in the DRC.
[http://chemistry.apache.org/Zjg2ODEzZmEtMzY2ZC00MGI2LWI3NWQtNWUwNTdhMmQ3ZDQxOzEuMA==-f86813fa-366d-40b6-b75d-5e057a2d7d41] Object was updated but could not be found in the DRC.
[http://chemistry.apache.org/ODNmMmZhNTQtYmMzMi00NDdlLThlOGQtNmM3ZTdhNzAyNjc5OzEuMA==-83f2fa54-bc32-447e-8e8d-6c7e7a702679] Object was deleted but could not be found in the ZRC.
[http://chemistry.apache.org/Zjg2ODEzZmEtMzY2ZC00MGI2LWI3NWQtNWUwNTdhMmQ3ZDQxOzEuMA==-f86813fa-366d-40b6-b75d-5e057a2d7d41] Object was deleted but could not be found in the ZRC.
[http://chemistry.apache.org/Y2ZhNjY5NjUtMmY1Yi00MDgwLWE2ZTYtODRlNjIyMGViMjYz-cfa66965-2f5b-4080-a6e6-84e6220eb263] Object was deleted but could not be found in the ZRC.
[http://chemistry.apache.org/Y2Q0MzVjNzUtYTUxZS00ZGFlLWI4ZmMtYjI0MGJlMjJkZDkz-cd435c75-a51e-4dae-b8fc-b240be22dd93] Object was deleted but could not be found in the ZRC.
[http://chemistry.apache.org/NDljODM4YjgtNTU5Yi00OTZiLWJmNmQtZDBkOTM1NTdjYzNk-49c838b8-559b-496b-bf6d-d0d93557cc3d] Object was created but could not be found in the DRC.
[http://chemistry.apache.org/OWQyYWZkNTItNmEyNC00ZDNjLWFlZmYtODQ4NWU3YzVhNzJk-9d2afd52-6a24-4d3c-aeff-8485e7c5a72d] Object was created but could not be found in the DRC.
[http://chemistry.apache.org/OWQyYWZkNTItNmEyNC00ZDNjLWFlZmYtODQ4NWU3YzVhNzJk-9d2afd52-6a24-4d3c-aeff-8485e7c5a72d] Object was deleted but could not be found in the ZRC.
[http://chemistry.apache.org/NDljODM4YjgtNTU5Yi00OTZiLWJmNmQtZDBkOTM1NTdjYzNk-49c838b8-559b-496b-bf6d-d0d93557cc3d] Object was deleted but could not be found in the ZRC.
[http://chemistry.apache.org/YjQ4MWViYmYtNDdkOC00Zjc4LTg5YTQtMzE1NTI1ZGQyOGNk-b481ebbf-47d8-4f78-89a4-315525dd28cd] Object was created but could not be found in the DRC.
[http://chemistry.apache.org/YjBkNzczMjYtYzBkMy00MmQ2LTkyOGUtZGY4NWFkOWUwYzBk-b0d77326-c0d3-42d6-928e-df85ad9e0c0d] Object was created but could not be found in the DRC.
[http://chemistry.apache.org/YjBkNzczMjYtYzBkMy00MmQ2LTkyOGUtZGY4NWFkOWUwYzBk-b0d77326-c0d3-42d6-928e-df85ad9e0c0d] Object was deleted but could not be found in the ZRC.
[http://chemistry.apache.org/YjQ4MWViYmYtNDdkOC00Zjc4LTg5YTQtMzE1NTI1ZGQyOGNk-b481ebbf-47d8-4f78-89a4-315525dd28cd] Object was deleted but could not be found in the ZRC.
[http://chemistry.apache.org/ODZhNWZhNmYtOWM0Zi00Y2E4LThkNDgtNzYxNmNjNzNmM2Zk-86a5fa6f-9c4f-4ca8-8d48-7616cc73f3fd] Object was created but could not be found in the DRC.
[http://chemistry.apache.org/MTk5YzhkZmItNWQ4ZS00OWY4LTg4N2UtYjVkZWQ0YTc4MzBh-199c8dfb-5d8e-49f8-887e-b5ded4a7830a] Object was created but could not be found in the DRC.
[http://chemistry.apache.org/MTk5YzhkZmItNWQ4ZS00OWY4LTg4N2UtYjVkZWQ0YTc4MzBh-199c8dfb-5d8e-49f8-887e-b5ded4a7830a] Object was deleted but could not be found in the ZRC.
[http://chemistry.apache.org/ODZhNWZhNmYtOWM0Zi00Y2E4LThkNDgtNzYxNmNjNzNmM2Zk-86a5fa6f-9c4f-4ca8-8d48-7616cc73f3fd] Object was deleted but could not be found in the ZRC.
[http://chemistry.apache.org/NjJkYTQyZWUtYTJjYi00NmFiLTg0YzItOWExMzU1NDUzYTZh-62da42ee-a2cb-46ab-84c2-9a1355453a6a] Object was created but could not be found in the DRC.
[http://chemistry.apache.org/YTU2NzM1ODMtYTdlOC00ZWFmLTk0MDMtZTUwZTkxZDUzNjNl-a5673583-a7e8-4eaf-9403-e50e91d5363e] Object was created but could not be found in the DRC.
[http://chemistry.apache.org/NmExOGU3ZjItNThmZi00ZWU4LWJkMDktMjBjMDcxMGZkYjlh-6a18e7f2-58ff-4ee8-bd09-20c0710fdb9a] Object was created but could not be found in the DRC.
[http://chemistry.apache.org/YTU2NzM1ODMtYTdlOC00ZWFmLTk0MDMtZTUwZTkxZDUzNjNl-a5673583-a7e8-4eaf-9403-e50e91d5363e] Object was deleted but could not be found in the ZRC.
[http://chemistry.apache.org/NmExOGU3ZjItNThmZi00ZWU4LWJkMDktMjBjMDcxMGZkYjlh-6a18e7f2-58ff-4ee8-bd09-20c0710fdb9a] Object was deleted but could not be found in the ZRC.
[http://chemistry.apache.org/NjJkYTQyZWUtYTJjYi00NmFiLTg0YzItOWExMzU1NDUzYTZh-62da42ee-a2cb-46ab-84c2-9a1355453a6a] Object was deleted but could not be found in the ZRC.
[http://chemistry.apache.org/NDkwYWVkMTMtMTM1MC00NzNjLWI4YmYtMDJkYjY2MTc1ZDkz-490aed13-1350-473c-b8bf-02db66175d93] Object was created but could not be found in the DRC.
[http://chemistry.apache.org/MWMzYTM4YzAtNDJjYy00NjFmLTg1MWItZTlhZGQxNmE3NzMz-1c3a38c0-42cc-461f-851b-e9add16a7733] Object was created but could not be found in the DRC.
[http://chemistry.apache.org/MDQ3NGI1NTQtZWJjNC00NWZmLThiMTAtNjk4Mjg0ZDJmZjllOzEuMA==-0474b554-ebc4-45ff-8b10-698284d2ff9e] Object was created but could not be found in the DRC.
[http://chemistry.apache.org/MDQ3NGI1NTQtZWJjNC00NWZmLThiMTAtNjk4Mjg0ZDJmZjllOzEuMA==-0474b554-ebc4-45ff-8b10-698284d2ff9e] Object was updated but could not be found in the DRC.
[http://chemistry.apache.org/ZTRkZDE3ODYtMjUzMC00ODkwLWI3ZDAtYjUyNTM2ZGMwYzI5OzEuMA==-e4dd1786-2530-4890-b7d0-b52536dc0c29] Object was created but could not be found in the DRC.
[http://chemistry.apache.org/ZTRkZDE3ODYtMjUzMC00ODkwLWI3ZDAtYjUyNTM2ZGMwYzI5OzEuMA==-e4dd1786-2530-4890-b7d0-b52536dc0c29] Object was updated but could not be found in the DRC.
[http://chemistry.apache.org/MWMzYTM4YzAtNDJjYy00NjFmLTg1MWItZTlhZGQxNmE3NzMz-1c3a38c0-42cc-461f-851b-e9add16a7733] Object was deleted but could not be found in the ZRC.
[http://chemistry.apache.org/NDkwYWVkMTMtMTM1MC00NzNjLWI4YmYtMDJkYjY2MTc1ZDkz-490aed13-1350-473c-b8bf-02db66175d93] Object was deleted but could not be found in the ZRC.
[http://chemistry.apache.org/Y2EzNjMzMzMtZTJiZC00MWNlLTljYjMtNTZhYTY5M2ExMTVk-ca363333-e2bd-41ce-9cb3-56aa693a115d] Object was created but could not be found in the DRC.
[http://chemistry.apache.org/MTYzMzRmZDMtZDYyMC00OTUyLTgxZmEtZjRjMmQ2ZWI4NmRk-16334fd3-d620-4952-81fa-f4c2d6eb86dd] Object was created but could not be found in the DRC.
[http://chemistry.apache.org/YWNhYzNkNTYtYTIwMi00YzgzLTg0NjgtMmM5NDQ0MTJlMDE3OzEuMA==-acac3d56-a202-4c83-8468-2c944412e017] Object was created but could not be found in the DRC.
[http://chemistry.apache.org/YWNhYzNkNTYtYTIwMi00YzgzLTg0NjgtMmM5NDQ0MTJlMDE3OzEuMA==-acac3d56-a202-4c83-8468-2c944412e017] Object was updated but could not be found in the DRC.
[http://chemistry.apache.org/NzMyMTI4MjAtNGQ2Mi00ZWUyLWE4ZTctMDgwMDY5MTA2OTRjOzEuMA==-73212820-4d62-4ee2-a8e7-08006910694c] Object was created but could not be found in the DRC.
[http://chemistry.apache.org/NzMyMTI4MjAtNGQ2Mi00ZWUyLWE4ZTctMDgwMDY5MTA2OTRjOzEuMA==-73212820-4d62-4ee2-a8e7-08006910694c] Object was updated but could not be found in the DRC.
[http://chemistry.apache.org/MTYzMzRmZDMtZDYyMC00OTUyLTgxZmEtZjRjMmQ2ZWI4NmRk-16334fd3-d620-4952-81fa-f4c2d6eb86dd] Object was deleted but could not be found in the ZRC.
[http://chemistry.apache.org/Y2EzNjMzMzMtZTJiZC00MWNlLTljYjMtNTZhYTY5M2ExMTVk-ca363333-e2bd-41ce-9cb3-56aa693a115d] Object was deleted but could not be found in the ZRC.
[http://chemistry.apache.org/Y2M1YzYzZjgtMGZlMy00ZmMyLThkMTYtMWJhOGViODUxNzZh-cc5c63f8-0fe3-4fc2-8d16-1ba8eb85176a] Object was created but could not be found in the DRC.
[http://chemistry.apache.org/NjE1NjI5YzYtOWZmZC00NDZjLWIzNzItYTM5ODU2NzYwYmQz-615629c6-9ffd-446c-b372-a39856760bd3] Object was created but could not be found in the DRC.
[http://chemistry.apache.org/YjYzZmUzN2YtYzM0Yi00ZjY4LTkzYTgtN2VhMGFmNzAwNTc5OzEuMA==-b63fe37f-c34b-4f68-93a8-7ea0af700579] Object was created but could not be found in the DRC.
[http://chemistry.apache.org/YjYzZmUzN2YtYzM0Yi00ZjY4LTkzYTgtN2VhMGFmNzAwNTc5OzEuMA==-b63fe37f-c34b-4f68-93a8-7ea0af700579] Object was updated but could not be found in the DRC.
[http://chemistry.apache.org/ZWNkNmU0ZmQtYzM5Yi00ODY3LWFkMzYtMWZmM2ZhMGYwYjQyOzEuMA==-ecd6e4fd-c39b-4867-ad36-1ff3fa0f0b42] Object was created but could not be found in the DRC.
[http://chemistry.apache.org/ZWNkNmU0ZmQtYzM5Yi00ODY3LWFkMzYtMWZmM2ZhMGYwYjQyOzEuMA==-ecd6e4fd-c39b-4867-ad36-1ff3fa0f0b42] Object was updated but could not be found in the DRC.
[http://chemistry.apache.org/NjE1NjI5YzYtOWZmZC00NDZjLWIzNzItYTM5ODU2NzYwYmQz-615629c6-9ffd-446c-b372-a39856760bd3] Object was deleted but could not be found in the ZRC.
[http://chemistry.apache.org/Y2M1YzYzZjgtMGZlMy00ZmMyLThkMTYtMWJhOGViODUxNzZh-cc5c63f8-0fe3-4fc2-8d16-1ba8eb85176a] Object was deleted but could not be found in the ZRC.
[http://chemistry.apache.org/OWU5OTQ4M2UtNDY5MS00M2M4LTg4MTktZjYxYTBkN2RjY2Vm-9e99483e-4691-43c8-8819-f61a0d7dccef] Object was created but could not be found in the DRC.
[http://chemistry.apache.org/NjNkMzJlMjktOGJlNC00ZmVjLWI5ZjktNGI0ZjExMjI0NGE5-63d32e29-8be4-4fec-b9f9-4b4f112244a9] Object was created but could not be found in the DRC.
[http://chemistry.apache.org/MWY5YzdhOTMtZjg4MC00ZmE0LWIxYzktZjk5OWU2Njg0MGJmOzEuMA==-1f9c7a93-f880-4fa4-b1c9-f999e66840bf] Object was created but could not be found in the DRC.
[http://chemistry.apache.org/MWY5YzdhOTMtZjg4MC00ZmE0LWIxYzktZjk5OWU2Njg0MGJmOzEuMA==-1f9c7a93-f880-4fa4-b1c9-f999e66840bf] Object was updated but could not be found in the DRC.
[http://chemistry.apache.org/NjNkMzJlMjktOGJlNC00ZmVjLWI5ZjktNGI0ZjExMjI0NGE5-63d32e29-8be4-4fec-b9f9-4b4f112244a9] Object was deleted but could not be found in the ZRC.
[http://chemistry.apache.org/OWU5OTQ4M2UtNDY5MS00M2M4LTg4MTktZjYxYTBkN2RjY2Vm-9e99483e-4691-43c8-8819-f61a0d7dccef] Object was deleted but could not be found in the ZRC.
[http://chemistry.apache.org/M2NmY2MyNzktOTc2YS00ZjdkLWJlNGYtYWFiNzJlM2M4ZDQ3-3cfcc279-976a-4f7d-be4f-aab72e3c8d47] Object was created but could not be found in the DRC.
[http://chemistry.apache.org/NmE2YmNmM2UtMGZiYi00NmI4LTgzNjctOTkzYzdmYWU3NTUw-6a6bcf3e-0fbb-46b8-8367-993c7fae7550] Object was created but could not be found in the DRC.
[http://chemistry.apache.org/ZjgxZGY3Y2UtNzU4Yy00ODAzLTk3NmEtNmEyMDBjNDQzN2M1OzEuMA==-f81df7ce-758c-4803-976a-6a200c4437c5] Object was created but could not be found in the DRC.
[http://chemistry.apache.org/ZjgxZGY3Y2UtNzU4Yy00ODAzLTk3NmEtNmEyMDBjNDQzN2M1OzEuMA==-f81df7ce-758c-4803-976a-6a200c4437c5] Object was updated but could not be found in the DRC.
[http://chemistry.apache.org/NmE2YmNmM2UtMGZiYi00NmI4LTgzNjctOTkzYzdmYWU3NTUw-6a6bcf3e-0fbb-46b8-8367-993c7fae7550] Object was deleted but could not be found in the ZRC.
[http://chemistry.apache.org/M2NmY2MyNzktOTc2YS00ZjdkLWJlNGYtYWFiNzJlM2M4ZDQ3-3cfcc279-976a-4f7d-be4f-aab72e3c8d47] Object was deleted but could not be found in the ZRC.
[http://chemistry.apache.org/ODk2ZTFiNTktNTYxZS00Nzg3LWFiYjgtOTA4NzA4YjY5Mzgw-896e1b59-561e-4787-abb8-908708b69380] Object was created but could not be found in the DRC.
[http://chemistry.apache.org/OTU5MDJlNjEtMjRiNy00YTdkLTlmYTktNjIwNDdlYmNkZDU2-95902e61-24b7-4a7d-9fa9-62047ebcdd56] Object was created but could not be found in the DRC.
[http://chemistry.apache.org/MjUwNDZmOTMtNDBkNC00NDFmLWE2ZjktYzA2MjhjOTFhYWM2OzEuMA==-25046f93-40d4-441f-a6f9-c0628c91aac6] Object was created but could not be found in the DRC.
[http://chemistry.apache.org/MjUwNDZmOTMtNDBkNC00NDFmLWE2ZjktYzA2MjhjOTFhYWM2OzEuMA==-25046f93-40d4-441f-a6f9-c0628c91aac6] Object was updated but could not be found in the DRC.
[http://chemistry.apache.org/MjUwNDZmOTMtNDBkNC00NDFmLWE2ZjktYzA2MjhjOTFhYWM2OzEuMQ==-25046f93-40d4-441f-a6f9-c0628c91aac6] Object was deleted but could not be found in the ZRC.
[http://chemistry.apache.org/OTU5MDJlNjEtMjRiNy00YTdkLTlmYTktNjIwNDdlYmNkZDU2-95902e61-24b7-4a7d-9fa9-62047ebcdd56] Object was deleted but could not be found in the ZRC.
[http://chemistry.apache.org/ODk2ZTFiNTktNTYxZS00Nzg3LWFiYjgtOTA4NzA4YjY5Mzgw-896e1b59-561e-4787-abb8-908708b69380] Object was deleted but could not be found in the ZRC.
[http://chemistry.apache.org/NmE5ZDg2MzgtNzY0ZS00N2NjLWE3NTMtOWYyYWU4YjExNjky-6a9d8638-764e-47cc-a753-9f2ae8b11692] Object was created but could not be found in the DRC.
[http://chemistry.apache.org/NTAyY2VmNjktM2M0OC00Mzc5LTkwZGQtOGZiOWYwY2M2YWZl-502cef69-3c48-4379-90dd-8fb9f0cc6afe] Object was created but could not be found in the DRC.
[http://chemistry.apache.org/NTAyY2VmNjktM2M0OC00Mzc5LTkwZGQtOGZiOWYwY2M2YWZl-502cef69-3c48-4379-90dd-8fb9f0cc6afe] Object was deleted but could not be found in the ZRC.
[http://chemistry.apache.org/NmE5ZDg2MzgtNzY0ZS00N2NjLWE3NTMtOWYyYWU4YjExNjky-6a9d8638-764e-47cc-a753-9f2ae8b11692] Object was deleted but could not be found in the ZRC.
[http://chemistry.apache.org/NzA0ZmQ4MDctYTIwYy00MzYzLTkyNzktM2E0YjE3ZTYxZWRk-704fd807-a20c-4363-9279-3a4b17e61edd] Object was created but could not be found in the DRC.
[http://chemistry.apache.org/MDUyODU5YjYtNzc5Zi00MTFlLTg2OGEtZWI0YzQ2MDk4N2Jl-052859b6-779f-411e-868a-eb4c460987be] Object was created but could not be found in the DRC.
[http://chemistry.apache.org/NmM4ZTc5MDctMjMxOS00NjQyLWJiZTItYzE2YzM4YzY1OTU1OzEuMA==-6c8e7907-2319-4642-bbe2-c16c38c65955] Object was created but could not be found in the DRC.
[http://chemistry.apache.org/NmM4ZTc5MDctMjMxOS00NjQyLWJiZTItYzE2YzM4YzY1OTU1OzEuMA==-6c8e7907-2319-4642-bbe2-c16c38c65955] Object was updated but could not be found in the DRC.
[http://chemistry.apache.org/NmM4ZTc5MDctMjMxOS00NjQyLWJiZTItYzE2YzM4YzY1OTU1OzEuMA==-6c8e7907-2319-4642-bbe2-c16c38c65955] Object was deleted but could not be found in the ZRC.
[http://chemistry.apache.org/MDUyODU5YjYtNzc5Zi00MTFlLTg2OGEtZWI0YzQ2MDk4N2Jl-052859b6-779f-411e-868a-eb4c460987be] Object was deleted but could not be found in the ZRC.
[http://chemistry.apache.org/NzA0ZmQ4MDctYTIwYy00MzYzLTkyNzktM2E0YjE3ZTYxZWRk-704fd807-a20c-4363-9279-3a4b17e61edd] Object was deleted but could not be found in the ZRC.
[http://chemistry.apache.org/MWE4NzAxMjItZGNmZS00NmVlLTg2ODEtZmM4NzRjZDI4NzIx-1a870122-dcfe-46ee-8681-fc874cd28721] Object was created but could not be found in the DRC.
[http://chemistry.apache.org/YjBhMDNiMmUtYTM3MS00YTI2LWI4NGEtYjkxYTExMGQ2MDUx-b0a03b2e-a371-4a26-b84a-b91a110d6051] Object was created but could not be found in the DRC.
[http://chemistry.apache.org/ODhkZjBiMDYtMTQ1MS00OWU3LTg0ZTktYTI4Zjg4NDg2ZDBhOzEuMA==-88df0b06-1451-49e7-84e9-a28f88486d0a] Object was created but could not be found in the DRC.
[http://chemistry.apache.org/ODhkZjBiMDYtMTQ1MS00OWU3LTg0ZTktYTI4Zjg4NDg2ZDBhOzEuMA==-88df0b06-1451-49e7-84e9-a28f88486d0a] Object was updated but could not be found in the DRC.
[http://chemistry.apache.org/ODhkZjBiMDYtMTQ1MS00OWU3LTg0ZTktYTI4Zjg4NDg2ZDBhOzEuMA==-88df0b06-1451-49e7-84e9-a28f88486d0a] Object was deleted but could not be found in the ZRC.
[http://chemistry.apache.org/YjBhMDNiMmUtYTM3MS00YTI2LWI4NGEtYjkxYTExMGQ2MDUx-b0a03b2e-a371-4a26-b84a-b91a110d6051] Object was deleted but could not be found in the ZRC.
[http://chemistry.apache.org/MWE4NzAxMjItZGNmZS00NmVlLTg2ODEtZmM4NzRjZDI4NzIx-1a870122-dcfe-46ee-8681-fc874cd28721] Object was deleted but could not be found in the ZRC.
[http://chemistry.apache.org/OWQ3MDhmODktM2FmNC00NjhlLTgxYTEtZjNiZjUxZTFiZjIy-9d708f89-3af4-468e-81a1-f3bf51e1bf22] Object was created but could not be found in the DRC.
[http://chemistry.apache.org/MGUwMTAxMmYtNGNkNS00Y2Y4LThmOWMtZjQzOTI1NDQyMzFi-0e01012f-4cd5-4cf8-8f9c-f4392544231b] Object was created but could not be found in the DRC.
[http://chemistry.apache.org/ZTEwZjQ5OWItMTk2YS00ZDYxLTg2OTItMjY4NjIxNjBhNTBkOzEuMA==-e10f499b-196a-4d61-8692-26862160a50d] Object was created but could not be found in the DRC.
[http://chemistry.apache.org/ZTEwZjQ5OWItMTk2YS00ZDYxLTg2OTItMjY4NjIxNjBhNTBkOzEuMA==-e10f499b-196a-4d61-8692-26862160a50d] Object was updated but could not be found in the DRC.
[http://chemistry.apache.org/ZTEwZjQ5OWItMTk2YS00ZDYxLTg2OTItMjY4NjIxNjBhNTBkOzEuMA==-e10f499b-196a-4d61-8692-26862160a50d] Object was deleted but could not be found in the ZRC.
[http://chemistry.apache.org/MGUwMTAxMmYtNGNkNS00Y2Y4LThmOWMtZjQzOTI1NDQyMzFi-0e01012f-4cd5-4cf8-8f9c-f4392544231b] Object was deleted but could not be found in the ZRC.
[http://chemistry.apache.org/OWQ3MDhmODktM2FmNC00NjhlLTgxYTEtZjNiZjUxZTFiZjIy-9d708f89-3af4-468e-81a1-f3bf51e1bf22] Object was deleted but could not be found in the ZRC.
[http://chemistry.apache.org/MmE5MjY0MTktOTE0YS00NWQ3LWJhMDItYWVjZGNlMzM1NzNi-2a926419-914a-45d7-ba02-aecdce33573b] Object was created but could not be found in the DRC.
[http://chemistry.apache.org/ODFlZjdlZGYtNTBjNi00YzViLWEwMmQtYjUxYTgwNTg1NDI5-81ef7edf-50c6-4c5b-a02d-b51a80585429] Object was created but could not be found in the DRC.
[http://chemistry.apache.org/NzY4MDUxYTItODQwMi00OGFjLTk1OTgtOTdkMGE1Y2JhOTlhOzEuMA==-768051a2-8402-48ac-9598-97d0a5cba99a] Object was created but could not be found in the DRC.
[http://chemistry.apache.org/NzY4MDUxYTItODQwMi00OGFjLTk1OTgtOTdkMGE1Y2JhOTlhOzEuMA==-768051a2-8402-48ac-9598-97d0a5cba99a] Object was updated but could not be found in the DRC.
[http://chemistry.apache.org/ZTUwOWY0MDktYjdkZi00OWY5LTk2YWYtZWNmMTI3OGFiYmRm-e509f409-b7df-49f9-96af-ecf1278abbdf] Object was created but could not be found in the DRC.
[http://chemistry.apache.org/NzY4MDUxYTItODQwMi00OGFjLTk1OTgtOTdkMGE1Y2JhOTlhOzEuMA==-768051a2-8402-48ac-9598-97d0a5cba99a] Object was deleted but could not be found in the ZRC.
[http://chemistry.apache.org/ZTUwOWY0MDktYjdkZi00OWY5LTk2YWYtZWNmMTI3OGFiYmRm-e509f409-b7df-49f9-96af-ecf1278abbdf] Object was deleted but could not be found in the ZRC.
[http://chemistry.apache.org/ODFlZjdlZGYtNTBjNi00YzViLWEwMmQtYjUxYTgwNTg1NDI5-81ef7edf-50c6-4c5b-a02d-b51a80585429] Object was deleted but could not be found in the ZRC.
[http://chemistry.apache.org/MmE5MjY0MTktOTE0YS00NWQ3LWJhMDItYWVjZGNlMzM1NzNi-2a926419-914a-45d7-ba02-aecdce33573b] Object was deleted but could not be found in the ZRC.
[http://chemistry.apache.org/NjUwZGE2YzAtNjdhMi00N2I3LWIwMjEtMmEyOTQ4ZmE5YjBm-650da6c0-67a2-47b7-b021-2a2948fa9b0f] Object was created but could not be found in the DRC.
[http://chemistry.apache.org/ZTM1MDE4NGEtM2ExYS00ZmQwLWI4ZmEtNGExMDhlMGIzZGMw-e350184a-3a1a-4fd0-b8fa-4a108e0b3dc0] Object was created but could not be found in the DRC.
[http://chemistry.apache.org/ZDc5YWFkYmUtNjUyOS00NjRhLTgxNWMtY2I0MzBhZTY2MGEzOzEuMA==-d79aadbe-6529-464a-815c-cb430ae660a3] Object was created but could not be found in the DRC.
[http://chemistry.apache.org/ZDc5YWFkYmUtNjUyOS00NjRhLTgxNWMtY2I0MzBhZTY2MGEzOzEuMA==-d79aadbe-6529-464a-815c-cb430ae660a3] Object was updated but could not be found in the DRC.
[http://chemistry.apache.org/ZDc5YWFkYmUtNjUyOS00NjRhLTgxNWMtY2I0MzBhZTY2MGEzOzEuMA==-d79aadbe-6529-464a-815c-cb430ae660a3] Object was deleted but could not be found in the ZRC.
[http://chemistry.apache.org/ZTM1MDE4NGEtM2ExYS00ZmQwLWI4ZmEtNGExMDhlMGIzZGMw-e350184a-3a1a-4fd0-b8fa-4a108e0b3dc0] Object was deleted but could not be found in the ZRC.
[http://chemistry.apache.org/NjUwZGE2YzAtNjdhMi00N2I3LWIwMjEtMmEyOTQ4ZmE5YjBm-650da6c0-67a2-47b7-b021-2a2948fa9b0f] Object was deleted but could not be found in the ZRC.
[http://chemistry.apache.org/YmI0ZmU5MmEtN2M3My00OGUyLTg3NWMtZWZjOGZmMDA2ZWZk-bb4fe92a-7c73-48e2-875c-efc8ff006efd] Object was created but could not be found in the DRC.
[http://chemistry.apache.org/NGI1YjNlMzEtMjhiZi00MzQwLWEwMTYtNmJjMmQ1ZmZlNzA5-4b5b3e31-28bf-4340-a016-6bc2d5ffe709] Object was created but could not be found in the DRC.
[http://chemistry.apache.org/YTRjMmVjNzgtYmFhZi00YjQyLWIxN2YtYjQ2NzdhMjA1ZjA2OzEuMA==-a4c2ec78-baaf-4b42-b17f-b4677a205f06] Object was created but could not be found in the DRC.
[http://chemistry.apache.org/YTRjMmVjNzgtYmFhZi00YjQyLWIxN2YtYjQ2NzdhMjA1ZjA2OzEuMA==-a4c2ec78-baaf-4b42-b17f-b4677a205f06] Object was updated but could not be found in the DRC.
[http://chemistry.apache.org/YTRjMmVjNzgtYmFhZi00YjQyLWIxN2YtYjQ2NzdhMjA1ZjA2OzEuMA==-a4c2ec78-baaf-4b42-b17f-b4677a205f06] Object was deleted but could not be found in the ZRC.
[http://chemistry.apache.org/MWYxODYzMTUtYThlZS00MTM2LWJjNTItMTAxNzA0N2I4ZjVl-1f186315-a8ee-4136-bc52-1017047b8f5e] Object was created but could not be found in the DRC.
[http://chemistry.apache.org/MWYxODYzMTUtYThlZS00MTM2LWJjNTItMTAxNzA0N2I4ZjVl-1f186315-a8ee-4136-bc52-1017047b8f5e] Object was deleted but could not be found in the ZRC.
[http://chemistry.apache.org/NGI1YjNlMzEtMjhiZi00MzQwLWEwMTYtNmJjMmQ1ZmZlNzA5-4b5b3e31-28bf-4340-a016-6bc2d5ffe709] Object was deleted but could not be found in the ZRC.
[http://chemistry.apache.org/YmI0ZmU5MmEtN2M3My00OGUyLTg3NWMtZWZjOGZmMDA2ZWZk-bb4fe92a-7c73-48e2-875c-efc8ff006efd] Object was deleted but could not be found in the ZRC.
[http://chemistry.apache.org/ZjQ3YjExMDgtMmMxNi00NTczLThhMDMtOGE3MGFmMmM3NDY1OzEuMA==-f47b1108-2c16-4573-8a03-8a70af2c7465] Object was created but could not be found in the DRC.
[http://chemistry.apache.org/ZjQ3YjExMDgtMmMxNi00NTczLThhMDMtOGE3MGFmMmM3NDY1OzEuMA==-f47b1108-2c16-4573-8a03-8a70af2c7465] Object was updated but could not be found in the DRC.
[http://chemistry.apache.org/NmIzNjMzMWUtZmZlMC00ZDYzLTk0NjItYjNkMjlkMDc1Njhk-6b36331e-ffe0-4d63-9462-b3d29d07568d] Object was created but could not be found in the DRC.
[http://chemistry.apache.org/Mjg3ODBiZmItODc4Zi00MzBjLTgxNzMtNzZhYzIwYzQxOTI3-28780bfb-878f-430c-8173-76ac20c41927] Object was created but could not be found in the DRC.
[http://chemistry.apache.org/ZmIyN2VmZDctZDY0Zi00Y2JkLTkwZWUtMzAxNzViNGM5MjFmOzEuMA==-fb27efd7-d64f-4cbd-90ee-30175b4c921f] Object was created but could not be found in the DRC.
[http://chemistry.apache.org/ZmIyN2VmZDctZDY0Zi00Y2JkLTkwZWUtMzAxNzViNGM5MjFmOzEuMA==-fb27efd7-d64f-4cbd-90ee-30175b4c921f] Object was updated but could not be found in the DRC.
[http://chemistry.apache.org/MmZlZTliNmEtMWI5Ni00YWRhLThmMGQtMDY4NjIzZTliOWYwOzEuMA==-2fee9b6a-1b96-4ada-8f0d-068623e9b9f0] Object was created but could not be found in the DRC.
[http://chemistry.apache.org/MmZlZTliNmEtMWI5Ni00YWRhLThmMGQtMDY4NjIzZTliOWYwOzEuMA==-2fee9b6a-1b96-4ada-8f0d-068623e9b9f0] Object was updated but could not be found in the DRC.
[http://chemistry.apache.org/Mjg3ODBiZmItODc4Zi00MzBjLTgxNzMtNzZhYzIwYzQxOTI3-28780bfb-878f-430c-8173-76ac20c41927] Object was deleted but could not be found in the ZRC.
[http://chemistry.apache.org/NmIzNjMzMWUtZmZlMC00ZDYzLTk0NjItYjNkMjlkMDc1Njhk-6b36331e-ffe0-4d63-9462-b3d29d07568d] Object was deleted but could not be found in the ZRC.
[http://chemistry.apache.org/ODExOTM2ZmQtYWFlNS00MTVkLThlZmEtMmY3ZDhiOWQ3ZTY3-811936fd-aae5-415d-8efa-2f7d8b9d7e67] Object was created but could not be found in the DRC.
[http://chemistry.apache.org/ZjE5MTI5OGQtZmJiZC00OWZkLTkwMWEtNTNkNDFiNGY2NjA2-f191298d-fbbd-49fd-901a-53d41b4f6606] Object was created but could not be found in the DRC.
[http://chemistry.apache.org/NzkyNTkxNjYtODIxYy00MmUyLWE4Y2ItNTQzNTE4NjU4ZThlOzEuMA==-79259166-821c-42e2-a8cb-543518658e8e] Object was created but could not be found in the DRC.
[http://chemistry.apache.org/NzkyNTkxNjYtODIxYy00MmUyLWE4Y2ItNTQzNTE4NjU4ZThlOzEuMA==-79259166-821c-42e2-a8cb-543518658e8e] Object was updated but could not be found in the DRC.
[http://chemistry.apache.org/NGRkMDkyMTMtYjMwMi00MWMxLThmZjMtNmMwNTQyNTEzNDQ3OzEuMA==-4dd09213-b302-41c1-8ff3-6c0542513447] Object was created but could not be found in the DRC.
[http://chemistry.apache.org/NGRkMDkyMTMtYjMwMi00MWMxLThmZjMtNmMwNTQyNTEzNDQ3OzEuMA==-4dd09213-b302-41c1-8ff3-6c0542513447] Object was updated but could not be found in the DRC.
[http://chemistry.apache.org/ZjE5MTI5OGQtZmJiZC00OWZkLTkwMWEtNTNkNDFiNGY2NjA2-f191298d-fbbd-49fd-901a-53d41b4f6606] Object was deleted but could not be found in the ZRC.
[http://chemistry.apache.org/ODExOTM2ZmQtYWFlNS00MTVkLThlZmEtMmY3ZDhiOWQ3ZTY3-811936fd-aae5-415d-8efa-2f7d8b9d7e67] Object was deleted but could not be found in the ZRC.
[http://chemistry.apache.org/Yjc2MmU5ZDQtZmEzOC00YmY5LWFlODUtZDAxNTAxZDE2M2I4-b762e9d4-fa38-4bf9-ae85-d01501d163b8] Object was created but could not be found in the DRC.
[http://chemistry.apache.org/MjNlMmQ5ZTItZDI0Ny00YmYxLTkyNDYtM2E1YmU5MTY5OTM4-23e2d9e2-d247-4bf1-9246-3a5be9169938] Object was created but could not be found in the DRC.
[http://chemistry.apache.org/ODU0YmFlZDktNDhlZS00YzEwLTllYjItZmJhZjc3ZDJkODY1OzEuMA==-854baed9-48ee-4c10-9eb2-fbaf77d2d865] Object was created but could not be found in the DRC.
[http://chemistry.apache.org/ODU0YmFlZDktNDhlZS00YzEwLTllYjItZmJhZjc3ZDJkODY1OzEuMA==-854baed9-48ee-4c10-9eb2-fbaf77d2d865] Object was updated but could not be found in the DRC.
[http://chemistry.apache.org/MjczYjRiMDctMjFkZS00MGRlLTliZTQtYjU0ZjNlNTlhYTM4OzEuMA==-273b4b07-21de-40de-9be4-b54f3e59aa38] Object was created but could not be found in the DRC.
[http://chemistry.apache.org/MjczYjRiMDctMjFkZS00MGRlLTliZTQtYjU0ZjNlNTlhYTM4OzEuMA==-273b4b07-21de-40de-9be4-b54f3e59aa38] Object was updated but could not be found in the DRC.
[http://chemistry.apache.org/MjNlMmQ5ZTItZDI0Ny00YmYxLTkyNDYtM2E1YmU5MTY5OTM4-23e2d9e2-d247-4bf1-9246-3a5be9169938] Object was deleted but could not be found in the ZRC.
[http://chemistry.apache.org/Yjc2MmU5ZDQtZmEzOC00YmY5LWFlODUtZDAxNTAxZDE2M2I4-b762e9d4-fa38-4bf9-ae85-d01501d163b8] Object was deleted but could not be found in the ZRC.
[http://chemistry.apache.org/NDQyNjk4NWItZWMwZi00MDA1LWFiYTItNWMxNGFjMmMzMThi-4426985b-ec0f-4005-aba2-5c14ac2c318b] Object was created but could not be found in the DRC.
[http://chemistry.apache.org/ODc0YjkyMDAtNDlkNi00NGE4LWIzZjUtYzFhNTQ1NzE2MDJm-874b9200-49d6-44a8-b3f5-c1a54571602f] Object was created but could not be found in the DRC.
[http://chemistry.apache.org/MzVkZDBjY2QtMmE4ZC00M2NiLWI0NTItNzBkNGVjODQ1YWUwOzEuMA==-35dd0ccd-2a8d-43cb-b452-70d4ec845ae0] Object was created but could not be found in the DRC.
[http://chemistry.apache.org/MzVkZDBjY2QtMmE4ZC00M2NiLWI0NTItNzBkNGVjODQ1YWUwOzEuMA==-35dd0ccd-2a8d-43cb-b452-70d4ec845ae0] Object was updated but could not be found in the DRC.
[http://chemistry.apache.org/YzFkYWI1MGYtYWViMy00ZDhhLWE5NDEtZjFhZDkzYmNkNTQzOzEuMA==-c1dab50f-aeb3-4d8a-a941-f1ad93bcd543] Object was created but could not be found in the DRC.
[http://chemistry.apache.org/YzFkYWI1MGYtYWViMy00ZDhhLWE5NDEtZjFhZDkzYmNkNTQzOzEuMA==-c1dab50f-aeb3-4d8a-a941-f1ad93bcd543] Object was updated but could not be found in the DRC.
[http://chemistry.apache.org/ODc0YjkyMDAtNDlkNi00NGE4LWIzZjUtYzFhNTQ1NzE2MDJm-874b9200-49d6-44a8-b3f5-c1a54571602f] Object was deleted but could not be found in the ZRC.
[http://chemistry.apache.org/NDQyNjk4NWItZWMwZi00MDA1LWFiYTItNWMxNGFjMmMzMThi-4426985b-ec0f-4005-aba2-5c14ac2c318b] Object was deleted but could not be found in the ZRC.
[http://chemistry.apache.org/ODk3OWMzNWYtOGQ4Yy00OWFiLWJiZWYtZWE2M2ZmY2VmOTgw-8979c35f-8d8c-49ab-bbef-ea63ffcef980] Object was created but could not be found in the DRC.
[http://chemistry.apache.org/ZDMxNzY0OGYtNGM0NC00YjIxLTllM2EtYjhkZmM5ODI0ZjJk-d317648f-4c44-4b21-9e3a-b8dfc9824f2d] Object was created but could not be found in the DRC.
[http://chemistry.apache.org/ODU5YzczZDktZmMxNC00MTgzLWE1N2MtMmE3M2IwYjdkY2EwOzEuMA==-859c73d9-fc14-4183-a57c-2a73b0b7dca0] Object was created but could not be found in the DRC.
[http://chemistry.apache.org/ODU5YzczZDktZmMxNC00MTgzLWE1N2MtMmE3M2IwYjdkY2EwOzEuMA==-859c73d9-fc14-4183-a57c-2a73b0b7dca0] Object was updated but could not be found in the DRC.
[http://chemistry.apache.org/YjMxMmIxNjYtZTRkZi00Yzg5LTk2ODgtYTZiNTc0YzZiMTZmOzEuMA==-b312b166-e4df-4c89-9688-a6b574c6b16f] Object was created but could not be found in the DRC.
[http://chemistry.apache.org/YjMxMmIxNjYtZTRkZi00Yzg5LTk2ODgtYTZiNTc0YzZiMTZmOzEuMA==-b312b166-e4df-4c89-9688-a6b574c6b16f] Object was updated but could not be found in the DRC.
[http://chemistry.apache.org/ZDMxNzY0OGYtNGM0NC00YjIxLTllM2EtYjhkZmM5ODI0ZjJk-d317648f-4c44-4b21-9e3a-b8dfc9824f2d] Object was deleted but could not be found in the ZRC.
[http://chemistry.apache.org/ODk3OWMzNWYtOGQ4Yy00OWFiLWJiZWYtZWE2M2ZmY2VmOTgw-8979c35f-8d8c-49ab-bbef-ea63ffcef980] Object was deleted but could not be found in the ZRC.
[http://chemistry.apache.org/MTcyMjNlMGYtNjIxNC00YTIzLTg2MWQtYmY4ZTBjN2QzNGEx-17223e0f-6214-4a23-861d-bf8e0c7d34a1] Object was created but could not be found in the DRC.
[http://chemistry.apache.org/MGQ0Y2Y2NTEtOGFjNC00YjBiLWIyMjQtNzM4YjhiNmQ4OWEz-0d4cf651-8ac4-4b0b-b224-738b8b6d89a3] Object was created but could not be found in the DRC.
[http://chemistry.apache.org/M2M2NDI2MDMtOTFiOS00N2FjLWI0MTItOTg1YTMyNzE5ZTM0OzEuMA==-3c642603-91b9-47ac-b412-985a32719e34] Object was created but could not be found in the DRC.
[http://chemistry.apache.org/M2M2NDI2MDMtOTFiOS00N2FjLWI0MTItOTg1YTMyNzE5ZTM0OzEuMA==-3c642603-91b9-47ac-b412-985a32719e34] Object was updated but could not be found in the DRC.
[http://chemistry.apache.org/ODYyN2YyYmQtMDM2MS00MTNmLTk0NDUtMmYyZGQyZDg0OTc4OzEuMA==-8627f2bd-0361-413f-9445-2f2dd2d84978] Object was created but could not be found in the DRC.
[http://chemistry.apache.org/ODYyN2YyYmQtMDM2MS00MTNmLTk0NDUtMmYyZGQyZDg0OTc4OzEuMA==-8627f2bd-0361-413f-9445-2f2dd2d84978] Object was updated but could not be found in the DRC.
[http://chemistry.apache.org/MGQ0Y2Y2NTEtOGFjNC00YjBiLWIyMjQtNzM4YjhiNmQ4OWEz-0d4cf651-8ac4-4b0b-b224-738b8b6d89a3] Object was deleted but could not be found in the ZRC.
[http://chemistry.apache.org/MTcyMjNlMGYtNjIxNC00YTIzLTg2MWQtYmY4ZTBjN2QzNGEx-17223e0f-6214-4a23-861d-bf8e0c7d34a1] Object was deleted but could not be found in the ZRC.
[http://chemistry.apache.org/MjgzZGI0NDgtMTk1Yi00ZDFjLWI5MmYtMjA0ZTIzNTM2YTE5-283db448-195b-4d1c-b92f-204e23536a19] Object was created but could not be found in the DRC.
[http://chemistry.apache.org/ZTEyNDg4NDktYTI5ZC00MTQyLTkxMDYtNzNlOTAwYTE3YjJl-e1248849-a29d-4142-9106-73e900a17b2e] Object was created but could not be found in the DRC.
[http://chemistry.apache.org/NDVhZDNkNjQtOTZmYi00MTllLTgxODUtMTliOTczYTk2ZDM2OzEuMA==-45ad3d64-96fb-419e-8185-19b973a96d36] Object was created but could not be found in the DRC.
[http://chemistry.apache.org/NDVhZDNkNjQtOTZmYi00MTllLTgxODUtMTliOTczYTk2ZDM2OzEuMA==-45ad3d64-96fb-419e-8185-19b973a96d36] Object was updated but could not be found in the DRC.
[http://chemistry.apache.org/NmUzYjhjY2YtYTc0Ni00NGEwLTliNTAtNDgyM2JkZDlkMDVkOzEuMA==-6e3b8ccf-a746-44a0-9b50-4823bdd9d05d] Object was created but could not be found in the DRC.
[http://chemistry.apache.org/NmUzYjhjY2YtYTc0Ni00NGEwLTliNTAtNDgyM2JkZDlkMDVkOzEuMA==-6e3b8ccf-a746-44a0-9b50-4823bdd9d05d] Object was updated but could not be found in the DRC.
[http://chemistry.apache.org/ZTEyNDg4NDktYTI5ZC00MTQyLTkxMDYtNzNlOTAwYTE3YjJl-e1248849-a29d-4142-9106-73e900a17b2e] Object was deleted but could not be found in the ZRC.
[http://chemistry.apache.org/MjgzZGI0NDgtMTk1Yi00ZDFjLWI5MmYtMjA0ZTIzNTM2YTE5-283db448-195b-4d1c-b92f-204e23536a19] Object was deleted but could not be found in the ZRC.
[http://chemistry.apache.org/OTdiYzQ2NjYtOWJkYi00NjA1LTkyOWQtYzMxMDAwMWRlNDg3-97bc4666-9bdb-4605-929d-c310001de487] Object was created but could not be found in the DRC.
[http://chemistry.apache.org/ZjRlZTNjNjQtNWNiMi00NWViLWE1OWYtY2FjMWRiMjA5MjU0-f4ee3c64-5cb2-45eb-a59f-cac1db209254] Object was created but could not be found in the DRC.
[http://chemistry.apache.org/N2ZiOWJkMDAtZDA4My00MzJhLWJiYWQtMDFiMDYwYmZiMTI1OzEuMA==-7fb9bd00-d083-432a-bbad-01b060bfb125] Object was created but could not be found in the DRC.
[http://chemistry.apache.org/N2ZiOWJkMDAtZDA4My00MzJhLWJiYWQtMDFiMDYwYmZiMTI1OzEuMA==-7fb9bd00-d083-432a-bbad-01b060bfb125] Object was updated but could not be found in the DRC.
[http://chemistry.apache.org/NWJkNTA3ODktYzIxNy00Y2RlLWJkNTAtZDZhN2JhZTA2NDk0OzEuMA==-5bd50789-c217-4cde-bd50-d6a7bae06494] Object was created but could not be found in the DRC.
[http://chemistry.apache.org/NWJkNTA3ODktYzIxNy00Y2RlLWJkNTAtZDZhN2JhZTA2NDk0OzEuMA==-5bd50789-c217-4cde-bd50-d6a7bae06494] Object was updated but could not be found in the DRC.
[http://chemistry.apache.org/ZjRlZTNjNjQtNWNiMi00NWViLWE1OWYtY2FjMWRiMjA5MjU0-f4ee3c64-5cb2-45eb-a59f-cac1db209254] Object was deleted but could not be found in the ZRC.
[http://chemistry.apache.org/OTdiYzQ2NjYtOWJkYi00NjA1LTkyOWQtYzMxMDAwMWRlNDg3-97bc4666-9bdb-4605-929d-c310001de487] Object was deleted but could not be found in the ZRC.
[http://chemistry.apache.org/ODg0YWNjZjMtMDJjYS00OTY2LTljMGEtMmU3NTI0ZTg0NDRi-884accf3-02ca-4966-9c0a-2e7524e8444b] Object was created but could not be found in the DRC.
[http://chemistry.apache.org/NWVmMmM3MDctMzM0NS00OGI0LWEzMzYtNjQ0MjQwZjI5MTUz-5ef2c707-3345-48b4-a336-644240f29153] Object was created but could not be found in the DRC.
[http://chemistry.apache.org/Nzc2ODk2ODUtZTIyOC00NzVjLWEwZmUtNjFhOTg4NWZmYWNiOzEuMA==-77689685-e228-475c-a0fe-61a9885ffacb] Object was created but could not be found in the DRC.
[http://chemistry.apache.org/Nzc2ODk2ODUtZTIyOC00NzVjLWEwZmUtNjFhOTg4NWZmYWNiOzEuMA==-77689685-e228-475c-a0fe-61a9885ffacb] Object was updated but could not be found in the DRC.
[http://chemistry.apache.org/NWVmMmM3MDctMzM0NS00OGI0LWEzMzYtNjQ0MjQwZjI5MTUz-5ef2c707-3345-48b4-a336-644240f29153] Object was deleted but could not be found in the ZRC.
[http://chemistry.apache.org/ODg0YWNjZjMtMDJjYS00OTY2LTljMGEtMmU3NTI0ZTg0NDRi-884accf3-02ca-4966-9c0a-2e7524e8444b] Object was deleted but could not be found in the ZRC.
[http://chemistry.apache.org/NGUzZjdkMWQtZWQwZi00Njc5LTgxZTItNDE1N2MxMTZjYWQy-4e3f7d1d-ed0f-4679-81e2-4157c116cad2] Object was created but could not be found in the DRC.
[http://chemistry.apache.org/ZGRkYmFlNDMtNWZmYi00MDgyLThmZmYtYmMwYjVmOWVhOGJl-dddbae43-5ffb-4082-8fff-bc0b5f9ea8be] Object was created but could not be found in the DRC.
[http://chemistry.apache.org/ZTE4YWY5MDAtNzZhYS00NzExLTlhOWMtYTExNTRiZjk1OTUyOzEuMA==-e18af900-76aa-4711-9a9c-a1154bf95952] Object was created but could not be found in the DRC.
[http://chemistry.apache.org/ZTE4YWY5MDAtNzZhYS00NzExLTlhOWMtYTExNTRiZjk1OTUyOzEuMA==-e18af900-76aa-4711-9a9c-a1154bf95952] Object was updated but could not be found in the DRC.
[http://chemistry.apache.org/ZGRkYmFlNDMtNWZmYi00MDgyLThmZmYtYmMwYjVmOWVhOGJl-dddbae43-5ffb-4082-8fff-bc0b5f9ea8be] Object was deleted but could not be found in the ZRC.
[http://chemistry.apache.org/NGUzZjdkMWQtZWQwZi00Njc5LTgxZTItNDE1N2MxMTZjYWQy-4e3f7d1d-ed0f-4679-81e2-4157c116cad2] Object was deleted but could not be found in the ZRC.
[http://chemistry.apache.org/ZWIwNjNmNGEtNTg5MS00NzRiLWE1MzctYTRiOThhYjc1ZjU3-eb063f4a-5891-474b-a537-a4b98ab75f57] Object was created but could not be found in the DRC.
[http://chemistry.apache.org/ZWRiNGI1ZmQtNjllNC00NjUxLWJlMGYtOWZlYTEwMjRhOGNm-edb4b5fd-69e4-4651-be0f-9fea1024a8cf] Object was created but could not be found in the DRC.
[http://chemistry.apache.org/MWFmMjg0NjItYjA2ZC00NDA0LWFmYzctM2FhY2YzYjIwZmJiOzEuMA==-1af28462-b06d-4404-afc7-3aacf3b20fbb] Object was created but could not be found in the DRC.
[http://chemistry.apache.org/MWFmMjg0NjItYjA2ZC00NDA0LWFmYzctM2FhY2YzYjIwZmJiOzEuMA==-1af28462-b06d-4404-afc7-3aacf3b20fbb] Object was updated but could not be found in the DRC.
[http://chemistry.apache.org/ZTY2M2Q4YzctNzUyYS00YTY1LWE1ZDctNDlmZTA0N2MwNTBlOzEuMA==-e663d8c7-752a-4a65-a5d7-49fe047c050e] Object was created but could not be found in the DRC.
[http://chemistry.apache.org/ZTY2M2Q4YzctNzUyYS00YTY1LWE1ZDctNDlmZTA0N2MwNTBlOzEuMA==-e663d8c7-752a-4a65-a5d7-49fe047c050e] Object was updated but could not be found in the DRC.
[http://chemistry.apache.org/ZWRiNGI1ZmQtNjllNC00NjUxLWJlMGYtOWZlYTEwMjRhOGNm-edb4b5fd-69e4-4651-be0f-9fea1024a8cf] Object was deleted but could not be found in the ZRC.
[http://chemistry.apache.org/ZWIwNjNmNGEtNTg5MS00NzRiLWE1MzctYTRiOThhYjc1ZjU3-eb063f4a-5891-474b-a537-a4b98ab75f57] Object was deleted but could not be found in the ZRC.
[http://chemistry.apache.org/NmU0NWU3NjAtNTEyZi00ZjExLTliMGQtNzgyOTIzMjMxMGUz-6e45e760-512f-4f11-9b0d-7829232310e3] Object was created but could not be found in the DRC.
[http://chemistry.apache.org/NTU1ZjM0NWEtMTBhYS00ZjhjLWEyMjAtODA5MGJjOWFkYzY0-555f345a-10aa-4f8c-a220-8090bc9adc64] Object was created but could not be found in the DRC.
[http://chemistry.apache.org/NTU1ZjM0NWEtMTBhYS00ZjhjLWEyMjAtODA5MGJjOWFkYzY0-555f345a-10aa-4f8c-a220-8090bc9adc64] Object was deleted but could not be found in the ZRC.
[http://chemistry.apache.org/NmU0NWU3NjAtNTEyZi00ZjExLTliMGQtNzgyOTIzMjMxMGUz-6e45e760-512f-4f11-9b0d-7829232310e3] Object was deleted but could not be found in the ZRC.
[http://chemistry.apache.org/ZDMzNTU4MmQtNDdiMy00ZDEwLWFhN2ItY2UxNjBlYzEzYjg3-d335582d-47b3-4d10-aa7b-ce160ec13b87] Object was created but could not be found in the DRC.
[http://chemistry.apache.org/MTUwZDk2NWEtODM5MS00OWFiLWE3OGQtYzc0ZGQxNTQwZjdi-150d965a-8391-49ab-a78d-c74dd1540f7b] Object was created but could not be found in the DRC.
[http://chemistry.apache.org/MTUwZDk2NWEtODM5MS00OWFiLWE3OGQtYzc0ZGQxNTQwZjdi-150d965a-8391-49ab-a78d-c74dd1540f7b] Object was deleted but could not be found in the ZRC.
[http://chemistry.apache.org/ZDMzNTU4MmQtNDdiMy00ZDEwLWFhN2ItY2UxNjBlYzEzYjg3-d335582d-47b3-4d10-aa7b-ce160ec13b87] Object was deleted but could not be found in the ZRC.
[http://chemistry.apache.org/MzFmNzcyMDYtY2RiMy00OTk2LWEzMGUtMDI4NDZjN2JjYTM5-31f77206-cdb3-4996-a30e-02846c7bca39] Object was created but could not be found in the DRC.
[http://chemistry.apache.org/NjQ0Yjg4MjctNDYzZC00YjdmLWFlOWYtYTk2ZWYwZjQyZDc4-644b8827-463d-4b7f-ae9f-a96ef0f42d78] Object was created but could not be found in the DRC.
[http://chemistry.apache.org/MTRhYWMwNjgtMzhkYS00M2Y0LThiMzYtMGNkODc5YWU1MDc3OzEuMA==-14aac068-38da-43f4-8b36-0cd879ae5077] Object was created but could not be found in the DRC.
[http://chemistry.apache.org/MTRhYWMwNjgtMzhkYS00M2Y0LThiMzYtMGNkODc5YWU1MDc3OzEuMA==-14aac068-38da-43f4-8b36-0cd879ae5077] Object was updated but could not be found in the DRC.
[http://chemistry.apache.org/NDY3MGUyNmEtZjgyNy00ODBhLTk2MWMtYmE1ZDBkODBkOGYxOzEuMA==-4670e26a-f827-480a-961c-ba5d0d80d8f1] Object was created but could not be found in the DRC.
[http://chemistry.apache.org/NDY3MGUyNmEtZjgyNy00ODBhLTk2MWMtYmE1ZDBkODBkOGYxOzEuMA==-4670e26a-f827-480a-961c-ba5d0d80d8f1] Object was updated but could not be found in the DRC.
[http://chemistry.apache.org/NjQ0Yjg4MjctNDYzZC00YjdmLWFlOWYtYTk2ZWYwZjQyZDc4-644b8827-463d-4b7f-ae9f-a96ef0f42d78] Object was deleted but could not be found in the ZRC.
[http://chemistry.apache.org/MzFmNzcyMDYtY2RiMy00OTk2LWEzMGUtMDI4NDZjN2JjYTM5-31f77206-cdb3-4996-a30e-02846c7bca39] Object was deleted but could not be found in the ZRC.
[http://chemistry.apache.org/MDgwODBlYzMtOGM1NS00NmViLWEzYjktZDYwMTVkODNlNDFk-08080ec3-8c55-46eb-a3b9-d6015d83e41d] Object was created but could not be found in the DRC.
[http://chemistry.apache.org/YjZmMzEzNDEtODYyMy00NjJhLTk2MmMtN2VlYWU1NzhhYzVj-b6f31341-8623-462a-962c-7eeae578ac5c] Object was created but could not be found in the DRC.
[http://chemistry.apache.org/NTZiOWM5ZTQtYzAxZS00YTU5LWJlZmYtMWY2Nzc4ZTE3MzFlOzEuMA==-56b9c9e4-c01e-4a59-beff-1f6778e1731e] Object was created but could not be found in the DRC.
[http://chemistry.apache.org/NTZiOWM5ZTQtYzAxZS00YTU5LWJlZmYtMWY2Nzc4ZTE3MzFlOzEuMA==-56b9c9e4-c01e-4a59-beff-1f6778e1731e] Object was updated but could not be found in the DRC.
[http://chemistry.apache.org/YjZmMzEzNDEtODYyMy00NjJhLTk2MmMtN2VlYWU1NzhhYzVj-b6f31341-8623-462a-962c-7eeae578ac5c] Object was deleted but could not be found in the ZRC.
[http://chemistry.apache.org/MDgwODBlYzMtOGM1NS00NmViLWEzYjktZDYwMTVkODNlNDFk-08080ec3-8c55-46eb-a3b9-d6015d83e41d] Object was deleted but could not be found in the ZRC.
[http://chemistry.apache.org/OWExODUzMzktOTcwZi00NjE0LWJiZmQtNGViYzAyMTY5ZDJi-9a185339-970f-4614-bbfd-4ebc02169d2b] Object was created but could not be found in the DRC.
[http://chemistry.apache.org/M2YwOGI1NDQtYzJlZS00MzBlLTg5YmYtY2MwNWZmOTAzZTBj-3f08b544-c2ee-430e-89bf-cc05ff903e0c] Object was created but could not be found in the DRC.
[http://chemistry.apache.org/M2YwOGI1NDQtYzJlZS00MzBlLTg5YmYtY2MwNWZmOTAzZTBj-3f08b544-c2ee-430e-89bf-cc05ff903e0c] Object was deleted but could not be found in the ZRC.
[http://chemistry.apache.org/OWExODUzMzktOTcwZi00NjE0LWJiZmQtNGViYzAyMTY5ZDJi-9a185339-970f-4614-bbfd-4ebc02169d2b] Object was deleted but could not be found in the ZRC.
[http://chemistry.apache.org/OTkwYTcxNzgtYzQ0Zi00ZTE4LWIwZGMtN2UyYTZhODExMzli-990a7178-c44f-4e18-b0dc-7e2a6a81139b] Object was created but could not be found in the DRC.
[http://chemistry.apache.org/Nzk2MGE1YTAtMjg5YS00MzAyLWIyNGYtN2E1ZjczN2Y5Y2Zh-7960a5a0-289a-4302-b24f-7a5f737f9cfa] Object was created but could not be found in the DRC.
[http://chemistry.apache.org/NjQ0ZWZiMjgtMDM5Ni00NDgzLTkzNTgtZTZmOWRmOThjOGM4OzEuMA==-644efb28-0396-4483-9358-e6f9df98c8c8] Object was created but could not be found in the DRC.
[http://chemistry.apache.org/NjQ0ZWZiMjgtMDM5Ni00NDgzLTkzNTgtZTZmOWRmOThjOGM4OzEuMA==-644efb28-0396-4483-9358-e6f9df98c8c8] Object was updated but could not be found in the DRC.
[http://chemistry.apache.org/YzdiYmViMDctM2JiNy00ZDViLWEzYzUtZDBjMTY1YzQzMWMzOzEuMA==-c7bbeb07-3bb7-4d5b-a3c5-d0c165c431c3] Object was created but could not be found in the DRC.
[http://chemistry.apache.org/YzdiYmViMDctM2JiNy00ZDViLWEzYzUtZDBjMTY1YzQzMWMzOzEuMA==-c7bbeb07-3bb7-4d5b-a3c5-d0c165c431c3] Object was updated but could not be found in the DRC.
[http://chemistry.apache.org/YzdiYmViMDctM2JiNy00ZDViLWEzYzUtZDBjMTY1YzQzMWMzOzEuMA==-c7bbeb07-3bb7-4d5b-a3c5-d0c165c431c3] Object was deleted but could not be found in the ZRC.
[http://chemistry.apache.org/ZDljZWY4NGUtODJlYi00NjVjLTlhNzItYzllMDdjMTY1NzA4OzEuMA==-d9cef84e-82eb-465c-9a72-c9e07c165708] Object was created but could not be found in the DRC.
[http://chemistry.apache.org/ZDljZWY4NGUtODJlYi00NjVjLTlhNzItYzllMDdjMTY1NzA4OzEuMA==-d9cef84e-82eb-465c-9a72-c9e07c165708] Object was updated but could not be found in the DRC.
[http://chemistry.apache.org/NjQ0ZWZiMjgtMDM5Ni00NDgzLTkzNTgtZTZmOWRmOThjOGM4OzEuMA==-644efb28-0396-4483-9358-e6f9df98c8c8] Object was deleted but could not be found in the ZRC.
[http://chemistry.apache.org/ZDljZWY4NGUtODJlYi00NjVjLTlhNzItYzllMDdjMTY1NzA4OzEuMA==-d9cef84e-82eb-465c-9a72-c9e07c165708] Object was deleted but could not be found in the ZRC.
[http://chemistry.apache.org/Nzk2MGE1YTAtMjg5YS00MzAyLWIyNGYtN2E1ZjczN2Y5Y2Zh-7960a5a0-289a-4302-b24f-7a5f737f9cfa] Object was deleted but could not be found in the ZRC.
[http://chemistry.apache.org/OTkwYTcxNzgtYzQ0Zi00ZTE4LWIwZGMtN2UyYTZhODExMzli-990a7178-c44f-4e18-b0dc-7e2a6a81139b] Object was deleted but could not be found in the ZRC.
[http://chemistry.apache.org/MmM4Y2VkYzktYWRjNC00NTdlLWIxOWMtZjUxMDk4MjEwNDQw-2c8cedc9-adc4-457e-b19c-f51098210440] Object was created but could not be found in the DRC.
[http://chemistry.apache.org/MGJhYzUzYzQtZjY2Mi00MTNkLTg5ZDgtOTk2YjM2NTdiZDRl-0bac53c4-f662-413d-89d8-996b3657bd4e] Object was created but could not be found in the DRC.
[http://chemistry.apache.org/NTlhMjAyYTMtNjViYi00MzAyLTg3OGItNjIxZjcwYWE4MjRiOzEuMA==-59a202a3-65bb-4302-878b-621f70aa824b] Object was created but could not be found in the DRC.
[http://chemistry.apache.org/NTlhMjAyYTMtNjViYi00MzAyLTg3OGItNjIxZjcwYWE4MjRiOzEuMA==-59a202a3-65bb-4302-878b-621f70aa824b] Object was updated but could not be found in the DRC.
[http://chemistry.apache.org/YmQ1ZmQ2MDgtNjVhMC00YmJlLWFiYmEtNDg0NGZkNmE1ODkwOzEuMA==-bd5fd608-65a0-4bbe-abba-4844fd6a5890] Object was created but could not be found in the DRC.
[http://chemistry.apache.org/YmQ1ZmQ2MDgtNjVhMC00YmJlLWFiYmEtNDg0NGZkNmE1ODkwOzEuMA==-bd5fd608-65a0-4bbe-abba-4844fd6a5890] Object was updated but could not be found in the DRC.
[http://chemistry.apache.org/NTlhMjAyYTMtNjViYi00MzAyLTg3OGItNjIxZjcwYWE4MjRiOzEuMA==-59a202a3-65bb-4302-878b-621f70aa824b] Object was deleted but could not be found in the ZRC.
[http://chemistry.apache.org/YmQ1ZmQ2MDgtNjVhMC00YmJlLWFiYmEtNDg0NGZkNmE1ODkwOzEuMA==-bd5fd608-65a0-4bbe-abba-4844fd6a5890] Object was deleted but could not be found in the ZRC.
[http://chemistry.apache.org/MGJhYzUzYzQtZjY2Mi00MTNkLTg5ZDgtOTk2YjM2NTdiZDRl-0bac53c4-f662-413d-89d8-996b3657bd4e] Object was deleted but could not be found in the ZRC.
[http://chemistry.apache.org/MmM4Y2VkYzktYWRjNC00NTdlLWIxOWMtZjUxMDk4MjEwNDQw-2c8cedc9-adc4-457e-b19c-f51098210440] Object was deleted but could not be found in the ZRC.
[http://chemistry.apache.org/MmIwMjJhOTctMmFlMS00OGVkLTlkMWUtMzRlY2U1YTNhNGEy-2b022a97-2ae1-48ed-9d1e-34ece5a3a4a2] Object was created but could not be found in the DRC.
[http://chemistry.apache.org/Yzg5ZjgyMjUtMzYyZi00ZTM3LTk1YTQtYWI3MmM1NDcyZmFl-c89f8225-362f-4e37-95a4-ab72c5472fae] Object was created but could not be found in the DRC.
[http://chemistry.apache.org/NGI2Yjk2MTUtMTM2Yi00MmJhLWEwNmItZTIzYWNhNzgwNzYwOzEuMA==-4b6b9615-136b-42ba-a06b-e23aca780760] Object was created but could not be found in the DRC.
[http://chemistry.apache.org/NGI2Yjk2MTUtMTM2Yi00MmJhLWEwNmItZTIzYWNhNzgwNzYwOzEuMA==-4b6b9615-136b-42ba-a06b-e23aca780760] Object was updated but could not be found in the DRC.
[http://chemistry.apache.org/ZDA4MmY2ZGUtMGI1Mi00NTAxLTgyYzctYjFhOWFlOTc3M2YyOzEuMA==-d082f6de-0b52-4501-82c7-b1a9ae9773f2] Object was created but could not be found in the DRC.
[http://chemistry.apache.org/ZDA4MmY2ZGUtMGI1Mi00NTAxLTgyYzctYjFhOWFlOTc3M2YyOzEuMA==-d082f6de-0b52-4501-82c7-b1a9ae9773f2] Object was updated but could not be found in the DRC.
[http://chemistry.apache.org/NGI2Yjk2MTUtMTM2Yi00MmJhLWEwNmItZTIzYWNhNzgwNzYwOzEuMA==-4b6b9615-136b-42ba-a06b-e23aca780760] Object was deleted but could not be found in the ZRC.
[http://chemistry.apache.org/ZDA4MmY2ZGUtMGI1Mi00NTAxLTgyYzctYjFhOWFlOTc3M2YyOzEuMA==-d082f6de-0b52-4501-82c7-b1a9ae9773f2] Object was deleted but could not be found in the ZRC.
[http://chemistry.apache.org/Yzg5ZjgyMjUtMzYyZi00ZTM3LTk1YTQtYWI3MmM1NDcyZmFl-c89f8225-362f-4e37-95a4-ab72c5472fae] Object was deleted but could not be found in the ZRC.
[http://chemistry.apache.org/MmIwMjJhOTctMmFlMS00OGVkLTlkMWUtMzRlY2U1YTNhNGEy-2b022a97-2ae1-48ed-9d1e-34ece5a3a4a2] Object was deleted but could not be found in the ZRC.
[http://chemistry.apache.org/MTU4Y2U2MTgtYjgwNi00MWQ0LWJhMmMtNzZmM2QxYzBjMDA1-158ce618-b806-41d4-ba2c-76f3d1c0c005] Object was created but could not be found in the DRC.
[http://chemistry.apache.org/OTM5NzNkZTYtZDlmMi00MDQwLTg0NTAtZmFkYmJhMDZlZmM0-93973de6-d9f2-4040-8450-fadbba06efc4] Object was created but could not be found in the DRC.
[http://chemistry.apache.org/MDkzYTNiYjgtYTczNy00N2U3LTk1OTgtMTNjNGU5Njg3ZjY1OzEuMA==-093a3bb8-a737-47e7-9598-13c4e9687f65] Object was created but could not be found in the DRC.
[http://chemistry.apache.org/MDkzYTNiYjgtYTczNy00N2U3LTk1OTgtMTNjNGU5Njg3ZjY1OzEuMA==-093a3bb8-a737-47e7-9598-13c4e9687f65] Object was updated but could not be found in the DRC.
[http://chemistry.apache.org/N2EzYWU4MTMtYTc5Ni00OWEzLTkyOWEtZTI2NDgzN2U3ZWIwOzEuMA==-7a3ae813-a796-49a3-929a-e264837e7eb0] Object was created but could not be found in the DRC.
[http://chemistry.apache.org/N2EzYWU4MTMtYTc5Ni00OWEzLTkyOWEtZTI2NDgzN2U3ZWIwOzEuMA==-7a3ae813-a796-49a3-929a-e264837e7eb0] Object was updated but could not be found in the DRC.
[http://chemistry.apache.org/MDkzYTNiYjgtYTczNy00N2U3LTk1OTgtMTNjNGU5Njg3ZjY1OzEuMA==-093a3bb8-a737-47e7-9598-13c4e9687f65] Object was deleted but could not be found in the ZRC.
[http://chemistry.apache.org/N2EzYWU4MTMtYTc5Ni00OWEzLTkyOWEtZTI2NDgzN2U3ZWIwOzEuMA==-7a3ae813-a796-49a3-929a-e264837e7eb0] Object was deleted but could not be found in the ZRC.
[http://chemistry.apache.org/OTM5NzNkZTYtZDlmMi00MDQwLTg0NTAtZmFkYmJhMDZlZmM0-93973de6-d9f2-4040-8450-fadbba06efc4] Object was deleted but could not be found in the ZRC.
[http://chemistry.apache.org/MTU4Y2U2MTgtYjgwNi00MWQ0LWJhMmMtNzZmM2QxYzBjMDA1-158ce618-b806-41d4-ba2c-76f3d1c0c005] Object was deleted but could not be found in the ZRC.
[http://chemistry.apache.org/MWFiNTA2ZmEtOGE4NC00NmIxLTlkZGQtMmNkYjA3ZDgwZmNl-1ab506fa-8a84-46b1-9ddd-2cdb07d80fce] Object was created but could not be found in the DRC.
[http://chemistry.apache.org/OWZlM2ZkZWYtMmVmNi00ZGEzLTgwNDAtZjU3YmU4OWZkMzI2-9fe3fdef-2ef6-4da3-8040-f57be89fd326] Object was created but could not be found in the DRC.
[http://chemistry.apache.org/OWZlM2ZkZWYtMmVmNi00ZGEzLTgwNDAtZjU3YmU4OWZkMzI2-9fe3fdef-2ef6-4da3-8040-f57be89fd326] Object was deleted but could not be found in the ZRC.
[http://chemistry.apache.org/MWFiNTA2ZmEtOGE4NC00NmIxLTlkZGQtMmNkYjA3ZDgwZmNl-1ab506fa-8a84-46b1-9ddd-2cdb07d80fce] Object was deleted but could not be found in the ZRC.
[http://chemistry.apache.org/NmJiN2U5MmYtNTU3MS00Njk5LWFjNmYtZjg4YmI3OGYwMDBl-6bb7e92f-5571-4699-ac6f-f88bb78f000e] Object was created but could not be found in the DRC.
[http://chemistry.apache.org/ZTlhMzU3Y2UtOGFiZS00NTNhLWE5N2MtNjRjMDY5MWM0NzA3-e9a357ce-8abe-453a-a97c-64c0691c4707] Object was created but could not be found in the DRC.
[http://chemistry.apache.org/ZTlhMzU3Y2UtOGFiZS00NTNhLWE5N2MtNjRjMDY5MWM0NzA3-e9a357ce-8abe-453a-a97c-64c0691c4707] Object was deleted but could not be found in the ZRC.
[http://chemistry.apache.org/NmJiN2U5MmYtNTU3MS00Njk5LWFjNmYtZjg4YmI3OGYwMDBl-6bb7e92f-5571-4699-ac6f-f88bb78f000e] Object was deleted but could not be found in the ZRC.
[http://chemistry.apache.org/YWMxYTUzNTMtNTAwNS00M2RmLThlN2ItY2JlYmVmNTY5YjE3-ac1a5353-5005-43df-8e7b-cbebef569b17] Object was created but could not be found in the DRC.
[http://chemistry.apache.org/MzFmN2YyOTUtZTY2Ni00Njk3LTkyNTctMDg5MzFkZGUxYjEx-31f7f295-e666-4697-9257-08931dde1b11] Object was created but could not be found in the DRC.
[http://chemistry.apache.org/MzFmN2YyOTUtZTY2Ni00Njk3LTkyNTctMDg5MzFkZGUxYjEx-31f7f295-e666-4697-9257-08931dde1b11] Object was deleted but could not be found in the ZRC.
[http://chemistry.apache.org/YWMxYTUzNTMtNTAwNS00M2RmLThlN2ItY2JlYmVmNTY5YjE3-ac1a5353-5005-43df-8e7b-cbebef569b17] Object was deleted but could not be found in the ZRC.
[http://chemistry.apache.org/MjVjODQ0NGYtMzEwOS00YWFhLWFhN2QtMWFiYWYyNTg4MWMw-25c8444f-3109-4aaa-aa7d-1abaf25881c0] Object was created but could not be found in the DRC.
[http://chemistry.apache.org/MWMyODNiNGQtMDdhNC00MWY5LTkwM2UtNGUyNzU2Mzg3Y2Yy-1c283b4d-07a4-41f9-903e-4e2756387cf2] Object was created but could not be found in the DRC.
[http://chemistry.apache.org/N2IwNGViOTUtY2RkOS00YjE5LTk5OTMtYTlhNjEzZGE5M2U3-7b04eb95-cdd9-4b19-9993-a9a613da93e7] Object was created but could not be found in the DRC.
[http://chemistry.apache.org/MWMyODNiNGQtMDdhNC00MWY5LTkwM2UtNGUyNzU2Mzg3Y2Yy-1c283b4d-07a4-41f9-903e-4e2756387cf2] Object was deleted but could not be found in the ZRC.
[http://chemistry.apache.org/N2IwNGViOTUtY2RkOS00YjE5LTk5OTMtYTlhNjEzZGE5M2U3-7b04eb95-cdd9-4b19-9993-a9a613da93e7] Object was deleted but could not be found in the ZRC.
[http://chemistry.apache.org/MjVjODQ0NGYtMzEwOS00YWFhLWFhN2QtMWFiYWYyNTg4MWMw-25c8444f-3109-4aaa-aa7d-1abaf25881c0] Object was deleted but could not be found in the ZRC.
[http://chemistry.apache.org/MzQ2ZGFkNjEtNWQ2Yi00MTc5LWFmNzUtNmQ5YjlmOWQ4ZTJl-346dad61-5d6b-4179-af75-6d9b9f9d8e2e] Object was created but could not be found in the DRC.
[http://chemistry.apache.org/NjYyNWU5ZGItYjQzNC00MWVmLWEyZDQtZDBiY2VhNDY3ZDll-6625e9db-b434-41ef-a2d4-d0bcea467d9e] Object was created but could not be found in the DRC.
[http://chemistry.apache.org/OTEwMjVhYzYtM2Q5Ny00YzAwLTkzZTUtZTEyMWNjZmQ1MDc0OzEuMA==-91025ac6-3d97-4c00-93e5-e121ccfd5074] Object was created but could not be found in the DRC.
[http://chemistry.apache.org/OTEwMjVhYzYtM2Q5Ny00YzAwLTkzZTUtZTEyMWNjZmQ1MDc0OzEuMA==-91025ac6-3d97-4c00-93e5-e121ccfd5074] Object was updated but could not be found in the DRC.
[http://chemistry.apache.org/M2RhNTY4MjYtZGFlMS00ZjNkLTlkMTItOGE5NTdiYjVlMDMxOzEuMA==-3da56826-dae1-4f3d-9d12-8a957bb5e031] Object was created but could not be found in the DRC.
[http://chemistry.apache.org/M2RhNTY4MjYtZGFlMS00ZjNkLTlkMTItOGE5NTdiYjVlMDMxOzEuMA==-3da56826-dae1-4f3d-9d12-8a957bb5e031] Object was updated but could not be found in the DRC.
[http://chemistry.apache.org/NjYyNWU5ZGItYjQzNC00MWVmLWEyZDQtZDBiY2VhNDY3ZDll-6625e9db-b434-41ef-a2d4-d0bcea467d9e] Object was deleted but could not be found in the ZRC.
[http://chemistry.apache.org/MzQ2ZGFkNjEtNWQ2Yi00MTc5LWFmNzUtNmQ5YjlmOWQ4ZTJl-346dad61-5d6b-4179-af75-6d9b9f9d8e2e] Object was deleted but could not be found in the ZRC.
[http://chemistry.apache.org/NGY4NDE5MDUtZWVlNC00MTA2LTliYjEtZTRjNzY1YjNkMmYz-4f841905-eee4-4106-9bb1-e4c765b3d2f3] Object was created but could not be found in the DRC.
[http://chemistry.apache.org/YWQ3MWI3OGQtZGEwZS00MTVkLWFkOWQtY2UyZWU3OTdjOWY5-ad71b78d-da0e-415d-ad9d-ce2ee797c9f9] Object was created but could not be found in the DRC.
[http://chemistry.apache.org/M2U1OGE5NTctOTZhNy00ZWM4LThjZTQtMGM5YzI5MmUxMjllOzEuMA==-3e58a957-96a7-4ec8-8ce4-0c9c292e129e] Object was created but could not be found in the DRC.
[http://chemistry.apache.org/M2U1OGE5NTctOTZhNy00ZWM4LThjZTQtMGM5YzI5MmUxMjllOzEuMA==-3e58a957-96a7-4ec8-8ce4-0c9c292e129e] Object was updated but could not be found in the DRC.
[http://chemistry.apache.org/NWM1NDAzNzItNThhZS00NDBjLThkMzUtZWJkYzYyYWZjY2NkOzEuMA==-5c540372-58ae-440c-8d35-ebdc62afcccd] Object was created but could not be found in the DRC.
[http://chemistry.apache.org/NWM1NDAzNzItNThhZS00NDBjLThkMzUtZWJkYzYyYWZjY2NkOzEuMA==-5c540372-58ae-440c-8d35-ebdc62afcccd] Object was updated but could not be found in the DRC.
[http://chemistry.apache.org/YWQ3MWI3OGQtZGEwZS00MTVkLWFkOWQtY2UyZWU3OTdjOWY5-ad71b78d-da0e-415d-ad9d-ce2ee797c9f9] Object was deleted but could not be found in the ZRC.
[http://chemistry.apache.org/NGY4NDE5MDUtZWVlNC00MTA2LTliYjEtZTRjNzY1YjNkMmYz-4f841905-eee4-4106-9bb1-e4c765b3d2f3] Object was deleted but could not be found in the ZRC.
[http://chemistry.apache.org/MzYwMzhmMDMtNDUxNy00YzdmLTk5YzUtZjYzNzkxODUyZjYx-36038f03-4517-4c7f-99c5-f63791852f61] Object was created but could not be found in the DRC.
[http://chemistry.apache.org/ZWRiNmEyODMtNzk2OS00YTcxLTkwYzYtMWVkYTYxZTE0ZDA0-edb6a283-7969-4a71-90c6-1eda61e14d04] Object was created but could not be found in the DRC.
[http://chemistry.apache.org/MWQ1Y2ViMTYtMWQwZi00MjhkLWFmOTgtMDk3NjkyNTY1MzcyOzEuMA==-1d5ceb16-1d0f-428d-af98-097692565372] Object was created but could not be found in the DRC.
[http://chemistry.apache.org/MWQ1Y2ViMTYtMWQwZi00MjhkLWFmOTgtMDk3NjkyNTY1MzcyOzEuMA==-1d5ceb16-1d0f-428d-af98-097692565372] Object was updated but could not be found in the DRC.
[http://chemistry.apache.org/NGEwZTMzMDUtMmY1NC00M2M3LTgzNTItYTRmYzEyZWI5NTRjOzEuMA==-4a0e3305-2f54-43c7-8352-a4fc12eb954c] Object was created but could not be found in the DRC.
[http://chemistry.apache.org/NGEwZTMzMDUtMmY1NC00M2M3LTgzNTItYTRmYzEyZWI5NTRjOzEuMA==-4a0e3305-2f54-43c7-8352-a4fc12eb954c] Object was updated but could not be found in the DRC.
[http://chemistry.apache.org/ZWRiNmEyODMtNzk2OS00YTcxLTkwYzYtMWVkYTYxZTE0ZDA0-edb6a283-7969-4a71-90c6-1eda61e14d04] Object was deleted but could not be found in the ZRC.
[http://chemistry.apache.org/MzYwMzhmMDMtNDUxNy00YzdmLTk5YzUtZjYzNzkxODUyZjYx-36038f03-4517-4c7f-99c5-f63791852f61] Object was deleted but could not be found in the ZRC.
[http://chemistry.apache.org/MDI2OGIzZmEtZGU5Ni00NjYzLTk5OGQtNmM4YTI5NzM0ZDEw-0268b3fa-de96-4663-998d-6c8a29734d10] Object was created but could not be found in the DRC.
[http://chemistry.apache.org/ZmFhODliODMtMjcwMi00N2UwLTg0ODktOGEzNjBkZDc1ZmIz-faa89b83-2702-47e0-8489-8a360dd75fb3] Object was created but could not be found in the DRC.
[http://chemistry.apache.org/MTg1NTYzOGMtYmNiNS00NWMwLTg3MDAtNTRhZGQ4NTI3ZGNmOzEuMA==-1855638c-bcb5-45c0-8700-54add8527dcf] Object was created but could not be found in the DRC.
[http://chemistry.apache.org/MTg1NTYzOGMtYmNiNS00NWMwLTg3MDAtNTRhZGQ4NTI3ZGNmOzEuMA==-1855638c-bcb5-45c0-8700-54add8527dcf] Object was updated but could not be found in the DRC.
[http://chemistry.apache.org/ZmFhODliODMtMjcwMi00N2UwLTg0ODktOGEzNjBkZDc1ZmIz-faa89b83-2702-47e0-8489-8a360dd75fb3] Object was deleted but could not be found in the ZRC.
[http://chemistry.apache.org/MDI2OGIzZmEtZGU5Ni00NjYzLTk5OGQtNmM4YTI5NzM0ZDEw-0268b3fa-de96-4663-998d-6c8a29734d10] Object was deleted but could not be found in the ZRC.
[http://chemistry.apache.org/ODU4ZTZhZGEtMzllZC00YzhlLTlhZjUtYjUwMDdlNTk5Mjlh-858e6ada-39ed-4c8e-9af5-b5007e59929a] Object was created but could not be found in the DRC.
[http://chemistry.apache.org/ZThmYWNlMzUtYWUwOS00Nzg5LTg0NzItYTJkYWEyYmRiMTNh-e8face35-ae09-4789-8472-a2daa2bdb13a] Object was created but could not be found in the DRC.
[http://chemistry.apache.org/NDY2ZTUyYzYtNzI5Zi00MWRhLWIxNDUtNWRmMDFhYjNiODZkOzEuMA==-466e52c6-729f-41da-b145-5df01ab3b86d] Object was created but could not be found in the DRC.
[http://chemistry.apache.org/NDY2ZTUyYzYtNzI5Zi00MWRhLWIxNDUtNWRmMDFhYjNiODZkOzEuMA==-466e52c6-729f-41da-b145-5df01ab3b86d] Object was updated but could not be found in the DRC.
[http://chemistry.apache.org/ZThmYWNlMzUtYWUwOS00Nzg5LTg0NzItYTJkYWEyYmRiMTNh-e8face35-ae09-4789-8472-a2daa2bdb13a] Object was deleted but could not be found in the ZRC.
[http://chemistry.apache.org/ODU4ZTZhZGEtMzllZC00YzhlLTlhZjUtYjUwMDdlNTk5Mjlh-858e6ada-39ed-4c8e-9af5-b5007e59929a] Object was deleted but could not be found in the ZRC.
[http://chemistry.apache.org/NDIwN2VmNWQtM2U2NC00ZGY4LWE1NzEtMjYzM2YzOWFlNDdm-4207ef5d-3e64-4df8-a571-2633f39ae47f] Object was created but could not be found in the DRC.
[http://chemistry.apache.org/MDYxZTAxYWItODZhOS00NzEzLThkZTMtZTMzMjkzYzJmN2Vj-061e01ab-86a9-4713-8de3-e33293c2f7ec] Object was created but could not be found in the DRC.
[http://chemistry.apache.org/MTJiNTc0OTAtYzg5OS00YzA2LThmOTctYWRhZjhhOGMzZTM1OzEuMA==-12b57490-c899-4c06-8f97-adaf8a8c3e35] Object was created but could not be found in the DRC.
[http://chemistry.apache.org/MTJiNTc0OTAtYzg5OS00YzA2LThmOTctYWRhZjhhOGMzZTM1OzEuMA==-12b57490-c899-4c06-8f97-adaf8a8c3e35] Object was updated but could not be found in the DRC.
[http://chemistry.apache.org/MTJiNTc0OTAtYzg5OS00YzA2LThmOTctYWRhZjhhOGMzZTM1OzEuMQ==-12b57490-c899-4c06-8f97-adaf8a8c3e35] Object was deleted but could not be found in the ZRC.
[http://chemistry.apache.org/MDYxZTAxYWItODZhOS00NzEzLThkZTMtZTMzMjkzYzJmN2Vj-061e01ab-86a9-4713-8de3-e33293c2f7ec] Object was deleted but could not be found in the ZRC.
[http://chemistry.apache.org/NDIwN2VmNWQtM2U2NC00ZGY4LWE1NzEtMjYzM2YzOWFlNDdm-4207ef5d-3e64-4df8-a571-2633f39ae47f] Object was deleted but could not be found in the ZRC.
[http://chemistry.apache.org/ZjJkYmNlYzUtYTBhMS00NzJhLTg4NjEtMTE5YTA4ODAyODlk-f2dbcec5-a0a1-472a-8861-119a0880289d] Object was created but could not be found in the DRC.
[http://chemistry.apache.org/MjQxYjA2MzYtMDk3Yi00MTFjLTg3YjEtOGNhM2EyY2YzMzVh-241b0636-097b-411c-87b1-8ca3a2cf335a] Object was created but could not be found in the DRC.
[http://chemistry.apache.org/MjQxYjA2MzYtMDk3Yi00MTFjLTg3YjEtOGNhM2EyY2YzMzVh-241b0636-097b-411c-87b1-8ca3a2cf335a] Object was deleted but could not be found in the ZRC.
[http://chemistry.apache.org/ZjJkYmNlYzUtYTBhMS00NzJhLTg4NjEtMTE5YTA4ODAyODlk-f2dbcec5-a0a1-472a-8861-119a0880289d] Object was deleted but could not be found in the ZRC.
[http://chemistry.apache.org/ODkwMDg4OGMtYTk3Yy00NDM1LThmMzktYjQ2ZGRkMzllNGIw-8900888c-a97c-4435-8f39-b46ddd39e4b0] Object was created but could not be found in the DRC.
[http://chemistry.apache.org/ZjdkOWU5NmMtNWQxMC00ZTg2LTkyZTMtODgyNjc1OWQyMTUy-f7d9e96c-5d10-4e86-92e3-8826759d2152] Object was created but could not be found in the DRC.
[http://chemistry.apache.org/Mjg3MzMwZDItYThiNy00ZWI3LTg1NjItZWIyMTZlODlmMzRmOzEuMA==-287330d2-a8b7-4eb7-8562-eb216e89f34f] Object was created but could not be found in the DRC.
[http://chemistry.apache.org/Mjg3MzMwZDItYThiNy00ZWI3LTg1NjItZWIyMTZlODlmMzRmOzEuMA==-287330d2-a8b7-4eb7-8562-eb216e89f34f] Object was updated but could not be found in the DRC.
[http://chemistry.apache.org/Mjg3MzMwZDItYThiNy00ZWI3LTg1NjItZWIyMTZlODlmMzRmOzEuMA==-287330d2-a8b7-4eb7-8562-eb216e89f34f] Object was deleted but could not be found in the ZRC.
[http://chemistry.apache.org/ZjdkOWU5NmMtNWQxMC00ZTg2LTkyZTMtODgyNjc1OWQyMTUy-f7d9e96c-5d10-4e86-92e3-8826759d2152] Object was deleted but could not be found in the ZRC.
[http://chemistry.apache.org/ODkwMDg4OGMtYTk3Yy00NDM1LThmMzktYjQ2ZGRkMzllNGIw-8900888c-a97c-4435-8f39-b46ddd39e4b0] Object was deleted but could not be found in the ZRC.
[http://chemistry.apache.org/N2FmZWVjZWYtMzU1My00ZmU0LWE1NmUtNmZmOGRiMTA4NjY2-7afeecef-3553-4fe4-a56e-6ff8db108666] Object was created but could not be found in the DRC.
[http://chemistry.apache.org/N2I2ODhhNGUtN2Q3Mi00ZjMyLTg0NTItMjVkODU0MTQ1NWNm-7b688a4e-7d72-4f32-8452-25d8541455cf] Object was created but could not be found in the DRC.
[http://chemistry.apache.org/YTdiNjFlOTMtODlkZS00MTI3LTk3MWUtMzA1YThiOGQxNDAyOzEuMA==-a7b61e93-89de-4127-971e-305a8b8d1402] Object was created but could not be found in the DRC.
[http://chemistry.apache.org/YTdiNjFlOTMtODlkZS00MTI3LTk3MWUtMzA1YThiOGQxNDAyOzEuMA==-a7b61e93-89de-4127-971e-305a8b8d1402] Object was updated but could not be found in the DRC.
[http://chemistry.apache.org/YTdiNjFlOTMtODlkZS00MTI3LTk3MWUtMzA1YThiOGQxNDAyOzEuMA==-a7b61e93-89de-4127-971e-305a8b8d1402] Object was deleted but could not be found in the ZRC.
[http://chemistry.apache.org/N2I2ODhhNGUtN2Q3Mi00ZjMyLTg0NTItMjVkODU0MTQ1NWNm-7b688a4e-7d72-4f32-8452-25d8541455cf] Object was deleted but could not be found in the ZRC.
[http://chemistry.apache.org/N2FmZWVjZWYtMzU1My00ZmU0LWE1NmUtNmZmOGRiMTA4NjY2-7afeecef-3553-4fe4-a56e-6ff8db108666] Object was deleted but could not be found in the ZRC.
[http://chemistry.apache.org/YWVlNmRhYjQtMDk5YS00Nzk1LThjMjItMmZjYzViNjk2OGRm-aee6dab4-099a-4795-8c22-2fcc5b6968df] Object was created but could not be found in the DRC.
[http://chemistry.apache.org/ODM4Zjc3YzctNTQxYS00OTIzLThlMTktYzU2ZTEzY2EwMTgz-838f77c7-541a-4923-8e19-c56e13ca0183] Object was created but could not be found in the DRC.
[http://chemistry.apache.org/YTIwODU3NWEtOTlhYS00MTkzLTk0NzctMTZlMDk2YzE1OWE5OzEuMA==-a208575a-99aa-4193-9477-16e096c159a9] Object was created but could not be found in the DRC.
[http://chemistry.apache.org/YTIwODU3NWEtOTlhYS00MTkzLTk0NzctMTZlMDk2YzE1OWE5OzEuMA==-a208575a-99aa-4193-9477-16e096c159a9] Object was updated but could not be found in the DRC.
[http://chemistry.apache.org/YTIwODU3NWEtOTlhYS00MTkzLTk0NzctMTZlMDk2YzE1OWE5OzEuMA==-a208575a-99aa-4193-9477-16e096c159a9] Object was deleted but could not be found in the ZRC.
[http://chemistry.apache.org/ODM4Zjc3YzctNTQxYS00OTIzLThlMTktYzU2ZTEzY2EwMTgz-838f77c7-541a-4923-8e19-c56e13ca0183] Object was deleted but could not be found in the ZRC.
[http://chemistry.apache.org/YWVlNmRhYjQtMDk5YS00Nzk1LThjMjItMmZjYzViNjk2OGRm-aee6dab4-099a-4795-8c22-2fcc5b6968df] Object was deleted but could not be found in the ZRC.
[http://chemistry.apache.org/YzJmOThmZWEtNTFhNS00NDFkLTllOWYtNzJlNDdiMmZjYzQ3-c2f98fea-51a5-441d-9e9f-72e47b2fcc47] Object was created but could not be found in the DRC.
[http://chemistry.apache.org/OWFiYjIyMDgtMDY3Zi00NjhjLThkOTEtMzUxMWUwYTc5OGJi-9abb2208-067f-468c-8d91-3511e0a798bb] Object was created but could not be found in the DRC.
[http://chemistry.apache.org/YTc1MjU0Y2UtNWZjYS00N2Q1LWFiZjQtNTZiOWYwNjBjZTQ1OzEuMA==-a75254ce-5fca-47d5-abf4-56b9f060ce45] Object was created but could not be found in the DRC.
[http://chemistry.apache.org/YTc1MjU0Y2UtNWZjYS00N2Q1LWFiZjQtNTZiOWYwNjBjZTQ1OzEuMA==-a75254ce-5fca-47d5-abf4-56b9f060ce45] Object was updated but could not be found in the DRC.
[http://chemistry.apache.org/MzMwOGRkNzMtMDlkZS00MDIxLWE5MjEtOWUyNGRjMjE4N2Jj-3308dd73-09de-4021-a921-9e24dc2187bc] Object was created but could not be found in the DRC.
[http://chemistry.apache.org/YTc1MjU0Y2UtNWZjYS00N2Q1LWFiZjQtNTZiOWYwNjBjZTQ1OzEuMA==-a75254ce-5fca-47d5-abf4-56b9f060ce45] Object was deleted but could not be found in the ZRC.
[http://chemistry.apache.org/MzMwOGRkNzMtMDlkZS00MDIxLWE5MjEtOWUyNGRjMjE4N2Jj-3308dd73-09de-4021-a921-9e24dc2187bc] Object was deleted but could not be found in the ZRC.
[http://chemistry.apache.org/OWFiYjIyMDgtMDY3Zi00NjhjLThkOTEtMzUxMWUwYTc5OGJi-9abb2208-067f-468c-8d91-3511e0a798bb] Object was deleted but could not be found in the ZRC.
[http://chemistry.apache.org/YzJmOThmZWEtNTFhNS00NDFkLTllOWYtNzJlNDdiMmZjYzQ3-c2f98fea-51a5-441d-9e9f-72e47b2fcc47] Object was deleted but could not be found in the ZRC.
[http://chemistry.apache.org/MDczOWNjNDMtYzc3Zi00YmMzLWE3YzUtMzJjYjc3Zjc1NzAx-0739cc43-c77f-4bc3-a7c5-32cb77f75701] Object was created but could not be found in the DRC.
[http://chemistry.apache.org/MTFkYzZhNjctYjZkMi00OGM1LTg2NjAtMDEyOGMyYzU2NTJm-11dc6a67-b6d2-48c5-8660-0128c2c5652f] Object was created but could not be found in the DRC.
[http://chemistry.apache.org/MWZlMDEwMWQtNDRlZS00YjQzLTk5NTQtMzRjYThlM2IyMjVmOzEuMA==-1fe0101d-44ee-4b43-9954-34ca8e3b225f] Object was created but could not be found in the DRC.
[http://chemistry.apache.org/MWZlMDEwMWQtNDRlZS00YjQzLTk5NTQtMzRjYThlM2IyMjVmOzEuMA==-1fe0101d-44ee-4b43-9954-34ca8e3b225f] Object was updated but could not be found in the DRC.
[http://chemistry.apache.org/MWZlMDEwMWQtNDRlZS00YjQzLTk5NTQtMzRjYThlM2IyMjVmOzEuMA==-1fe0101d-44ee-4b43-9954-34ca8e3b225f] Object was deleted but could not be found in the ZRC.
[http://chemistry.apache.org/MTFkYzZhNjctYjZkMi00OGM1LTg2NjAtMDEyOGMyYzU2NTJm-11dc6a67-b6d2-48c5-8660-0128c2c5652f] Object was deleted but could not be found in the ZRC.
[http://chemistry.apache.org/MDczOWNjNDMtYzc3Zi00YmMzLWE3YzUtMzJjYjc3Zjc1NzAx-0739cc43-c77f-4bc3-a7c5-32cb77f75701] Object was deleted but could not be found in the ZRC.
[http://chemistry.apache.org/ZDExNDRjODAtYWUxYi00YWE3LWJjNmYtMjE0ZmQzOWUxZmRl-d1144c80-ae1b-4aa7-bc6f-214fd39e1fde] Object was created but could not be found in the DRC.
[http://chemistry.apache.org/MDkyNWM3OTAtNjVmNC00ZGYzLWIwZmYtNjcxNTU1MGI2ZDM2-0925c790-65f4-4df3-b0ff-6715550b6d36] Object was created but could not be found in the DRC.
[http://chemistry.apache.org/MzFhMWYwYzktNWI2Ny00MTE3LTk0YzMtYTJhNzFkYWM0NmIzOzEuMA==-31a1f0c9-5b67-4117-94c3-a2a71dac46b3] Object was created but could not be found in the DRC.
[http://chemistry.apache.org/MzFhMWYwYzktNWI2Ny00MTE3LTk0YzMtYTJhNzFkYWM0NmIzOzEuMA==-31a1f0c9-5b67-4117-94c3-a2a71dac46b3] Object was updated but could not be found in the DRC.
[http://chemistry.apache.org/MzFhMWYwYzktNWI2Ny00MTE3LTk0YzMtYTJhNzFkYWM0NmIzOzEuMA==-31a1f0c9-5b67-4117-94c3-a2a71dac46b3] Object was deleted but could not be found in the ZRC.
[http://chemistry.apache.org/NDQxOTZjZDYtMjgwYy00MzlkLWEyYjktNDM4OTRiYmI3NWY1-44196cd6-280c-439d-a2b9-43894bbb75f5] Object was created but could not be found in the DRC.
[http://chemistry.apache.org/NDQxOTZjZDYtMjgwYy00MzlkLWEyYjktNDM4OTRiYmI3NWY1-44196cd6-280c-439d-a2b9-43894bbb75f5] Object was deleted but could not be found in the ZRC.
[http://chemistry.apache.org/MDkyNWM3OTAtNjVmNC00ZGYzLWIwZmYtNjcxNTU1MGI2ZDM2-0925c790-65f4-4df3-b0ff-6715550b6d36] Object was deleted but could not be found in the ZRC.
[http://chemistry.apache.org/ZDExNDRjODAtYWUxYi00YWE3LWJjNmYtMjE0ZmQzOWUxZmRl-d1144c80-ae1b-4aa7-bc6f-214fd39e1fde] Object was deleted but could not be found in the ZRC.
[http://chemistry.apache.org/ZGRkZTg1ODAtNjlkMC00ZjZiLWE4YTUtMTY2MzExYzliMWFkOzEuMA==-ddde8580-69d0-4f6b-a8a5-166311c9b1ad] Object was created but could not be found in the DRC.
[http://chemistry.apache.org/ZGRkZTg1ODAtNjlkMC00ZjZiLWE4YTUtMTY2MzExYzliMWFkOzEuMA==-ddde8580-69d0-4f6b-a8a5-166311c9b1ad] Object was updated but could not be found in the DRC.
[http://chemistry.apache.org/YzBkYTA1MWUtM2JmNy00NjA5LWFjNzgtMTcyYjA0YzBlMDQ1-c0da051e-3bf7-4609-ac78-172b04c0e045] Object was created but could not be found in the DRC.
[http://chemistry.apache.org/NTgzMDMxNjItNmViNS00OWI0LTg2OGItZTE2OWE5YmIxMDAz-58303162-6eb5-49b4-868b-e169a9bb1003] Object was created but could not be found in the DRC.
[http://chemistry.apache.org/NTgzMDMxNjItNmViNS00OWI0LTg2OGItZTE2OWE5YmIxMDAz-58303162-6eb5-49b4-868b-e169a9bb1003] Object was deleted but could not be found in the ZRC.
[http://chemistry.apache.org/YzBkYTA1MWUtM2JmNy00NjA5LWFjNzgtMTcyYjA0YzBlMDQ1-c0da051e-3bf7-4609-ac78-172b04c0e045] Object was deleted but could not be found in the ZRC.
[http://chemistry.apache.org/YmE4M2QwNzItMjA3ZS00YjY5LWJjNTItMTBkNjFmYTI5ZDUx-ba83d072-207e-4b69-bc52-10d61fa29d51] Object was created but could not be found in the DRC.
[http://chemistry.apache.org/NDg0OWEzOGEtNzg4NS00MGMxLWIwMzQtZWRkZGQwMDhhMzk2-4849a38a-7885-40c1-b034-edddd008a396] Object was created but could not be found in the DRC.
[http://chemistry.apache.org/NDg0OWEzOGEtNzg4NS00MGMxLWIwMzQtZWRkZGQwMDhhMzk2-4849a38a-7885-40c1-b034-edddd008a396] Object was deleted but could not be found in the ZRC.
[http://chemistry.apache.org/YmE4M2QwNzItMjA3ZS00YjY5LWJjNTItMTBkNjFmYTI5ZDUx-ba83d072-207e-4b69-bc52-10d61fa29d51] Object was deleted but could not be found in the ZRC.
[http://chemistry.apache.org/MjFjZmMzYzgtZGM4OS00ZTIxLWFkOTYtODc5OWQyNDY1ZTg4-21cfc3c8-dc89-4e21-ad96-8799d2465e88] Object was created but could not be found in the DRC.
[http://chemistry.apache.org/OTQ5MjRiOTItMWU4Yy00YzAwLWE3OTAtY2Y1NzE0NjA0YTMz-94924b92-1e8c-4c00-a790-cf5714604a33] Object was created but could not be found in the DRC.
[http://chemistry.apache.org/NDZhNDlhM2MtYTEyNS00ODEyLTg5M2UtNGQwOGY2ZjRkYTEzOzEuMA==-46a49a3c-a125-4812-893e-4d08f6f4da13] Object was created but could not be found in the DRC.
[http://chemistry.apache.org/NDZhNDlhM2MtYTEyNS00ODEyLTg5M2UtNGQwOGY2ZjRkYTEzOzEuMA==-46a49a3c-a125-4812-893e-4d08f6f4da13] Object was updated but could not be found in the DRC.
[http://chemistry.apache.org/YjRmZGVjN2YtMTUzOC00NDg5LTkxNzQtZWM0YmIxYWVlYjJiOzEuMA==-b4fdec7f-1538-4489-9174-ec4bb1aeeb2b] Object was created but could not be found in the DRC.
[http://chemistry.apache.org/YjRmZGVjN2YtMTUzOC00NDg5LTkxNzQtZWM0YmIxYWVlYjJiOzEuMA==-b4fdec7f-1538-4489-9174-ec4bb1aeeb2b] Object was updated but could not be found in the DRC.
[http://chemistry.apache.org/OTQ5MjRiOTItMWU4Yy00YzAwLWE3OTAtY2Y1NzE0NjA0YTMz-94924b92-1e8c-4c00-a790-cf5714604a33] Object was deleted but could not be found in the ZRC.
[http://chemistry.apache.org/MjFjZmMzYzgtZGM4OS00ZTIxLWFkOTYtODc5OWQyNDY1ZTg4-21cfc3c8-dc89-4e21-ad96-8799d2465e88] Object was deleted but could not be found in the ZRC.
[http://chemistry.apache.org/MzRkZjI0NDctZWQzOS00MjU2LWE5MTEtZjgxNzYwMWM4NGZl-34df2447-ed39-4256-a911-f817601c84fe] Object was created but could not be found in the DRC.
[http://chemistry.apache.org/NjY5NTRjNDgtNTE0Ni00OGI4LThmYmUtZDY1N2EzNmY4Mjc4-66954c48-5146-48b8-8fbe-d657a36f8278] Object was created but could not be found in the DRC.
[http://chemistry.apache.org/YmY0Yzc3ZTctOTQ1MS00ZGM1LThhYmMtODMxODFlNWU4ZDEzOzEuMA==-bf4c77e7-9451-4dc5-8abc-83181e5e8d13] Object was created but could not be found in the DRC.
[http://chemistry.apache.org/YmY0Yzc3ZTctOTQ1MS00ZGM1LThhYmMtODMxODFlNWU4ZDEzOzEuMA==-bf4c77e7-9451-4dc5-8abc-83181e5e8d13] Object was updated but could not be found in the DRC.
[http://chemistry.apache.org/NjY5NTRjNDgtNTE0Ni00OGI4LThmYmUtZDY1N2EzNmY4Mjc4-66954c48-5146-48b8-8fbe-d657a36f8278] Object was deleted but could not be found in the ZRC.
[http://chemistry.apache.org/MzRkZjI0NDctZWQzOS00MjU2LWE5MTEtZjgxNzYwMWM4NGZl-34df2447-ed39-4256-a911-f817601c84fe] Object was deleted but could not be found in the ZRC.
[http://chemistry.apache.org/OWE2NTBhMDAtZWY3OC00MDRiLTg5NGItMmJiMWQ4OWM5YWM2-9a650a00-ef78-404b-894b-2bb1d89c9ac6] Object was created but could not be found in the DRC.
[http://chemistry.apache.org/Y2YzYWQ5MGQtYWFjZS00NmIwLTk3MjMtYmVkOGI4YjU3ZTIz-cf3ad90d-aace-46b0-9723-bed8b8b57e23] Object was created but could not be found in the DRC.
[http://chemistry.apache.org/YmQyNzY4MWMtNzI2MS00MjdjLTg3ODItMGVmOWJmN2YzMWFkOzEuMA==-bd27681c-7261-427c-8782-0ef9bf7f31ad] Object was created but could not be found in the DRC.
[http://chemistry.apache.org/YmQyNzY4MWMtNzI2MS00MjdjLTg3ODItMGVmOWJmN2YzMWFkOzEuMA==-bd27681c-7261-427c-8782-0ef9bf7f31ad] Object was updated but could not be found in the DRC.
[http://chemistry.apache.org/ZjBlZjk3ZjMtNTA2NC00MWUwLTkxZDMtOWNmOTRkNjk5ZmEzOzEuMA==-f0ef97f3-5064-41e0-91d3-9cf94d699fa3] Object was created but could not be found in the DRC.
[http://chemistry.apache.org/ZjBlZjk3ZjMtNTA2NC00MWUwLTkxZDMtOWNmOTRkNjk5ZmEzOzEuMA==-f0ef97f3-5064-41e0-91d3-9cf94d699fa3] Object was updated but could not be found in the DRC.
[http://chemistry.apache.org/Y2YzYWQ5MGQtYWFjZS00NmIwLTk3MjMtYmVkOGI4YjU3ZTIz-cf3ad90d-aace-46b0-9723-bed8b8b57e23] Object was deleted but could not be found in the ZRC.
[http://chemistry.apache.org/OWE2NTBhMDAtZWY3OC00MDRiLTg5NGItMmJiMWQ4OWM5YWM2-9a650a00-ef78-404b-894b-2bb1d89c9ac6] Object was deleted but could not be found in the ZRC.
[http://chemistry.apache.org/ZjMwN2EwMTItZGM1ZS00YjZiLThiOGQtYmRkNTk2YjlmYTBm-f307a012-dc5e-4b6b-8b8d-bdd596b9fa0f] Object was created but could not be found in the DRC.
[http://chemistry.apache.org/OWE1OWQyMjgtNmNiMS00NDMyLTgyNWQtM2Y3OTM1OTRhZTBi-9a59d228-6cb1-4432-825d-3f793594ae0b] Object was created but could not be found in the DRC.
[http://chemistry.apache.org/ZmNkMjk1ODUtYjM5ZC00N2E0LTk5YTktOWMwNWYzY2Q4NTcxOzEuMA==-fcd29585-b39d-47a4-99a9-9c05f3cd8571] Object was created but could not be found in the DRC.
[http://chemistry.apache.org/ZmNkMjk1ODUtYjM5ZC00N2E0LTk5YTktOWMwNWYzY2Q4NTcxOzEuMA==-fcd29585-b39d-47a4-99a9-9c05f3cd8571] Object was updated but could not be found in the DRC.
[http://chemistry.apache.org/ZDIwMTU3Y2EtNjAxMS00OTNmLTk4ZjItNTE5Njc3Nzg3MDEyOzEuMA==-d20157ca-6011-493f-98f2-519677787012] Object was created but could not be found in the DRC.
[http://chemistry.apache.org/ZDIwMTU3Y2EtNjAxMS00OTNmLTk4ZjItNTE5Njc3Nzg3MDEyOzEuMA==-d20157ca-6011-493f-98f2-519677787012] Object was updated but could not be found in the DRC.
[http://chemistry.apache.org/ZDIwMTU3Y2EtNjAxMS00OTNmLTk4ZjItNTE5Njc3Nzg3MDEyOzEuMA==-d20157ca-6011-493f-98f2-519677787012] Object was deleted but could not be found in the ZRC.
[http://chemistry.apache.org/ZDI5NGFiNzMtMDY3OS00ODk1LWE4YmUtM2NlN2YxYjgzNWIwOzEuMA==-d294ab73-0679-4895-a8be-3ce7f1b835b0] Object was created but could not be found in the DRC.
[http://chemistry.apache.org/ZDI5NGFiNzMtMDY3OS00ODk1LWE4YmUtM2NlN2YxYjgzNWIwOzEuMA==-d294ab73-0679-4895-a8be-3ce7f1b835b0] Object was updated but could not be found in the DRC.
[http://chemistry.apache.org/ZmNkMjk1ODUtYjM5ZC00N2E0LTk5YTktOWMwNWYzY2Q4NTcxOzEuMA==-fcd29585-b39d-47a4-99a9-9c05f3cd8571] Object was deleted but could not be found in the ZRC.
[http://chemistry.apache.org/ZDI5NGFiNzMtMDY3OS00ODk1LWE4YmUtM2NlN2YxYjgzNWIwOzEuMA==-d294ab73-0679-4895-a8be-3ce7f1b835b0] Object was deleted but could not be found in the ZRC.
[http://chemistry.apache.org/OWE1OWQyMjgtNmNiMS00NDMyLTgyNWQtM2Y3OTM1OTRhZTBi-9a59d228-6cb1-4432-825d-3f793594ae0b] Object was deleted but could not be found in the ZRC.
[http://chemistry.apache.org/ZjMwN2EwMTItZGM1ZS00YjZiLThiOGQtYmRkNTk2YjlmYTBm-f307a012-dc5e-4b6b-8b8d-bdd596b9fa0f] Object was deleted but could not be found in the ZRC.
[http://chemistry.apache.org/ODljNjBmOGYtNTk0YS00NTBlLTkwMmQtMDUzZGI2Y2JjNmY4-89c60f8f-594a-450e-902d-053db6cbc6f8] Object was created but could not be found in the DRC.
[http://chemistry.apache.org/MTgyMzkxNzMtY2U1Yi00OWFkLTgwNjEtOTU0NTQ5NWY4NTAw-18239173-ce5b-49ad-8061-9545495f8500] Object was created but could not be found in the DRC.
[http://chemistry.apache.org/OWIyYzA4ZDktN2NmMy00NGZmLTkyNGEtMDQ0M2QxMzc5YjJkOzEuMA==-9b2c08d9-7cf3-44ff-924a-0443d1379b2d] Object was created but could not be found in the DRC.
[http://chemistry.apache.org/OWIyYzA4ZDktN2NmMy00NGZmLTkyNGEtMDQ0M2QxMzc5YjJkOzEuMA==-9b2c08d9-7cf3-44ff-924a-0443d1379b2d] Object was updated but could not be found in the DRC.
[http://chemistry.apache.org/YzY1ZTdlNWQtOGUwZC00YmIzLWIwMWMtYmJkN2U4ODhkMjEzOzEuMA==-c65e7e5d-8e0d-4bb3-b01c-bbd7e888d213] Object was created but could not be found in the DRC.
[http://chemistry.apache.org/YzY1ZTdlNWQtOGUwZC00YmIzLWIwMWMtYmJkN2U4ODhkMjEzOzEuMA==-c65e7e5d-8e0d-4bb3-b01c-bbd7e888d213] Object was updated but could not be found in the DRC.
[http://chemistry.apache.org/OWIyYzA4ZDktN2NmMy00NGZmLTkyNGEtMDQ0M2QxMzc5YjJkOzEuMA==-9b2c08d9-7cf3-44ff-924a-0443d1379b2d] Object was deleted but could not be found in the ZRC.
[http://chemistry.apache.org/YzY1ZTdlNWQtOGUwZC00YmIzLWIwMWMtYmJkN2U4ODhkMjEzOzEuMA==-c65e7e5d-8e0d-4bb3-b01c-bbd7e888d213] Object was deleted but could not be found in the ZRC.
[http://chemistry.apache.org/MTgyMzkxNzMtY2U1Yi00OWFkLTgwNjEtOTU0NTQ5NWY4NTAw-18239173-ce5b-49ad-8061-9545495f8500] Object was deleted but could not be found in the ZRC.
[http://chemistry.apache.org/ODljNjBmOGYtNTk0YS00NTBlLTkwMmQtMDUzZGI2Y2JjNmY4-89c60f8f-594a-450e-902d-053db6cbc6f8] Object was deleted but could not be found in the ZRC.
[http://chemistry.apache.org/NGI3ZDhiMzAtYTc2NC00NGE5LWFjYzYtZGQ2MGNkMGM1OGRl-4b7d8b30-a764-44a9-acc6-dd60cd0c58de] Object was created but could not be found in the DRC.
[http://chemistry.apache.org/ZDI2ZDg5MzgtYzlmNy00OTcxLTg4NTMtZWNiNDg1ZjVkMTBi-d26d8938-c9f7-4971-8853-ecb485f5d10b] Object was created but could not be found in the DRC.
[http://chemistry.apache.org/NDNiZGE1MzctZDQwYi00MzM2LTlmNGEtMGEyYmUwYjczMzVmOzEuMA==-43bda537-d40b-4336-9f4a-0a2be0b7335f] Object was created but could not be found in the DRC.
[http://chemistry.apache.org/NDNiZGE1MzctZDQwYi00MzM2LTlmNGEtMGEyYmUwYjczMzVmOzEuMA==-43bda537-d40b-4336-9f4a-0a2be0b7335f] Object was updated but could not be found in the DRC.
[http://chemistry.apache.org/YzM5NDY0MDgtZDZiMy00NGQxLWEyODktYzgzNDZjODllYjBjOzEuMA==-c3946408-d6b3-44d1-a289-c8346c89eb0c] Object was created but could not be found in the DRC.
[http://chemistry.apache.org/YzM5NDY0MDgtZDZiMy00NGQxLWEyODktYzgzNDZjODllYjBjOzEuMA==-c3946408-d6b3-44d1-a289-c8346c89eb0c] Object was updated but could not be found in the DRC.
[http://chemistry.apache.org/NDNiZGE1MzctZDQwYi00MzM2LTlmNGEtMGEyYmUwYjczMzVmOzEuMA==-43bda537-d40b-4336-9f4a-0a2be0b7335f] Object was deleted but could not be found in the ZRC.
[http://chemistry.apache.org/YzM5NDY0MDgtZDZiMy00NGQxLWEyODktYzgzNDZjODllYjBjOzEuMA==-c3946408-d6b3-44d1-a289-c8346c89eb0c] Object was deleted but could not be found in the ZRC.
[http://chemistry.apache.org/ZDI2ZDg5MzgtYzlmNy00OTcxLTg4NTMtZWNiNDg1ZjVkMTBi-d26d8938-c9f7-4971-8853-ecb485f5d10b] Object was deleted but could not be found in the ZRC.
[http://chemistry.apache.org/NGI3ZDhiMzAtYTc2NC00NGE5LWFjYzYtZGQ2MGNkMGM1OGRl-4b7d8b30-a764-44a9-acc6-dd60cd0c58de] Object was deleted but could not be found in the ZRC.
[http://chemistry.apache.org/OWM0Yzc1OGEtZGMxYi00NzI3LTk0NDUtZWE2MzgwZTk5YjZl-9c4c758a-dc1b-4727-9445-ea6380e99b6e] Object was created but could not be found in the DRC.
[http://chemistry.apache.org/MjJhY2I5OGYtNDdkZC00NTYxLTkyMDEtMGE3OTQ3MDU5N2I3-22acb98f-47dd-4561-9201-0a79470597b7] Object was created but could not be found in the DRC.
[http://chemistry.apache.org/MDU5NzA1NzAtMDcyMS00ZGY4LWEyZDYtYTI1ZGY5YWVlZDBjOzEuMA==-05970570-0721-4df8-a2d6-a25df9aeed0c] Object was created but could not be found in the DRC.
[http://chemistry.apache.org/MDU5NzA1NzAtMDcyMS00ZGY4LWEyZDYtYTI1ZGY5YWVlZDBjOzEuMA==-05970570-0721-4df8-a2d6-a25df9aeed0c] Object was updated but could not be found in the DRC.
[http://chemistry.apache.org/NzUzZDJmNmMtOTViNy00YjI4LWE5MDMtY2JkNzFmN2QzNThlOzEuMA==-753d2f6c-95b7-4b28-a903-cbd71f7d358e] Object was created but could not be found in the DRC.
[http://chemistry.apache.org/NzUzZDJmNmMtOTViNy00YjI4LWE5MDMtY2JkNzFmN2QzNThlOzEuMA==-753d2f6c-95b7-4b28-a903-cbd71f7d358e] Object was updated but could not be found in the DRC.
[http://chemistry.apache.org/MDU5NzA1NzAtMDcyMS00ZGY4LWEyZDYtYTI1ZGY5YWVlZDBjOzEuMA==-05970570-0721-4df8-a2d6-a25df9aeed0c] Object was deleted but could not be found in the ZRC.
[http://chemistry.apache.org/NzUzZDJmNmMtOTViNy00YjI4LWE5MDMtY2JkNzFmN2QzNThlOzEuMA==-753d2f6c-95b7-4b28-a903-cbd71f7d358e] Object was deleted but could not be found in the ZRC.
[http://chemistry.apache.org/MjJhY2I5OGYtNDdkZC00NTYxLTkyMDEtMGE3OTQ3MDU5N2I3-22acb98f-47dd-4561-9201-0a79470597b7] Object was deleted but could not be found in the ZRC.
[http://chemistry.apache.org/OWM0Yzc1OGEtZGMxYi00NzI3LTk0NDUtZWE2MzgwZTk5YjZl-9c4c758a-dc1b-4727-9445-ea6380e99b6e] Object was deleted but could not be found in the ZRC.
[http://chemistry.apache.org/NDIyODQ0MmEtYWY0Mi00MWVhLThjYjUtY2ZlNGY1NmZjNDFl-4228442a-af42-41ea-8cb5-cfe4f56fc41e] Object was created but could not be found in the DRC.
[http://chemistry.apache.org/OTQwMGZlMDAtNmVhNS00Zjk5LTk1NTMtYzk2NjlmZTMyMDNk-9400fe00-6ea5-4f99-9553-c9669fe3203d] Object was created but could not be found in the DRC.
[http://chemistry.apache.org/OTQwMGZlMDAtNmVhNS00Zjk5LTk1NTMtYzk2NjlmZTMyMDNk-9400fe00-6ea5-4f99-9553-c9669fe3203d] Object was deleted but could not be found in the ZRC.
[http://chemistry.apache.org/NDIyODQ0MmEtYWY0Mi00MWVhLThjYjUtY2ZlNGY1NmZjNDFl-4228442a-af42-41ea-8cb5-cfe4f56fc41e] Object was deleted but could not be found in the ZRC.
[http://chemistry.apache.org/NGM2NDhkNDgtMzc4MC00M2I3LWIyM2UtNzMyMzhlNTgzYjE1-4c648d48-3780-43b7-b23e-73238e583b15] Object was created but could not be found in the DRC.
[http://chemistry.apache.org/YTljOTZiNDctZDFjZC00ODAzLWE3ZTQtNzFjZTE2MDViM2U3-a9c96b47-d1cd-4803-a7e4-71ce1605b3e7] Object was created but could not be found in the DRC.
[http://chemistry.apache.org/YTljOTZiNDctZDFjZC00ODAzLWE3ZTQtNzFjZTE2MDViM2U3-a9c96b47-d1cd-4803-a7e4-71ce1605b3e7] Object was deleted but could not be found in the ZRC.
[http://chemistry.apache.org/NGM2NDhkNDgtMzc4MC00M2I3LWIyM2UtNzMyMzhlNTgzYjE1-4c648d48-3780-43b7-b23e-73238e583b15] Object was deleted but could not be found in the ZRC.
[http://chemistry.apache.org/Y2Y0MGY5ODktMTkxYi00YTgxLTkzOGYtZWY2MDY4MDdkZDA1-cf40f989-191b-4a81-938f-ef606807dd05] Object was created but could not be found in the DRC.
[http://chemistry.apache.org/NDQwNzY4OWUtNTFhNS00NzkxLThhY2QtOTcxZjA0YjIxNGNk-4407689e-51a5-4791-8acd-971f04b214cd] Object was created but could not be found in the DRC.
[http://chemistry.apache.org/NDQwNzY4OWUtNTFhNS00NzkxLThhY2QtOTcxZjA0YjIxNGNk-4407689e-51a5-4791-8acd-971f04b214cd] Object was deleted but could not be found in the ZRC.
[http://chemistry.apache.org/Y2Y0MGY5ODktMTkxYi00YTgxLTkzOGYtZWY2MDY4MDdkZDA1-cf40f989-191b-4a81-938f-ef606807dd05] Object was deleted but could not be found in the ZRC.
[http://chemistry.apache.org/ZjZjMWYwN2ItNzllNy00ZWQ4LTgxOGEtNDUwM2Y3MGQzODQ3-f6c1f07b-79e7-4ed8-818a-4503f70d3847] Object was created but could not be found in the DRC.
[http://chemistry.apache.org/MDg2ZDEwMjQtNGMzYi00MGI0LTkzYWMtNjVlOGY1MDcxNDdl-086d1024-4c3b-40b4-93ac-65e8f507147e] Object was created but could not be found in the DRC.
[http://chemistry.apache.org/NGIzYmUwODUtNzIyNS00MWJlLWFjNDktYjg0NzY1NGMwNzFh-4b3be085-7225-41be-ac49-b847654c071a] Object was created but could not be found in the DRC.
[http://chemistry.apache.org/MDg2ZDEwMjQtNGMzYi00MGI0LTkzYWMtNjVlOGY1MDcxNDdl-086d1024-4c3b-40b4-93ac-65e8f507147e] Object was deleted but could not be found in the ZRC.
[http://chemistry.apache.org/NGIzYmUwODUtNzIyNS00MWJlLWFjNDktYjg0NzY1NGMwNzFh-4b3be085-7225-41be-ac49-b847654c071a] Object was deleted but could not be found in the ZRC.
[http://chemistry.apache.org/ZjZjMWYwN2ItNzllNy00ZWQ4LTgxOGEtNDUwM2Y3MGQzODQ3-f6c1f07b-79e7-4ed8-818a-4503f70d3847] Object was deleted but could not be found in the ZRC.
[http://chemistry.apache.org/ODQ5NzA5ZDQtM2I2Mi00ZGQ5LWIxZTEtNDExMmMzZDk4NWZi-849709d4-3b62-4dd9-b1e1-4112c3d985fb] Object was created but could not be found in the DRC.
[http://chemistry.apache.org/MzhhMWE4MTQtMjFjZC00NDBhLTlmN2ItNTMzMGZkZjg5MzAw-38a1a814-21cd-440a-9f7b-5330fdf89300] Object was created but could not be found in the DRC.
[http://chemistry.apache.org/MTdjOWY3ZDUtZjU2My00NDM5LTlmMzktNzM4MDlkNjViNDNiOzEuMA==-17c9f7d5-f563-4439-9f39-73809d65b43b] Object was created but could not be found in the DRC.
[http://chemistry.apache.org/MTdjOWY3ZDUtZjU2My00NDM5LTlmMzktNzM4MDlkNjViNDNiOzEuMA==-17c9f7d5-f563-4439-9f39-73809d65b43b] Object was updated but could not be found in the DRC.
[http://chemistry.apache.org/YzZmMGIzMzYtNTkyZi00ZDI4LTlkMDYtZjYwYTJmOTc5YmRjOzEuMA==-c6f0b336-592f-4d28-9d06-f60a2f979bdc] Object was created but could not be found in the DRC.
[http://chemistry.apache.org/YzZmMGIzMzYtNTkyZi00ZDI4LTlkMDYtZjYwYTJmOTc5YmRjOzEuMA==-c6f0b336-592f-4d28-9d06-f60a2f979bdc] Object was updated but could not be found in the DRC.
[http://chemistry.apache.org/MzhhMWE4MTQtMjFjZC00NDBhLTlmN2ItNTMzMGZkZjg5MzAw-38a1a814-21cd-440a-9f7b-5330fdf89300] Object was deleted but could not be found in the ZRC.
[http://chemistry.apache.org/ODQ5NzA5ZDQtM2I2Mi00ZGQ5LWIxZTEtNDExMmMzZDk4NWZi-849709d4-3b62-4dd9-b1e1-4112c3d985fb] Object was deleted but could not be found in the ZRC.
[http://chemistry.apache.org/NTVhMzk2ZTEtMDc4OC00NTFkLTlkN2EtNDJjNGIzOWJiODM1-55a396e1-0788-451d-9d7a-42c4b39bb835] Object was created but could not be found in the DRC.
[http://chemistry.apache.org/YTFjMmE4NTMtNmU2NS00MDI0LTk0ZGUtM2Q3YjQ3NDYyNmJk-a1c2a853-6e65-4024-94de-3d7b474626bd] Object was created but could not be found in the DRC.
[http://chemistry.apache.org/OWQxYjg4ZTEtNTI4ZC00Nzc2LWE5MjUtMzI5MWMzOGYyZmExOzEuMA==-9d1b88e1-528d-4776-a925-3291c38f2fa1] Object was created but could not be found in the DRC.
[http://chemistry.apache.org/OWQxYjg4ZTEtNTI4ZC00Nzc2LWE5MjUtMzI5MWMzOGYyZmExOzEuMA==-9d1b88e1-528d-4776-a925-3291c38f2fa1] Object was updated but could not be found in the DRC.
[http://chemistry.apache.org/ZGE3MzQxODEtYmMwNC00MmJhLWFlMmEtNjkwYTczYjIxNTM2OzEuMA==-da734181-bc04-42ba-ae2a-690a73b21536] Object was created but could not be found in the DRC.
[http://chemistry.apache.org/ZGE3MzQxODEtYmMwNC00MmJhLWFlMmEtNjkwYTczYjIxNTM2OzEuMA==-da734181-bc04-42ba-ae2a-690a73b21536] Object was updated but could not be found in the DRC.
[http://chemistry.apache.org/YTFjMmE4NTMtNmU2NS00MDI0LTk0ZGUtM2Q3YjQ3NDYyNmJk-a1c2a853-6e65-4024-94de-3d7b474626bd] Object was deleted but could not be found in the ZRC.
[http://chemistry.apache.org/NTVhMzk2ZTEtMDc4OC00NTFkLTlkN2EtNDJjNGIzOWJiODM1-55a396e1-0788-451d-9d7a-42c4b39bb835] Object was deleted but could not be found in the ZRC.
[http://chemistry.apache.org/NzY1YWEwZmMtNDAxNy00N2U5LTkyY2EtMDc2ZmIxYjc4NTk4-765aa0fc-4017-47e9-92ca-076fb1b78598] Object was created but could not be found in the DRC.
[http://chemistry.apache.org/MTMxMmEyZGItNDQxOS00Mzk2LTg5MDAtN2M2MGZiMzYyMDU5-1312a2db-4419-4396-8900-7c60fb362059] Object was created but could not be found in the DRC.
[http://chemistry.apache.org/NjBlZTUyOTItNWEyYi00OWQ1LWJlMTYtNjMzMDAwMzIzM2UyOzEuMA==-60ee5292-5a2b-49d5-be16-6330003233e2] Object was created but could not be found in the DRC.
[http://chemistry.apache.org/NjBlZTUyOTItNWEyYi00OWQ1LWJlMTYtNjMzMDAwMzIzM2UyOzEuMA==-60ee5292-5a2b-49d5-be16-6330003233e2] Object was updated but could not be found in the DRC.
[http://chemistry.apache.org/NDI5ZjAwOGEtOTdkMy00ODQ0LTk5ZDQtYmI4YjNmNjE3OTg3OzEuMA==-429f008a-97d3-4844-99d4-bb8b3f617987] Object was created but could not be found in the DRC.
[http://chemistry.apache.org/NDI5ZjAwOGEtOTdkMy00ODQ0LTk5ZDQtYmI4YjNmNjE3OTg3OzEuMA==-429f008a-97d3-4844-99d4-bb8b3f617987] Object was updated but could not be found in the DRC.
[http://chemistry.apache.org/MTMxMmEyZGItNDQxOS00Mzk2LTg5MDAtN2M2MGZiMzYyMDU5-1312a2db-4419-4396-8900-7c60fb362059] Object was deleted but could not be found in the ZRC.
[http://chemistry.apache.org/NzY1YWEwZmMtNDAxNy00N2U5LTkyY2EtMDc2ZmIxYjc4NTk4-765aa0fc-4017-47e9-92ca-076fb1b78598] Object was deleted but could not be found in the ZRC.
[http://chemistry.apache.org/OWIwOWMxZDktN2VhNC00NDRkLThkZGYtMTZmNWE1MjBlMThl-9b09c1d9-7ea4-444d-8ddf-16f5a520e18e] Object was created but could not be found in the DRC.
[http://chemistry.apache.org/MGUwNzVjODgtYWQ3YS00NzA5LWFiZTMtZDAxM2U1ZGJjNGZk-0e075c88-ad7a-4709-abe3-d013e5dbc4fd] Object was created but could not be found in the DRC.
[http://chemistry.apache.org/MWY5ODlhN2ItZjk2Ni00NzZhLWFlZWMtN2RmYWQzOTI2MzRkOzEuMA==-1f989a7b-f966-476a-aeec-7dfad392634d] Object was created but could not be found in the DRC.
[http://chemistry.apache.org/MWY5ODlhN2ItZjk2Ni00NzZhLWFlZWMtN2RmYWQzOTI2MzRkOzEuMA==-1f989a7b-f966-476a-aeec-7dfad392634d] Object was updated but could not be found in the DRC.
[http://chemistry.apache.org/MGUwNzVjODgtYWQ3YS00NzA5LWFiZTMtZDAxM2U1ZGJjNGZk-0e075c88-ad7a-4709-abe3-d013e5dbc4fd] Object was deleted but could not be found in the ZRC.
[http://chemistry.apache.org/OWIwOWMxZDktN2VhNC00NDRkLThkZGYtMTZmNWE1MjBlMThl-9b09c1d9-7ea4-444d-8ddf-16f5a520e18e] Object was deleted but could not be found in the ZRC.
[http://chemistry.apache.org/YzBiNWJkNTQtOGUyMy00YWI0LWEzOGMtMjJjMTllYzQ4ZTMw-c0b5bd54-8e23-4ab4-a38c-22c19ec48e30] Object was created but could not be found in the DRC.
[http://chemistry.apache.org/NmYyOTJhOWUtODczYi00MzUyLWI2NTItOGExZTRmZmQwMmJh-6f292a9e-873b-4352-b652-8a1e4ffd02ba] Object was created but could not be found in the DRC.
[http://chemistry.apache.org/YjEzYTZhZjYtNGMxZS00ODllLTgzYzItOWQ0YjAwZWYwNmRiOzEuMA==-b13a6af6-4c1e-489e-83c2-9d4b00ef06db] Object was created but could not be found in the DRC.
[http://chemistry.apache.org/YjEzYTZhZjYtNGMxZS00ODllLTgzYzItOWQ0YjAwZWYwNmRiOzEuMA==-b13a6af6-4c1e-489e-83c2-9d4b00ef06db] Object was updated but could not be found in the DRC.
[http://chemistry.apache.org/NmYyOTJhOWUtODczYi00MzUyLWI2NTItOGExZTRmZmQwMmJh-6f292a9e-873b-4352-b652-8a1e4ffd02ba] Object was deleted but could not be found in the ZRC.
[http://chemistry.apache.org/YzBiNWJkNTQtOGUyMy00YWI0LWEzOGMtMjJjMTllYzQ4ZTMw-c0b5bd54-8e23-4ab4-a38c-22c19ec48e30] Object was deleted but could not be found in the ZRC.
[http://chemistry.apache.org/MzJjOWFjZWQtN2NlNi00NGMwLWE1YjgtZjAwZmJlN2ZiYzJk-32c9aced-7ce6-44c0-a5b8-f00fbe7fbc2d] Object was created but could not be found in the DRC.
[http://chemistry.apache.org/MTFkNmVmZjAtMWYwOC00NjkxLTg4MjgtMzRlYjJlODg3M2Ri-11d6eff0-1f08-4691-8828-34eb2e8873db] Object was created but could not be found in the DRC.
[http://chemistry.apache.org/NzYwY2U2ZGMtZGUwNS00YmQ1LWFiOGUtN2JmYjQwMzBhOGFhOzEuMA==-760ce6dc-de05-4bd5-ab8e-7bfb4030a8aa] Object was created but could not be found in the DRC.
[http://chemistry.apache.org/NzYwY2U2ZGMtZGUwNS00YmQ1LWFiOGUtN2JmYjQwMzBhOGFhOzEuMA==-760ce6dc-de05-4bd5-ab8e-7bfb4030a8aa] Object was updated but could not be found in the DRC.
[http://chemistry.apache.org/NzYwY2U2ZGMtZGUwNS00YmQ1LWFiOGUtN2JmYjQwMzBhOGFhOzEuMQ==-760ce6dc-de05-4bd5-ab8e-7bfb4030a8aa] Object was deleted but could not be found in the ZRC.
[http://chemistry.apache.org/MTFkNmVmZjAtMWYwOC00NjkxLTg4MjgtMzRlYjJlODg3M2Ri-11d6eff0-1f08-4691-8828-34eb2e8873db] Object was deleted but could not be found in the ZRC.
[http://chemistry.apache.org/MzJjOWFjZWQtN2NlNi00NGMwLWE1YjgtZjAwZmJlN2ZiYzJk-32c9aced-7ce6-44c0-a5b8-f00fbe7fbc2d] Object was deleted but could not be found in the ZRC.
[http://chemistry.apache.org/YTdmZGUxZDgtN2VjYS00NmNlLWFhNzQtYWU3NjQ5MWNlM2U1-a7fde1d8-7eca-46ce-aa74-ae76491ce3e5] Object was created but could not be found in the DRC.
[http://chemistry.apache.org/YTQ1NDMxN2UtZjUzMS00MmU1LTg2YTQtYjE1NmMxYmQ1OTgy-a454317e-f531-42e5-86a4-b156c1bd5982] Object was created but could not be found in the DRC.
[http://chemistry.apache.org/YTQ1NDMxN2UtZjUzMS00MmU1LTg2YTQtYjE1NmMxYmQ1OTgy-a454317e-f531-42e5-86a4-b156c1bd5982] Object was deleted but could not be found in the ZRC.
[http://chemistry.apache.org/YTdmZGUxZDgtN2VjYS00NmNlLWFhNzQtYWU3NjQ5MWNlM2U1-a7fde1d8-7eca-46ce-aa74-ae76491ce3e5] Object was deleted but could not be found in the ZRC.
[http://chemistry.apache.org/ZGU1ODU1M2UtMjkyZi00ZDQ5LWExNzMtYjVmYWNmZjIyNjY3-de58553e-292f-4d49-a173-b5facff22667] Object was created but could not be found in the DRC.
[http://chemistry.apache.org/YWQ3YzFkMWEtOGM1NS00NmRlLTlmZjQtZGM1YmFjN2QwMjZh-ad7c1d1a-8c55-46de-9ff4-dc5bac7d026a] Object was created but could not be found in the DRC.
[http://chemistry.apache.org/N2U0MmQ1NGYtOGE1ZC00MGJlLTlhMjctNTJjMTFlMjY0MTZhOzEuMA==-7e42d54f-8a5d-40be-9a27-52c11e26416a] Object was created but could not be found in the DRC.
[http://chemistry.apache.org/N2U0MmQ1NGYtOGE1ZC00MGJlLTlhMjctNTJjMTFlMjY0MTZhOzEuMA==-7e42d54f-8a5d-40be-9a27-52c11e26416a] Object was updated but could not be found in the DRC.
[http://chemistry.apache.org/N2U0MmQ1NGYtOGE1ZC00MGJlLTlhMjctNTJjMTFlMjY0MTZhOzEuMA==-7e42d54f-8a5d-40be-9a27-52c11e26416a] Object was deleted but could not be found in the ZRC.
[http://chemistry.apache.org/YWQ3YzFkMWEtOGM1NS00NmRlLTlmZjQtZGM1YmFjN2QwMjZh-ad7c1d1a-8c55-46de-9ff4-dc5bac7d026a] Object was deleted but could not be found in the ZRC.
[http://chemistry.apache.org/ZGU1ODU1M2UtMjkyZi00ZDQ5LWExNzMtYjVmYWNmZjIyNjY3-de58553e-292f-4d49-a173-b5facff22667] Object was deleted but could not be found in the ZRC.
[http://chemistry.apache.org/OWI3NzVjMjMtODJmYy00NGFkLTlhZWMtZTAyYzBlYjgwMDY1-9b775c23-82fc-44ad-9aec-e02c0eb80065] Object was created but could not be found in the DRC.
[http://chemistry.apache.org/OGM4ODUyOTQtZWE2Zi00YzVlLTllNjAtZGFlNWIxYTY0MWI2-8c885294-ea6f-4c5e-9e60-dae5b1a641b6] Object was created but could not be found in the DRC.
[http://chemistry.apache.org/YWFjNWY2ZjItYzA0Yy00ZGQxLTk2NjgtMzFkYzQzNWYyN2JiOzEuMA==-aac5f6f2-c04c-4dd1-9668-31dc435f27bb] Object was created but could not be found in the DRC.
[http://chemistry.apache.org/YWFjNWY2ZjItYzA0Yy00ZGQxLTk2NjgtMzFkYzQzNWYyN2JiOzEuMA==-aac5f6f2-c04c-4dd1-9668-31dc435f27bb] Object was updated but could not be found in the DRC.
[http://chemistry.apache.org/YWFjNWY2ZjItYzA0Yy00ZGQxLTk2NjgtMzFkYzQzNWYyN2JiOzEuMA==-aac5f6f2-c04c-4dd1-9668-31dc435f27bb] Object was deleted but could not be found in the ZRC.
[http://chemistry.apache.org/OGM4ODUyOTQtZWE2Zi00YzVlLTllNjAtZGFlNWIxYTY0MWI2-8c885294-ea6f-4c5e-9e60-dae5b1a641b6] Object was deleted but could not be found in the ZRC.
[http://chemistry.apache.org/OWI3NzVjMjMtODJmYy00NGFkLTlhZWMtZTAyYzBlYjgwMDY1-9b775c23-82fc-44ad-9aec-e02c0eb80065] Object was deleted but could not be found in the ZRC.
[http://chemistry.apache.org/NjI3Nzc4YzItNzQyYi00MTBiLWI0NGQtMWRlZjdjM2FjNTcz-627778c2-742b-410b-b44d-1def7c3ac573] Object was created but could not be found in the DRC.
[http://chemistry.apache.org/MGQ2YzMwZDMtNGM0Zi00YjhiLWI4NWUtMjYxOTRkZGQ1ZGIx-0d6c30d3-4c4f-4b8b-b85e-26194ddd5db1] Object was created but could not be found in the DRC.
[http://chemistry.apache.org/NDZlYjBkYWQtMjg0ZS00ZTcxLWE2NTQtZDkwZmQ4ZTA3NjI5OzEuMA==-46eb0dad-284e-4e71-a654-d90fd8e07629] Object was created but could not be found in the DRC.
[http://chemistry.apache.org/NDZlYjBkYWQtMjg0ZS00ZTcxLWE2NTQtZDkwZmQ4ZTA3NjI5OzEuMA==-46eb0dad-284e-4e71-a654-d90fd8e07629] Object was updated but could not be found in the DRC.
[http://chemistry.apache.org/NDZlYjBkYWQtMjg0ZS00ZTcxLWE2NTQtZDkwZmQ4ZTA3NjI5OzEuMA==-46eb0dad-284e-4e71-a654-d90fd8e07629] Object was deleted but could not be found in the ZRC.
[http://chemistry.apache.org/MGQ2YzMwZDMtNGM0Zi00YjhiLWI4NWUtMjYxOTRkZGQ1ZGIx-0d6c30d3-4c4f-4b8b-b85e-26194ddd5db1] Object was deleted but could not be found in the ZRC.
[http://chemistry.apache.org/NjI3Nzc4YzItNzQyYi00MTBiLWI0NGQtMWRlZjdjM2FjNTcz-627778c2-742b-410b-b44d-1def7c3ac573] Object was deleted but could not be found in the ZRC.
[http://chemistry.apache.org/MjFhMzRmYjEtOWE4NS00MzlmLTg2MjctOWVlODdiODBjM2Fh-21a34fb1-9a85-439f-8627-9ee87b80c3aa] Object was created but could not be found in the DRC.
[http://chemistry.apache.org/ZDcxYTk0MWItY2RjMS00ODNjLWE1Y2MtNjNkZTcwZGQ1MDhi-d71a941b-cdc1-483c-a5cc-63de70dd508b] Object was created but could not be found in the DRC.
[http://chemistry.apache.org/ZTMxNzYyY2ItMThlZi00MDFkLTg5OTQtZTAxZmU5NDA0OTIwOzEuMA==-e31762cb-18ef-401d-8994-e01fe9404920] Object was created but could not be found in the DRC.
[http://chemistry.apache.org/ZTMxNzYyY2ItMThlZi00MDFkLTg5OTQtZTAxZmU5NDA0OTIwOzEuMA==-e31762cb-18ef-401d-8994-e01fe9404920] Object was updated but could not be found in the DRC.
[http://chemistry.apache.org/MmJlMjhiZWYtNjQ2Yi00MTEzLWI3MTktZjQ5NTVlOTllN2Qw-2be28bef-646b-4113-b719-f4955e99e7d0] Object was created but could not be found in the DRC.
[http://chemistry.apache.org/ZTMxNzYyY2ItMThlZi00MDFkLTg5OTQtZTAxZmU5NDA0OTIwOzEuMA==-e31762cb-18ef-401d-8994-e01fe9404920] Object was deleted but could not be found in the ZRC.
[http://chemistry.apache.org/MmJlMjhiZWYtNjQ2Yi00MTEzLWI3MTktZjQ5NTVlOTllN2Qw-2be28bef-646b-4113-b719-f4955e99e7d0] Object was deleted but could not be found in the ZRC.
[http://chemistry.apache.org/ZDcxYTk0MWItY2RjMS00ODNjLWE1Y2MtNjNkZTcwZGQ1MDhi-d71a941b-cdc1-483c-a5cc-63de70dd508b] Object was deleted but could not be found in the ZRC.
[http://chemistry.apache.org/MjFhMzRmYjEtOWE4NS00MzlmLTg2MjctOWVlODdiODBjM2Fh-21a34fb1-9a85-439f-8627-9ee87b80c3aa] Object was deleted but could not be found in the ZRC.
[http://chemistry.apache.org/MDkwNTQ1ZWUtMTI0MC00NzRhLWExYjgtYjMwZjJhYTNkMjA5-090545ee-1240-474a-a1b8-b30f2aa3d209] Object was created but could not be found in the DRC.
[http://chemistry.apache.org/MDYxMGQyOTItZGU1Yi00ODI3LTllMmYtZmNkNjYxNTUwYjYw-0610d292-de5b-4827-9e2f-fcd661550b60] Object was created but could not be found in the DRC.
[http://chemistry.apache.org/MTM4MGQwOGEtYzNmMS00NzhjLWI3YzUtMGQzZmY2MjdiNjI0OzEuMA==-1380d08a-c3f1-478c-b7c5-0d3ff627b624] Object was created but could not be found in the DRC.
[http://chemistry.apache.org/MTM4MGQwOGEtYzNmMS00NzhjLWI3YzUtMGQzZmY2MjdiNjI0OzEuMA==-1380d08a-c3f1-478c-b7c5-0d3ff627b624] Object was updated but could not be found in the DRC.
[http://chemistry.apache.org/MTM4MGQwOGEtYzNmMS00NzhjLWI3YzUtMGQzZmY2MjdiNjI0OzEuMA==-1380d08a-c3f1-478c-b7c5-0d3ff627b624] Object was deleted but could not be found in the ZRC.
[http://chemistry.apache.org/MDYxMGQyOTItZGU1Yi00ODI3LTllMmYtZmNkNjYxNTUwYjYw-0610d292-de5b-4827-9e2f-fcd661550b60] Object was deleted but could not be found in the ZRC.
[http://chemistry.apache.org/MDkwNTQ1ZWUtMTI0MC00NzRhLWExYjgtYjMwZjJhYTNkMjA5-090545ee-1240-474a-a1b8-b30f2aa3d209] Object was deleted but could not be found in the ZRC.
[http://chemistry.apache.org/YTFhMGQ0MzEtZjczYi00MTVmLWI1YzMtZDljM2M3OTNjNTkw-a1a0d431-f73b-415f-b5c3-d9c3c793c590] Object was created but could not be found in the DRC.
[http://chemistry.apache.org/Njk0NDA1ZjUtMmI1My00MGE0LWExZDYtMzIyNTlmZjVjY2U2-694405f5-2b53-40a4-a1d6-32259ff5cce6] Object was created but could not be found in the DRC.
[http://chemistry.apache.org/Y2FlN2UxMDQtZGRlNS00ZTdkLTgzY2EtOWEyMGFlMzBjMmViOzEuMA==-cae7e104-dde5-4e7d-83ca-9a20ae30c2eb] Object was created but could not be found in the DRC.
[http://chemistry.apache.org/Y2FlN2UxMDQtZGRlNS00ZTdkLTgzY2EtOWEyMGFlMzBjMmViOzEuMA==-cae7e104-dde5-4e7d-83ca-9a20ae30c2eb] Object was updated but could not be found in the DRC.
[http://chemistry.apache.org/Y2FlN2UxMDQtZGRlNS00ZTdkLTgzY2EtOWEyMGFlMzBjMmViOzEuMA==-cae7e104-dde5-4e7d-83ca-9a20ae30c2eb] Object was deleted but could not be found in the ZRC.
[http://chemistry.apache.org/NzFkMzlhZjctMDAwNC00YzRjLTk5ZTgtNWU5MzQ2MDAxZDQ0-71d39af7-0004-4c4c-99e8-5e9346001d44] Object was created but could not be found in the DRC.
[http://chemistry.apache.org/NzFkMzlhZjctMDAwNC00YzRjLTk5ZTgtNWU5MzQ2MDAxZDQ0-71d39af7-0004-4c4c-99e8-5e9346001d44] Object was deleted but could not be found in the ZRC.
[http://chemistry.apache.org/Njk0NDA1ZjUtMmI1My00MGE0LWExZDYtMzIyNTlmZjVjY2U2-694405f5-2b53-40a4-a1d6-32259ff5cce6] Object was deleted but could not be found in the ZRC.
[http://chemistry.apache.org/YTFhMGQ0MzEtZjczYi00MTVmLWI1YzMtZDljM2M3OTNjNTkw-a1a0d431-f73b-415f-b5c3-d9c3c793c590] Object was deleted but could not be found in the ZRC.
[http://chemistry.apache.org/NmZhNzA3NTktNzcyZi00NTlhLWI3MTktMDk3MzAyYzI1NjBjOzEuMA==-6fa70759-772f-459a-b719-097302c2560c] Object was created but could not be found in the DRC.
[http://chemistry.apache.org/NmZhNzA3NTktNzcyZi00NTlhLWI3MTktMDk3MzAyYzI1NjBjOzEuMA==-6fa70759-772f-459a-b719-097302c2560c] Object was updated but could not be found in the DRC.
[http://chemistry.apache.org/MmMyY2ZiNGEtNTgwNy00Nzc5LWJlMWMtMzRmOWU2OGUzOGYz-2c2cfb4a-5807-4779-be1c-34f9e68e38f3] Object was created but could not be found in the DRC.
[http://chemistry.apache.org/NmZmNTdlMGUtMjlmZS00Y2Q2LThhZjctNDY1Mjc5MWU0M2U5-6ff57e0e-29fe-4cd6-8af7-4652791e43e9] Object was created but could not be found in the DRC.
[http://chemistry.apache.org/MjNhYzgxZjktNTNkMS00MDkyLWI0NjktMzM4MmI4ZDk4YzM1OzEuMA==-23ac81f9-53d1-4092-b469-3382b8d98c35] Object was created but could not be found in the DRC.
[http://chemistry.apache.org/MjNhYzgxZjktNTNkMS00MDkyLWI0NjktMzM4MmI4ZDk4YzM1OzEuMA==-23ac81f9-53d1-4092-b469-3382b8d98c35] Object was updated but could not be found in the DRC.
[http://chemistry.apache.org/MjBjMmYzNGMtZDNkZS00MDRkLTllNmYtMDgzZjVhMTAyZDM1OzEuMA==-20c2f34c-d3de-404d-9e6f-083f5a102d35] Object was created but could not be found in the DRC.
[http://chemistry.apache.org/MjBjMmYzNGMtZDNkZS00MDRkLTllNmYtMDgzZjVhMTAyZDM1OzEuMA==-20c2f34c-d3de-404d-9e6f-083f5a102d35] Object was updated but could not be found in the DRC.
[http://chemistry.apache.org/NmZmNTdlMGUtMjlmZS00Y2Q2LThhZjctNDY1Mjc5MWU0M2U5-6ff57e0e-29fe-4cd6-8af7-4652791e43e9] Object was deleted but could not be found in the ZRC.
[http://chemistry.apache.org/MmMyY2ZiNGEtNTgwNy00Nzc5LWJlMWMtMzRmOWU2OGUzOGYz-2c2cfb4a-5807-4779-be1c-34f9e68e38f3] Object was deleted but could not be found in the ZRC.
[http://chemistry.apache.org/ODEwN2NhYWEtMmE0Ni00N2NiLWFlMDktZjQxZjZlZTBlZWZm-8107caaa-2a46-47cb-ae09-f41f6ee0eeff] Object was created but could not be found in the DRC.
[http://chemistry.apache.org/NDJhNzFhNzUtZGM3Yy00ZWU3LWE4Y2EtNTk2ODA4ZTMxZThm-42a71a75-dc7c-4ee7-a8ca-596808e31e8f] Object was created but could not be found in the DRC.
[http://chemistry.apache.org/OGM1M2I4ZDUtZTZhNC00ODU1LWI3NjctZmRlZGI1NWZjYmEzOzEuMA==-8c53b8d5-e6a4-4855-b767-fdedb55fcba3] Object was created but could not be found in the DRC.
[http://chemistry.apache.org/OGM1M2I4ZDUtZTZhNC00ODU1LWI3NjctZmRlZGI1NWZjYmEzOzEuMA==-8c53b8d5-e6a4-4855-b767-fdedb55fcba3] Object was updated but could not be found in the DRC.
[http://chemistry.apache.org/NTQ0YzhlMDAtMWE4Mi00N2RiLTg1ZDctMTljMDYzYjU5YTcxOzEuMA==-544c8e00-1a82-47db-85d7-19c063b59a71] Object was created but could not be found in the DRC.
[http://chemistry.apache.org/NTQ0YzhlMDAtMWE4Mi00N2RiLTg1ZDctMTljMDYzYjU5YTcxOzEuMA==-544c8e00-1a82-47db-85d7-19c063b59a71] Object was updated but could not be found in the DRC.
[http://chemistry.apache.org/NDJhNzFhNzUtZGM3Yy00ZWU3LWE4Y2EtNTk2ODA4ZTMxZThm-42a71a75-dc7c-4ee7-a8ca-596808e31e8f] Object was deleted but could not be found in the ZRC.
[http://chemistry.apache.org/ODEwN2NhYWEtMmE0Ni00N2NiLWFlMDktZjQxZjZlZTBlZWZm-8107caaa-2a46-47cb-ae09-f41f6ee0eeff] Object was deleted but could not be found in the ZRC.
[http://chemistry.apache.org/YjUyYmE3ZmQtNTY3ZC00MjNkLWI0NGItMDA4MjQzMjUzMzk5-b52ba7fd-567d-423d-b44b-008243253399] Object was created but could not be found in the DRC.
[http://chemistry.apache.org/NDA0MTFmNGQtNzBmNS00NGYwLWE4ZTAtMjU4ODAxZWVmZjU2-40411f4d-70f5-44f0-a8e0-258801eeff56] Object was created but could not be found in the DRC.
[http://chemistry.apache.org/MDU4NTUzZGItNjI5ZS00YzQ0LTk1NTctOWE1YWU5NjljNDI0OzEuMA==-058553db-629e-4c44-9557-9a5ae969c424] Object was created but could not be found in the DRC.
[http://chemistry.apache.org/MDU4NTUzZGItNjI5ZS00YzQ0LTk1NTctOWE1YWU5NjljNDI0OzEuMA==-058553db-629e-4c44-9557-9a5ae969c424] Object was updated but could not be found in the DRC.
[http://chemistry.apache.org/MzMwNjc5NDgtODhlYy00YTE3LWEzOWYtODViMjdhMmZlZjM0OzEuMA==-33067948-88ec-4a17-a39f-85b27a2fef34] Object was created but could not be found in the DRC.
[http://chemistry.apache.org/MzMwNjc5NDgtODhlYy00YTE3LWEzOWYtODViMjdhMmZlZjM0OzEuMA==-33067948-88ec-4a17-a39f-85b27a2fef34] Object was updated but could not be found in the DRC.
[http://chemistry.apache.org/NDA0MTFmNGQtNzBmNS00NGYwLWE4ZTAtMjU4ODAxZWVmZjU2-40411f4d-70f5-44f0-a8e0-258801eeff56] Object was deleted but could not be found in the ZRC.
[http://chemistry.apache.org/YjUyYmE3ZmQtNTY3ZC00MjNkLWI0NGItMDA4MjQzMjUzMzk5-b52ba7fd-567d-423d-b44b-008243253399] Object was deleted but could not be found in the ZRC.
[http://chemistry.apache.org/NjI4ZDEyM2QtYzE4Ni00N2M0LTgyMjMtMzdkMGYzYTk0MDc1-628d123d-c186-47c4-8223-37d0f3a94075] Object was created but could not be found in the DRC.
[http://chemistry.apache.org/Y2MyZWMwNWMtNjdkMC00NWFjLWI0OTMtZTJhNjMwZGNhZmU3-cc2ec05c-67d0-45ac-b493-e2a630dcafe7] Object was created but could not be found in the DRC.
[http://chemistry.apache.org/NTAzYjkwY2ItYmJlMC00ZDI4LTllYzEtNjhlMzVmM2FlNjE0OzEuMA==-503b90cb-bbe0-4d28-9ec1-68e35f3ae614] Object was created but could not be found in the DRC.
[http://chemistry.apache.org/NTAzYjkwY2ItYmJlMC00ZDI4LTllYzEtNjhlMzVmM2FlNjE0OzEuMA==-503b90cb-bbe0-4d28-9ec1-68e35f3ae614] Object was updated but could not be found in the DRC.
[http://chemistry.apache.org/Y2MyZWMwNWMtNjdkMC00NWFjLWI0OTMtZTJhNjMwZGNhZmU3-cc2ec05c-67d0-45ac-b493-e2a630dcafe7] Object was deleted but could not be found in the ZRC.
[http://chemistry.apache.org/NjI4ZDEyM2QtYzE4Ni00N2M0LTgyMjMtMzdkMGYzYTk0MDc1-628d123d-c186-47c4-8223-37d0f3a94075] Object was deleted but could not be found in the ZRC.
[http://chemistry.apache.org/ZTcyNGU5M2ItZWQxNC00ZmRiLTgwOWYtNDA2OTkzOTcyMjY5-e724e93b-ed14-4fdb-809f-406993972269] Object was created but could not be found in the DRC.
[http://chemistry.apache.org/YjE2ZjdmNTQtMjgwYi00ZDg3LWI3MjUtZTYzYzMyOTJiMDVh-b16f7f54-280b-4d87-b725-e63c3292b05a] Object was created but could not be found in the DRC.
[http://chemistry.apache.org/ZmViZTAwZGQtMDM4ZC00ZGI3LWEzZmUtNmMwNzBiMzU0YmE5OzEuMA==-febe00dd-038d-4db7-a3fe-6c070b354ba9] Object was created but could not be found in the DRC.
[http://chemistry.apache.org/ZmViZTAwZGQtMDM4ZC00ZGI3LWEzZmUtNmMwNzBiMzU0YmE5OzEuMA==-febe00dd-038d-4db7-a3fe-6c070b354ba9] Object was updated but could not be found in the DRC.
[http://chemistry.apache.org/YjE2ZjdmNTQtMjgwYi00ZDg3LWI3MjUtZTYzYzMyOTJiMDVh-b16f7f54-280b-4d87-b725-e63c3292b05a] Object was deleted but could not be found in the ZRC.
[http://chemistry.apache.org/ZTcyNGU5M2ItZWQxNC00ZmRiLTgwOWYtNDA2OTkzOTcyMjY5-e724e93b-ed14-4fdb-809f-406993972269] Object was deleted but could not be found in the ZRC.
[http://chemistry.apache.org/NjJlZDA2NzQtZDliNC00NzIwLWJmNDktYzJlZTdhNWIzMmNi-62ed0674-d9b4-4720-bf49-c2ee7a5b32cb] Object was created but could not be found in the DRC.
[http://chemistry.apache.org/NmUzZWUyYWUtMjVhZS00ODRmLWJiZDgtYThlNGRmN2Q0Zjhl-6e3ee2ae-25ae-484f-bbd8-a8e4df7d4f8e] Object was created but could not be found in the DRC.
[http://chemistry.apache.org/NTY2NDQyMzItNDk1YS00YmQ5LTkzMzItMGE4MWYxZmFiMjBhOzEuMA==-56644232-495a-4bd9-9332-0a81f1fab20a] Object was created but could not be found in the DRC.
[http://chemistry.apache.org/NTY2NDQyMzItNDk1YS00YmQ5LTkzMzItMGE4MWYxZmFiMjBhOzEuMA==-56644232-495a-4bd9-9332-0a81f1fab20a] Object was updated but could not be found in the DRC.
[http://chemistry.apache.org/NWMzMmI3ZWUtNGEwMi00MTA2LThjYjAtMDY3NTU2YTU0MWIyOzEuMA==-5c32b7ee-4a02-4106-8cb0-067556a541b2] Object was created but could not be found in the DRC.
[http://chemistry.apache.org/NWMzMmI3ZWUtNGEwMi00MTA2LThjYjAtMDY3NTU2YTU0MWIyOzEuMA==-5c32b7ee-4a02-4106-8cb0-067556a541b2] Object was updated but could not be found in the DRC.
[http://chemistry.apache.org/NmUzZWUyYWUtMjVhZS00ODRmLWJiZDgtYThlNGRmN2Q0Zjhl-6e3ee2ae-25ae-484f-bbd8-a8e4df7d4f8e] Object was deleted but could not be found in the ZRC.
[http://chemistry.apache.org/NjJlZDA2NzQtZDliNC00NzIwLWJmNDktYzJlZTdhNWIzMmNi-62ed0674-d9b4-4720-bf49-c2ee7a5b32cb] Object was deleted but could not be found in the ZRC.
[http://chemistry.apache.org/YjU2ODljYmEtMDVhZS00ZDgwLWEzMDEtYzlkODMyY2QwN2Zk-b5689cba-05ae-4d80-a301-c9d832cd07fd] Object was created but could not be found in the DRC.
[http://chemistry.apache.org/ZTg0OTM0MjQtNmE4ZS00NThiLTg4MDUtNzZjYjkwNGJmYWE2-e8493424-6a8e-458b-8805-76cb904bfaa6] Object was created but could not be found in the DRC.
[http://chemistry.apache.org/ZjhiYWMwMDMtNGIyYS00ZmQwLWEwOGYtZmYwNTRiNmQ3OTA0OzEuMA==-f8bac003-4b2a-4fd0-a08f-ff054b6d7904] Object was created but could not be found in the DRC.
[http://chemistry.apache.org/ZjhiYWMwMDMtNGIyYS00ZmQwLWEwOGYtZmYwNTRiNmQ3OTA0OzEuMA==-f8bac003-4b2a-4fd0-a08f-ff054b6d7904] Object was updated but could not be found in the DRC.
[http://chemistry.apache.org/MzkzZDhiMTktZGViNy00NjgzLThhYTktY2FiOWE5ODEzODMzOzEuMA==-393d8b19-deb7-4683-8aa9-cab9a9813833] Object was created but could not be found in the DRC.
[http://chemistry.apache.org/MzkzZDhiMTktZGViNy00NjgzLThhYTktY2FiOWE5ODEzODMzOzEuMA==-393d8b19-deb7-4683-8aa9-cab9a9813833] Object was updated but could not be found in the DRC.
[http://chemistry.apache.org/ZTg0OTM0MjQtNmE4ZS00NThiLTg4MDUtNzZjYjkwNGJmYWE2-e8493424-6a8e-458b-8805-76cb904bfaa6] Object was deleted but could not be found in the ZRC.
[http://chemistry.apache.org/YjU2ODljYmEtMDVhZS00ZDgwLWEzMDEtYzlkODMyY2QwN2Zk-b5689cba-05ae-4d80-a301-c9d832cd07fd] Object was deleted but could not be found in the ZRC.
[http://chemistry.apache.org/OTE0NjlmMmItZmFhMy00NTg4LWFkNzUtMzQ2ZDBhZmU3MmY0-91469f2b-faa3-4588-ad75-346d0afe72f4] Object was created but could not be found in the DRC.
[http://chemistry.apache.org/YjJhMWY5MjEtMGJkNC00ZDgyLTk5NjAtNDgxNTVjNTliYzQy-b2a1f921-0bd4-4d82-9960-48155c59bc42] Object was created but could not be found in the DRC.
[http://chemistry.apache.org/YWVmY2I5ZGUtNWFlOS00YjJlLTg0MTAtOTlhNGY5ZTU4NGY5OzEuMA==-aefcb9de-5ae9-4b2e-8410-99a4f9e584f9] Object was created but could not be found in the DRC.
[http://chemistry.apache.org/YWVmY2I5ZGUtNWFlOS00YjJlLTg0MTAtOTlhNGY5ZTU4NGY5OzEuMA==-aefcb9de-5ae9-4b2e-8410-99a4f9e584f9] Object was updated but could not be found in the DRC.
[http://chemistry.apache.org/NTAyYjBjODItYTY0MS00MTk5LWJlNzYtNDg4N2Q3YWJlNGZjOzEuMA==-502b0c82-a641-4199-be76-4887d7abe4fc] Object was created but could not be found in the DRC.
[http://chemistry.apache.org/NTAyYjBjODItYTY0MS00MTk5LWJlNzYtNDg4N2Q3YWJlNGZjOzEuMA==-502b0c82-a641-4199-be76-4887d7abe4fc] Object was updated but could not be found in the DRC.
[http://chemistry.apache.org/YjJhMWY5MjEtMGJkNC00ZDgyLTk5NjAtNDgxNTVjNTliYzQy-b2a1f921-0bd4-4d82-9960-48155c59bc42] Object was deleted but could not be found in the ZRC.
[http://chemistry.apache.org/OTE0NjlmMmItZmFhMy00NTg4LWFkNzUtMzQ2ZDBhZmU3MmY0-91469f2b-faa3-4588-ad75-346d0afe72f4] Object was deleted but could not be found in the ZRC.
[http://chemistry.apache.org/ZjRmYzlkYTEtZTRlMS00Mzk3LTgwY2EtZjQwNDQ1ZDM0NDdl-f4fc9da1-e4e1-4397-80ca-f40445d3447e] Object was created but could not be found in the DRC.
[http://chemistry.apache.org/NjBiZTA4YzUtMzIzMy00ZDFmLTg5Y2YtMTFjNzkzZmVmMmIw-60be08c5-3233-4d1f-89cf-11c793fef2b0] Object was created but could not be found in the DRC.
[http://chemistry.apache.org/OTAzNDBhNGUtMTAwMi00NGQ2LWEwNjItYjNhODA5YmZiZTg2OzEuMA==-90340a4e-1002-44d6-a062-b3a809bfbe86] Object was created but could not be found in the DRC.
[http://chemistry.apache.org/OTAzNDBhNGUtMTAwMi00NGQ2LWEwNjItYjNhODA5YmZiZTg2OzEuMA==-90340a4e-1002-44d6-a062-b3a809bfbe86] Object was updated but could not be found in the DRC.
[http://chemistry.apache.org/NjBiZTA4YzUtMzIzMy00ZDFmLTg5Y2YtMTFjNzkzZmVmMmIw-60be08c5-3233-4d1f-89cf-11c793fef2b0] Object was deleted but could not be found in the ZRC.
[http://chemistry.apache.org/ZjRmYzlkYTEtZTRlMS00Mzk3LTgwY2EtZjQwNDQ1ZDM0NDdl-f4fc9da1-e4e1-4397-80ca-f40445d3447e] Object was deleted but could not be found in the ZRC.
[http://chemistry.apache.org/NmExNmJjNWQtYmY4Ny00NTc5LTk3YzktYmIzNTNkNjcxMDdm-6a16bc5d-bf87-4579-97c9-bb353d67107f] Object was created but could not be found in the DRC.
[http://chemistry.apache.org/ZjM4NTA0YzUtODg1YS00MDNlLTljYTAtNDczMjkwMTY3ZGFl-f38504c5-885a-403e-9ca0-473290167dae] Object was created but could not be found in the DRC.
[http://chemistry.apache.org/YmM5ZmU3N2MtYzZiMC00MDE3LTg3YTEtNGUyZjBkNWQ3OGUyOzEuMA==-bc9fe77c-c6b0-4017-87a1-4e2f0d5d78e2] Object was created but could not be found in the DRC.
[http://chemistry.apache.org/YmM5ZmU3N2MtYzZiMC00MDE3LTg3YTEtNGUyZjBkNWQ3OGUyOzEuMA==-bc9fe77c-c6b0-4017-87a1-4e2f0d5d78e2] Object was updated but could not be found in the DRC.
[http://chemistry.apache.org/ZjM4NTA0YzUtODg1YS00MDNlLTljYTAtNDczMjkwMTY3ZGFl-f38504c5-885a-403e-9ca0-473290167dae] Object was deleted but could not be found in the ZRC.
[http://chemistry.apache.org/NmExNmJjNWQtYmY4Ny00NTc5LTk3YzktYmIzNTNkNjcxMDdm-6a16bc5d-bf87-4579-97c9-bb353d67107f] Object was deleted but could not be found in the ZRC.
[http://chemistry.apache.org/ZDg4YjNlZGItN2ZlMy00ODNlLThiYjgtY2Y2MWQ0ZDY1NjE3-d88b3edb-7fe3-483e-8bb8-cf61d4d65617] Object was created but could not be found in the DRC.
[http://chemistry.apache.org/ZGIwNmZlOWItOTIxNC00NTAzLWI5ODMtODYxNjM3N2ExYTMx-db06fe9b-9214-4503-b983-8616377a1a31] Object was created but could not be found in the DRC.
[http://chemistry.apache.org/MGVkODc2MjQtMzBlNi00N2I3LThiNjktZDAzMjI4Y2EwODMxOzEuMA==-0ed87624-30e6-47b7-8b69-d03228ca0831] Object was created but could not be found in the DRC.
[http://chemistry.apache.org/MGVkODc2MjQtMzBlNi00N2I3LThiNjktZDAzMjI4Y2EwODMxOzEuMA==-0ed87624-30e6-47b7-8b69-d03228ca0831] Object was updated but could not be found in the DRC.
[http://chemistry.apache.org/YmVjZTU4OGMtNzQ3Zi00YjM1LTkzMzctMDNmNWVmNWIwMThkOzEuMA==-bece588c-747f-4b35-9337-03f5ef5b018d] Object was created but could not be found in the DRC.
[http://chemistry.apache.org/YmVjZTU4OGMtNzQ3Zi00YjM1LTkzMzctMDNmNWVmNWIwMThkOzEuMA==-bece588c-747f-4b35-9337-03f5ef5b018d] Object was updated but could not be found in the DRC.
[http://chemistry.apache.org/ZGIwNmZlOWItOTIxNC00NTAzLWI5ODMtODYxNjM3N2ExYTMx-db06fe9b-9214-4503-b983-8616377a1a31] Object was deleted but could not be found in the ZRC.
[http://chemistry.apache.org/ZDg4YjNlZGItN2ZlMy00ODNlLThiYjgtY2Y2MWQ0ZDY1NjE3-d88b3edb-7fe3-483e-8bb8-cf61d4d65617] Object was deleted but could not be found in the ZRC.
[http://chemistry.apache.org/MWM3ODExNzUtZjA0MC00NDMxLWE3ODItMDNlYTBhODRiNTI1-1c781175-f040-4431-a782-03ea0a84b525] Object was created but could not be found in the DRC.
[http://chemistry.apache.org/M2IyNWIzOTMtYTE1YS00OGEzLTk0MDktM2RmMmU4ODMzZDNh-3b25b393-a15a-48a3-9409-3df2e8833d3a] Object was created but could not be found in the DRC.
[http://chemistry.apache.org/M2IyNWIzOTMtYTE1YS00OGEzLTk0MDktM2RmMmU4ODMzZDNh-3b25b393-a15a-48a3-9409-3df2e8833d3a] Object was deleted but could not be found in the ZRC.
[http://chemistry.apache.org/MWM3ODExNzUtZjA0MC00NDMxLWE3ODItMDNlYTBhODRiNTI1-1c781175-f040-4431-a782-03ea0a84b525] Object was deleted but could not be found in the ZRC.
[http://chemistry.apache.org/Mjg1YjIyMDgtZjdjZi00ZjUyLTk1NWUtYmZkYjBkOTU5ZTJl-285b2208-f7cf-4f52-955e-bfdb0d959e2e] Object was created but could not be found in the DRC.
[http://chemistry.apache.org/NjcwNDlkNzItYmY4OS00NDFiLThkNGMtMDE4MzlhODFkYTBi-67049d72-bf89-441b-8d4c-01839a81da0b] Object was created but could not be found in the DRC.
[http://chemistry.apache.org/NjBjM2Q5ZDgtZjRhMS00YzYxLWExNDktNzQzMTFjZmQzMzFiOzEuMA==-60c3d9d8-f4a1-4c61-a149-74311cfd331b] Object was created but could not be found in the DRC.
[http://chemistry.apache.org/NjBjM2Q5ZDgtZjRhMS00YzYxLWExNDktNzQzMTFjZmQzMzFiOzEuMA==-60c3d9d8-f4a1-4c61-a149-74311cfd331b] Object was updated but could not be found in the DRC.
[http://chemistry.apache.org/MWQwMDBmMjQtNTQ4Yi00MzAzLTlkZTQtNmZjZGFlOGI3ZjkwOzEuMA==-1d000f24-548b-4303-9de4-6fcdae8b7f90] Object was created but could not be found in the DRC.
[http://chemistry.apache.org/MWQwMDBmMjQtNTQ4Yi00MzAzLTlkZTQtNmZjZGFlOGI3ZjkwOzEuMA==-1d000f24-548b-4303-9de4-6fcdae8b7f90] Object was updated but could not be found in the DRC.
[http://chemistry.apache.org/NjcwNDlkNzItYmY4OS00NDFiLThkNGMtMDE4MzlhODFkYTBi-67049d72-bf89-441b-8d4c-01839a81da0b] Object was deleted but could not be found in the ZRC.
[http://chemistry.apache.org/Mjg1YjIyMDgtZjdjZi00ZjUyLTk1NWUtYmZkYjBkOTU5ZTJl-285b2208-f7cf-4f52-955e-bfdb0d959e2e] Object was deleted but could not be found in the ZRC.
[http://chemistry.apache.org/NGU0ZGE4N2UtNDRjYy00NDUwLThjMTYtNDJlYjJhMDQ5MWNh-4e4da87e-44cc-4450-8c16-42eb2a0491ca] Object was created but could not be found in the DRC.
[http://chemistry.apache.org/YzRlOGQ3MjctMzdkNy00NWExLWEwMjQtZjE0ZGQzZWI1MjA0-c4e8d727-37d7-45a1-a024-f14dd3eb5204] Object was created but could not be found in the DRC.
[http://chemistry.apache.org/NmNkNGI0MTEtM2YwMi00ZmI4LWJkNjUtYWM1MTdlOTM5ZGNkOzEuMA==-6cd4b411-3f02-4fb8-bd65-ac517e939dcd] Object was created but could not be found in the DRC.
[http://chemistry.apache.org/NmNkNGI0MTEtM2YwMi00ZmI4LWJkNjUtYWM1MTdlOTM5ZGNkOzEuMA==-6cd4b411-3f02-4fb8-bd65-ac517e939dcd] Object was updated but could not be found in the DRC.
[http://chemistry.apache.org/YzRlOGQ3MjctMzdkNy00NWExLWEwMjQtZjE0ZGQzZWI1MjA0-c4e8d727-37d7-45a1-a024-f14dd3eb5204] Object was deleted but could not be found in the ZRC.
[http://chemistry.apache.org/NGU0ZGE4N2UtNDRjYy00NDUwLThjMTYtNDJlYjJhMDQ5MWNh-4e4da87e-44cc-4450-8c16-42eb2a0491ca] Object was deleted but could not be found in the ZRC.
[http://chemistry.apache.org/NjY5Mzk2OGMtMjY0Ni00Mzg5LWIyNGUtZTVkZGVhNzc2N2Y3-6693968c-2646-4389-b24e-e5ddea7767f7] Object was created but could not be found in the DRC.
[http://chemistry.apache.org/MDY3YzJjMTMtZDMyNy00ZTUzLWI0NGYtZWQwZjg2NjIxMDRj-067c2c13-d327-4e53-b44f-ed0f8662104c] Object was created but could not be found in the DRC.
[http://chemistry.apache.org/ZGRjZWE0ZmYtMzM0MC00YjlhLTg5MDEtNzc3OGEyNGYyNjA1OzEuMA==-ddcea4ff-3340-4b9a-8901-7778a24f2605] Object was created but could not be found in the DRC.
[http://chemistry.apache.org/ZGRjZWE0ZmYtMzM0MC00YjlhLTg5MDEtNzc3OGEyNGYyNjA1OzEuMA==-ddcea4ff-3340-4b9a-8901-7778a24f2605] Object was updated but could not be found in the DRC.
[http://chemistry.apache.org/MDY3YzJjMTMtZDMyNy00ZTUzLWI0NGYtZWQwZjg2NjIxMDRj-067c2c13-d327-4e53-b44f-ed0f8662104c] Object was deleted but could not be found in the ZRC.
[http://chemistry.apache.org/NjY5Mzk2OGMtMjY0Ni00Mzg5LWIyNGUtZTVkZGVhNzc2N2Y3-6693968c-2646-4389-b24e-e5ddea7767f7] Object was deleted but could not be found in the ZRC.
[http://chemistry.apache.org/NDFhZTgzOWItZjhiYy00MWU4LWFmNWItYjlhMjkzNWJjZmUx-41ae839b-f8bc-41e8-af5b-b9a2935bcfe1] Object was created but could not be found in the DRC.
[http://chemistry.apache.org/NzRkZGRjYTItYjEyNy00NmU1LThlZjAtZDFlMjMwOTM5ODUz-74dddca2-b127-46e5-8ef0-d1e230939853] Object was created but could not be found in the DRC.
[http://chemistry.apache.org/NjFkYjllMzYtZGYzNC00ODQ0LWFkNzktODIyOTAyN2U3Yjk0OzEuMA==-61db9e36-df34-4844-ad79-8229027e7b94] Object was created but could not be found in the DRC.
[http://chemistry.apache.org/NjFkYjllMzYtZGYzNC00ODQ0LWFkNzktODIyOTAyN2U3Yjk0OzEuMA==-61db9e36-df34-4844-ad79-8229027e7b94] Object was updated but could not be found in the DRC.
[http://chemistry.apache.org/ZTQwMDAxYTQtZDczZS00ZDMxLTgyNmUtMmU3NjY1OWJhYWUyOzEuMA==-e40001a4-d73e-4d31-826e-2e76659baae2] Object was created but could not be found in the DRC.
[http://chemistry.apache.org/ZTQwMDAxYTQtZDczZS00ZDMxLTgyNmUtMmU3NjY1OWJhYWUyOzEuMA==-e40001a4-d73e-4d31-826e-2e76659baae2] Object was updated but could not be found in the DRC.
[http://chemistry.apache.org/NzRkZGRjYTItYjEyNy00NmU1LThlZjAtZDFlMjMwOTM5ODUz-74dddca2-b127-46e5-8ef0-d1e230939853] Object was deleted but could not be found in the ZRC.
[http://chemistry.apache.org/NDFhZTgzOWItZjhiYy00MWU4LWFmNWItYjlhMjkzNWJjZmUx-41ae839b-f8bc-41e8-af5b-b9a2935bcfe1] Object was deleted but could not be found in the ZRC.
[http://chemistry.apache.org/YWNlY2QwMTctMTZkYy00YzBiLTkyOGItNzVhNjAzOTM0ZDI2-acecd017-16dc-4c0b-928b-75a603934d26] Object was created but could not be found in the DRC.
[http://chemistry.apache.org/Y2YyMWQ3ZmYtNWMxYy00MGM2LWIyNzQtMjgwNzk3ZTliNTM5-cf21d7ff-5c1c-40c6-b274-280797e9b539] Object was created but could not be found in the DRC.
[http://chemistry.apache.org/NDgwYjRkMDQtYmJiZS00OGY1LWI3MjQtMzgxZTM5YTAyMDhlOzEuMA==-480b4d04-bbbe-48f5-b724-381e39a0208e] Object was created but could not be found in the DRC.
[http://chemistry.apache.org/NDgwYjRkMDQtYmJiZS00OGY1LWI3MjQtMzgxZTM5YTAyMDhlOzEuMA==-480b4d04-bbbe-48f5-b724-381e39a0208e] Object was updated but could not be found in the DRC.
[http://chemistry.apache.org/YmIzNTBhNDctOWNhYy00NjZiLWI0NTEtOGZiNmQ2OGUwNGRhOzEuMA==-bb350a47-9cac-466b-b451-8fb6d68e04da] Object was created but could not be found in the DRC.
[http://chemistry.apache.org/YmIzNTBhNDctOWNhYy00NjZiLWI0NTEtOGZiNmQ2OGUwNGRhOzEuMA==-bb350a47-9cac-466b-b451-8fb6d68e04da] Object was updated but could not be found in the DRC.
[http://chemistry.apache.org/Y2YyMWQ3ZmYtNWMxYy00MGM2LWIyNzQtMjgwNzk3ZTliNTM5-cf21d7ff-5c1c-40c6-b274-280797e9b539] Object was deleted but could not be found in the ZRC.
[http://chemistry.apache.org/YWNlY2QwMTctMTZkYy00YzBiLTkyOGItNzVhNjAzOTM0ZDI2-acecd017-16dc-4c0b-928b-75a603934d26] Object was deleted but could not be found in the ZRC.
[http://chemistry.apache.org/YjVkYzVhZGEtM2U2MS00N2MwLTk4MGQtZDlmNTJiMTQ0NTMx-b5dc5ada-3e61-47c0-980d-d9f52b144531] Object was created but could not be found in the DRC.
[http://chemistry.apache.org/YzFiZmFhNWQtNGQwMC00MTQ3LTlkNGUtYzNkZDg1ZGI5YWEy-c1bfaa5d-4d00-4147-9d4e-c3dd85db9aa2] Object was created but could not be found in the DRC.
[http://chemistry.apache.org/ZDMwNmUzYzgtMzVmZC00ZDY0LWE1NjMtMmZiM2E0YTgzZTkyOzEuMA==-d306e3c8-35fd-4d64-a563-2fb3a4a83e92] Object was created but could not be found in the DRC.
[http://chemistry.apache.org/ZDMwNmUzYzgtMzVmZC00ZDY0LWE1NjMtMmZiM2E0YTgzZTkyOzEuMA==-d306e3c8-35fd-4d64-a563-2fb3a4a83e92] Object was updated but could not be found in the DRC.
[http://chemistry.apache.org/NjEyOWYzYWEtZTIzZS00YmFhLTk1NjgtMDZiYWZiZDMwOWNhOzEuMA==-6129f3aa-e23e-4baa-9568-06bafbd309ca] Object was created but could not be found in the DRC.
[http://chemistry.apache.org/NjEyOWYzYWEtZTIzZS00YmFhLTk1NjgtMDZiYWZiZDMwOWNhOzEuMA==-6129f3aa-e23e-4baa-9568-06bafbd309ca] Object was updated but could not be found in the DRC.
[http://chemistry.apache.org/YzFiZmFhNWQtNGQwMC00MTQ3LTlkNGUtYzNkZDg1ZGI5YWEy-c1bfaa5d-4d00-4147-9d4e-c3dd85db9aa2] Object was deleted but could not be found in the ZRC.
[http://chemistry.apache.org/YjVkYzVhZGEtM2U2MS00N2MwLTk4MGQtZDlmNTJiMTQ0NTMx-b5dc5ada-3e61-47c0-980d-d9f52b144531] Object was deleted but could not be found in the ZRC.
[http://chemistry.apache.org/NjZlYjk5YzUtNjAyMy00NjkyLTliNzUtOWY2N2Q1YTM1MDQ5-66eb99c5-6023-4692-9b75-9f67d5a35049] Object was created but could not be found in the DRC.
[http://chemistry.apache.org/ZDkwODU0OTEtYjJhOS00NmU4LTk3MmEtNzZjMDM1OTk4YjM4-d9085491-b2a9-46e8-972a-76c035998b38] Object was created but could not be found in the DRC.
[http://chemistry.apache.org/MjkzMmUxMGItOTA0MC00NzYxLWJjNjItNDZmMWJiMjJmMzBhOzEuMA==-2932e10b-9040-4761-bc62-46f1bb22f30a] Object was created but could not be found in the DRC.
[http://chemistry.apache.org/MjkzMmUxMGItOTA0MC00NzYxLWJjNjItNDZmMWJiMjJmMzBhOzEuMA==-2932e10b-9040-4761-bc62-46f1bb22f30a] Object was updated but could not be found in the DRC.
[http://chemistry.apache.org/ZDkwODU0OTEtYjJhOS00NmU4LTk3MmEtNzZjMDM1OTk4YjM4-d9085491-b2a9-46e8-972a-76c035998b38] Object was deleted but could not be found in the ZRC.
[http://chemistry.apache.org/NjZlYjk5YzUtNjAyMy00NjkyLTliNzUtOWY2N2Q1YTM1MDQ5-66eb99c5-6023-4692-9b75-9f67d5a35049] Object was deleted but could not be found in the ZRC.
[http://chemistry.apache.org/YmI3ZmE5OTgtZTg0Yi00YzIyLWE3MjctYWMxZTM0MzE5YjJm-bb7fa998-e84b-4c22-a727-ac1e34319b2f] Object was created but could not be found in the DRC.
[http://chemistry.apache.org/ZjkyZmVjNzAtMjk0My00Y2E3LTk5MzgtZmZiZTdiNGY2ZTc0-f92fec70-2943-4ca7-9938-ffbe7b4f6e74] Object was created but could not be found in the DRC.
[http://chemistry.apache.org/ZDljYWRlMDQtNWRiNS00ZjNjLTg2ZjUtMzhhMmM4MmU5NTllOzEuMA==-d9cade04-5db5-4f3c-86f5-38a2c82e959e] Object was created but could not be found in the DRC.
[http://chemistry.apache.org/ZDljYWRlMDQtNWRiNS00ZjNjLTg2ZjUtMzhhMmM4MmU5NTllOzEuMA==-d9cade04-5db5-4f3c-86f5-38a2c82e959e] Object was updated but could not be found in the DRC.
[http://chemistry.apache.org/ZjkyZmVjNzAtMjk0My00Y2E3LTk5MzgtZmZiZTdiNGY2ZTc0-f92fec70-2943-4ca7-9938-ffbe7b4f6e74] Object was deleted but could not be found in the ZRC.
[http://chemistry.apache.org/YmI3ZmE5OTgtZTg0Yi00YzIyLWE3MjctYWMxZTM0MzE5YjJm-bb7fa998-e84b-4c22-a727-ac1e34319b2f] Object was deleted but could not be found in the ZRC.
[http://chemistry.apache.org/MDU5NGRlNzEtNzY2Ni00YzI1LWI1MTgtODk1M2ZmN2RlOWI4-0594de71-7666-4c25-b518-8953ff7de9b8] Object was created but could not be found in the DRC.
[http://chemistry.apache.org/ZDcyZTY0ZDMtNmMwMi00M2NkLTlhODAtODEzNWVmMDFjYzgz-d72e64d3-6c02-43cd-9a80-8135ef01cc83] Object was created but could not be found in the DRC.
[http://chemistry.apache.org/YTU1MTA0YjgtMzk3MS00MDFmLTk5NGQtOWYyYjk1N2RiMjRkOzEuMA==-a55104b8-3971-401f-994d-9f2b957db24d] Object was created but could not be found in the DRC.
[http://chemistry.apache.org/YTU1MTA0YjgtMzk3MS00MDFmLTk5NGQtOWYyYjk1N2RiMjRkOzEuMA==-a55104b8-3971-401f-994d-9f2b957db24d] Object was updated but could not be found in the DRC.
[http://chemistry.apache.org/YjY1ZmFmYjctNjVlMy00MjI3LTgyNWQtNjk5OWM0OTI0MTA2OzEuMA==-b65fafb7-65e3-4227-825d-6999c4924106] Object was created but could not be found in the DRC.
[http://chemistry.apache.org/YjY1ZmFmYjctNjVlMy00MjI3LTgyNWQtNjk5OWM0OTI0MTA2OzEuMA==-b65fafb7-65e3-4227-825d-6999c4924106] Object was updated but could not be found in the DRC.
[http://chemistry.apache.org/ZDcyZTY0ZDMtNmMwMi00M2NkLTlhODAtODEzNWVmMDFjYzgz-d72e64d3-6c02-43cd-9a80-8135ef01cc83] Object was deleted but could not be found in the ZRC.
[http://chemistry.apache.org/MDU5NGRlNzEtNzY2Ni00YzI1LWI1MTgtODk1M2ZmN2RlOWI4-0594de71-7666-4c25-b518-8953ff7de9b8] Object was deleted but could not be found in the ZRC.
[http://chemistry.apache.org/MzlhMTFmZDgtOTI4MC00YWZlLWI0NzItZDQ5N2VmYjIwNjVm-39a11fd8-9280-4afe-b472-d497efb2065f] Object was created but could not be found in the DRC.
[http://chemistry.apache.org/YmM2YmVjNjItYmMyNi00YTc3LWFkOTgtZDQ2NmE4OTM4NjBh-bc6bec62-bc26-4a77-ad98-d466a893860a] Object was created but could not be found in the DRC.
[http://chemistry.apache.org/MmFmY2M3NDctMmZkZS00MWQyLTg2ODQtOTg3NjEwZmVmNzk2OzEuMA==-2afcc747-2fde-41d2-8684-987610fef796] Object was created but could not be found in the DRC.
[http://chemistry.apache.org/MmFmY2M3NDctMmZkZS00MWQyLTg2ODQtOTg3NjEwZmVmNzk2OzEuMA==-2afcc747-2fde-41d2-8684-987610fef796] Object was updated but could not be found in the DRC.
[http://chemistry.apache.org/ZWIwYzYyNzAtNzEzZC00ODY1LWFkYTUtZmQ5OTYwM2ExYThlOzEuMA==-eb0c6270-713d-4865-ada5-fd99603a1a8e] Object was created but could not be found in the DRC.
[http://chemistry.apache.org/ZWIwYzYyNzAtNzEzZC00ODY1LWFkYTUtZmQ5OTYwM2ExYThlOzEuMA==-eb0c6270-713d-4865-ada5-fd99603a1a8e] Object was updated but could not be found in the DRC.
[http://chemistry.apache.org/YmM2YmVjNjItYmMyNi00YTc3LWFkOTgtZDQ2NmE4OTM4NjBh-bc6bec62-bc26-4a77-ad98-d466a893860a] Object was deleted but could not be found in the ZRC.
[http://chemistry.apache.org/MzlhMTFmZDgtOTI4MC00YWZlLWI0NzItZDQ5N2VmYjIwNjVm-39a11fd8-9280-4afe-b472-d497efb2065f] Object was deleted but could not be found in the ZRC.
[http://chemistry.apache.org/ZmQwMWNkZDgtNTY1OS00ZGFlLTk4YjUtZWZmNWIxYTRmN2Iw-fd01cdd8-5659-4dae-98b5-eff5b1a4f7b0] Object was created but could not be found in the DRC.
[http://chemistry.apache.org/YWM2NjdiMjItYzI4Zi00MzA5LWE4ZjMtMTQyMDYxNjU3N2Y3-ac667b22-c28f-4309-a8f3-1420616577f7] Object was created but could not be found in the DRC.
[http://chemistry.apache.org/ZDcyZTE4MjYtYzFhYS00MTVmLWI2YWItYzI0MGE0NzQ2Y2UwOzEuMA==-d72e1826-c1aa-415f-b6ab-c240a4746ce0] Object was created but could not be found in the DRC.
[http://chemistry.apache.org/ZDcyZTE4MjYtYzFhYS00MTVmLWI2YWItYzI0MGE0NzQ2Y2UwOzEuMA==-d72e1826-c1aa-415f-b6ab-c240a4746ce0] Object was updated but could not be found in the DRC.
[http://chemistry.apache.org/Zjg4ODhkNDctZWM0NS00NzBkLTkwNjktNmFlMGM4YTU5MmM2OzEuMA==-f8888d47-ec45-470d-9069-6ae0c8a592c6] Object was created but could not be found in the DRC.
[http://chemistry.apache.org/Zjg4ODhkNDctZWM0NS00NzBkLTkwNjktNmFlMGM4YTU5MmM2OzEuMA==-f8888d47-ec45-470d-9069-6ae0c8a592c6] Object was updated but could not be found in the DRC.
[http://chemistry.apache.org/YWM2NjdiMjItYzI4Zi00MzA5LWE4ZjMtMTQyMDYxNjU3N2Y3-ac667b22-c28f-4309-a8f3-1420616577f7] Object was deleted but could not be found in the ZRC.
[http://chemistry.apache.org/ZmQwMWNkZDgtNTY1OS00ZGFlLTk4YjUtZWZmNWIxYTRmN2Iw-fd01cdd8-5659-4dae-98b5-eff5b1a4f7b0] Object was deleted but could not be found in the ZRC.
[http://chemistry.apache.org/ZDcwYjczNjAtZTZhZS00MTZlLTliNDktZjk1MzFhZjBlNzBk-d70b7360-e6ae-416e-9b49-f9531af0e70d] Object was created but could not be found in the DRC.
[http://chemistry.apache.org/NDVmYjVhNGUtOGI1My00ZTIwLTgwNzQtNTU1ZWFhZTE1N2Nk-45fb5a4e-8b53-4e20-8074-555eaae157cd] Object was created but could not be found in the DRC.
[http://chemistry.apache.org/OTJkNTMyZjQtOTRkMS00M2FlLTljYmQtMzQxYTNkZGFkMTc1OzEuMA==-92d532f4-94d1-43ae-9cbd-341a3ddad175] Object was created but could not be found in the DRC.
[http://chemistry.apache.org/OTJkNTMyZjQtOTRkMS00M2FlLTljYmQtMzQxYTNkZGFkMTc1OzEuMA==-92d532f4-94d1-43ae-9cbd-341a3ddad175] Object was updated but could not be found in the DRC.
[http://chemistry.apache.org/NDVmYjVhNGUtOGI1My00ZTIwLTgwNzQtNTU1ZWFhZTE1N2Nk-45fb5a4e-8b53-4e20-8074-555eaae157cd] Object was deleted but could not be found in the ZRC.
[http://chemistry.apache.org/ZDcwYjczNjAtZTZhZS00MTZlLTliNDktZjk1MzFhZjBlNzBk-d70b7360-e6ae-416e-9b49-f9531af0e70d] Object was deleted but could not be found in the ZRC.
[http://chemistry.apache.org/ZDMxNzE4NWItNTY3Yy00YzFkLTljZDgtOWFiZTllNjRiYjBj-d317185b-567c-4c1d-9cd8-9abe9e64bb0c] Object was created but could not be found in the DRC.
[http://chemistry.apache.org/ZDU5MzI2MTMtODcyZi00ODFiLTg4N2QtMzBkZmYzYTQ0ZWVi-d5932613-872f-481b-887d-30dff3a44eeb] Object was created but could not be found in the DRC.
[http://chemistry.apache.org/YTFkOGI3YTgtY2IwOS00MzFmLTk5ZDgtZGZjMDdkYjNlYjEwOzEuMA==-a1d8b7a8-cb09-431f-99d8-dfc07db3eb10] Object was created but could not be found in the DRC.
[http://chemistry.apache.org/YTFkOGI3YTgtY2IwOS00MzFmLTk5ZDgtZGZjMDdkYjNlYjEwOzEuMA==-a1d8b7a8-cb09-431f-99d8-dfc07db3eb10] Object was updated but could not be found in the DRC.
[http://chemistry.apache.org/ZDU5MzI2MTMtODcyZi00ODFiLTg4N2QtMzBkZmYzYTQ0ZWVi-d5932613-872f-481b-887d-30dff3a44eeb] Object was deleted but could not be found in the ZRC.
[http://chemistry.apache.org/ZDMxNzE4NWItNTY3Yy00YzFkLTljZDgtOWFiZTllNjRiYjBj-d317185b-567c-4c1d-9cd8-9abe9e64bb0c] Object was deleted but could not be found in the ZRC.
[http://chemistry.apache.org/Y2Q5YzdlYzMtNzA0ZS00Y2ZjLTkwOTktZjczNzI1YjY0YmI4-cd9c7ec3-704e-4cfc-9099-f73725b64bb8] Object was created but could not be found in the DRC.
[http://chemistry.apache.org/NTZlMjdiZWUtZmE5Mi00MTI5LTg2NTEtYTg5MjYxODJjZTBi-56e27bee-fa92-4129-8651-a8926182ce0b] Object was created but could not be found in the DRC.
[http://chemistry.apache.org/NTZlMjdiZWUtZmE5Mi00MTI5LTg2NTEtYTg5MjYxODJjZTBi-56e27bee-fa92-4129-8651-a8926182ce0b] Object was deleted but could not be found in the ZRC.
[http://chemistry.apache.org/Y2Q5YzdlYzMtNzA0ZS00Y2ZjLTkwOTktZjczNzI1YjY0YmI4-cd9c7ec3-704e-4cfc-9099-f73725b64bb8] Object was deleted but could not be found in the ZRC.
[http://chemistry.apache.org/NmQ0ZGRlMzItNWZmNC00N2Q1LThmNzYtODBiNzA3OWEwNTdk-6d4dde32-5ff4-47d5-8f76-80b7079a057d] Object was created but could not be found in the DRC.
[http://chemistry.apache.org/NzQzY2FjOWMtODc1OS00YmNhLWFlMjQtYjkzYjY3YTc1ZWIz-743cac9c-8759-4bca-ae24-b93b67a75eb3] Object was created but could not be found in the DRC.
[http://chemistry.apache.org/NTY3MDI1YmItNjRlNy00YzQ1LTg2MDAtYTc3N2NlY2E0MTVmOzEuMA==-567025bb-64e7-4c45-8600-a777ceca415f] Object was created but could not be found in the DRC.
[http://chemistry.apache.org/NTY3MDI1YmItNjRlNy00YzQ1LTg2MDAtYTc3N2NlY2E0MTVmOzEuMA==-567025bb-64e7-4c45-8600-a777ceca415f] Object was updated but could not be found in the DRC.
[http://chemistry.apache.org/MTM2MTNiODYtMDE3Yy00MDJlLWIwNDktZDZkNGQ3N2QyNTlhOzEuMA==-13613b86-017c-402e-b049-d6d4d77d259a] Object was created but could not be found in the DRC.
[http://chemistry.apache.org/MTM2MTNiODYtMDE3Yy00MDJlLWIwNDktZDZkNGQ3N2QyNTlhOzEuMA==-13613b86-017c-402e-b049-d6d4d77d259a] Object was updated but could not be found in the DRC.
[http://chemistry.apache.org/NzQzY2FjOWMtODc1OS00YmNhLWFlMjQtYjkzYjY3YTc1ZWIz-743cac9c-8759-4bca-ae24-b93b67a75eb3] Object was deleted but could not be found in the ZRC.
[http://chemistry.apache.org/NmQ0ZGRlMzItNWZmNC00N2Q1LThmNzYtODBiNzA3OWEwNTdk-6d4dde32-5ff4-47d5-8f76-80b7079a057d] Object was deleted but could not be found in the ZRC.
[http://chemistry.apache.org/OGQ5ZjE3MjYtNDg2My00YjhlLTk2NWEtMGY5MmJlMjJhNmMx-8d9f1726-4863-4b8e-965a-0f92be22a6c1] Object was created but could not be found in the DRC.
[http://chemistry.apache.org/Mjg5YzM4YjMtY2U2Zi00MGU1LTg4Y2YtMGNlOTA1NGZjOGI2-289c38b3-ce6f-40e5-88cf-0ce9054fc8b6] Object was created but could not be found in the DRC.
[http://chemistry.apache.org/OGUxYjc1YTMtNmE1Ny00ZjZkLWFiNWYtMDFkMzZmMTc0YzY4OzEuMA==-8e1b75a3-6a57-4f6d-ab5f-01d36f174c68] Object was created but could not be found in the DRC.
[http://chemistry.apache.org/OGUxYjc1YTMtNmE1Ny00ZjZkLWFiNWYtMDFkMzZmMTc0YzY4OzEuMA==-8e1b75a3-6a57-4f6d-ab5f-01d36f174c68] Object was updated but could not be found in the DRC.
[http://chemistry.apache.org/NjU3MGY5ZTAtOTYwMC00MTJmLWEwODItNGYyMjgzODQ2NzBjOzEuMA==-6570f9e0-9600-412f-a082-4f228384670c] Object was created but could not be found in the DRC.
[http://chemistry.apache.org/NjU3MGY5ZTAtOTYwMC00MTJmLWEwODItNGYyMjgzODQ2NzBjOzEuMA==-6570f9e0-9600-412f-a082-4f228384670c] Object was updated but could not be found in the DRC.
[http://chemistry.apache.org/Mjg5YzM4YjMtY2U2Zi00MGU1LTg4Y2YtMGNlOTA1NGZjOGI2-289c38b3-ce6f-40e5-88cf-0ce9054fc8b6] Object was deleted but could not be found in the ZRC.
[http://chemistry.apache.org/OGQ5ZjE3MjYtNDg2My00YjhlLTk2NWEtMGY5MmJlMjJhNmMx-8d9f1726-4863-4b8e-965a-0f92be22a6c1] Object was deleted but could not be found in the ZRC.
[http://chemistry.apache.org/ZTVmZTk4NTEtYzkwZS00ZDJhLWExOGQtYWQ2MTE5YTJkMTRj-e5fe9851-c90e-4d2a-a18d-ad6119a2d14c] Object was created but could not be found in the DRC.
[http://chemistry.apache.org/YWMwNWNlMDktYWFiOC00ZjZhLTkxMTgtYjcyYjU2OTgxNDJj-ac05ce09-aab8-4f6a-9118-b72b5698142c] Object was created but could not be found in the DRC.
[http://chemistry.apache.org/MmRiZWE5MmYtNTIzMi00ZGM1LWFjZTMtZTY5NzdlZWQzNWYyOzEuMA==-2dbea92f-5232-4dc5-ace3-e6977eed35f2] Object was created but could not be found in the DRC.
[http://chemistry.apache.org/MmRiZWE5MmYtNTIzMi00ZGM1LWFjZTMtZTY5NzdlZWQzNWYyOzEuMA==-2dbea92f-5232-4dc5-ace3-e6977eed35f2] Object was updated but could not be found in the DRC.
[http://chemistry.apache.org/YWMwNWNlMDktYWFiOC00ZjZhLTkxMTgtYjcyYjU2OTgxNDJj-ac05ce09-aab8-4f6a-9118-b72b5698142c] Object was deleted but could not be found in the ZRC.
[http://chemistry.apache.org/ZTVmZTk4NTEtYzkwZS00ZDJhLWExOGQtYWQ2MTE5YTJkMTRj-e5fe9851-c90e-4d2a-a18d-ad6119a2d14c] Object was deleted but could not be found in the ZRC.
[http://chemistry.apache.org/YWRmNGI5YzItOTg4YS00NWI5LTllMTktNzA3YmFiM2UwODdk-adf4b9c2-988a-45b9-9e19-707bab3e087d] Object was created but could not be found in the DRC.
[http://chemistry.apache.org/ZmQ2Njc0YjUtZjJiYi00MTM5LTgwY2UtMjM2YzNlMWQzZWU2-fd6674b5-f2bb-4139-80ce-236c3e1d3ee6] Object was created but could not be found in the DRC.
[http://chemistry.apache.org/ZjhiZTZlZjYtMTU0NS00OTZjLWEwM2ItZTJjNWRhMzU5MWI0OzEuMA==-f8be6ef6-1545-496c-a03b-e2c5da3591b4] Object was created but could not be found in the DRC.
[http://chemistry.apache.org/ZjhiZTZlZjYtMTU0NS00OTZjLWEwM2ItZTJjNWRhMzU5MWI0OzEuMA==-f8be6ef6-1545-496c-a03b-e2c5da3591b4] Object was updated but could not be found in the DRC.
[http://chemistry.apache.org/ZmQ2Njc0YjUtZjJiYi00MTM5LTgwY2UtMjM2YzNlMWQzZWU2-fd6674b5-f2bb-4139-80ce-236c3e1d3ee6] Object was deleted but could not be found in the ZRC.
[http://chemistry.apache.org/YWRmNGI5YzItOTg4YS00NWI5LTllMTktNzA3YmFiM2UwODdk-adf4b9c2-988a-45b9-9e19-707bab3e087d] Object was deleted but could not be found in the ZRC.
[http://chemistry.apache.org/MjE0YWMzNjktMTdlYi00YjhmLWJkNWMtYTdlODU2OGI4ZjZh-214ac369-17eb-4b8f-bd5c-a7e8568b8f6a] Object was created but could not be found in the DRC.
[http://chemistry.apache.org/ZWQ2NzQyYTAtNWMxNC00MTA5LThjMmMtMTFjMDRiNWUzMDY0-ed6742a0-5c14-4109-8c2c-11c04b5e3064] Object was created but could not be found in the DRC.
[http://chemistry.apache.org/MmE3Zjk3ZjItMmYzNy00Nzc0LThkYjQtMDJmMWJmNmYzMzU1OzEuMA==-2a7f97f2-2f37-4774-8db4-02f1bf6f3355] Object was created but could not be found in the DRC.
[http://chemistry.apache.org/MmE3Zjk3ZjItMmYzNy00Nzc0LThkYjQtMDJmMWJmNmYzMzU1OzEuMA==-2a7f97f2-2f37-4774-8db4-02f1bf6f3355] Object was updated but could not be found in the DRC.
[http://chemistry.apache.org/ZTNmNjY5M2MtNmNhOC00M2U0LTlhMjAtZTI4Zjg0NmFjZmVkOzEuMA==-e3f6693c-6ca8-43e4-9a20-e28f846acfed] Object was created but could not be found in the DRC.
[http://chemistry.apache.org/ZTNmNjY5M2MtNmNhOC00M2U0LTlhMjAtZTI4Zjg0NmFjZmVkOzEuMA==-e3f6693c-6ca8-43e4-9a20-e28f846acfed] Object was updated but could not be found in the DRC.
[http://chemistry.apache.org/ZWQ2NzQyYTAtNWMxNC00MTA5LThjMmMtMTFjMDRiNWUzMDY0-ed6742a0-5c14-4109-8c2c-11c04b5e3064] Object was deleted but could not be found in the ZRC.
[http://chemistry.apache.org/MjE0YWMzNjktMTdlYi00YjhmLWJkNWMtYTdlODU2OGI4ZjZh-214ac369-17eb-4b8f-bd5c-a7e8568b8f6a] Object was deleted but could not be found in the ZRC.
[http://chemistry.apache.org/YTg3Y2VmNGMtNmMyYS00MDJlLTkxNmUtODA2ZjM3YjY2YTFm-a87cef4c-6c2a-402e-916e-806f37b66a1f] Object was created but could not be found in the DRC.
[http://chemistry.apache.org/NzNlNGFlYzMtMDJhZC00OTNkLThhZDQtZjg2YmJmN2FiYTM0-73e4aec3-02ad-493d-8ad4-f86bbf7aba34] Object was created but could not be found in the DRC.
[http://chemistry.apache.org/NmUzYzEyOTAtNjZlOS00NGE1LTk4OGMtZTUyNjczMDhkY2U3OzEuMA==-6e3c1290-66e9-44a5-988c-e5267308dce7] Object was created but could not be found in the DRC.
[http://chemistry.apache.org/NmUzYzEyOTAtNjZlOS00NGE1LTk4OGMtZTUyNjczMDhkY2U3OzEuMA==-6e3c1290-66e9-44a5-988c-e5267308dce7] Object was updated but could not be found in the DRC.
[http://chemistry.apache.org/MDg3ZDYzNTYtNzhlMy00Yzc5LTlkZjctOWU1ZWM0N2QwNDQwOzEuMA==-087d6356-78e3-4c79-9df7-9e5ec47d0440] Object was created but could not be found in the DRC.
[http://chemistry.apache.org/MDg3ZDYzNTYtNzhlMy00Yzc5LTlkZjctOWU1ZWM0N2QwNDQwOzEuMA==-087d6356-78e3-4c79-9df7-9e5ec47d0440] Object was updated but could not be found in the DRC.
[http://chemistry.apache.org/NzNlNGFlYzMtMDJhZC00OTNkLThhZDQtZjg2YmJmN2FiYTM0-73e4aec3-02ad-493d-8ad4-f86bbf7aba34] Object was deleted but could not be found in the ZRC.
[http://chemistry.apache.org/YTg3Y2VmNGMtNmMyYS00MDJlLTkxNmUtODA2ZjM3YjY2YTFm-a87cef4c-6c2a-402e-916e-806f37b66a1f] Object was deleted but could not be found in the ZRC.
[http://chemistry.apache.org/NGZhMjIwNDUtMmU4My00MjVjLThiOTUtNGY2MDVlOWVkZWQx-4fa22045-2e83-425c-8b95-4f605e9eded1] Object was created but could not be found in the DRC.
[http://chemistry.apache.org/MzU2ZmE3MWEtMTQ1MS00ZTU5LWI5MGUtMThhMzIxYjA0NWVh-356fa71a-1451-4e59-b90e-18a321b045ea] Object was created but could not be found in the DRC.
[http://chemistry.apache.org/ZmI2NzhmYjItMTk3My00N2ZjLWFmYjEtOTAxMDUyYThmN2Q2OzEuMA==-fb678fb2-1973-47fc-afb1-901052a8f7d6] Object was created but could not be found in the DRC.
[http://chemistry.apache.org/ZmI2NzhmYjItMTk3My00N2ZjLWFmYjEtOTAxMDUyYThmN2Q2OzEuMA==-fb678fb2-1973-47fc-afb1-901052a8f7d6] Object was updated but could not be found in the DRC.
[http://chemistry.apache.org/YmI1NDkzZjMtMGNmNS00ZGNhLWI0OGMtZDIwMDMyOWViM2RiOzEuMA==-bb5493f3-0cf5-4dca-b48c-d200329eb3db] Object was created but could not be found in the DRC.
[http://chemistry.apache.org/YmI1NDkzZjMtMGNmNS00ZGNhLWI0OGMtZDIwMDMyOWViM2RiOzEuMA==-bb5493f3-0cf5-4dca-b48c-d200329eb3db] Object was updated but could not be found in the DRC.
[http://chemistry.apache.org/MzU2ZmE3MWEtMTQ1MS00ZTU5LWI5MGUtMThhMzIxYjA0NWVh-356fa71a-1451-4e59-b90e-18a321b045ea] Object was deleted but could not be found in the ZRC.
[http://chemistry.apache.org/NGZhMjIwNDUtMmU4My00MjVjLThiOTUtNGY2MDVlOWVkZWQx-4fa22045-2e83-425c-8b95-4f605e9eded1] Object was deleted but could not be found in the ZRC.
[http://chemistry.apache.org/Y2JiNTdmOTctMjIzZi00M2Q5LWI1YjgtNTViNTVlMDYzMGJj-cbb57f97-223f-43d9-b5b8-55b55e0630bc] Object was created but could not be found in the DRC.
[http://chemistry.apache.org/ZDdjZDYwYTktNzA1ZC00ZmE4LWEwN2QtZTVmMTNkZjBjNzZm-d7cd60a9-705d-4fa8-a07d-e5f13df0c76f] Object was created but could not be found in the DRC.
[http://chemistry.apache.org/ZTQyNjYzNTEtZjk1OS00Y2E5LWJjMDItMGEyOGU2ZTE0ZmIxOzEuMA==-e4266351-f959-4ca9-bc02-0a28e6e14fb1] Object was created but could not be found in the DRC.
[http://chemistry.apache.org/ZTQyNjYzNTEtZjk1OS00Y2E5LWJjMDItMGEyOGU2ZTE0ZmIxOzEuMA==-e4266351-f959-4ca9-bc02-0a28e6e14fb1] Object was updated but could not be found in the DRC.
[http://chemistry.apache.org/ZDdjZDYwYTktNzA1ZC00ZmE4LWEwN2QtZTVmMTNkZjBjNzZm-d7cd60a9-705d-4fa8-a07d-e5f13df0c76f] Object was deleted but could not be found in the ZRC.
[http://chemistry.apache.org/Y2JiNTdmOTctMjIzZi00M2Q5LWI1YjgtNTViNTVlMDYzMGJj-cbb57f97-223f-43d9-b5b8-55b55e0630bc] Object was deleted but could not be found in the ZRC.
[http://chemistry.apache.org/ZDgxOGZiMDAtM2QwZS00ODI4LTg5YjUtNDg0MDBmYzY4MzI3-d818fb00-3d0e-4828-89b5-48400fc68327] Object was created but could not be found in the DRC.
[http://chemistry.apache.org/YmRhN2VkNGUtNTBjNC00NjE5LThjODUtMTFlYTFmMmI4ZWEw-bda7ed4e-50c4-4619-8c85-11ea1f2b8ea0] Object was created but could not be found in the DRC.
[http://chemistry.apache.org/ZDA4M2Q5ODAtZGE5OS00Zjk3LWFkOWItNDQxMjRjMDg1MmIyOzEuMA==-d083d980-da99-4f97-ad9b-44124c0852b2] Object was created but could not be found in the DRC.
[http://chemistry.apache.org/ZDA4M2Q5ODAtZGE5OS00Zjk3LWFkOWItNDQxMjRjMDg1MmIyOzEuMA==-d083d980-da99-4f97-ad9b-44124c0852b2] Object was updated but could not be found in the DRC.
[http://chemistry.apache.org/YmRhN2VkNGUtNTBjNC00NjE5LThjODUtMTFlYTFmMmI4ZWEw-bda7ed4e-50c4-4619-8c85-11ea1f2b8ea0] Object was deleted but could not be found in the ZRC.
[http://chemistry.apache.org/ZDgxOGZiMDAtM2QwZS00ODI4LTg5YjUtNDg0MDBmYzY4MzI3-d818fb00-3d0e-4828-89b5-48400fc68327] Object was deleted but could not be found in the ZRC.
[http://chemistry.apache.org/MGZjOTc3NWUtZTM2Yi00OWQyLWJhOWYtNzk4MWYzMmUwNDM4-0fc9775e-e36b-49d2-ba9f-7981f32e0438] Object was created but could not be found in the DRC.
[http://chemistry.apache.org/ZjE2ODI0ZGEtNjFhNi00MTcxLWJiNGUtNzQyMmQ2YjQ4OWZj-f16824da-61a6-4171-bb4e-7422d6b489fc] Object was created but could not be found in the DRC.
[http://chemistry.apache.org/Y2NhYzQ3OTEtZjBiZi00ZDZjLWJiOWUtZDgxY2ViZjFkNDQ1OzEuMA==-ccac4791-f0bf-4d6c-bb9e-d81cebf1d445] Object was created but could not be found in the DRC.
[http://chemistry.apache.org/Y2NhYzQ3OTEtZjBiZi00ZDZjLWJiOWUtZDgxY2ViZjFkNDQ1OzEuMA==-ccac4791-f0bf-4d6c-bb9e-d81cebf1d445] Object was updated but could not be found in the DRC.
[http://chemistry.apache.org/ZGU2NWI0ZWItY2RlNC00YzU1LThkYjAtMmNiZDE4NWQ2N2JjOzEuMA==-de65b4eb-cde4-4c55-8db0-2cbd185d67bc] Object was created but could not be found in the DRC.
[http://chemistry.apache.org/ZGU2NWI0ZWItY2RlNC00YzU1LThkYjAtMmNiZDE4NWQ2N2JjOzEuMA==-de65b4eb-cde4-4c55-8db0-2cbd185d67bc] Object was updated but could not be found in the DRC.
[http://chemistry.apache.org/ZjE2ODI0ZGEtNjFhNi00MTcxLWJiNGUtNzQyMmQ2YjQ4OWZj-f16824da-61a6-4171-bb4e-7422d6b489fc] Object was deleted but could not be found in the ZRC.
[http://chemistry.apache.org/MGZjOTc3NWUtZTM2Yi00OWQyLWJhOWYtNzk4MWYzMmUwNDM4-0fc9775e-e36b-49d2-ba9f-7981f32e0438] Object was deleted but could not be found in the ZRC.
[http://chemistry.apache.org/ZjFjYmEwOGYtNTQ5Yy00MWU3LTk2YzEtNzcxYmIwYzg0M2E2-f1cba08f-549c-41e7-96c1-771bb0c843a6] Object was created but could not be found in the DRC.
[http://chemistry.apache.org/ODU5MWZlMmEtZWRlNS00MmMxLTg0OTQtODMwOTBiMjk5NDZl-8591fe2a-ede5-42c1-8494-83090b29946e] Object was created but could not be found in the DRC.
[http://chemistry.apache.org/OTE5M2M4OGItMGY0ZS00NDBlLWEwY2QtOWNlOWQ2Njg1MzI0OzEuMA==-9193c88b-0f4e-440e-a0cd-9ce9d6685324] Object was created but could not be found in the DRC.
[http://chemistry.apache.org/OTE5M2M4OGItMGY0ZS00NDBlLWEwY2QtOWNlOWQ2Njg1MzI0OzEuMA==-9193c88b-0f4e-440e-a0cd-9ce9d6685324] Object was updated but could not be found in the DRC.
[http://chemistry.apache.org/NjMyMmU3NGYtYTg0Yi00MzNlLWE3ODgtNmQwNmYzOTk5ZjQyOzEuMA==-6322e74f-a84b-433e-a788-6d06f3999f42] Object was created but could not be found in the DRC.
[http://chemistry.apache.org/NjMyMmU3NGYtYTg0Yi00MzNlLWE3ODgtNmQwNmYzOTk5ZjQyOzEuMA==-6322e74f-a84b-433e-a788-6d06f3999f42] Object was updated but could not be found in the DRC.
[http://chemistry.apache.org/ODU5MWZlMmEtZWRlNS00MmMxLTg0OTQtODMwOTBiMjk5NDZl-8591fe2a-ede5-42c1-8494-83090b29946e] Object was deleted but could not be found in the ZRC.
[http://chemistry.apache.org/ZjFjYmEwOGYtNTQ5Yy00MWU3LTk2YzEtNzcxYmIwYzg0M2E2-f1cba08f-549c-41e7-96c1-771bb0c843a6] Object was deleted but could not be found in the ZRC.
[http://chemistry.apache.org/M2MyZDhhYmYtZGFiZC00MTM3LWE5NjMtMDU4NjhmYjEyZmVj-3c2d8abf-dabd-4137-a963-05868fb12fec] Object was created but could not be found in the DRC.
[http://chemistry.apache.org/OTE3MWMzNGItZjgyMC00YmQ2LWIzN2EtOGEzNjEwODBjNjQy-9171c34b-f820-4bd6-b37a-8a361080c642] Object was created but could not be found in the DRC.
[http://chemistry.apache.org/MzAyM2Q1YWUtOGRiOC00NjJiLTlhNzMtMWQ5ZDczYjEwMTE5OzEuMA==-3023d5ae-8db8-462b-9a73-1d9d73b10119] Object was created but could not be found in the DRC.
[http://chemistry.apache.org/MzAyM2Q1YWUtOGRiOC00NjJiLTlhNzMtMWQ5ZDczYjEwMTE5OzEuMA==-3023d5ae-8db8-462b-9a73-1d9d73b10119] Object was updated but could not be found in the DRC.
[http://chemistry.apache.org/NGFkN2U2NjYtODViOS00NzljLThhZWMtNzE1ZWJlYjhkODI0OzEuMA==-4ad7e666-85b9-479c-8aec-715ebeb8d824] Object was created but could not be found in the DRC.
[http://chemistry.apache.org/NGFkN2U2NjYtODViOS00NzljLThhZWMtNzE1ZWJlYjhkODI0OzEuMA==-4ad7e666-85b9-479c-8aec-715ebeb8d824] Object was updated but could not be found in the DRC.
[http://chemistry.apache.org/OTE3MWMzNGItZjgyMC00YmQ2LWIzN2EtOGEzNjEwODBjNjQy-9171c34b-f820-4bd6-b37a-8a361080c642] Object was deleted but could not be found in the ZRC.
[http://chemistry.apache.org/M2MyZDhhYmYtZGFiZC00MTM3LWE5NjMtMDU4NjhmYjEyZmVj-3c2d8abf-dabd-4137-a963-05868fb12fec] Object was deleted but could not be found in the ZRC.
[http://chemistry.apache.org/NWEyZjViYzAtZTViYy00YmYzLWI3OGQtMDBhZjE3NjI3Nzlh-5a2f5bc0-e5bc-4bf3-b78d-00af1762779a] Object was created but could not be found in the DRC.
[http://chemistry.apache.org/ODY5NmRlN2MtNTc0MC00YmIyLWExOWEtZDFjMzdiYTRlMWFi-8696de7c-5740-4bb2-a19a-d1c37ba4e1ab] Object was created but could not be found in the DRC.
[http://chemistry.apache.org/MDM2ZDM2MTUtYWI4ZC00YTViLTg1N2QtZDY5YmQ2YTM0ODI3OzEuMA==-036d3615-ab8d-4a5b-857d-d69bd6a34827] Object was created but could not be found in the DRC.
[http://chemistry.apache.org/MDM2ZDM2MTUtYWI4ZC00YTViLTg1N2QtZDY5YmQ2YTM0ODI3OzEuMA==-036d3615-ab8d-4a5b-857d-d69bd6a34827] Object was updated but could not be found in the DRC.
[http://chemistry.apache.org/ODY5NmRlN2MtNTc0MC00YmIyLWExOWEtZDFjMzdiYTRlMWFi-8696de7c-5740-4bb2-a19a-d1c37ba4e1ab] Object was deleted but could not be found in the ZRC.
[http://chemistry.apache.org/NWEyZjViYzAtZTViYy00YmYzLWI3OGQtMDBhZjE3NjI3Nzlh-5a2f5bc0-e5bc-4bf3-b78d-00af1762779a] Object was deleted but could not be found in the ZRC.
[http://chemistry.apache.org/ZjE1MDQ0MTctNzIxNS00OGE5LTk2ODYtZmRlMTBhMDM5YTk3-f1504417-7215-48a9-9686-fde10a039a97] Object was created but could not be found in the DRC.
[http://chemistry.apache.org/YThhYTE4NzMtMmM3MS00OWUwLThkNjgtMmQ5OTg2MTAzMDAy-a8aa1873-2c71-49e0-8d68-2d9986103002] Object was created but could not be found in the DRC.
[http://chemistry.apache.org/NWM0ZWQwYjQtNTYwNi00NDYyLTgyYWItNGZkMjA4OGNlZDI3OzEuMA==-5c4ed0b4-5606-4462-82ab-4fd2088ced27] Object was created but could not be found in the DRC.
[http://chemistry.apache.org/NWM0ZWQwYjQtNTYwNi00NDYyLTgyYWItNGZkMjA4OGNlZDI3OzEuMA==-5c4ed0b4-5606-4462-82ab-4fd2088ced27] Object was updated but could not be found in the DRC.
[http://chemistry.apache.org/YThhYTE4NzMtMmM3MS00OWUwLThkNjgtMmQ5OTg2MTAzMDAy-a8aa1873-2c71-49e0-8d68-2d9986103002] Object was deleted but could not be found in the ZRC.
[http://chemistry.apache.org/ZjE1MDQ0MTctNzIxNS00OGE5LTk2ODYtZmRlMTBhMDM5YTk3-f1504417-7215-48a9-9686-fde10a039a97] Object was deleted but could not be found in the ZRC.
[http://chemistry.apache.org/MzMzZDMzODAtNDdiMi00ZmY1LTg5NDYtODlmNDgzOGQ3ODAx-333d3380-47b2-4ff5-8946-89f4838d7801] Object was created but could not be found in the DRC.
[http://chemistry.apache.org/OThlYjg1ZTUtY2FjYS00N2JlLWJjYjgtNjRkMzk0MWRmODVm-98eb85e5-caca-47be-bcb8-64d3941df85f] Object was created but could not be found in the DRC.
[http://chemistry.apache.org/YzVmZjFhNDEtODYyNS00Y2ZiLWJiZjktNDk3NzQxODdlMmJiOzEuMA==-c5ff1a41-8625-4cfb-bbf9-49774187e2bb] Object was created but could not be found in the DRC.
[http://chemistry.apache.org/YzVmZjFhNDEtODYyNS00Y2ZiLWJiZjktNDk3NzQxODdlMmJiOzEuMA==-c5ff1a41-8625-4cfb-bbf9-49774187e2bb] Object was updated but could not be found in the DRC.
[http://chemistry.apache.org/ZTRkZTlmNzEtZDM1My00NDlmLTllZGItNzNjNzY4MzE1NzczOzEuMA==-e4de9f71-d353-449f-9edb-73c768315773] Object was created but could not be found in the DRC.
[http://chemistry.apache.org/ZTRkZTlmNzEtZDM1My00NDlmLTllZGItNzNjNzY4MzE1NzczOzEuMA==-e4de9f71-d353-449f-9edb-73c768315773] Object was updated but could not be found in the DRC.
[http://chemistry.apache.org/OThlYjg1ZTUtY2FjYS00N2JlLWJjYjgtNjRkMzk0MWRmODVm-98eb85e5-caca-47be-bcb8-64d3941df85f] Object was deleted but could not be found in the ZRC.
[http://chemistry.apache.org/MzMzZDMzODAtNDdiMi00ZmY1LTg5NDYtODlmNDgzOGQ3ODAx-333d3380-47b2-4ff5-8946-89f4838d7801] Object was deleted but could not be found in the ZRC.
[http://chemistry.apache.org/NWU3YzYxNGQtMjQ0MC00NzhiLWIxNDItNDU2OGE0NDEzZWNh-5e7c614d-2440-478b-b142-4568a4413eca] Object was created but could not be found in the DRC.
[http://chemistry.apache.org/OGNjNDlmNTQtZWE3NS00MDdhLWIyMWItMzc4YTYzNDEyNjhl-8cc49f54-ea75-407a-b21b-378a6341268e] Object was created but could not be found in the DRC.
[http://chemistry.apache.org/ZGMxY2Y5YmQtYzM1OC00MjA0LTk2MzAtODRmMTNjYTE3MjFkOzEuMA==-dc1cf9bd-c358-4204-9630-84f13ca1721d] Object was created but could not be found in the DRC.
[http://chemistry.apache.org/ZGMxY2Y5YmQtYzM1OC00MjA0LTk2MzAtODRmMTNjYTE3MjFkOzEuMA==-dc1cf9bd-c358-4204-9630-84f13ca1721d] Object was updated but could not be found in the DRC.
[http://chemistry.apache.org/Yjc0YTdkZmItM2QxMS00NTJiLTg5YjgtN2I2M2NkMjMwOTZkOzEuMA==-b74a7dfb-3d11-452b-89b8-7b63cd23096d] Object was created but could not be found in the DRC.
[http://chemistry.apache.org/Yjc0YTdkZmItM2QxMS00NTJiLTg5YjgtN2I2M2NkMjMwOTZkOzEuMA==-b74a7dfb-3d11-452b-89b8-7b63cd23096d] Object was updated but could not be found in the DRC.
[http://chemistry.apache.org/OGNjNDlmNTQtZWE3NS00MDdhLWIyMWItMzc4YTYzNDEyNjhl-8cc49f54-ea75-407a-b21b-378a6341268e] Object was deleted but could not be found in the ZRC.
[http://chemistry.apache.org/NWU3YzYxNGQtMjQ0MC00NzhiLWIxNDItNDU2OGE0NDEzZWNh-5e7c614d-2440-478b-b142-4568a4413eca] Object was deleted but could not be found in the ZRC.
[http://chemistry.apache.org/YzY2Nzc5ZWUtZjkwOS00NDMxLTlkMmUtYzQ3ZDkwNTE4ZWI3-c66779ee-f909-4431-9d2e-c47d90518eb7] Object was created but could not be found in the DRC.
[http://chemistry.apache.org/YTI4ZjcxNDktZmNmMy00MThiLWIwMjMtM2I0YjUyYWNiMzFj-a28f7149-fcf3-418b-b023-3b4b52acb31c] Object was created but could not be found in the DRC.
[http://chemistry.apache.org/NDY4ODczMWYtMjAzNy00M2MxLThlYmItZjk3NDZkMGRiYTgzOzEuMA==-4688731f-2037-43c1-8ebb-f9746d0dba83] Object was created but could not be found in the DRC.
[http://chemistry.apache.org/NDY4ODczMWYtMjAzNy00M2MxLThlYmItZjk3NDZkMGRiYTgzOzEuMA==-4688731f-2037-43c1-8ebb-f9746d0dba83] Object was updated but could not be found in the DRC.
[http://chemistry.apache.org/NTUxNWQxZTItZGM3Yi00ZThkLTk3MmYtNjQ3M2RhNWMwODYzOzEuMA==-5515d1e2-dc7b-4e8d-972f-6473da5c0863] Object was created but could not be found in the DRC.
[http://chemistry.apache.org/NTUxNWQxZTItZGM3Yi00ZThkLTk3MmYtNjQ3M2RhNWMwODYzOzEuMA==-5515d1e2-dc7b-4e8d-972f-6473da5c0863] Object was updated but could not be found in the DRC.
[http://chemistry.apache.org/YTI4ZjcxNDktZmNmMy00MThiLWIwMjMtM2I0YjUyYWNiMzFj-a28f7149-fcf3-418b-b023-3b4b52acb31c] Object was deleted but could not be found in the ZRC.
[http://chemistry.apache.org/YzY2Nzc5ZWUtZjkwOS00NDMxLTlkMmUtYzQ3ZDkwNTE4ZWI3-c66779ee-f909-4431-9d2e-c47d90518eb7] Object was deleted but could not be found in the ZRC.
[http://chemistry.apache.org/MzE4ZTA1MWUtZWQyNC00NTA4LTg3NjgtY2VjOGQzNjg1OTJm-318e051e-ed24-4508-8768-cec8d368592f] Object was created but could not be found in the DRC.
[http://chemistry.apache.org/YTkyYThjNDktYzM1OC00OWNlLWE3ZWYtZjE1MGZhOTQ3ZWI3-a92a8c49-c358-49ce-a7ef-f150fa947eb7] Object was created but could not be found in the DRC.
[http://chemistry.apache.org/YTkyYThjNDktYzM1OC00OWNlLWE3ZWYtZjE1MGZhOTQ3ZWI3-a92a8c49-c358-49ce-a7ef-f150fa947eb7] Object was deleted but could not be found in the ZRC.
[http://chemistry.apache.org/MzE4ZTA1MWUtZWQyNC00NTA4LTg3NjgtY2VjOGQzNjg1OTJm-318e051e-ed24-4508-8768-cec8d368592f] Object was deleted but could not be found in the ZRC.
[http://chemistry.apache.org/NWZmYWI4NDYtOTU4Zi00MjAwLWEyM2YtYWI5ZDRhZTZmNjdj-5ffab846-958f-4200-a23f-ab9d4ae6f67c] Object was created but could not be found in the DRC.
[http://chemistry.apache.org/NjNmZmRjMmItM2VmZS00Nzk3LWJjYzctMGJiMTI2OGYzNzdh-63ffdc2b-3efe-4797-bcc7-0bb1268f377a] Object was created but could not be found in the DRC.
[http://chemistry.apache.org/ZmQxNTNkM2UtNjYzMy00NjZmLWI3MTItNDkxZjYyNTc3Y2E2OzEuMA==-fd153d3e-6633-466f-b712-491f62577ca6] Object was created but could not be found in the DRC.
[http://chemistry.apache.org/ZmQxNTNkM2UtNjYzMy00NjZmLWI3MTItNDkxZjYyNTc3Y2E2OzEuMA==-fd153d3e-6633-466f-b712-491f62577ca6] Object was updated but could not be found in the DRC.
[http://chemistry.apache.org/NjNmZmRjMmItM2VmZS00Nzk3LWJjYzctMGJiMTI2OGYzNzdh-63ffdc2b-3efe-4797-bcc7-0bb1268f377a] Object was deleted but could not be found in the ZRC.
[http://chemistry.apache.org/NWZmYWI4NDYtOTU4Zi00MjAwLWEyM2YtYWI5ZDRhZTZmNjdj-5ffab846-958f-4200-a23f-ab9d4ae6f67c] Object was deleted but could not be found in the ZRC.
[http://chemistry.apache.org/ZWNjODJhMGMtODBmOC00MjUxLWIzNWYtYTJjYjU5ZGFjZDI5-ecc82a0c-80f8-4251-b35f-a2cb59dacd29] Object was created but could not be found in the DRC.
[http://chemistry.apache.org/N2MxZWEyZTctY2E5Ni00MzQ3LWI1YmEtMDUyNzIzNmE4MjFj-7c1ea2e7-ca96-4347-b5ba-0527236a821c] Object was created but could not be found in the DRC.
[http://chemistry.apache.org/MjliNjBlMDQtYTdlZS00NGEwLThjOTQtZjM5NDk3ZTQxMzNhOzEuMA==-29b60e04-a7ee-44a0-8c94-f39497e4133a] Object was created but could not be found in the DRC.
[http://chemistry.apache.org/MjliNjBlMDQtYTdlZS00NGEwLThjOTQtZjM5NDk3ZTQxMzNhOzEuMA==-29b60e04-a7ee-44a0-8c94-f39497e4133a] Object was updated but could not be found in the DRC.
[http://chemistry.apache.org/NTRhNzFlODktMTBkMy00ZmZjLThlOTAtMjFkYzY1Mzg4Mzk0OzEuMA==-54a71e89-10d3-4ffc-8e90-21dc65388394] Object was created but could not be found in the DRC.
[http://chemistry.apache.org/NTRhNzFlODktMTBkMy00ZmZjLThlOTAtMjFkYzY1Mzg4Mzk0OzEuMA==-54a71e89-10d3-4ffc-8e90-21dc65388394] Object was updated but could not be found in the DRC.
[http://chemistry.apache.org/N2MxZWEyZTctY2E5Ni00MzQ3LWI1YmEtMDUyNzIzNmE4MjFj-7c1ea2e7-ca96-4347-b5ba-0527236a821c] Object was deleted but could not be found in the ZRC.
[http://chemistry.apache.org/ZWNjODJhMGMtODBmOC00MjUxLWIzNWYtYTJjYjU5ZGFjZDI5-ecc82a0c-80f8-4251-b35f-a2cb59dacd29] Object was deleted but could not be found in the ZRC.
[http://chemistry.apache.org/NGQ4NTFjOTItZmZmMy00NWYxLWE2NTItNzlkOWNkYzI0YTkx-4d851c92-fff3-45f1-a652-79d9cdc24a91] Object was created but could not be found in the DRC.
[http://chemistry.apache.org/ODU0NTBhNGItOTgyOS00OWNjLTk5NTAtNmEyMTNmNzRjNGI4-85450a4b-9829-49cc-9950-6a213f74c4b8] Object was created but could not be found in the DRC.
[http://chemistry.apache.org/NGJlMWMzNWEtNTc3YS00M2UzLWI0NzYtOGY3YjdhODU4ZGM5OzEuMA==-4be1c35a-577a-43e3-b476-8f7b7a858dc9] Object was created but could not be found in the DRC.
[http://chemistry.apache.org/NGJlMWMzNWEtNTc3YS00M2UzLWI0NzYtOGY3YjdhODU4ZGM5OzEuMA==-4be1c35a-577a-43e3-b476-8f7b7a858dc9] Object was updated but could not be found in the DRC.
[http://chemistry.apache.org/YzFhOWU1YjEtYmE3OS00NzMxLWI3MWItNTg3NGUwMGYwZmRiOzEuMA==-c1a9e5b1-ba79-4731-b71b-5874e00f0fdb] Object was created but could not be found in the DRC.
[http://chemistry.apache.org/YzFhOWU1YjEtYmE3OS00NzMxLWI3MWItNTg3NGUwMGYwZmRiOzEuMA==-c1a9e5b1-ba79-4731-b71b-5874e00f0fdb] Object was updated but could not be found in the DRC.
[http://chemistry.apache.org/ODU0NTBhNGItOTgyOS00OWNjLTk5NTAtNmEyMTNmNzRjNGI4-85450a4b-9829-49cc-9950-6a213f74c4b8] Object was deleted but could not be found in the ZRC.
[http://chemistry.apache.org/NGQ4NTFjOTItZmZmMy00NWYxLWE2NTItNzlkOWNkYzI0YTkx-4d851c92-fff3-45f1-a652-79d9cdc24a91] Object was deleted but could not be found in the ZRC.
[http://chemistry.apache.org/YjNlN2MzNDQtZjkwMy00OWM2LWIyZjktZTEwMzk3ZjcwM2Fk-b3e7c344-f903-49c6-b2f9-e10397f703ad] Object was created but could not be found in the DRC.
[http://chemistry.apache.org/OThmZTJhMjgtOGMwZC00ZjE0LWFmZGYtNTE2NmY3N2JkODQz-98fe2a28-8c0d-4f14-afdf-5166f77bd843] Object was created but could not be found in the DRC.
[http://chemistry.apache.org/OThmZTJhMjgtOGMwZC00ZjE0LWFmZGYtNTE2NmY3N2JkODQz-98fe2a28-8c0d-4f14-afdf-5166f77bd843] Object was deleted but could not be found in the ZRC.
[http://chemistry.apache.org/YjNlN2MzNDQtZjkwMy00OWM2LWIyZjktZTEwMzk3ZjcwM2Fk-b3e7c344-f903-49c6-b2f9-e10397f703ad] Object was deleted but could not be found in the ZRC.
[http://chemistry.apache.org/YmQ1ODMzYWMtY2M3ZS00NzY0LTliNDItMWRjN2I2ZTQ2M2My-bd5833ac-cc7e-4764-9b42-1dc7b6e463c2] Object was created but could not be found in the DRC.
[http://chemistry.apache.org/MjZiYjVmMTItOTc1Mi00OTBiLThkM2MtZGIwMjM0YTJiYTNm-26bb5f12-9752-490b-8d3c-db0234a2ba3f] Object was created but could not be found in the DRC.
[http://chemistry.apache.org/ZjJkZmE2YzUtYTdmZi00NWM5LWFkOTQtZmQ2YmJlMzAyODljOzEuMA==-f2dfa6c5-a7ff-45c9-ad94-fd6bbe30289c] Object was created but could not be found in the DRC.
[http://chemistry.apache.org/ZjJkZmE2YzUtYTdmZi00NWM5LWFkOTQtZmQ2YmJlMzAyODljOzEuMA==-f2dfa6c5-a7ff-45c9-ad94-fd6bbe30289c] Object was updated but could not be found in the DRC.
[http://chemistry.apache.org/MjZiYjVmMTItOTc1Mi00OTBiLThkM2MtZGIwMjM0YTJiYTNm-26bb5f12-9752-490b-8d3c-db0234a2ba3f] Object was deleted but could not be found in the ZRC.
[http://chemistry.apache.org/YmQ1ODMzYWMtY2M3ZS00NzY0LTliNDItMWRjN2I2ZTQ2M2My-bd5833ac-cc7e-4764-9b42-1dc7b6e463c2] Object was deleted but could not be found in the ZRC.
[http://chemistry.apache.org/YTdjMDhmNjgtN2ViMy00ZTBlLTg2YjgtMjkwNTM5YjgzMTU3-a7c08f68-7eb3-4e0e-86b8-290539b83157] Object was created but could not be found in the DRC.
[http://chemistry.apache.org/ODFjNTAyOGMtOWQ0Ni00YTIyLWJlY2MtYTU3MjdhNDE1YTUx-81c5028c-9d46-4a22-becc-a5727a415a51] Object was created but could not be found in the DRC.
[http://chemistry.apache.org/ODFjNTAyOGMtOWQ0Ni00YTIyLWJlY2MtYTU3MjdhNDE1YTUx-81c5028c-9d46-4a22-becc-a5727a415a51] Object was deleted but could not be found in the ZRC.
[http://chemistry.apache.org/YTdjMDhmNjgtN2ViMy00ZTBlLTg2YjgtMjkwNTM5YjgzMTU3-a7c08f68-7eb3-4e0e-86b8-290539b83157] Object was deleted but could not be found in the ZRC.
[http://chemistry.apache.org/ZTViYWNjOTYtODk3Yi00MTlkLWEyMTktYTljNDM2ZDliODJm-e5bacc96-897b-419d-a219-a9c436d9b82f] Object was created but could not be found in the DRC.
[http://chemistry.apache.org/MTVlZmNlZjQtOTA4MC00ZGU1LWFjZDItM2FmNjBiZDE0N2E0-15efcef4-9080-4de5-acd2-3af60bd147a4] Object was created but could not be found in the DRC.
[http://chemistry.apache.org/MTVlZmNlZjQtOTA4MC00ZGU1LWFjZDItM2FmNjBiZDE0N2E0-15efcef4-9080-4de5-acd2-3af60bd147a4] Object was deleted but could not be found in the ZRC.
[http://chemistry.apache.org/ZTViYWNjOTYtODk3Yi00MTlkLWEyMTktYTljNDM2ZDliODJm-e5bacc96-897b-419d-a219-a9c436d9b82f] Object was deleted but could not be found in the ZRC.
[http://chemistry.apache.org/MTY2YWEyODQtMjVhNS00MTFhLWJlMmQtOTdiMjAxMGU3Zjg5-166aa284-25a5-411a-be2d-97b2010e7f89] Object was created but could not be found in the DRC.
[http://chemistry.apache.org/NjVmYWFhNTEtMjU5MS00NWM1LTg0MGEtMTQ2MmU3YmUyZTY3-65faaa51-2591-45c5-840a-1462e7be2e67] Object was created but could not be found in the DRC.
[http://chemistry.apache.org/YjNkNTQ4YWUtN2FhZS00N2QyLWE0OTEtNGIxYTVlNmNkNzg0OzEuMA==-b3d548ae-7aae-47d2-a491-4b1a5e6cd784] Object was created but could not be found in the DRC.
[http://chemistry.apache.org/YjNkNTQ4YWUtN2FhZS00N2QyLWE0OTEtNGIxYTVlNmNkNzg0OzEuMA==-b3d548ae-7aae-47d2-a491-4b1a5e6cd784] Object was updated but could not be found in the DRC.
[http://chemistry.apache.org/MDM3MWU1MTctNzY0YS00MWViLWJiNGUtN2FlYjZkYzc0NmY1OzEuMA==-0371e517-764a-41eb-bb4e-7aeb6dc746f5] Object was created but could not be found in the DRC.
[http://chemistry.apache.org/MDM3MWU1MTctNzY0YS00MWViLWJiNGUtN2FlYjZkYzc0NmY1OzEuMA==-0371e517-764a-41eb-bb4e-7aeb6dc746f5] Object was updated but could not be found in the DRC.
[http://chemistry.apache.org/NjVmYWFhNTEtMjU5MS00NWM1LTg0MGEtMTQ2MmU3YmUyZTY3-65faaa51-2591-45c5-840a-1462e7be2e67] Object was deleted but could not be found in the ZRC.
[http://chemistry.apache.org/MTY2YWEyODQtMjVhNS00MTFhLWJlMmQtOTdiMjAxMGU3Zjg5-166aa284-25a5-411a-be2d-97b2010e7f89] Object was deleted but could not be found in the ZRC.
[http://chemistry.apache.org/YThmNzc5YzAtOWJmMy00ODFiLTgwMGUtZGYyN2YzYWNhNWY5-a8f779c0-9bf3-481b-800e-df27f3aca5f9] Object was created but could not be found in the DRC.
[http://chemistry.apache.org/YTIzYTIxYjctNzA3MS00M2JmLWE0YjYtYjY3OGY2ODQ0N2I5-a23a21b7-7071-43bf-a4b6-b678f68447b9] Object was created but could not be found in the DRC.
[http://chemistry.apache.org/MjRlNGEzMWItYjU3MC00N2Q3LTgzZjctMzgwMzQ5ZTU5ZDZiOzEuMA==-24e4a31b-b570-47d7-83f7-380349e59d6b] Object was created but could not be found in the DRC.
[http://chemistry.apache.org/MjRlNGEzMWItYjU3MC00N2Q3LTgzZjctMzgwMzQ5ZTU5ZDZiOzEuMA==-24e4a31b-b570-47d7-83f7-380349e59d6b] Object was updated but could not be found in the DRC.
[http://chemistry.apache.org/ZTVhMWIxMzItZGI4NC00ODEzLWE3MDMtNmVlMmFkNjhlNzNhOzEuMA==-e5a1b132-db84-4813-a703-6ee2ad68e73a] Object was created but could not be found in the DRC.
[http://chemistry.apache.org/ZTVhMWIxMzItZGI4NC00ODEzLWE3MDMtNmVlMmFkNjhlNzNhOzEuMA==-e5a1b132-db84-4813-a703-6ee2ad68e73a] Object was updated but could not be found in the DRC.
[http://chemistry.apache.org/YTIzYTIxYjctNzA3MS00M2JmLWE0YjYtYjY3OGY2ODQ0N2I5-a23a21b7-7071-43bf-a4b6-b678f68447b9] Object was deleted but could not be found in the ZRC.
[http://chemistry.apache.org/YThmNzc5YzAtOWJmMy00ODFiLTgwMGUtZGYyN2YzYWNhNWY5-a8f779c0-9bf3-481b-800e-df27f3aca5f9] Object was deleted but could not be found in the ZRC.
[http://chemistry.apache.org/MTFmZTczNzAtMzlhMS00NWQxLWJkODYtYjA4YWM0ZjA2MDAw-11fe7370-39a1-45d1-bd86-b08ac4f06000] Object was created but could not be found in the DRC.
[http://chemistry.apache.org/MzU3MDdmZTItOGZiNy00ZTFjLTk0Y2EtNWNkMTAzYzhhNGE0-35707fe2-8fb7-4e1c-94ca-5cd103c8a4a4] Object was created but could not be found in the DRC.
[http://chemistry.apache.org/NGY2N2EzYjAtNjE3Zi00NDkwLWFkNGItZjg4OWNmYTI5MjY2OzEuMA==-4f67a3b0-617f-4490-ad4b-f889cfa29266] Object was created but could not be found in the DRC.
[http://chemistry.apache.org/NGY2N2EzYjAtNjE3Zi00NDkwLWFkNGItZjg4OWNmYTI5MjY2OzEuMA==-4f67a3b0-617f-4490-ad4b-f889cfa29266] Object was updated but could not be found in the DRC.
[http://chemistry.apache.org/MzU3MDdmZTItOGZiNy00ZTFjLTk0Y2EtNWNkMTAzYzhhNGE0-35707fe2-8fb7-4e1c-94ca-5cd103c8a4a4] Object was deleted but could not be found in the ZRC.
[http://chemistry.apache.org/MTFmZTczNzAtMzlhMS00NWQxLWJkODYtYjA4YWM0ZjA2MDAw-11fe7370-39a1-45d1-bd86-b08ac4f06000] Object was deleted but could not be found in the ZRC.
[http://chemistry.apache.org/ZTVjMWMzZWYtMzhiMy00ZjkzLTk2YTktYzE2MzliZTA1ZjNiOzEuMA==-e5c1c3ef-38b3-4f93-96a9-c1639be05f3b] Object was created but could not be found in the DRC.
[http://chemistry.apache.org/ZTVjMWMzZWYtMzhiMy00ZjkzLTk2YTktYzE2MzliZTA1ZjNiOzEuMA==-e5c1c3ef-38b3-4f93-96a9-c1639be05f3b] Object was updated but could not be found in the DRC.
[http://chemistry.apache.org/ZDk2NTI5ZTUtMGRkOS00MDBhLThhZGYtYWRkZTJlZjI0NDYw-d96529e5-0dd9-400a-8adf-adde2ef24460] Object was created but could not be found in the DRC.
[http://chemistry.apache.org/MmQ3M2EyNmQtNDZjOS00M2MyLTg2ZjgtNDNiNzg2ZmQwNDVm-2d73a26d-46c9-43c2-86f8-43b786fd045f] Object was created but could not be found in the DRC.
[http://chemistry.apache.org/NzU0ZGI3MWYtN2RlOS00Y2U1LTg3NTYtOTI4OGIxY2M5NmMwOzEuMA==-754db71f-7de9-4ce5-8756-9288b1cc96c0] Object was created but could not be found in the DRC.
[http://chemistry.apache.org/NzU0ZGI3MWYtN2RlOS00Y2U1LTg3NTYtOTI4OGIxY2M5NmMwOzEuMA==-754db71f-7de9-4ce5-8756-9288b1cc96c0] Object was updated but could not be found in the DRC.
[http://chemistry.apache.org/NTY4MmZkYTMtYjhjYS00NDViLWEyY2MtNjllNDM5MDdkYTJhOzEuMA==-5682fda3-b8ca-445b-a2cc-69e43907da2a] Object was created but could not be found in the DRC.
[http://chemistry.apache.org/NTY4MmZkYTMtYjhjYS00NDViLWEyY2MtNjllNDM5MDdkYTJhOzEuMA==-5682fda3-b8ca-445b-a2cc-69e43907da2a] Object was updated but could not be found in the DRC.
[http://chemistry.apache.org/MmQ3M2EyNmQtNDZjOS00M2MyLTg2ZjgtNDNiNzg2ZmQwNDVm-2d73a26d-46c9-43c2-86f8-43b786fd045f] Object was deleted but could not be found in the ZRC.
[http://chemistry.apache.org/ZDk2NTI5ZTUtMGRkOS00MDBhLThhZGYtYWRkZTJlZjI0NDYw-d96529e5-0dd9-400a-8adf-adde2ef24460] Object was deleted but could not be found in the ZRC.
[http://chemistry.apache.org/YWQxZGZhOTQtZDM2NC00NzIyLWE0ZWUtNzI0Yzk1OTQyMjUx-ad1dfa94-d364-4722-a4ee-724c95942251] Object was created but could not be found in the DRC.
[http://chemistry.apache.org/OGU4MGQzYjgtMmY3Mi00YWE4LThmMzktMjMyZjg0MWQzNTky-8e80d3b8-2f72-4aa8-8f39-232f841d3592] Object was created but could not be found in the DRC.
[http://chemistry.apache.org/NTgzODk1ZGUtMjgwNC00ZjA3LTlhYTEtNjI1NGEyNTg3MGM1OzEuMA==-583895de-2804-4f07-9aa1-6254a25870c5] Object was created but could not be found in the DRC.
[http://chemistry.apache.org/NTgzODk1ZGUtMjgwNC00ZjA3LTlhYTEtNjI1NGEyNTg3MGM1OzEuMA==-583895de-2804-4f07-9aa1-6254a25870c5] Object was updated but could not be found in the DRC.
[http://chemistry.apache.org/YzJjNTcyZmUtNmQwNi00NzJlLTg4OWUtYmYzNTZmMmZlNjUzOzEuMA==-c2c572fe-6d06-472e-889e-bf356f2fe653] Object was created but could not be found in the DRC.
[http://chemistry.apache.org/YzJjNTcyZmUtNmQwNi00NzJlLTg4OWUtYmYzNTZmMmZlNjUzOzEuMA==-c2c572fe-6d06-472e-889e-bf356f2fe653] Object was updated but could not be found in the DRC.
[http://chemistry.apache.org/OGU4MGQzYjgtMmY3Mi00YWE4LThmMzktMjMyZjg0MWQzNTky-8e80d3b8-2f72-4aa8-8f39-232f841d3592] Object was deleted but could not be found in the ZRC.
[http://chemistry.apache.org/YWQxZGZhOTQtZDM2NC00NzIyLWE0ZWUtNzI0Yzk1OTQyMjUx-ad1dfa94-d364-4722-a4ee-724c95942251] Object was deleted but could not be found in the ZRC.
[http://chemistry.apache.org/MWY5MTk4ZTItNWRiNi00OTBkLTlhMGItODcwNjI1ODUyOTBh-1f9198e2-5db6-490d-9a0b-87062585290a] Object was created but could not be found in the DRC.
[http://chemistry.apache.org/MWIzMDA2NjMtYjBiZS00OWQ5LThlNzEtNTUyODNmNThmMGU3-1b300663-b0be-49d9-8e71-55283f58f0e7] Object was created but could not be found in the DRC.
[http://chemistry.apache.org/YzBmNzdlZTUtZDE4Yy00YTYwLWEwMjktOTU4ODQyODdkZWE5OzEuMA==-c0f77ee5-d18c-4a60-a029-95884287dea9] Object was created but could not be found in the DRC.
[http://chemistry.apache.org/YzBmNzdlZTUtZDE4Yy00YTYwLWEwMjktOTU4ODQyODdkZWE5OzEuMA==-c0f77ee5-d18c-4a60-a029-95884287dea9] Object was updated but could not be found in the DRC.
[http://chemistry.apache.org/Y2E5N2Y0ZWMtOGZmNS00M2UyLThjMWEtMzVjMjExYzc1OWQwOzEuMA==-ca97f4ec-8ff5-43e2-8c1a-35c211c759d0] Object was created but could not be found in the DRC.
[http://chemistry.apache.org/Y2E5N2Y0ZWMtOGZmNS00M2UyLThjMWEtMzVjMjExYzc1OWQwOzEuMA==-ca97f4ec-8ff5-43e2-8c1a-35c211c759d0] Object was updated but could not be found in the DRC.
[http://chemistry.apache.org/MWIzMDA2NjMtYjBiZS00OWQ5LThlNzEtNTUyODNmNThmMGU3-1b300663-b0be-49d9-8e71-55283f58f0e7] Object was deleted but could not be found in the ZRC.
[http://chemistry.apache.org/MWY5MTk4ZTItNWRiNi00OTBkLTlhMGItODcwNjI1ODUyOTBh-1f9198e2-5db6-490d-9a0b-87062585290a] Object was deleted but could not be found in the ZRC.
[http://chemistry.apache.org/OGE2MjE3N2EtNmFmNS00Y2M1LTkwODQtYWYyMzczZDZiZjRl-8a62177a-6af5-4cc5-9084-af2373d6bf4e] Object was created but could not be found in the DRC.
[http://chemistry.apache.org/MzBmZWEyZTQtYTRkNS00ZTY2LWE4MDktN2UwYzA4MjdkNWVj-30fea2e4-a4d5-4e66-a809-7e0c0827d5ec] Object was created but could not be found in the DRC.
[http://chemistry.apache.org/MzIxOWZhNzUtOTJhMy00YTg2LWI0MWQtZTg5NmZjNzAzZjhjOzEuMA==-3219fa75-92a3-4a86-b41d-e896fc703f8c] Object was created but could not be found in the DRC.
[http://chemistry.apache.org/MzIxOWZhNzUtOTJhMy00YTg2LWI0MWQtZTg5NmZjNzAzZjhjOzEuMA==-3219fa75-92a3-4a86-b41d-e896fc703f8c] Object was updated but could not be found in the DRC.
[http://chemistry.apache.org/MzBmZWEyZTQtYTRkNS00ZTY2LWE4MDktN2UwYzA4MjdkNWVj-30fea2e4-a4d5-4e66-a809-7e0c0827d5ec] Object was deleted but could not be found in the ZRC.
[http://chemistry.apache.org/OGE2MjE3N2EtNmFmNS00Y2M1LTkwODQtYWYyMzczZDZiZjRl-8a62177a-6af5-4cc5-9084-af2373d6bf4e] Object was deleted but could not be found in the ZRC.
[http://chemistry.apache.org/MDg5YTg2Y2EtYzY2NS00MWIxLWFmZTctMzIwMDI2OWYyNzVkOzEuMA==-089a86ca-c665-41b1-afe7-3200269f275d] Object was created but could not be found in the DRC.
[http://chemistry.apache.org/MDg5YTg2Y2EtYzY2NS00MWIxLWFmZTctMzIwMDI2OWYyNzVkOzEuMA==-089a86ca-c665-41b1-afe7-3200269f275d] Object was updated but could not be found in the DRC.
[http://chemistry.apache.org/N2RlNzI1YjMtMWI3OC00MGIxLWFhMzgtODczYmVjZjZlOGI1-7de725b3-1b78-40b1-aa38-873becf6e8b5] Object was created but could not be found in the DRC.
[http://chemistry.apache.org/MGM1ZjI1NGItYzAxOS00MWQ3LTg3NGMtODcxNTQ0NmY4NjM0-0c5f254b-c019-41d7-874c-8715446f8634] Object was created but could not be found in the DRC.
[http://chemistry.apache.org/MjQ1NDA4MmQtODFlMi00MWJiLWFhZjItYzdiMjdmMzgzNjc3OzEuMA==-2454082d-81e2-41bb-aaf2-c7b27f383677] Object was created but could not be found in the DRC.
[http://chemistry.apache.org/MjQ1NDA4MmQtODFlMi00MWJiLWFhZjItYzdiMjdmMzgzNjc3OzEuMA==-2454082d-81e2-41bb-aaf2-c7b27f383677] Object was updated but could not be found in the DRC.
[http://chemistry.apache.org/MGI2OWZiM2ItYWNkMi00YTI2LWE2YTYtZTFlZGIwNjdkNjcwOzEuMA==-0b69fb3b-acd2-4a26-a6a6-e1edb067d670] Object was created but could not be found in the DRC.
[http://chemistry.apache.org/MGI2OWZiM2ItYWNkMi00YTI2LWE2YTYtZTFlZGIwNjdkNjcwOzEuMA==-0b69fb3b-acd2-4a26-a6a6-e1edb067d670] Object was updated but could not be found in the DRC.
[http://chemistry.apache.org/MGM1ZjI1NGItYzAxOS00MWQ3LTg3NGMtODcxNTQ0NmY4NjM0-0c5f254b-c019-41d7-874c-8715446f8634] Object was deleted but could not be found in the ZRC.
[http://chemistry.apache.org/N2RlNzI1YjMtMWI3OC00MGIxLWFhMzgtODczYmVjZjZlOGI1-7de725b3-1b78-40b1-aa38-873becf6e8b5] Object was deleted but could not be found in the ZRC.
[http://chemistry.apache.org/OWUxOTc0NTAtZTg0Ny00ZjA0LWJiZWQtYmRiNWZkMWNhNDFi-9e197450-e847-4f04-bbed-bdb5fd1ca41b] Object was created but could not be found in the DRC.
[http://chemistry.apache.org/NmI1ODY1YWQtNDQ3Ni00ZDUyLTlkNzktZWNjMzRhNTJmMTIy-6b5865ad-4476-4d52-9d79-ecc34a52f122] Object was created but could not be found in the DRC.
[http://chemistry.apache.org/OTJmYTIxOGEtNzhjZS00NTcxLTg4MGItZTg4NzZlOWRkZDA5OzEuMA==-92fa218a-78ce-4571-880b-e8876e9ddd09] Object was created but could not be found in the DRC.
[http://chemistry.apache.org/OTJmYTIxOGEtNzhjZS00NTcxLTg4MGItZTg4NzZlOWRkZDA5OzEuMA==-92fa218a-78ce-4571-880b-e8876e9ddd09] Object was updated but could not be found in the DRC.
[http://chemistry.apache.org/ZmEwNjAzNTQtMzQzNS00YTYzLTkzODUtNjNlYTRmYzBlY2FkOzEuMA==-fa060354-3435-4a63-9385-63ea4fc0ecad] Object was created but could not be found in the DRC.
[http://chemistry.apache.org/ZmEwNjAzNTQtMzQzNS00YTYzLTkzODUtNjNlYTRmYzBlY2FkOzEuMA==-fa060354-3435-4a63-9385-63ea4fc0ecad] Object was updated but could not be found in the DRC.
[http://chemistry.apache.org/NmI1ODY1YWQtNDQ3Ni00ZDUyLTlkNzktZWNjMzRhNTJmMTIy-6b5865ad-4476-4d52-9d79-ecc34a52f122] Object was deleted but could not be found in the ZRC.
[http://chemistry.apache.org/OWUxOTc0NTAtZTg0Ny00ZjA0LWJiZWQtYmRiNWZkMWNhNDFi-9e197450-e847-4f04-bbed-bdb5fd1ca41b] Object was deleted but could not be found in the ZRC.
[http://chemistry.apache.org/NzhiOWM2MmUtMGUyYS00MzYwLTg1NTEtMTYyOWE1YjM0NzU0-78b9c62e-0e2a-4360-8551-1629a5b34754] Object was created but could not be found in the DRC.
[http://chemistry.apache.org/ZTU5ZGI2NDItNGJmZi00Yjc0LThiNGUtNDJjZDQzNTkwOWZl-e59db642-4bff-4b74-8b4e-42cd435909fe] Object was created but could not be found in the DRC.
[http://chemistry.apache.org/ZTU5ZGI2NDItNGJmZi00Yjc0LThiNGUtNDJjZDQzNTkwOWZl-e59db642-4bff-4b74-8b4e-42cd435909fe] Object was deleted but could not be found in the ZRC.
[http://chemistry.apache.org/NzhiOWM2MmUtMGUyYS00MzYwLTg1NTEtMTYyOWE1YjM0NzU0-78b9c62e-0e2a-4360-8551-1629a5b34754] Object was deleted but could not be found in the ZRC.
[http://chemistry.apache.org/MzRhMjAxNjQtYWFmMy00ZDA3LTlhZGMtMTNlNzEwNDI4ZTZj-34a20164-aaf3-4d07-9adc-13e710428e6c] Object was created but could not be found in the DRC.
[http://chemistry.apache.org/NzNhMjZiNWEtYmQyOC00OTY3LWE2YWItODA0Y2NkNjA5NThl-73a26b5a-bd28-4967-a6ab-804ccd60958e] Object was created but could not be found in the DRC.
[http://chemistry.apache.org/MDE3YzI5NzctNWQ2NS00N2MwLWFjMzUtZTBiMWUyMTEwMjZhOzEuMA==-017c2977-5d65-47c0-ac35-e0b1e211026a] Object was created but could not be found in the DRC.
[http://chemistry.apache.org/MDE3YzI5NzctNWQ2NS00N2MwLWFjMzUtZTBiMWUyMTEwMjZhOzEuMA==-017c2977-5d65-47c0-ac35-e0b1e211026a] Object was updated but could not be found in the DRC.
[http://chemistry.apache.org/NzNhMjZiNWEtYmQyOC00OTY3LWE2YWItODA0Y2NkNjA5NThl-73a26b5a-bd28-4967-a6ab-804ccd60958e] Object was deleted but could not be found in the ZRC.
[http://chemistry.apache.org/MzRhMjAxNjQtYWFmMy00ZDA3LTlhZGMtMTNlNzEwNDI4ZTZj-34a20164-aaf3-4d07-9adc-13e710428e6c] Object was deleted but could not be found in the ZRC.
[http://chemistry.apache.org/NzIxZTY2MWQtYzE3MS00ZGU4LTkwZjQtMDRkODJhOWIyMTk4OzEuMA==-721e661d-c171-4de8-90f4-04d82a9b2198] Object was created but could not be found in the DRC.
[http://chemistry.apache.org/NzIxZTY2MWQtYzE3MS00ZGU4LTkwZjQtMDRkODJhOWIyMTk4OzEuMA==-721e661d-c171-4de8-90f4-04d82a9b2198] Object was updated but could not be found in the DRC.
[http://chemistry.apache.org/YjU3NzJmOWQtZjI4Yy00YjM4LWE1YmItYjlhNmNlYWJhYTA3-b5772f9d-f28c-4b38-a5bb-b9a6ceabaa07] Object was created but could not be found in the DRC.
[http://chemistry.apache.org/YWY1MDJhMTktNmFiNC00ZjJmLWI3NGEtMjg0ODM3MTgzNTdl-af502a19-6ab4-4f2f-b74a-28483718357e] Object was created but could not be found in the DRC.
[http://chemistry.apache.org/NDljMDkyNzMtMjc0Mi00NDBjLThmNGItZTE0OTAwNTJhOTkxOzEuMA==-49c09273-2742-440c-8f4b-e1490052a991] Object was created but could not be found in the DRC.
[http://chemistry.apache.org/NDljMDkyNzMtMjc0Mi00NDBjLThmNGItZTE0OTAwNTJhOTkxOzEuMA==-49c09273-2742-440c-8f4b-e1490052a991] Object was updated but could not be found in the DRC.
[http://chemistry.apache.org/MzVhNzUyZTMtODIxOC00M2YyLWExMjItYjFkNzM3NGY5MmNkOzEuMA==-35a752e3-8218-43f2-a122-b1d7374f92cd] Object was created but could not be found in the DRC.
[http://chemistry.apache.org/MzVhNzUyZTMtODIxOC00M2YyLWExMjItYjFkNzM3NGY5MmNkOzEuMA==-35a752e3-8218-43f2-a122-b1d7374f92cd] Object was updated but could not be found in the DRC.
[http://chemistry.apache.org/YWY1MDJhMTktNmFiNC00ZjJmLWI3NGEtMjg0ODM3MTgzNTdl-af502a19-6ab4-4f2f-b74a-28483718357e] Object was deleted but could not be found in the ZRC.
[http://chemistry.apache.org/YjU3NzJmOWQtZjI4Yy00YjM4LWE1YmItYjlhNmNlYWJhYTA3-b5772f9d-f28c-4b38-a5bb-b9a6ceabaa07] Object was deleted but could not be found in the ZRC.
[http://chemistry.apache.org/ZmQxNWY3M2YtYzU4ZS00Mzg5LThlY2MtMjlkM2FkZjNhMmI1-fd15f73f-c58e-4389-8ecc-29d3adf3a2b5] Object was created but could not be found in the DRC.
[http://chemistry.apache.org/MjcxMTVmZTgtZmY3OC00OTIyLTliZWEtZWFiOWEzYjJjYjFh-27115fe8-ff78-4922-9bea-eab9a3b2cb1a] Object was created but could not be found in the DRC.
[http://chemistry.apache.org/M2E3ZDIxODYtMTJmMi00Zjk1LTgxYWItMTkyZDAwYzMzZjI5OzEuMA==-3a7d2186-12f2-4f95-81ab-192d00c33f29] Object was created but could not be found in the DRC.
[http://chemistry.apache.org/M2E3ZDIxODYtMTJmMi00Zjk1LTgxYWItMTkyZDAwYzMzZjI5OzEuMA==-3a7d2186-12f2-4f95-81ab-192d00c33f29] Object was updated but could not be found in the DRC.
[http://chemistry.apache.org/MDY0YWNjZDUtMjI3Zi00YjcxLTk0NmYtOWQxODlmYjExMjE4OzEuMA==-064accd5-227f-4b71-946f-9d189fb11218] Object was created but could not be found in the DRC.
[http://chemistry.apache.org/MDY0YWNjZDUtMjI3Zi00YjcxLTk0NmYtOWQxODlmYjExMjE4OzEuMA==-064accd5-227f-4b71-946f-9d189fb11218] Object was updated but could not be found in the DRC.
[http://chemistry.apache.org/MjcxMTVmZTgtZmY3OC00OTIyLTliZWEtZWFiOWEzYjJjYjFh-27115fe8-ff78-4922-9bea-eab9a3b2cb1a] Object was deleted but could not be found in the ZRC.
[http://chemistry.apache.org/ZmQxNWY3M2YtYzU4ZS00Mzg5LThlY2MtMjlkM2FkZjNhMmI1-fd15f73f-c58e-4389-8ecc-29d3adf3a2b5] Object was deleted but could not be found in the ZRC.
[http://chemistry.apache.org/ZDE5YTRhZTctYzdmZi00ZDAzLTgyOGItMDgzMDk2Zjk2NWEx-d19a4ae7-c7ff-4d03-828b-083096f965a1] Object was created but could not be found in the DRC.
[http://chemistry.apache.org/M2NkZjEzNDMtMTRhYS00MTkxLTk4MmYtNzk1NDIxNTI2NmUy-3cdf1343-14aa-4191-982f-7954215266e2] Object was created but could not be found in the DRC.
[http://chemistry.apache.org/NGJmYjZjMmEtZmRmMy00YjMyLWFjZDktYTUwNjlhYjY3NWZmOzEuMA==-4bfb6c2a-fdf3-4b32-acd9-a5069ab675ff] Object was created but could not be found in the DRC.
[http://chemistry.apache.org/NGJmYjZjMmEtZmRmMy00YjMyLWFjZDktYTUwNjlhYjY3NWZmOzEuMA==-4bfb6c2a-fdf3-4b32-acd9-a5069ab675ff] Object was updated but could not be found in the DRC.
[http://chemistry.apache.org/NjBlMTkyZjEtYjkyMC00NzI5LThmNTEtYTk4NGRjNTg0NGJkOzEuMA==-60e192f1-b920-4729-8f51-a984dc5844bd] Object was created but could not be found in the DRC.
[http://chemistry.apache.org/NjBlMTkyZjEtYjkyMC00NzI5LThmNTEtYTk4NGRjNTg0NGJkOzEuMA==-60e192f1-b920-4729-8f51-a984dc5844bd] Object was updated but could not be found in the DRC.
[http://chemistry.apache.org/M2NkZjEzNDMtMTRhYS00MTkxLTk4MmYtNzk1NDIxNTI2NmUy-3cdf1343-14aa-4191-982f-7954215266e2] Object was deleted but could not be found in the ZRC.
[http://chemistry.apache.org/ZDE5YTRhZTctYzdmZi00ZDAzLTgyOGItMDgzMDk2Zjk2NWEx-d19a4ae7-c7ff-4d03-828b-083096f965a1] Object was deleted but could not be found in the ZRC.
[http://chemistry.apache.org/NzA3MjZhNTMtYTcwMS00YmM4LWJhYzAtZTRmYzRhZDE1MDJj-70726a53-a701-4bc8-bac0-e4fc4ad1502c] Object was created but could not be found in the DRC.
[http://chemistry.apache.org/ODEwYTNiYzEtNTg0Zi00MTE5LWEwOWYtZmZlMWU4MWJjOTcy-810a3bc1-584f-4119-a09f-ffe1e81bc972] Object was created but could not be found in the DRC.
[http://chemistry.apache.org/M2RlZTkzMmEtNmU3MC00MzE3LTlmNDctOGI3YTRkMzI1NDE3OzEuMA==-3dee932a-6e70-4317-9f47-8b7a4d325417] Object was created but could not be found in the DRC.
[http://chemistry.apache.org/M2RlZTkzMmEtNmU3MC00MzE3LTlmNDctOGI3YTRkMzI1NDE3OzEuMA==-3dee932a-6e70-4317-9f47-8b7a4d325417] Object was updated but could not be found in the DRC.
[http://chemistry.apache.org/ODEwYTNiYzEtNTg0Zi00MTE5LWEwOWYtZmZlMWU4MWJjOTcy-810a3bc1-584f-4119-a09f-ffe1e81bc972] Object was deleted but could not be found in the ZRC.
[http://chemistry.apache.org/NzA3MjZhNTMtYTcwMS00YmM4LWJhYzAtZTRmYzRhZDE1MDJj-70726a53-a701-4bc8-bac0-e4fc4ad1502c] Object was deleted but could not be found in the ZRC.
[http://chemistry.apache.org/M2QxOTJiMmUtNDkwNS00NzU1LTliM2YtMjJlMTgzOGMyNTQyOzEuMA==-3d192b2e-4905-4755-9b3f-22e1838c2542] Object was created but could not be found in the DRC.
[http://chemistry.apache.org/M2QxOTJiMmUtNDkwNS00NzU1LTliM2YtMjJlMTgzOGMyNTQyOzEuMA==-3d192b2e-4905-4755-9b3f-22e1838c2542] Object was updated but could not be found in the DRC.
[http://chemistry.apache.org/ZWE1N2M2MTgtZTUzYi00M2Y2LThmNDAtOWViZmJjNWFkMDUw-ea57c618-e53b-43f6-8f40-9ebfbc5ad050] Object was created but could not be found in the DRC.
[http://chemistry.apache.org/MDc0M2JkN2ItODUyNy00ZDFlLThlYTktMTFiOWQxZjE2ZTlm-0743bd7b-8527-4d1e-8ea9-11b9d1f16e9f] Object was created but could not be found in the DRC.
[http://chemistry.apache.org/MDc0M2JkN2ItODUyNy00ZDFlLThlYTktMTFiOWQxZjE2ZTlm-0743bd7b-8527-4d1e-8ea9-11b9d1f16e9f] Object was deleted but could not be found in the ZRC.
[http://chemistry.apache.org/ZWE1N2M2MTgtZTUzYi00M2Y2LThmNDAtOWViZmJjNWFkMDUw-ea57c618-e53b-43f6-8f40-9ebfbc5ad050] Object was deleted but could not be found in the ZRC.
[http://chemistry.apache.org/Mzc2NDQxZjItYTIzZi00MTc4LWEwMWQtZTc1MDY5MGY2M2Iw-376441f2-a23f-4178-a01d-e750690f63b0] Object was created but could not be found in the DRC.
[http://chemistry.apache.org/NjNiMDRlNjQtNzgzZS00MWU5LTk5NjQtNWM1NTdkMjllMjRm-63b04e64-783e-41e9-9964-5c557d29e24f] Object was created but could not be found in the DRC.
[http://chemistry.apache.org/OWEyZTU5NTktZDc5MC00ZGZkLWI1MGUtMzU3M2IxZDkzMTAyOzEuMA==-9a2e5959-d790-4dfd-b50e-3573b1d93102] Object was created but could not be found in the DRC.
[http://chemistry.apache.org/OWEyZTU5NTktZDc5MC00ZGZkLWI1MGUtMzU3M2IxZDkzMTAyOzEuMA==-9a2e5959-d790-4dfd-b50e-3573b1d93102] Object was updated but could not be found in the DRC.
[http://chemistry.apache.org/OTE3MDBiMjYtNjBhZi00YTcxLTkzNDUtYzYyZDQxZjgwMzQ2OzEuMA==-91700b26-60af-4a71-9345-c62d41f80346] Object was created but could not be found in the DRC.
[http://chemistry.apache.org/OTE3MDBiMjYtNjBhZi00YTcxLTkzNDUtYzYyZDQxZjgwMzQ2OzEuMA==-91700b26-60af-4a71-9345-c62d41f80346] Object was updated but could not be found in the DRC.
[http://chemistry.apache.org/NjNiMDRlNjQtNzgzZS00MWU5LTk5NjQtNWM1NTdkMjllMjRm-63b04e64-783e-41e9-9964-5c557d29e24f] Object was deleted but could not be found in the ZRC.
[http://chemistry.apache.org/Mzc2NDQxZjItYTIzZi00MTc4LWEwMWQtZTc1MDY5MGY2M2Iw-376441f2-a23f-4178-a01d-e750690f63b0] Object was deleted but could not be found in the ZRC.
[http://chemistry.apache.org/NjljOWM5MjMtNTljMi00NGFmLWJkNTgtYTk0NGQwZTlhYTdj-69c9c923-59c2-44af-bd58-a944d0e9aa7c] Object was created but could not be found in the DRC.
[http://chemistry.apache.org/OTA3NDkwMGYtOWU4Ni00NzU2LWI1ZjgtYjA4Y2UwZjRlNjI1-9074900f-9e86-4756-b5f8-b08ce0f4e625] Object was created but could not be found in the DRC.
[http://chemistry.apache.org/NTJlN2YxMmItMjY4OC00NDdhLTk3MjEtNDkyMjc3NDYxY2YwOzEuMA==-52e7f12b-2688-447a-9721-492277461cf0] Object was created but could not be found in the DRC.
[http://chemistry.apache.org/NTJlN2YxMmItMjY4OC00NDdhLTk3MjEtNDkyMjc3NDYxY2YwOzEuMA==-52e7f12b-2688-447a-9721-492277461cf0] Object was updated but could not be found in the DRC.
[http://chemistry.apache.org/MDFhMjA1YzItMDczYS00MGM5LTk0NmMtNTdiNTE3MmQyZjQ0OzEuMA==-01a205c2-073a-40c9-946c-57b5172d2f44] Object was created but could not be found in the DRC.
[http://chemistry.apache.org/MDFhMjA1YzItMDczYS00MGM5LTk0NmMtNTdiNTE3MmQyZjQ0OzEuMA==-01a205c2-073a-40c9-946c-57b5172d2f44] Object was updated but could not be found in the DRC.
[http://chemistry.apache.org/OTA3NDkwMGYtOWU4Ni00NzU2LWI1ZjgtYjA4Y2UwZjRlNjI1-9074900f-9e86-4756-b5f8-b08ce0f4e625] Object was deleted but could not be found in the ZRC.
[http://chemistry.apache.org/NjljOWM5MjMtNTljMi00NGFmLWJkNTgtYTk0NGQwZTlhYTdj-69c9c923-59c2-44af-bd58-a944d0e9aa7c] Object was deleted but could not be found in the ZRC.
[http://chemistry.apache.org/ZTM5NzJkODgtMzZkZS00MjI4LWFhMzAtZTM4ZTZmOGM3ZGM5-e3972d88-36de-4228-aa30-e38e6f8c7dc9] Object was created but could not be found in the DRC.
[http://chemistry.apache.org/YTNiZGJiMWYtNzQyMS00NDFhLWJjNTAtYzlhNTgyYzBiMGQ4-a3bdbb1f-7421-441a-bc50-c9a582c0b0d8] Object was created but could not be found in the DRC.
[http://chemistry.apache.org/N2JkZjc2N2YtOTg2Yy00MmJlLTk0Y2YtYmM2NmZkYjA1ODA1OzEuMA==-7bdf767f-986c-42be-94cf-bc66fdb05805] Object was created but could not be found in the DRC.
[http://chemistry.apache.org/N2JkZjc2N2YtOTg2Yy00MmJlLTk0Y2YtYmM2NmZkYjA1ODA1OzEuMA==-7bdf767f-986c-42be-94cf-bc66fdb05805] Object was updated but could not be found in the DRC.
[http://chemistry.apache.org/YTNiZGJiMWYtNzQyMS00NDFhLWJjNTAtYzlhNTgyYzBiMGQ4-a3bdbb1f-7421-441a-bc50-c9a582c0b0d8] Object was deleted but could not be found in the ZRC.
[http://chemistry.apache.org/ZTM5NzJkODgtMzZkZS00MjI4LWFhMzAtZTM4ZTZmOGM3ZGM5-e3972d88-36de-4228-aa30-e38e6f8c7dc9] Object was deleted but could not be found in the ZRC.
[http://chemistry.apache.org/MTgxZTE0NTMtNGI0Zi00YWU2LWE2OGQtZjQ2ZDc3MDM0NTU3OzEuMA==-181e1453-4b4f-4ae6-a68d-f46d77034557] Object was created but could not be found in the DRC.
[http://chemistry.apache.org/MTgxZTE0NTMtNGI0Zi00YWU2LWE2OGQtZjQ2ZDc3MDM0NTU3OzEuMA==-181e1453-4b4f-4ae6-a68d-f46d77034557] Object was updated but could not be found in the DRC.
[http://chemistry.apache.org/OTBlMmE4NTYtNzc4Yy00OTYwLWExM2UtYjVjYWVjMzVlZDVi-90e2a856-778c-4960-a13e-b5caec35ed5b] Object was created but could not be found in the DRC.
[http://chemistry.apache.org/NzNlZTdmNjgtY2U3NC00YTRhLTk1ZjctYzVmYzZjN2Q0Y2Q2-73ee7f68-ce74-4a4a-95f7-c5fc6c7d4cd6] Object was created but could not be found in the DRC.
[http://chemistry.apache.org/NGY3NWJkYWUtM2NiMy00ODkzLWExMmYtYTlmN2NkODE5ZTk0OzEuMA==-4f75bdae-3cb3-4893-a12f-a9f7cd819e94] Object was created but could not be found in the DRC.
[http://chemistry.apache.org/NGY3NWJkYWUtM2NiMy00ODkzLWExMmYtYTlmN2NkODE5ZTk0OzEuMA==-4f75bdae-3cb3-4893-a12f-a9f7cd819e94] Object was updated but could not be found in the DRC.
[http://chemistry.apache.org/MjVjZWUzMmItZGNlMy00MTNiLWI1NzAtZTY0MGNmZDhkMmQxOzEuMA==-25cee32b-dce3-413b-b570-e640cfd8d2d1] Object was created but could not be found in the DRC.
[http://chemistry.apache.org/MjVjZWUzMmItZGNlMy00MTNiLWI1NzAtZTY0MGNmZDhkMmQxOzEuMA==-25cee32b-dce3-413b-b570-e640cfd8d2d1] Object was updated but could not be found in the DRC.
[http://chemistry.apache.org/NzNlZTdmNjgtY2U3NC00YTRhLTk1ZjctYzVmYzZjN2Q0Y2Q2-73ee7f68-ce74-4a4a-95f7-c5fc6c7d4cd6] Object was deleted but could not be found in the ZRC.
[http://chemistry.apache.org/OTBlMmE4NTYtNzc4Yy00OTYwLWExM2UtYjVjYWVjMzVlZDVi-90e2a856-778c-4960-a13e-b5caec35ed5b] Object was deleted but could not be found in the ZRC.
[http://chemistry.apache.org/YjBkM2RlMmQtYTRhNS00MGViLWIzZTctYzU5YzdjYzAyNzY4-b0d3de2d-a4a5-40eb-b3e7-c59c7cc02768] Object was created but could not be found in the DRC.
[http://chemistry.apache.org/M2MzNmRkMWEtMTI0ZC00MDMyLTlmMmUtYzE3MTM2ZmVkOWNl-3c36dd1a-124d-4032-9f2e-c17136fed9ce] Object was created but could not be found in the DRC.
[http://chemistry.apache.org/MDRkNmI4OTUtYTFmMC00Y2Q2LWE2MzYtMzc3MzY2NmJjZDZmOzEuMA==-04d6b895-a1f0-4cd6-a636-3773666bcd6f] Object was created but could not be found in the DRC.
[http://chemistry.apache.org/MDRkNmI4OTUtYTFmMC00Y2Q2LWE2MzYtMzc3MzY2NmJjZDZmOzEuMA==-04d6b895-a1f0-4cd6-a636-3773666bcd6f] Object was updated but could not be found in the DRC.
[http://chemistry.apache.org/ZGRhOTFlYjUtMDE4MS00OWY0LThjZWEtMDBjNjhhY2ZhMjc1OzEuMA==-dda91eb5-0181-49f4-8cea-00c68acfa275] Object was created but could not be found in the DRC.
[http://chemistry.apache.org/ZGRhOTFlYjUtMDE4MS00OWY0LThjZWEtMDBjNjhhY2ZhMjc1OzEuMA==-dda91eb5-0181-49f4-8cea-00c68acfa275] Object was updated but could not be found in the DRC.
[http://chemistry.apache.org/M2MzNmRkMWEtMTI0ZC00MDMyLTlmMmUtYzE3MTM2ZmVkOWNl-3c36dd1a-124d-4032-9f2e-c17136fed9ce] Object was deleted but could not be found in the ZRC.
[http://chemistry.apache.org/YjBkM2RlMmQtYTRhNS00MGViLWIzZTctYzU5YzdjYzAyNzY4-b0d3de2d-a4a5-40eb-b3e7-c59c7cc02768] Object was deleted but could not be found in the ZRC.
[http://chemistry.apache.org/YjljYTdkYjktZmU3Yy00ZWM3LTgyYWMtZDlkMDAwY2Q4ZWRk-b9ca7db9-fe7c-4ec7-82ac-d9d000cd8edd] Object was created but could not be found in the DRC.
[http://chemistry.apache.org/OTEwNGJiYzMtMWEyNi00NzYxLWJhYjItY2MxNTc4N2MxZGIx-9104bbc3-1a26-4761-bab2-cc15787c1db1] Object was created but could not be found in the DRC.
[http://chemistry.apache.org/OTEwNGJiYzMtMWEyNi00NzYxLWJhYjItY2MxNTc4N2MxZGIx-9104bbc3-1a26-4761-bab2-cc15787c1db1] Object was deleted but could not be found in the ZRC.
[http://chemistry.apache.org/YjljYTdkYjktZmU3Yy00ZWM3LTgyYWMtZDlkMDAwY2Q4ZWRk-b9ca7db9-fe7c-4ec7-82ac-d9d000cd8edd] Object was deleted but could not be found in the ZRC.
[http://chemistry.apache.org/NzkwNGYyZjQtY2I3NS00NjE4LTk1OTQtYmU1YjlmMmIwYTI1-7904f2f4-cb75-4618-9594-be5b9f2b0a25] Object was created but could not be found in the DRC.
[http://chemistry.apache.org/ZjgxMWJjNmItMzUxYS00MmNmLWJkZWItNWZjNjFlNDY0NmQ0-f811bc6b-351a-42cf-bdeb-5fc61e4646d4] Object was created but could not be found in the DRC.
[http://chemistry.apache.org/NDgyNWViNzktZWZlOC00ZDU1LWE4YjctMjc4ODA4NjAxZTUzOzEuMA==-4825eb79-efe8-4d55-a8b7-278808601e53] Object was created but could not be found in the DRC.
[http://chemistry.apache.org/NDgyNWViNzktZWZlOC00ZDU1LWE4YjctMjc4ODA4NjAxZTUzOzEuMA==-4825eb79-efe8-4d55-a8b7-278808601e53] Object was updated but could not be found in the DRC.
[http://chemistry.apache.org/ZjgxMWJjNmItMzUxYS00MmNmLWJkZWItNWZjNjFlNDY0NmQ0-f811bc6b-351a-42cf-bdeb-5fc61e4646d4] Object was deleted but could not be found in the ZRC.
[http://chemistry.apache.org/NzkwNGYyZjQtY2I3NS00NjE4LTk1OTQtYmU1YjlmMmIwYTI1-7904f2f4-cb75-4618-9594-be5b9f2b0a25] Object was deleted but could not be found in the ZRC.
[http://chemistry.apache.org/ZjRjZTI1ZWMtM2JkMi00NzE4LTk5MGUtMzY3OTQ2OTA3MmUwOzEuMA==-f4ce25ec-3bd2-4718-990e-3679469072e0] Object was created but could not be found in the DRC.
[http://chemistry.apache.org/ZjRjZTI1ZWMtM2JkMi00NzE4LTk5MGUtMzY3OTQ2OTA3MmUwOzEuMA==-f4ce25ec-3bd2-4718-990e-3679469072e0] Object was updated but could not be found in the DRC.
[http://chemistry.apache.org/YzQ0MmU1YmYtOGI2Yi00ZjgxLWJkNDItNWY5N2RkMGRkMTk0-c442e5bf-8b6b-4f81-bd42-5f97dd0dd194] Object was created but could not be found in the DRC.
[http://chemistry.apache.org/YWRmMzkzNjUtMWYyZS00YWMxLThiY2EtY2FiNWRkOWUzNDU5-adf39365-1f2e-4ac1-8bca-cab5dd9e3459] Object was created but could not be found in the DRC.
[http://chemistry.apache.org/YjA2YjdiZTktNTAwNi00OGFjLThjYjUtNDIxN2RmZmNjOTk1OzEuMA==-b06b7be9-5006-48ac-8cb5-4217dffcc995] Object was created but could not be found in the DRC.
[http://chemistry.apache.org/YjA2YjdiZTktNTAwNi00OGFjLThjYjUtNDIxN2RmZmNjOTk1OzEuMA==-b06b7be9-5006-48ac-8cb5-4217dffcc995] Object was updated but could not be found in the DRC.
[http://chemistry.apache.org/MjJhNTY2MTQtM2E0MC00ZGI5LWEyZWYtY2ZmYTJjY2QyODk2OzEuMA==-22a56614-3a40-4db9-a2ef-cffa2ccd2896] Object was created but could not be found in the DRC.
[http://chemistry.apache.org/MjJhNTY2MTQtM2E0MC00ZGI5LWEyZWYtY2ZmYTJjY2QyODk2OzEuMA==-22a56614-3a40-4db9-a2ef-cffa2ccd2896] Object was updated but could not be found in the DRC.
[http://chemistry.apache.org/YWRmMzkzNjUtMWYyZS00YWMxLThiY2EtY2FiNWRkOWUzNDU5-adf39365-1f2e-4ac1-8bca-cab5dd9e3459] Object was deleted but could not be found in the ZRC.
[http://chemistry.apache.org/YzQ0MmU1YmYtOGI2Yi00ZjgxLWJkNDItNWY5N2RkMGRkMTk0-c442e5bf-8b6b-4f81-bd42-5f97dd0dd194] Object was deleted but could not be found in the ZRC.
[http://chemistry.apache.org/NzdhOTU4NzUtOWZjMS00YzE3LTk2OWYtMmE4NzcxNmI4YTRh-77a95875-9fc1-4c17-969f-2a87716b8a4a] Object was created but could not be found in the DRC.
[http://chemistry.apache.org/YTlmNDFjZjgtMGUwMi00YTE1LWJlMjgtOGU2YzdkOWFhZTE3-a9f41cf8-0e02-4a15-be28-8e6c7d9aae17] Object was created but could not be found in the DRC.
[http://chemistry.apache.org/MmM5MzhhN2ItYzgwYy00Njk5LWE2YmEtZGFiNTI2NmE5MzEyOzEuMA==-2c938a7b-c80c-4699-a6ba-dab5266a9312] Object was created but could not be found in the DRC.
[http://chemistry.apache.org/MmM5MzhhN2ItYzgwYy00Njk5LWE2YmEtZGFiNTI2NmE5MzEyOzEuMA==-2c938a7b-c80c-4699-a6ba-dab5266a9312] Object was updated but could not be found in the DRC.
[http://chemistry.apache.org/MWJiYjMwMTgtMjIwYy00MGFkLTg2MDMtZmZjZjYxMGY1NmI5OzEuMA==-1bbb3018-220c-40ad-8603-ffcf610f56b9] Object was created but could not be found in the DRC.
[http://chemistry.apache.org/MWJiYjMwMTgtMjIwYy00MGFkLTg2MDMtZmZjZjYxMGY1NmI5OzEuMA==-1bbb3018-220c-40ad-8603-ffcf610f56b9] Object was updated but could not be found in the DRC.
[http://chemistry.apache.org/YTlmNDFjZjgtMGUwMi00YTE1LWJlMjgtOGU2YzdkOWFhZTE3-a9f41cf8-0e02-4a15-be28-8e6c7d9aae17] Object was deleted but could not be found in the ZRC.
[http://chemistry.apache.org/NzdhOTU4NzUtOWZjMS00YzE3LTk2OWYtMmE4NzcxNmI4YTRh-77a95875-9fc1-4c17-969f-2a87716b8a4a] Object was deleted but could not be found in the ZRC.
[http://chemistry.apache.org/YjE2MzNiZTUtNWE1Yi00ZjM4LTk0N2ItYjU0YzQ2YTVhNzQ2-b1633be5-5a5b-4f38-947b-b54c46a5a746] Object was created but could not be found in the DRC.
[http://chemistry.apache.org/NWZkNDI3YWYtODZlZi00YWUzLWI4ZTctNjk0MjFkYzAwMzBl-5fd427af-86ef-4ae3-b8e7-69421dc0030e] Object was created but could not be found in the DRC.
[http://chemistry.apache.org/YjEzZjhkMmUtM2QzOS00MDFkLWIzMDMtM2ZjMjJmMWI5OTc3OzEuMA==-b13f8d2e-3d39-401d-b303-3fc22f1b9977] Object was created but could not be found in the DRC.
[http://chemistry.apache.org/YjEzZjhkMmUtM2QzOS00MDFkLWIzMDMtM2ZjMjJmMWI5OTc3OzEuMA==-b13f8d2e-3d39-401d-b303-3fc22f1b9977] Object was updated but could not be found in the DRC.
[http://chemistry.apache.org/ZWY0OGM5ZDAtZjQyZi00ZTVmLTg5NTUtNzc1NGE1NmJhYjhlOzEuMA==-ef48c9d0-f42f-4e5f-8955-7754a56bab8e] Object was created but could not be found in the DRC.
[http://chemistry.apache.org/ZWY0OGM5ZDAtZjQyZi00ZTVmLTg5NTUtNzc1NGE1NmJhYjhlOzEuMA==-ef48c9d0-f42f-4e5f-8955-7754a56bab8e] Object was updated but could not be found in the DRC.
[http://chemistry.apache.org/NWZkNDI3YWYtODZlZi00YWUzLWI4ZTctNjk0MjFkYzAwMzBl-5fd427af-86ef-4ae3-b8e7-69421dc0030e] Object was deleted but could not be found in the ZRC.
[http://chemistry.apache.org/YjE2MzNiZTUtNWE1Yi00ZjM4LTk0N2ItYjU0YzQ2YTVhNzQ2-b1633be5-5a5b-4f38-947b-b54c46a5a746] Object was deleted but could not be found in the ZRC.
[http://chemistry.apache.org/NjIxZDBjMTgtYTAyZi00ZTQ4LWJhMjMtYWE2ODBiNWViODJl-621d0c18-a02f-4e48-ba23-aa680b5eb82e] Object was created but could not be found in the DRC.
[http://chemistry.apache.org/ZjcyMTU0MzQtYWI3ZS00YmNkLTkxMzAtNDk2M2IzZjZmMDAy-f7215434-ab7e-4bcd-9130-4963b3f6f002] Object was created but could not be found in the DRC.
[http://chemistry.apache.org/YWEzYjM0ZmItYjUxMS00ZDYwLWE0MGItMjdhMjRhNWI4ZDViOzEuMA==-aa3b34fb-b511-4d60-a40b-27a24a5b8d5b] Object was created but could not be found in the DRC.
[http://chemistry.apache.org/YWEzYjM0ZmItYjUxMS00ZDYwLWE0MGItMjdhMjRhNWI4ZDViOzEuMA==-aa3b34fb-b511-4d60-a40b-27a24a5b8d5b] Object was updated but could not be found in the DRC.
[http://chemistry.apache.org/ZjcyMTU0MzQtYWI3ZS00YmNkLTkxMzAtNDk2M2IzZjZmMDAy-f7215434-ab7e-4bcd-9130-4963b3f6f002] Object was deleted but could not be found in the ZRC.
[http://chemistry.apache.org/NjIxZDBjMTgtYTAyZi00ZTQ4LWJhMjMtYWE2ODBiNWViODJl-621d0c18-a02f-4e48-ba23-aa680b5eb82e] Object was deleted but could not be found in the ZRC.
[http://chemistry.apache.org/MGIzMWZkY2ItOGZhMi00MjViLTllZTgtN2JkY2M0MTY3NTgx-0b31fdcb-8fa2-425b-9ee8-7bdcc4167581] Object was created but could not be found in the DRC.
[http://chemistry.apache.org/MjAwNjViNTctNzhlMC00MzBkLWI1NjItYmRlYWNjMmM3NmEx-20065b57-78e0-430d-b562-bdeacc2c76a1] Object was created but could not be found in the DRC.
[http://chemistry.apache.org/OTViNzVmMTgtNzY0MS00YjBkLTkzNWUtMTlkOWJiNDg3YmI4OzEuMA==-95b75f18-7641-4b0d-935e-19d9bb487bb8] Object was created but could not be found in the DRC.
[http://chemistry.apache.org/OTViNzVmMTgtNzY0MS00YjBkLTkzNWUtMTlkOWJiNDg3YmI4OzEuMA==-95b75f18-7641-4b0d-935e-19d9bb487bb8] Object was updated but could not be found in the DRC.
[http://chemistry.apache.org/M2U4YTJmYjgtYmE4Yi00MTA2LTkyYmYtYzgwNDBjMTFlMTQxOzEuMA==-3e8a2fb8-ba8b-4106-92bf-c8040c11e141] Object was created but could not be found in the DRC.
[http://chemistry.apache.org/M2U4YTJmYjgtYmE4Yi00MTA2LTkyYmYtYzgwNDBjMTFlMTQxOzEuMA==-3e8a2fb8-ba8b-4106-92bf-c8040c11e141] Object was updated but could not be found in the DRC.
[http://chemistry.apache.org/MjAwNjViNTctNzhlMC00MzBkLWI1NjItYmRlYWNjMmM3NmEx-20065b57-78e0-430d-b562-bdeacc2c76a1] Object was deleted but could not be found in the ZRC.
[http://chemistry.apache.org/MGIzMWZkY2ItOGZhMi00MjViLTllZTgtN2JkY2M0MTY3NTgx-0b31fdcb-8fa2-425b-9ee8-7bdcc4167581] Object was deleted but could not be found in the ZRC.
[http://chemistry.apache.org/ODlkYzcwMmItZDkyOS00Nzc2LTg5YjEtNWVlNDYzOGU1YTNh-89dc702b-d929-4776-89b1-5ee4638e5a3a] Object was created but could not be found in the DRC.
[http://chemistry.apache.org/ZWM3MTc0NjYtOGM1Yy00YjliLWI1M2ItMjQyNzcwYzc5ZDI1-ec717466-8c5c-4b9b-b53b-242770c79d25] Object was created but could not be found in the DRC.
[http://chemistry.apache.org/ZWIxZjAyMGMtZTdiNy00ZTU2LTk1MjQtMDE4NjYxODUwNTBjOzEuMA==-eb1f020c-e7b7-4e56-9524-01866185050c] Object was created but could not be found in the DRC.
[http://chemistry.apache.org/ZWIxZjAyMGMtZTdiNy00ZTU2LTk1MjQtMDE4NjYxODUwNTBjOzEuMA==-eb1f020c-e7b7-4e56-9524-01866185050c] Object was updated but could not be found in the DRC.
[http://chemistry.apache.org/ODY5NjNkYmQtODQxMS00MTQ2LTlmNzctZmM3NzEwNDliYjI3OzEuMA==-86963dbd-8411-4146-9f77-fc771049bb27] Object was created but could not be found in the DRC.
[http://chemistry.apache.org/ODY5NjNkYmQtODQxMS00MTQ2LTlmNzctZmM3NzEwNDliYjI3OzEuMA==-86963dbd-8411-4146-9f77-fc771049bb27] Object was updated but could not be found in the DRC.
[http://chemistry.apache.org/ZWM3MTc0NjYtOGM1Yy00YjliLWI1M2ItMjQyNzcwYzc5ZDI1-ec717466-8c5c-4b9b-b53b-242770c79d25] Object was deleted but could not be found in the ZRC.
[http://chemistry.apache.org/ODlkYzcwMmItZDkyOS00Nzc2LTg5YjEtNWVlNDYzOGU1YTNh-89dc702b-d929-4776-89b1-5ee4638e5a3a] Object was deleted but could not be found in the ZRC.
[http://chemistry.apache.org/NTQ0ZDU3YmMtMTkxNS00ZmJlLWEyMDItN2Q5ZDQ2YmNhMzI3-544d57bc-1915-4fbe-a202-7d9d46bca327] Object was created but could not be found in the DRC.
[http://chemistry.apache.org/ZTA0ODhmNWEtM2M1Yi00NTlmLWJmZWMtYjA0MDMzZGJhODA5-e0488f5a-3c5b-459f-bfec-b04033dba809] Object was created but could not be found in the DRC.
[http://chemistry.apache.org/MGZhMWFiYmYtZmYwNi00MzY5LWE5ZjAtMTZlNGI3NzRlYzFiOzEuMA==-0fa1abbf-ff06-4369-a9f0-16e4b774ec1b] Object was created but could not be found in the DRC.
[http://chemistry.apache.org/MGZhMWFiYmYtZmYwNi00MzY5LWE5ZjAtMTZlNGI3NzRlYzFiOzEuMA==-0fa1abbf-ff06-4369-a9f0-16e4b774ec1b] Object was updated but could not be found in the DRC.
[http://chemistry.apache.org/NWJhOTZhY2UtOGJlZi00MTVjLTkwNGItNWFjOTUxMDg3NWNhOzEuMA==-5ba96ace-8bef-415c-904b-5ac9510875ca] Object was created but could not be found in the DRC.
[http://chemistry.apache.org/NWJhOTZhY2UtOGJlZi00MTVjLTkwNGItNWFjOTUxMDg3NWNhOzEuMA==-5ba96ace-8bef-415c-904b-5ac9510875ca] Object was updated but could not be found in the DRC.
[http://chemistry.apache.org/ZTA0ODhmNWEtM2M1Yi00NTlmLWJmZWMtYjA0MDMzZGJhODA5-e0488f5a-3c5b-459f-bfec-b04033dba809] Object was deleted but could not be found in the ZRC.
[http://chemistry.apache.org/NTQ0ZDU3YmMtMTkxNS00ZmJlLWEyMDItN2Q5ZDQ2YmNhMzI3-544d57bc-1915-4fbe-a202-7d9d46bca327] Object was deleted but could not be found in the ZRC.
[http://chemistry.apache.org/MDA2YjAzMTEtOGEwOC00NjRiLWIxMjgtNmE0M2ZkMzg3ZThj-006b0311-8a08-464b-b128-6a43fd387e8c] Object was created but could not be found in the DRC.
[http://chemistry.apache.org/ODdiOWU0ZDQtZWZjYy00NjA5LWFkYTAtYWRmY2FiNzFhODc3-87b9e4d4-efcc-4609-ada0-adfcab71a877] Object was created but could not be found in the DRC.
[http://chemistry.apache.org/MDg4NTZlMWYtMzVhYi00YTQwLTljZGYtN2Y0MTJiOTNlMmVkOzEuMA==-08856e1f-35ab-4a40-9cdf-7f412b93e2ed] Object was created but could not be found in the DRC.
[http://chemistry.apache.org/MDg4NTZlMWYtMzVhYi00YTQwLTljZGYtN2Y0MTJiOTNlMmVkOzEuMA==-08856e1f-35ab-4a40-9cdf-7f412b93e2ed] Object was updated but could not be found in the DRC.
[http://chemistry.apache.org/ODdiOWU0ZDQtZWZjYy00NjA5LWFkYTAtYWRmY2FiNzFhODc3-87b9e4d4-efcc-4609-ada0-adfcab71a877] Object was deleted but could not be found in the ZRC.
[http://chemistry.apache.org/MDA2YjAzMTEtOGEwOC00NjRiLWIxMjgtNmE0M2ZkMzg3ZThj-006b0311-8a08-464b-b128-6a43fd387e8c] Object was deleted but could not be found in the ZRC.
[http://chemistry.apache.org/OTg5OWVjMmUtNTZkZi00NmIzLWI0Y2MtMTdjYjQ5MTU4Nzc0OzEuMA==-9899ec2e-56df-46b3-b4cc-17cb49158774] Object was created but could not be found in the DRC.
[http://chemistry.apache.org/OTg5OWVjMmUtNTZkZi00NmIzLWI0Y2MtMTdjYjQ5MTU4Nzc0OzEuMA==-9899ec2e-56df-46b3-b4cc-17cb49158774] Object was updated but could not be found in the DRC.
[http://chemistry.apache.org/OTdiZDhjZGEtNGY4OC00N2NlLWIxOGMtY2Y4ZmI2NWNmYWZk-97bd8cda-4f88-47ce-b18c-cf8fb65cfafd] Object was created but could not be found in the DRC.
[http://chemistry.apache.org/ZjNkYmUzYzgtMGNhYy00ZmJmLTg1YzQtYTVmNDc3MTM0NzFj-f3dbe3c8-0cac-4fbf-85c4-a5f47713471c] Object was created but could not be found in the DRC.
[http://chemistry.apache.org/MjY5ODJkOTYtOWMwNC00ZDA5LTljYjctZTRiODQ4NWY5ZGY3OzEuMA==-26982d96-9c04-4d09-9cb7-e4b8485f9df7] Object was created but could not be found in the DRC.
[http://chemistry.apache.org/MjY5ODJkOTYtOWMwNC00ZDA5LTljYjctZTRiODQ4NWY5ZGY3OzEuMA==-26982d96-9c04-4d09-9cb7-e4b8485f9df7] Object was updated but could not be found in the DRC.
[http://chemistry.apache.org/MGIxMDkzNmUtNTBkMi00OTcyLTkzNTktZmNmYTA4NWNhN2M0OzEuMA==-0b10936e-50d2-4972-9359-fcfa085ca7c4] Object was created but could not be found in the DRC.
[http://chemistry.apache.org/MGIxMDkzNmUtNTBkMi00OTcyLTkzNTktZmNmYTA4NWNhN2M0OzEuMA==-0b10936e-50d2-4972-9359-fcfa085ca7c4] Object was updated but could not be found in the DRC.
[http://chemistry.apache.org/ZjNkYmUzYzgtMGNhYy00ZmJmLTg1YzQtYTVmNDc3MTM0NzFj-f3dbe3c8-0cac-4fbf-85c4-a5f47713471c] Object was deleted but could not be found in the ZRC.
[http://chemistry.apache.org/OTdiZDhjZGEtNGY4OC00N2NlLWIxOGMtY2Y4ZmI2NWNmYWZk-97bd8cda-4f88-47ce-b18c-cf8fb65cfafd] Object was deleted but could not be found in the ZRC.
[http://chemistry.apache.org/YmY2ODRjZDktMzc2Ni00M2JhLTg1YzktYWYwM2NjNDVmZmU5-bf684cd9-3766-43ba-85c9-af03cc45ffe9] Object was created but could not be found in the DRC.
[http://chemistry.apache.org/ZTNiNmI4ZDgtYzZlYS00ZDZkLWFiZDQtNjM0Nzk1ZTdiNTU0-e3b6b8d8-c6ea-4d6d-abd4-634795e7b554] Object was created but could not be found in the DRC.
[http://chemistry.apache.org/ZDEwMzk3NmYtYjM4NS00NWVjLTg4ZTEtMDRhZDlkMTA3MmI2OzEuMA==-d103976f-b385-45ec-88e1-04ad9d1072b6] Object was created but could not be found in the DRC.
[http://chemistry.apache.org/ZDEwMzk3NmYtYjM4NS00NWVjLTg4ZTEtMDRhZDlkMTA3MmI2OzEuMA==-d103976f-b385-45ec-88e1-04ad9d1072b6] Object was updated but could not be found in the DRC.
[http://chemistry.apache.org/ZmMyZjlkMjYtOWE0ZS00YWVjLWI5YjUtZjk1ZGUzZTFiZGY5OzEuMA==-fc2f9d26-9a4e-4aec-b9b5-f95de3e1bdf9] Object was created but could not be found in the DRC.
[http://chemistry.apache.org/ZmMyZjlkMjYtOWE0ZS00YWVjLWI5YjUtZjk1ZGUzZTFiZGY5OzEuMA==-fc2f9d26-9a4e-4aec-b9b5-f95de3e1bdf9] Object was updated but could not be found in the DRC.
[http://chemistry.apache.org/ZTNiNmI4ZDgtYzZlYS00ZDZkLWFiZDQtNjM0Nzk1ZTdiNTU0-e3b6b8d8-c6ea-4d6d-abd4-634795e7b554] Object was deleted but could not be found in the ZRC.
[http://chemistry.apache.org/YmY2ODRjZDktMzc2Ni00M2JhLTg1YzktYWYwM2NjNDVmZmU5-bf684cd9-3766-43ba-85c9-af03cc45ffe9] Object was deleted but could not be found in the ZRC.
[http://chemistry.apache.org/YzE3MjUxY2MtZjc2MS00NGMzLWEzOTEtY2EyYTA0MDgxZDM0-c17251cc-f761-44c3-a391-ca2a04081d34] Object was created but could not be found in the DRC.
[http://chemistry.apache.org/NDk3ZWU4YmItMWRhNi00YjEwLTk4ODctNGJkNTkwNGNhZmQ0-497ee8bb-1da6-4b10-9887-4bd5904cafd4] Object was created but could not be found in the DRC.
[http://chemistry.apache.org/NjAxZGI5NGQtNTU1Zi00ZjI1LTkwNDktMGFkZmM2NzYwNzkxOzEuMA==-601db94d-555f-4f25-9049-0adfc6760791] Object was created but could not be found in the DRC.
[http://chemistry.apache.org/NjAxZGI5NGQtNTU1Zi00ZjI1LTkwNDktMGFkZmM2NzYwNzkxOzEuMA==-601db94d-555f-4f25-9049-0adfc6760791] Object was updated but could not be found in the DRC.
[http://chemistry.apache.org/Y2JkNTJlMTktYjk0Yy00NzcxLWJlYTAtYTgyMTVlMjQwZDFiOzEuMA==-cbd52e19-b94c-4771-bea0-a8215e240d1b] Object was created but could not be found in the DRC.
[http://chemistry.apache.org/Y2JkNTJlMTktYjk0Yy00NzcxLWJlYTAtYTgyMTVlMjQwZDFiOzEuMA==-cbd52e19-b94c-4771-bea0-a8215e240d1b] Object was updated but could not be found in the DRC.
[http://chemistry.apache.org/NDk3ZWU4YmItMWRhNi00YjEwLTk4ODctNGJkNTkwNGNhZmQ0-497ee8bb-1da6-4b10-9887-4bd5904cafd4] Object was deleted but could not be found in the ZRC.
[http://chemistry.apache.org/YzE3MjUxY2MtZjc2MS00NGMzLWEzOTEtY2EyYTA0MDgxZDM0-c17251cc-f761-44c3-a391-ca2a04081d34] Object was deleted but could not be found in the ZRC.
[http://chemistry.apache.org/ZTM0OTZiNjYtZWM0My00NTQ0LTg0MGEtZjA5N2NkZWFmZjcw-e3496b66-ec43-4544-840a-f097cdeaff70] Object was created but could not be found in the DRC.
[http://chemistry.apache.org/YjgyMDJmNzEtMjZlOS00ODM4LThkODMtN2ViZmRlNDY4ZDIy-b8202f71-26e9-4838-8d83-7ebfde468d22] Object was created but could not be found in the DRC.
[http://chemistry.apache.org/ODRlYTVhNjQtNzhiZC00NDFlLTk2OWUtNGEwYjQzNzk4MTIyOzEuMA==-84ea5a64-78bd-441e-969e-4a0b43798122] Object was created but could not be found in the DRC.
[http://chemistry.apache.org/ODRlYTVhNjQtNzhiZC00NDFlLTk2OWUtNGEwYjQzNzk4MTIyOzEuMA==-84ea5a64-78bd-441e-969e-4a0b43798122] Object was updated but could not be found in the DRC.
[http://chemistry.apache.org/YjgyMDJmNzEtMjZlOS00ODM4LThkODMtN2ViZmRlNDY4ZDIy-b8202f71-26e9-4838-8d83-7ebfde468d22] Object was deleted but could not be found in the ZRC.
[http://chemistry.apache.org/ZTM0OTZiNjYtZWM0My00NTQ0LTg0MGEtZjA5N2NkZWFmZjcw-e3496b66-ec43-4544-840a-f097cdeaff70] Object was deleted but could not be found in the ZRC.
[http://chemistry.apache.org/N2RmM2M2ZjktZTYzZC00ZmE0LTlmZmMtNWQ1Mjc3ZTllNGI0OzEuMA==-7df3c6f9-e63d-4fa4-9ffc-5d5277e9e4b4] Object was created but could not be found in the DRC.
[http://chemistry.apache.org/N2RmM2M2ZjktZTYzZC00ZmE0LTlmZmMtNWQ1Mjc3ZTllNGI0OzEuMA==-7df3c6f9-e63d-4fa4-9ffc-5d5277e9e4b4] Object was updated but could not be found in the DRC.
[http://chemistry.apache.org/MWUyN2E4NTAtOGYwNi00NWFlLTgzYmMtNGFlMmQ2ZDczZjQ4-1e27a850-8f06-45ae-83bc-4ae2d6d73f48] Object was created but could not be found in the DRC.
[http://chemistry.apache.org/NzBmOWZmNmEtZWU1ZS00NDJjLWJiMWUtNGZkM2NhZTU5MDc3-70f9ff6a-ee5e-442c-bb1e-4fd3cae59077] Object was created but could not be found in the DRC.
[http://chemistry.apache.org/MDE3NTVhZWItYThiNS00YTNjLTkzMGYtNWUyZDI4NjlmM2ZlOzEuMA==-01755aeb-a8b5-4a3c-930f-5e2d2869f3fe] Object was created but could not be found in the DRC.
[http://chemistry.apache.org/MDE3NTVhZWItYThiNS00YTNjLTkzMGYtNWUyZDI4NjlmM2ZlOzEuMA==-01755aeb-a8b5-4a3c-930f-5e2d2869f3fe] Object was updated but could not be found in the DRC.
[http://chemistry.apache.org/YjdmY2ZhZjUtNWU3OC00NmU5LTg4NDQtZTQ5ZjVmODVmYjQ4OzEuMA==-b7fcfaf5-5e78-46e9-8844-e49f5f85fb48] Object was created but could not be found in the DRC.
[http://chemistry.apache.org/YjdmY2ZhZjUtNWU3OC00NmU5LTg4NDQtZTQ5ZjVmODVmYjQ4OzEuMA==-b7fcfaf5-5e78-46e9-8844-e49f5f85fb48] Object was updated but could not be found in the DRC.
[http://chemistry.apache.org/NzBmOWZmNmEtZWU1ZS00NDJjLWJiMWUtNGZkM2NhZTU5MDc3-70f9ff6a-ee5e-442c-bb1e-4fd3cae59077] Object was deleted but could not be found in the ZRC.
[http://chemistry.apache.org/MWUyN2E4NTAtOGYwNi00NWFlLTgzYmMtNGFlMmQ2ZDczZjQ4-1e27a850-8f06-45ae-83bc-4ae2d6d73f48] Object was deleted but could not be found in the ZRC.
[http://chemistry.apache.org/ZmVlMzQ0ZTItZDE2Mi00NTQ0LTgyZGQtNGM4NTZmNDgwNWYz-fee344e2-d162-4544-82dd-4c856f4805f3] Object was created but could not be found in the DRC.
[http://chemistry.apache.org/ODQ4MWI5ZWEtODBjZS00ODU4LWEwMGMtZDI4M2VkM2EzM2Zk-8481b9ea-80ce-4858-a00c-d283ed3a33fd] Object was created but could not be found in the DRC.
[http://chemistry.apache.org/ODQ4MWI5ZWEtODBjZS00ODU4LWEwMGMtZDI4M2VkM2EzM2Zk-8481b9ea-80ce-4858-a00c-d283ed3a33fd] Object was deleted but could not be found in the ZRC.
[http://chemistry.apache.org/ZmVlMzQ0ZTItZDE2Mi00NTQ0LTgyZGQtNGM4NTZmNDgwNWYz-fee344e2-d162-4544-82dd-4c856f4805f3] Object was deleted but could not be found in the ZRC.
[http://chemistry.apache.org/NWQwY2M5ZjItNWZiOS00N2M4LTlmMjMtOWVhYzRjNGFiYTNl-5d0cc9f2-5fb9-47c8-9f23-9eac4c4aba3e] Object was created but could not be found in the DRC.
[http://chemistry.apache.org/MTg3OGZhZTEtNjZkMS00OTc2LWJkODQtNzE2NTcwYTdiOWYy-1878fae1-66d1-4976-bd84-716570a7b9f2] Object was created but could not be found in the DRC.
[http://chemistry.apache.org/OTkyM2NkNzAtMDhhNS00MWMwLWJjNjctNWFiNGYxMTRhZGQ3OzEuMA==-9923cd70-08a5-41c0-bc67-5ab4f114add7] Object was created but could not be found in the DRC.
[http://chemistry.apache.org/OTkyM2NkNzAtMDhhNS00MWMwLWJjNjctNWFiNGYxMTRhZGQ3OzEuMA==-9923cd70-08a5-41c0-bc67-5ab4f114add7] Object was updated but could not be found in the DRC.
[http://chemistry.apache.org/ZjdmMmE0OTQtOWExYS00NmI0LWE3MDAtY2VhMzBlZmNhYWVmOzEuMA==-f7f2a494-9a1a-46b4-a700-cea30efcaaef] Object was created but could not be found in the DRC.
[http://chemistry.apache.org/ZjdmMmE0OTQtOWExYS00NmI0LWE3MDAtY2VhMzBlZmNhYWVmOzEuMA==-f7f2a494-9a1a-46b4-a700-cea30efcaaef] Object was updated but could not be found in the DRC.
[http://chemistry.apache.org/MTg3OGZhZTEtNjZkMS00OTc2LWJkODQtNzE2NTcwYTdiOWYy-1878fae1-66d1-4976-bd84-716570a7b9f2] Object was deleted but could not be found in the ZRC.
[http://chemistry.apache.org/NWQwY2M5ZjItNWZiOS00N2M4LTlmMjMtOWVhYzRjNGFiYTNl-5d0cc9f2-5fb9-47c8-9f23-9eac4c4aba3e] Object was deleted but could not be found in the ZRC.
[http://chemistry.apache.org/NzYzODQyOWQtNzdlMS00NzMwLTgxM2MtNzZlMjJkNWYxMWE0-7638429d-77e1-4730-813c-76e22d5f11a4] Object was created but could not be found in the DRC.
[http://chemistry.apache.org/Mjc2MzcxOWQtMzRmYi00ZGFkLWJlN2UtNzI0YzM4N2JmMWFk-2763719d-34fb-4dad-be7e-724c387bf1ad] Object was created but could not be found in the DRC.
[http://chemistry.apache.org/MDgzYmIyZjMtNDAxNy00ODJjLTlmYzUtMzljOTY4MmQzN2NjOzEuMA==-083bb2f3-4017-482c-9fc5-39c9682d37cc] Object was created but could not be found in the DRC.
[http://chemistry.apache.org/MDgzYmIyZjMtNDAxNy00ODJjLTlmYzUtMzljOTY4MmQzN2NjOzEuMA==-083bb2f3-4017-482c-9fc5-39c9682d37cc] Object was updated but could not be found in the DRC.
[http://chemistry.apache.org/Mjc2MzcxOWQtMzRmYi00ZGFkLWJlN2UtNzI0YzM4N2JmMWFk-2763719d-34fb-4dad-be7e-724c387bf1ad] Object was deleted but could not be found in the ZRC.
[http://chemistry.apache.org/NzYzODQyOWQtNzdlMS00NzMwLTgxM2MtNzZlMjJkNWYxMWE0-7638429d-77e1-4730-813c-76e22d5f11a4] Object was deleted but could not be found in the ZRC.
[http://chemistry.apache.org/NGJiMjFkODItYjQyMS00ZmY4LWE3MDYtNmUxMTljNmJmNGZkOzEuMA==-4bb21d82-b421-4ff8-a706-6e119c6bf4fd] Object was created but could not be found in the DRC.
[http://chemistry.apache.org/NGJiMjFkODItYjQyMS00ZmY4LWE3MDYtNmUxMTljNmJmNGZkOzEuMA==-4bb21d82-b421-4ff8-a706-6e119c6bf4fd] Object was updated but could not be found in the DRC.
[http://chemistry.apache.org/NWRmNmIxZTQtMzFiZi00Njk5LWJjNWUtMWFjZmQyZDc3ZjQ3-5df6b1e4-31bf-4699-bc5e-1acfd2d77f47] Object was created but could not be found in the DRC.
[http://chemistry.apache.org/NDI0NTk1NDEtNGVhYi00OWNjLWJkZTgtYmQ4MmJhZWUyMjRj-42459541-4eab-49cc-bde8-bd82baee224c] Object was created but could not be found in the DRC.
[http://chemistry.apache.org/NTY1MzA4MzctZGQ5YS00ZjM4LTllMTktNTE3MmU4NDY2NGY2OzEuMA==-56530837-dd9a-4f38-9e19-5172e84664f6] Object was created but could not be found in the DRC.
[http://chemistry.apache.org/NTY1MzA4MzctZGQ5YS00ZjM4LTllMTktNTE3MmU4NDY2NGY2OzEuMA==-56530837-dd9a-4f38-9e19-5172e84664f6] Object was updated but could not be found in the DRC.
[http://chemistry.apache.org/ZGQ4OTg3MWUtYWE3Ni00MjgyLWEyZjctNDA5MThlYzdmNjk0OzEuMA==-dd89871e-aa76-4282-a2f7-40918ec7f694] Object was created but could not be found in the DRC.
[http://chemistry.apache.org/ZGQ4OTg3MWUtYWE3Ni00MjgyLWEyZjctNDA5MThlYzdmNjk0OzEuMA==-dd89871e-aa76-4282-a2f7-40918ec7f694] Object was updated but could not be found in the DRC.
[http://chemistry.apache.org/ZGQ4OTg3MWUtYWE3Ni00MjgyLWEyZjctNDA5MThlYzdmNjk0OzEuMQ==-dd89871e-aa76-4282-a2f7-40918ec7f694] Object was deleted but could not be found in the ZRC.
[http://chemistry.apache.org/NDI0NTk1NDEtNGVhYi00OWNjLWJkZTgtYmQ4MmJhZWUyMjRj-42459541-4eab-49cc-bde8-bd82baee224c] Object was deleted but could not be found in the ZRC.
[http://chemistry.apache.org/NWRmNmIxZTQtMzFiZi00Njk5LWJjNWUtMWFjZmQyZDc3ZjQ3-5df6b1e4-31bf-4699-bc5e-1acfd2d77f47] Object was deleted but could not be found in the ZRC.
[http://chemistry.apache.org/YTE1N2QzYTgtOGQ1OS00YzMwLWIxMDQtM2EyYTA1YWQ2NmZl-a157d3a8-8d59-4c30-b104-3a2a05ad66fe] Object was created but could not be found in the DRC.
[http://chemistry.apache.org/MWVkNzgzOTMtNjgzNC00NTQ2LWFmNTctZjgwYmY3YjRjZmZl-1ed78393-6834-4546-af57-f80bf7b4cffe] Object was created but could not be found in the DRC.
[http://chemistry.apache.org/MWVkNzgzOTMtNjgzNC00NTQ2LWFmNTctZjgwYmY3YjRjZmZl-1ed78393-6834-4546-af57-f80bf7b4cffe] Object was deleted but could not be found in the ZRC.
[http://chemistry.apache.org/YTE1N2QzYTgtOGQ1OS00YzMwLWIxMDQtM2EyYTA1YWQ2NmZl-a157d3a8-8d59-4c30-b104-3a2a05ad66fe] Object was deleted but could not be found in the ZRC.
[http://chemistry.apache.org/NzQzZWI5MjUtMjQ5My00NDI3LTk5YjItZjNkYmFhYjAxN2Q4-743eb925-2493-4427-99b2-f3dbaab017d8] Object was created but could not be found in the DRC.
[http://chemistry.apache.org/ZjJhYTRhMjUtZDI3Yy00NzAyLWI0MmMtOTgyNDhlMDgwYzYx-f2aa4a25-d27c-4702-b42c-98248e080c61] Object was created but could not be found in the DRC.
[http://chemistry.apache.org/ZjJhYTRhMjUtZDI3Yy00NzAyLWI0MmMtOTgyNDhlMDgwYzYx-f2aa4a25-d27c-4702-b42c-98248e080c61] Object was deleted but could not be found in the ZRC.
[http://chemistry.apache.org/NzQzZWI5MjUtMjQ5My00NDI3LTk5YjItZjNkYmFhYjAxN2Q4-743eb925-2493-4427-99b2-f3dbaab017d8] Object was deleted but could not be found in the ZRC.
[http://chemistry.apache.org/OTcyN2UxNGEtOTdiMS00YWQwLWIyZWMtMTNmYzFhNGQ4ZTJh-9727e14a-97b1-4ad0-b2ec-13fc1a4d8e2a] Object was created but could not be found in the DRC.
[http://chemistry.apache.org/NzlkMzE1YTktOGVkOS00ZDZmLWE3MDYtNTU0NGVjN2ZmZWQ0-79d315a9-8ed9-4d6f-a706-5544ec7ffed4] Object was created but could not be found in the DRC.
[http://chemistry.apache.org/NzE3ZDBkZGMtOTRjNi00ZDc1LWEwODUtNzYyZTk3MzlkZjJiOzEuMA==-717d0ddc-94c6-4d75-a085-762e9739df2b] Object was created but could not be found in the DRC.
[http://chemistry.apache.org/NzE3ZDBkZGMtOTRjNi00ZDc1LWEwODUtNzYyZTk3MzlkZjJiOzEuMA==-717d0ddc-94c6-4d75-a085-762e9739df2b] Object was updated but could not be found in the DRC.
[http://chemistry.apache.org/ZmZhYTI4YTMtYTAzMS00OWQwLTgxYTQtOWU5ZGMzMjgyNTQ5OzEuMA==-ffaa28a3-a031-49d0-81a4-9e9dc3282549] Object was created but could not be found in the DRC.
[http://chemistry.apache.org/ZmZhYTI4YTMtYTAzMS00OWQwLTgxYTQtOWU5ZGMzMjgyNTQ5OzEuMA==-ffaa28a3-a031-49d0-81a4-9e9dc3282549] Object was updated but could not be found in the DRC.
[http://chemistry.apache.org/ZmZhYTI4YTMtYTAzMS00OWQwLTgxYTQtOWU5ZGMzMjgyNTQ5OzEuMQ==-ffaa28a3-a031-49d0-81a4-9e9dc3282549] Object was deleted but could not be found in the ZRC.
[http://chemistry.apache.org/NzlkMzE1YTktOGVkOS00ZDZmLWE3MDYtNTU0NGVjN2ZmZWQ0-79d315a9-8ed9-4d6f-a706-5544ec7ffed4] Object was deleted but could not be found in the ZRC.
[http://chemistry.apache.org/OTcyN2UxNGEtOTdiMS00YWQwLWIyZWMtMTNmYzFhNGQ4ZTJh-9727e14a-97b1-4ad0-b2ec-13fc1a4d8e2a] Object was deleted but could not be found in the ZRC.
[http://chemistry.apache.org/MGE5YjlhOWQtOWIwYi00NDViLTg4NjItMGY2NTA3NTg5Yzcw-0a9b9a9d-9b0b-445b-8862-0f6507589c70] Object was created but could not be found in the DRC.
[http://chemistry.apache.org/YjQ0MDg4ZjYtYWVhYy00NzhkLTk1NjMtOTcxNzYzOTAzMWZh-b44088f6-aeac-478d-9563-9717639031fa] Object was created but could not be found in the DRC.
[http://chemistry.apache.org/MDA0YjI2NDItNTZkZi00Y2U5LWEzMDktNTU2OTE4NDM2ODYwOzEuMA==-004b2642-56df-4ce9-a309-556918436860] Object was created but could not be found in the DRC.
[http://chemistry.apache.org/MDA0YjI2NDItNTZkZi00Y2U5LWEzMDktNTU2OTE4NDM2ODYwOzEuMA==-004b2642-56df-4ce9-a309-556918436860] Object was updated but could not be found in the DRC.
[http://chemistry.apache.org/YTgyZGEwMDEtYjUxZC00YmI5LTkwM2UtZmFjZDI5ZmZiMzQxOzEuMA==-a82da001-b51d-4bb9-903e-facd29ffb341] Object was created but could not be found in the DRC.
[http://chemistry.apache.org/YTgyZGEwMDEtYjUxZC00YmI5LTkwM2UtZmFjZDI5ZmZiMzQxOzEuMA==-a82da001-b51d-4bb9-903e-facd29ffb341] Object was updated but could not be found in the DRC.
[http://chemistry.apache.org/YTgyZGEwMDEtYjUxZC00YmI5LTkwM2UtZmFjZDI5ZmZiMzQxOzEuMQ==-a82da001-b51d-4bb9-903e-facd29ffb341] Object was deleted but could not be found in the ZRC.
[http://chemistry.apache.org/ZmIyN2VmZDctZDY0Zi00Y2JkLTkwZWUtMzAxNzViNGM5MjFmOzEuMA==-fb27efd7-d64f-4cbd-90ee-30175b4c921f] Object was deleted but could not be found in the ZRC.
[http://chemistry.apache.org/OWI0YmY2YTMtZmNiMy00NWRmLWI1ZWEtZjZlYWFlMmYwMGJiOzEuMA==-9b4bf6a3-fcb3-45df-b5ea-f6eaae2f00bb] Object was deleted but could not be found in the ZRC.
[http://chemistry.apache.org/MWJlYWM5MjgtYzNhOS00MzE5LWJkZGYtOGIxNDg0NzMyZjA3OzEuMA==-1beac928-c3a9-4319-bddf-8b1484732f07] Object was deleted but could not be found in the ZRC.
[http://chemistry.apache.org/ODBiY2JhOTUtNDczMC00Y2E4LTkxZTQtN2Q1YjI4MjJlMzVmOzEuMQ==-80bcba95-4730-4ca8-91e4-7d5b2822e35f] Object was deleted but could not be found in the ZRC.
[http://chemistry.apache.org/ODkwYjZiNmItNDM4MS00YTg3LTk0NDMtOTI1OWIwYTIyZmI1OzEuMQ==-890b6b6b-4381-4a87-9443-9259b0a22fb5] Object was deleted but could not be found in the ZRC.
[http://chemistry.apache.org/MmZlZTliNmEtMWI5Ni00YWRhLThmMGQtMDY4NjIzZTliOWYwOzEuMA==-2fee9b6a-1b96-4ada-8f0d-068623e9b9f0] Object was deleted but could not be found in the ZRC.
[http://chemistry.apache.org/MjNhNDVkMmQtZDVjMy00YjhiLWE5YWQtZTVlNjc4YzI4YjUxOzEuMQ==-23a45d2d-d5c3-4b8b-a9ad-e5e678c28b51] Object was deleted but could not be found in the ZRC.
[http://chemistry.apache.org/ZDkwOTAzYTktMGE4ZS00OGZhLWEyZDAtZTQwMzg2MjYxMTcyOzEuMQ==-d90903a9-0a8e-48fa-a2d0-e40386261172] Object was deleted but could not be found in the ZRC.
[http://chemistry.apache.org/MDdlMjAxYTgtN2E3ZS00NTFlLTlmZWUtODA3ZGMwNmZkMDc3OzEuMQ==-07e201a8-7a7e-451e-9fee-807dc06fd077] Object was deleted but could not be found in the ZRC.
[http://chemistry.apache.org/MjhkZWQ1OTgtNmI5Ny00MGIyLWI3ZDktZTNhNDZhMDIwZTRlOzEuMQ==-28ded598-6b97-40b2-b7d9-e3a46a020e4e] Object was deleted but could not be found in the ZRC.
[http://chemistry.apache.org/YjYzMjc3MGQtZDVhMy00ZTEzLTk4NTAtYTMyMDhkNDkwNmJhOzEuMQ==-b632770d-d5a3-4e13-9850-a3208d4906ba] Object was deleted but could not be found in the ZRC.
[http://chemistry.apache.org/MDI1YmI0MDMtMzBmNi00YzZmLTk0MDEtOWQzODBhNDMyYThmOzEuMQ==-025bb403-30f6-4c6f-9401-9d380a432a8f] Object was deleted but could not be found in the ZRC.
[http://chemistry.apache.org/MThkN2M2MjctYTBhMC00MDc5LTg0NDctZTI0OTRlZDNlNThkOzEuMQ==-18d7c627-a0a0-4079-8447-e2494ed3e58d] Object was deleted but could not be found in the ZRC.
[http://chemistry.apache.org/NWViZDkxNjMtYWY5Ny00OTg2LWJjZmMtMzdmMDkwZWU2NTFhOzEuMQ==-5ebd9163-af97-4986-bcfc-37f090ee651a] Object was deleted but could not be found in the ZRC.
[http://chemistry.apache.org/ZTcyMDJiMTktOWI4ZS00ZTViLWFhNTAtOTcwYjQzZjJiODg4OzEuMQ==-e7202b19-9b8e-4e5b-aa50-970b43f2b888] Object was deleted but could not be found in the ZRC.
[http://chemistry.apache.org/ZmExOTM3YjMtOTA4Ni00N2IxLWE2NjYtMmZlNjczZTk5MGE1OzEuMQ==-fa1937b3-9086-47b1-a666-2fe673e990a5] Object was deleted but could not be found in the ZRC.
[http://chemistry.apache.org/NzkyNTkxNjYtODIxYy00MmUyLWE4Y2ItNTQzNTE4NjU4ZThlOzEuMA==-79259166-821c-42e2-a8cb-543518658e8e] Object was deleted but could not be found in the ZRC.
[http://chemistry.apache.org/OGVlZjcxMTMtZjE1Yi00NjE1LTg0ZGQtZjI1OTQ1NTJhYWE4OzEuMQ==-8eef7113-f15b-4615-84dd-f2594552aaa8] Object was deleted but could not be found in the ZRC.
[http://chemistry.apache.org/NGRkMDkyMTMtYjMwMi00MWMxLThmZjMtNmMwNTQyNTEzNDQ3OzEuMA==-4dd09213-b302-41c1-8ff3-6c0542513447] Object was deleted but could not be found in the ZRC.
[http://chemistry.apache.org/MWI2YTA1ZGEtOGFiNS00ZmM4LWI2ODctY2FjYzUyZWFmMTE0OzEuMQ==-1b6a05da-8ab5-4fc8-b687-cacc52eaf114] Object was deleted but could not be found in the ZRC.
[http://chemistry.apache.org/ZWE4ZWYwOWItOTVmZC00MDEwLTgyZGEtYjE2ODk4MDcwYmZmOzEuMQ==-ea8ef09b-95fd-4010-82da-b16898070bff] Object was deleted but could not be found in the ZRC.
[http://chemistry.apache.org/NDZhNDlhM2MtYTEyNS00ODEyLTg5M2UtNGQwOGY2ZjRkYTEzOzEuMA==-46a49a3c-a125-4812-893e-4d08f6f4da13] Object was deleted but could not be found in the ZRC.
[http://chemistry.apache.org/YjRmZGVjN2YtMTUzOC00NDg5LTkxNzQtZWM0YmIxYWVlYjJiOzEuMA==-b4fdec7f-1538-4489-9174-ec4bb1aeeb2b] Object was deleted but could not be found in the ZRC.
[http://chemistry.apache.org/YmY0Yzc3ZTctOTQ1MS00ZGM1LThhYmMtODMxODFlNWU4ZDEzOzEuMA==-bf4c77e7-9451-4dc5-8abc-83181e5e8d13] Object was deleted but could not be found in the ZRC.
[http://chemistry.apache.org/YmQyNzY4MWMtNzI2MS00MjdjLTg3ODItMGVmOWJmN2YzMWFkOzEuMA==-bd27681c-7261-427c-8782-0ef9bf7f31ad] Object was deleted but could not be found in the ZRC.
[http://chemistry.apache.org/ZjBlZjk3ZjMtNTA2NC00MWUwLTkxZDMtOWNmOTRkNjk5ZmEzOzEuMA==-f0ef97f3-5064-41e0-91d3-9cf94d699fa3] Object was deleted but could not be found in the ZRC.
[http://chemistry.apache.org/NDVhZDNkNjQtOTZmYi00MTllLTgxODUtMTliOTczYTk2ZDM2OzEuMA==-45ad3d64-96fb-419e-8185-19b973a96d36] Object was deleted but could not be found in the ZRC.
[http://chemistry.apache.org/NmUzYjhjY2YtYTc0Ni00NGEwLTliNTAtNDgyM2JkZDlkMDVkOzEuMA==-6e3b8ccf-a746-44a0-9b50-4823bdd9d05d] Object was deleted but could not be found in the ZRC.
[http://chemistry.apache.org/MTRhYWMwNjgtMzhkYS00M2Y0LThiMzYtMGNkODc5YWU1MDc3OzEuMA==-14aac068-38da-43f4-8b36-0cd879ae5077] Object was deleted but could not be found in the ZRC.
[http://chemistry.apache.org/NDY3MGUyNmEtZjgyNy00ODBhLTk2MWMtYmE1ZDBkODBkOGYxOzEuMA==-4670e26a-f827-480a-961c-ba5d0d80d8f1] Object was deleted but could not be found in the ZRC.
[http://chemistry.apache.org/NTZiOWM5ZTQtYzAxZS00YTU5LWJlZmYtMWY2Nzc4ZTE3MzFlOzEuMA==-56b9c9e4-c01e-4a59-beff-1f6778e1731e] Object was deleted but could not be found in the ZRC.
[http://chemistry.apache.org/ODU0YmFlZDktNDhlZS00YzEwLTllYjItZmJhZjc3ZDJkODY1OzEuMA==-854baed9-48ee-4c10-9eb2-fbaf77d2d865] Object was deleted but could not be found in the ZRC.
[http://chemistry.apache.org/MjczYjRiMDctMjFkZS00MGRlLTliZTQtYjU0ZjNlNTlhYTM4OzEuMA==-273b4b07-21de-40de-9be4-b54f3e59aa38] Object was deleted but could not be found in the ZRC.
[http://chemistry.apache.org/MzVkZDBjY2QtMmE4ZC00M2NiLWI0NTItNzBkNGVjODQ1YWUwOzEuMA==-35dd0ccd-2a8d-43cb-b452-70d4ec845ae0] Object was deleted but could not be found in the ZRC.
[http://chemistry.apache.org/N2ZiOWJkMDAtZDA4My00MzJhLWJiYWQtMDFiMDYwYmZiMTI1OzEuMA==-7fb9bd00-d083-432a-bbad-01b060bfb125] Object was deleted but could not be found in the ZRC.
[http://chemistry.apache.org/NWJkNTA3ODktYzIxNy00Y2RlLWJkNTAtZDZhN2JhZTA2NDk0OzEuMA==-5bd50789-c217-4cde-bd50-d6a7bae06494] Object was deleted but could not be found in the ZRC.
[http://chemistry.apache.org/OWY2YjYyMTAtNzI3Ny00YmFlLWFiZDMtMjI4NDFjOWQ1NzRhOzEuMQ==-9f6b6210-7277-4bae-abd3-22841c9d574a] Object was deleted but could not be found in the ZRC.
[http://chemistry.apache.org/YzFkYWI1MGYtYWViMy00ZDhhLWE5NDEtZjFhZDkzYmNkNTQzOzEuMA==-c1dab50f-aeb3-4d8a-a941-f1ad93bcd543] Object was deleted but could not be found in the ZRC.
[http://chemistry.apache.org/ZTE4YWY5MDAtNzZhYS00NzExLTlhOWMtYTExNTRiZjk1OTUyOzEuMQ==-e18af900-76aa-4711-9a9c-a1154bf95952] Object was deleted but could not be found in the ZRC.
[http://chemistry.apache.org/Yzg2OGExYTItOWRkMy00OTIxLTliYTAtMDQ5ODg4YmZjNDA3OzEuMA==-c868a1a2-9dd3-4921-9ba0-049888bfc407] Object was deleted but could not be found in the ZRC.
[http://chemistry.apache.org/ODU5YzczZDktZmMxNC00MTgzLWE1N2MtMmE3M2IwYjdkY2EwOzEuMA==-859c73d9-fc14-4183-a57c-2a73b0b7dca0] Object was deleted but could not be found in the ZRC.
[http://chemistry.apache.org/N2M0YjFkMTctMjJiMy00ZmJkLTlkZDEtNzM4ZTI4MjNhZjAwOzEuMQ==-7c4b1d17-22b3-4fbd-9dd1-738e2823af00] Object was deleted but could not be found in the ZRC.
[http://chemistry.apache.org/MTBkMDFkZjUtNTJjZS00NTVkLTk2OGYtNWYyZTk5ODE3NGE1OzEuMA==-10d01df5-52ce-455d-968f-5f2e998174a5] Object was deleted but could not be found in the ZRC.
[http://chemistry.apache.org/OGNlZjViM2YtMDQzZi00YjI5LTkzMzUtYTkxZjU4Njg5YTBiOzEuMA==-8cef5b3f-043f-4b29-9335-a91f58689a0b] Object was deleted but could not be found in the ZRC.
[http://chemistry.apache.org/NGY4ZDQ4ZjMtZjg1Yy00NWEwLTk4MjUtYzRjOGNiY2FlOWNiOzEuMA==-4f8d48f3-f85c-45a0-9825-c4c8cbcae9cb] Object was deleted but could not be found in the ZRC.
[http://chemistry.apache.org/YThkNTFkZTItYTJiNC00MmIzLWE3NzEtOTk4N2UyYWRjNjg0OzEuMA==-a8d51de2-a2b4-42b3-a771-9987e2adc684] Object was deleted but could not be found in the ZRC.
[http://chemistry.apache.org/Njc4ZGViNmMtMjI4MC00NTMyLTg0NGMtZDQ3ODQ4MDI3ZGVhOzEuMA==-678deb6c-2280-4532-844c-d47848027dea] Object was deleted but could not be found in the ZRC.
[http://chemistry.apache.org/ZjQ2NTFmYTItZjk1YS00ZDdlLThlNTAtY2U2YTg3NWFkNzFjOzEuMA==-f4651fa2-f95a-4d7e-8e50-ce6a875ad71c] Object was deleted but could not be found in the ZRC.
[http://chemistry.apache.org/YjMxMmIxNjYtZTRkZi00Yzg5LTk2ODgtYTZiNTc0YzZiMTZmOzEuMA==-b312b166-e4df-4c89-9688-a6b574c6b16f] Object was deleted but could not be found in the ZRC.
[http://chemistry.apache.org/NGM4MTcwNmQtYzdiNy00MzcxLWE2MDMtMDIwMjIxZTU5YzRlOzEuMA==-4c81706d-c7b7-4371-a603-020221e59c4e] Object was deleted but could not be found in the ZRC.
[http://chemistry.apache.org/ZGM0YjI2M2YtMTllNi00M2VkLWFlOGQtYTZkZmZiZWIzN2IxOzEuMA==-dc4b263f-19e6-43ed-ae8d-a6dffbeb37b1] Object was deleted but could not be found in the ZRC.
[http://chemistry.apache.org/ZGRkZTg1ODAtNjlkMC00ZjZiLWE4YTUtMTY2MzExYzliMWFkOzEuMQ==-ddde8580-69d0-4f6b-a8a5-166311c9b1ad] Object was deleted but could not be found in the ZRC.
[http://chemistry.apache.org/ODE5ZDcwYTAtM2VjOC00ZmU5LWFmZGYtZGY2YWM4NGQ2NzA5OzEuMA==-819d70a0-3ec8-4fe9-afdf-df6ac84d6709] Object was deleted but could not be found in the ZRC.
[http://chemistry.apache.org/M2M2NDI2MDMtOTFiOS00N2FjLWI0MTItOTg1YTMyNzE5ZTM0OzEuMA==-3c642603-91b9-47ac-b412-985a32719e34] Object was deleted but could not be found in the ZRC.
[http://chemistry.apache.org/M2VkZmYxYmQtMGQ5OC00MDM5LWIzM2MtYWY1NjQ5MzNhOTFjOzEuMA==-3edff1bd-0d98-4039-b33c-af564933a91c] Object was deleted but could not be found in the ZRC.
[http://chemistry.apache.org/N2JmZjFlMDEtY2YzMC00MDZmLWFlY2MtNTk5MTNlM2Y1MzY2OzEuMA==-7bff1e01-cf30-406f-aecc-59913e3f5366] Object was deleted but could not be found in the ZRC.
[http://chemistry.apache.org/MTczYTNjZjAtYzU4MS00Nzg5LTlmZDMtYWIwZjgyN2YwNGVmOzEuMA==-173a3cf0-c581-4789-9fd3-ab0f827f04ef] Object was deleted but could not be found in the ZRC.
[http://chemistry.apache.org/ODYyN2YyYmQtMDM2MS00MTNmLTk0NDUtMmYyZGQyZDg0OTc4OzEuMA==-8627f2bd-0361-413f-9445-2f2dd2d84978] Object was deleted but could not be found in the ZRC.
[http://chemistry.apache.org/OGNmN2Q5NTktYWRjMy00YzFkLThlNTQtNjE1MDJhNWQ1MzUxOzEuMA==-8cf7d959-adc3-4c1d-8e54-61502a5d5351] Object was deleted but could not be found in the ZRC.
[http://chemistry.apache.org/NDhhMWU3NGUtZWRkMi00Mjk3LTg3YTUtNDM3OWZmZGZmMGI0OzEuMA==-48a1e74e-edd2-4297-87a5-4379ffdff0b4] Object was deleted but could not be found in the ZRC.
[http://chemistry.apache.org/Y2JjNjgzZjQtM2FkYi00NTQ3LTgzNzUtMWZjZDhmZTlkMDhjOzEuMA==-cbc683f4-3adb-4547-8375-1fcd8fe9d08c] Object was deleted but could not be found in the ZRC.
[http://chemistry.apache.org/OWZlNTg1YzktNDEwYi00MjFiLWIwMDctZjE2NTkyYzZiZTNjOzEuMA==-9fe585c9-410b-421b-b007-f16592c6be3c] Object was deleted but could not be found in the ZRC.
[http://chemistry.apache.org/MGQzYjIzOTgtMmY4ZS00ODM5LWE0ZDctYTEwNDFhZWJiMmZmOzEuMA==-0d3b2398-2f8e-4839-a4d7-a1041aebb2ff] Object was deleted but could not be found in the ZRC.
[http://chemistry.apache.org/ZmUyZWNhZWQtNGU2OS00ZDlmLTllYWItMjI2ZTg0ZDBlYjA2OzEuMA==-fe2ecaed-4e69-4d9f-9eab-226e84d0eb06] Object was deleted but could not be found in the ZRC.
[http://chemistry.apache.org/ZDYyOWZlZGUtNzZiZi00YjdkLTlhM2EtYjY0NDE3ZThlMDYzOzEuMA==-d629fede-76bf-4b7d-9a3a-b64417e8e063] Object was deleted but could not be found in the ZRC.
[http://chemistry.apache.org/NWI0NGM0MmUtODQ0NS00OGRhLTgwYWUtMzE3N2FlZDg3NzY5OzEuMA==-5b44c42e-8445-48da-80ae-3177aed87769] Object was deleted but could not be found in the ZRC.
[http://chemistry.apache.org/OTljNDhlZDAtYTI0Zi00NmYwLTgxNDYtNmE1MDcyZDZiYzA2OzEuMA==-99c48ed0-a24f-46f0-8146-6a5072d6bc06] Object was deleted but could not be found in the ZRC.
[http://chemistry.apache.org/ZDBiMGNlODctMjM4My00OTA3LWJmMWEtZGRiMDU0ZjkwMjhlOzEuMA==-d0b0ce87-2383-4907-bf1a-ddb054f9028e] Object was deleted but could not be found in the ZRC.
[http://chemistry.apache.org/OTEwMjVhYzYtM2Q5Ny00YzAwLTkzZTUtZTEyMWNjZmQ1MDc0OzEuMA==-91025ac6-3d97-4c00-93e5-e121ccfd5074] Object was deleted but could not be found in the ZRC.
[http://chemistry.apache.org/M2RhNTY4MjYtZGFlMS00ZjNkLTlkMTItOGE5NTdiYjVlMDMxOzEuMA==-3da56826-dae1-4f3d-9d12-8a957bb5e031] Object was deleted but could not be found in the ZRC.
[http://chemistry.apache.org/M2U1OGE5NTctOTZhNy00ZWM4LThjZTQtMGM5YzI5MmUxMjllOzEuMA==-3e58a957-96a7-4ec8-8ce4-0c9c292e129e] Object was deleted but could not be found in the ZRC.
[http://chemistry.apache.org/NWM1NDAzNzItNThhZS00NDBjLThkMzUtZWJkYzYyYWZjY2NkOzEuMA==-5c540372-58ae-440c-8d35-ebdc62afcccd] Object was deleted but could not be found in the ZRC.
[http://chemistry.apache.org/MWQ1Y2ViMTYtMWQwZi00MjhkLWFmOTgtMDk3NjkyNTY1MzcyOzEuMA==-1d5ceb16-1d0f-428d-af98-097692565372] Object was deleted but could not be found in the ZRC.
[http://chemistry.apache.org/NGEwZTMzMDUtMmY1NC00M2M3LTgzNTItYTRmYzEyZWI5NTRjOzEuMA==-4a0e3305-2f54-43c7-8352-a4fc12eb954c] Object was deleted but could not be found in the ZRC.
[http://chemistry.apache.org/NjEwYzZkNjQtY2ViZC00Y2ZiLWEyZGMtMGViNWQzM2NhZmQzOzEuMQ==-610c6d64-cebd-4cfb-a2dc-0eb5d33cafd3] Object was deleted but could not be found in the ZRC.
[http://chemistry.apache.org/YTExMWQxNzUtYzJhZi00ZGNmLTgyOWItZGFhZDBjOTc1YmE2OzEuMA==-a111d175-c2af-4dcf-829b-daad0c975ba6] Object was deleted but could not be found in the ZRC.
[http://chemistry.apache.org/NWYyMmQyOGQtMjQxZC00OWJkLTk4YmItNmQ0YzRmZDU4NTNhOzEuMA==-5f22d28d-241d-49bd-98bb-6d4c4fd5853a] Object was deleted but could not be found in the ZRC.
[http://chemistry.apache.org/NGNlMWZjNGEtMDViZC00YzQ2LTliYWQtMDFmOTQ5YmU1YzYzOzEuMA==-4ce1fc4a-05bd-4c46-9bad-01f949be5c63] Object was deleted but could not be found in the ZRC.
[http://chemistry.apache.org/OTRiM2Q2YzctYWUzYy00M2YyLTk4NmMtOWZhMDZjMjVhMzE1OzEuMA==-94b3d6c7-ae3c-43f2-986c-9fa06c25a315] Object was deleted but could not be found in the ZRC.
[http://chemistry.apache.org/ZTFlZTk4YzItNGM0NS00ZDBlLThmYjEtNmE5MjdmMmE4OWU5OzEuMA==-e1ee98c2-4c45-4d0e-8fb1-6a927f2a89e9] Object was deleted but could not be found in the ZRC.
[http://chemistry.apache.org/Nzc2ODk2ODUtZTIyOC00NzVjLWEwZmUtNjFhOTg4NWZmYWNiOzEuMA==-77689685-e228-475c-a0fe-61a9885ffacb] Object was deleted but could not be found in the ZRC.
[http://chemistry.apache.org/MTg1NTYzOGMtYmNiNS00NWMwLTg3MDAtNTRhZGQ4NTI3ZGNmOzEuMA==-1855638c-bcb5-45c0-8700-54add8527dcf] Object was deleted but could not be found in the ZRC.
[http://chemistry.apache.org/NDY2ZTUyYzYtNzI5Zi00MWRhLWIxNDUtNWRmMDFhYjNiODZkOzEuMA==-466e52c6-729f-41da-b145-5df01ab3b86d] Object was deleted but could not be found in the ZRC.
[http://chemistry.apache.org/ZWNlNmQ4YTgtZjZiZi00NjEzLWIxNWEtYTExODc1ZTRhMGFjOzEuMA==-ece6d8a8-f6bf-4613-b15a-a11875e4a0ac] Object was deleted but could not be found in the ZRC.
[http://chemistry.apache.org/Zjc0NmJiMGUtMzFlYS00NDQyLTlmMTAtNTRjN2RmZTQyNzI1OzEuMA==-f746bb0e-31ea-4442-9f10-54c7dfe42725] Object was deleted but could not be found in the ZRC.
[http://chemistry.apache.org/YTUzOGFhMGEtODY3YS00NzZhLTk1ZDktYzY1YjUyNmFkMTA0OzEuMA==-a538aa0a-867a-476a-95d9-c65b526ad104] Object was deleted but could not be found in the ZRC.
[http://chemistry.apache.org/MzAyOGRjNzUtNjc5Mi00ZGNjLWIxOGQtMmM5ZmMzYjRmNjAyOzEuMA==-3028dc75-6792-4dcc-b18d-2c9fc3b4f602] Object was deleted but could not be found in the ZRC.
[http://chemistry.apache.org/MDIwYmNiNjQtNzU5MC00Mzk0LWE1YTItYzhlNTc1N2E2MzYzOzEuMA==-020bcb64-7590-4394-a5a2-c8e5757a6363] Object was deleted but could not be found in the ZRC.
[http://chemistry.apache.org/MmFiMWIyY2MtZjZiMS00OWY2LWJmYjYtMGRhZWNjMWZkMWQ1OzEuMA==-2ab1b2cc-f6b1-49f6-bfb6-0daecc1fd1d5] Object was deleted but could not be found in the ZRC.
[http://chemistry.apache.org/NzgzMGZlMTMtNWYyNS00YTI0LWFiNDMtOTNjM2QyNzdmMjA4OzEuMA==-7830fe13-5f25-4a24-ab43-93c3d277f208] Object was deleted but could not be found in the ZRC.
[http://chemistry.apache.org/ODljMDNiNTYtYmNkOS00NTQ0LTk0OWQtYWI3NDU4OWVjYjllOzEuMA==-89c03b56-bcd9-4544-949d-ab74589ecb9e] Object was deleted but could not be found in the ZRC.
[http://chemistry.apache.org/MWFmMjg0NjItYjA2ZC00NDA0LWFmYzctM2FhY2YzYjIwZmJiOzEuMA==-1af28462-b06d-4404-afc7-3aacf3b20fbb] Object was deleted but could not be found in the ZRC.
[http://chemistry.apache.org/ZTY2M2Q4YzctNzUyYS00YTY1LWE1ZDctNDlmZTA0N2MwNTBlOzEuMA==-e663d8c7-752a-4a65-a5d7-49fe047c050e] Object was deleted but could not be found in the ZRC.
[http://chemistry.apache.org/MTdjOWY3ZDUtZjU2My00NDM5LTlmMzktNzM4MDlkNjViNDNiOzEuMA==-17c9f7d5-f563-4439-9f39-73809d65b43b] Object was deleted but could not be found in the ZRC.
[http://chemistry.apache.org/YzZmMGIzMzYtNTkyZi00ZDI4LTlkMDYtZjYwYTJmOTc5YmRjOzEuMA==-c6f0b336-592f-4d28-9d06-f60a2f979bdc] Object was deleted but could not be found in the ZRC.
[http://chemistry.apache.org/OWQxYjg4ZTEtNTI4ZC00Nzc2LWE5MjUtMzI5MWMzOGYyZmExOzEuMA==-9d1b88e1-528d-4776-a925-3291c38f2fa1] Object was deleted but could not be found in the ZRC.
[http://chemistry.apache.org/ZGE3MzQxODEtYmMwNC00MmJhLWFlMmEtNjkwYTczYjIxNTM2OzEuMA==-da734181-bc04-42ba-ae2a-690a73b21536] Object was deleted but could not be found in the ZRC.
[http://chemistry.apache.org/NmZhNzA3NTktNzcyZi00NTlhLWI3MTktMDk3MzAyYzI1NjBjOzEuMQ==-6fa70759-772f-459a-b719-097302c2560c] Object was deleted but could not be found in the ZRC.
[http://chemistry.apache.org/MjBjMmYzNGMtZDNkZS00MDRkLTllNmYtMDgzZjVhMTAyZDM1OzEuMA==-20c2f34c-d3de-404d-9e6f-083f5a102d35] Object was deleted but could not be found in the ZRC.
[http://chemistry.apache.org/YmI0MjY4ZGQtYThiNi00MzY3LWI0ZTktZDk4YWUxNWMyMDdiOzEuMQ==-bb4268dd-a8b6-4367-b4e9-d98ae15c207b] Object was deleted but could not be found in the ZRC.
[http://chemistry.apache.org/NzI1ZmMxNmUtODIwMi00OGFlLTkwZDAtNjA0NDUzN2ZjYTRhOzEuMA==-725fc16e-8202-48ae-90d0-6044537fca4a] Object was deleted but could not be found in the ZRC.
[http://chemistry.apache.org/ODI2MDhkOTUtYjZlYS00ZWQyLWEwYTAtYjJkODk4ZGU2NjZhOzEuMA==-82608d95-b6ea-4ed2-a0a0-b2d898de666a] Object was deleted but could not be found in the ZRC.
[http://chemistry.apache.org/MDQ3NGI1NTQtZWJjNC00NWZmLThiMTAtNjk4Mjg0ZDJmZjllOzEuMA==-0474b554-ebc4-45ff-8b10-698284d2ff9e] Object was deleted but could not be found in the ZRC.
[http://chemistry.apache.org/ZTRkZDE3ODYtMjUzMC00ODkwLWI3ZDAtYjUyNTM2ZGMwYzI5OzEuMA==-e4dd1786-2530-4890-b7d0-b52536dc0c29] Object was deleted but could not be found in the ZRC.
[http://chemistry.apache.org/NDJiMGE3MTUtZTdmOS00OWU2LTk1YTAtMmRiNWI3YzkwNzc1OzEuMA==-42b0a715-e7f9-49e6-95a0-2db5b7c90775] Object was deleted but could not be found in the ZRC.
[http://chemistry.apache.org/Y2VjMmNiNGUtNjZiMy00NDEzLTgxMmMtYWM2NWM3ZThhMjQyOzEuMA==-cec2cb4e-66b3-4413-812c-ac65c7e8a242] Object was deleted but could not be found in the ZRC.
[http://chemistry.apache.org/ZGVlZWMzZmEtY2NkYy00Mzc1LWI0MjMtYTZlOWZiY2IxNTA2OzEuMA==-deeec3fa-ccdc-4375-b423-a6e9fbcb1506] Object was deleted but could not be found in the ZRC.
[http://chemistry.apache.org/NjBlZTUyOTItNWEyYi00OWQ1LWJlMTYtNjMzMDAwMzIzM2UyOzEuMA==-60ee5292-5a2b-49d5-be16-6330003233e2] Object was deleted but could not be found in the ZRC.
[http://chemistry.apache.org/NDI5ZjAwOGEtOTdkMy00ODQ0LTk5ZDQtYmI4YjNmNjE3OTg3OzEuMA==-429f008a-97d3-4844-99d4-bb8b3f617987] Object was deleted but could not be found in the ZRC.
[http://chemistry.apache.org/YWNhYzNkNTYtYTIwMi00YzgzLTg0NjgtMmM5NDQ0MTJlMDE3OzEuMA==-acac3d56-a202-4c83-8468-2c944412e017] Object was deleted but could not be found in the ZRC.
[http://chemistry.apache.org/NzMyMTI4MjAtNGQ2Mi00ZWUyLWE4ZTctMDgwMDY5MTA2OTRjOzEuMA==-73212820-4d62-4ee2-a8e7-08006910694c] Object was deleted but could not be found in the ZRC.
[http://chemistry.apache.org/YjYzZmUzN2YtYzM0Yi00ZjY4LTkzYTgtN2VhMGFmNzAwNTc5OzEuMA==-b63fe37f-c34b-4f68-93a8-7ea0af700579] Object was deleted but could not be found in the ZRC.
[http://chemistry.apache.org/ZWNkNmU0ZmQtYzM5Yi00ODY3LWFkMzYtMWZmM2ZhMGYwYjQyOzEuMA==-ecd6e4fd-c39b-4867-ad36-1ff3fa0f0b42] Object was deleted but could not be found in the ZRC.
[http://chemistry.apache.org/MWY5YzdhOTMtZjg4MC00ZmE0LWIxYzktZjk5OWU2Njg0MGJmOzEuMQ==-1f9c7a93-f880-4fa4-b1c9-f999e66840bf] Object was deleted but could not be found in the ZRC.
[http://chemistry.apache.org/ZjgxZGY3Y2UtNzU4Yy00ODAzLTk3NmEtNmEyMDBjNDQzN2M1OzEuMA==-f81df7ce-758c-4803-976a-6a200c4437c5] Object was deleted but could not be found in the ZRC.
[http://chemistry.apache.org/ZjQ3YjExMDgtMmMxNi00NTczLThhMDMtOGE3MGFmMmM3NDY1OzEuMQ==-f47b1108-2c16-4573-8a03-8a70af2c7465] Object was deleted but could not be found in the ZRC.
[http://chemistry.apache.org/MWY5ODlhN2ItZjk2Ni00NzZhLWFlZWMtN2RmYWQzOTI2MzRkOzEuMA==-1f989a7b-f966-476a-aeec-7dfad392634d] Object was deleted but could not be found in the ZRC.
[http://chemistry.apache.org/MjNhYzgxZjktNTNkMS00MDkyLWI0NjktMzM4MmI4ZDk4YzM1OzEuMA==-23ac81f9-53d1-4092-b469-3382b8d98c35] Object was deleted but could not be found in the ZRC.
[http://chemistry.apache.org/YjEzYTZhZjYtNGMxZS00ODllLTgzYzItOWQ0YjAwZWYwNmRiOzEuMA==-b13a6af6-4c1e-489e-83c2-9d4b00ef06db] Object was deleted but could not be found in the ZRC.
[http://chemistry.apache.org/OGM1M2I4ZDUtZTZhNC00ODU1LWI3NjctZmRlZGI1NWZjYmEzOzEuMA==-8c53b8d5-e6a4-4855-b767-fdedb55fcba3] Object was deleted but could not be found in the ZRC.
[http://chemistry.apache.org/NTQ0YzhlMDAtMWE4Mi00N2RiLTg1ZDctMTljMDYzYjU5YTcxOzEuMA==-544c8e00-1a82-47db-85d7-19c063b59a71] Object was deleted but could not be found in the ZRC.
[http://chemistry.apache.org/MDU4NTUzZGItNjI5ZS00YzQ0LTk1NTctOWE1YWU5NjljNDI0OzEuMA==-058553db-629e-4c44-9557-9a5ae969c424] Object was deleted but could not be found in the ZRC.
[http://chemistry.apache.org/MzMwNjc5NDgtODhlYy00YTE3LWEzOWYtODViMjdhMmZlZjM0OzEuMA==-33067948-88ec-4a17-a39f-85b27a2fef34] Object was deleted but could not be found in the ZRC.
[http://chemistry.apache.org/NTAzYjkwY2ItYmJlMC00ZDI4LTllYzEtNjhlMzVmM2FlNjE0OzEuMA==-503b90cb-bbe0-4d28-9ec1-68e35f3ae614] Object was deleted but could not be found in the ZRC.
[http://chemistry.apache.org/ZmViZTAwZGQtMDM4ZC00ZGI3LWEzZmUtNmMwNzBiMzU0YmE5OzEuMA==-febe00dd-038d-4db7-a3fe-6c070b354ba9] Object was deleted but could not be found in the ZRC.
[http://chemistry.apache.org/NTY2NDQyMzItNDk1YS00YmQ5LTkzMzItMGE4MWYxZmFiMjBhOzEuMA==-56644232-495a-4bd9-9332-0a81f1fab20a] Object was deleted but could not be found in the ZRC.
[http://chemistry.apache.org/NWMzMmI3ZWUtNGEwMi00MTA2LThjYjAtMDY3NTU2YTU0MWIyOzEuMA==-5c32b7ee-4a02-4106-8cb0-067556a541b2] Object was deleted but could not be found in the ZRC.
[http://chemistry.apache.org/ZjhiYWMwMDMtNGIyYS00ZmQwLWEwOGYtZmYwNTRiNmQ3OTA0OzEuMA==-f8bac003-4b2a-4fd0-a08f-ff054b6d7904] Object was deleted but could not be found in the ZRC.
[http://chemistry.apache.org/MzkzZDhiMTktZGViNy00NjgzLThhYTktY2FiOWE5ODEzODMzOzEuMA==-393d8b19-deb7-4683-8aa9-cab9a9813833] Object was deleted but could not be found in the ZRC.
[http://chemistry.apache.org/YWVmY2I5ZGUtNWFlOS00YjJlLTg0MTAtOTlhNGY5ZTU4NGY5OzEuMA==-aefcb9de-5ae9-4b2e-8410-99a4f9e584f9] Object was deleted but could not be found in the ZRC.
[http://chemistry.apache.org/NTAyYjBjODItYTY0MS00MTk5LWJlNzYtNDg4N2Q3YWJlNGZjOzEuMA==-502b0c82-a641-4199-be76-4887d7abe4fc] Object was deleted but could not be found in the ZRC.
[http://chemistry.apache.org/OTAzNDBhNGUtMTAwMi00NGQ2LWEwNjItYjNhODA5YmZiZTg2OzEuMA==-90340a4e-1002-44d6-a062-b3a809bfbe86] Object was deleted but could not be found in the ZRC.
[http://chemistry.apache.org/YmM5ZmU3N2MtYzZiMC00MDE3LTg3YTEtNGUyZjBkNWQ3OGUyOzEuMA==-bc9fe77c-c6b0-4017-87a1-4e2f0d5d78e2] Object was deleted but could not be found in the ZRC.
[http://chemistry.apache.org/ZmI2NzhmYjItMTk3My00N2ZjLWFmYjEtOTAxMDUyYThmN2Q2OzEuMA==-fb678fb2-1973-47fc-afb1-901052a8f7d6] Object was deleted but could not be found in the ZRC.
[http://chemistry.apache.org/YmI1NDkzZjMtMGNmNS00ZGNhLWI0OGMtZDIwMDMyOWViM2RiOzEuMA==-bb5493f3-0cf5-4dca-b48c-d200329eb3db] Object was deleted but could not be found in the ZRC.
[http://chemistry.apache.org/MjliNjBlMDQtYTdlZS00NGEwLThjOTQtZjM5NDk3ZTQxMzNhOzEuMA==-29b60e04-a7ee-44a0-8c94-f39497e4133a] Object was deleted but could not be found in the ZRC.
[http://chemistry.apache.org/MGVkODc2MjQtMzBlNi00N2I3LThiNjktZDAzMjI4Y2EwODMxOzEuMA==-0ed87624-30e6-47b7-8b69-d03228ca0831] Object was deleted but could not be found in the ZRC.
[http://chemistry.apache.org/YmVjZTU4OGMtNzQ3Zi00YjM1LTkzMzctMDNmNWVmNWIwMThkOzEuMA==-bece588c-747f-4b35-9337-03f5ef5b018d] Object was deleted but could not be found in the ZRC.
[http://chemistry.apache.org/NjBjM2Q5ZDgtZjRhMS00YzYxLWExNDktNzQzMTFjZmQzMzFiOzEuMA==-60c3d9d8-f4a1-4c61-a149-74311cfd331b] Object was deleted but could not be found in the ZRC.
[http://chemistry.apache.org/MWQwMDBmMjQtNTQ4Yi00MzAzLTlkZTQtNmZjZGFlOGI3ZjkwOzEuMA==-1d000f24-548b-4303-9de4-6fcdae8b7f90] Object was deleted but could not be found in the ZRC.
[http://chemistry.apache.org/NmNkNGI0MTEtM2YwMi00ZmI4LWJkNjUtYWM1MTdlOTM5ZGNkOzEuMA==-6cd4b411-3f02-4fb8-bd65-ac517e939dcd] Object was deleted but could not be found in the ZRC.
[http://chemistry.apache.org/ZGRjZWE0ZmYtMzM0MC00YjlhLTg5MDEtNzc3OGEyNGYyNjA1OzEuMA==-ddcea4ff-3340-4b9a-8901-7778a24f2605] Object was deleted but could not be found in the ZRC.
[http://chemistry.apache.org/NjFkYjllMzYtZGYzNC00ODQ0LWFkNzktODIyOTAyN2U3Yjk0OzEuMA==-61db9e36-df34-4844-ad79-8229027e7b94] Object was deleted but could not be found in the ZRC.
[http://chemistry.apache.org/ZTQwMDAxYTQtZDczZS00ZDMxLTgyNmUtMmU3NjY1OWJhYWUyOzEuMA==-e40001a4-d73e-4d31-826e-2e76659baae2] Object was deleted but could not be found in the ZRC.
[http://chemistry.apache.org/NDgwYjRkMDQtYmJiZS00OGY1LWI3MjQtMzgxZTM5YTAyMDhlOzEuMA==-480b4d04-bbbe-48f5-b724-381e39a0208e] Object was deleted but could not be found in the ZRC.
[http://chemistry.apache.org/YmIzNTBhNDctOWNhYy00NjZiLWI0NTEtOGZiNmQ2OGUwNGRhOzEuMA==-bb350a47-9cac-466b-b451-8fb6d68e04da] Object was deleted but could not be found in the ZRC.
[http://chemistry.apache.org/ZDMwNmUzYzgtMzVmZC00ZDY0LWE1NjMtMmZiM2E0YTgzZTkyOzEuMA==-d306e3c8-35fd-4d64-a563-2fb3a4a83e92] Object was deleted but could not be found in the ZRC.
[http://chemistry.apache.org/NjEyOWYzYWEtZTIzZS00YmFhLTk1NjgtMDZiYWZiZDMwOWNhOzEuMA==-6129f3aa-e23e-4baa-9568-06bafbd309ca] Object was deleted but could not be found in the ZRC.
[http://chemistry.apache.org/MjkzMmUxMGItOTA0MC00NzYxLWJjNjItNDZmMWJiMjJmMzBhOzEuMA==-2932e10b-9040-4761-bc62-46f1bb22f30a] Object was deleted but could not be found in the ZRC.
[http://chemistry.apache.org/ZDljYWRlMDQtNWRiNS00ZjNjLTg2ZjUtMzhhMmM4MmU5NTllOzEuMA==-d9cade04-5db5-4f3c-86f5-38a2c82e959e] Object was deleted but could not be found in the ZRC.
[http://chemistry.apache.org/ZjhiZTZlZjYtMTU0NS00OTZjLWEwM2ItZTJjNWRhMzU5MWI0OzEuMA==-f8be6ef6-1545-496c-a03b-e2c5da3591b4] Object was deleted but could not be found in the ZRC.
[http://chemistry.apache.org/ZDA4M2Q5ODAtZGE5OS00Zjk3LWFkOWItNDQxMjRjMDg1MmIyOzEuMA==-d083d980-da99-4f97-ad9b-44124c0852b2] Object was deleted but could not be found in the ZRC.
[http://chemistry.apache.org/YTU1MTA0YjgtMzk3MS00MDFmLTk5NGQtOWYyYjk1N2RiMjRkOzEuMA==-a55104b8-3971-401f-994d-9f2b957db24d] Object was deleted but could not be found in the ZRC.
[http://chemistry.apache.org/YjY1ZmFmYjctNjVlMy00MjI3LTgyNWQtNjk5OWM0OTI0MTA2OzEuMA==-b65fafb7-65e3-4227-825d-6999c4924106] Object was deleted but could not be found in the ZRC.
[http://chemistry.apache.org/MmFmY2M3NDctMmZkZS00MWQyLTg2ODQtOTg3NjEwZmVmNzk2OzEuMA==-2afcc747-2fde-41d2-8684-987610fef796] Object was deleted but could not be found in the ZRC.
[http://chemistry.apache.org/ZWIwYzYyNzAtNzEzZC00ODY1LWFkYTUtZmQ5OTYwM2ExYThlOzEuMA==-eb0c6270-713d-4865-ada5-fd99603a1a8e] Object was deleted but could not be found in the ZRC.
[http://chemistry.apache.org/ZDcyZTE4MjYtYzFhYS00MTVmLWI2YWItYzI0MGE0NzQ2Y2UwOzEuMA==-d72e1826-c1aa-415f-b6ab-c240a4746ce0] Object was deleted but could not be found in the ZRC.
[http://chemistry.apache.org/Zjg4ODhkNDctZWM0NS00NzBkLTkwNjktNmFlMGM4YTU5MmM2OzEuMA==-f8888d47-ec45-470d-9069-6ae0c8a592c6] Object was deleted but could not be found in the ZRC.
[http://chemistry.apache.org/OTJkNTMyZjQtOTRkMS00M2FlLTljYmQtMzQxYTNkZGFkMTc1OzEuMA==-92d532f4-94d1-43ae-9cbd-341a3ddad175] Object was deleted but could not be found in the ZRC.
[http://chemistry.apache.org/YTFkOGI3YTgtY2IwOS00MzFmLTk5ZDgtZGZjMDdkYjNlYjEwOzEuMA==-a1d8b7a8-cb09-431f-99d8-dfc07db3eb10] Object was deleted but could not be found in the ZRC.
[http://chemistry.apache.org/NTY3MDI1YmItNjRlNy00YzQ1LTg2MDAtYTc3N2NlY2E0MTVmOzEuMA==-567025bb-64e7-4c45-8600-a777ceca415f] Object was deleted but could not be found in the ZRC.
[http://chemistry.apache.org/MTM2MTNiODYtMDE3Yy00MDJlLWIwNDktZDZkNGQ3N2QyNTlhOzEuMA==-13613b86-017c-402e-b049-d6d4d77d259a] Object was deleted but could not be found in the ZRC.
[http://chemistry.apache.org/OGUxYjc1YTMtNmE1Ny00ZjZkLWFiNWYtMDFkMzZmMTc0YzY4OzEuMA==-8e1b75a3-6a57-4f6d-ab5f-01d36f174c68] Object was deleted but could not be found in the ZRC.
[http://chemistry.apache.org/NjU3MGY5ZTAtOTYwMC00MTJmLWEwODItNGYyMjgzODQ2NzBjOzEuMA==-6570f9e0-9600-412f-a082-4f228384670c] Object was deleted but could not be found in the ZRC.
[http://chemistry.apache.org/MmRiZWE5MmYtNTIzMi00ZGM1LWFjZTMtZTY5NzdlZWQzNWYyOzEuMQ==-2dbea92f-5232-4dc5-ace3-e6977eed35f2] Object was deleted but could not be found in the ZRC.
[http://chemistry.apache.org/MmE3Zjk3ZjItMmYzNy00Nzc0LThkYjQtMDJmMWJmNmYzMzU1OzEuMA==-2a7f97f2-2f37-4774-8db4-02f1bf6f3355] Object was deleted but could not be found in the ZRC.
[http://chemistry.apache.org/ZTNmNjY5M2MtNmNhOC00M2U0LTlhMjAtZTI4Zjg0NmFjZmVkOzEuMA==-e3f6693c-6ca8-43e4-9a20-e28f846acfed] Object was deleted but could not be found in the ZRC.
[http://chemistry.apache.org/NmUzYzEyOTAtNjZlOS00NGE1LTk4OGMtZTUyNjczMDhkY2U3OzEuMA==-6e3c1290-66e9-44a5-988c-e5267308dce7] Object was deleted but could not be found in the ZRC.
[http://chemistry.apache.org/MDg3ZDYzNTYtNzhlMy00Yzc5LTlkZjctOWU1ZWM0N2QwNDQwOzEuMA==-087d6356-78e3-4c79-9df7-9e5ec47d0440] Object was deleted but could not be found in the ZRC.
[http://chemistry.apache.org/OTE5M2M4OGItMGY0ZS00NDBlLWEwY2QtOWNlOWQ2Njg1MzI0OzEuMA==-9193c88b-0f4e-440e-a0cd-9ce9d6685324] Object was deleted but could not be found in the ZRC.
[http://chemistry.apache.org/ZTQyNjYzNTEtZjk1OS00Y2E5LWJjMDItMGEyOGU2ZTE0ZmIxOzEuMQ==-e4266351-f959-4ca9-bc02-0a28e6e14fb1] Object was deleted but could not be found in the ZRC.
[http://chemistry.apache.org/Y2NhYzQ3OTEtZjBiZi00ZDZjLWJiOWUtZDgxY2ViZjFkNDQ1OzEuMA==-ccac4791-f0bf-4d6c-bb9e-d81cebf1d445] Object was deleted but could not be found in the ZRC.
[http://chemistry.apache.org/ZGU2NWI0ZWItY2RlNC00YzU1LThkYjAtMmNiZDE4NWQ2N2JjOzEuMA==-de65b4eb-cde4-4c55-8db0-2cbd185d67bc] Object was deleted but could not be found in the ZRC.
[http://chemistry.apache.org/MzAyM2Q1YWUtOGRiOC00NjJiLTlhNzMtMWQ5ZDczYjEwMTE5OzEuMA==-3023d5ae-8db8-462b-9a73-1d9d73b10119] Object was deleted but could not be found in the ZRC.
[http://chemistry.apache.org/NGFkN2U2NjYtODViOS00NzljLThhZWMtNzE1ZWJlYjhkODI0OzEuMA==-4ad7e666-85b9-479c-8aec-715ebeb8d824] Object was deleted but could not be found in the ZRC.
[http://chemistry.apache.org/NWM0ZWQwYjQtNTYwNi00NDYyLTgyYWItNGZkMjA4OGNlZDI3OzEuMA==-5c4ed0b4-5606-4462-82ab-4fd2088ced27] Object was deleted but could not be found in the ZRC.
[http://chemistry.apache.org/NjMyMmU3NGYtYTg0Yi00MzNlLWE3ODgtNmQwNmYzOTk5ZjQyOzEuMA==-6322e74f-a84b-433e-a788-6d06f3999f42] Object was deleted but could not be found in the ZRC.
[http://chemistry.apache.org/MDM2ZDM2MTUtYWI4ZC00YTViLTg1N2QtZDY5YmQ2YTM0ODI3OzEuMQ==-036d3615-ab8d-4a5b-857d-d69bd6a34827] Object was deleted but could not be found in the ZRC.
[http://chemistry.apache.org/YzVmZjFhNDEtODYyNS00Y2ZiLWJiZjktNDk3NzQxODdlMmJiOzEuMA==-c5ff1a41-8625-4cfb-bbf9-49774187e2bb] Object was deleted but could not be found in the ZRC.
[http://chemistry.apache.org/ZTRkZTlmNzEtZDM1My00NDlmLTllZGItNzNjNzY4MzE1NzczOzEuMA==-e4de9f71-d353-449f-9edb-73c768315773] Object was deleted but could not be found in the ZRC.
[http://chemistry.apache.org/ZGMxY2Y5YmQtYzM1OC00MjA0LTk2MzAtODRmMTNjYTE3MjFkOzEuMA==-dc1cf9bd-c358-4204-9630-84f13ca1721d] Object was deleted but could not be found in the ZRC.
[http://chemistry.apache.org/Yjc0YTdkZmItM2QxMS00NTJiLTg5YjgtN2I2M2NkMjMwOTZkOzEuMA==-b74a7dfb-3d11-452b-89b8-7b63cd23096d] Object was deleted but could not be found in the ZRC.
[http://chemistry.apache.org/NDY4ODczMWYtMjAzNy00M2MxLThlYmItZjk3NDZkMGRiYTgzOzEuMA==-4688731f-2037-43c1-8ebb-f9746d0dba83] Object was deleted but could not be found in the ZRC.
[http://chemistry.apache.org/NTUxNWQxZTItZGM3Yi00ZThkLTk3MmYtNjQ3M2RhNWMwODYzOzEuMA==-5515d1e2-dc7b-4e8d-972f-6473da5c0863] Object was deleted but could not be found in the ZRC.
[http://chemistry.apache.org/ZmQxNTNkM2UtNjYzMy00NjZmLWI3MTItNDkxZjYyNTc3Y2E2OzEuMA==-fd153d3e-6633-466f-b712-491f62577ca6] Object was deleted but could not be found in the ZRC.
[http://chemistry.apache.org/NTRhNzFlODktMTBkMy00ZmZjLThlOTAtMjFkYzY1Mzg4Mzk0OzEuMA==-54a71e89-10d3-4ffc-8e90-21dc65388394] Object was deleted but could not be found in the ZRC.
[http://chemistry.apache.org/NGJlMWMzNWEtNTc3YS00M2UzLWI0NzYtOGY3YjdhODU4ZGM5OzEuMA==-4be1c35a-577a-43e3-b476-8f7b7a858dc9] Object was deleted but could not be found in the ZRC.
[http://chemistry.apache.org/YzFhOWU1YjEtYmE3OS00NzMxLWI3MWItNTg3NGUwMGYwZmRiOzEuMA==-c1a9e5b1-ba79-4731-b71b-5874e00f0fdb] Object was deleted but could not be found in the ZRC.
[http://chemistry.apache.org/ZjJkZmE2YzUtYTdmZi00NWM5LWFkOTQtZmQ2YmJlMzAyODljOzEuMQ==-f2dfa6c5-a7ff-45c9-ad94-fd6bbe30289c] Object was deleted but could not be found in the ZRC.
[http://chemistry.apache.org/YjNkNTQ4YWUtN2FhZS00N2QyLWE0OTEtNGIxYTVlNmNkNzg0OzEuMA==-b3d548ae-7aae-47d2-a491-4b1a5e6cd784] Object was deleted but could not be found in the ZRC.
[http://chemistry.apache.org/MDM3MWU1MTctNzY0YS00MWViLWJiNGUtN2FlYjZkYzc0NmY1OzEuMA==-0371e517-764a-41eb-bb4e-7aeb6dc746f5] Object was deleted but could not be found in the ZRC.
[http://chemistry.apache.org/MjRlNGEzMWItYjU3MC00N2Q3LTgzZjctMzgwMzQ5ZTU5ZDZiOzEuMA==-24e4a31b-b570-47d7-83f7-380349e59d6b] Object was deleted but could not be found in the ZRC.
[http://chemistry.apache.org/ZTVhMWIxMzItZGI4NC00ODEzLWE3MDMtNmVlMmFkNjhlNzNhOzEuMA==-e5a1b132-db84-4813-a703-6ee2ad68e73a] Object was deleted but could not be found in the ZRC.
[http://chemistry.apache.org/NGY2N2EzYjAtNjE3Zi00NDkwLWFkNGItZjg4OWNmYTI5MjY2OzEuMQ==-4f67a3b0-617f-4490-ad4b-f889cfa29266] Object was deleted but could not be found in the ZRC.
[http://chemistry.apache.org/NGY3NWJkYWUtM2NiMy00ODkzLWExMmYtYTlmN2NkODE5ZTk0OzEuMA==-4f75bdae-3cb3-4893-a12f-a9f7cd819e94] Object was deleted but could not be found in the ZRC.
[http://chemistry.apache.org/MjVjZWUzMmItZGNlMy00MTNiLWI1NzAtZTY0MGNmZDhkMmQxOzEuMA==-25cee32b-dce3-413b-b570-e640cfd8d2d1] Object was deleted but could not be found in the ZRC.
[http://chemistry.apache.org/ZTVjMWMzZWYtMzhiMy00ZjkzLTk2YTktYzE2MzliZTA1ZjNiOzEuMA==-e5c1c3ef-38b3-4f93-96a9-c1639be05f3b] Object was deleted but could not be found in the ZRC.
[http://chemistry.apache.org/NzU0ZGI3MWYtN2RlOS00Y2U1LTg3NTYtOTI4OGIxY2M5NmMwOzEuMA==-754db71f-7de9-4ce5-8756-9288b1cc96c0] Object was deleted but could not be found in the ZRC.
[http://chemistry.apache.org/NTY4MmZkYTMtYjhjYS00NDViLWEyY2MtNjllNDM5MDdkYTJhOzEuMA==-5682fda3-b8ca-445b-a2cc-69e43907da2a] Object was deleted but could not be found in the ZRC.
[http://chemistry.apache.org/NTgzODk1ZGUtMjgwNC00ZjA3LTlhYTEtNjI1NGEyNTg3MGM1OzEuMA==-583895de-2804-4f07-9aa1-6254a25870c5] Object was deleted but could not be found in the ZRC.
[http://chemistry.apache.org/YzJjNTcyZmUtNmQwNi00NzJlLTg4OWUtYmYzNTZmMmZlNjUzOzEuMA==-c2c572fe-6d06-472e-889e-bf356f2fe653] Object was deleted but could not be found in the ZRC.
[http://chemistry.apache.org/YzBmNzdlZTUtZDE4Yy00YTYwLWEwMjktOTU4ODQyODdkZWE5OzEuMA==-c0f77ee5-d18c-4a60-a029-95884287dea9] Object was deleted but could not be found in the ZRC.
[http://chemistry.apache.org/Y2E5N2Y0ZWMtOGZmNS00M2UyLThjMWEtMzVjMjExYzc1OWQwOzEuMA==-ca97f4ec-8ff5-43e2-8c1a-35c211c759d0] Object was deleted but could not be found in the ZRC.
[http://chemistry.apache.org/MzIxOWZhNzUtOTJhMy00YTg2LWI0MWQtZTg5NmZjNzAzZjhjOzEuMQ==-3219fa75-92a3-4a86-b41d-e896fc703f8c] Object was deleted but could not be found in the ZRC.
[http://chemistry.apache.org/MDg5YTg2Y2EtYzY2NS00MWIxLWFmZTctMzIwMDI2OWYyNzVkOzEuMA==-089a86ca-c665-41b1-afe7-3200269f275d] Object was deleted but could not be found in the ZRC.
[http://chemistry.apache.org/MjQ1NDA4MmQtODFlMi00MWJiLWFhZjItYzdiMjdmMzgzNjc3OzEuMA==-2454082d-81e2-41bb-aaf2-c7b27f383677] Object was deleted but could not be found in the ZRC.
[http://chemistry.apache.org/MGI2OWZiM2ItYWNkMi00YTI2LWE2YTYtZTFlZGIwNjdkNjcwOzEuMA==-0b69fb3b-acd2-4a26-a6a6-e1edb067d670] Object was deleted but could not be found in the ZRC.
[http://chemistry.apache.org/MDE3YzI5NzctNWQ2NS00N2MwLWFjMzUtZTBiMWUyMTEwMjZhOzEuMQ==-017c2977-5d65-47c0-ac35-e0b1e211026a] Object was deleted but could not be found in the ZRC.
[http://chemistry.apache.org/NzIxZTY2MWQtYzE3MS00ZGU4LTkwZjQtMDRkODJhOWIyMTk4OzEuMA==-721e661d-c171-4de8-90f4-04d82a9b2198] Object was deleted but could not be found in the ZRC.
[http://chemistry.apache.org/OTJmYTIxOGEtNzhjZS00NTcxLTg4MGItZTg4NzZlOWRkZDA5OzEuMA==-92fa218a-78ce-4571-880b-e8876e9ddd09] Object was deleted but could not be found in the ZRC.
[http://chemistry.apache.org/ZmEwNjAzNTQtMzQzNS00YTYzLTkzODUtNjNlYTRmYzBlY2FkOzEuMA==-fa060354-3435-4a63-9385-63ea4fc0ecad] Object was deleted but could not be found in the ZRC.
[http://chemistry.apache.org/NDljMDkyNzMtMjc0Mi00NDBjLThmNGItZTE0OTAwNTJhOTkxOzEuMA==-49c09273-2742-440c-8f4b-e1490052a991] Object was deleted but could not be found in the ZRC.
[http://chemistry.apache.org/MzVhNzUyZTMtODIxOC00M2YyLWExMjItYjFkNzM3NGY5MmNkOzEuMA==-35a752e3-8218-43f2-a122-b1d7374f92cd] Object was deleted but could not be found in the ZRC.
[http://chemistry.apache.org/M2E3ZDIxODYtMTJmMi00Zjk1LTgxYWItMTkyZDAwYzMzZjI5OzEuMA==-3a7d2186-12f2-4f95-81ab-192d00c33f29] Object was deleted but could not be found in the ZRC.
[http://chemistry.apache.org/MDY0YWNjZDUtMjI3Zi00YjcxLTk0NmYtOWQxODlmYjExMjE4OzEuMA==-064accd5-227f-4b71-946f-9d189fb11218] Object was deleted but could not be found in the ZRC.
[http://chemistry.apache.org/NGJmYjZjMmEtZmRmMy00YjMyLWFjZDktYTUwNjlhYjY3NWZmOzEuMA==-4bfb6c2a-fdf3-4b32-acd9-a5069ab675ff] Object was deleted but could not be found in the ZRC.
[http://chemistry.apache.org/NjBlMTkyZjEtYjkyMC00NzI5LThmNTEtYTk4NGRjNTg0NGJkOzEuMA==-60e192f1-b920-4729-8f51-a984dc5844bd] Object was deleted but could not be found in the ZRC.
[http://chemistry.apache.org/M2RlZTkzMmEtNmU3MC00MzE3LTlmNDctOGI3YTRkMzI1NDE3OzEuMQ==-3dee932a-6e70-4317-9f47-8b7a4d325417] Object was deleted but could not be found in the ZRC.
[http://chemistry.apache.org/M2QxOTJiMmUtNDkwNS00NzU1LTliM2YtMjJlMTgzOGMyNTQyOzEuMA==-3d192b2e-4905-4755-9b3f-22e1838c2542] Object was deleted but could not be found in the ZRC.
[http://chemistry.apache.org/OWEyZTU5NTktZDc5MC00ZGZkLWI1MGUtMzU3M2IxZDkzMTAyOzEuMA==-9a2e5959-d790-4dfd-b50e-3573b1d93102] Object was deleted but could not be found in the ZRC.
[http://chemistry.apache.org/OTE3MDBiMjYtNjBhZi00YTcxLTkzNDUtYzYyZDQxZjgwMzQ2OzEuMA==-91700b26-60af-4a71-9345-c62d41f80346] Object was deleted but could not be found in the ZRC.
[http://chemistry.apache.org/NTJlN2YxMmItMjY4OC00NDdhLTk3MjEtNDkyMjc3NDYxY2YwOzEuMA==-52e7f12b-2688-447a-9721-492277461cf0] Object was deleted but could not be found in the ZRC.
[http://chemistry.apache.org/MDFhMjA1YzItMDczYS00MGM5LTk0NmMtNTdiNTE3MmQyZjQ0OzEuMA==-01a205c2-073a-40c9-946c-57b5172d2f44] Object was deleted but could not be found in the ZRC.
[http://chemistry.apache.org/N2JkZjc2N2YtOTg2Yy00MmJlLTk0Y2YtYmM2NmZkYjA1ODA1OzEuMQ==-7bdf767f-986c-42be-94cf-bc66fdb05805] Object was deleted but could not be found in the ZRC.
[http://chemistry.apache.org/MTgxZTE0NTMtNGI0Zi00YWU2LWE2OGQtZjQ2ZDc3MDM0NTU3OzEuMA==-181e1453-4b4f-4ae6-a68d-f46d77034557] Object was deleted but could not be found in the ZRC.
[http://chemistry.apache.org/MDRkNmI4OTUtYTFmMC00Y2Q2LWE2MzYtMzc3MzY2NmJjZDZmOzEuMA==-04d6b895-a1f0-4cd6-a636-3773666bcd6f] Object was deleted but could not be found in the ZRC.
[http://chemistry.apache.org/ZGRhOTFlYjUtMDE4MS00OWY0LThjZWEtMDBjNjhhY2ZhMjc1OzEuMA==-dda91eb5-0181-49f4-8cea-00c68acfa275] Object was deleted but could not be found in the ZRC.
[http://chemistry.apache.org/NDgyNWViNzktZWZlOC00ZDU1LWE4YjctMjc4ODA4NjAxZTUzOzEuMQ==-4825eb79-efe8-4d55-a8b7-278808601e53] Object was deleted but could not be found in the ZRC.
[http://chemistry.apache.org/ZjRjZTI1ZWMtM2JkMi00NzE4LTk5MGUtMzY3OTQ2OTA3MmUwOzEuMA==-f4ce25ec-3bd2-4718-990e-3679469072e0] Object was deleted but could not be found in the ZRC.
[http://chemistry.apache.org/YjA2YjdiZTktNTAwNi00OGFjLThjYjUtNDIxN2RmZmNjOTk1OzEuMA==-b06b7be9-5006-48ac-8cb5-4217dffcc995] Object was deleted but could not be found in the ZRC.
[http://chemistry.apache.org/MjJhNTY2MTQtM2E0MC00ZGI5LWEyZWYtY2ZmYTJjY2QyODk2OzEuMA==-22a56614-3a40-4db9-a2ef-cffa2ccd2896] Object was deleted but could not be found in the ZRC.
[http://chemistry.apache.org/MmM5MzhhN2ItYzgwYy00Njk5LWE2YmEtZGFiNTI2NmE5MzEyOzEuMA==-2c938a7b-c80c-4699-a6ba-dab5266a9312] Object was deleted but could not be found in the ZRC.
[http://chemistry.apache.org/MWJiYjMwMTgtMjIwYy00MGFkLTg2MDMtZmZjZjYxMGY1NmI5OzEuMA==-1bbb3018-220c-40ad-8603-ffcf610f56b9] Object was deleted but could not be found in the ZRC.
[http://chemistry.apache.org/YjEzZjhkMmUtM2QzOS00MDFkLWIzMDMtM2ZjMjJmMWI5OTc3OzEuMA==-b13f8d2e-3d39-401d-b303-3fc22f1b9977] Object was deleted but could not be found in the ZRC.
[http://chemistry.apache.org/ZWY0OGM5ZDAtZjQyZi00ZTVmLTg5NTUtNzc1NGE1NmJhYjhlOzEuMA==-ef48c9d0-f42f-4e5f-8955-7754a56bab8e] Object was deleted but could not be found in the ZRC.
[http://chemistry.apache.org/YWEzYjM0ZmItYjUxMS00ZDYwLWE0MGItMjdhMjRhNWI4ZDViOzEuMQ==-aa3b34fb-b511-4d60-a40b-27a24a5b8d5b] Object was deleted but could not be found in the ZRC.
[http://chemistry.apache.org/OTViNzVmMTgtNzY0MS00YjBkLTkzNWUtMTlkOWJiNDg3YmI4OzEuMA==-95b75f18-7641-4b0d-935e-19d9bb487bb8] Object was deleted but could not be found in the ZRC.
[http://chemistry.apache.org/M2U4YTJmYjgtYmE4Yi00MTA2LTkyYmYtYzgwNDBjMTFlMTQxOzEuMA==-3e8a2fb8-ba8b-4106-92bf-c8040c11e141] Object was deleted but could not be found in the ZRC.
[http://chemistry.apache.org/ZWIxZjAyMGMtZTdiNy00ZTU2LTk1MjQtMDE4NjYxODUwNTBjOzEuMA==-eb1f020c-e7b7-4e56-9524-01866185050c] Object was deleted but could not be found in the ZRC.
[http://chemistry.apache.org/ODY5NjNkYmQtODQxMS00MTQ2LTlmNzctZmM3NzEwNDliYjI3OzEuMA==-86963dbd-8411-4146-9f77-fc771049bb27] Object was deleted but could not be found in the ZRC.
[http://chemistry.apache.org/MGZhMWFiYmYtZmYwNi00MzY5LWE5ZjAtMTZlNGI3NzRlYzFiOzEuMA==-0fa1abbf-ff06-4369-a9f0-16e4b774ec1b] Object was deleted but could not be found in the ZRC.
[http://chemistry.apache.org/MDg4NTZlMWYtMzVhYi00YTQwLTljZGYtN2Y0MTJiOTNlMmVkOzEuMQ==-08856e1f-35ab-4a40-9cdf-7f412b93e2ed] Object was deleted but could not be found in the ZRC.
[http://chemistry.apache.org/MjY5ODJkOTYtOWMwNC00ZDA5LTljYjctZTRiODQ4NWY5ZGY3OzEuMA==-26982d96-9c04-4d09-9cb7-e4b8485f9df7] Object was deleted but could not be found in the ZRC.
[http://chemistry.apache.org/NWJhOTZhY2UtOGJlZi00MTVjLTkwNGItNWFjOTUxMDg3NWNhOzEuMA==-5ba96ace-8bef-415c-904b-5ac9510875ca] Object was deleted but could not be found in the ZRC.
[http://chemistry.apache.org/OTg5OWVjMmUtNTZkZi00NmIzLWI0Y2MtMTdjYjQ5MTU4Nzc0OzEuMA==-9899ec2e-56df-46b3-b4cc-17cb49158774] Object was deleted but could not be found in the ZRC.
[http://chemistry.apache.org/MGIxMDkzNmUtNTBkMi00OTcyLTkzNTktZmNmYTA4NWNhN2M0OzEuMA==-0b10936e-50d2-4972-9359-fcfa085ca7c4] Object was deleted but could not be found in the ZRC.
[http://chemistry.apache.org/ZDEwMzk3NmYtYjM4NS00NWVjLTg4ZTEtMDRhZDlkMTA3MmI2OzEuMA==-d103976f-b385-45ec-88e1-04ad9d1072b6] Object was deleted but could not be found in the ZRC.
[http://chemistry.apache.org/ZmMyZjlkMjYtOWE0ZS00YWVjLWI5YjUtZjk1ZGUzZTFiZGY5OzEuMA==-fc2f9d26-9a4e-4aec-b9b5-f95de3e1bdf9] Object was deleted but could not be found in the ZRC.
[http://chemistry.apache.org/NjAxZGI5NGQtNTU1Zi00ZjI1LTkwNDktMGFkZmM2NzYwNzkxOzEuMA==-601db94d-555f-4f25-9049-0adfc6760791] Object was deleted but could not be found in the ZRC.
[http://chemistry.apache.org/Y2JkNTJlMTktYjk0Yy00NzcxLWJlYTAtYTgyMTVlMjQwZDFiOzEuMA==-cbd52e19-b94c-4771-bea0-a8215e240d1b] Object was deleted but could not be found in the ZRC.
[http://chemistry.apache.org/ODRlYTVhNjQtNzhiZC00NDFlLTk2OWUtNGEwYjQzNzk4MTIyOzEuMQ==-84ea5a64-78bd-441e-969e-4a0b43798122] Object was deleted but could not be found in the ZRC.
[http://chemistry.apache.org/N2RmM2M2ZjktZTYzZC00ZmE0LTlmZmMtNWQ1Mjc3ZTllNGI0OzEuMA==-7df3c6f9-e63d-4fa4-9ffc-5d5277e9e4b4] Object was deleted but could not be found in the ZRC.
[http://chemistry.apache.org/MDE3NTVhZWItYThiNS00YTNjLTkzMGYtNWUyZDI4NjlmM2ZlOzEuMA==-01755aeb-a8b5-4a3c-930f-5e2d2869f3fe] Object was deleted but could not be found in the ZRC.
[http://chemistry.apache.org/YjdmY2ZhZjUtNWU3OC00NmU5LTg4NDQtZTQ5ZjVmODVmYjQ4OzEuMA==-b7fcfaf5-5e78-46e9-8844-e49f5f85fb48] Object was deleted but could not be found in the ZRC.
[http://chemistry.apache.org/OTkyM2NkNzAtMDhhNS00MWMwLWJjNjctNWFiNGYxMTRhZGQ3OzEuMA==-9923cd70-08a5-41c0-bc67-5ab4f114add7] Object was deleted but could not be found in the ZRC.
[http://chemistry.apache.org/ZjdmMmE0OTQtOWExYS00NmI0LWE3MDAtY2VhMzBlZmNhYWVmOzEuMA==-f7f2a494-9a1a-46b4-a700-cea30efcaaef] Object was deleted but could not be found in the ZRC.
[http://chemistry.apache.org/NTY1MzA4MzctZGQ5YS00ZjM4LTllMTktNTE3MmU4NDY2NGY2OzIuMA==-56530837-dd9a-4f38-9e19-5172e84664f6] Object was deleted but could not be found in the ZRC.
[http://chemistry.apache.org/MDgzYmIyZjMtNDAxNy00ODJjLTlmYzUtMzljOTY4MmQzN2NjOzEuMQ==-083bb2f3-4017-482c-9fc5-39c9682d37cc] Object was deleted but could not be found in the ZRC.
[http://chemistry.apache.org/NGJiMjFkODItYjQyMS00ZmY4LWE3MDYtNmUxMTljNmJmNGZkOzEuMA==-4bb21d82-b421-4ff8-a706-6e119c6bf4fd] Object was deleted but could not be found in the ZRC.
[http://chemistry.apache.org/NzE3ZDBkZGMtOTRjNi00ZDc1LWEwODUtNzYyZTk3MzlkZjJiOzIuMA==-717d0ddc-94c6-4d75-a085-762e9739df2b] Object was deleted but could not be found in the ZRC.
[http://chemistry.apache.org/MDA0YjI2NDItNTZkZi00Y2U5LWEzMDktNTU2OTE4NDM2ODYwOzIuMA==-004b2642-56df-4ce9-a309-556918436860] Object was deleted but could not be found in the ZRC.
[http://chemistry.apache.org/Mjk1NTVjMmYtY2JmMC00NWE4LWJhY2EtMWU5NjM3ZWI2Zjhj-29555c2f-cbf0-45a8-baca-1e9637eb6f8c] Object was deleted but could not be found in the ZRC.
[http://chemistry.apache.org/YjQ0MDg4ZjYtYWVhYy00NzhkLTk1NjMtOTcxNzYzOTAzMWZh-b44088f6-aeac-478d-9563-9717639031fa] Object was deleted but could not be found in the ZRC.
[http://chemistry.apache.org/MGE5YjlhOWQtOWIwYi00NDViLTg4NjItMGY2NTA3NTg5Yzcw-0a9b9a9d-9b0b-445b-8862-0f6507589c70] Object was deleted but could not be found in the ZRC.
[http://chemistry.apache.org/ZTYyOTQzYmUtMjM1NS00YWNjLWFjN2ItM2QwZGUzNmE1ZmMw-e62943be-2355-4acc-ac7b-3d0de36a5fc0] Object was created but could not be found in the DRC.
[http://chemistry.apache.org/YTU3NmQ3MWMtNDQ4My00Y2I1LWI5M2EtNzA4MTI2YjE0NjBh-a576d71c-4483-4cb5-b93a-708126b1460a] Object was created but could not be found in the DRC.
[http://chemistry.apache.org/YzEwNjNjNDYtM2Q3Ny00NDllLWI3ZjMtYTU1YTFlZmY4Yjlk-c1063c46-3d77-449e-b7f3-a55a1eff8b9d] Object was created but could not be found in the DRC.
[http://chemistry.apache.org/ODQzZTBlY2MtOGFjYS00MjkzLTkzNGUtMTZlZTVkNmQ0NjJjOzEuMA==-843e0ecc-8aca-4293-934e-16ee5d6d462c] Object was created but could not be found in the DRC.
[http://chemistry.apache.org/ODQzZTBlY2MtOGFjYS00MjkzLTkzNGUtMTZlZTVkNmQ0NjJjOzEuMA==-843e0ecc-8aca-4293-934e-16ee5d6d462c] Object was updated but could not be found in the DRC.
[http://chemistry.apache.org/ZDIxNWZkZjktYTY3OS00MTkxLWIxZjctMjI1NzAyYjY5MDllOzEuMA==-d215fdf9-a679-4191-b1f7-225702b6909e] Object was created but could not be found in the DRC.
[http://chemistry.apache.org/ZDIxNWZkZjktYTY3OS00MTkxLWIxZjctMjI1NzAyYjY5MDllOzEuMA==-d215fdf9-a679-4191-b1f7-225702b6909e] Object was updated but could not be found in the DRC.
[http://chemistry.apache.org/ZDIxNWZkZjktYTY3OS00MTkxLWIxZjctMjI1NzAyYjY5MDllOzEuMQ==-d215fdf9-a679-4191-b1f7-225702b6909e] Object was deleted but could not be found in the ZRC.
[http://chemistry.apache.org/ODQzZTBlY2MtOGFjYS00MjkzLTkzNGUtMTZlZTVkNmQ0NjJjOzIuMA==-843e0ecc-8aca-4293-934e-16ee5d6d462c] Object was deleted but could not be found in the ZRC.
[http://chemistry.apache.org/YzEwNjNjNDYtM2Q3Ny00NDllLWI3ZjMtYTU1YTFlZmY4Yjlk-c1063c46-3d77-449e-b7f3-a55a1eff8b9d] Object was deleted but could not be found in the ZRC.
[http://chemistry.apache.org/YTU3NmQ3MWMtNDQ4My00Y2I1LWI5M2EtNzA4MTI2YjE0NjBh-a576d71c-4483-4cb5-b93a-708126b1460a] Object was deleted but could not be found in the ZRC.
[http://chemistry.apache.org/ZTYyOTQzYmUtMjM1NS00YWNjLWFjN2ItM2QwZGUzNmE1ZmMw-e62943be-2355-4acc-ac7b-3d0de36a5fc0] Object was deleted but could not be found in the ZRC.
[http://chemistry.apache.org/Y2M0MTc2NzYtNmI5Yy00OWU4LTk2ZDAtMjUwMjMwMDQyYmE3-cc417676-6b9c-49e8-96d0-250230042ba7] Object was created but could not be found in the DRC.
[http://chemistry.apache.org/MGM0YTVjZTAtM2Y5YS00MzJjLWI5OWQtYTA5MjY3YTg4ZDMx-0c4a5ce0-3f9a-432c-b99d-a09267a88d31] Object was created but could not be found in the DRC.
[http://chemistry.apache.org/ZjRiMTE2MDUtNTk1NS00N2JmLWI3ZmMtZWMyZTVjYzVmNTRj-f4b11605-5955-47bf-b7fc-ec2e5cc5f54c] Object was created but could not be found in the DRC.
[http://chemistry.apache.org/MmM1NWI5MjMtMGFmOC00OWMxLWI5YjctZGE4MDI2ZmY0OTRiOzEuMA==-2c55b923-0af8-49c1-b9b7-da8026ff494b] Object was created but could not be found in the DRC.
[http://chemistry.apache.org/MmM1NWI5MjMtMGFmOC00OWMxLWI5YjctZGE4MDI2ZmY0OTRiOzEuMA==-2c55b923-0af8-49c1-b9b7-da8026ff494b] Object was updated but could not be found in the DRC.
[http://chemistry.apache.org/ZDU2MDIzNTQtNGZmOS00NjZmLThhMjktMWJhMzMzOTg5MWIzOzEuMA==-d5602354-4ff9-466f-8a29-1ba3339891b3] Object was created but could not be found in the DRC.
[http://chemistry.apache.org/ZDU2MDIzNTQtNGZmOS00NjZmLThhMjktMWJhMzMzOTg5MWIzOzEuMA==-d5602354-4ff9-466f-8a29-1ba3339891b3] Object was updated but could not be found in the DRC.
[http://chemistry.apache.org/ZDU2MDIzNTQtNGZmOS00NjZmLThhMjktMWJhMzMzOTg5MWIzOzEuMQ==-d5602354-4ff9-466f-8a29-1ba3339891b3] Object was deleted but could not be found in the ZRC.
[http://chemistry.apache.org/MmM1NWI5MjMtMGFmOC00OWMxLWI5YjctZGE4MDI2ZmY0OTRiOzIuMA==-2c55b923-0af8-49c1-b9b7-da8026ff494b] Object was deleted but could not be found in the ZRC.
[http://chemistry.apache.org/ZjRiMTE2MDUtNTk1NS00N2JmLWI3ZmMtZWMyZTVjYzVmNTRj-f4b11605-5955-47bf-b7fc-ec2e5cc5f54c] Object was deleted but could not be found in the ZRC.
[http://chemistry.apache.org/MGM0YTVjZTAtM2Y5YS00MzJjLWI5OWQtYTA5MjY3YTg4ZDMx-0c4a5ce0-3f9a-432c-b99d-a09267a88d31] Object was deleted but could not be found in the ZRC.
[http://chemistry.apache.org/Y2M0MTc2NzYtNmI5Yy00OWU4LTk2ZDAtMjUwMjMwMDQyYmE3-cc417676-6b9c-49e8-96d0-250230042ba7] Object was deleted but could not be found in the ZRC.
[http://chemistry.apache.org/Nzk5ZTMzMTUtZmZiYy00YWNlLTgzYjAtNDllYmQ0ZGFiMjNh-799e3315-ffbc-4ace-83b0-49ebd4dab23a] Object was created but could not be found in the DRC.
[http://chemistry.apache.org/ZDg1OTMzNTEtMDI3MS00MjQ1LWIxOTMtYTZmMTAxNzI2ZGQ0-d8593351-0271-4245-b193-a6f101726dd4] Object was created but could not be found in the DRC.
[http://chemistry.apache.org/ZDg1OTMzNTEtMDI3MS00MjQ1LWIxOTMtYTZmMTAxNzI2ZGQ0-d8593351-0271-4245-b193-a6f101726dd4] Object was deleted but could not be found in the ZRC.
[http://chemistry.apache.org/Nzk5ZTMzMTUtZmZiYy00YWNlLTgzYjAtNDllYmQ0ZGFiMjNh-799e3315-ffbc-4ace-83b0-49ebd4dab23a] Object was deleted but could not be found in the ZRC.
[http://chemistry.apache.org/N2M3YTFhZDgtYjg0MS00OWNkLWEzYzQtNWJhNGRiMTdiZTI0-7c7a1ad8-b841-49cd-a3c4-5ba4db17be24] Object was created but could not be found in the DRC.
[http://chemistry.apache.org/NjQwM2UyZGQtZDYzMy00ZDdlLThjZTAtZmZkOGY3YmMyZWYy-6403e2dd-d633-4d7e-8ce0-ffd8f7bc2ef2] Object was created but could not be found in the DRC.
[http://chemistry.apache.org/NjQwM2UyZGQtZDYzMy00ZDdlLThjZTAtZmZkOGY3YmMyZWYy-6403e2dd-d633-4d7e-8ce0-ffd8f7bc2ef2] Object was deleted but could not be found in the ZRC.
[http://chemistry.apache.org/N2M3YTFhZDgtYjg0MS00OWNkLWEzYzQtNWJhNGRiMTdiZTI0-7c7a1ad8-b841-49cd-a3c4-5ba4db17be24] Object was deleted but could not be found in the ZRC.
[http://chemistry.apache.org/MzBmZjYwYzYtNDhhZi00YzMxLWJmZTMtYTBlZmU4NjYzOTky-30ff60c6-48af-4c31-bfe3-a0efe8663992] Object was created but could not be found in the DRC.
[http://chemistry.apache.org/NmYyZDM0OGEtMWQwYi00ZTBjLWI0ZGEtZDU0OWRkNTUxMTM4-6f2d348a-1d0b-4e0c-b4da-d549dd551138] Object was created but could not be found in the DRC.
[http://chemistry.apache.org/ZTNjMzEyMDMtMzQxOS00MmU3LWIyMGYtNjg0ZTE1MDlhZWRm-e3c31203-3419-42e7-b20f-684e1509aedf] Object was created but could not be found in the DRC.
[http://chemistry.apache.org/M2IzMTVmMWUtYWRhNS00MjBjLWI5MDYtNWQ3ODAwNjVmNmZkOzEuMA==-3b315f1e-ada5-420c-b906-5d780065f6fd] Object was created but could not be found in the DRC.
[http://chemistry.apache.org/M2IzMTVmMWUtYWRhNS00MjBjLWI5MDYtNWQ3ODAwNjVmNmZkOzEuMA==-3b315f1e-ada5-420c-b906-5d780065f6fd] Object was updated but could not be found in the DRC.
[http://chemistry.apache.org/MTMxM2EwNDYtODVkOC00ZjcxLTliM2YtMDE2NzZmYWIzMmFlOzEuMA==-1313a046-85d8-4f71-9b3f-01676fab32ae] Object was created but could not be found in the DRC.
[http://chemistry.apache.org/MTMxM2EwNDYtODVkOC00ZjcxLTliM2YtMDE2NzZmYWIzMmFlOzEuMA==-1313a046-85d8-4f71-9b3f-01676fab32ae] Object was updated but could not be found in the DRC.
[http://chemistry.apache.org/M2IzMTVmMWUtYWRhNS00MjBjLWI5MDYtNWQ3ODAwNjVmNmZkOzEuMA==-3b315f1e-ada5-420c-b906-5d780065f6fd] Object was deleted but could not be found in the ZRC.
[http://chemistry.apache.org/MTMxM2EwNDYtODVkOC00ZjcxLTliM2YtMDE2NzZmYWIzMmFlOzEuMA==-1313a046-85d8-4f71-9b3f-01676fab32ae] Object was deleted but could not be found in the ZRC.
[http://chemistry.apache.org/ZTNjMzEyMDMtMzQxOS00MmU3LWIyMGYtNjg0ZTE1MDlhZWRm-e3c31203-3419-42e7-b20f-684e1509aedf] Object was deleted but could not be found in the ZRC.
[http://chemistry.apache.org/NmYyZDM0OGEtMWQwYi00ZTBjLWI0ZGEtZDU0OWRkNTUxMTM4-6f2d348a-1d0b-4e0c-b4da-d549dd551138] Object was deleted but could not be found in the ZRC.
[http://chemistry.apache.org/MzBmZjYwYzYtNDhhZi00YzMxLWJmZTMtYTBlZmU4NjYzOTky-30ff60c6-48af-4c31-bfe3-a0efe8663992] Object was deleted but could not be found in the ZRC.
[http://chemistry.apache.org/MzJhYmJkZTYtM2Q5ZS00M2VlLTgzYTgtYjYxZWY2YWQ2OTRm-32abbde6-3d9e-43ee-83a8-b61ef6ad694f] Object was created but could not be found in the DRC.
[http://chemistry.apache.org/ZDVmZTE1NzUtN2NlMi00NWQ4LTk4NTctMTE5ZjkwMDAxMjBl-d5fe1575-7ce2-45d8-9857-119f9000120e] Object was created but could not be found in the DRC.
[http://chemistry.apache.org/NjA0ZDkxNDItMWM3ZC00M2JiLWIxNmQtYzkyZmY0YmNiYjZk-604d9142-1c7d-43bb-b16d-c92ff4bcbb6d] Object was created but could not be found in the DRC.
[http://chemistry.apache.org/MTM2YjhmOGMtMzg5NS00MjVlLWJiYTEtOTA0MGQyOWNjZjE2OzEuMA==-136b8f8c-3895-425e-bba1-9040d29ccf16] Object was created but could not be found in the DRC.
[http://chemistry.apache.org/MTM2YjhmOGMtMzg5NS00MjVlLWJiYTEtOTA0MGQyOWNjZjE2OzEuMA==-136b8f8c-3895-425e-bba1-9040d29ccf16] Object was updated but could not be found in the DRC.
[http://chemistry.apache.org/MTM2YjhmOGMtMzg5NS00MjVlLWJiYTEtOTA0MGQyOWNjZjE2OzEuMA==-136b8f8c-3895-425e-bba1-9040d29ccf16] Object was deleted but could not be found in the ZRC.
[http://chemistry.apache.org/NjA0ZDkxNDItMWM3ZC00M2JiLWIxNmQtYzkyZmY0YmNiYjZk-604d9142-1c7d-43bb-b16d-c92ff4bcbb6d] Object was deleted but could not be found in the ZRC.
[http://chemistry.apache.org/ZDVmZTE1NzUtN2NlMi00NWQ4LTk4NTctMTE5ZjkwMDAxMjBl-d5fe1575-7ce2-45d8-9857-119f9000120e] Object was deleted but could not be found in the ZRC.
[http://chemistry.apache.org/MzJhYmJkZTYtM2Q5ZS00M2VlLTgzYTgtYjYxZWY2YWQ2OTRm-32abbde6-3d9e-43ee-83a8-b61ef6ad694f] Object was deleted but could not be found in the ZRC.
[http://chemistry.apache.org/YmI0NjZmOTQtZTkxYi00MDUyLThkOWItYzEyYjdmOTg0MGU1-bb466f94-e91b-4052-8d9b-c12b7f9840e5] Object was created but could not be found in the DRC.
[http://chemistry.apache.org/YzkyZWMzOWEtOTY2NS00OGVmLThiMjgtZWU2ODgxNzE1MGI1-c92ec39a-9665-48ef-8b28-ee68817150b5] Object was created but could not be found in the DRC.
[http://chemistry.apache.org/ZWQwMDg2OGMtMmI2NS00MzdlLThmMTItMjZmMDg5YzRlYmIz-ed00868c-2b65-437e-8f12-26f089c4ebb3] Object was created but could not be found in the DRC.
[http://chemistry.apache.org/OWIzYzQxZmUtNzE2OS00ODk5LWFiYTEtM2EyZmJiNWRiYWEwOzEuMA==-9b3c41fe-7169-4899-aba1-3a2fbb5dbaa0] Object was created but could not be found in the DRC.
[http://chemistry.apache.org/OWIzYzQxZmUtNzE2OS00ODk5LWFiYTEtM2EyZmJiNWRiYWEwOzEuMA==-9b3c41fe-7169-4899-aba1-3a2fbb5dbaa0] Object was updated but could not be found in the DRC.
[http://chemistry.apache.org/OWNmOGNmZTItZGVlZi00ZTA3LWEyZGMtOTY3ZWNlZjU0MGYyOzEuMA==-9cf8cfe2-deef-4e07-a2dc-967ecef540f2] Object was created but could not be found in the DRC.
[http://chemistry.apache.org/OWNmOGNmZTItZGVlZi00ZTA3LWEyZGMtOTY3ZWNlZjU0MGYyOzEuMA==-9cf8cfe2-deef-4e07-a2dc-967ecef540f2] Object was updated but could not be found in the DRC.
[http://chemistry.apache.org/OWNmOGNmZTItZGVlZi00ZTA3LWEyZGMtOTY3ZWNlZjU0MGYyOzEuMQ==-9cf8cfe2-deef-4e07-a2dc-967ecef540f2] Object was deleted but could not be found in the ZRC.
[http://chemistry.apache.org/OWIzYzQxZmUtNzE2OS00ODk5LWFiYTEtM2EyZmJiNWRiYWEwOzIuMA==-9b3c41fe-7169-4899-aba1-3a2fbb5dbaa0] Object was deleted but could not be found in the ZRC.
[http://chemistry.apache.org/ZWQwMDg2OGMtMmI2NS00MzdlLThmMTItMjZmMDg5YzRlYmIz-ed00868c-2b65-437e-8f12-26f089c4ebb3] Object was deleted but could not be found in the ZRC.
[http://chemistry.apache.org/YzkyZWMzOWEtOTY2NS00OGVmLThiMjgtZWU2ODgxNzE1MGI1-c92ec39a-9665-48ef-8b28-ee68817150b5] Object was deleted but could not be found in the ZRC.
[http://chemistry.apache.org/YmI0NjZmOTQtZTkxYi00MDUyLThkOWItYzEyYjdmOTg0MGU1-bb466f94-e91b-4052-8d9b-c12b7f9840e5] Object was deleted but could not be found in the ZRC.
[http://chemistry.apache.org/Y2RlNzYyY2YtNmIwZC00MzNhLTg5MjYtNzdhZDBhZjZmOThj-cde762cf-6b0d-433a-8926-77ad0af6f98c] Object was created but could not be found in the DRC.
[http://chemistry.apache.org/MzZhMzQ1ZWEtNjQyOS00Y2YzLWIzMWYtYjE2ZmNjYTg2ZmY5-36a345ea-6429-4cf3-b31f-b16fcca86ff9] Object was created but could not be found in the DRC.
[http://chemistry.apache.org/OWVjYTM5YjQtZWZjYy00NWIxLWJiMjUtYTk4YWU1NWNlZDE3OzEuMA==-9eca39b4-efcc-45b1-bb25-a98ae55ced17] Object was created but could not be found in the DRC.
[http://chemistry.apache.org/OWVjYTM5YjQtZWZjYy00NWIxLWJiMjUtYTk4YWU1NWNlZDE3OzEuMA==-9eca39b4-efcc-45b1-bb25-a98ae55ced17] Object was updated but could not be found in the DRC.
[http://chemistry.apache.org/N2IwZDAzYWUtOTUzYi00OGE2LThiMjktOGQxOWFkNTRiODYwOzEuMA==-7b0d03ae-953b-48a6-8b29-8d19ad54b860] Object was created but could not be found in the DRC.
[http://chemistry.apache.org/N2IwZDAzYWUtOTUzYi00OGE2LThiMjktOGQxOWFkNTRiODYwOzEuMA==-7b0d03ae-953b-48a6-8b29-8d19ad54b860] Object was updated but could not be found in the DRC.
[http://chemistry.apache.org/N2IwZDAzYWUtOTUzYi00OGE2LThiMjktOGQxOWFkNTRiODYwOzEuMA==-7b0d03ae-953b-48a6-8b29-8d19ad54b860] Object was deleted but could not be found in the ZRC.
[http://chemistry.apache.org/OWVjYTM5YjQtZWZjYy00NWIxLWJiMjUtYTk4YWU1NWNlZDE3OzEuMA==-9eca39b4-efcc-45b1-bb25-a98ae55ced17] Object was deleted but could not be found in the ZRC.
[http://chemistry.apache.org/MzZhMzQ1ZWEtNjQyOS00Y2YzLWIzMWYtYjE2ZmNjYTg2ZmY5-36a345ea-6429-4cf3-b31f-b16fcca86ff9] Object was deleted but could not be found in the ZRC.
[http://chemistry.apache.org/Y2RlNzYyY2YtNmIwZC00MzNhLTg5MjYtNzdhZDBhZjZmOThj-cde762cf-6b0d-433a-8926-77ad0af6f98c] Object was deleted but could not be found in the ZRC.
[http://chemistry.apache.org/ZGM1MzhjZmEtNGY2Zi00MDUyLWJjODQtOWI0OGNhZmUxYjNk-dc538cfa-4f6f-4052-bc84-9b48cafe1b3d] Object was created but could not be found in the DRC.
[http://chemistry.apache.org/NDRiZWM0NmEtMGIzNS00MmE1LTk4ZTYtMWU4ZDAxYjY5YzFk-44bec46a-0b35-42a5-98e6-1e8d01b69c1d] Object was created but could not be found in the DRC.
[http://chemistry.apache.org/NzE1ODQzNWMtYzQzMy00MjI1LTg4NmMtOGYwYTU3YzE1N2VjOzEuMA==-7158435c-c433-4225-886c-8f0a57c157ec] Object was created but could not be found in the DRC.
[http://chemistry.apache.org/NzE1ODQzNWMtYzQzMy00MjI1LTg4NmMtOGYwYTU3YzE1N2VjOzEuMA==-7158435c-c433-4225-886c-8f0a57c157ec] Object was updated but could not be found in the DRC.
[http://chemistry.apache.org/NTZjZjU4OTctYWE0My00NGYyLWEzZmYtYmI3OWZjN2E2YTgzOzEuMA==-56cf5897-aa43-44f2-a3ff-bb79fc7a6a83] Object was created but could not be found in the DRC.
[http://chemistry.apache.org/NTZjZjU4OTctYWE0My00NGYyLWEzZmYtYmI3OWZjN2E2YTgzOzEuMA==-56cf5897-aa43-44f2-a3ff-bb79fc7a6a83] Object was updated but could not be found in the DRC.
[http://chemistry.apache.org/NzE1ODQzNWMtYzQzMy00MjI1LTg4NmMtOGYwYTU3YzE1N2VjOzEuMA==-7158435c-c433-4225-886c-8f0a57c157ec] Object was deleted but could not be found in the ZRC.
[http://chemistry.apache.org/NTZjZjU4OTctYWE0My00NGYyLWEzZmYtYmI3OWZjN2E2YTgzOzEuMA==-56cf5897-aa43-44f2-a3ff-bb79fc7a6a83] Object was deleted but could not be found in the ZRC.
[http://chemistry.apache.org/NDRiZWM0NmEtMGIzNS00MmE1LTk4ZTYtMWU4ZDAxYjY5YzFk-44bec46a-0b35-42a5-98e6-1e8d01b69c1d] Object was deleted but could not be found in the ZRC.
[http://chemistry.apache.org/ZGM1MzhjZmEtNGY2Zi00MDUyLWJjODQtOWI0OGNhZmUxYjNk-dc538cfa-4f6f-4052-bc84-9b48cafe1b3d] Object was deleted but could not be found in the ZRC.
[http://chemistry.apache.org/OGU2Mjg3ZTMtNTFhMy00NTQ4LThmM2MtNTQ1NjRkNDFjMzIz-8e6287e3-51a3-4548-8f3c-54564d41c323] Object was created but could not be found in the DRC.
[http://chemistry.apache.org/MmIzMmVmOGEtNzhmNS00NmI5LTgwZGUtY2VlZDIxMDRkOTE0-2b32ef8a-78f5-46b9-80de-ceed2104d914] Object was created but could not be found in the DRC.
[http://chemistry.apache.org/Y2YwMjllYjEtMjA0ZS00NjQzLTlkNjAtYTFmYWM5MTc1NzE1OzEuMA==-cf029eb1-204e-4643-9d60-a1fac9175715] Object was created but could not be found in the DRC.
[http://chemistry.apache.org/Y2YwMjllYjEtMjA0ZS00NjQzLTlkNjAtYTFmYWM5MTc1NzE1OzEuMA==-cf029eb1-204e-4643-9d60-a1fac9175715] Object was updated but could not be found in the DRC.
[http://chemistry.apache.org/MGI2NzE0NDYtZDg5Yy00ZTMyLTkzMmMtNTRkYjg2N2NhODliOzEuMA==-0b671446-d89c-4e32-932c-54db867ca89b] Object was created but could not be found in the DRC.
[http://chemistry.apache.org/MGI2NzE0NDYtZDg5Yy00ZTMyLTkzMmMtNTRkYjg2N2NhODliOzEuMA==-0b671446-d89c-4e32-932c-54db867ca89b] Object was updated but could not be found in the DRC.
[http://chemistry.apache.org/Y2YwMjllYjEtMjA0ZS00NjQzLTlkNjAtYTFmYWM5MTc1NzE1OzEuMA==-cf029eb1-204e-4643-9d60-a1fac9175715] Object was deleted but could not be found in the ZRC.
[http://chemistry.apache.org/MGI2NzE0NDYtZDg5Yy00ZTMyLTkzMmMtNTRkYjg2N2NhODliOzEuMA==-0b671446-d89c-4e32-932c-54db867ca89b] Object was deleted but could not be found in the ZRC.
[http://chemistry.apache.org/MmIzMmVmOGEtNzhmNS00NmI5LTgwZGUtY2VlZDIxMDRkOTE0-2b32ef8a-78f5-46b9-80de-ceed2104d914] Object was deleted but could not be found in the ZRC.
[http://chemistry.apache.org/OGU2Mjg3ZTMtNTFhMy00NTQ4LThmM2MtNTQ1NjRkNDFjMzIz-8e6287e3-51a3-4548-8f3c-54564d41c323] Object was deleted but could not be found in the ZRC.
[http://chemistry.apache.org/MjcyMDI4ZmMtYTkyMi00MmQxLTg3YzMtNWI1NjgxMjg2ZDAx-272028fc-a922-42d1-87c3-5b5681286d01] Object was created but could not be found in the DRC.
[http://chemistry.apache.org/ODllYWZjNzktZWUwYi00ZDAzLTljMTgtOGM4OGJlZGNiMGQz-89eafc79-ee0b-4d03-9c18-8c88bedcb0d3] Object was created but could not be found in the DRC.
[http://chemistry.apache.org/N2Q4NWRkNmEtZjM1NC00ZDFhLTkyOTQtYWVhN2NkNjVlYWI1OzEuMA==-7d85dd6a-f354-4d1a-9294-aea7cd65eab5] Object was created but could not be found in the DRC.
[http://chemistry.apache.org/N2Q4NWRkNmEtZjM1NC00ZDFhLTkyOTQtYWVhN2NkNjVlYWI1OzEuMA==-7d85dd6a-f354-4d1a-9294-aea7cd65eab5] Object was updated but could not be found in the DRC.
[http://chemistry.apache.org/OWNlNTQ5Y2MtYzY3YS00NDFhLTljNzQtMTU4NGM2NDRhYzYwOzEuMA==-9ce549cc-c67a-441a-9c74-1584c644ac60] Object was created but could not be found in the DRC.
[http://chemistry.apache.org/OWNlNTQ5Y2MtYzY3YS00NDFhLTljNzQtMTU4NGM2NDRhYzYwOzEuMA==-9ce549cc-c67a-441a-9c74-1584c644ac60] Object was updated but could not be found in the DRC.
[http://chemistry.apache.org/N2Q4NWRkNmEtZjM1NC00ZDFhLTkyOTQtYWVhN2NkNjVlYWI1OzEuMA==-7d85dd6a-f354-4d1a-9294-aea7cd65eab5] Object was deleted but could not be found in the ZRC.
[http://chemistry.apache.org/OWNlNTQ5Y2MtYzY3YS00NDFhLTljNzQtMTU4NGM2NDRhYzYwOzEuMA==-9ce549cc-c67a-441a-9c74-1584c644ac60] Object was deleted but could not be found in the ZRC.
[http://chemistry.apache.org/ODllYWZjNzktZWUwYi00ZDAzLTljMTgtOGM4OGJlZGNiMGQz-89eafc79-ee0b-4d03-9c18-8c88bedcb0d3] Object was deleted but could not be found in the ZRC.
[http://chemistry.apache.org/MjcyMDI4ZmMtYTkyMi00MmQxLTg3YzMtNWI1NjgxMjg2ZDAx-272028fc-a922-42d1-87c3-5b5681286d01] Object was deleted but could not be found in the ZRC.
[http://chemistry.apache.org/MmU5OWVlNzMtMzYwNy00N2E1LWI4NTUtOTEwYmJkZDJlYmRh-2e99ee73-3607-47a5-b855-910bbdd2ebda] Object was created but could not be found in the DRC.
[http://chemistry.apache.org/NDQ0ZTUyZjMtMGU4MC00NTkxLTgwY2ItNTY2YTJhYzU5YTZi-444e52f3-0e80-4591-80cb-566a2ac59a6b] Object was created but could not be found in the DRC.
[http://chemistry.apache.org/NDQ0ZTUyZjMtMGU4MC00NTkxLTgwY2ItNTY2YTJhYzU5YTZi-444e52f3-0e80-4591-80cb-566a2ac59a6b] Object was deleted but could not be found in the ZRC.
[http://chemistry.apache.org/MmU5OWVlNzMtMzYwNy00N2E1LWI4NTUtOTEwYmJkZDJlYmRh-2e99ee73-3607-47a5-b855-910bbdd2ebda] Object was deleted but could not be found in the ZRC.
[http://chemistry.apache.org/MmQ3ZmRjNWEtYmIzZi00N2M3LWI2MjUtNDBiM2JjMDlmNTNl-2d7fdc5a-bb3f-47c7-b625-40b3bc09f53e] Object was created but could not be found in the DRC.
[http://chemistry.apache.org/ZDJkNGQ3ZjktNmMxOC00ODQ4LWI2YTktMjVlNTU5YjM2OGIz-d2d4d7f9-6c18-4848-b6a9-25e559b368b3] Object was created but could not be found in the DRC.
[http://chemistry.apache.org/ZDJkNGQ3ZjktNmMxOC00ODQ4LWI2YTktMjVlNTU5YjM2OGIz-d2d4d7f9-6c18-4848-b6a9-25e559b368b3] Object was deleted but could not be found in the ZRC.
[http://chemistry.apache.org/MmQ3ZmRjNWEtYmIzZi00N2M3LWI2MjUtNDBiM2JjMDlmNTNl-2d7fdc5a-bb3f-47c7-b625-40b3bc09f53e] Object was deleted but could not be found in the ZRC.
[http://chemistry.apache.org/ZWIxNmY0NjgtZTkyMi00ZTJiLThlZjAtYjZkMzgxNWI4NTIz-eb16f468-e922-4e2b-8ef0-b6d3815b8523] Object was created but could not be found in the DRC.
[http://chemistry.apache.org/MjI3ZjFhMGUtNWM3NC00ZTNkLWI3MWQtM2M3NGZkMjA2ODkx-227f1a0e-5c74-4e3d-b71d-3c74fd206891] Object was created but could not be found in the DRC.
[http://chemistry.apache.org/MjI3ZjFhMGUtNWM3NC00ZTNkLWI3MWQtM2M3NGZkMjA2ODkx-227f1a0e-5c74-4e3d-b71d-3c74fd206891] Object was deleted but could not be found in the ZRC.
[http://chemistry.apache.org/ZWIxNmY0NjgtZTkyMi00ZTJiLThlZjAtYjZkMzgxNWI4NTIz-eb16f468-e922-4e2b-8ef0-b6d3815b8523] Object was deleted but could not be found in the ZRC.
[http://chemistry.apache.org/MGQ5YjQ3NzMtMzY3Yi00YmU3LWEyZTktNGRhZGEzMGQ3MGE4-0d9b4773-367b-4be7-a2e9-4dada30d70a8] Object was created but could not be found in the DRC.
[http://chemistry.apache.org/NjU1NzYxYTMtMTJjNy00NWJjLWFhNTEtNWRmMWY0ZDE0ZWVm-655761a3-12c7-45bc-aa51-5df1f4d14eef] Object was created but could not be found in the DRC.
[http://chemistry.apache.org/NmVhYmRlMDYtZDI5NC00NTYwLWFlYmQtZDIzZjYxMjM0MDNh-6eabde06-d294-4560-aebd-d23f6123403a] Object was created but could not be found in the DRC.
[http://chemistry.apache.org/NjU1NzYxYTMtMTJjNy00NWJjLWFhNTEtNWRmMWY0ZDE0ZWVm-655761a3-12c7-45bc-aa51-5df1f4d14eef] Object was deleted but could not be found in the ZRC.
[http://chemistry.apache.org/NmVhYmRlMDYtZDI5NC00NTYwLWFlYmQtZDIzZjYxMjM0MDNh-6eabde06-d294-4560-aebd-d23f6123403a] Object was deleted but could not be found in the ZRC.
[http://chemistry.apache.org/MGQ5YjQ3NzMtMzY3Yi00YmU3LWEyZTktNGRhZGEzMGQ3MGE4-0d9b4773-367b-4be7-a2e9-4dada30d70a8] Object was deleted but could not be found in the ZRC.
[http://chemistry.apache.org/MzgwMzNjNGYtNGZlOC00MDcyLThlOTctMmU2YWE1NzI1MWE3-38033c4f-4fe8-4072-8e97-2e6aa57251a7] Object was created but could not be found in the DRC.
[http://chemistry.apache.org/MTQyY2VjMmYtMDcwNy00MjFiLTg3ZDQtZjY3MGFmOGEyODg2-142cec2f-0707-421b-87d4-f670af8a2886] Object was created but could not be found in the DRC.
[http://chemistry.apache.org/ODYxODQyZGItMmY0Mi00YjBmLWJiNzUtMjg5Y2E4NWRkODlj-861842db-2f42-4b0f-bb75-289ca85dd89c] Object was created but could not be found in the DRC.
[http://chemistry.apache.org/OTc1MTI1OTEtOTk3MS00ZjIxLWJjNGEtY2U0MGFiM2RhYWQ4OzEuMA==-97512591-9971-4f21-bc4a-ce40ab3daad8] Object was created but could not be found in the DRC.
[http://chemistry.apache.org/OTc1MTI1OTEtOTk3MS00ZjIxLWJjNGEtY2U0MGFiM2RhYWQ4OzEuMA==-97512591-9971-4f21-bc4a-ce40ab3daad8] Object was updated but could not be found in the DRC.
[http://chemistry.apache.org/NmRiMzJjMjYtZmJjZC00NWJhLThhNTItN2JjMTU3NGFmYTllOzEuMA==-6db32c26-fbcd-45ba-8a52-7bc1574afa9e] Object was created but could not be found in the DRC.
[http://chemistry.apache.org/NmRiMzJjMjYtZmJjZC00NWJhLThhNTItN2JjMTU3NGFmYTllOzEuMA==-6db32c26-fbcd-45ba-8a52-7bc1574afa9e] Object was updated but could not be found in the DRC.
[http://chemistry.apache.org/OTc1MTI1OTEtOTk3MS00ZjIxLWJjNGEtY2U0MGFiM2RhYWQ4OzEuMA==-97512591-9971-4f21-bc4a-ce40ab3daad8] Object was deleted but could not be found in the ZRC.
[http://chemistry.apache.org/NmRiMzJjMjYtZmJjZC00NWJhLThhNTItN2JjMTU3NGFmYTllOzEuMA==-6db32c26-fbcd-45ba-8a52-7bc1574afa9e] Object was deleted but could not be found in the ZRC.
[http://chemistry.apache.org/ODYxODQyZGItMmY0Mi00YjBmLWJiNzUtMjg5Y2E4NWRkODlj-861842db-2f42-4b0f-bb75-289ca85dd89c] Object was deleted but could not be found in the ZRC.
[http://chemistry.apache.org/MTQyY2VjMmYtMDcwNy00MjFiLTg3ZDQtZjY3MGFmOGEyODg2-142cec2f-0707-421b-87d4-f670af8a2886] Object was deleted but could not be found in the ZRC.
[http://chemistry.apache.org/MzgwMzNjNGYtNGZlOC00MDcyLThlOTctMmU2YWE1NzI1MWE3-38033c4f-4fe8-4072-8e97-2e6aa57251a7] Object was deleted but could not be found in the ZRC.
[http://chemistry.apache.org/NmUzYzc1ZTgtNGE4Ni00ZGM2LWI5ZDgtMmIyNmExYmE1ZGYz-6e3c75e8-4a86-4dc6-b9d8-2b26a1ba5df3] Object was created but could not be found in the DRC.
[http://chemistry.apache.org/MTA5MzY4ODItMDM2My00MDhkLTk0M2UtYTA5OWRmMWRiMGY5-10936882-0363-408d-943e-a099df1db0f9] Object was created but could not be found in the DRC.
[http://chemistry.apache.org/MWExYTZlNjEtNDM0ZS00YjUxLWIzODgtNWVjYWZiZDdiODZi-1a1a6e61-434e-4b51-b388-5ecafbd7b86b] Object was created but could not be found in the DRC.
[http://chemistry.apache.org/MmZiMmQzM2QtNDlhOS00MTI1LWJjNDYtZGEwM2Q1NmIwMzJlOzEuMA==-2fb2d33d-49a9-4125-bc46-da03d56b032e] Object was created but could not be found in the DRC.
[http://chemistry.apache.org/MmZiMmQzM2QtNDlhOS00MTI1LWJjNDYtZGEwM2Q1NmIwMzJlOzEuMA==-2fb2d33d-49a9-4125-bc46-da03d56b032e] Object was updated but could not be found in the DRC.
[http://chemistry.apache.org/Mjc3ZjYyZmYtNjg0YS00OGIxLTg1NTQtNDZmNDBhOTJlYjAyOzEuMA==-277f62ff-684a-48b1-8554-46f40a92eb02] Object was created but could not be found in the DRC.
[http://chemistry.apache.org/Mjc3ZjYyZmYtNjg0YS00OGIxLTg1NTQtNDZmNDBhOTJlYjAyOzEuMA==-277f62ff-684a-48b1-8554-46f40a92eb02] Object was updated but could not be found in the DRC.
[http://chemistry.apache.org/Mjc3ZjYyZmYtNjg0YS00OGIxLTg1NTQtNDZmNDBhOTJlYjAyOzEuMQ==-277f62ff-684a-48b1-8554-46f40a92eb02] Object was deleted but could not be found in the ZRC.
[http://chemistry.apache.org/MmZiMmQzM2QtNDlhOS00MTI1LWJjNDYtZGEwM2Q1NmIwMzJlOzIuMA==-2fb2d33d-49a9-4125-bc46-da03d56b032e] Object was deleted but could not be found in the ZRC.
[http://chemistry.apache.org/MWExYTZlNjEtNDM0ZS00YjUxLWIzODgtNWVjYWZiZDdiODZi-1a1a6e61-434e-4b51-b388-5ecafbd7b86b] Object was deleted but could not be found in the ZRC.
[http://chemistry.apache.org/MTA5MzY4ODItMDM2My00MDhkLTk0M2UtYTA5OWRmMWRiMGY5-10936882-0363-408d-943e-a099df1db0f9] Object was deleted but could not be found in the ZRC.
[http://chemistry.apache.org/NmUzYzc1ZTgtNGE4Ni00ZGM2LWI5ZDgtMmIyNmExYmE1ZGYz-6e3c75e8-4a86-4dc6-b9d8-2b26a1ba5df3] Object was deleted but could not be found in the ZRC.
[http://chemistry.apache.org/MTlhYzc4ZWQtZTlkOC00ZDZjLWE2YmItOGM4YjBhMjUyYjk1-19ac78ed-e9d8-4d6c-a6bb-8c8b0a252b95] Object was created but could not be found in the DRC.
[http://chemistry.apache.org/YmY5OGEyNmItYWE1NC00ZTVlLTg3YmEtODNkYjBhNDRjMjU4-bf98a26b-aa54-4e5e-87ba-83db0a44c258] Object was created but could not be found in the DRC.
[http://chemistry.apache.org/ZDg2MzJmMmYtYWNjMi00N2NhLTljN2QtNWU2MDhiMDAzNzRl-d8632f2f-acc2-47ca-9c7d-5e608b00374e] Object was created but could not be found in the DRC.
[http://chemistry.apache.org/NDhjYTcxNmUtZjFlOS00OGQwLThhMjEtZWQ3NzQ4ODUzZjhiOzEuMA==-48ca716e-f1e9-48d0-8a21-ed7748853f8b] Object was created but could not be found in the DRC.
[http://chemistry.apache.org/NDhjYTcxNmUtZjFlOS00OGQwLThhMjEtZWQ3NzQ4ODUzZjhiOzEuMA==-48ca716e-f1e9-48d0-8a21-ed7748853f8b] Object was updated but could not be found in the DRC.
[http://chemistry.apache.org/ODRkMmYwMTYtZjlmMi00NWYxLTk4NGYtNGE4ZmI5Y2FiZjQ0OzEuMA==-84d2f016-f9f2-45f1-984f-4a8fb9cabf44] Object was created but could not be found in the DRC.
[http://chemistry.apache.org/ODRkMmYwMTYtZjlmMi00NWYxLTk4NGYtNGE4ZmI5Y2FiZjQ0OzEuMA==-84d2f016-f9f2-45f1-984f-4a8fb9cabf44] Object was updated but could not be found in the DRC.
[http://chemistry.apache.org/NDhjYTcxNmUtZjFlOS00OGQwLThhMjEtZWQ3NzQ4ODUzZjhiOzEuMA==-48ca716e-f1e9-48d0-8a21-ed7748853f8b] Object was deleted but could not be found in the ZRC.
[http://chemistry.apache.org/ODRkMmYwMTYtZjlmMi00NWYxLTk4NGYtNGE4ZmI5Y2FiZjQ0OzEuMA==-84d2f016-f9f2-45f1-984f-4a8fb9cabf44] Object was deleted but could not be found in the ZRC.
[http://chemistry.apache.org/ZDg2MzJmMmYtYWNjMi00N2NhLTljN2QtNWU2MDhiMDAzNzRl-d8632f2f-acc2-47ca-9c7d-5e608b00374e] Object was deleted but could not be found in the ZRC.
[http://chemistry.apache.org/YmY5OGEyNmItYWE1NC00ZTVlLTg3YmEtODNkYjBhNDRjMjU4-bf98a26b-aa54-4e5e-87ba-83db0a44c258] Object was deleted but could not be found in the ZRC.
[http://chemistry.apache.org/MTlhYzc4ZWQtZTlkOC00ZDZjLWE2YmItOGM4YjBhMjUyYjk1-19ac78ed-e9d8-4d6c-a6bb-8c8b0a252b95] Object was deleted but could not be found in the ZRC.
[http://chemistry.apache.org/NDA1MDJjNDItZmQzMi00OWZiLWEwNTItNjg0NTM1YjUxZTcz-40502c42-fd32-49fb-a052-684535b51e73] Object was created but could not be found in the DRC.
[http://chemistry.apache.org/YjI0NTlhMDYtODI4NC00YzMzLTllNjctMjM1M2NhYTA4MTMx-b2459a06-8284-4c33-9e67-2353caa08131] Object was created but could not be found in the DRC.
[http://chemistry.apache.org/Yzc1NTI4NDMtNDcwZi00NmMyLWE1ODQtYWY3ZTRmM2M3YjE3-c7552843-470f-46c2-a584-af7e4f3c7b17] Object was created but could not be found in the DRC.
[http://chemistry.apache.org/YmJjNTA5NTctNDBiZS00MzgwLWI2MzktYjRkNzZkMWRiYjdlOzEuMA==-bbc50957-40be-4380-b639-b4d76d1dbb7e] Object was created but could not be found in the DRC.
[http://chemistry.apache.org/YmJjNTA5NTctNDBiZS00MzgwLWI2MzktYjRkNzZkMWRiYjdlOzEuMA==-bbc50957-40be-4380-b639-b4d76d1dbb7e] Object was updated but could not be found in the DRC.
[http://chemistry.apache.org/YmJjNTA5NTctNDBiZS00MzgwLWI2MzktYjRkNzZkMWRiYjdlOzEuMQ==-bbc50957-40be-4380-b639-b4d76d1dbb7e] Object was deleted but could not be found in the ZRC.
[http://chemistry.apache.org/Yzc1NTI4NDMtNDcwZi00NmMyLWE1ODQtYWY3ZTRmM2M3YjE3-c7552843-470f-46c2-a584-af7e4f3c7b17] Object was deleted but could not be found in the ZRC.
[http://chemistry.apache.org/YjI0NTlhMDYtODI4NC00YzMzLTllNjctMjM1M2NhYTA4MTMx-b2459a06-8284-4c33-9e67-2353caa08131] Object was deleted but could not be found in the ZRC.
[http://chemistry.apache.org/NDA1MDJjNDItZmQzMi00OWZiLWEwNTItNjg0NTM1YjUxZTcz-40502c42-fd32-49fb-a052-684535b51e73] Object was deleted but could not be found in the ZRC.
[http://chemistry.apache.org/MDc4NGU0NWQtNTFmMy00NzJkLWJlNzEtODkwYThiNWMzZjlj-0784e45d-51f3-472d-be71-890a8b5c3f9c] Object was created but could not be found in the DRC.
[http://chemistry.apache.org/OWVlMzk1YmMtMWM4NC00ZDVjLWI1ZjgtYTQ5YTFmNmI3YTUxOzEuMA==-9ee395bc-1c84-4d5c-b5f8-a49a1f6b7a51] Object was created but could not be found in the DRC.
[http://chemistry.apache.org/OWVlMzk1YmMtMWM4NC00ZDVjLWI1ZjgtYTQ5YTFmNmI3YTUxOzEuMA==-9ee395bc-1c84-4d5c-b5f8-a49a1f6b7a51] Object was updated but could not be found in the DRC.
[http://chemistry.apache.org/OWVlMzk1YmMtMWM4NC00ZDVjLWI1ZjgtYTQ5YTFmNmI3YTUxOzEuMA==-9ee395bc-1c84-4d5c-b5f8-a49a1f6b7a51] Object was deleted but could not be found in the ZRC.
[http://chemistry.apache.org/MDc4NGU0NWQtNTFmMy00NzJkLWJlNzEtODkwYThiNWMzZjlj-0784e45d-51f3-472d-be71-890a8b5c3f9c] Object was deleted but could not be found in the ZRC.
[http://chemistry.apache.org/OGU4Zjk5NGUtNDEzNS00YzAzLWI3YWEtMDMwMDhiZTVlMDA5-8e8f994e-4135-4c03-b7aa-03008be5e009] Object was created but could not be found in the DRC.
[http://chemistry.apache.org/NTA3OGMwNDQtZTUxNS00YTc4LTkyZGYtNjZmZDg0MjljMzI2-5078c044-e515-4a78-92df-66fd8429c326] Object was created but could not be found in the DRC.
[http://chemistry.apache.org/YmI3MGU0MmQtOTQyZi00OTlkLTlkNGYtMzU5ZDE0MjBlN2U5OzEuMA==-bb70e42d-942f-499d-9d4f-359d1420e7e9] Object was created but could not be found in the DRC.
[http://chemistry.apache.org/YmI3MGU0MmQtOTQyZi00OTlkLTlkNGYtMzU5ZDE0MjBlN2U5OzEuMA==-bb70e42d-942f-499d-9d4f-359d1420e7e9] Object was updated but could not be found in the DRC.
[http://chemistry.apache.org/YmI3MGU0MmQtOTQyZi00OTlkLTlkNGYtMzU5ZDE0MjBlN2U5OzEuMQ==-bb70e42d-942f-499d-9d4f-359d1420e7e9] Object was deleted but could not be found in the ZRC.
[http://chemistry.apache.org/NTA3OGMwNDQtZTUxNS00YTc4LTkyZGYtNjZmZDg0MjljMzI2-5078c044-e515-4a78-92df-66fd8429c326] Object was deleted but could not be found in the ZRC.
[http://chemistry.apache.org/OGU4Zjk5NGUtNDEzNS00YzAzLWI3YWEtMDMwMDhiZTVlMDA5-8e8f994e-4135-4c03-b7aa-03008be5e009] Object was deleted but could not be found in the ZRC.
[http://chemistry.apache.org/MzkzMTdkY2MtOWUzMi00MjlmLTkyZGUtZmUwZmQwNzQwNjBi-39317dcc-9e32-429f-92de-fe0fd074060b] Object was created but could not be found in the DRC.
[http://chemistry.apache.org/NTU3MzRiZGItOTI5Yi00Y2M2LTgxMDYtZWFmM2I5N2Y0NTBm-55734bdb-929b-4cc6-8106-eaf3b97f450f] Object was created but could not be found in the DRC.
[http://chemistry.apache.org/NTU3MzRiZGItOTI5Yi00Y2M2LTgxMDYtZWFmM2I5N2Y0NTBm-55734bdb-929b-4cc6-8106-eaf3b97f450f] Object was deleted but could not be found in the ZRC.
[http://chemistry.apache.org/MzkzMTdkY2MtOWUzMi00MjlmLTkyZGUtZmUwZmQwNzQwNjBi-39317dcc-9e32-429f-92de-fe0fd074060b] Object was deleted but could not be found in the ZRC.
[http://chemistry.apache.org/ZTVhZjA5ZWItNzNlZC00Y2U0LWFjMWUtMTI1MzAzZGQwY2Fm-e5af09eb-73ed-4ce4-ac1e-125303dd0caf] Object was created but could not be found in the DRC.
[http://chemistry.apache.org/N2EzOGU0YzUtNGQ0MS00MjEwLWIwNmEtZWExMGRlY2ExNTEz-7a38e4c5-4d41-4210-b06a-ea10deca1513] Object was created but could not be found in the DRC.
[http://chemistry.apache.org/Yzk0MGM2MzAtNjYwMi00MTZkLTlkZjItM2U0M2RhMDhkYTUwOzEuMA==-c940c630-6602-416d-9df2-3e43da08da50] Object was created but could not be found in the DRC.
[http://chemistry.apache.org/Yzk0MGM2MzAtNjYwMi00MTZkLTlkZjItM2U0M2RhMDhkYTUwOzEuMA==-c940c630-6602-416d-9df2-3e43da08da50] Object was updated but could not be found in the DRC.
[http://chemistry.apache.org/Yzk0MGM2MzAtNjYwMi00MTZkLTlkZjItM2U0M2RhMDhkYTUwOzEuMA==-c940c630-6602-416d-9df2-3e43da08da50] Object was deleted but could not be found in the ZRC.
[http://chemistry.apache.org/N2EzOGU0YzUtNGQ0MS00MjEwLWIwNmEtZWExMGRlY2ExNTEz-7a38e4c5-4d41-4210-b06a-ea10deca1513] Object was deleted but could not be found in the ZRC.
[http://chemistry.apache.org/ZTVhZjA5ZWItNzNlZC00Y2U0LWFjMWUtMTI1MzAzZGQwY2Fm-e5af09eb-73ed-4ce4-ac1e-125303dd0caf] Object was deleted but could not be found in the ZRC.
[http://chemistry.apache.org/ZjQ2NGIzYjctYWRhMi00MzgxLWE4MGItNTJhYTU2YWI4ZGFm-f464b3b7-ada2-4381-a80b-52aa56ab8daf] Object was created but could not be found in the DRC.
[http://chemistry.apache.org/NDBkMmUxZGUtYjZkNS00YWM1LTg5NDYtNmUzMjFhZTQ2ZThk-40d2e1de-b6d5-4ac5-8946-6e321ae46e8d] Object was created but could not be found in the DRC.
[http://chemistry.apache.org/NGI3MjE0MzktMzE0MC00M2I4LWE3OWYtZDljM2QzNGYzZGYxOzEuMA==-4b721439-3140-43b8-a79f-d9c3d34f3df1] Object was created but could not be found in the DRC.
[http://chemistry.apache.org/NGI3MjE0MzktMzE0MC00M2I4LWE3OWYtZDljM2QzNGYzZGYxOzEuMA==-4b721439-3140-43b8-a79f-d9c3d34f3df1] Object was updated but could not be found in the DRC.
[http://chemistry.apache.org/NGI3MjE0MzktMzE0MC00M2I4LWE3OWYtZDljM2QzNGYzZGYxOzEuMA==-4b721439-3140-43b8-a79f-d9c3d34f3df1] Object was deleted but could not be found in the ZRC.
[http://chemistry.apache.org/NDBkMmUxZGUtYjZkNS00YWM1LTg5NDYtNmUzMjFhZTQ2ZThk-40d2e1de-b6d5-4ac5-8946-6e321ae46e8d] Object was deleted but could not be found in the ZRC.
[http://chemistry.apache.org/ZjQ2NGIzYjctYWRhMi00MzgxLWE4MGItNTJhYTU2YWI4ZGFm-f464b3b7-ada2-4381-a80b-52aa56ab8daf] Object was deleted but could not be found in the ZRC.
[http://chemistry.apache.org/MzM4N2U0ZTItNjkzMS00ZTllLWExMDYtMTNkMWExOTg4MDM1-3387e4e2-6931-4e9e-a106-13d1a1988035] Object was created but could not be found in the DRC.
[http://chemistry.apache.org/NjJlMGY5MDItZDU2MC00YjNkLWI1MzMtODAzZDE3ZWIwYThi-62e0f902-d560-4b3d-b533-803d17eb0a8b] Object was created but could not be found in the DRC.
[http://chemistry.apache.org/YThmNmI4MGQtMTNjMS00N2I3LTkyNjYtOWY1MzA5YmZmMWM0OzEuMA==-a8f6b80d-13c1-47b7-9266-9f5309bff1c4] Object was created but could not be found in the DRC.
[http://chemistry.apache.org/YThmNmI4MGQtMTNjMS00N2I3LTkyNjYtOWY1MzA5YmZmMWM0OzEuMA==-a8f6b80d-13c1-47b7-9266-9f5309bff1c4] Object was updated but could not be found in the DRC.
[http://chemistry.apache.org/YThmNmI4MGQtMTNjMS00N2I3LTkyNjYtOWY1MzA5YmZmMWM0OzEuMA==-a8f6b80d-13c1-47b7-9266-9f5309bff1c4] Object was deleted but could not be found in the ZRC.
[http://chemistry.apache.org/NjJlMGY5MDItZDU2MC00YjNkLWI1MzMtODAzZDE3ZWIwYThi-62e0f902-d560-4b3d-b533-803d17eb0a8b] Object was deleted but could not be found in the ZRC.
[http://chemistry.apache.org/MzM4N2U0ZTItNjkzMS00ZTllLWExMDYtMTNkMWExOTg4MDM1-3387e4e2-6931-4e9e-a106-13d1a1988035] Object was deleted but could not be found in the ZRC.
[http://chemistry.apache.org/MDQ0ZDU0YWQtZjQ5MC00NzcyLTgzYzgtMzU3ZjNmMTg4OGMw-044d54ad-f490-4772-83c8-357f3f1888c0] Object was created but could not be found in the DRC.
[http://chemistry.apache.org/NDYzZjlhNjAtYjZiMi00OTEyLTliOGUtMTI0YTViMmNkOGRi-463f9a60-b6b2-4912-9b8e-124a5b2cd8db] Object was created but could not be found in the DRC.
[http://chemistry.apache.org/OTM4NDM3MTAtYWNlYi00NDQ1LTk4NjQtYThhNTUwMWQ2M2VmOzEuMA==-93843710-aceb-4445-9864-a8a5501d63ef] Object was created but could not be found in the DRC.
[http://chemistry.apache.org/OTM4NDM3MTAtYWNlYi00NDQ1LTk4NjQtYThhNTUwMWQ2M2VmOzEuMA==-93843710-aceb-4445-9864-a8a5501d63ef] Object was updated but could not be found in the DRC.
[http://chemistry.apache.org/MmMyZDE2NjgtMjMwMS00OGE1LWIyNDEtNTZjNTg2ZWE4MGI1-2c2d1668-2301-48a5-b241-56c586ea80b5] Object was created but could not be found in the DRC.
[http://chemistry.apache.org/OTM4NDM3MTAtYWNlYi00NDQ1LTk4NjQtYThhNTUwMWQ2M2VmOzEuMA==-93843710-aceb-4445-9864-a8a5501d63ef] Object was deleted but could not be found in the ZRC.
[http://chemistry.apache.org/MmMyZDE2NjgtMjMwMS00OGE1LWIyNDEtNTZjNTg2ZWE4MGI1-2c2d1668-2301-48a5-b241-56c586ea80b5] Object was deleted but could not be found in the ZRC.
[http://chemistry.apache.org/NDYzZjlhNjAtYjZiMi00OTEyLTliOGUtMTI0YTViMmNkOGRi-463f9a60-b6b2-4912-9b8e-124a5b2cd8db] Object was deleted but could not be found in the ZRC.
[http://chemistry.apache.org/MDQ0ZDU0YWQtZjQ5MC00NzcyLTgzYzgtMzU3ZjNmMTg4OGMw-044d54ad-f490-4772-83c8-357f3f1888c0] Object was deleted but could not be found in the ZRC.
[http://chemistry.apache.org/YTlkMDQ5MmYtZWJiNi00YzJkLTg3MjMtNTRkNzU5MTRjNzBl-a9d0492f-ebb6-4c2d-8723-54d75914c70e] Object was created but could not be found in the DRC.
[http://chemistry.apache.org/NzEzMjM4YWEtMWI1ZC00NWQ5LWJjYWUtMDJkOWVhZGQyOWFk-713238aa-1b5d-45d9-bcae-02d9eadd29ad] Object was created but could not be found in the DRC.
[http://chemistry.apache.org/NDczMjczNDQtZDEwYS00NDZiLTgxNjItYmY5ZGMxNzIyOWVi-47327344-d10a-446b-8162-bf9dc17229eb] Object was created but could not be found in the DRC.
[http://chemistry.apache.org/OWMwMzlhN2UtZjY3MC00OTUyLTljNWYtZjk2MjgzNDhhNDJmOzEuMA==-9c039a7e-f670-4952-9c5f-f9628348a42f] Object was created but could not be found in the DRC.
[http://chemistry.apache.org/OWMwMzlhN2UtZjY3MC00OTUyLTljNWYtZjk2MjgzNDhhNDJmOzEuMA==-9c039a7e-f670-4952-9c5f-f9628348a42f] Object was updated but could not be found in the DRC.
[http://chemistry.apache.org/NDczMjczNDQtZDEwYS00NDZiLTgxNjItYmY5ZGMxNzIyOWVi-47327344-d10a-446b-8162-bf9dc17229eb] Object was deleted but could not be found in the ZRC.
[http://chemistry.apache.org/OWMwMzlhN2UtZjY3MC00OTUyLTljNWYtZjk2MjgzNDhhNDJmOzEuMA==-9c039a7e-f670-4952-9c5f-f9628348a42f] Object was deleted but could not be found in the ZRC.
[http://chemistry.apache.org/NzEzMjM4YWEtMWI1ZC00NWQ5LWJjYWUtMDJkOWVhZGQyOWFk-713238aa-1b5d-45d9-bcae-02d9eadd29ad] Object was deleted but could not be found in the ZRC.
[http://chemistry.apache.org/YTlkMDQ5MmYtZWJiNi00YzJkLTg3MjMtNTRkNzU5MTRjNzBl-a9d0492f-ebb6-4c2d-8723-54d75914c70e] Object was deleted but could not be found in the ZRC.
[http://chemistry.apache.org/OGI0OGY5YWUtNjM0OS00NjQxLWExN2ItNGZjOTNiNjYyYmM0-8b48f9ae-6349-4641-a17b-4fc93b662bc4] Object was created but could not be found in the DRC.
[http://chemistry.apache.org/OGU3Y2U3OTktNTMzNi00OTZhLWE2MjctYzk5NjEwMmJjNTM3-8e7ce799-5336-496a-a627-c996102bc537] Object was created but could not be found in the DRC.
[http://chemistry.apache.org/ZDk5NDY2MDMtZWQwYS00ZGI3LWE2Y2UtZmRlZjQxOGZhMjBjOzEuMA==-d9946603-ed0a-4db7-a6ce-fdef418fa20c] Object was created but could not be found in the DRC.
[http://chemistry.apache.org/ZDk5NDY2MDMtZWQwYS00ZGI3LWE2Y2UtZmRlZjQxOGZhMjBjOzEuMA==-d9946603-ed0a-4db7-a6ce-fdef418fa20c] Object was updated but could not be found in the DRC.
[http://chemistry.apache.org/ZDk5NDY2MDMtZWQwYS00ZGI3LWE2Y2UtZmRlZjQxOGZhMjBjOzEuMA==-d9946603-ed0a-4db7-a6ce-fdef418fa20c] Object was deleted but could not be found in the ZRC.
[http://chemistry.apache.org/YmU1ZDMxNTAtNGI3NS00ODY0LWEyODgtMmRjODczODY4OTQy-be5d3150-4b75-4864-a288-2dc873868942] Object was created but could not be found in the DRC.
[http://chemistry.apache.org/YmU1ZDMxNTAtNGI3NS00ODY0LWEyODgtMmRjODczODY4OTQy-be5d3150-4b75-4864-a288-2dc873868942] Object was deleted but could not be found in the ZRC.
[http://chemistry.apache.org/OGU3Y2U3OTktNTMzNi00OTZhLWE2MjctYzk5NjEwMmJjNTM3-8e7ce799-5336-496a-a627-c996102bc537] Object was deleted but could not be found in the ZRC.
[http://chemistry.apache.org/OGI0OGY5YWUtNjM0OS00NjQxLWExN2ItNGZjOTNiNjYyYmM0-8b48f9ae-6349-4641-a17b-4fc93b662bc4] Object was deleted but could not be found in the ZRC.
[http://chemistry.apache.org/NjgzZWE4NWUtMDU1Yy00YjNiLTlmZTEtZDRkNjBjYjlmMzU5-683ea85e-055c-4b3b-9fe1-d4d60cb9f359] Object was created but could not be found in the DRC.
[http://chemistry.apache.org/ZmY3MWRjMTItMThkNy00MTUyLWJiM2MtY2Y2YjM4ZjI1OGViOzEuMA==-ff71dc12-18d7-4152-bb3c-cf6b38f258eb] Object was created but could not be found in the DRC.
[http://chemistry.apache.org/ZmY3MWRjMTItMThkNy00MTUyLWJiM2MtY2Y2YjM4ZjI1OGViOzEuMA==-ff71dc12-18d7-4152-bb3c-cf6b38f258eb] Object was updated but could not be found in the DRC.
[http://chemistry.apache.org/ZmY3MWRjMTItMThkNy00MTUyLWJiM2MtY2Y2YjM4ZjI1OGViOzEuMQ==-ff71dc12-18d7-4152-bb3c-cf6b38f258eb] Object was deleted but could not be found in the ZRC.
[http://chemistry.apache.org/NjgzZWE4NWUtMDU1Yy00YjNiLTlmZTEtZDRkNjBjYjlmMzU5-683ea85e-055c-4b3b-9fe1-d4d60cb9f359] Object was deleted but could not be found in the ZRC.
[http://chemistry.apache.org/ZmVmMzRkNDEtYTVhZi00YTQwLWJlYjYtMGIzYTA1YjE2NTQ4-fef34d41-a5af-4a40-beb6-0b3a05b16548] Object was created but could not be found in the DRC.
[http://chemistry.apache.org/Nzg5MDhlNWQtMDgyOS00M2ZkLTgxZWEtZjgxYTQyMzhjMTM2OzEuMA==-78908e5d-0829-43fd-81ea-f81a4238c136] Object was created but could not be found in the DRC.
[http://chemistry.apache.org/Nzg5MDhlNWQtMDgyOS00M2ZkLTgxZWEtZjgxYTQyMzhjMTM2OzEuMA==-78908e5d-0829-43fd-81ea-f81a4238c136] Object was updated but could not be found in the DRC.
[http://chemistry.apache.org/Nzg5MDhlNWQtMDgyOS00M2ZkLTgxZWEtZjgxYTQyMzhjMTM2OzEuMA==-78908e5d-0829-43fd-81ea-f81a4238c136] Object was deleted but could not be found in the ZRC.
[http://chemistry.apache.org/ZmVmMzRkNDEtYTVhZi00YTQwLWJlYjYtMGIzYTA1YjE2NTQ4-fef34d41-a5af-4a40-beb6-0b3a05b16548] Object was deleted but could not be found in the ZRC.
[http://chemistry.apache.org/MzliYzE1NTMtZmNkYi00ZjA2LTljZGEtNjEyYjA3NzQxZDM3-39bc1553-fcdb-4f06-9cda-612b07741d37] Object was created but could not be found in the DRC.
[http://chemistry.apache.org/Y2Y3ZjczMTktOTk5NS00YmYxLWEzN2QtNTI3MDE1MWQxNzZh-cf7f7319-9995-4bf1-a37d-5270151d176a] Object was created but could not be found in the DRC.
[http://chemistry.apache.org/Y2Y3ZjczMTktOTk5NS00YmYxLWEzN2QtNTI3MDE1MWQxNzZh-cf7f7319-9995-4bf1-a37d-5270151d176a] Object was deleted but could not be found in the ZRC.
[http://chemistry.apache.org/MzliYzE1NTMtZmNkYi00ZjA2LTljZGEtNjEyYjA3NzQxZDM3-39bc1553-fcdb-4f06-9cda-612b07741d37] Object was deleted but could not be found in the ZRC.
[http://chemistry.apache.org/ZjZhOTRhNTYtMzU4Mi00YmMzLTk0NmItYzk4ZDM1MzdlNTNi-f6a94a56-3582-4bc3-946b-c98d3537e53b] Object was created but could not be found in the DRC.
[http://chemistry.apache.org/YTJjMzMyZTktNTJkYy00NmZmLTk2NDktYjc2Y2UxODVmZjNk-a2c332e9-52dc-46ff-9649-b76ce185ff3d] Object was created but could not be found in the DRC.
[http://chemistry.apache.org/YTJjMzMyZTktNTJkYy00NmZmLTk2NDktYjc2Y2UxODVmZjNk-a2c332e9-52dc-46ff-9649-b76ce185ff3d] Object was deleted but could not be found in the ZRC.
[http://chemistry.apache.org/ZjZhOTRhNTYtMzU4Mi00YmMzLTk0NmItYzk4ZDM1MzdlNTNi-f6a94a56-3582-4bc3-946b-c98d3537e53b] Object was deleted but could not be found in the ZRC.
[http://chemistry.apache.org/YTZjMjYxMzAtNGI3OS00NWU3LThmMWEtMDRmZDM1ZmMyNjRl-a6c26130-4b79-45e7-8f1a-04fd35fc264e] Object was created but could not be found in the DRC.
[http://chemistry.apache.org/ODViMjA4ODEtNmQ3Yy00ZTg4LTkxMGMtNjI0ZmY1ZGIxYmNj-85b20881-6d7c-4e88-910c-624ff5db1bcc] Object was created but could not be found in the DRC.
[http://chemistry.apache.org/YjI2YWJmOTgtYjNmNy00MzY2LTkzMDItNDIwMTQ2NzAyODMy-b26abf98-b3f7-4366-9302-420146702832] Object was created but could not be found in the DRC.
[http://chemistry.apache.org/NTQxNTZkYmEtMDI2YS00ODJhLTkwOGItMzQzYzg5ODFiYTBkOzEuMA==-54156dba-026a-482a-908b-343c8981ba0d] Object was created but could not be found in the DRC.
[http://chemistry.apache.org/NTQxNTZkYmEtMDI2YS00ODJhLTkwOGItMzQzYzg5ODFiYTBkOzEuMA==-54156dba-026a-482a-908b-343c8981ba0d] Object was updated but could not be found in the DRC.
[http://chemistry.apache.org/ZTE2Y2IwZGUtY2RjMC00N2Y3LTlkYzQtODM3ZjAzMDNlNDhmOzEuMA==-e16cb0de-cdc0-47f7-9dc4-837f0303e48f] Object was created but could not be found in the DRC.
[http://chemistry.apache.org/ZTE2Y2IwZGUtY2RjMC00N2Y3LTlkYzQtODM3ZjAzMDNlNDhmOzEuMA==-e16cb0de-cdc0-47f7-9dc4-837f0303e48f] Object was updated but could not be found in the DRC.
[http://chemistry.apache.org/NTQxNTZkYmEtMDI2YS00ODJhLTkwOGItMzQzYzg5ODFiYTBkOzEuMA==-54156dba-026a-482a-908b-343c8981ba0d] Object was deleted but could not be found in the ZRC.
[http://chemistry.apache.org/ZTE2Y2IwZGUtY2RjMC00N2Y3LTlkYzQtODM3ZjAzMDNlNDhmOzEuMA==-e16cb0de-cdc0-47f7-9dc4-837f0303e48f] Object was deleted but could not be found in the ZRC.
[http://chemistry.apache.org/YjI2YWJmOTgtYjNmNy00MzY2LTkzMDItNDIwMTQ2NzAyODMy-b26abf98-b3f7-4366-9302-420146702832] Object was deleted but could not be found in the ZRC.
[http://chemistry.apache.org/ODViMjA4ODEtNmQ3Yy00ZTg4LTkxMGMtNjI0ZmY1ZGIxYmNj-85b20881-6d7c-4e88-910c-624ff5db1bcc] Object was deleted but could not be found in the ZRC.
[http://chemistry.apache.org/YTZjMjYxMzAtNGI3OS00NWU3LThmMWEtMDRmZDM1ZmMyNjRl-a6c26130-4b79-45e7-8f1a-04fd35fc264e] Object was deleted but could not be found in the ZRC.
[http://chemistry.apache.org/MzEyY2QzYWQtN2JkOS00ZDJmLTg3Y2QtZjFlOTNkZmI0NDY3-312cd3ad-7bd9-4d2f-87cd-f1e93dfb4467] Object was created but could not be found in the DRC.
[http://chemistry.apache.org/YzE1ZWU1NWQtMDc3My00NDhhLWJlMmMtZWQ2ODc3MzQ0MWM4-c15ee55d-0773-448a-be2c-ed68773441c8] Object was created but could not be found in the DRC.
[http://chemistry.apache.org/MzBiZWIzNGUtNDFjOC00OGRiLWI0OWYtZWEzMWE0OTQzY2Nl-30beb34e-41c8-48db-b49f-ea31a4943cce] Object was created but could not be found in the DRC.
[http://chemistry.apache.org/NWU2ZDg4YjctZWZlMy00YTBhLWE3ZDUtMmI1Y2RlZDFjNTdmOzEuMA==-5e6d88b7-efe3-4a0a-a7d5-2b5cded1c57f] Object was created but could not be found in the DRC.
[http://chemistry.apache.org/NWU2ZDg4YjctZWZlMy00YTBhLWE3ZDUtMmI1Y2RlZDFjNTdmOzEuMA==-5e6d88b7-efe3-4a0a-a7d5-2b5cded1c57f] Object was updated but could not be found in the DRC.
[http://chemistry.apache.org/NWU2ZDg4YjctZWZlMy00YTBhLWE3ZDUtMmI1Y2RlZDFjNTdmOzEuMA==-5e6d88b7-efe3-4a0a-a7d5-2b5cded1c57f] Object was deleted but could not be found in the ZRC.
[http://chemistry.apache.org/MzBiZWIzNGUtNDFjOC00OGRiLWI0OWYtZWEzMWE0OTQzY2Nl-30beb34e-41c8-48db-b49f-ea31a4943cce] Object was deleted but could not be found in the ZRC.
[http://chemistry.apache.org/YzE1ZWU1NWQtMDc3My00NDhhLWJlMmMtZWQ2ODc3MzQ0MWM4-c15ee55d-0773-448a-be2c-ed68773441c8] Object was deleted but could not be found in the ZRC.
[http://chemistry.apache.org/MzEyY2QzYWQtN2JkOS00ZDJmLTg3Y2QtZjFlOTNkZmI0NDY3-312cd3ad-7bd9-4d2f-87cd-f1e93dfb4467] Object was deleted but could not be found in the ZRC.
[http://chemistry.apache.org/YWE1YzIwYjktZGQ3ZS00ODBhLTlhNzgtNWUzYWYxM2E0ODk0-aa5c20b9-dd7e-480a-9a78-5e3af13a4894] Object was created but could not be found in the DRC.
[http://chemistry.apache.org/OTc5NDg0YzktYzYyOS00ZTBmLTgyZjUtMzIxZWNiNWRiMzY2-979484c9-c629-4e0f-82f5-321ecb5db366] Object was created but could not be found in the DRC.
[http://chemistry.apache.org/NjBiMWY5YzQtNTc3Zi00ZjhhLWFmNmQtMWM1Mjc4ZDA2OTQw-60b1f9c4-577f-4f8a-af6d-1c5278d06940] Object was created but could not be found in the DRC.
[http://chemistry.apache.org/NTE4YTVjNmYtYjZjZi00NDQzLWEyZDAtZDFjYjc5ZTllMWQyOzEuMA==-518a5c6f-b6cf-4443-a2d0-d1cb79e9e1d2] Object was created but could not be found in the DRC.
[http://chemistry.apache.org/NTE4YTVjNmYtYjZjZi00NDQzLWEyZDAtZDFjYjc5ZTllMWQyOzEuMA==-518a5c6f-b6cf-4443-a2d0-d1cb79e9e1d2] Object was updated but could not be found in the DRC.
[http://chemistry.apache.org/MTA4MzY3YmMtNWY4MC00NmFiLTljNzEtNDhiYTg3ZGViOGUxOzEuMA==-108367bc-5f80-46ab-9c71-48ba87deb8e1] Object was created but could not be found in the DRC.
[http://chemistry.apache.org/MTA4MzY3YmMtNWY4MC00NmFiLTljNzEtNDhiYTg3ZGViOGUxOzEuMA==-108367bc-5f80-46ab-9c71-48ba87deb8e1] Object was updated but could not be found in the DRC.
[http://chemistry.apache.org/MTA4MzY3YmMtNWY4MC00NmFiLTljNzEtNDhiYTg3ZGViOGUxOzEuMQ==-108367bc-5f80-46ab-9c71-48ba87deb8e1] Object was deleted but could not be found in the ZRC.
[http://chemistry.apache.org/NTE4YTVjNmYtYjZjZi00NDQzLWEyZDAtZDFjYjc5ZTllMWQyOzIuMA==-518a5c6f-b6cf-4443-a2d0-d1cb79e9e1d2] Object was deleted but could not be found in the ZRC.
[http://chemistry.apache.org/NjBiMWY5YzQtNTc3Zi00ZjhhLWFmNmQtMWM1Mjc4ZDA2OTQw-60b1f9c4-577f-4f8a-af6d-1c5278d06940] Object was deleted but could not be found in the ZRC.
[http://chemistry.apache.org/OTc5NDg0YzktYzYyOS00ZTBmLTgyZjUtMzIxZWNiNWRiMzY2-979484c9-c629-4e0f-82f5-321ecb5db366] Object was deleted but could not be found in the ZRC.
[http://chemistry.apache.org/YWE1YzIwYjktZGQ3ZS00ODBhLTlhNzgtNWUzYWYxM2E0ODk0-aa5c20b9-dd7e-480a-9a78-5e3af13a4894] Object was deleted but could not be found in the ZRC.
[http://chemistry.apache.org/OWUwMjUzNjYtNDNhMC00ZDAxLWE5NDYtNTFhMDk3ZjQ2ZDBj-9e025366-43a0-4d01-a946-51a097f46d0c] Object was created but could not be found in the DRC.
[http://chemistry.apache.org/NTFlZTMyODMtZTYzOS00NzVkLWIzZGQtYTkzM2QxZDNiZGJi-51ee3283-e639-475d-b3dd-a933d1d3bdbb] Object was created but could not be found in the DRC.
[http://chemistry.apache.org/ZDg5OTc2YTAtNWY4Mi00M2Q1LWE1YjctY2NjN2M2YjdjMGY5OzEuMA==-d89976a0-5f82-43d5-a5b7-ccc7c6b7c0f9] Object was created but could not be found in the DRC.
[http://chemistry.apache.org/ZDg5OTc2YTAtNWY4Mi00M2Q1LWE1YjctY2NjN2M2YjdjMGY5OzEuMA==-d89976a0-5f82-43d5-a5b7-ccc7c6b7c0f9] Object was updated but could not be found in the DRC.
]]>			</system-err>
		</testcase>
		<testcase classname="tests.tests.cmis_client.test_sync.CMISClientTests" file="tests/tests/cmis_client/test_sync.py" line="30" name="test_run_sync_twice_at_the_same_time" time="0.140" timestamp="2019-04-24T09:56:32">
			<system-out>
<![CDATA[]]>			</system-out>
			<system-err>
<![CDATA[]]>			</system-err>
		</testcase>
	</testsuite>
	<testsuite errors="0" failures="0" file="tests/tests/cmis_client/test_update_zaakdocument.py" name="tests.tests.cmis_client.test_update_zaakdocument.CMISClientTests-20190424095502" skipped="0" tests="5" time="5.157" timestamp="2019-04-24T09:56:37">
		<testcase classname="tests.tests.cmis_client.test_update_zaakdocument.CMISClientTests" file="tests/tests/cmis_client/test_update_zaakdocument.py" line="75" name="test_update_checked_out_zaakdocument" time="0.984" timestamp="2019-04-24T09:56:33">
			<system-out>
<![CDATA[]]>			</system-out>
			<system-err>
<![CDATA[]]>			</system-err>
		</testcase>
		<testcase classname="tests.tests.cmis_client.test_update_zaakdocument.CMISClientTests" file="tests/tests/cmis_client/test_update_zaakdocument.py" line="90" name="test_update_checked_out_zaakdocument_with_checkout_id" time="1.822" timestamp="2019-04-24T09:56:35">
			<system-out>
<![CDATA[]]>			</system-out>
			<system-err>
<![CDATA[]]>			</system-err>
		</testcase>
		<testcase classname="tests.tests.cmis_client.test_update_zaakdocument.CMISClientTests" file="tests/tests/cmis_client/test_update_zaakdocument.py" line="121" name="test_update_checked_out_zaakdocument_with_incorrect_checkout_id" time="1.026" timestamp="2019-04-24T09:56:36">
			<system-out>
<![CDATA[]]>			</system-out>
			<system-err>
<![CDATA[]]>			</system-err>
		</testcase>
		<testcase classname="tests.tests.cmis_client.test_update_zaakdocument.CMISClientTests" file="tests/tests/cmis_client/test_update_zaakdocument.py" line="47" name="test_update_zaakdocument_content" time="0.847" timestamp="2019-04-24T09:56:37">
			<system-out>
<![CDATA[]]>			</system-out>
			<system-err>
<![CDATA[]]>			</system-err>
		</testcase>
		<testcase classname="tests.tests.cmis_client.test_update_zaakdocument.CMISClientTests" file="tests/tests/cmis_client/test_update_zaakdocument.py" line="20" name="test_update_zaakdocument_only_props" time="0.479" timestamp="2019-04-24T09:56:37">
			<system-out>
<![CDATA[]]>			</system-out>
			<system-err>
<![CDATA[]]>			</system-err>
		</testcase>
	</testsuite>
	<testsuite errors="0" failures="0" file="tests/tests/cmis_client/test_zaakdocument.py" name="tests.tests.cmis_client.test_zaakdocument.CMISClientTests-20190424095502" skipped="0" tests="9" time="4.997" timestamp="2019-04-24T09:56:42">
		<testcase classname="tests.tests.cmis_client.test_zaakdocument.CMISClientTests" file="tests/tests/cmis_client/test_zaakdocument.py" line="129" name="test_lees_document" time="0.629" timestamp="2019-04-24T09:56:38">
			<system-out>
<![CDATA[]]>			</system-out>
			<system-err>
<![CDATA[]]>			</system-err>
		</testcase>
		<testcase classname="tests.tests.cmis_client.test_zaakdocument.CMISClientTests" file="tests/tests/cmis_client/test_zaakdocument.py" line="154" name="test_lees_document_bestaad_niet" time="0.226" timestamp="2019-04-24T09:56:38">
			<system-out>
<![CDATA[]]>			</system-out>
			<system-err>
<![CDATA[]]>			</system-err>
		</testcase>
		<testcase classname="tests.tests.cmis_client.test_zaakdocument.CMISClientTests" file="tests/tests/cmis_client/test_zaakdocument.py" line="25" name="test_maak_zaakdocument" time="0.462" timestamp="2019-04-24T09:56:38">
			<system-out>
<![CDATA[]]>			</system-out>
			<system-err>
<![CDATA[]]>			</system-err>
		</testcase>
		<testcase classname="tests.tests.cmis_client.test_zaakdocument.CMISClientTests" file="tests/tests/cmis_client/test_zaakdocument.py" line="63" name="test_maak_zaakdocument_met_gevulde_inhoud" time="0.460" timestamp="2019-04-24T09:56:39">
			<system-out>
<![CDATA[]]>			</system-out>
			<system-err>
<![CDATA[]]>			</system-err>
		</testcase>
		<testcase classname="tests.tests.cmis_client.test_zaakdocument.CMISClientTests" file="tests/tests/cmis_client/test_zaakdocument.py" line="95" name="test_maak_zaakdocument_met_sender_property" time="0.517" timestamp="2019-04-24T09:56:39">
			<system-out>
<![CDATA[]]>			</system-out>
			<system-err>
<![CDATA[]]>			</system-err>
		</testcase>
		<testcase classname="tests.tests.cmis_client.test_zaakdocument.CMISClientTests" file="tests/tests/cmis_client/test_zaakdocument.py" line="206" name="test_ontkoppel_zaakdocument" time="0.707" timestamp="2019-04-24T09:56:40">
			<system-out>
<![CDATA[]]>			</system-out>
			<system-err>
<![CDATA[]]>			</system-err>
		</testcase>
		<testcase classname="tests.tests.cmis_client.test_zaakdocument.CMISClientTests" file="tests/tests/cmis_client/test_zaakdocument.py" line="193" name="test_relateer_aan_zaak" time="0.753" timestamp="2019-04-24T09:56:41">
			<system-out>
<![CDATA[]]>			</system-out>
			<system-err>
<![CDATA[]]>			</system-err>
		</testcase>
		<testcase classname="tests.tests.cmis_client.test_zaakdocument.CMISClientTests" file="tests/tests/cmis_client/test_zaakdocument.py" line="216" name="test_verwijder_document" time="0.675" timestamp="2019-04-24T09:56:41">
			<system-out>
<![CDATA[]]>			</system-out>
			<system-err>
<![CDATA[]]>			</system-err>
		</testcase>
		<testcase classname="tests.tests.cmis_client.test_zaakdocument.CMISClientTests" file="tests/tests/cmis_client/test_zaakdocument.py" line="169" name="test_voeg_zaakdocument_toe" time="0.569" timestamp="2019-04-24T09:56:42">
			<system-out>
<![CDATA[]]>			</system-out>
			<system-err>
<![CDATA[]]>			</system-err>
		</testcase>
	</testsuite>
	<testsuite errors="0" failures="0" file="tests/tests/test_apps.py" name="tests.tests.test_apps.CheckCMISTests-20190424095502" skipped="0" tests="1" time="0.001" timestamp="2019-04-24T09:56:42">
		<testcase classname="tests.tests.test_apps.CheckCMISTests" file="tests/tests/test_apps.py" line="8" name="test_check_cmis" time="0.001" timestamp="2019-04-24T09:56:42">
			<system-out>
<![CDATA[]]>			</system-out>
			<system-err>
<![CDATA[]]>			</system-err>
		</testcase>
	</testsuite>
	<testsuite errors="0" failures="0" file="tests/tests/test_models.py" name="tests.tests.test_models.ModelTests-20190424095502" skipped="0" tests="5" time="0.032" timestamp="2019-04-24T09:56:42">
		<testcase classname="tests.tests.test_models.ModelTests" file="tests/tests/test_models.py" line="7" name="test_get_cmis_properties" time="0.008" timestamp="2019-04-24T09:56:42">
			<system-out>
<![CDATA[]]>			</system-out>
			<system-err>
<![CDATA[]]>			</system-err>
		</testcase>
		<testcase classname="tests.tests.test_models.ModelTests" file="tests/tests/test_models.py" line="25" name="test_get_cmis_properties_with_mapping" time="0.006" timestamp="2019-04-24T09:56:42">
			<system-out>
<![CDATA[]]>			</system-out>
			<system-err>
<![CDATA[]]>			</system-err>
		</testcase>
		<testcase classname="tests.tests.test_models.ModelTests" file="tests/tests/test_models.py" line="30" name="test_get_cmis_properties_with_none_values" time="0.007" timestamp="2019-04-24T09:56:42">
			<system-out>
<![CDATA[]]>			</system-out>
			<system-err>
<![CDATA[]]>			</system-err>
		</testcase>
		<testcase classname="tests.tests.test_models.ModelTests" file="tests/tests/test_models.py" line="35" name="test_get_cmis_properties_with_none_values_allow_none_false" time="0.006" timestamp="2019-04-24T09:56:42">
			<system-out>
<![CDATA[]]>			</system-out>
			<system-err>
<![CDATA[]]>			</system-err>
		</testcase>
		<testcase classname="tests.tests.test_models.ModelTests" file="tests/tests/test_models.py" line="40" name="test_update_cmis_properties" time="0.005" timestamp="2019-04-24T09:56:42">
			<system-out>
<![CDATA[]]>			</system-out>
			<system-err>
<![CDATA[]]>			</system-err>
		</testcase>
	</testsuite>
	<testsuite errors="0" failures="0" file="tests/tests/test_storage.py" name="tests.tests.test_storage.BinaureInhoudTests-20190424095502" skipped="0" tests="2" time="0.002" timestamp="2019-04-24T09:56:42">
		<testcase classname="tests.tests.test_storage.BinaureInhoudTests" file="tests/tests/test_storage.py" line="9" name="test_to_cmis" time="0.001" timestamp="2019-04-24T09:56:42">
			<system-out>
<![CDATA[]]>			</system-out>
			<system-err>
<![CDATA[]]>			</system-err>
		</testcase>
		<testcase classname="tests.tests.test_storage.BinaureInhoudTests" file="tests/tests/test_storage.py" line="13" name="test_to_cmis_with_inhoud" time="0.001" timestamp="2019-04-24T09:56:42">
			<system-out>
<![CDATA[]]>			</system-out>
			<system-err>
<![CDATA[]]>			</system-err>
		</testcase>
	</testsuite>
	<testsuite errors="0" failures="0" file="tests/tests/test_utils.py" name="tests.tests.test_utils.UtilsTests-20190424095502" skipped="0" tests="9" time="0.588" timestamp="2019-04-24T09:56:43">
		<testcase classname="tests.tests.test_utils.UtilsTests" file="tests/tests/test_utils.py" line="31" name="test_folder_config_no_params" time="0.057" timestamp="2019-04-24T09:56:42">
			<system-out>
<![CDATA[]]>			</system-out>
			<system-err>
<![CDATA[]]>			</system-err>
		</testcase>
		<testcase classname="tests.tests.test_utils.UtilsTests" file="tests/tests/test_utils.py" line="41" name="test_folder_config_with_name" time="0.067" timestamp="2019-04-24T09:56:42">
			<system-out>
<![CDATA[]]>			</system-out>
			<system-err>
<![CDATA[]]>			</system-err>
		</testcase>
		<testcase classname="tests.tests.test_utils.UtilsTests" file="tests/tests/test_utils.py" line="37" name="test_folder_config_with_type" time="0.113" timestamp="2019-04-24T09:56:42">
			<system-out>
<![CDATA[]]>			</system-out>
			<system-err>
<![CDATA[]]>			</system-err>
		</testcase>
		<testcase classname="tests.tests.test_utils.UtilsTests" file="tests/tests/test_utils.py" line="45" name="test_folder_config_with_type_and_name" time="0.075" timestamp="2019-04-24T09:56:42">
			<system-out>
<![CDATA[]]>			</system-out>
			<system-err>
<![CDATA[]]>			</system-err>
		</testcase>
		<testcase classname="tests.tests.test_utils.UtilsTests" file="tests/tests/test_utils.py" line="27" name="test_get_cmis_object_id" time="0.056" timestamp="2019-04-24T09:56:42">
			<system-out>
<![CDATA[]]>			</system-out>
			<system-err>
<![CDATA[]]>			</system-err>
		</testcase>
		<testcase classname="tests.tests.test_utils.UtilsTests" file="tests/tests/test_utils.py" line="11" name="test_get_cmis_object_id_parts" time="0.054" timestamp="2019-04-24T09:56:42">
			<system-out>
<![CDATA[]]>			</system-out>
			<system-err>
<![CDATA[]]>			</system-err>
		</testcase>
		<testcase classname="tests.tests.test_utils.UtilsTests" file="tests/tests/test_utils.py" line="19" name="test_get_cmis_object_id_parts_with_path" time="0.059" timestamp="2019-04-24T09:56:43">
			<system-out>
<![CDATA[]]>			</system-out>
			<system-err>
<![CDATA[]]>			</system-err>
		</testcase>
		<testcase classname="tests.tests.test_utils.UtilsTests" file="tests/tests/test_utils.py" line="15" name="test_get_cmis_object_id_parts_with_version" time="0.054" timestamp="2019-04-24T09:56:43">
			<system-out>
<![CDATA[]]>			</system-out>
			<system-err>
<![CDATA[]]>			</system-err>
		</testcase>
		<testcase classname="tests.tests.test_utils.UtilsTests" file="tests/tests/test_utils.py" line="23" name="test_get_cmis_object_id_parts_with_version_and_path" time="0.053" timestamp="2019-04-24T09:56:43">
			<system-out>
<![CDATA[]]>			</system-out>
			<system-err>
<![CDATA[]]>			</system-err>
		</testcase>
	</testsuite>
	<testsuite errors="0" failures="0" file="tests/tests/test_views.py" name="tests.tests.test_views.DownloadFileViewTests-20190424095502" skipped="0" tests="2" time="0.495" timestamp="2019-04-24T09:56:43">
		<testcase classname="tests.tests.test_views.DownloadFileViewTests" file="tests/tests/test_views.py" line="22" name="test_download_file" time="0.419" timestamp="2019-04-24T09:56:43">
			<system-out>
<![CDATA[]]>			</system-out>
			<system-err>
<![CDATA[]]>			</system-err>
		</testcase>
		<testcase classname="tests.tests.test_views.DownloadFileViewTests" file="tests/tests/test_views.py" line="16" name="test_download_file_404" time="0.075" timestamp="2019-04-24T09:56:43">
			<system-out>
<![CDATA[]]>			</system-out>
			<system-err>
<![CDATA[]]>			</system-err>
		</testcase>
	</testsuite>
</testsuites>
